
running 1 test
{"phase":"identity","case":"duel","revision":289,"profile":"local-289 · 127.0.0.1:44594 · revision 289","cache_id":"c4d8ab36bcfd2a7907535b4f619e28623b0a22e98d496fd2a9620d544c5b5b09","nav_pack":"/Users/acfrazier/experiments/274bot/.worktrees/rs2b0t-multirevision/.superpowers/world-capabilities/289/274bot.navpack","nav_sha256":"131db92e32eddcb08148909d477589544320fe7e34a422e8004e97e888032924","catalog_commit":"100adccc037d9f6898080e1cad58fcfc43364775","catalog_identity":"pre-289 frozen catalog","catalog_read_only_path":".superpowers/inputs/rs2b0t-100adccc037d9f6898080e1cad58fcfc43364775","catalog_root":"/Users/acfrazier/experiments/274bot/.worktrees/rs2b0t-multirevision/.superpowers/inputs/rs2b0t-100adccc037d9f6898080e1cad58fcfc43364775","registry_path":"/Users/acfrazier/experiments/274bot/.worktrees/rs2b0t-multirevision/.superpowers/inputs/rs2b0t-100adccc037d9f6898080e1cad58fcfc43364775/src/bot/scripts/index.ts","registry_sha256":"b614aedb3d5adfdfbac3760f082273f3cf5c33fffe4ced0f2b01490ae02d1bc2","card":{"card":"Duel Arena Combat Trainer","source_path":"/Users/acfrazier/experiments/274bot/.worktrees/rs2b0t-multirevision/.superpowers/inputs/rs2b0t-100adccc037d9f6898080e1cad58fcfc43364775/src/bot/scripts/DuelArena/DuelArena.ts","source_sha256":"5656dabb30a47aac590fa1afadba19e689dd792d70da8dc4851e18d62e52d090","compiled_sha256":"15ef9a6f8fbc8fe49a75235bb81edd0d0557cc47c12b97bc1c1b7ffc960d176c","siblings":[{"module":"/rs2b0t/bot/scripts/bot/DuelArenaLogic.js","compiled_sha256":"eabc4391e3d45a79cfc139bb14fc02a6d6d67e8014fbb544b044563c7cd492bb"},{"module":"/rs2b0t/bot/scripts/bot/DuelInterface.js","compiled_sha256":"6b66ebc3e6851614d44aeeb2816a6410268d2fb826f50677dee027c63105dfd0"}]},"accounts":["livekww5ii_0","livekww5ii_1"],"gold_deadline_secs":180,"gold_watch_ticks":150}
[host-play] slot livekww5ii_1: thread up
[host-play] slot livekww5ii_0: thread up
274bot: snapshot load skipped: read /Users/acfrazier/.274bot/unpack-289/37214163f1e6ceca/models.bin: No such file or directory (os error 2)
274bot: snapshot load skipped: read /Users/acfrazier/.274bot/unpack-289/37214163f1e6ceca/models.bin: No such file or directory (os error 2)
[host-play] slot livekww5ii_0: handshake begin reconnect=false
[host-play] slot livekww5ii_1: handshake begin reconnect=false
[host-play] slot livekww5ii_0: handshake ok
[host-play] slot livekww5ii_1: handshake ok
[host] slot livekww5ii_1: d_loop_us=2332 d_raster_us=0 d_observe_us=12255 max_observe_us=693 d_paints=0 d_skips=50 d_ticks=1 window_ms=0
[host] slot livekww5ii_0: d_loop_us=779 d_raster_us=0 d_observe_us=16048 max_observe_us=918 d_paints=0 d_skips=50 d_ticks=1 window_ms=0
[host-play] slot livekww5ii_0: queued mainland tele+setvar (scene 2)
[host-play] slot livekww5ii_1: queued mainland tele+setvar (scene 2)
{"phase":"before-relog","account":"livekww5ii_1"}
{"phase":"before-relog","account":"livekww5ii_0"}
[host-play] slot livekww5ii_0: handshake begin reconnect=true
[host-play] slot livekww5ii_1: handshake begin reconnect=true
[host-play] slot livekww5ii_1: handshake ok
[host-play] slot livekww5ii_0: handshake ok
[host] slot livekww5ii_1: d_loop_us=1257 d_raster_us=0 d_observe_us=35583 max_observe_us=10394 d_paints=0 d_skips=50 d_ticks=1 window_ms=0
[host] slot livekww5ii_0: d_loop_us=1496 d_raster_us=0 d_observe_us=49665 max_observe_us=11681 d_paints=0 d_skips=50 d_ticks=1 window_ms=0
{"phase":"after-relog","account":"livekww5ii_1"}
[host-play] slot livekww5ii_1: queued mainland tele+setvar (scene 2)
{"phase":"seed-mutations-acknowledged","account":"livekww5ii_1","kind":"duel_bronze_scimitar_at_challenge_anchor","note":"seeded first supplies are distinct from later script-caused bank withdrawal/return/transfer"}
{"phase":"after-relog","account":"livekww5ii_0"}
[host-play] slot livekww5ii_0: queued mainland tele+setvar (scene 2)
{"phase":"seed-mutations-acknowledged","account":"livekww5ii_0","kind":"duel_bronze_scimitar_at_challenge_anchor","note":"seeded first supplies are distinct from later script-caused bank withdrawal/return/transfer"}
{"phase":"baseline-after-preparation","account":"livekww5ii_1","observation":{"ingame":true,"scene_state":2,"inventory_tab_available":true,"player":"Livekww5ii 1","tile":[3368,3274,0],"tick":10,"attack_xp":0,"strength_xp":0,"defence_xp":0,"hitpoints_xp":1154,"in_combat":false,"in_challenge_area":true,"in_fight_pen":false,"main_modal":-1,"duel_offer_open":false,"duel_confirm_open":false,"duel_win_open":false,"duel_partner":null,"waiting_for_other":false,"weapon_equipped":true,"peer_visible":true}}
[script livekww5ii_1] start load
{"phase":"start","account":"livekww5ii_1","kind":"duel","settings":{"targetAttack":99.0,"targetStrength":99.0,"targetDefence":1.0}}
[host] hitch livekww5ii_0: observe_us=79393 paints=0 skips=83 ticks=11
[host] hitch livekww5ii_1: observe_us=91811 paints=0 skips=85 ticks=10
[script livekww5ii_1] tick 17: not impl: BotHost.addTickListener
[script livekww5ii_1] Duel Arena trainer starting — melee only; targets Attack 99, Strength 99, Defence 1; challenges every 5s
{"phase":"witness","air_a":null,"air_b":null,"duel_a":null,"duel_b":{"account":"livekww5ii_1","expected_player":"Livekww5ii 1","partner":"Livekww5ii 0","settings":{"targetAttack":99.0,"targetStrength":99.0,"targetDefence":1.0},"baseline":{"ingame":true,"scene_state":2,"inventory_tab_available":true,"player":"Livekww5ii 1","tile":[3368,3274,0],"tick":10,"attack_xp":0,"strength_xp":0,"defence_xp":0,"hitpoints_xp":1154,"in_combat":false,"in_challenge_area":true,"in_fight_pen":false,"main_modal":-1,"duel_offer_open":false,"duel_confirm_open":false,"duel_win_open":false,"duel_partner":null,"waiting_for_other":false,"weapon_equipped":true,"peer_visible":true},"latest":{"ingame":true,"scene_state":2,"inventory_tab_available":true,"player":"Livekww5ii 1","tile":[3368,3274,0],"tick":11,"attack_xp":0,"strength_xp":0,"defence_xp":0,"hitpoints_xp":1154,"in_combat":false,"in_challenge_area":true,"in_fight_pen":false,"main_modal":-1,"duel_offer_open":false,"duel_confirm_open":false,"duel_win_open":false,"duel_partner":null,"waiting_for_other":false,"weapon_equipped":true,"peer_visible":true},"post_start":2,"mixed_identity":false,"saw_offer":false,"saw_confirm":false,"saw_wrong_partner":false,"saw_pen":false,"saw_combat":false,"saw_win_or_lobby_return":false,"melee_xp_from_script":0,"further_combat":false}}
{"phase":"baseline-after-preparation","account":"livekww5ii_0","observation":{"ingame":true,"scene_state":2,"inventory_tab_available":true,"player":"Livekww5ii 0","tile":[3368,3274,0],"tick":11,"attack_xp":0,"strength_xp":0,"defence_xp":0,"hitpoints_xp":1154,"in_combat":false,"in_challenge_area":true,"in_fight_pen":false,"main_modal":-1,"duel_offer_open":false,"duel_confirm_open":false,"duel_win_open":false,"duel_partner":null,"waiting_for_other":false,"weapon_equipped":true,"peer_visible":true}}
[script livekww5ii_0] start load
{"phase":"start","account":"livekww5ii_0","kind":"duel","settings":{"targetAttack":99.0,"targetStrength":99.0,"targetDefence":1.0}}
[host] hitch livekww5ii_0: observe_us=66403 paints=0 skips=85 ticks=11
[host] hitch livekww5ii_1: observe_us=65201 paints=0 skips=88 ticks=11
FAIL: paired_catalog_duel_live: script error on livekww5ii_1: tick 17: not impl: BotHost.addTickListener
