
running 1 test
{"phase":"identity","revision":274,"profile":"local-274 · 127.0.0.1:43594 · revision 274","cache_id":"4aac9b63312dcb75d5de8f686772d083ba0808c57985438246edf21ef522be1c","nav_pack":"/Users/acfrazier/experiments/274bot/.worktrees/rs2b0t-multirevision/.superpowers/world-capabilities/274/274bot.navpack","nav_sha256":"05db24743e9f549ced16c1f00b87c30a390d3aaec391815da3f3563130b3bcd4","catalog_commit":"8e7d965be2071d6ec65c3265e12af797082d720a","catalog_identity":"289-updated frozen catalog","catalog_read_only_path":".superpowers/inputs/rs2b0t-8e7d965be2071d6ec65c3265e12af797082d720a","catalog_root":"/Users/acfrazier/experiments/274bot/.worktrees/rs2b0t-multirevision/.superpowers/inputs/rs2b0t-8e7d965be2071d6ec65c3265e12af797082d720a","registry_path":"/Users/acfrazier/experiments/274bot/.worktrees/rs2b0t-multirevision/.superpowers/inputs/rs2b0t-8e7d965be2071d6ec65c3265e12af797082d720a/src/bot/scripts/index.ts","registry_sha256":"b614aedb3d5adfdfbac3760f082273f3cf5c33fffe4ced0f2b01490ae02d1bc2","card":{"card":"GnomeCourse","source_path":"/Users/acfrazier/experiments/274bot/.worktrees/rs2b0t-multirevision/.superpowers/inputs/rs2b0t-8e7d965be2071d6ec65c3265e12af797082d720a/src/bot/scripts/AgilityBot/AgilityBot.ts","source_sha256":"dee7c8885685724b0453097a0cf6a66d36a4d081e24157f29d35c742c518028f","compiled_sha256":"362ade4092203b516513739a42132b75695f8f8b336f63bae601a7ce64660c24","siblings":[],"settings":{"obstacles":"Log balance,Obstacle net,Tree branch,Balancing rope,Tree branch,Obstacle net,Obstacle pipe","searchRadius":20.0}},"account":"liveoh4wv0_0","engine_speed_ms":null}
[host-play] slot liveoh4wv0_0: thread up
274bot: loaded snapshot (4556 models, 336 anim records)
[host-play] slot liveoh4wv0_0: handshake begin reconnect=false
[host-play] slot liveoh4wv0_0: handshake ok
[host-play] slot liveoh4wv0_0: queued mainland tele+setvar (scene 2)
[host] slot liveoh4wv0_0: d_loop_us=7521 d_raster_us=0 d_observe_us=31567 max_observe_us=2745 d_paints=0 d_skips=50 d_ticks=5 window_ms=0
[host-play] slot liveoh4wv0_0: handshake begin reconnect=true
[host-play] slot liveoh4wv0_0: handshake ok
[host] slot liveoh4wv0_0: d_loop_us=844 d_raster_us=0 d_observe_us=34500 max_observe_us=2944 d_paints=0 d_skips=50 d_ticks=1 window_ms=0
[host-play] slot liveoh4wv0_0: queued mainland tele+setvar (scene 2)
{"phase":"baseline-after-preparation","scenario":"gnome_course","account":"liveoh4wv0_0","observation":{"ingame":true,"scene_state":2,"player":"Liveoh4wv0 0","tile":[2474,3436,0],"tick":15,"items":{},"item_ids":{},"bank":{},"bank_ids":{},"bank_open":false,"bank_loaded":false,"bank_generation":0,"levels":{"-unused-":0,"agility":1,"attack":1,"cooking":1,"crafting":1,"defence":1,"firemaking":1,"fishing":1,"fletching":1,"herblore":1,"hitpoints":10,"magic":1,"mining":1,"prayer":1,"ranged":1,"runecraft":1,"slayer":1,"smithing":1,"strength":1,"thieving":1,"woodcutting":1},"xp":{"-unused-":0,"agility":0,"attack":0,"cooking":0,"crafting":0,"defence":0,"firemaking":0,"fishing":0,"fletching":0,"herblore":0,"hitpoints":1154,"magic":0,"mining":0,"prayer":0,"ranged":0,"runecraft":0,"slayer":0,"smithing":0,"strength":0,"thieving":0,"woodcutting":0},"chat":[[6,"set tutorial: to 1000"],[5,"Welcome to RuneScape."]],"loc_facts":[],"equipment_ids":{}}}
[script liveoh4wv0_0] start load
{"phase":"start","account":"liveoh4wv0_0","count":1}
[host] hitch liveoh4wv0_0: observe_us=80161 paints=0 skips=86 ticks=15
[script liveoh4wv0_0] running agility course: [log balance -> obstacle net -> tree branch -> balancing rope -> tree branch -> obstacle net -> obstacle pipe] within 20 tiles
[script liveoh4wv0_0] interact Loc { x: 2474, z: 3435, level: 0, action: "Walk-across" }
[host] slot liveoh4wv0_0: d_loop_us=18557 d_raster_us=0 d_observe_us=147959 max_observe_us=80161 d_paints=0 d_skips=50 d_ticks=15 window_ms=9309
[host] slot liveoh4wv0_0: d_loop_us=1049 d_raster_us=0 d_observe_us=52890 max_observe_us=12164 d_paints=0 d_skips=50 d_ticks=2 window_ms=1181
[host] slot liveoh4wv0_0: d_loop_us=966 d_raster_us=0 d_observe_us=48452 max_observe_us=9940 d_paints=0 d_skips=50 d_ticks=2 window_ms=1184
[host] slot liveoh4wv0_0: d_loop_us=1024 d_raster_us=0 d_observe_us=57260 max_observe_us=12722 d_paints=0 d_skips=50 d_ticks=2 window_ms=1184
[host] slot liveoh4wv0_0: d_loop_us=1211 d_raster_us=0 d_observe_us=53054 max_observe_us=11810 d_paints=0 d_skips=50 d_ticks=2 window_ms=1191
[host] slot liveoh4wv0_0: d_loop_us=1123 d_raster_us=0 d_observe_us=52507 max_observe_us=9331 d_paints=0 d_skips=50 d_ticks=2 window_ms=1188
[script liveoh4wv0_0] interact Loc { x: 2471, z: 3425, level: 0, action: "Climb-over" }
[host] slot liveoh4wv0_0: d_loop_us=1050 d_raster_us=0 d_observe_us=54250 max_observe_us=12303 d_paints=0 d_skips=50 d_ticks=2 window_ms=1202
[host] slot liveoh4wv0_0: d_loop_us=984 d_raster_us=0 d_observe_us=53092 max_observe_us=12522 d_paints=0 d_skips=50 d_ticks=2 window_ms=1184
[host] slot liveoh4wv0_0: d_loop_us=4682 d_raster_us=0 d_observe_us=60780 max_observe_us=9848 d_paints=0 d_skips=50 d_ticks=2 window_ms=1198
[host] slot liveoh4wv0_0: d_loop_us=748 d_raster_us=0 d_observe_us=35900 max_observe_us=6256 d_paints=0 d_skips=50 d_ticks=2 window_ms=1191
[script liveoh4wv0_0] interact Loc { x: 2473, z: 3422, level: 1, action: "Climb" }
[host] slot liveoh4wv0_0: d_loop_us=860 d_raster_us=0 d_observe_us=40935 max_observe_us=9879 d_paints=0 d_skips=50 d_ticks=2 window_ms=1191
[host] slot liveoh4wv0_0: d_loop_us=902 d_raster_us=0 d_observe_us=37963 max_observe_us=6142 d_paints=0 d_skips=50 d_ticks=2 window_ms=1207
[host] slot liveoh4wv0_0: d_loop_us=3537 d_raster_us=0 d_observe_us=48011 max_observe_us=8054 d_paints=0 d_skips=50 d_ticks=2 window_ms=1186
[script liveoh4wv0_0] interact Loc { x: 2478, z: 3420, level: 2, action: "Walk-on" }
[host] slot liveoh4wv0_0: d_loop_us=740 d_raster_us=0 d_observe_us=38274 max_observe_us=5940 d_paints=0 d_skips=50 d_ticks=2 window_ms=1205
[host] slot liveoh4wv0_0: d_loop_us=744 d_raster_us=0 d_observe_us=35059 max_observe_us=6175 d_paints=0 d_skips=50 d_ticks=2 window_ms=1193
[host] slot liveoh4wv0_0: d_loop_us=795 d_raster_us=0 d_observe_us=38776 max_observe_us=6938 d_paints=0 d_skips=50 d_ticks=2 window_ms=1173
[host] slot liveoh4wv0_0: d_loop_us=900 d_raster_us=0 d_observe_us=37743 max_observe_us=7936 d_paints=0 d_skips=50 d_ticks=2 window_ms=1200
[host] slot liveoh4wv0_0: d_loop_us=708 d_raster_us=0 d_observe_us=39189 max_observe_us=7436 d_paints=0 d_skips=50 d_ticks=2 window_ms=1207
[host] slot liveoh4wv0_0: d_loop_us=794 d_raster_us=0 d_observe_us=34616 max_observe_us=5860 d_paints=0 d_skips=50 d_ticks=2 window_ms=1192
[host] slot liveoh4wv0_0: d_loop_us=700 d_raster_us=0 d_observe_us=33473 max_observe_us=5522 d_paints=0 d_skips=50 d_ticks=2 window_ms=1190
[script liveoh4wv0_0] interact Loc { x: 2486, z: 3419, level: 2, action: "Climb-down" }
[host] slot liveoh4wv0_0: d_loop_us=801 d_raster_us=0 d_observe_us=29877 max_observe_us=5270 d_paints=0 d_skips=50 d_ticks=2 window_ms=1196
[host] slot liveoh4wv0_0: d_loop_us=761 d_raster_us=0 d_observe_us=29542 max_observe_us=4420 d_paints=0 d_skips=50 d_ticks=2 window_ms=1195
[host] slot liveoh4wv0_0: d_loop_us=4611 d_raster_us=0 d_observe_us=63257 max_observe_us=11848 d_paints=0 d_skips=50 d_ticks=2 window_ms=1198
[script liveoh4wv0_0] interact Loc { x: 2483, z: 3426, level: 0, action: "Climb-over" }
[host] slot liveoh4wv0_0: d_loop_us=947 d_raster_us=0 d_observe_us=51414 max_observe_us=9113 d_paints=0 d_skips=50 d_ticks=2 window_ms=1192
[host] slot liveoh4wv0_0: d_loop_us=949 d_raster_us=0 d_observe_us=63609 max_observe_us=15188 d_paints=0 d_skips=50 d_ticks=2 window_ms=1191
[host] slot liveoh4wv0_0: d_loop_us=1053 d_raster_us=0 d_observe_us=56446 max_observe_us=14254 d_paints=0 d_skips=50 d_ticks=2 window_ms=1200
[host] slot liveoh4wv0_0: d_loop_us=1135 d_raster_us=0 d_observe_us=56422 max_observe_us=13095 d_paints=0 d_skips=50 d_ticks=2 window_ms=1175
[script liveoh4wv0_0] interact Loc { x: 2484, z: 3431, level: 0, action: "Squeeze-through" }
[host] slot liveoh4wv0_0: d_loop_us=1208 d_raster_us=0 d_observe_us=52966 max_observe_us=9265 d_paints=0 d_skips=50 d_ticks=2 window_ms=1161
[host] slot liveoh4wv0_0: d_loop_us=1049 d_raster_us=0 d_observe_us=61006 max_observe_us=13839 d_paints=0 d_skips=50 d_ticks=2 window_ms=1187
[host] slot liveoh4wv0_0: d_loop_us=1173 d_raster_us=0 d_observe_us=60880 max_observe_us=13051 d_paints=0 d_skips=50 d_ticks=2 window_ms=1162
[host] slot liveoh4wv0_0: d_loop_us=1006 d_raster_us=0 d_observe_us=53153 max_observe_us=8495 d_paints=0 d_skips=50 d_ticks=2 window_ms=1188
test catalog_boundary_live has been running for over 60 seconds
[host] slot liveoh4wv0_0: d_loop_us=1100 d_raster_us=0 d_observe_us=55301 max_observe_us=10469 d_paints=0 d_skips=50 d_ticks=2 window_ms=1169
[host] hitch liveoh4wv0_0: observe_us=16554 paints=0 skips=1674 ticks=79
[host] slot liveoh4wv0_0: d_loop_us=1498 d_raster_us=0 d_observe_us=78647 max_observe_us=16554 d_paints=0 d_skips=50 d_ticks=2 window_ms=1204
[host] hitch liveoh4wv0_0: observe_us=16971 paints=0 skips=1724 ticks=81
[host] hitch liveoh4wv0_0: observe_us=20189 paints=0 skips=1749 ticks=82
[host] slot liveoh4wv0_0: d_loop_us=1259 d_raster_us=0 d_observe_us=88482 max_observe_us=20189 d_paints=0 d_skips=50 d_ticks=2 window_ms=1186
[host] slot liveoh4wv0_0: d_loop_us=1004 d_raster_us=0 d_observe_us=48338 max_observe_us=9329 d_paints=0 d_skips=50 d_ticks=2 window_ms=1178
[host] hitch liveoh4wv0_0: observe_us=20361 paints=0 skips=1800 ticks=84
[host] slot liveoh4wv0_0: d_loop_us=1201 d_raster_us=0 d_observe_us=80153 max_observe_us=20361 d_paints=0 d_skips=50 d_ticks=1 window_ms=1172
[host] hitch liveoh4wv0_0: observe_us=18479 paints=0 skips=1851 ticks=86
[host] hitch liveoh4wv0_0: observe_us=18489 paints=0 skips=1876 ticks=87
[host] slot liveoh4wv0_0: d_loop_us=1151 d_raster_us=0 d_observe_us=90232 max_observe_us=18489 d_paints=0 d_skips=50 d_ticks=2 window_ms=1191
[script liveoh4wv0_0] lap 1 complete
[script liveoh4wv0_0] interact ContinueDialog
[host] slot liveoh4wv0_0: d_loop_us=1360 d_raster_us=0 d_observe_us=82706 max_observe_us=14336 d_paints=0 d_skips=50 d_ticks=2 window_ms=1175
[script liveoh4wv0_0] interact Loc { x: 2474, z: 3435, level: 0, action: "Walk-across" }
[host] slot liveoh4wv0_0: d_loop_us=1197 d_raster_us=0 d_observe_us=67961 max_observe_us=15149 d_paints=0 d_skips=50 d_ticks=2 window_ms=1179
[host] hitch liveoh4wv0_0: observe_us=16416 paints=0 skips=2003 ticks=92
[host] hitch liveoh4wv0_0: observe_us=17702 paints=0 skips=2029 ticks=93
[host] slot liveoh4wv0_0: d_loop_us=1501 d_raster_us=0 d_observe_us=82747 max_observe_us=17702 d_paints=0 d_skips=50 d_ticks=2 window_ms=1174
[host] hitch liveoh4wv0_0: observe_us=22776 paints=0 skips=2054 ticks=94
[host] hitch liveoh4wv0_0: observe_us=18132 paints=0 skips=2080 ticks=95
[host] slot liveoh4wv0_0: d_loop_us=1454 d_raster_us=0 d_observe_us=94291 max_observe_us=22776 d_paints=0 d_skips=50 d_ticks=2 window_ms=1191
[host] hitch liveoh4wv0_0: observe_us=24011 paints=0 skips=2105 ticks=96
[host] slot liveoh4wv0_0: d_loop_us=1286 d_raster_us=0 d_observe_us=88137 max_observe_us=24011 d_paints=0 d_skips=50 d_ticks=2 window_ms=1204
[host] hitch liveoh4wv0_0: observe_us=22322 paints=0 skips=2155 ticks=98
[host] slot liveoh4wv0_0: d_loop_us=1400 d_raster_us=0 d_observe_us=86200 max_observe_us=22322 d_paints=0 d_skips=50 d_ticks=2 window_ms=1170
[host] slot liveoh4wv0_0: d_loop_us=1244 d_raster_us=0 d_observe_us=75979 max_observe_us=15008 d_paints=0 d_skips=50 d_ticks=2 window_ms=1185
[host] hitch liveoh4wv0_0: observe_us=17336 paints=0 skips=2256 ticks=102
[host] hitch liveoh4wv0_0: observe_us=18854 paints=0 skips=2281 ticks=103
[host] slot liveoh4wv0_0: d_loop_us=1149 d_raster_us=0 d_observe_us=86134 max_observe_us=18854 d_paints=0 d_skips=50 d_ticks=2 window_ms=1193
[host] hitch liveoh4wv0_0: observe_us=24283 paints=0 skips=2307 ticks=104
PASS: catalog_boundary_live: {"scenario":"gnome_course","runner":"Some(Evidence { scenario: \"gnome_course\", outcome: \"PASS\", predicate: \"stat_xp_gain(16)>=94\", ticks: 153, elapsed_ms: 74127, message: None, tile: Some([2474, 3429, 0]), inv: [], stat: Some(StatRow { runenergy: 94 }), chat: [ChatRow { text: \"...You make it safely to the other side.\", username: None }, ChatRow { text: \"You walk carefully across the slippery log...\", username: None }, ChatRow { text: \"Congratulations, you just advanced an agility level.\", username: None }, ChatRow { text: \"You climb the netting...\", username: None }, ChatRow { text: \"You land on the ground.\", username: None }, ChatRow { text: \"You climb down the tree...\", username: None }, ChatRow { text: \"You carefully cross the tightrope.\", username: None }, ChatRow { text: \"...To the platform above.\", username: None }, ChatRow { text: \"You climb the tree..\", username: None }, ChatRow { text: \"You climb the netting...\", username: None }, ChatRow { text: \"...You make it safely to the other side.\", username: None }, ChatRow { text: \"You walk carefully across the slippery log...\", username: None }, ChatRow { text: \"set tutorial: to 1000\", username: None }, ChatRow { text: \"Welcome to RuneScape.\", username: None }], scene: 2 })","core":{"case":"gnome_course","baseline":{"ingame":true,"scene_state":2,"player":"Liveoh4wv0 0","tile":[2474,3436,0],"tick":15,"items":{},"item_ids":{},"bank":{},"bank_ids":{},"bank_open":false,"bank_loaded":false,"bank_generation":0,"levels":{"-unused-":0,"agility":1,"attack":1,"cooking":1,"crafting":1,"defence":1,"firemaking":1,"fishing":1,"fletching":1,"herblore":1,"hitpoints":10,"magic":1,"mining":1,"prayer":1,"ranged":1,"runecraft":1,"slayer":1,"smithing":1,"strength":1,"thieving":1,"woodcutting":1},"xp":{"-unused-":0,"agility":0,"attack":0,"cooking":0,"crafting":0,"defence":0,"firemaking":0,"fishing":0,"fletching":0,"herblore":0,"hitpoints":1154,"magic":0,"mining":0,"prayer":0,"ranged":0,"runecraft":0,"slayer":0,"smithing":0,"strength":0,"thieving":0,"woodcutting":0},"chat":[[6,"set tutorial: to 1000"],[5,"Welcome to RuneScape."]],"loc_facts":[],"equipment_ids":{}},"latest":{"ingame":true,"scene_state":2,"player":"Liveoh4wv0 0","tile":[2474,3429,0],"tick":105,"items":{},"item_ids":{},"bank":{},"bank_ids":{},"bank_open":false,"bank_loaded":false,"bank_generation":0,"levels":{"-unused-":0,"agility":2,"attack":1,"cooking":1,"crafting":1,"defence":1,"firemaking":1,"fishing":1,"fletching":1,"herblore":1,"hitpoints":10,"magic":1,"mining":1,"prayer":1,"ranged":1,"runecraft":1,"slayer":1,"smithing":1,"strength":1,"thieving":1,"woodcutting":1},"xp":{"-unused-":0,"agility":94,"attack":0,"cooking":0,"crafting":0,"defence":0,"firemaking":0,"fishing":0,"fletching":0,"herblore":0,"hitpoints":1154,"magic":0,"mining":0,"prayer":0,"ranged":0,"runecraft":0,"slayer":0,"smithing":0,"strength":0,"thieving":0,"woodcutting":0},"chat":[[18,"...You make it safely to the other side."],[17,"You walk carefully across the slippery log..."],[16,"Congratulations, you just advanced an agility level."],[15,"You climb the netting..."],[14,"You land on the ground."],[13,"You climb down the tree..."],[12,"You carefully cross the tightrope."],[11,"...To the platform above."],[10,"You climb the tree.."],[9,"You climb the netting..."],[8,"...You make it safely to the other side."],[7,"You walk carefully across the slippery log..."],[6,"set tutorial: to 1000"],[5,"Welcome to RuneScape."]],"loc_facts":[],"equipment_ids":{}},"max_items":{},"max_xp":{"-unused-":0,"agility":94,"attack":0,"cooking":0,"crafting":0,"defence":0,"firemaking":0,"fishing":0,"fletching":0,"herblore":0,"hitpoints":1154,"magic":0,"mining":0,"prayer":0,"ranged":0,"runecraft":0,"slayer":0,"smithing":0,"strength":0,"thieving":0,"woodcutting":0},"saw_bury_chat":false,"post_start_observations":2248,"bone_bank_cycle":{"first_batch_buried":false,"opened":null,"withdrawn":null,"buried_after_withdrawal":false},"bank_fletcher_cycle":{"first_pack_created":false,"deposited":null,"withdrawn":null,"crafted_after_withdrawal":false},"bank_fletcher_string_cycle":{"initial_pairs_strung":false,"deposited":null,"withdrawn":null,"strung_after_withdrawal":false},"bank_fletcher_cut_string_cycle":{"cut_pair_created":false,"deposited":null,"withdrawn":null,"string_pair_created":false},"alcher_generated_custom_cycle":{"withdrawn":null,"consumed":false},"dart_fletcher_cycle":{"first":null,"further":false,"wrong_tier":false},"herb_cleaner_cycle":{"first_pack":false,"deposited":null,"withdrawn":null,"cleaned_after_withdrawal":false,"filter_violated":false},"gem_cutter_cycle":{"first_pack":false,"deposited":null,"withdrawn":null,"cut_after_withdrawal":false,"filter_violated":false},"door_opener_cycle":{"selected":null,"opened":false},"gnome_course_cycle":{"log":{"ingame":true,"scene_state":2,"player":"Liveoh4wv0 0","tile":[2474,3429,0],"tick":24,"items":{},"item_ids":{},"bank":{},"bank_ids":{},"bank_open":false,"bank_loaded":false,"bank_generation":0,"levels":{"-unused-":0,"agility":1,"attack":1,"cooking":1,"crafting":1,"defence":1,"firemaking":1,"fishing":1,"fletching":1,"herblore":1,"hitpoints":10,"magic":1,"mining":1,"prayer":1,"ranged":1,"runecraft":1,"slayer":1,"smithing":1,"strength":1,"thieving":1,"woodcutting":1},"xp":{"-unused-":0,"agility":7,"attack":0,"cooking":0,"crafting":0,"defence":0,"firemaking":0,"fishing":0,"fletching":0,"herblore":0,"hitpoints":1154,"magic":0,"mining":0,"prayer":0,"ranged":0,"runecraft":0,"slayer":0,"smithing":0,"strength":0,"thieving":0,"woodcutting":0},"chat":[[8,"...You make it safely to the other side."],[7,"You walk carefully across the slippery log..."],[6,"set tutorial: to 1000"],[5,"Welcome to RuneScape."]],"loc_facts":[],"equipment_ids":{}},"ground_return":{"ingame":true,"scene_state":2,"player":"Liveoh4wv0 0","tile":[2487,3420,0],"tick":59,"items":{},"item_ids":{},"bank":{},"bank_ids":{},"bank_open":false,"bank_loaded":false,"bank_generation":0,"levels":{"-unused-":0,"agility":1,"attack":1,"cooking":1,"crafting":1,"defence":1,"firemaking":1,"fishing":1,"fletching":1,"herblore":1,"hitpoints":10,"magic":1,"mining":1,"prayer":1,"ranged":1,"runecraft":1,"slayer":1,"smithing":1,"strength":1,"thieving":1,"woodcutting":1},"xp":{"-unused-":0,"agility":27,"attack":0,"cooking":0,"crafting":0,"defence":0,"firemaking":0,"fishing":0,"fletching":0,"herblore":0,"hitpoints":1154,"magic":0,"mining":0,"prayer":0,"ranged":0,"runecraft":0,"slayer":0,"smithing":0,"strength":0,"thieving":0,"woodcutting":0},"chat":[[14,"You land on the ground."],[13,"You climb down the tree..."],[12,"You carefully cross the tightrope."],[11,"...To the platform above."],[10,"You climb the tree.."],[9,"You climb the netting..."],[8,"...You make it safely to the other side."],[7,"You walk carefully across the slippery log..."],[6,"set tutorial: to 1000"],[5,"Welcome to RuneScape."]],"loc_facts":[],"equipment_ids":{}},"pipe":{"ingame":true,"scene_state":2,"player":"Liveoh4wv0 0","tile":[2484,3425,0],"tick":65,"items":{},"item_ids":{},"bank":{},"bank_ids":{},"bank_open":false,"bank_loaded":false,"bank_generation":0,"levels":{"-unused-":0,"agility":1,"attack":1,"cooking":1,"crafting":1,"defence":1,"firemaking":1,"fishing":1,"fletching":1,"herblore":1,"hitpoints":10,"magic":1,"mining":1,"prayer":1,"ranged":1,"runecraft":1,"slayer":1,"smithing":1,"strength":1,"thieving":1,"woodcutting":1},"xp":{"-unused-":0,"agility":32,"attack":0,"cooking":0,"crafting":0,"defence":0,"firemaking":0,"fishing":0,"fletching":0,"herblore":0,"hitpoints":1154,"magic":0,"mining":0,"prayer":0,"ranged":0,"runecraft":0,"slayer":0,"smithing":0,"strength":0,"thieving":0,"woodcutting":0},"chat":[[14,"You land on the ground."],[13,"You climb down the tree..."],[12,"You carefully cross the tightrope."],[11,"...To the platform above."],[10,"You climb the tree.."],[9,"You climb the netting..."],[8,"...You make it safely to the other side."],[7,"You walk carefully across the slippery log..."],[6,"set tutorial: to 1000"],[5,"Welcome to RuneScape."]],"loc_facts":[],"equipment_ids":{}},"second_lap":true},"flax_picker_cycle":{"first_pack":false,"deposited":null,"returned":false,"further":false},"superheater_cycle":{"first_bars":false,"deposited":null,"withdrawn":null,"produced_after_withdrawal":false,"wrong_product":false,"wrong_staff":false},"chicken_killer_bank_cycle":{"combat_loot":false,"deposited":null,"returned":false,"further":false},"vial_filler_cycle":{"filled":null,"deposited":null,"withdrawn":null,"returned":false,"further":false},"potion_maker_cycle":{"unfinished":null,"finished":null,"deposited":null,"withdrawn":null,"further":false,"wrong_product":false,"filter_violated":false},"ordered_first_exhausted":false}}
test catalog_boundary_live ... ok

test result: ok. 1 passed; 0 failed; 0 ignored; 0 measured; 23 filtered out; finished in 77.26s

