
running 1 test
{"phase":"identity","revision":274,"profile":"local-274 · 127.0.0.1:43594 · revision 274","cache_id":"4aac9b63312dcb75d5de8f686772d083ba0808c57985438246edf21ef522be1c","nav_pack":"/Users/acfrazier/experiments/274bot/.worktrees/rs2b0t-multirevision/.superpowers/world-capabilities/274/274bot.navpack","nav_sha256":"05db24743e9f549ced16c1f00b87c30a390d3aaec391815da3f3563130b3bcd4","catalog_commit":"100adccc037d9f6898080e1cad58fcfc43364775","catalog_identity":"pre-289 frozen catalog","catalog_read_only_path":".superpowers/inputs/rs2b0t-100adccc037d9f6898080e1cad58fcfc43364775","catalog_root":"/Users/acfrazier/experiments/274bot/.worktrees/rs2b0t-multirevision/.superpowers/inputs/rs2b0t-100adccc037d9f6898080e1cad58fcfc43364775","registry_path":"/Users/acfrazier/experiments/274bot/.worktrees/rs2b0t-multirevision/.superpowers/inputs/rs2b0t-100adccc037d9f6898080e1cad58fcfc43364775/src/bot/scripts/index.ts","registry_sha256":"b614aedb3d5adfdfbac3760f082273f3cf5c33fffe4ced0f2b01490ae02d1bc2","card":{"card":"HillGiant","source_path":"/Users/acfrazier/experiments/274bot/.worktrees/rs2b0t-multirevision/.superpowers/inputs/rs2b0t-100adccc037d9f6898080e1cad58fcfc43364775/src/bot/scripts/HillGiant/HillGiant.ts","source_sha256":"615436b5fd4b3a727c6593d3e18a86e592b5fc160164b1ca823d9eb1d4c70c00","compiled_sha256":"23dbd1ec2af9fd5b3fd3c234480a39f75d336c89ff82f837bb45257abf9adc2a","siblings":[{"module":"/rs2b0t/bot/scripts/bot/HillGiantLogic.js","compiled_sha256":"19aa4c43e4aab5fa3296f7ca15355f6222574e738344e2e502eba09f0f765398"}],"settings":{"meleeStyle":"strength","weapon":"","foodWithdraw":12.0,"bankCommonJunk":true,"buryBones":false,"lootSlots":14.0}},"account":"live61m94k_0","engine_speed_ms":null}
[host-play] slot live61m94k_0: thread up
274bot: loaded snapshot (4556 models, 336 anim records)
[host-play] slot live61m94k_0: handshake begin reconnect=false
[host-play] slot live61m94k_0: handshake ok
[host-play] slot live61m94k_0: queued mainland tele+setvar (scene 2)
[host] slot live61m94k_0: d_loop_us=17210 d_raster_us=0 d_observe_us=62275 max_observe_us=6961 d_paints=0 d_skips=50 d_ticks=5 window_ms=0
[host-play] slot live61m94k_0: handshake begin reconnect=true
[host-play] slot live61m94k_0: handshake ok
[host] slot live61m94k_0: d_loop_us=739 d_raster_us=0 d_observe_us=39076 max_observe_us=4262 d_paints=0 d_skips=50 d_ticks=1 window_ms=0
[host-play] slot live61m94k_0: queued mainland tele+setvar (scene 2)
[host] slot live61m94k_0: d_loop_us=23537 d_raster_us=0 d_observe_us=116573 max_observe_us=10640 d_paints=0 d_skips=50 d_ticks=20 window_ms=12544
{"phase":"baseline-after-preparation","scenario":"hill_giant","account":"live61m94k_0","observation":{"ingame":true,"scene_state":2,"player":"Live61m94k 0","tile":[3110,9832,0],"combat_level":36,"tick":23,"items":{"Adamant scimitar":1,"Trout":8},"item_ids":{"333":8,"1331":1},"bank":{},"bank_ids":{},"bank_open":false,"bank_loaded":false,"bank_generation":0,"levels":{"-unused-":0,"agility":1,"attack":40,"cooking":1,"crafting":1,"defence":1,"firemaking":1,"fishing":1,"fletching":1,"herblore":1,"hitpoints":40,"magic":1,"mining":1,"prayer":1,"ranged":1,"runecraft":1,"slayer":1,"smithing":1,"strength":40,"thieving":1,"woodcutting":1},"xp":{"-unused-":0,"agility":0,"attack":37224,"cooking":0,"crafting":0,"defence":0,"firemaking":0,"fishing":0,"fletching":0,"herblore":0,"hitpoints":37224,"magic":0,"mining":0,"prayer":0,"ranged":0,"runecraft":0,"slayer":0,"smithing":0,"strength":37224,"thieving":0,"woodcutting":0},"varps":{"309":0},"chat":[[7,"Inventory wiped."],[6,"set tutorial: to 1000"],[5,"Welcome to RuneScape."]],"loc_facts":[],"npc_facts":[{"index":5311,"name":"Giant","health":0,"total_health":0,"animation":-1,"in_combat":false,"targeting_local":false,"tile":[3106,9826,0],"distance":6},{"index":5315,"name":"Giant","health":35,"total_health":35,"animation":128,"in_combat":true,"targeting_local":true,"tile":[3109,9831,0],"distance":1},{"index":5312,"name":"Giant","health":0,"total_health":0,"animation":-1,"in_combat":false,"targeting_local":false,"tile":[3110,9835,0],"distance":3},{"index":5314,"name":"Giant","health":0,"total_health":0,"animation":-1,"in_combat":false,"targeting_local":false,"tile":[3110,9840,0],"distance":8},{"index":5317,"name":"Giant","health":0,"total_health":0,"animation":-1,"in_combat":false,"targeting_local":false,"tile":[3115,9835,0],"distance":5},{"index":5316,"name":"Giant","health":0,"total_health":0,"animation":-1,"in_combat":false,"targeting_local":false,"tile":[3117,9832,0],"distance":7}],"ground_loot":[{"id":526,"count":1,"tile":[3110,9825,0],"distance":7}],"local_in_combat":true,"local_target_npc":5315,"local_health":37,"local_animation":422,"equipment_ids":{},"main_modal":-1,"widget_ids":[3213,3214]}}
[script live61m94k_0] start load
{"phase":"start","account":"live61m94k_0","count":1}
[host] hitch live61m94k_0: observe_us=90997 paints=0 skips=104 ticks=23
[script live61m94k_0] HillGiant — strength, food 'Trout' x12 (smart-eat), banking big bones, spot (3103, 9836, 0)
[script live61m94k_0] interact IfButton { component_id: 5862 }
[host] slot live61m94k_0: d_loop_us=1819 d_raster_us=0 d_observe_us=160985 max_observe_us=90997 d_paints=0 d_skips=50 d_ticks=4 window_ms=2339
[script live61m94k_0] combat style: strength
[script live61m94k_0] no Brass key — going to fetch it
[script live61m94k_0] interact WalkNear { x: 3131, z: 9862, level: 0, radius: 3, allow_teleports: false }
[host] slot live61m94k_0: d_loop_us=1626 d_raster_us=0 d_observe_us=72803 max_observe_us=12180 d_paints=0 d_skips=50 d_ticks=2 window_ms=1168
[nav-follow] here=WorldTile { x: 3110, z: 9832, level: 0 } walk=true transport=false leg=0 hops=1 outcome=None
[nav-walk] here=WorldTile { x: 3110, z: 9834, level: 0 } aim=WorldTile { x: 3113, z: 9847, level: 0 } radius=2 ticks_waited=0 sent_tile=Some(WorldTile { x: 3110, z: 9832, level: 0 })
[nav-follow] here=WorldTile { x: 3110, z: 9834, level: 0 } walk=true transport=false leg=0 hops=1 outcome=None
[host] slot live61m94k_0: d_loop_us=1906 d_raster_us=0 d_observe_us=75642 max_observe_us=12625 d_paints=0 d_skips=50 d_ticks=2 window_ms=1189
[nav-walk] here=WorldTile { x: 3110, z: 9836, level: 0 } aim=WorldTile { x: 3113, z: 9847, level: 0 } radius=2 ticks_waited=1 sent_tile=Some(WorldTile { x: 3110, z: 9832, level: 0 })
[nav-follow] here=WorldTile { x: 3110, z: 9836, level: 0 } walk=true transport=false leg=0 hops=1 outcome=None
[host] hitch live61m94k_0: observe_us=17213 paints=0 skips=255 ticks=30
[nav-walk] here=WorldTile { x: 3109, z: 9838, level: 0 } aim=WorldTile { x: 3113, z: 9847, level: 0 } radius=2 ticks_waited=2 sent_tile=Some(WorldTile { x: 3110, z: 9832, level: 0 })
[nav-follow] here=WorldTile { x: 3109, z: 9838, level: 0 } walk=true transport=false leg=0 hops=1 outcome=None
[host] slot live61m94k_0: d_loop_us=2175 d_raster_us=0 d_observe_us=93455 max_observe_us=17213 d_paints=0 d_skips=50 d_ticks=2 window_ms=1191
[nav-walk] here=WorldTile { x: 3109, z: 9840, level: 0 } aim=WorldTile { x: 3113, z: 9847, level: 0 } radius=2 ticks_waited=3 sent_tile=Some(WorldTile { x: 3110, z: 9832, level: 0 })
[nav-follow] here=WorldTile { x: 3109, z: 9840, level: 0 } walk=true transport=false leg=0 hops=1 outcome=None
[host] hitch live61m94k_0: observe_us=18118 paints=0 skips=305 ticks=32
[nav-walk] here=WorldTile { x: 3109, z: 9842, level: 0 } aim=WorldTile { x: 3113, z: 9847, level: 0 } radius=2 ticks_waited=4 sent_tile=Some(WorldTile { x: 3110, z: 9832, level: 0 })
[nav-follow] here=WorldTile { x: 3109, z: 9842, level: 0 } walk=true transport=false leg=0 hops=1 outcome=None
[host] slot live61m94k_0: d_loop_us=1938 d_raster_us=0 d_observe_us=96398 max_observe_us=18118 d_paints=0 d_skips=50 d_ticks=2 window_ms=1183
[nav-walk] here=WorldTile { x: 3110, z: 9844, level: 0 } aim=WorldTile { x: 3113, z: 9847, level: 0 } radius=2 ticks_waited=5 sent_tile=Some(WorldTile { x: 3110, z: 9832, level: 0 })
[nav-follow] here=WorldTile { x: 3110, z: 9844, level: 0 } walk=true transport=false leg=0 hops=1 outcome=None
[host] hitch live61m94k_0: observe_us=16540 paints=0 skips=356 ticks=34
[nav-walk] here=WorldTile { x: 3112, z: 9846, level: 0 } aim=WorldTile { x: 3113, z: 9847, level: 0 } radius=2 ticks_waited=6 sent_tile=Some(WorldTile { x: 3110, z: 9832, level: 0 })
[nav-follow] here=WorldTile { x: 3112, z: 9846, level: 0 } walk=true transport=false leg=0 hops=2 outcome=None
[host] hitch live61m94k_0: observe_us=16101 paints=0 skips=381 ticks=35
[host] slot live61m94k_0: d_loop_us=1836 d_raster_us=0 d_observe_us=84762 max_observe_us=16540 d_paints=0 d_skips=50 d_ticks=2 window_ms=1190
[nav-walk] here=WorldTile { x: 3113, z: 9848, level: 0 } aim=WorldTile { x: 3129, z: 9859, level: 0 } radius=0 ticks_waited=0 sent_tile=Some(WorldTile { x: 3112, z: 9846, level: 0 })
[nav-follow] here=WorldTile { x: 3113, z: 9848, level: 0 } walk=true transport=false leg=0 hops=2 outcome=None
[nav-walk] here=WorldTile { x: 3114, z: 9850, level: 0 } aim=WorldTile { x: 3129, z: 9859, level: 0 } radius=0 ticks_waited=1 sent_tile=Some(WorldTile { x: 3112, z: 9846, level: 0 })
[nav-follow] here=WorldTile { x: 3114, z: 9850, level: 0 } walk=true transport=false leg=0 hops=2 outcome=None
[host] slot live61m94k_0: d_loop_us=1954 d_raster_us=0 d_observe_us=96887 max_observe_us=15510 d_paints=0 d_skips=50 d_ticks=2 window_ms=1169
[nav-walk] here=WorldTile { x: 3115, z: 9852, level: 0 } aim=WorldTile { x: 3129, z: 9859, level: 0 } radius=0 ticks_waited=2 sent_tile=Some(WorldTile { x: 3112, z: 9846, level: 0 })
[nav-follow] here=WorldTile { x: 3115, z: 9852, level: 0 } walk=true transport=false leg=0 hops=2 outcome=None
[nav-walk] here=WorldTile { x: 3115, z: 9854, level: 0 } aim=WorldTile { x: 3129, z: 9859, level: 0 } radius=0 ticks_waited=3 sent_tile=Some(WorldTile { x: 3112, z: 9846, level: 0 })
[nav-follow] here=WorldTile { x: 3115, z: 9854, level: 0 } walk=true transport=false leg=0 hops=2 outcome=None
[host] slot live61m94k_0: d_loop_us=1618 d_raster_us=0 d_observe_us=85120 max_observe_us=14846 d_paints=0 d_skips=50 d_ticks=2 window_ms=1181
[nav-walk] here=WorldTile { x: 3117, z: 9856, level: 0 } aim=WorldTile { x: 3129, z: 9859, level: 0 } radius=0 ticks_waited=4 sent_tile=Some(WorldTile { x: 3112, z: 9846, level: 0 })
[nav-follow] here=WorldTile { x: 3117, z: 9856, level: 0 } walk=true transport=false leg=0 hops=2 outcome=None
[host] hitch live61m94k_0: observe_us=19379 paints=0 skips=509 ticks=40
[nav-walk] here=WorldTile { x: 3117, z: 9858, level: 0 } aim=WorldTile { x: 3129, z: 9859, level: 0 } radius=0 ticks_waited=5 sent_tile=Some(WorldTile { x: 3112, z: 9846, level: 0 })
[nav-follow] here=WorldTile { x: 3117, z: 9858, level: 0 } walk=true transport=false leg=0 hops=2 outcome=None
[host] slot live61m94k_0: d_loop_us=1472 d_raster_us=0 d_observe_us=76831 max_observe_us=19379 d_paints=0 d_skips=50 d_ticks=2 window_ms=1155
[nav-walk] here=WorldTile { x: 3117, z: 9860, level: 0 } aim=WorldTile { x: 3129, z: 9859, level: 0 } radius=0 ticks_waited=6 sent_tile=Some(WorldTile { x: 3112, z: 9846, level: 0 })
[nav-follow] here=WorldTile { x: 3117, z: 9860, level: 0 } walk=true transport=false leg=0 hops=2 outcome=None
[nav-walk] here=WorldTile { x: 3118, z: 9862, level: 0 } aim=WorldTile { x: 3129, z: 9859, level: 0 } radius=0 ticks_waited=7 sent_tile=Some(WorldTile { x: 3112, z: 9846, level: 0 })
[nav-follow] here=WorldTile { x: 3118, z: 9862, level: 0 } walk=true transport=false leg=0 hops=2 outcome=None
[host] slot live61m94k_0: d_loop_us=1093 d_raster_us=0 d_observe_us=54630 max_observe_us=11152 d_paints=0 d_skips=50 d_ticks=2 window_ms=1159
[nav-walk] here=WorldTile { x: 3120, z: 9862, level: 0 } aim=WorldTile { x: 3129, z: 9859, level: 0 } radius=0 ticks_waited=8 sent_tile=Some(WorldTile { x: 3112, z: 9846, level: 0 })
[nav-follow] here=WorldTile { x: 3120, z: 9862, level: 0 } walk=true transport=false leg=0 hops=2 outcome=None
[host] hitch live61m94k_0: observe_us=17271 paints=0 skips=612 ticks=44
[nav-walk] here=WorldTile { x: 3122, z: 9862, level: 0 } aim=WorldTile { x: 3129, z: 9859, level: 0 } radius=0 ticks_waited=9 sent_tile=Some(WorldTile { x: 3112, z: 9846, level: 0 })
[nav-follow] here=WorldTile { x: 3122, z: 9862, level: 0 } walk=true transport=false leg=0 hops=2 outcome=None
[host] slot live61m94k_0: d_loop_us=1976 d_raster_us=0 d_observe_us=90085 max_observe_us=17271 d_paints=0 d_skips=50 d_ticks=2 window_ms=1145
[host] slot live61m94k_0: d_loop_us=1609 d_raster_us=0 d_observe_us=67967 max_observe_us=14580 d_paints=0 d_skips=50 d_ticks=2 window_ms=1178
[host] slot live61m94k_0: d_loop_us=1519 d_raster_us=0 d_observe_us=79332 max_observe_us=15233 d_paints=0 d_skips=50 d_ticks=2 window_ms=1177
[host] slot live61m94k_0: d_loop_us=2094 d_raster_us=0 d_observe_us=78893 max_observe_us=13993 d_paints=0 d_skips=50 d_ticks=2 window_ms=1176
[host] hitch live61m94k_0: observe_us=17903 paints=0 skips=817 ticks=52
[host] slot live61m94k_0: d_loop_us=1622 d_raster_us=0 d_observe_us=80512 max_observe_us=17903 d_paints=0 d_skips=50 d_ticks=2 window_ms=1152
[host] slot live61m94k_0: d_loop_us=1132 d_raster_us=0 d_observe_us=64745 max_observe_us=11432 d_paints=0 d_skips=50 d_ticks=2 window_ms=1197
[host] slot live61m94k_0: d_loop_us=1324 d_raster_us=0 d_observe_us=67171 max_observe_us=12993 d_paints=0 d_skips=50 d_ticks=2 window_ms=1177
[host] slot live61m94k_0: d_loop_us=1352 d_raster_us=0 d_observe_us=71709 max_observe_us=11044 d_paints=0 d_skips=50 d_ticks=2 window_ms=1163
[nav-walk] here=WorldTile { x: 3117, z: 9847, level: 0 } aim=WorldTile { x: 3129, z: 9859, level: 0 } radius=0 ticks_waited=10 sent_tile=Some(WorldTile { x: 3112, z: 9846, level: 0 })
[nav-follow] here=WorldTile { x: 3117, z: 9847, level: 0 } walk=true transport=false leg=0 hops=2 outcome=None
[host] slot live61m94k_0: d_loop_us=1327 d_raster_us=0 d_observe_us=79697 max_observe_us=12209 d_paints=0 d_skips=50 d_ticks=2 window_ms=1160
[nav-walk] here=WorldTile { x: 3117, z: 9849, level: 0 } aim=WorldTile { x: 3129, z: 9859, level: 0 } radius=0 ticks_waited=11 sent_tile=Some(WorldTile { x: 3112, z: 9846, level: 0 })
[nav-follow] here=WorldTile { x: 3117, z: 9849, level: 0 } walk=true transport=false leg=0 hops=2 outcome=None
[nav-walk] here=WorldTile { x: 3117, z: 9851, level: 0 } aim=WorldTile { x: 3129, z: 9859, level: 0 } radius=0 ticks_waited=12 sent_tile=Some(WorldTile { x: 3112, z: 9846, level: 0 })
[nav-follow] here=WorldTile { x: 3117, z: 9851, level: 0 } walk=true transport=false leg=0 hops=2 outcome=None
[host] slot live61m94k_0: d_loop_us=1681 d_raster_us=0 d_observe_us=77624 max_observe_us=13710 d_paints=0 d_skips=50 d_ticks=2 window_ms=1174
[nav-walk] here=WorldTile { x: 3117, z: 9853, level: 0 } aim=WorldTile { x: 3129, z: 9859, level: 0 } radius=0 ticks_waited=13 sent_tile=Some(WorldTile { x: 3112, z: 9846, level: 0 })
[nav-follow] here=WorldTile { x: 3117, z: 9853, level: 0 } walk=true transport=false leg=0 hops=2 outcome=None
[host] hitch live61m94k_0: observe_us=16161 paints=0 skips=1126 ticks=64
[host] slot live61m94k_0: d_loop_us=1806 d_raster_us=0 d_observe_us=79463 max_observe_us=16161 d_paints=0 d_skips=50 d_ticks=1 window_ms=1147
[nav-walk] here=WorldTile { x: 3117, z: 9855, level: 0 } aim=WorldTile { x: 3129, z: 9859, level: 0 } radius=0 ticks_waited=14 sent_tile=Some(WorldTile { x: 3112, z: 9846, level: 0 })
[nav-follow] here=WorldTile { x: 3117, z: 9855, level: 0 } walk=true transport=false leg=0 hops=2 outcome=None
[nav-walk] here=WorldTile { x: 3117, z: 9857, level: 0 } aim=WorldTile { x: 3129, z: 9859, level: 0 } radius=0 ticks_waited=15 sent_tile=Some(WorldTile { x: 3112, z: 9846, level: 0 })
[nav-follow] here=WorldTile { x: 3117, z: 9857, level: 0 } walk=true transport=false leg=0 hops=2 outcome=None
[host] hitch live61m94k_0: observe_us=18527 paints=0 skips=1177 ticks=66
[host] slot live61m94k_0: d_loop_us=1730 d_raster_us=0 d_observe_us=99023 max_observe_us=18527 d_paints=0 d_skips=50 d_ticks=2 window_ms=1183
[nav-walk] here=WorldTile { x: 3117, z: 9859, level: 0 } aim=WorldTile { x: 3129, z: 9859, level: 0 } radius=0 ticks_waited=16 sent_tile=Some(WorldTile { x: 3112, z: 9846, level: 0 })
[nav-follow] here=WorldTile { x: 3117, z: 9859, level: 0 } walk=true transport=false leg=0 hops=2 outcome=None
[host] hitch live61m94k_0: observe_us=19264 paints=0 skips=1202 ticks=67
[nav-walk] here=WorldTile { x: 3117, z: 9861, level: 0 } aim=WorldTile { x: 3129, z: 9859, level: 0 } radius=0 ticks_waited=17 sent_tile=Some(WorldTile { x: 3112, z: 9846, level: 0 })
[nav-follow] here=WorldTile { x: 3117, z: 9861, level: 0 } walk=true transport=false leg=0 hops=2 outcome=None
[host] slot live61m94k_0: d_loop_us=1406 d_raster_us=0 d_observe_us=91300 max_observe_us=19264 d_paints=0 d_skips=50 d_ticks=2 window_ms=1177
[nav-walk] here=WorldTile { x: 3119, z: 9862, level: 0 } aim=WorldTile { x: 3129, z: 9859, level: 0 } radius=0 ticks_waited=18 sent_tile=Some(WorldTile { x: 3112, z: 9846, level: 0 })
[nav-follow] here=WorldTile { x: 3119, z: 9862, level: 0 } walk=true transport=false leg=0 hops=2 outcome=None
[nav-walk] here=WorldTile { x: 3121, z: 9862, level: 0 } aim=WorldTile { x: 3129, z: 9859, level: 0 } radius=0 ticks_waited=19 sent_tile=Some(WorldTile { x: 3112, z: 9846, level: 0 })
[nav-follow] here=WorldTile { x: 3121, z: 9862, level: 0 } walk=true transport=false leg=0 hops=2 outcome=None
[host] slot live61m94k_0: d_loop_us=1282 d_raster_us=0 d_observe_us=58513 max_observe_us=11237 d_paints=0 d_skips=50 d_ticks=2 window_ms=1198
[nav-walk] here=WorldTile { x: 3123, z: 9862, level: 0 } aim=WorldTile { x: 3129, z: 9859, level: 0 } radius=0 ticks_waited=20 sent_tile=Some(WorldTile { x: 3112, z: 9846, level: 0 })
[nav-follow] here=WorldTile { x: 3123, z: 9862, level: 0 } walk=true transport=false leg=0 hops=2 outcome=None
[nav-walk] here=WorldTile { x: 3124, z: 9862, level: 0 } aim=WorldTile { x: 3129, z: 9859, level: 0 } radius=0 ticks_waited=21 sent_tile=Some(WorldTile { x: 3112, z: 9846, level: 0 })
[nav-follow] here=WorldTile { x: 3124, z: 9862, level: 0 } walk=true transport=false leg=0 hops=2 outcome=None
[host] slot live61m94k_0: d_loop_us=1423 d_raster_us=0 d_observe_us=78487 max_observe_us=12660 d_paints=0 d_skips=50 d_ticks=2 window_ms=1186
[nav-walk] here=WorldTile { x: 3124, z: 9862, level: 0 } aim=WorldTile { x: 3129, z: 9859, level: 0 } radius=0 ticks_waited=22 sent_tile=Some(WorldTile { x: 3112, z: 9846, level: 0 })
[nav-follow] here=WorldTile { x: 3124, z: 9862, level: 0 } walk=true transport=false leg=0 hops=2 outcome=None
[nav-walk] here=WorldTile { x: 3124, z: 9862, level: 0 } aim=WorldTile { x: 3129, z: 9859, level: 0 } radius=0 ticks_waited=23 sent_tile=Some(WorldTile { x: 3112, z: 9846, level: 0 })
[nav-follow] here=WorldTile { x: 3124, z: 9862, level: 0 } walk=true transport=false leg=0 hops=2 outcome=None
[host] slot live61m94k_0: d_loop_us=1330 d_raster_us=0 d_observe_us=71806 max_observe_us=8311 d_paints=0 d_skips=50 d_ticks=2 window_ms=1161
[nav-walk] here=WorldTile { x: 3124, z: 9862, level: 0 } aim=WorldTile { x: 3129, z: 9859, level: 0 } radius=0 ticks_waited=24 sent_tile=Some(WorldTile { x: 3112, z: 9846, level: 0 })
[nav-follow] here=WorldTile { x: 3124, z: 9862, level: 0 } walk=true transport=false leg=0 hops=2 outcome=None
[nav-walk] here=WorldTile { x: 3124, z: 9862, level: 0 } aim=WorldTile { x: 3129, z: 9859, level: 0 } radius=0 ticks_waited=25 sent_tile=Some(WorldTile { x: 3112, z: 9846, level: 0 })
[nav-follow] here=WorldTile { x: 3124, z: 9862, level: 0 } walk=true transport=false leg=0 hops=2 outcome=None
test catalog_boundary_live has been running for over 60 seconds
[host] slot live61m94k_0: d_loop_us=1518 d_raster_us=0 d_observe_us=79087 max_observe_us=8251 d_paints=0 d_skips=50 d_ticks=2 window_ms=1183
[nav-walk] here=WorldTile { x: 3124, z: 9862, level: 0 } aim=WorldTile { x: 3129, z: 9859, level: 0 } radius=0 ticks_waited=26 sent_tile=Some(WorldTile { x: 3112, z: 9846, level: 0 })
[nav-follow] here=WorldTile { x: 3124, z: 9862, level: 0 } walk=true transport=false leg=0 hops=2 outcome=None
[nav-walk] here=WorldTile { x: 3124, z: 9862, level: 0 } aim=WorldTile { x: 3129, z: 9859, level: 0 } radius=0 ticks_waited=27 sent_tile=Some(WorldTile { x: 3112, z: 9846, level: 0 })
[nav-follow] here=WorldTile { x: 3124, z: 9862, level: 0 } walk=true transport=false leg=0 hops=2 outcome=None
[host] slot live61m94k_0: d_loop_us=1192 d_raster_us=0 d_observe_us=57161 max_observe_us=5590 d_paints=0 d_skips=50 d_ticks=2 window_ms=1191
[nav-walk] here=WorldTile { x: 3124, z: 9862, level: 0 } aim=WorldTile { x: 3129, z: 9859, level: 0 } radius=0 ticks_waited=28 sent_tile=Some(WorldTile { x: 3112, z: 9846, level: 0 })
[nav-follow] here=WorldTile { x: 3124, z: 9862, level: 0 } walk=true transport=false leg=0 hops=2 outcome=None
[nav-walk] here=WorldTile { x: 3124, z: 9862, level: 0 } aim=WorldTile { x: 3129, z: 9859, level: 0 } radius=0 ticks_waited=29 sent_tile=Some(WorldTile { x: 3112, z: 9846, level: 0 })
[nav-follow] here=WorldTile { x: 3124, z: 9862, level: 0 } walk=true transport=false leg=0 hops=2 outcome=None
[host] slot live61m94k_0: d_loop_us=1510 d_raster_us=0 d_observe_us=73976 max_observe_us=7575 d_paints=0 d_skips=50 d_ticks=2 window_ms=1183
[nav-walk] here=WorldTile { x: 3124, z: 9862, level: 0 } aim=WorldTile { x: 3129, z: 9859, level: 0 } radius=0 ticks_waited=30 sent_tile=Some(WorldTile { x: 3112, z: 9846, level: 0 })
[nav-follow] here=WorldTile { x: 3124, z: 9862, level: 0 } walk=true transport=false leg=0 hops=2 outcome=None
[nav-walk] here=WorldTile { x: 3124, z: 9862, level: 0 } aim=WorldTile { x: 3129, z: 9859, level: 0 } radius=0 ticks_waited=31 sent_tile=Some(WorldTile { x: 3112, z: 9846, level: 0 })
[nav-follow] here=WorldTile { x: 3124, z: 9862, level: 0 } walk=true transport=false leg=0 hops=2 outcome=None
[host] slot live61m94k_0: d_loop_us=1198 d_raster_us=0 d_observe_us=53291 max_observe_us=6668 d_paints=0 d_skips=50 d_ticks=2 window_ms=1210
[nav-walk] here=WorldTile { x: 3124, z: 9862, level: 0 } aim=WorldTile { x: 3129, z: 9859, level: 0 } radius=0 ticks_waited=32 sent_tile=Some(WorldTile { x: 3112, z: 9846, level: 0 })
[nav-follow] here=WorldTile { x: 3124, z: 9862, level: 0 } walk=true transport=false leg=0 hops=2 outcome=None
[nav-walk] here=WorldTile { x: 3124, z: 9862, level: 0 } aim=WorldTile { x: 3129, z: 9859, level: 0 } radius=0 ticks_waited=33 sent_tile=Some(WorldTile { x: 3112, z: 9846, level: 0 })
[nav-follow] here=WorldTile { x: 3124, z: 9862, level: 0 } walk=true transport=false leg=0 hops=2 outcome=None
[host] slot live61m94k_0: d_loop_us=1396 d_raster_us=0 d_observe_us=78926 max_observe_us=6969 d_paints=0 d_skips=50 d_ticks=2 window_ms=1175
[nav-walk] here=WorldTile { x: 3124, z: 9862, level: 0 } aim=WorldTile { x: 3129, z: 9859, level: 0 } radius=0 ticks_waited=34 sent_tile=Some(WorldTile { x: 3112, z: 9846, level: 0 })
[nav-follow] here=WorldTile { x: 3124, z: 9862, level: 0 } walk=true transport=false leg=0 hops=2 outcome=None
[nav-walk] here=WorldTile { x: 3124, z: 9862, level: 0 } aim=WorldTile { x: 3129, z: 9859, level: 0 } radius=0 ticks_waited=35 sent_tile=Some(WorldTile { x: 3112, z: 9846, level: 0 })
[nav-follow] here=WorldTile { x: 3124, z: 9862, level: 0 } walk=true transport=false leg=0 hops=2 outcome=None
[host] slot live61m94k_0: d_loop_us=1274 d_raster_us=0 d_observe_us=76978 max_observe_us=8637 d_paints=0 d_skips=50 d_ticks=2 window_ms=1168
[nav-walk] here=WorldTile { x: 3124, z: 9862, level: 0 } aim=WorldTile { x: 3129, z: 9859, level: 0 } radius=0 ticks_waited=36 sent_tile=Some(WorldTile { x: 3112, z: 9846, level: 0 })
[nav-follow] here=WorldTile { x: 3124, z: 9862, level: 0 } walk=true transport=false leg=0 hops=2 outcome=None
[nav-walk] here=WorldTile { x: 3124, z: 9862, level: 0 } aim=WorldTile { x: 3129, z: 9859, level: 0 } radius=0 ticks_waited=37 sent_tile=Some(WorldTile { x: 3112, z: 9846, level: 0 })
[nav-follow] here=WorldTile { x: 3124, z: 9862, level: 0 } walk=true transport=false leg=0 hops=2 outcome=None
[host] slot live61m94k_0: d_loop_us=2176 d_raster_us=0 d_observe_us=78455 max_observe_us=12266 d_paints=0 d_skips=50 d_ticks=2 window_ms=1159
[nav-walk] here=WorldTile { x: 3124, z: 9862, level: 0 } aim=WorldTile { x: 3129, z: 9859, level: 0 } radius=0 ticks_waited=38 sent_tile=Some(WorldTile { x: 3112, z: 9846, level: 0 })
[nav-follow] here=WorldTile { x: 3124, z: 9862, level: 0 } walk=true transport=false leg=0 hops=2 outcome=None
[nav-walk] here=WorldTile { x: 3124, z: 9862, level: 0 } aim=WorldTile { x: 3129, z: 9859, level: 0 } radius=0 ticks_waited=39 sent_tile=Some(WorldTile { x: 3112, z: 9846, level: 0 })
[nav-follow] here=WorldTile { x: 3124, z: 9862, level: 0 } walk=true transport=false leg=0 hops=2 outcome=None
[host] slot live61m94k_0: d_loop_us=1834 d_raster_us=0 d_observe_us=69103 max_observe_us=9554 d_paints=0 d_skips=50 d_ticks=2 window_ms=1181
[nav-walk] here=WorldTile { x: 3124, z: 9862, level: 0 } aim=WorldTile { x: 3129, z: 9859, level: 0 } radius=0 ticks_waited=40 sent_tile=Some(WorldTile { x: 3112, z: 9846, level: 0 })
[nav-follow] here=WorldTile { x: 3124, z: 9862, level: 0 } walk=true transport=false leg=0 hops=2 outcome=None
[nav-walk] here=WorldTile { x: 3124, z: 9862, level: 0 } aim=WorldTile { x: 3129, z: 9859, level: 0 } radius=0 ticks_waited=41 sent_tile=Some(WorldTile { x: 3112, z: 9846, level: 0 })
[nav-follow] here=WorldTile { x: 3124, z: 9862, level: 0 } walk=true transport=false leg=0 hops=2 outcome=None
[host] slot live61m94k_0: d_loop_us=2061 d_raster_us=0 d_observe_us=77672 max_observe_us=10943 d_paints=0 d_skips=50 d_ticks=2 window_ms=1166
[nav-walk] here=WorldTile { x: 3124, z: 9862, level: 0 } aim=WorldTile { x: 3129, z: 9859, level: 0 } radius=0 ticks_waited=42 sent_tile=Some(WorldTile { x: 3112, z: 9846, level: 0 })
[nav-follow] here=WorldTile { x: 3124, z: 9862, level: 0 } walk=true transport=false leg=0 hops=2 outcome=None
[nav-walk] here=WorldTile { x: 3124, z: 9862, level: 0 } aim=WorldTile { x: 3129, z: 9859, level: 0 } radius=0 ticks_waited=43 sent_tile=Some(WorldTile { x: 3112, z: 9846, level: 0 })
[nav-follow] here=WorldTile { x: 3124, z: 9862, level: 0 } walk=true transport=false leg=0 hops=2 outcome=None
[host] slot live61m94k_0: d_loop_us=1706 d_raster_us=0 d_observe_us=73989 max_observe_us=7853 d_paints=0 d_skips=50 d_ticks=2 window_ms=1150
[nav-walk] here=WorldTile { x: 3124, z: 9862, level: 0 } aim=WorldTile { x: 3129, z: 9859, level: 0 } radius=0 ticks_waited=44 sent_tile=Some(WorldTile { x: 3112, z: 9846, level: 0 })
[nav-follow] here=WorldTile { x: 3124, z: 9862, level: 0 } walk=true transport=false leg=0 hops=2 outcome=None
[nav-walk] here=WorldTile { x: 3124, z: 9862, level: 0 } aim=WorldTile { x: 3129, z: 9859, level: 0 } radius=0 ticks_waited=45 sent_tile=Some(WorldTile { x: 3112, z: 9846, level: 0 })
[nav-follow] here=WorldTile { x: 3124, z: 9862, level: 0 } walk=true transport=false leg=0 hops=2 outcome=None
[host] slot live61m94k_0: d_loop_us=1157 d_raster_us=0 d_observe_us=47199 max_observe_us=5651 d_paints=0 d_skips=50 d_ticks=2 window_ms=1192
[nav-walk] here=WorldTile { x: 3124, z: 9862, level: 0 } aim=WorldTile { x: 3129, z: 9859, level: 0 } radius=0 ticks_waited=46 sent_tile=Some(WorldTile { x: 3112, z: 9846, level: 0 })
[nav-follow] here=WorldTile { x: 3124, z: 9862, level: 0 } walk=true transport=false leg=0 hops=2 outcome=None
[nav-walk] here=WorldTile { x: 3124, z: 9862, level: 0 } aim=WorldTile { x: 3129, z: 9859, level: 0 } radius=0 ticks_waited=47 sent_tile=Some(WorldTile { x: 3112, z: 9846, level: 0 })
[nav-follow] here=WorldTile { x: 3124, z: 9862, level: 0 } walk=true transport=false leg=0 hops=2 outcome=None
[host] slot live61m94k_0: d_loop_us=1305 d_raster_us=0 d_observe_us=50879 max_observe_us=10124 d_paints=0 d_skips=50 d_ticks=2 window_ms=1204
[nav-walk] here=WorldTile { x: 3124, z: 9862, level: 0 } aim=WorldTile { x: 3129, z: 9859, level: 0 } radius=0 ticks_waited=48 sent_tile=Some(WorldTile { x: 3112, z: 9846, level: 0 })
[nav-follow] here=WorldTile { x: 3124, z: 9862, level: 0 } walk=true transport=false leg=0 hops=2 outcome=None
[nav-walk] here=WorldTile { x: 3124, z: 9862, level: 0 } aim=WorldTile { x: 3129, z: 9859, level: 0 } radius=0 ticks_waited=49 sent_tile=Some(WorldTile { x: 3112, z: 9846, level: 0 })
[nav-follow] here=WorldTile { x: 3124, z: 9862, level: 0 } walk=true transport=false leg=0 hops=2 outcome=None
[host] slot live61m94k_0: d_loop_us=2104 d_raster_us=0 d_observe_us=86813 max_observe_us=10692 d_paints=0 d_skips=50 d_ticks=2 window_ms=1187
[nav-walk] here=WorldTile { x: 3124, z: 9862, level: 0 } aim=WorldTile { x: 3129, z: 9859, level: 0 } radius=0 ticks_waited=50 sent_tile=Some(WorldTile { x: 3112, z: 9846, level: 0 })
[nav-follow] here=WorldTile { x: 3124, z: 9862, level: 0 } walk=true transport=false leg=0 hops=2 outcome=None
[nav-walk] here=WorldTile { x: 3124, z: 9862, level: 0 } aim=WorldTile { x: 3129, z: 9859, level: 0 } radius=0 ticks_waited=51 sent_tile=Some(WorldTile { x: 3112, z: 9846, level: 0 })
[nav-follow] here=WorldTile { x: 3124, z: 9862, level: 0 } walk=true transport=false leg=0 hops=2 outcome=None
[host] slot live61m94k_0: d_loop_us=2086 d_raster_us=0 d_observe_us=73992 max_observe_us=12250 d_paints=0 d_skips=50 d_ticks=2 window_ms=1183
[nav-walk] here=WorldTile { x: 3124, z: 9862, level: 0 } aim=WorldTile { x: 3129, z: 9859, level: 0 } radius=0 ticks_waited=52 sent_tile=Some(WorldTile { x: 3112, z: 9846, level: 0 })
[nav-follow] here=WorldTile { x: 3124, z: 9862, level: 0 } walk=true transport=false leg=0 hops=2 outcome=None
[nav-walk] here=WorldTile { x: 3124, z: 9862, level: 0 } aim=WorldTile { x: 3129, z: 9859, level: 0 } radius=0 ticks_waited=53 sent_tile=Some(WorldTile { x: 3112, z: 9846, level: 0 })
[nav-follow] here=WorldTile { x: 3124, z: 9862, level: 0 } walk=true transport=false leg=0 hops=2 outcome=None
[host] slot live61m94k_0: d_loop_us=1380 d_raster_us=0 d_observe_us=56684 max_observe_us=6614 d_paints=0 d_skips=50 d_ticks=2 window_ms=1185
[nav-walk] here=WorldTile { x: 3124, z: 9862, level: 0 } aim=WorldTile { x: 3129, z: 9859, level: 0 } radius=0 ticks_waited=54 sent_tile=Some(WorldTile { x: 3112, z: 9846, level: 0 })
[nav-follow] here=WorldTile { x: 3124, z: 9862, level: 0 } walk=true transport=false leg=0 hops=2 outcome=None
[nav-walk] here=WorldTile { x: 3124, z: 9862, level: 0 } aim=WorldTile { x: 3129, z: 9859, level: 0 } radius=0 ticks_waited=55 sent_tile=Some(WorldTile { x: 3112, z: 9846, level: 0 })
[nav-follow] here=WorldTile { x: 3124, z: 9862, level: 0 } walk=true transport=false leg=0 hops=2 outcome=None
[host] slot live61m94k_0: d_loop_us=1698 d_raster_us=0 d_observe_us=86818 max_observe_us=7903 d_paints=0 d_skips=50 d_ticks=2 window_ms=1138
[nav-walk] here=WorldTile { x: 3124, z: 9862, level: 0 } aim=WorldTile { x: 3129, z: 9859, level: 0 } radius=0 ticks_waited=56 sent_tile=Some(WorldTile { x: 3112, z: 9846, level: 0 })
[nav-follow] here=WorldTile { x: 3124, z: 9862, level: 0 } walk=true transport=false leg=0 hops=2 outcome=None
[nav-walk] here=WorldTile { x: 3124, z: 9862, level: 0 } aim=WorldTile { x: 3129, z: 9859, level: 0 } radius=0 ticks_waited=57 sent_tile=Some(WorldTile { x: 3112, z: 9846, level: 0 })
[nav-follow] here=WorldTile { x: 3124, z: 9862, level: 0 } walk=true transport=false leg=0 hops=2 outcome=None
[host] slot live61m94k_0: d_loop_us=1622 d_raster_us=0 d_observe_us=88100 max_observe_us=8681 d_paints=0 d_skips=50 d_ticks=2 window_ms=1155
[nav-walk] here=WorldTile { x: 3124, z: 9862, level: 0 } aim=WorldTile { x: 3129, z: 9859, level: 0 } radius=0 ticks_waited=58 sent_tile=Some(WorldTile { x: 3112, z: 9846, level: 0 })
[nav-follow] here=WorldTile { x: 3124, z: 9862, level: 0 } walk=true transport=false leg=0 hops=2 outcome=None
[nav-walk] here=WorldTile { x: 3124, z: 9862, level: 0 } aim=WorldTile { x: 3129, z: 9859, level: 0 } radius=0 ticks_waited=59 sent_tile=Some(WorldTile { x: 3112, z: 9846, level: 0 })
[nav-follow] here=WorldTile { x: 3124, z: 9862, level: 0 } walk=true transport=false leg=0 hops=2 outcome=None
[host] slot live61m94k_0: d_loop_us=1535 d_raster_us=0 d_observe_us=70027 max_observe_us=11900 d_paints=0 d_skips=50 d_ticks=2 window_ms=1179
[nav-walk] here=WorldTile { x: 3124, z: 9862, level: 0 } aim=WorldTile { x: 3129, z: 9859, level: 0 } radius=0 ticks_waited=60 sent_tile=Some(WorldTile { x: 3112, z: 9846, level: 0 })
[nav-follow] here=WorldTile { x: 3124, z: 9862, level: 0 } walk=false transport=false leg=0 hops=2 outcome=Some(Stalled { at: WorldTile { x: 3124, z: 9862, level: 0 }, aiming: WorldTile { x: 3129, z: 9859, level: 0 }, why: Expired, tries: 1 })
[host] slot live61m94k_0: d_loop_us=2113 d_raster_us=0 d_observe_us=86553 max_observe_us=12241 d_paints=0 d_skips=50 d_ticks=2 window_ms=1168
[host] slot live61m94k_0: d_loop_us=1915 d_raster_us=0 d_observe_us=72141 max_observe_us=9693 d_paints=0 d_skips=50 d_ticks=2 window_ms=1174
[host] slot live61m94k_0: d_loop_us=1584 d_raster_us=0 d_observe_us=59083 max_observe_us=9378 d_paints=0 d_skips=50 d_ticks=2 window_ms=1171
[host] slot live61m94k_0: d_loop_us=1736 d_raster_us=0 d_observe_us=78528 max_observe_us=13628 d_paints=0 d_skips=50 d_ticks=1 window_ms=1179
[host] slot live61m94k_0: d_loop_us=2212 d_raster_us=0 d_observe_us=80011 max_observe_us=12436 d_paints=0 d_skips=50 d_ticks=2 window_ms=1162
[host] slot live61m94k_0: d_loop_us=2353 d_raster_us=0 d_observe_us=82304 max_observe_us=11890 d_paints=0 d_skips=50 d_ticks=2 window_ms=1173
[host] slot live61m94k_0: d_loop_us=1629 d_raster_us=0 d_observe_us=76463 max_observe_us=9601 d_paints=0 d_skips=50 d_ticks=2 window_ms=1178
[host] slot live61m94k_0: d_loop_us=2050 d_raster_us=0 d_observe_us=77926 max_observe_us=12425 d_paints=0 d_skips=50 d_ticks=2 window_ms=1157
[host] slot live61m94k_0: d_loop_us=1762 d_raster_us=0 d_observe_us=82429 max_observe_us=11749 d_paints=0 d_skips=50 d_ticks=2 window_ms=1172
[host] slot live61m94k_0: d_loop_us=1748 d_raster_us=0 d_observe_us=66776 max_observe_us=12181 d_paints=0 d_skips=50 d_ticks=2 window_ms=1190
[host] slot live61m94k_0: d_loop_us=1384 d_raster_us=0 d_observe_us=59271 max_observe_us=8967 d_paints=0 d_skips=50 d_ticks=2 window_ms=1194
[host] slot live61m94k_0: d_loop_us=1759 d_raster_us=0 d_observe_us=80347 max_observe_us=9647 d_paints=0 d_skips=50 d_ticks=2 window_ms=1193
[host] slot live61m94k_0: d_loop_us=1880 d_raster_us=0 d_observe_us=83236 max_observe_us=11730 d_paints=0 d_skips=50 d_ticks=2 window_ms=1183
[host] slot live61m94k_0: d_loop_us=2019 d_raster_us=0 d_observe_us=96136 max_observe_us=13621 d_paints=0 d_skips=50 d_ticks=2 window_ms=1145
[host] slot live61m94k_0: d_loop_us=1282 d_raster_us=0 d_observe_us=51384 max_observe_us=7464 d_paints=0 d_skips=50 d_ticks=2 window_ms=1189
[host] slot live61m94k_0: d_loop_us=1407 d_raster_us=0 d_observe_us=70770 max_observe_us=9776 d_paints=0 d_skips=50 d_ticks=2 window_ms=1190
[host] slot live61m94k_0: d_loop_us=1877 d_raster_us=0 d_observe_us=89609 max_observe_us=11891 d_paints=0 d_skips=50 d_ticks=2 window_ms=1154
FAIL: catalog_boundary_live: scenario failed: step 15 (watch Strength XP from the selected melee style after Start): stat_xp_gain(2)>=1 not seen within 150 ticks; evidence=Some(Evidence { scenario: "hill_giant", outcome: "FAIL", predicate: "stat_xp_gain(2)>=1", ticks: 172, elapsed_ms: 97980, message: Some("step 15 (watch Strength XP from the selected melee style after Start): stat_xp_gain(2)>=1 not seen within 150 ticks"), tile: Some([3124, 9862, 0]), inv: [InvRow { id: 1331, name: Some("Adamant scimitar"), count: 1 }, InvRow { id: 333, name: Some("Trout"), count: 1 }, InvRow { id: 333, name: Some("Trout"), count: 1 }, InvRow { id: 333, name: Some("Trout"), count: 1 }, InvRow { id: 333, name: Some("Trout"), count: 1 }, InvRow { id: 333, name: Some("Trout"), count: 1 }, InvRow { id: 333, name: Some("Trout"), count: 1 }, InvRow { id: 333, name: Some("Trout"), count: 1 }, InvRow { id: 333, name: Some("Trout"), count: 1 }], stat: Some(StatRow { runenergy: 75 }), chat: [ChatRow { text: "Inventory wiped.", username: None }, ChatRow { text: "set tutorial: to 1000", username: None }, ChatRow { text: "Welcome to RuneScape.", username: None }], scene: 2 }); core={"error":"hill_giant core post-Start delta incomplete","witness":{"case":"hill_giant","baseline":{"ingame":true,"scene_state":2,"player":"Live61m94k 0","tile":[3110,9832,0],"combat_level":36,"tick":23,"items":{"Adamant scimitar":1,"Trout":8},"item_ids":{"333":8,"1331":1},"bank":{},"bank_ids":{},"bank_open":false,"bank_loaded":false,"bank_generation":0,"levels":{"-unused-":0,"agility":1,"attack":40,"cooking":1,"crafting":1,"defence":1,"firemaking":1,"fishing":1,"fletching":1,"herblore":1,"hitpoints":40,"magic":1,"mining":1,"prayer":1,"ranged":1,"runecraft":1,"slayer":1,"smithing":1,"strength":40,"thieving":1,"woodcutting":1},"xp":{"-unused-":0,"agility":0,"attack":37224,"cooking":0,"crafting":0,"defence":0,"firemaking":0,"fishing":0,"fletching":0,"herblore":0,"hitpoints":37224,"magic":0,"mining":0,"prayer":0,"ranged":0,"runecraft":0,"slayer":0,"smithing":0,"strength":37224,"thieving":0,"woodcutting":0},"varps":{"309":0},"chat":[[7,"Inventory wiped."],[6,"set tutorial: to 1000"],[5,"Welcome to RuneScape."]],"loc_facts":[],"npc_facts":[{"index":5311,"name":"Giant","health":0,"total_health":0,"animation":-1,"in_combat":false,"targeting_local":false,"tile":[3106,9826,0],"distance":6},{"index":5315,"name":"Giant","health":35,"total_health":35,"animation":128,"in_combat":true,"targeting_local":true,"tile":[3109,9831,0],"distance":1},{"index":5312,"name":"Giant","health":0,"total_health":0,"animation":-1,"in_combat":false,"targeting_local":false,"tile":[3110,9835,0],"distance":3},{"index":5314,"name":"Giant","health":0,"total_health":0,"animation":-1,"in_combat":false,"targeting_local":false,"tile":[3110,9840,0],"distance":8},{"index":5317,"name":"Giant","health":0,"total_health":0,"animation":-1,"in_combat":false,"targeting_local":false,"tile":[3115,9835,0],"distance":5},{"index":5316,"name":"Giant","health":0,"total_health":0,"animation":-1,"in_combat":false,"targeting_local":false,"tile":[3117,9832,0],"distance":7}],"ground_loot":[{"id":526,"count":1,"tile":[3110,9825,0],"distance":7}],"local_in_combat":true,"local_target_npc":5315,"local_health":37,"local_animation":422,"equipment_ids":{},"main_modal":-1,"widget_ids":[3213,3214]},"latest":{"ingame":true,"scene_state":2,"player":"Live61m94k 0","tile":[3124,9862,0],"combat_level":36,"tick":145,"items":{"Adamant scimitar":1,"Trout":8},"item_ids":{"333":8,"1331":1},"bank":{},"bank_ids":{},"bank_open":false,"bank_loaded":false,"bank_generation":0,"levels":{"-unused-":0,"agility":1,"attack":40,"cooking":1,"crafting":1,"defence":1,"firemaking":1,"fishing":1,"fletching":1,"herblore":1,"hitpoints":40,"magic":1,"mining":1,"prayer":1,"ranged":1,"runecraft":1,"slayer":1,"smithing":1,"strength":40,"thieving":1,"woodcutting":1},"xp":{"-unused-":0,"agility":0,"attack":37224,"cooking":0,"crafting":0,"defence":0,"firemaking":0,"fishing":0,"fletching":0,"herblore":0,"hitpoints":37224,"magic":0,"mining":0,"prayer":0,"ranged":0,"runecraft":0,"slayer":0,"smithing":0,"strength":37224,"thieving":0,"woodcutting":0},"varps":{"309":0},"chat":[[7,"Inventory wiped."],[6,"set tutorial: to 1000"],[5,"Welcome to RuneScape."]],"loc_facts":[],"npc_facts":[],"ground_loot":[],"local_in_combat":false,"local_target_npc":null,"local_health":35,"local_animation":-1,"equipment_ids":{},"main_modal":-1,"widget_ids":[3213,3214]},"max_items":{"Adamant scimitar":1,"Trout":8},"max_xp":{"-unused-":0,"agility":0,"attack":37224,"cooking":0,"crafting":0,"defence":0,"firemaking":0,"fishing":0,"fletching":0,"herblore":0,"hitpoints":37224,"magic":0,"mining":0,"prayer":0,"ranged":0,"runecraft":0,"slayer":0,"smithing":0,"strength":37224,"thieving":0,"woodcutting":0},"saw_bury_chat":false,"post_start_observations":3088,"bone_bank_cycle":{"first_batch_buried":false,"opened":null,"withdrawn":null,"buried_after_withdrawal":false},"bank_fletcher_cycle":{"first_pack_created":false,"deposited":null,"withdrawn":null,"crafted_after_withdrawal":false},"bank_fletcher_option_cycle":{"first":null,"deposited":null,"restocked":null,"further":false},"bank_fletcher_string_cycle":{"initial_pairs_strung":false,"deposited":null,"withdrawn":null,"strung_after_withdrawal":false},"bank_fletcher_cut_string_cycle":{"cut_pair_created":false,"deposited":null,"withdrawn":null,"string_pair_created":false},"alcher_defaults_cycle":{"withdrawn":null,"consumed":false},"alcher_generated_custom_cycle":{"withdrawn":null,"consumed":false},"dart_fletcher_cycle":{"first":null,"further":false,"wrong_tier":false},"herb_cleaner_cycle":{"first_pack":false,"deposited":null,"withdrawn":null,"cleaned_after_withdrawal":false,"filter_violated":false},"gem_cutter_cycle":{"first_pack":false,"deposited":null,"withdrawn":null,"cut_after_withdrawal":false,"filter_violated":false},"door_opener_cycle":{"selected":null,"opened":false},"gnome_course_cycle":{"log":null,"ground_return":null,"pipe":null,"second_lap":false},"wildy_agility_cycle":{"ridge":null,"pipe":null,"rope":null,"stone":null,"log":null,"rocks":null,"further_pipe":false},"brimhaven_agility_cycle":{"paid":false,"entered":null,"moved":null,"first_tag":false,"ticket":null,"subsequent_work":false},"flax_picker_cycle":{"first_pack":false,"deposited":null,"returned":false,"further":false},"superheater_cycle":{"first_bars":false,"deposited":null,"withdrawn":null,"produced_after_withdrawal":false,"wrong_product":false,"wrong_staff":false},"chicken_killer_bank_cycle":{"combat_loot":false,"deposited":null,"returned":false,"further":false},"vial_filler_cycle":{"filled":null,"deposited":null,"withdrawn":null,"returned":false,"further":false},"potion_maker_cycle":{"unfinished":null,"finished":null,"deposited":null,"withdrawn":null,"further":false,"wrong_product":false,"filter_violated":false},"tanner_bot_cycle":{"widget":null,"tanned":null,"deposited":null,"withdrawn":null,"returned":false,"further":false,"wrong_product":false,"shop":false},"rune_crafter_cycle":{"withdrawn":null,"entered":null,"crafted":null,"exited":null,"deposited":null,"restocked":null,"returned":false,"further":false,"wrong_product":false,"noted":false},"ardy_cakes_cycle":{"stolen":null,"deposited":null,"returned":false,"further":false,"wrong_product":false,"noted":false},"ardy_thiever_cycle":{"pickpocketed":null,"deposited":null,"returned":false,"further":false},"gnome_chop_cycle":{"chopped":null,"deposited":null,"returned":false,"further":false,"wrong_product":false,"noted":false},"gnome_fletch_cycle":{"chopped":null,"fletched":null,"deposited":null,"returned":false,"further":false,"wrong_product":false,"noted":false},"coal_trucks_cycle":{"mined":null,"trucked":null,"further":false,"noted":false,"banked":false},"station_production_cycle":{"withdrawn":null,"produced":null,"deposited":null,"restocked":null,"returned":false,"further":false,"wrong_product":false,"noted":false},"flax_aio_cycle":{"picked":null,"produced":null,"deposited":null,"returned":false,"further":false,"wrong_product":false,"noted":false},"flax_aio_pick_cycle":{"first_pack":false,"deposited":null,"returned":false,"further":false,"wrong_product":false,"noted":false},"herblore_eggs_cycle":{"taken":false,"deposited":null,"returned":false,"further":false,"wrong_product":false,"noted":false},"herblore_newt_cycle":{"bought":false,"deposited":null,"returned":false,"further":false,"coins_spent":false,"coins_peak":0,"wrong_product":false,"noted":false},"combat_core_cycle":{"engagements":3,"defeats":0,"style_xp":false,"looted":false,"noted":false,"activated":false,"shield_worn":false,"stolen_food":false,"wrong_item":false,"dormant_indexes":[],"dormant_tiles":{},"last":{"5310":{"name":"Giant","health":0,"animation":-1,"tile":[3101,9835,0],"engaged":false,"defeated":true},"5311":{"name":"Giant","health":0,"animation":-1,"tile":[3105,9826,0],"engaged":false,"defeated":true},"5312":{"name":"Giant","health":0,"animation":-1,"tile":[3109,9835,0],"engaged":false,"defeated":true},"5313":{"name":"Giant","health":0,"animation":-1,"tile":[3110,9844,0],"engaged":false,"defeated":true},"5314":{"name":"Giant","health":0,"animation":-1,"tile":[3109,9841,0],"engaged":true,"defeated":true},"5315":{"name":"Giant","health":35,"animation":-1,"tile":[3109,9830,0],"engaged":true,"defeated":false},"5316":{"name":"Giant","health":0,"animation":-1,"tile":[3115,9831,0],"engaged":false,"defeated":true},"5317":{"name":"Giant","health":0,"animation":-1,"tile":[3115,9835,0],"engaged":false,"defeated":true},"5318":{"name":"Giant","health":0,"animation":-1,"tile":[3118,9843,0],"engaged":false,"defeated":true},"5319":{"name":"Giant","health":0,"animation":-1,"tile":[3117,9849,0],"engaged":true,"defeated":true},"5320":{"name":"Giant","health":0,"animation":-1,"tile":[3124,9844,0],"engaged":false,"defeated":true}},"currently_engaged":[5314,5319],"facts":[{"kind":"engage","index":5315,"name":"Giant","health":35,"animation":128,"loot_id":null,"zero_health":false},{"kind":"engage","index":5314,"name":"Giant","health":0,"animation":128,"loot_id":null,"zero_health":false},{"kind":"engage","index":5319,"name":"Giant","health":0,"animation":-1,"loot_id":null,"zero_health":false}]},"ordered_first_exhausted":false}}
