
running 1 test
{"phase":"identity","revision":274,"profile":"local-274 · 127.0.0.1:43594 · revision 274","cache_id":"4aac9b63312dcb75d5de8f686772d083ba0808c57985438246edf21ef522be1c","nav_pack":"/Users/acfrazier/experiments/274bot/.worktrees/rs2b0t-multirevision/.superpowers/world-capabilities/274/274bot.navpack","nav_sha256":"05db24743e9f549ced16c1f00b87c30a390d3aaec391815da3f3563130b3bcd4","catalog_commit":"8e7d965be2071d6ec65c3265e12af797082d720a","catalog_identity":"289-updated frozen catalog","catalog_read_only_path":".superpowers/inputs/rs2b0t-8e7d965be2071d6ec65c3265e12af797082d720a","catalog_root":"/Users/acfrazier/experiments/274bot/.worktrees/rs2b0t-multirevision/.superpowers/inputs/rs2b0t-8e7d965be2071d6ec65c3265e12af797082d720a","registry_path":"/Users/acfrazier/experiments/274bot/.worktrees/rs2b0t-multirevision/.superpowers/inputs/rs2b0t-8e7d965be2071d6ec65c3265e12af797082d720a/src/bot/scripts/index.ts","registry_sha256":"b614aedb3d5adfdfbac3760f082273f3cf5c33fffe4ced0f2b01490ae02d1bc2","card":{"card":"ChickenKiller","source_path":"/Users/acfrazier/experiments/274bot/.worktrees/rs2b0t-multirevision/.superpowers/inputs/rs2b0t-8e7d965be2071d6ec65c3265e12af797082d720a/src/bot/scripts/ChickenKiller/ChickenKiller.ts","source_sha256":"997caf51e5f409703f4523e74e52f9aa22d388059c36e2810358176b26f9087f","compiled_sha256":"1521855852ae0d0566aa67132be6f4ae2eb24ef45b15406127607733533e4d91","siblings":[],"settings":{"leashRadius":12.0,"fightHpGate":45.0,"restUntilHp":70.0,"targetName":"Chicken","lootMatch":"bones","buryBones":true,"combatStyle":"melee","meleeStyle":"strength","spell":"Wind Strike","runesWithdraw":100.0,"rangeStyle":"rapid","ammo":"Bronze arrow","ammoWithdraw":200.0,"bankStrategy":"Off","bankEveryItems":15.0,"bankEveryMinutes":10.0,"bankCommonJunk":true}},"account":"live6n1c1q_0","engine_speed_ms":null}
[host-play] slot live6n1c1q_0: thread up
274bot: loaded snapshot (4556 models, 336 anim records)
[host-play] slot live6n1c1q_0: handshake begin reconnect=false
[host-play] slot live6n1c1q_0: handshake ok
[host-play] slot live6n1c1q_0: queued mainland tele+setvar (scene 2)
[host] slot live6n1c1q_0: d_loop_us=15660 d_raster_us=0 d_observe_us=44847 max_observe_us=6230 d_paints=0 d_skips=50 d_ticks=4 window_ms=0
[host-play] slot live6n1c1q_0: handshake begin reconnect=true
[host-play] slot live6n1c1q_0: handshake ok
[host] slot live6n1c1q_0: d_loop_us=654 d_raster_us=0 d_observe_us=30390 max_observe_us=2782 d_paints=0 d_skips=50 d_ticks=1 window_ms=0
[host-play] slot live6n1c1q_0: queued mainland tele+setvar (scene 2)
{"phase":"baseline-after-preparation","scenario":"chicken_killer","account":"live6n1c1q_0","observation":{"ingame":true,"scene_state":2,"player":"Live6n1c1q 0","tile":[3235,3295,0],"tick":15,"items":{},"item_ids":{},"bank":{},"bank_ids":{},"bank_open":false,"bank_loaded":false,"bank_generation":0,"levels":{"-unused-":0,"agility":1,"attack":1,"cooking":1,"crafting":1,"defence":1,"firemaking":1,"fishing":1,"fletching":1,"herblore":1,"hitpoints":10,"magic":1,"mining":1,"prayer":1,"ranged":1,"runecraft":1,"slayer":1,"smithing":1,"strength":1,"thieving":1,"woodcutting":1},"xp":{"-unused-":0,"agility":0,"attack":0,"cooking":0,"crafting":0,"defence":0,"firemaking":0,"fishing":0,"fletching":0,"herblore":0,"hitpoints":1154,"magic":0,"mining":0,"prayer":0,"ranged":0,"runecraft":0,"slayer":0,"smithing":0,"strength":0,"thieving":0,"woodcutting":0},"chat":[[6,"set tutorial: to 1000"],[5,"Welcome to RuneScape."]],"loc_facts":[{"id":1530,"x":3230,"z":3291,"level":0,"name":"Door","open":true},{"id":1553,"x":3236,"z":3295,"level":0,"name":"Gate","open":true},{"id":1551,"x":3236,"z":3296,"level":0,"name":"Gate","open":true},{"id":1556,"x":3239,"z":3301,"level":0,"name":"Gate","open":false},{"id":1552,"x":3240,"z":3301,"level":0,"name":"Gate","open":false}]}}
[script live6n1c1q_0] start load
{"phase":"start","account":"live6n1c1q_0","count":1}
[host] hitch live6n1c1q_0: observe_us=96807 paints=0 skips=87 ticks=15
[script live6n1c1q_0] anchored at (3235, 3295, 0), hunting Chicken, leash 12, style melee (strength)
[script live6n1c1q_0] interact IfButton { component_id: 5862 }
[host] slot live6n1c1q_0: d_loop_us=17054 d_raster_us=0 d_observe_us=158884 max_observe_us=96807 d_paints=0 d_skips=50 d_ticks=15 window_ms=9311
[script live6n1c1q_0] combat style set to strength
[script live6n1c1q_0] interact Npc { name: "Chicken", action: "Attack", index: Some(2904) }
[host] slot live6n1c1q_0: d_loop_us=1418 d_raster_us=0 d_observe_us=44135 max_observe_us=2436 d_paints=0 d_skips=50 d_ticks=2 window_ms=1194
[host] slot live6n1c1q_0: d_loop_us=1597 d_raster_us=0 d_observe_us=68839 max_observe_us=10485 d_paints=0 d_skips=50 d_ticks=2 window_ms=1198
[host] slot live6n1c1q_0: d_loop_us=1468 d_raster_us=0 d_observe_us=50515 max_observe_us=3683 d_paints=0 d_skips=50 d_ticks=2 window_ms=1197
[host] slot live6n1c1q_0: d_loop_us=1579 d_raster_us=0 d_observe_us=60549 max_observe_us=15425 d_paints=0 d_skips=50 d_ticks=2 window_ms=1203
[host] slot live6n1c1q_0: d_loop_us=1517 d_raster_us=0 d_observe_us=55190 max_observe_us=3896 d_paints=0 d_skips=50 d_ticks=2 window_ms=1199
[script live6n1c1q_0] can't engage Chicken — a shut gate/fence in the way; walking through it
[script live6n1c1q_0] interact Npc { name: "Chicken", action: "Attack", index: Some(2909) }
[host] slot live6n1c1q_0: d_loop_us=1336 d_raster_us=0 d_observe_us=54125 max_observe_us=4165 d_paints=0 d_skips=50 d_ticks=2 window_ms=1207
[host] slot live6n1c1q_0: d_loop_us=1539 d_raster_us=0 d_observe_us=56480 max_observe_us=3212 d_paints=0 d_skips=50 d_ticks=2 window_ms=1202
[host] slot live6n1c1q_0: d_loop_us=1173 d_raster_us=0 d_observe_us=38013 max_observe_us=2147 d_paints=0 d_skips=50 d_ticks=2 window_ms=1200
[host] slot live6n1c1q_0: d_loop_us=1427 d_raster_us=0 d_observe_us=51765 max_observe_us=4196 d_paints=0 d_skips=50 d_ticks=2 window_ms=1191
[host] hitch live6n1c1q_0: observe_us=16513 paints=0 skips=586 ticks=36
[host] slot live6n1c1q_0: d_loop_us=1525 d_raster_us=0 d_observe_us=71189 max_observe_us=16513 d_paints=0 d_skips=50 d_ticks=2 window_ms=1201
[host] slot live6n1c1q_0: d_loop_us=1228 d_raster_us=0 d_observe_us=39164 max_observe_us=2342 d_paints=0 d_skips=50 d_ticks=2 window_ms=1194
[host] slot live6n1c1q_0: d_loop_us=1490 d_raster_us=0 d_observe_us=49226 max_observe_us=2694 d_paints=0 d_skips=50 d_ticks=2 window_ms=1213
[host] slot live6n1c1q_0: d_loop_us=1243 d_raster_us=0 d_observe_us=46415 max_observe_us=6368 d_paints=0 d_skips=50 d_ticks=2 window_ms=1201
[host] slot live6n1c1q_0: d_loop_us=1402 d_raster_us=0 d_observe_us=46007 max_observe_us=2762 d_paints=0 d_skips=50 d_ticks=2 window_ms=1215
[host] slot live6n1c1q_0: d_loop_us=1437 d_raster_us=0 d_observe_us=43434 max_observe_us=3206 d_paints=0 d_skips=50 d_ticks=2 window_ms=1199
[host] slot live6n1c1q_0: d_loop_us=1420 d_raster_us=0 d_observe_us=40788 max_observe_us=2988 d_paints=0 d_skips=50 d_ticks=2 window_ms=1187
[host] slot live6n1c1q_0: d_loop_us=1358 d_raster_us=0 d_observe_us=38285 max_observe_us=2182 d_paints=0 d_skips=50 d_ticks=2 window_ms=1208
[host] slot live6n1c1q_0: d_loop_us=1254 d_raster_us=0 d_observe_us=33028 max_observe_us=2387 d_paints=0 d_skips=50 d_ticks=2 window_ms=1214
[host] slot live6n1c1q_0: d_loop_us=1246 d_raster_us=0 d_observe_us=46823 max_observe_us=10402 d_paints=0 d_skips=50 d_ticks=2 window_ms=1200
[host] slot live6n1c1q_0: d_loop_us=3510 d_raster_us=0 d_observe_us=36240 max_observe_us=1755 d_paints=0 d_skips=50 d_ticks=2 window_ms=1200
[host] slot live6n1c1q_0: d_loop_us=1110 d_raster_us=0 d_observe_us=37126 max_observe_us=4927 d_paints=0 d_skips=50 d_ticks=2 window_ms=1208
[host] slot live6n1c1q_0: d_loop_us=1330 d_raster_us=0 d_observe_us=39405 max_observe_us=3612 d_paints=0 d_skips=50 d_ticks=2 window_ms=1206
[host] slot live6n1c1q_0: d_loop_us=1424 d_raster_us=0 d_observe_us=40035 max_observe_us=2402 d_paints=0 d_skips=50 d_ticks=2 window_ms=1201
[script live6n1c1q_0] Chicken killed
[host] slot live6n1c1q_0: d_loop_us=1194 d_raster_us=0 d_observe_us=48057 max_observe_us=11527 d_paints=0 d_skips=50 d_ticks=2 window_ms=1207
[host] slot live6n1c1q_0: d_loop_us=1308 d_raster_us=0 d_observe_us=37985 max_observe_us=5055 d_paints=0 d_skips=50 d_ticks=2 window_ms=1207
[host] slot live6n1c1q_0: d_loop_us=915 d_raster_us=0 d_observe_us=24252 max_observe_us=1913 d_paints=0 d_skips=50 d_ticks=2 window_ms=1209
[script live6n1c1q_0] interact Obj { x: 3233, z: 3291, level: 0, name: Some("Bones"), action: "Take" }
[host] slot live6n1c1q_0: d_loop_us=1007 d_raster_us=0 d_observe_us=22037 max_observe_us=1151 d_paints=0 d_skips=50 d_ticks=2 window_ms=1207
[script live6n1c1q_0] looted Bones
[script live6n1c1q_0] interact Held { name: "Bones", action: "Bury" }
[shim-held] Bones Bury slot=0 -> sent
[host] slot live6n1c1q_0: d_loop_us=993 d_raster_us=0 d_observe_us=30574 max_observe_us=8341 d_paints=0 d_skips=50 d_ticks=2 window_ms=1215
[script live6n1c1q_0] buried bones
PASS: catalog_boundary_live: {"scenario":"chicken_killer","runner":"Some(Evidence { scenario: \"chicken_killer\", outcome: \"PASS\", predicate: \"stat_xp_gain(2)>=1\", ticks: 52, elapsed_ms: 37451, message: None, tile: Some([3234, 3296, 0]), inv: [], stat: Some(StatRow { runenergy: 100 }), chat: [ChatRow { text: \"I can't reach that!\", username: None }, ChatRow { text: \"set tutorial: to 1000\", username: None }, ChatRow { text: \"Welcome to RuneScape.\", username: None }], scene: 2 })","core":{"case":"chicken_killer","baseline":{"ingame":true,"scene_state":2,"player":"Live6n1c1q 0","tile":[3235,3295,0],"tick":15,"items":{},"item_ids":{},"bank":{},"bank_ids":{},"bank_open":false,"bank_loaded":false,"bank_generation":0,"levels":{"-unused-":0,"agility":1,"attack":1,"cooking":1,"crafting":1,"defence":1,"firemaking":1,"fishing":1,"fletching":1,"herblore":1,"hitpoints":10,"magic":1,"mining":1,"prayer":1,"ranged":1,"runecraft":1,"slayer":1,"smithing":1,"strength":1,"thieving":1,"woodcutting":1},"xp":{"-unused-":0,"agility":0,"attack":0,"cooking":0,"crafting":0,"defence":0,"firemaking":0,"fishing":0,"fletching":0,"herblore":0,"hitpoints":1154,"magic":0,"mining":0,"prayer":0,"ranged":0,"runecraft":0,"slayer":0,"smithing":0,"strength":0,"thieving":0,"woodcutting":0},"chat":[[6,"set tutorial: to 1000"],[5,"Welcome to RuneScape."]],"loc_facts":[{"id":1530,"x":3230,"z":3291,"level":0,"name":"Door","open":true},{"id":1553,"x":3236,"z":3295,"level":0,"name":"Gate","open":true},{"id":1551,"x":3236,"z":3296,"level":0,"name":"Gate","open":true},{"id":1556,"x":3239,"z":3301,"level":0,"name":"Gate","open":false},{"id":1552,"x":3240,"z":3301,"level":0,"name":"Gate","open":false}]},"latest":{"ingame":true,"scene_state":2,"player":"Live6n1c1q 0","tile":[3233,3291,0],"tick":74,"items":{},"item_ids":{},"bank":{},"bank_ids":{},"bank_open":false,"bank_loaded":false,"bank_generation":0,"levels":{"-unused-":0,"agility":1,"attack":1,"cooking":1,"crafting":1,"defence":1,"firemaking":1,"fishing":1,"fletching":1,"herblore":1,"hitpoints":10,"magic":1,"mining":1,"prayer":1,"ranged":1,"runecraft":1,"slayer":1,"smithing":1,"strength":1,"thieving":1,"woodcutting":1},"xp":{"-unused-":0,"agility":0,"attack":0,"cooking":0,"crafting":0,"defence":0,"firemaking":0,"fishing":0,"fletching":0,"herblore":0,"hitpoints":1157,"magic":0,"mining":0,"prayer":4,"ranged":0,"runecraft":0,"slayer":0,"smithing":0,"strength":12,"thieving":0,"woodcutting":0},"chat":[[9,"You bury the bones."],[8,"You dig a hole in the ground..."],[7,"I can't reach that!"],[6,"set tutorial: to 1000"],[5,"Welcome to RuneScape."]],"loc_facts":[{"id":1530,"x":3230,"z":3291,"level":0,"name":"Door","open":true},{"id":1553,"x":3236,"z":3284,"level":0,"name":"Gate","open":true},{"id":1551,"x":3236,"z":3285,"level":0,"name":"Gate","open":true},{"id":1553,"x":3236,"z":3295,"level":0,"name":"Gate","open":true},{"id":1551,"x":3236,"z":3296,"level":0,"name":"Gate","open":true}]},"max_items":{"Bones":1},"max_xp":{"-unused-":0,"agility":0,"attack":0,"cooking":0,"crafting":0,"defence":0,"firemaking":0,"fishing":0,"fletching":0,"herblore":0,"hitpoints":1157,"magic":0,"mining":0,"prayer":4,"ranged":0,"runecraft":0,"slayer":0,"smithing":0,"strength":12,"thieving":0,"woodcutting":0},"saw_bury_chat":true,"post_start_observations":1445,"bone_bank_cycle":{"first_batch_buried":false,"opened":null,"withdrawn":null,"buried_after_withdrawal":false},"bank_fletcher_cycle":{"first_pack_created":false,"deposited":null,"withdrawn":null,"crafted_after_withdrawal":false},"bank_fletcher_string_cycle":{"initial_pairs_strung":false,"deposited":null,"withdrawn":null,"strung_after_withdrawal":false},"bank_fletcher_cut_string_cycle":{"cut_pair_created":false,"deposited":null,"withdrawn":null,"string_pair_created":false},"alcher_generated_custom_cycle":{"withdrawn":null,"consumed":false},"dart_fletcher_cycle":{"first":null,"further":false,"wrong_tier":false},"herb_cleaner_cycle":{"first_pack":false,"deposited":null,"withdrawn":null,"cleaned_after_withdrawal":false,"filter_violated":false},"gem_cutter_cycle":{"first_pack":false,"deposited":null,"withdrawn":null,"cut_after_withdrawal":false,"filter_violated":false},"door_opener_cycle":{"selected":null,"opened":false},"gnome_course_cycle":{"log":null,"ground_return":null,"pipe":null,"second_lap":false},"flax_picker_cycle":{"first_pack":false,"deposited":null,"returned":false,"further":false},"ordered_first_exhausted":false}}
test catalog_boundary_live ... ok

test result: ok. 1 passed; 0 failed; 0 ignored; 0 measured; 19 filtered out; finished in 58.07s

