
running 1 test
{"phase":"identity","revision":274,"profile":"local-274 · 127.0.0.1:43594 · revision 274","cache_id":"4aac9b63312dcb75d5de8f686772d083ba0808c57985438246edf21ef522be1c","nav_pack":"/Users/acfrazier/experiments/274bot/.worktrees/rs2b0t-multirevision/.superpowers/world-capabilities/274/274bot.navpack","nav_sha256":"05db24743e9f549ced16c1f00b87c30a390d3aaec391815da3f3563130b3bcd4","catalog_commit":"100adccc037d9f6898080e1cad58fcfc43364775","catalog_identity":"pre-289 frozen catalog","catalog_read_only_path":".superpowers/inputs/rs2b0t-100adccc037d9f6898080e1cad58fcfc43364775","catalog_root":"/Users/acfrazier/experiments/274bot/.worktrees/rs2b0t-multirevision/.superpowers/inputs/rs2b0t-100adccc037d9f6898080e1cad58fcfc43364775","registry_path":"/Users/acfrazier/experiments/274bot/.worktrees/rs2b0t-multirevision/.superpowers/inputs/rs2b0t-100adccc037d9f6898080e1cad58fcfc43364775/src/bot/scripts/index.ts","registry_sha256":"b614aedb3d5adfdfbac3760f082273f3cf5c33fffe4ced0f2b01490ae02d1bc2","card":{"card":"RuneCrafter","source_path":"/Users/acfrazier/experiments/274bot/.worktrees/rs2b0t-multirevision/.superpowers/inputs/rs2b0t-100adccc037d9f6898080e1cad58fcfc43364775/src/bot/scripts/RuneCrafter/RuneCrafter.ts","source_sha256":"a944049b42ee5adf882aaf119fb7b7f4604b63e2d07ff34e2db6dbf9e3954843","compiled_sha256":"58a0b8a615ed0d4c1b043c3d83c966316c208f03b327667a08e4ea89e68703d5","siblings":[],"settings":{"rune":"Air runes","mode":"Solo","partner":""}},"account":"liveyn2bpd_0","engine_speed_ms":null}
[host-play] slot liveyn2bpd_0: thread up
274bot: loaded snapshot (4556 models, 336 anim records)
[host-play] slot liveyn2bpd_0: handshake begin reconnect=false
[host-play] slot liveyn2bpd_0: handshake ok
[host-play] slot liveyn2bpd_0: queued mainland tele+setvar (scene 2)
[host] slot liveyn2bpd_0: d_loop_us=10369 d_raster_us=0 d_observe_us=34816 max_observe_us=3277 d_paints=0 d_skips=50 d_ticks=5 window_ms=0
[host-play] slot liveyn2bpd_0: handshake begin reconnect=true
[host-play] slot liveyn2bpd_0: handshake ok
[host] slot liveyn2bpd_0: d_loop_us=859 d_raster_us=0 d_observe_us=34961 max_observe_us=2830 d_paints=0 d_skips=50 d_ticks=1 window_ms=0
[host-play] slot liveyn2bpd_0: queued mainland tele+setvar (scene 2)
[host] slot liveyn2bpd_0: d_loop_us=21203 d_raster_us=0 d_observe_us=70259 max_observe_us=6150 d_paints=0 d_skips=50 d_ticks=25 window_ms=15541
{"phase":"baseline-after-preparation","scenario":"rune_crafter","account":"liveyn2bpd_0","observation":{"ingame":true,"scene_state":2,"player":"Liveyn2bpd 0","tile":[3012,3355,0],"tick":29,"items":{},"item_ids":{},"bank":{},"bank_ids":{},"bank_open":false,"bank_loaded":false,"bank_generation":2,"levels":{"-unused-":0,"agility":1,"attack":1,"cooking":1,"crafting":1,"defence":1,"firemaking":1,"fishing":1,"fletching":1,"herblore":1,"hitpoints":10,"magic":1,"mining":1,"prayer":1,"ranged":1,"runecraft":1,"slayer":1,"smithing":1,"strength":1,"thieving":1,"woodcutting":1},"xp":{"-unused-":0,"agility":0,"attack":0,"cooking":0,"crafting":0,"defence":0,"firemaking":0,"fishing":0,"fletching":0,"herblore":0,"hitpoints":1154,"magic":0,"mining":0,"prayer":0,"ranged":0,"runecraft":0,"slayer":0,"smithing":0,"strength":0,"thieving":0,"woodcutting":0},"chat":[[7,"Inventory wiped."],[6,"set tutorial: to 1000"],[5,"Welcome to RuneScape."]],"loc_facts":[],"equipment_ids":{},"main_modal":-1,"widget_ids":[3213,3214]}}
[script liveyn2bpd_0] start load
{"phase":"start","account":"liveyn2bpd_0","count":1}
[host] hitch liveyn2bpd_0: observe_us=94987 paints=0 skips=104 ticks=29
[script liveyn2bpd_0] RuneCrafter starting — Air runes, ruins (2988, 3294, 0), bank (3013, 3355, 0)
[script liveyn2bpd_0] heading to the bank
[script liveyn2bpd_0] interact OpenBooth { x: 3011, z: 3354, level: 0, id: 2213, name: Some("Bank booth"), action: Some("Use-quickly") }
[host] hitch liveyn2bpd_0: observe_us=17894 paints=0 skips=127 ticks=31
[host] slot liveyn2bpd_0: d_loop_us=1080 d_raster_us=0 d_observe_us=175543 max_observe_us=94987 d_paints=0 d_skips=50 d_ticks=6 window_ms=3039
[script liveyn2bpd_0] interact SetNoteMode { on: false }
[shim-note] on=false sent
[host] slot liveyn2bpd_0: d_loop_us=855 d_raster_us=0 d_observe_us=65422 max_observe_us=11022 d_paints=0 d_skips=50 d_ticks=2 window_ms=1286
[host] slot liveyn2bpd_0: d_loop_us=820 d_raster_us=0 d_observe_us=62313 max_observe_us=10131 d_paints=0 d_skips=50 d_ticks=2 window_ms=1309
[host] slot liveyn2bpd_0: d_loop_us=777 d_raster_us=0 d_observe_us=64767 max_observe_us=11339 d_paints=0 d_skips=50 d_ticks=2 window_ms=1248
[host] slot liveyn2bpd_0: d_loop_us=817 d_raster_us=0 d_observe_us=55794 max_observe_us=11727 d_paints=0 d_skips=50 d_ticks=2 window_ms=1282
[script liveyn2bpd_0] withdrew a Air talisman
[host] slot liveyn2bpd_0: d_loop_us=871 d_raster_us=0 d_observe_us=56046 max_observe_us=11525 d_paints=0 d_skips=50 d_ticks=2 window_ms=1319
[script liveyn2bpd_0] withdrew 27 rune essence (trip 1)
[script liveyn2bpd_0] heading to the mysterious ruins
[script liveyn2bpd_0] interact WalkNear { x: 2988, z: 3294, level: 0, radius: 1, allow_teleports: false }
[nav-follow] here=WorldTile { x: 3011, z: 3355, level: 0 } walk=true transport=false leg=0 hops=1 outcome=None
[host] slot liveyn2bpd_0: d_loop_us=827 d_raster_us=0 d_observe_us=61115 max_observe_us=10111 d_paints=0 d_skips=50 d_ticks=3 window_ms=1375
[nav-walk] here=WorldTile { x: 3012, z: 3357, level: 0 } aim=WorldTile { x: 3010, z: 3350, level: 0 } radius=2 ticks_waited=0 sent_tile=Some(WorldTile { x: 3011, z: 3355, level: 0 })
[nav-follow] here=WorldTile { x: 3012, z: 3357, level: 0 } walk=true transport=false leg=0 hops=1 outcome=None
[host] hitch liveyn2bpd_0: observe_us=24247 paints=0 skips=472 ticks=46
[nav-walk] here=WorldTile { x: 3012, z: 3359, level: 0 } aim=WorldTile { x: 3010, z: 3350, level: 0 } radius=2 ticks_waited=1 sent_tile=Some(WorldTile { x: 3011, z: 3355, level: 0 })
[nav-follow] here=WorldTile { x: 3012, z: 3359, level: 0 } walk=true transport=false leg=0 hops=1 outcome=None
[host] hitch liveyn2bpd_0: observe_us=19164 paints=0 skips=496 ticks=47
[host] slot liveyn2bpd_0: d_loop_us=845 d_raster_us=0 d_observe_us=87937 max_observe_us=24247 d_paints=0 d_skips=50 d_ticks=2 window_ms=1257
[nav-walk] here=WorldTile { x: 3010, z: 3359, level: 0 } aim=WorldTile { x: 3010, z: 3350, level: 0 } radius=2 ticks_waited=2 sent_tile=Some(WorldTile { x: 3011, z: 3355, level: 0 })
[nav-follow] here=WorldTile { x: 3010, z: 3359, level: 0 } walk=true transport=false leg=0 hops=1 outcome=None
[host] hitch liveyn2bpd_0: observe_us=19322 paints=0 skips=518 ticks=48
[nav-walk] here=WorldTile { x: 3008, z: 3357, level: 0 } aim=WorldTile { x: 3010, z: 3350, level: 0 } radius=2 ticks_waited=3 sent_tile=Some(WorldTile { x: 3011, z: 3355, level: 0 })
[nav-follow] here=WorldTile { x: 3008, z: 3357, level: 0 } walk=true transport=false leg=0 hops=1 outcome=None
[host] hitch liveyn2bpd_0: observe_us=19829 paints=0 skips=541 ticks=49
[host] slot liveyn2bpd_0: d_loop_us=938 d_raster_us=0 d_observe_us=75556 max_observe_us=19829 d_paints=0 d_skips=50 d_ticks=2 window_ms=1313
[nav-walk] here=WorldTile { x: 3008, z: 3355, level: 0 } aim=WorldTile { x: 3010, z: 3350, level: 0 } radius=2 ticks_waited=4 sent_tile=Some(WorldTile { x: 3011, z: 3355, level: 0 })
[nav-follow] here=WorldTile { x: 3008, z: 3355, level: 0 } walk=true transport=false leg=0 hops=1 outcome=None
[host] hitch liveyn2bpd_0: observe_us=20484 paints=0 skips=564 ticks=50
[nav-walk] here=WorldTile { x: 3008, z: 3353, level: 0 } aim=WorldTile { x: 3010, z: 3350, level: 0 } radius=2 ticks_waited=5 sent_tile=Some(WorldTile { x: 3011, z: 3355, level: 0 })
[nav-follow] here=WorldTile { x: 3008, z: 3353, level: 0 } walk=true transport=false leg=0 hops=1 outcome=None
[host] hitch liveyn2bpd_0: observe_us=20605 paints=0 skips=587 ticks=51
[host] slot liveyn2bpd_0: d_loop_us=916 d_raster_us=0 d_observe_us=80798 max_observe_us=20605 d_paints=0 d_skips=50 d_ticks=2 window_ms=1326
[nav-walk] here=WorldTile { x: 3009, z: 3351, level: 0 } aim=WorldTile { x: 3010, z: 3350, level: 0 } radius=2 ticks_waited=6 sent_tile=Some(WorldTile { x: 3011, z: 3355, level: 0 })
[nav-follow] here=WorldTile { x: 3009, z: 3351, level: 0 } walk=true transport=false leg=0 hops=2 outcome=None
[host] hitch liveyn2bpd_0: observe_us=23976 paints=0 skips=610 ticks=52
[nav-walk] here=WorldTile { x: 3009, z: 3349, level: 0 } aim=WorldTile { x: 3008, z: 3334, level: 0 } radius=2 ticks_waited=0 sent_tile=Some(WorldTile { x: 3009, z: 3351, level: 0 })
[nav-follow] here=WorldTile { x: 3009, z: 3349, level: 0 } walk=true transport=false leg=0 hops=2 outcome=None
[host] hitch liveyn2bpd_0: observe_us=18101 paints=0 skips=631 ticks=53
[host] slot liveyn2bpd_0: d_loop_us=925 d_raster_us=0 d_observe_us=81015 max_observe_us=23976 d_paints=0 d_skips=50 d_ticks=2 window_ms=1329
[nav-walk] here=WorldTile { x: 3009, z: 3347, level: 0 } aim=WorldTile { x: 3008, z: 3334, level: 0 } radius=2 ticks_waited=1 sent_tile=Some(WorldTile { x: 3009, z: 3351, level: 0 })
[nav-follow] here=WorldTile { x: 3009, z: 3347, level: 0 } walk=true transport=false leg=0 hops=2 outcome=None
[host] hitch liveyn2bpd_0: observe_us=18650 paints=0 skips=655 ticks=54
[nav-walk] here=WorldTile { x: 3009, z: 3345, level: 0 } aim=WorldTile { x: 3008, z: 3334, level: 0 } radius=2 ticks_waited=2 sent_tile=Some(WorldTile { x: 3009, z: 3351, level: 0 })
[nav-follow] here=WorldTile { x: 3009, z: 3345, level: 0 } walk=true transport=false leg=0 hops=2 outcome=None
[host] hitch liveyn2bpd_0: observe_us=17457 paints=0 skips=677 ticks=55
[nav-walk] here=WorldTile { x: 3008, z: 3343, level: 0 } aim=WorldTile { x: 3008, z: 3334, level: 0 } radius=2 ticks_waited=3 sent_tile=Some(WorldTile { x: 3009, z: 3351, level: 0 })
[nav-follow] here=WorldTile { x: 3008, z: 3343, level: 0 } walk=true transport=false leg=0 hops=2 outcome=None
[host] hitch liveyn2bpd_0: observe_us=19672 paints=0 skips=699 ticks=56
[host] slot liveyn2bpd_0: d_loop_us=1028 d_raster_us=0 d_observe_us=87702 max_observe_us=19672 d_paints=0 d_skips=50 d_ticks=3 window_ms=1361
[nav-walk] here=WorldTile { x: 3008, z: 3341, level: 0 } aim=WorldTile { x: 3008, z: 3334, level: 0 } radius=2 ticks_waited=4 sent_tile=Some(WorldTile { x: 3009, z: 3351, level: 0 })
[nav-follow] here=WorldTile { x: 3008, z: 3341, level: 0 } walk=true transport=false leg=0 hops=2 outcome=None
[host] hitch liveyn2bpd_0: observe_us=19537 paints=0 skips=722 ticks=57
[nav-walk] here=WorldTile { x: 3008, z: 3339, level: 0 } aim=WorldTile { x: 3008, z: 3334, level: 0 } radius=2 ticks_waited=5 sent_tile=Some(WorldTile { x: 3009, z: 3351, level: 0 })
[nav-follow] here=WorldTile { x: 3008, z: 3339, level: 0 } walk=true transport=false leg=0 hops=2 outcome=None
[host] hitch liveyn2bpd_0: observe_us=20498 paints=0 skips=745 ticks=58
[host] slot liveyn2bpd_0: d_loop_us=1048 d_raster_us=0 d_observe_us=74173 max_observe_us=20498 d_paints=0 d_skips=50 d_ticks=2 window_ms=1300
[nav-walk] here=WorldTile { x: 3008, z: 3337, level: 0 } aim=WorldTile { x: 3008, z: 3334, level: 0 } radius=2 ticks_waited=6 sent_tile=Some(WorldTile { x: 3009, z: 3351, level: 0 })
[nav-follow] here=WorldTile { x: 3008, z: 3337, level: 0 } walk=true transport=false leg=0 hops=2 outcome=None
[host] hitch liveyn2bpd_0: observe_us=20352 paints=0 skips=768 ticks=59
[nav-walk] here=WorldTile { x: 3008, z: 3335, level: 0 } aim=WorldTile { x: 3008, z: 3334, level: 0 } radius=2 ticks_waited=7 sent_tile=Some(WorldTile { x: 3009, z: 3351, level: 0 })
[nav-follow] here=WorldTile { x: 3008, z: 3335, level: 0 } walk=true transport=false leg=0 hops=3 outcome=None
[host] hitch liveyn2bpd_0: observe_us=22785 paints=0 skips=790 ticks=60
[host] slot liveyn2bpd_0: d_loop_us=955 d_raster_us=0 d_observe_us=82017 max_observe_us=22785 d_paints=0 d_skips=50 d_ticks=2 window_ms=1324
[nav-walk] here=WorldTile { x: 3008, z: 3333, level: 0 } aim=WorldTile { x: 3001, z: 3318, level: 0 } radius=2 ticks_waited=0 sent_tile=Some(WorldTile { x: 3008, z: 3335, level: 0 })
[nav-follow] here=WorldTile { x: 3008, z: 3333, level: 0 } walk=true transport=false leg=0 hops=3 outcome=None
[host] hitch liveyn2bpd_0: observe_us=20182 paints=0 skips=813 ticks=61
[nav-walk] here=WorldTile { x: 3008, z: 3331, level: 0 } aim=WorldTile { x: 3001, z: 3318, level: 0 } radius=2 ticks_waited=1 sent_tile=Some(WorldTile { x: 3008, z: 3335, level: 0 })
[nav-follow] here=WorldTile { x: 3008, z: 3331, level: 0 } walk=true transport=false leg=0 hops=3 outcome=None
[host] hitch liveyn2bpd_0: observe_us=20574 paints=0 skips=836 ticks=62
[host] slot liveyn2bpd_0: d_loop_us=967 d_raster_us=0 d_observe_us=75392 max_observe_us=20574 d_paints=0 d_skips=50 d_ticks=2 window_ms=1308
[nav-walk] here=WorldTile { x: 3008, z: 3329, level: 0 } aim=WorldTile { x: 3001, z: 3318, level: 0 } radius=2 ticks_waited=2 sent_tile=Some(WorldTile { x: 3008, z: 3335, level: 0 })
[nav-follow] here=WorldTile { x: 3008, z: 3329, level: 0 } walk=true transport=false leg=0 hops=3 outcome=None
[host] hitch liveyn2bpd_0: observe_us=21533 paints=0 skips=859 ticks=63
[nav-walk] here=WorldTile { x: 3008, z: 3327, level: 0 } aim=WorldTile { x: 3001, z: 3318, level: 0 } radius=2 ticks_waited=3 sent_tile=Some(WorldTile { x: 3008, z: 3335, level: 0 })
[nav-follow] here=WorldTile { x: 3008, z: 3327, level: 0 } walk=true transport=false leg=0 hops=3 outcome=None
[host] hitch liveyn2bpd_0: observe_us=19535 paints=0 skips=884 ticks=64
[host] slot liveyn2bpd_0: d_loop_us=973 d_raster_us=0 d_observe_us=75029 max_observe_us=21533 d_paints=0 d_skips=50 d_ticks=2 window_ms=1208
[nav-walk] here=WorldTile { x: 3008, z: 3325, level: 0 } aim=WorldTile { x: 3001, z: 3318, level: 0 } radius=2 ticks_waited=4 sent_tile=Some(WorldTile { x: 3008, z: 3335, level: 0 })
[nav-follow] here=WorldTile { x: 3008, z: 3325, level: 0 } walk=true transport=false leg=0 hops=3 outcome=None
[host] hitch liveyn2bpd_0: observe_us=20322 paints=0 skips=909 ticks=65
[nav-walk] here=WorldTile { x: 3006, z: 3323, level: 0 } aim=WorldTile { x: 3001, z: 3318, level: 0 } radius=2 ticks_waited=5 sent_tile=Some(WorldTile { x: 3008, z: 3335, level: 0 })
[nav-follow] here=WorldTile { x: 3006, z: 3323, level: 0 } walk=true transport=false leg=0 hops=3 outcome=None
[host] hitch liveyn2bpd_0: observe_us=19407 paints=0 skips=935 ticks=66
[host] slot liveyn2bpd_0: d_loop_us=901 d_raster_us=0 d_observe_us=78765 max_observe_us=20322 d_paints=0 d_skips=50 d_ticks=2 window_ms=1173
[nav-walk] here=WorldTile { x: 3004, z: 3321, level: 0 } aim=WorldTile { x: 3001, z: 3318, level: 0 } radius=2 ticks_waited=6 sent_tile=Some(WorldTile { x: 3008, z: 3335, level: 0 })
[nav-follow] here=WorldTile { x: 3004, z: 3321, level: 0 } walk=true transport=false leg=0 hops=3 outcome=None
[host] hitch liveyn2bpd_0: observe_us=23047 paints=0 skips=960 ticks=67
[host] slot liveyn2bpd_0: d_loop_us=8923 d_raster_us=0 d_observe_us=89539 max_observe_us=23047 d_paints=0 d_skips=50 d_ticks=2 window_ms=1190
[nav-walk] here=WorldTile { x: 3001, z: 3318, level: 0 } aim=WorldTile { x: 3001, z: 3318, level: 0 } radius=2 ticks_waited=7 sent_tile=Some(WorldTile { x: 3008, z: 3335, level: 0 })
[nav-follow] here=WorldTile { x: 3001, z: 3318, level: 0 } walk=true transport=false leg=0 hops=4 outcome=None
[host] hitch liveyn2bpd_0: observe_us=16896 paints=0 skips=1011 ticks=69
[nav-walk] here=WorldTile { x: 3001, z: 3316, level: 0 } aim=WorldTile { x: 2995, z: 3302, level: 0 } radius=2 ticks_waited=0 sent_tile=Some(WorldTile { x: 3001, z: 3318, level: 0 })
[nav-follow] here=WorldTile { x: 3001, z: 3316, level: 0 } walk=true transport=false leg=0 hops=4 outcome=None
[host] slot liveyn2bpd_0: d_loop_us=764 d_raster_us=0 d_observe_us=65363 max_observe_us=16896 d_paints=0 d_skips=50 d_ticks=2 window_ms=1177
[nav-walk] here=WorldTile { x: 3000, z: 3314, level: 0 } aim=WorldTile { x: 2995, z: 3302, level: 0 } radius=2 ticks_waited=1 sent_tile=Some(WorldTile { x: 3001, z: 3318, level: 0 })
[nav-follow] here=WorldTile { x: 3000, z: 3314, level: 0 } walk=true transport=false leg=0 hops=4 outcome=None
[host] hitch liveyn2bpd_0: observe_us=17692 paints=0 skips=1062 ticks=71
[nav-walk] here=WorldTile { x: 2999, z: 3312, level: 0 } aim=WorldTile { x: 2995, z: 3302, level: 0 } radius=2 ticks_waited=2 sent_tile=Some(WorldTile { x: 3001, z: 3318, level: 0 })
[nav-follow] here=WorldTile { x: 2999, z: 3312, level: 0 } walk=true transport=false leg=0 hops=4 outcome=None
[host] hitch liveyn2bpd_0: observe_us=19262 paints=0 skips=1087 ticks=72
[host] slot liveyn2bpd_0: d_loop_us=802 d_raster_us=0 d_observe_us=72262 max_observe_us=19262 d_paints=0 d_skips=50 d_ticks=2 window_ms=1174
[nav-walk] here=WorldTile { x: 2999, z: 3310, level: 0 } aim=WorldTile { x: 2995, z: 3302, level: 0 } radius=2 ticks_waited=3 sent_tile=Some(WorldTile { x: 3001, z: 3318, level: 0 })
[nav-follow] here=WorldTile { x: 2999, z: 3310, level: 0 } walk=true transport=false leg=0 hops=4 outcome=None
[host] hitch liveyn2bpd_0: observe_us=18597 paints=0 skips=1113 ticks=73
[nav-walk] here=WorldTile { x: 2998, z: 3308, level: 0 } aim=WorldTile { x: 2995, z: 3302, level: 0 } radius=2 ticks_waited=4 sent_tile=Some(WorldTile { x: 3001, z: 3318, level: 0 })
[nav-follow] here=WorldTile { x: 2998, z: 3308, level: 0 } walk=true transport=false leg=0 hops=4 outcome=None
[host] hitch liveyn2bpd_0: observe_us=17819 paints=0 skips=1138 ticks=74
[host] slot liveyn2bpd_0: d_loop_us=843 d_raster_us=0 d_observe_us=72772 max_observe_us=18597 d_paints=0 d_skips=50 d_ticks=2 window_ms=1183
[nav-walk] here=WorldTile { x: 2998, z: 3306, level: 0 } aim=WorldTile { x: 2995, z: 3302, level: 0 } radius=2 ticks_waited=5 sent_tile=Some(WorldTile { x: 3001, z: 3318, level: 0 })
[nav-follow] here=WorldTile { x: 2998, z: 3306, level: 0 } walk=true transport=false leg=0 hops=4 outcome=None
[host] hitch liveyn2bpd_0: observe_us=16262 paints=0 skips=1163 ticks=75
test catalog_boundary_live has been running for over 60 seconds
[nav-walk] here=WorldTile { x: 2997, z: 3304, level: 0 } aim=WorldTile { x: 2995, z: 3302, level: 0 } radius=2 ticks_waited=6 sent_tile=Some(WorldTile { x: 3001, z: 3318, level: 0 })
[nav-follow] here=WorldTile { x: 2997, z: 3304, level: 0 } walk=true transport=false leg=0 hops=5 outcome=None
[host] hitch liveyn2bpd_0: observe_us=16827 paints=0 skips=1188 ticks=76
[host] slot liveyn2bpd_0: d_loop_us=783 d_raster_us=0 d_observe_us=65744 max_observe_us=16827 d_paints=0 d_skips=50 d_ticks=2 window_ms=1193
[nav-walk] here=WorldTile { x: 2995, z: 3302, level: 0 } aim=WorldTile { x: 2989, z: 3295, level: 0 } radius=0 ticks_waited=0 sent_tile=Some(WorldTile { x: 2997, z: 3304, level: 0 })
[nav-follow] here=WorldTile { x: 2995, z: 3302, level: 0 } walk=true transport=false leg=0 hops=5 outcome=None
[host] hitch liveyn2bpd_0: observe_us=20324 paints=0 skips=1213 ticks=77
[nav-walk] here=WorldTile { x: 2993, z: 3300, level: 0 } aim=WorldTile { x: 2989, z: 3295, level: 0 } radius=0 ticks_waited=1 sent_tile=Some(WorldTile { x: 2997, z: 3304, level: 0 })
[nav-follow] here=WorldTile { x: 2993, z: 3300, level: 0 } walk=true transport=false leg=0 hops=5 outcome=None
[host] hitch liveyn2bpd_0: observe_us=17480 paints=0 skips=1238 ticks=78
[host] slot liveyn2bpd_0: d_loop_us=829 d_raster_us=0 d_observe_us=72699 max_observe_us=20324 d_paints=0 d_skips=50 d_ticks=2 window_ms=1197
[nav-walk] here=WorldTile { x: 2993, z: 3298, level: 0 } aim=WorldTile { x: 2989, z: 3295, level: 0 } radius=0 ticks_waited=2 sent_tile=Some(WorldTile { x: 2997, z: 3304, level: 0 })
[nav-follow] here=WorldTile { x: 2993, z: 3298, level: 0 } walk=true transport=false leg=0 hops=5 outcome=None
[host] hitch liveyn2bpd_0: observe_us=18259 paints=0 skips=1264 ticks=79
[nav-walk] here=WorldTile { x: 2992, z: 3296, level: 0 } aim=WorldTile { x: 2989, z: 3295, level: 0 } radius=0 ticks_waited=3 sent_tile=Some(WorldTile { x: 2997, z: 3304, level: 0 })
[nav-follow] here=WorldTile { x: 2992, z: 3296, level: 0 } walk=true transport=false leg=0 hops=5 outcome=None
[host] hitch liveyn2bpd_0: observe_us=17702 paints=0 skips=1289 ticks=80
[host] slot liveyn2bpd_0: d_loop_us=802 d_raster_us=0 d_observe_us=70788 max_observe_us=18259 d_paints=0 d_skips=50 d_ticks=2 window_ms=1190
[nav-walk] here=WorldTile { x: 2990, z: 3295, level: 0 } aim=WorldTile { x: 2989, z: 3295, level: 0 } radius=0 ticks_waited=4 sent_tile=Some(WorldTile { x: 2997, z: 3304, level: 0 })
[nav-follow] here=WorldTile { x: 2990, z: 3295, level: 0 } walk=true transport=false leg=0 hops=5 outcome=None
[host] hitch liveyn2bpd_0: observe_us=16671 paints=0 skips=1314 ticks=81
[nav-walk] here=WorldTile { x: 2989, z: 3295, level: 0 } aim=WorldTile { x: 2989, z: 3295, level: 0 } radius=0 ticks_waited=5 sent_tile=Some(WorldTile { x: 2997, z: 3304, level: 0 })
[nav-follow] here=WorldTile { x: 2989, z: 3295, level: 0 } walk=false transport=false leg=1 hops=5 outcome=Some(Arrived { at: WorldTile { x: 2989, z: 3295, level: 0 } })
[host] hitch liveyn2bpd_0: observe_us=16033 paints=0 skips=1339 ticks=82
[script liveyn2bpd_0] using the Air talisman on the mysterious ruins
[script liveyn2bpd_0] interact UseOn { name: "Air talisman", kind: "loc", target_name: Some("Mysterious ruins"), x: 2984, z: 3291, level: 0, index: None, source_item_id: Some(1438), source_item_slot: Some(0), target_item_id: None, target_item_slot: None }
[host] slot liveyn2bpd_0: d_loop_us=786 d_raster_us=0 d_observe_us=69145 max_observe_us=16671 d_paints=0 d_skips=50 d_ticks=2 window_ms=1195
[host] hitch liveyn2bpd_0: observe_us=17747 paints=0 skips=1390 ticks=84
[host] slot liveyn2bpd_0: d_loop_us=770 d_raster_us=0 d_observe_us=68273 max_observe_us=17747 d_paints=0 d_skips=50 d_ticks=2 window_ms=1185
[host] slot liveyn2bpd_0: d_loop_us=781 d_raster_us=0 d_observe_us=55692 max_observe_us=10598 d_paints=0 d_skips=50 d_ticks=2 window_ms=1210
[script liveyn2bpd_0] entered the altar
[script liveyn2bpd_0] crafting 27 essence at the altar
[script liveyn2bpd_0] interact Loc { x: 2843, z: 4833, level: 0, action: "Craft-rune", id: Some(2478) }
[host] slot liveyn2bpd_0: d_loop_us=7864 d_raster_us=0 d_observe_us=84516 max_observe_us=11354 d_paints=0 d_skips=50 d_ticks=4 window_ms=2641
[host] slot liveyn2bpd_0: d_loop_us=669 d_raster_us=0 d_observe_us=56350 max_observe_us=12975 d_paints=0 d_skips=50 d_ticks=2 window_ms=1169
[script liveyn2bpd_0] crafted 27 Air runes
[script liveyn2bpd_0] taking the portal back to the ruins
[script liveyn2bpd_0] interact Loc { x: 2841, z: 4828, level: 0, action: "Use", id: Some(2465) }
[script liveyn2bpd_0] interact Loc { x: 2841, z: 4828, level: 0, action: "Use", id: Some(2465) }
[host] slot liveyn2bpd_0: d_loop_us=761 d_raster_us=0 d_observe_us=50931 max_observe_us=8434 d_paints=0 d_skips=50 d_ticks=2 window_ms=1188
[script liveyn2bpd_0] interact Loc { x: 2841, z: 4828, level: 0, action: "Use", id: Some(2465) }
[script liveyn2bpd_0] interact Loc { x: 2841, z: 4828, level: 0, action: "Use", id: Some(2465) }
[host] slot liveyn2bpd_0: d_loop_us=794 d_raster_us=0 d_observe_us=45054 max_observe_us=6350 d_paints=0 d_skips=50 d_ticks=2 window_ms=1206
[script liveyn2bpd_0] interact ContinueDialog
[script liveyn2bpd_0] interact ContinueDialog
[host] slot liveyn2bpd_0: d_loop_us=776 d_raster_us=0 d_observe_us=56221 max_observe_us=8904 d_paints=0 d_skips=50 d_ticks=2 window_ms=1199
[script liveyn2bpd_0] interact Loc { x: 2841, z: 4828, level: 0, action: "Use", id: Some(2465) }
[script liveyn2bpd_0] interact Loc { x: 2841, z: 4828, level: 0, action: "Use", id: Some(2465) }
[host] slot liveyn2bpd_0: d_loop_us=719 d_raster_us=0 d_observe_us=52236 max_observe_us=9897 d_paints=0 d_skips=50 d_ticks=2 window_ms=1193
[script liveyn2bpd_0] interact Loc { x: 2841, z: 4828, level: 0, action: "Use", id: Some(2465) }
[host] hitch liveyn2bpd_0: observe_us=19176 paints=0 skips=1794 ticks=103
[script liveyn2bpd_0] back at the mysterious ruins
[script liveyn2bpd_0] heading to the bank
[script liveyn2bpd_0] interact WalkNear { x: 3013, z: 3355, level: 0, radius: 3, allow_teleports: false }
[host] slot liveyn2bpd_0: d_loop_us=10320 d_raster_us=0 d_observe_us=97885 max_observe_us=19176 d_paints=0 d_skips=50 d_ticks=5 window_ms=2607
[nav-follow] here=WorldTile { x: 2983, z: 3288, level: 0 } walk=true transport=false leg=0 hops=1 outcome=None
[nav-walk] here=WorldTile { x: 2983, z: 3290, level: 0 } aim=WorldTile { x: 2988, z: 3301, level: 0 } radius=2 ticks_waited=0 sent_tile=Some(WorldTile { x: 2983, z: 3288, level: 0 })
[nav-follow] here=WorldTile { x: 2983, z: 3290, level: 0 } walk=true transport=false leg=0 hops=1 outcome=None
[host] hitch liveyn2bpd_0: observe_us=16827 paints=0 skips=1847 ticks=107
[host] slot liveyn2bpd_0: d_loop_us=795 d_raster_us=0 d_observe_us=61686 max_observe_us=16827 d_paints=0 d_skips=50 d_ticks=2 window_ms=1202
[nav-walk] here=WorldTile { x: 2983, z: 3292, level: 0 } aim=WorldTile { x: 2988, z: 3301, level: 0 } radius=2 ticks_waited=1 sent_tile=Some(WorldTile { x: 2983, z: 3288, level: 0 })
[nav-follow] here=WorldTile { x: 2983, z: 3292, level: 0 } walk=true transport=false leg=0 hops=1 outcome=None
[nav-walk] here=WorldTile { x: 2983, z: 3294, level: 0 } aim=WorldTile { x: 2988, z: 3301, level: 0 } radius=2 ticks_waited=2 sent_tile=Some(WorldTile { x: 2983, z: 3288, level: 0 })
[nav-follow] here=WorldTile { x: 2983, z: 3294, level: 0 } walk=true transport=false leg=0 hops=1 outcome=None
[host] slot liveyn2bpd_0: d_loop_us=767 d_raster_us=0 d_observe_us=66502 max_observe_us=15451 d_paints=0 d_skips=50 d_ticks=2 window_ms=1201
[nav-walk] here=WorldTile { x: 2985, z: 3294, level: 0 } aim=WorldTile { x: 2988, z: 3301, level: 0 } radius=2 ticks_waited=3 sent_tile=Some(WorldTile { x: 2983, z: 3288, level: 0 })
[nav-follow] here=WorldTile { x: 2985, z: 3294, level: 0 } walk=true transport=false leg=0 hops=1 outcome=None
[host] hitch liveyn2bpd_0: observe_us=17937 paints=0 skips=1922 ticks=110
[nav-walk] here=WorldTile { x: 2985, z: 3296, level: 0 } aim=WorldTile { x: 2988, z: 3301, level: 0 } radius=2 ticks_waited=4 sent_tile=Some(WorldTile { x: 2983, z: 3288, level: 0 })
[nav-follow] here=WorldTile { x: 2985, z: 3296, level: 0 } walk=true transport=false leg=0 hops=1 outcome=None
[host] hitch liveyn2bpd_0: observe_us=17855 paints=0 skips=1947 ticks=111
[host] slot liveyn2bpd_0: d_loop_us=930 d_raster_us=0 d_observe_us=73539 max_observe_us=17937 d_paints=0 d_skips=50 d_ticks=2 window_ms=1191
[nav-walk] here=WorldTile { x: 2986, z: 3298, level: 0 } aim=WorldTile { x: 2988, z: 3301, level: 0 } radius=2 ticks_waited=5 sent_tile=Some(WorldTile { x: 2983, z: 3288, level: 0 })
[nav-follow] here=WorldTile { x: 2986, z: 3298, level: 0 } walk=true transport=false leg=0 hops=1 outcome=None
[nav-walk] here=WorldTile { x: 2987, z: 3300, level: 0 } aim=WorldTile { x: 2988, z: 3301, level: 0 } radius=2 ticks_waited=6 sent_tile=Some(WorldTile { x: 2983, z: 3288, level: 0 })
[nav-follow] here=WorldTile { x: 2987, z: 3300, level: 0 } walk=true transport=false leg=0 hops=2 outcome=None
[host] hitch liveyn2bpd_0: observe_us=17725 paints=0 skips=1998 ticks=113
[host] slot liveyn2bpd_0: d_loop_us=756 d_raster_us=0 d_observe_us=66152 max_observe_us=17725 d_paints=0 d_skips=50 d_ticks=2 window_ms=1190
[nav-walk] here=WorldTile { x: 2987, z: 3302, level: 0 } aim=WorldTile { x: 2998, z: 3317, level: 0 } radius=2 ticks_waited=0 sent_tile=Some(WorldTile { x: 2987, z: 3300, level: 0 })
[nav-follow] here=WorldTile { x: 2987, z: 3302, level: 0 } walk=true transport=false leg=0 hops=2 outcome=None
[host] hitch liveyn2bpd_0: observe_us=16829 paints=0 skips=2023 ticks=114
[nav-walk] here=WorldTile { x: 2987, z: 3304, level: 0 } aim=WorldTile { x: 2998, z: 3317, level: 0 } radius=2 ticks_waited=1 sent_tile=Some(WorldTile { x: 2987, z: 3300, level: 0 })
[nav-follow] here=WorldTile { x: 2987, z: 3304, level: 0 } walk=true transport=false leg=0 hops=2 outcome=None
[host] hitch liveyn2bpd_0: observe_us=18232 paints=0 skips=2048 ticks=115
[host] slot liveyn2bpd_0: d_loop_us=1986 d_raster_us=0 d_observe_us=72264 max_observe_us=18232 d_paints=0 d_skips=50 d_ticks=2 window_ms=1185
[nav-walk] here=WorldTile { x: 2987, z: 3306, level: 0 } aim=WorldTile { x: 2998, z: 3317, level: 0 } radius=2 ticks_waited=2 sent_tile=Some(WorldTile { x: 2987, z: 3300, level: 0 })
[nav-follow] here=WorldTile { x: 2987, z: 3306, level: 0 } walk=true transport=false leg=0 hops=2 outcome=None
[nav-walk] here=WorldTile { x: 2989, z: 3308, level: 0 } aim=WorldTile { x: 2998, z: 3317, level: 0 } radius=2 ticks_waited=3 sent_tile=Some(WorldTile { x: 2987, z: 3300, level: 0 })
[nav-follow] here=WorldTile { x: 2989, z: 3308, level: 0 } walk=true transport=false leg=0 hops=2 outcome=None
[host] hitch liveyn2bpd_0: observe_us=16303 paints=0 skips=2099 ticks=117
[host] slot liveyn2bpd_0: d_loop_us=767 d_raster_us=0 d_observe_us=64269 max_observe_us=16303 d_paints=0 d_skips=50 d_ticks=2 window_ms=1209
[nav-walk] here=WorldTile { x: 2991, z: 3310, level: 0 } aim=WorldTile { x: 2998, z: 3317, level: 0 } radius=2 ticks_waited=4 sent_tile=Some(WorldTile { x: 2987, z: 3300, level: 0 })
[nav-follow] here=WorldTile { x: 2991, z: 3310, level: 0 } walk=true transport=false leg=0 hops=2 outcome=None
[host] hitch liveyn2bpd_0: observe_us=16723 paints=0 skips=2124 ticks=118
[nav-walk] here=WorldTile { x: 2993, z: 3312, level: 0 } aim=WorldTile { x: 2998, z: 3317, level: 0 } radius=2 ticks_waited=5 sent_tile=Some(WorldTile { x: 2987, z: 3300, level: 0 })
[nav-follow] here=WorldTile { x: 2993, z: 3312, level: 0 } walk=true transport=false leg=0 hops=2 outcome=None
[host] hitch liveyn2bpd_0: observe_us=18758 paints=0 skips=2149 ticks=119
[host] slot liveyn2bpd_0: d_loop_us=825 d_raster_us=0 d_observe_us=69481 max_observe_us=18758 d_paints=0 d_skips=50 d_ticks=2 window_ms=1192
[nav-walk] here=WorldTile { x: 2995, z: 3314, level: 0 } aim=WorldTile { x: 2998, z: 3317, level: 0 } radius=2 ticks_waited=6 sent_tile=Some(WorldTile { x: 2987, z: 3300, level: 0 })
[nav-follow] here=WorldTile { x: 2995, z: 3314, level: 0 } walk=true transport=false leg=0 hops=2 outcome=None
[host] hitch liveyn2bpd_0: observe_us=16783 paints=0 skips=2175 ticks=120
[host] slot liveyn2bpd_0: d_loop_us=992 d_raster_us=0 d_observe_us=60278 max_observe_us=16783 d_paints=0 d_skips=50 d_ticks=2 window_ms=1160
[nav-walk] here=WorldTile { x: 2997, z: 3316, level: 0 } aim=WorldTile { x: 2998, z: 3317, level: 0 } radius=2 ticks_waited=7 sent_tile=Some(WorldTile { x: 2987, z: 3300, level: 0 })
[nav-follow] here=WorldTile { x: 2997, z: 3316, level: 0 } walk=true transport=false leg=0 hops=3 outcome=None
[host] hitch liveyn2bpd_0: observe_us=16529 paints=0 skips=2200 ticks=121
[nav-walk] here=WorldTile { x: 2999, z: 3316, level: 0 } aim=WorldTile { x: 3011, z: 3331, level: 0 } radius=2 ticks_waited=0 sent_tile=Some(WorldTile { x: 2997, z: 3316, level: 0 })
[nav-follow] here=WorldTile { x: 2999, z: 3316, level: 0 } walk=true transport=false leg=0 hops=3 outcome=None
[host] slot liveyn2bpd_0: d_loop_us=913 d_raster_us=0 d_observe_us=66175 max_observe_us=16529 d_paints=0 d_skips=50 d_ticks=1 window_ms=1177
[nav-walk] here=WorldTile { x: 3001, z: 3318, level: 0 } aim=WorldTile { x: 3011, z: 3331, level: 0 } radius=2 ticks_waited=1 sent_tile=Some(WorldTile { x: 2997, z: 3316, level: 0 })
[nav-follow] here=WorldTile { x: 3001, z: 3318, level: 0 } walk=true transport=false leg=0 hops=3 outcome=None
[host] hitch liveyn2bpd_0: observe_us=18672 paints=0 skips=2251 ticks=123
[nav-walk] here=WorldTile { x: 3003, z: 3320, level: 0 } aim=WorldTile { x: 3011, z: 3331, level: 0 } radius=2 ticks_waited=2 sent_tile=Some(WorldTile { x: 2997, z: 3316, level: 0 })
[nav-follow] here=WorldTile { x: 3003, z: 3320, level: 0 } walk=true transport=false leg=0 hops=3 outcome=None
[host] slot liveyn2bpd_0: d_loop_us=952 d_raster_us=0 d_observe_us=70962 max_observe_us=18672 d_paints=0 d_skips=50 d_ticks=2 window_ms=1180
[nav-walk] here=WorldTile { x: 3005, z: 3322, level: 0 } aim=WorldTile { x: 3011, z: 3331, level: 0 } radius=2 ticks_waited=3 sent_tile=Some(WorldTile { x: 2997, z: 3316, level: 0 })
[nav-follow] here=WorldTile { x: 3005, z: 3322, level: 0 } walk=true transport=false leg=0 hops=3 outcome=None
[host] hitch liveyn2bpd_0: observe_us=16329 paints=0 skips=2302 ticks=125
[nav-walk] here=WorldTile { x: 3007, z: 3324, level: 0 } aim=WorldTile { x: 3011, z: 3331, level: 0 } radius=2 ticks_waited=4 sent_tile=Some(WorldTile { x: 2997, z: 3316, level: 0 })
[nav-follow] here=WorldTile { x: 3007, z: 3324, level: 0 } walk=true transport=false leg=0 hops=3 outcome=None
[host] slot liveyn2bpd_0: d_loop_us=1031 d_raster_us=0 d_observe_us=64374 max_observe_us=16329 d_paints=0 d_skips=50 d_ticks=2 window_ms=1205
[nav-walk] here=WorldTile { x: 3009, z: 3326, level: 0 } aim=WorldTile { x: 3011, z: 3331, level: 0 } radius=2 ticks_waited=5 sent_tile=Some(WorldTile { x: 2997, z: 3316, level: 0 })
[nav-follow] here=WorldTile { x: 3009, z: 3326, level: 0 } walk=true transport=false leg=0 hops=3 outcome=None
[host] hitch liveyn2bpd_0: observe_us=16663 paints=0 skips=2352 ticks=127
[host] slot liveyn2bpd_0: d_loop_us=9523 d_raster_us=0 d_observe_us=81239 max_observe_us=16663 d_paints=0 d_skips=50 d_ticks=2 window_ms=1167
[nav-walk] here=WorldTile { x: 3011, z: 3330, level: 0 } aim=WorldTile { x: 3011, z: 3331, level: 0 } radius=2 ticks_waited=6 sent_tile=Some(WorldTile { x: 2997, z: 3316, level: 0 })
[nav-follow] here=WorldTile { x: 3011, z: 3330, level: 0 } walk=true transport=false leg=0 hops=4 outcome=None
[host] hitch liveyn2bpd_0: observe_us=18258 paints=0 skips=2403 ticks=129
[nav-walk] here=WorldTile { x: 3010, z: 3332, level: 0 } aim=WorldTile { x: 3011, z: 3347, level: 0 } radius=2 ticks_waited=0 sent_tile=Some(WorldTile { x: 3011, z: 3330, level: 0 })
[nav-follow] here=WorldTile { x: 3010, z: 3332, level: 0 } walk=true transport=false leg=0 hops=4 outcome=None
[host] hitch liveyn2bpd_0: observe_us=16086 paints=0 skips=2428 ticks=130
[host] slot liveyn2bpd_0: d_loop_us=1010 d_raster_us=0 d_observe_us=71064 max_observe_us=18258 d_paints=0 d_skips=50 d_ticks=2 window_ms=1202
[nav-walk] here=WorldTile { x: 3008, z: 3334, level: 0 } aim=WorldTile { x: 3011, z: 3347, level: 0 } radius=2 ticks_waited=1 sent_tile=Some(WorldTile { x: 3011, z: 3330, level: 0 })
[nav-follow] here=WorldTile { x: 3008, z: 3334, level: 0 } walk=true transport=false leg=0 hops=4 outcome=None
[host] hitch liveyn2bpd_0: observe_us=18668 paints=0 skips=2453 ticks=131
[nav-walk] here=WorldTile { x: 3008, z: 3336, level: 0 } aim=WorldTile { x: 3011, z: 3347, level: 0 } radius=2 ticks_waited=2 sent_tile=Some(WorldTile { x: 3011, z: 3330, level: 0 })
[nav-follow] here=WorldTile { x: 3008, z: 3336, level: 0 } walk=true transport=false leg=0 hops=4 outcome=None
[host] hitch liveyn2bpd_0: observe_us=21050 paints=0 skips=2478 ticks=132
[host] slot liveyn2bpd_0: d_loop_us=987 d_raster_us=0 d_observe_us=75457 max_observe_us=21050 d_paints=0 d_skips=50 d_ticks=2 window_ms=1180
[nav-walk] here=WorldTile { x: 3008, z: 3338, level: 0 } aim=WorldTile { x: 3011, z: 3347, level: 0 } radius=2 ticks_waited=3 sent_tile=Some(WorldTile { x: 3011, z: 3330, level: 0 })
[nav-follow] here=WorldTile { x: 3008, z: 3338, level: 0 } walk=true transport=false leg=0 hops=4 outcome=None
[host] hitch liveyn2bpd_0: observe_us=18857 paints=0 skips=2503 ticks=133
[nav-walk] here=WorldTile { x: 3008, z: 3340, level: 0 } aim=WorldTile { x: 3011, z: 3347, level: 0 } radius=2 ticks_waited=4 sent_tile=Some(WorldTile { x: 3011, z: 3330, level: 0 })
[nav-follow] here=WorldTile { x: 3008, z: 3340, level: 0 } walk=true transport=false leg=0 hops=4 outcome=None
[host] hitch liveyn2bpd_0: observe_us=16687 paints=0 skips=2529 ticks=134
[host] slot liveyn2bpd_0: d_loop_us=1041 d_raster_us=0 d_observe_us=69857 max_observe_us=18857 d_paints=0 d_skips=50 d_ticks=2 window_ms=1183
[nav-walk] here=WorldTile { x: 3008, z: 3342, level: 0 } aim=WorldTile { x: 3011, z: 3347, level: 0 } radius=2 ticks_waited=5 sent_tile=Some(WorldTile { x: 3011, z: 3330, level: 0 })
[nav-follow] here=WorldTile { x: 3008, z: 3342, level: 0 } walk=true transport=false leg=0 hops=4 outcome=None
[host] hitch liveyn2bpd_0: observe_us=18471 paints=0 skips=2554 ticks=135
[nav-walk] here=WorldTile { x: 3008, z: 3344, level: 0 } aim=WorldTile { x: 3011, z: 3347, level: 0 } radius=2 ticks_waited=6 sent_tile=Some(WorldTile { x: 3011, z: 3330, level: 0 })
[nav-follow] here=WorldTile { x: 3008, z: 3344, level: 0 } walk=true transport=false leg=0 hops=4 outcome=None
[host] hitch liveyn2bpd_0: observe_us=18813 paints=0 skips=2579 ticks=136
[host] slot liveyn2bpd_0: d_loop_us=1064 d_raster_us=0 d_observe_us=75346 max_observe_us=18813 d_paints=0 d_skips=50 d_ticks=2 window_ms=1191
[nav-walk] here=WorldTile { x: 3010, z: 3346, level: 0 } aim=WorldTile { x: 3011, z: 3347, level: 0 } radius=2 ticks_waited=7 sent_tile=Some(WorldTile { x: 3011, z: 3330, level: 0 })
[nav-follow] here=WorldTile { x: 3010, z: 3346, level: 0 } walk=true transport=false leg=0 hops=5 outcome=None
[host] hitch liveyn2bpd_0: observe_us=18459 paints=0 skips=2604 ticks=137
[nav-walk] here=WorldTile { x: 3010, z: 3348, level: 0 } aim=WorldTile { x: 3010, z: 3352, level: 0 } radius=0 ticks_waited=0 sent_tile=Some(WorldTile { x: 3010, z: 3346, level: 0 })
[nav-follow] here=WorldTile { x: 3010, z: 3348, level: 0 } walk=true transport=false leg=0 hops=5 outcome=None
[host] hitch liveyn2bpd_0: observe_us=18804 paints=0 skips=2630 ticks=138
[host] slot liveyn2bpd_0: d_loop_us=1056 d_raster_us=0 d_observe_us=70178 max_observe_us=18804 d_paints=0 d_skips=50 d_ticks=2 window_ms=1191
[nav-walk] here=WorldTile { x: 3010, z: 3350, level: 0 } aim=WorldTile { x: 3010, z: 3352, level: 0 } radius=0 ticks_waited=1 sent_tile=Some(WorldTile { x: 3010, z: 3346, level: 0 })
[nav-follow] here=WorldTile { x: 3010, z: 3350, level: 0 } walk=true transport=false leg=0 hops=5 outcome=None
[host] hitch liveyn2bpd_0: observe_us=18087 paints=0 skips=2655 ticks=139
[nav-walk] here=WorldTile { x: 3010, z: 3352, level: 0 } aim=WorldTile { x: 3010, z: 3352, level: 0 } radius=0 ticks_waited=2 sent_tile=Some(WorldTile { x: 3010, z: 3346, level: 0 })
[nav-follow] here=WorldTile { x: 3010, z: 3352, level: 0 } walk=false transport=false leg=1 hops=5 outcome=Some(Arrived { at: WorldTile { x: 3010, z: 3352, level: 0 } })
[host] hitch liveyn2bpd_0: observe_us=21332 paints=0 skips=2680 ticks=140
[script liveyn2bpd_0] interact WalkNear { x: 3013, z: 3355, level: 0, radius: 1, allow_teleports: false }
[host] slot liveyn2bpd_0: d_loop_us=1046 d_raster_us=0 d_observe_us=74716 max_observe_us=21332 d_paints=0 d_skips=50 d_ticks=2 window_ms=1187
[nav-follow] here=WorldTile { x: 3010, z: 3352, level: 0 } walk=true transport=false leg=0 hops=1 outcome=None
[nav-walk] here=WorldTile { x: 3008, z: 3352, level: 0 } aim=WorldTile { x: 3013, z: 3355, level: 0 } radius=0 ticks_waited=0 sent_tile=Some(WorldTile { x: 3010, z: 3352, level: 0 })
[nav-follow] here=WorldTile { x: 3008, z: 3352, level: 0 } walk=true transport=false leg=0 hops=1 outcome=None
[host] hitch liveyn2bpd_0: observe_us=17356 paints=0 skips=2730 ticks=142
[host] slot liveyn2bpd_0: d_loop_us=922 d_raster_us=0 d_observe_us=59740 max_observe_us=17356 d_paints=0 d_skips=50 d_ticks=2 window_ms=1203
[nav-walk] here=WorldTile { x: 3008, z: 3354, level: 0 } aim=WorldTile { x: 3013, z: 3355, level: 0 } radius=0 ticks_waited=1 sent_tile=Some(WorldTile { x: 3010, z: 3352, level: 0 })
[nav-follow] here=WorldTile { x: 3008, z: 3354, level: 0 } walk=true transport=false leg=0 hops=1 outcome=None
[host] hitch liveyn2bpd_0: observe_us=17286 paints=0 skips=2756 ticks=143
[nav-walk] here=WorldTile { x: 3008, z: 3356, level: 0 } aim=WorldTile { x: 3013, z: 3355, level: 0 } radius=0 ticks_waited=2 sent_tile=Some(WorldTile { x: 3010, z: 3352, level: 0 })
[nav-follow] here=WorldTile { x: 3008, z: 3356, level: 0 } walk=true transport=false leg=0 hops=1 outcome=None
[host] hitch liveyn2bpd_0: observe_us=18980 paints=0 skips=2781 ticks=144
[host] slot liveyn2bpd_0: d_loop_us=915 d_raster_us=0 d_observe_us=68710 max_observe_us=18980 d_paints=0 d_skips=50 d_ticks=2 window_ms=1161
[nav-walk] here=WorldTile { x: 3009, z: 3358, level: 0 } aim=WorldTile { x: 3013, z: 3355, level: 0 } radius=0 ticks_waited=3 sent_tile=Some(WorldTile { x: 3010, z: 3352, level: 0 })
[nav-follow] here=WorldTile { x: 3009, z: 3358, level: 0 } walk=true transport=false leg=0 hops=1 outcome=None
[host] hitch liveyn2bpd_0: observe_us=17512 paints=0 skips=2806 ticks=145
[nav-walk] here=WorldTile { x: 3011, z: 3359, level: 0 } aim=WorldTile { x: 3013, z: 3355, level: 0 } radius=0 ticks_waited=4 sent_tile=Some(WorldTile { x: 3010, z: 3352, level: 0 })
[nav-follow] here=WorldTile { x: 3011, z: 3359, level: 0 } walk=true transport=false leg=0 hops=1 outcome=None
[host] hitch liveyn2bpd_0: observe_us=17412 paints=0 skips=2831 ticks=146
[host] slot liveyn2bpd_0: d_loop_us=837 d_raster_us=0 d_observe_us=67061 max_observe_us=17512 d_paints=0 d_skips=50 d_ticks=2 window_ms=1200
[nav-walk] here=WorldTile { x: 3012, z: 3358, level: 0 } aim=WorldTile { x: 3013, z: 3355, level: 0 } radius=0 ticks_waited=5 sent_tile=Some(WorldTile { x: 3010, z: 3352, level: 0 })
[nav-follow] here=WorldTile { x: 3012, z: 3358, level: 0 } walk=true transport=false leg=0 hops=1 outcome=None
[host] hitch liveyn2bpd_0: observe_us=17242 paints=0 skips=2856 ticks=147
[nav-walk] here=WorldTile { x: 3012, z: 3356, level: 0 } aim=WorldTile { x: 3013, z: 3355, level: 0 } radius=0 ticks_waited=6 sent_tile=Some(WorldTile { x: 3010, z: 3352, level: 0 })
[nav-follow] here=WorldTile { x: 3012, z: 3356, level: 0 } walk=true transport=false leg=0 hops=1 outcome=None
[host] hitch liveyn2bpd_0: observe_us=18938 paints=0 skips=2881 ticks=148
[script liveyn2bpd_0] interact OpenBooth { x: 3011, z: 3354, level: 0, id: 2213, name: Some("Bank booth"), action: Some("Use-quickly") }
[host] slot liveyn2bpd_0: d_loop_us=911 d_raster_us=0 d_observe_us=69052 max_observe_us=18938 d_paints=0 d_skips=50 d_ticks=2 window_ms=1204
[nav-walk] here=WorldTile { x: 3012, z: 3355, level: 0 } aim=WorldTile { x: 3013, z: 3355, level: 0 } radius=0 ticks_waited=7 sent_tile=Some(WorldTile { x: 3010, z: 3352, level: 0 })
[nav-follow] here=WorldTile { x: 3012, z: 3355, level: 0 } walk=true transport=false leg=0 hops=1 outcome=None
[host] hitch liveyn2bpd_0: observe_us=16902 paints=0 skips=2906 ticks=149
[nav-walk] here=WorldTile { x: 3012, z: 3355, level: 0 } aim=WorldTile { x: 3013, z: 3355, level: 0 } radius=0 ticks_waited=8 sent_tile=Some(WorldTile { x: 3010, z: 3352, level: 0 })
[nav-follow] here=WorldTile { x: 3012, z: 3355, level: 0 } walk=true transport=false leg=0 hops=1 outcome=None
[host] slot liveyn2bpd_0: d_loop_us=961 d_raster_us=0 d_observe_us=62176 max_observe_us=16902 d_paints=0 d_skips=50 d_ticks=2 window_ms=1187
[nav-walk] here=WorldTile { x: 3012, z: 3355, level: 0 } aim=WorldTile { x: 3013, z: 3355, level: 0 } radius=0 ticks_waited=9 sent_tile=Some(WorldTile { x: 3010, z: 3352, level: 0 })
[nav-follow] here=WorldTile { x: 3012, z: 3355, level: 0 } walk=true transport=false leg=0 hops=1 outcome=None
[nav-walk] here=WorldTile { x: 3012, z: 3355, level: 0 } aim=WorldTile { x: 3013, z: 3355, level: 0 } radius=0 ticks_waited=10 sent_tile=Some(WorldTile { x: 3010, z: 3352, level: 0 })
[nav-follow] here=WorldTile { x: 3012, z: 3355, level: 0 } walk=true transport=false leg=0 hops=1 outcome=None
[host] slot liveyn2bpd_0: d_loop_us=915 d_raster_us=0 d_observe_us=52390 max_observe_us=9404 d_paints=0 d_skips=50 d_ticks=2 window_ms=1183
[nav-walk] here=WorldTile { x: 3012, z: 3355, level: 0 } aim=WorldTile { x: 3013, z: 3355, level: 0 } radius=0 ticks_waited=11 sent_tile=Some(WorldTile { x: 3010, z: 3352, level: 0 })
[nav-follow] here=WorldTile { x: 3012, z: 3355, level: 0 } walk=true transport=false leg=0 hops=1 outcome=None
[nav-walk] here=WorldTile { x: 3012, z: 3355, level: 0 } aim=WorldTile { x: 3013, z: 3355, level: 0 } radius=0 ticks_waited=12 sent_tile=Some(WorldTile { x: 3010, z: 3352, level: 0 })
[nav-follow] here=WorldTile { x: 3012, z: 3355, level: 0 } walk=true transport=false leg=0 hops=1 outcome=None
[host] slot liveyn2bpd_0: d_loop_us=951 d_raster_us=0 d_observe_us=51945 max_observe_us=9711 d_paints=0 d_skips=50 d_ticks=2 window_ms=1202
[nav-walk] here=WorldTile { x: 3012, z: 3355, level: 0 } aim=WorldTile { x: 3013, z: 3355, level: 0 } radius=0 ticks_waited=13 sent_tile=Some(WorldTile { x: 3010, z: 3352, level: 0 })
[nav-follow] here=WorldTile { x: 3012, z: 3355, level: 0 } walk=true transport=false leg=0 hops=1 outcome=None
[nav-walk] here=WorldTile { x: 3012, z: 3355, level: 0 } aim=WorldTile { x: 3013, z: 3355, level: 0 } radius=0 ticks_waited=14 sent_tile=Some(WorldTile { x: 3010, z: 3352, level: 0 })
[nav-follow] here=WorldTile { x: 3012, z: 3355, level: 0 } walk=true transport=false leg=0 hops=1 outcome=None
[host] slot liveyn2bpd_0: d_loop_us=973 d_raster_us=0 d_observe_us=54064 max_observe_us=9525 d_paints=0 d_skips=50 d_ticks=2 window_ms=1187
[nav-walk] here=WorldTile { x: 3012, z: 3355, level: 0 } aim=WorldTile { x: 3013, z: 3355, level: 0 } radius=0 ticks_waited=15 sent_tile=Some(WorldTile { x: 3010, z: 3352, level: 0 })
[nav-follow] here=WorldTile { x: 3012, z: 3355, level: 0 } walk=true transport=false leg=0 hops=1 outcome=None
[script liveyn2bpd_0] interact OpenBooth { x: 3011, z: 3354, level: 0, id: 2213, name: Some("Bank booth"), action: Some("Use-quickly") }
[nav-walk] here=WorldTile { x: 3011, z: 3355, level: 0 } aim=WorldTile { x: 3013, z: 3355, level: 0 } radius=0 ticks_waited=16 sent_tile=Some(WorldTile { x: 3010, z: 3352, level: 0 })
[nav-follow] here=WorldTile { x: 3011, z: 3355, level: 0 } walk=true transport=false leg=0 hops=1 outcome=None
[host] hitch liveyn2bpd_0: observe_us=18878 paints=0 skips=3133 ticks=158
[host] slot liveyn2bpd_0: d_loop_us=929 d_raster_us=0 d_observe_us=61970 max_observe_us=18878 d_paints=0 d_skips=50 d_ticks=2 window_ms=1176
[nav-walk] here=WorldTile { x: 3011, z: 3355, level: 0 } aim=WorldTile { x: 3013, z: 3355, level: 0 } radius=0 ticks_waited=17 sent_tile=Some(WorldTile { x: 3010, z: 3352, level: 0 })
[nav-follow] here=WorldTile { x: 3011, z: 3355, level: 0 } walk=true transport=false leg=0 hops=1 outcome=None
[nav-walk] here=WorldTile { x: 3011, z: 3355, level: 0 } aim=WorldTile { x: 3013, z: 3355, level: 0 } radius=0 ticks_waited=18 sent_tile=Some(WorldTile { x: 3010, z: 3352, level: 0 })
[nav-follow] here=WorldTile { x: 3011, z: 3355, level: 0 } walk=true transport=false leg=0 hops=1 outcome=None
[script liveyn2bpd_0] interact SetNoteMode { on: false }
[shim-note] on=false sent
[host] slot liveyn2bpd_0: d_loop_us=1070 d_raster_us=0 d_observe_us=64813 max_observe_us=12547 d_paints=0 d_skips=50 d_ticks=2 window_ms=1194
[nav-walk] here=WorldTile { x: 3011, z: 3355, level: 0 } aim=WorldTile { x: 3013, z: 3355, level: 0 } radius=0 ticks_waited=19 sent_tile=Some(WorldTile { x: 3010, z: 3352, level: 0 })
[nav-follow] here=WorldTile { x: 3011, z: 3355, level: 0 } walk=true transport=false leg=0 hops=1 outcome=None
[nav-walk] here=WorldTile { x: 3011, z: 3355, level: 0 } aim=WorldTile { x: 3013, z: 3355, level: 0 } radius=0 ticks_waited=20 sent_tile=Some(WorldTile { x: 3010, z: 3352, level: 0 })
[nav-follow] here=WorldTile { x: 3011, z: 3355, level: 0 } walk=true transport=false leg=0 hops=1 outcome=None
[host] slot liveyn2bpd_0: d_loop_us=974 d_raster_us=0 d_observe_us=60302 max_observe_us=12836 d_paints=0 d_skips=50 d_ticks=2 window_ms=1203
[nav-walk] here=WorldTile { x: 3011, z: 3355, level: 0 } aim=WorldTile { x: 3013, z: 3355, level: 0 } radius=0 ticks_waited=21 sent_tile=Some(WorldTile { x: 3010, z: 3352, level: 0 })
[nav-follow] here=WorldTile { x: 3011, z: 3355, level: 0 } walk=true transport=false leg=0 hops=1 outcome=None
[script liveyn2bpd_0] deposited 27 Air runes
[nav-walk] here=WorldTile { x: 3011, z: 3355, level: 0 } aim=WorldTile { x: 3013, z: 3355, level: 0 } radius=0 ticks_waited=22 sent_tile=Some(WorldTile { x: 3010, z: 3352, level: 0 })
[nav-follow] here=WorldTile { x: 3011, z: 3355, level: 0 } walk=true transport=false leg=0 hops=1 outcome=None
[host] slot liveyn2bpd_0: d_loop_us=1022 d_raster_us=0 d_observe_us=61463 max_observe_us=12958 d_paints=0 d_skips=50 d_ticks=2 window_ms=1187
[nav-walk] here=WorldTile { x: 3011, z: 3355, level: 0 } aim=WorldTile { x: 3013, z: 3355, level: 0 } radius=0 ticks_waited=23 sent_tile=Some(WorldTile { x: 3010, z: 3352, level: 0 })
[nav-follow] here=WorldTile { x: 3011, z: 3355, level: 0 } walk=true transport=false leg=0 hops=1 outcome=None
[script liveyn2bpd_0] withdrew 27 rune essence (trip 2)
[nav-walk] here=WorldTile { x: 3011, z: 3355, level: 0 } aim=WorldTile { x: 3013, z: 3355, level: 0 } radius=0 ticks_waited=24 sent_tile=Some(WorldTile { x: 3010, z: 3352, level: 0 })
[nav-follow] here=WorldTile { x: 3011, z: 3355, level: 0 } walk=true transport=false leg=0 hops=1 outcome=None
[script liveyn2bpd_0] heading to the mysterious ruins
[script liveyn2bpd_0] interact WalkNear { x: 2988, z: 3294, level: 0, radius: 1, allow_teleports: false }
[host] slot liveyn2bpd_0: d_loop_us=927 d_raster_us=0 d_observe_us=56126 max_observe_us=9299 d_paints=0 d_skips=50 d_ticks=2 window_ms=1191
[nav-follow] here=WorldTile { x: 3011, z: 3355, level: 0 } walk=true transport=false leg=0 hops=1 outcome=None
[nav-walk] here=WorldTile { x: 3012, z: 3357, level: 0 } aim=WorldTile { x: 3010, z: 3350, level: 0 } radius=2 ticks_waited=0 sent_tile=Some(WorldTile { x: 3011, z: 3355, level: 0 })
[nav-follow] here=WorldTile { x: 3012, z: 3357, level: 0 } walk=true transport=false leg=0 hops=1 outcome=None
[host] hitch liveyn2bpd_0: observe_us=21011 paints=0 skips=3385 ticks=168
[host] slot liveyn2bpd_0: d_loop_us=948 d_raster_us=0 d_observe_us=71329 max_observe_us=21011 d_paints=0 d_skips=50 d_ticks=2 window_ms=1185
[nav-walk] here=WorldTile { x: 3012, z: 3359, level: 0 } aim=WorldTile { x: 3010, z: 3350, level: 0 } radius=2 ticks_waited=1 sent_tile=Some(WorldTile { x: 3011, z: 3355, level: 0 })
[nav-follow] here=WorldTile { x: 3012, z: 3359, level: 0 } walk=true transport=false leg=0 hops=1 outcome=None
[host] hitch liveyn2bpd_0: observe_us=19542 paints=0 skips=3410 ticks=169
[nav-walk] here=WorldTile { x: 3010, z: 3359, level: 0 } aim=WorldTile { x: 3010, z: 3350, level: 0 } radius=2 ticks_waited=2 sent_tile=Some(WorldTile { x: 3011, z: 3355, level: 0 })
[nav-follow] here=WorldTile { x: 3010, z: 3359, level: 0 } walk=true transport=false leg=0 hops=1 outcome=None
[host] hitch liveyn2bpd_0: observe_us=18408 paints=0 skips=3435 ticks=170
[host] slot liveyn2bpd_0: d_loop_us=896 d_raster_us=0 d_observe_us=72535 max_observe_us=19542 d_paints=0 d_skips=50 d_ticks=2 window_ms=1204
[nav-walk] here=WorldTile { x: 3008, z: 3357, level: 0 } aim=WorldTile { x: 3010, z: 3350, level: 0 } radius=2 ticks_waited=3 sent_tile=Some(WorldTile { x: 3011, z: 3355, level: 0 })
[nav-follow] here=WorldTile { x: 3008, z: 3357, level: 0 } walk=true transport=false leg=0 hops=1 outcome=None
[host] hitch liveyn2bpd_0: observe_us=19098 paints=0 skips=3460 ticks=171
[nav-walk] here=WorldTile { x: 3008, z: 3355, level: 0 } aim=WorldTile { x: 3010, z: 3350, level: 0 } radius=2 ticks_waited=4 sent_tile=Some(WorldTile { x: 3011, z: 3355, level: 0 })
[nav-follow] here=WorldTile { x: 3008, z: 3355, level: 0 } walk=true transport=false leg=0 hops=1 outcome=None
[host] hitch liveyn2bpd_0: observe_us=19142 paints=0 skips=3486 ticks=172
[host] slot liveyn2bpd_0: d_loop_us=988 d_raster_us=0 d_observe_us=73680 max_observe_us=19142 d_paints=0 d_skips=50 d_ticks=2 window_ms=1186
[nav-walk] here=WorldTile { x: 3008, z: 3353, level: 0 } aim=WorldTile { x: 3010, z: 3350, level: 0 } radius=2 ticks_waited=5 sent_tile=Some(WorldTile { x: 3011, z: 3355, level: 0 })
[nav-follow] here=WorldTile { x: 3008, z: 3353, level: 0 } walk=true transport=false leg=0 hops=1 outcome=None
[host] hitch liveyn2bpd_0: observe_us=19788 paints=0 skips=3511 ticks=173
[nav-walk] here=WorldTile { x: 3009, z: 3351, level: 0 } aim=WorldTile { x: 3010, z: 3350, level: 0 } radius=2 ticks_waited=6 sent_tile=Some(WorldTile { x: 3011, z: 3355, level: 0 })
[nav-follow] here=WorldTile { x: 3009, z: 3351, level: 0 } walk=true transport=false leg=0 hops=2 outcome=None
[host] hitch liveyn2bpd_0: observe_us=21099 paints=0 skips=3536 ticks=174
[host] slot liveyn2bpd_0: d_loop_us=999 d_raster_us=0 d_observe_us=77676 max_observe_us=21099 d_paints=0 d_skips=50 d_ticks=2 window_ms=1200
[nav-walk] here=WorldTile { x: 3009, z: 3349, level: 0 } aim=WorldTile { x: 3008, z: 3334, level: 0 } radius=2 ticks_waited=0 sent_tile=Some(WorldTile { x: 3009, z: 3351, level: 0 })
[nav-follow] here=WorldTile { x: 3009, z: 3349, level: 0 } walk=true transport=false leg=0 hops=2 outcome=None
[host] hitch liveyn2bpd_0: observe_us=19110 paints=0 skips=3561 ticks=175
[nav-walk] here=WorldTile { x: 3009, z: 3347, level: 0 } aim=WorldTile { x: 3008, z: 3334, level: 0 } radius=2 ticks_waited=1 sent_tile=Some(WorldTile { x: 3009, z: 3351, level: 0 })
[nav-follow] here=WorldTile { x: 3009, z: 3347, level: 0 } walk=true transport=false leg=0 hops=2 outcome=None
[host] hitch liveyn2bpd_0: observe_us=18637 paints=0 skips=3586 ticks=176
[host] slot liveyn2bpd_0: d_loop_us=1034 d_raster_us=0 d_observe_us=72895 max_observe_us=19110 d_paints=0 d_skips=50 d_ticks=2 window_ms=1193
[nav-walk] here=WorldTile { x: 3009, z: 3345, level: 0 } aim=WorldTile { x: 3008, z: 3334, level: 0 } radius=2 ticks_waited=2 sent_tile=Some(WorldTile { x: 3009, z: 3351, level: 0 })
[nav-follow] here=WorldTile { x: 3009, z: 3345, level: 0 } walk=true transport=false leg=0 hops=2 outcome=None
[host] hitch liveyn2bpd_0: observe_us=19365 paints=0 skips=3611 ticks=177
[nav-walk] here=WorldTile { x: 3008, z: 3343, level: 0 } aim=WorldTile { x: 3008, z: 3334, level: 0 } radius=2 ticks_waited=3 sent_tile=Some(WorldTile { x: 3009, z: 3351, level: 0 })
[nav-follow] here=WorldTile { x: 3008, z: 3343, level: 0 } walk=true transport=false leg=0 hops=2 outcome=None
[host] hitch liveyn2bpd_0: observe_us=22032 paints=0 skips=3636 ticks=178
[host] slot liveyn2bpd_0: d_loop_us=1044 d_raster_us=0 d_observe_us=80069 max_observe_us=22032 d_paints=0 d_skips=50 d_ticks=2 window_ms=1197
[nav-walk] here=WorldTile { x: 3008, z: 3341, level: 0 } aim=WorldTile { x: 3008, z: 3334, level: 0 } radius=2 ticks_waited=4 sent_tile=Some(WorldTile { x: 3009, z: 3351, level: 0 })
[nav-follow] here=WorldTile { x: 3008, z: 3341, level: 0 } walk=true transport=false leg=0 hops=2 outcome=None
[host] hitch liveyn2bpd_0: observe_us=19235 paints=0 skips=3661 ticks=179
[nav-walk] here=WorldTile { x: 3008, z: 3339, level: 0 } aim=WorldTile { x: 3008, z: 3334, level: 0 } radius=2 ticks_waited=5 sent_tile=Some(WorldTile { x: 3009, z: 3351, level: 0 })
[nav-follow] here=WorldTile { x: 3008, z: 3339, level: 0 } walk=true transport=false leg=0 hops=2 outcome=None
[host] hitch liveyn2bpd_0: observe_us=19165 paints=0 skips=3686 ticks=180
[host] slot liveyn2bpd_0: d_loop_us=1018 d_raster_us=0 d_observe_us=73208 max_observe_us=19235 d_paints=0 d_skips=50 d_ticks=2 window_ms=1193
[nav-walk] here=WorldTile { x: 3008, z: 3337, level: 0 } aim=WorldTile { x: 3008, z: 3334, level: 0 } radius=2 ticks_waited=6 sent_tile=Some(WorldTile { x: 3009, z: 3351, level: 0 })
[nav-follow] here=WorldTile { x: 3008, z: 3337, level: 0 } walk=true transport=false leg=0 hops=2 outcome=None
[host] hitch liveyn2bpd_0: observe_us=18895 paints=0 skips=3711 ticks=181
[nav-walk] here=WorldTile { x: 3008, z: 3335, level: 0 } aim=WorldTile { x: 3008, z: 3334, level: 0 } radius=2 ticks_waited=7 sent_tile=Some(WorldTile { x: 3009, z: 3351, level: 0 })
[nav-follow] here=WorldTile { x: 3008, z: 3335, level: 0 } walk=true transport=false leg=0 hops=3 outcome=None
[host] hitch liveyn2bpd_0: observe_us=21572 paints=0 skips=3737 ticks=182
[host] slot liveyn2bpd_0: d_loop_us=1021 d_raster_us=0 d_observe_us=78686 max_observe_us=21572 d_paints=0 d_skips=50 d_ticks=2 window_ms=1184
[nav-walk] here=WorldTile { x: 3008, z: 3333, level: 0 } aim=WorldTile { x: 3001, z: 3318, level: 0 } radius=2 ticks_waited=0 sent_tile=Some(WorldTile { x: 3008, z: 3335, level: 0 })
[nav-follow] here=WorldTile { x: 3008, z: 3333, level: 0 } walk=true transport=false leg=0 hops=3 outcome=None
[host] hitch liveyn2bpd_0: observe_us=18275 paints=0 skips=3762 ticks=183
[nav-walk] here=WorldTile { x: 3008, z: 3331, level: 0 } aim=WorldTile { x: 3001, z: 3318, level: 0 } radius=2 ticks_waited=1 sent_tile=Some(WorldTile { x: 3008, z: 3335, level: 0 })
[nav-follow] here=WorldTile { x: 3008, z: 3331, level: 0 } walk=true transport=false leg=0 hops=3 outcome=None
[host] hitch liveyn2bpd_0: observe_us=19462 paints=0 skips=3787 ticks=184
[host] slot liveyn2bpd_0: d_loop_us=992 d_raster_us=0 d_observe_us=72223 max_observe_us=19462 d_paints=0 d_skips=50 d_ticks=2 window_ms=1191
[nav-walk] here=WorldTile { x: 3008, z: 3329, level: 0 } aim=WorldTile { x: 3001, z: 3318, level: 0 } radius=2 ticks_waited=2 sent_tile=Some(WorldTile { x: 3008, z: 3335, level: 0 })
[nav-follow] here=WorldTile { x: 3008, z: 3329, level: 0 } walk=true transport=false leg=0 hops=3 outcome=None
[host] hitch liveyn2bpd_0: observe_us=19065 paints=0 skips=3812 ticks=185
[nav-walk] here=WorldTile { x: 3008, z: 3327, level: 0 } aim=WorldTile { x: 3001, z: 3318, level: 0 } radius=2 ticks_waited=3 sent_tile=Some(WorldTile { x: 3008, z: 3335, level: 0 })
[nav-follow] here=WorldTile { x: 3008, z: 3327, level: 0 } walk=true transport=false leg=0 hops=3 outcome=None
[host] hitch liveyn2bpd_0: observe_us=19775 paints=0 skips=3837 ticks=186
[host] slot liveyn2bpd_0: d_loop_us=1023 d_raster_us=0 d_observe_us=76679 max_observe_us=19775 d_paints=0 d_skips=50 d_ticks=2 window_ms=1190
[nav-walk] here=WorldTile { x: 3008, z: 3325, level: 0 } aim=WorldTile { x: 3001, z: 3318, level: 0 } radius=2 ticks_waited=4 sent_tile=Some(WorldTile { x: 3008, z: 3335, level: 0 })
[nav-follow] here=WorldTile { x: 3008, z: 3325, level: 0 } walk=true transport=false leg=0 hops=3 outcome=None
[host] hitch liveyn2bpd_0: observe_us=23450 paints=0 skips=3863 ticks=187
[nav-walk] here=WorldTile { x: 3006, z: 3323, level: 0 } aim=WorldTile { x: 3001, z: 3318, level: 0 } radius=2 ticks_waited=5 sent_tile=Some(WorldTile { x: 3008, z: 3335, level: 0 })
[nav-follow] here=WorldTile { x: 3006, z: 3323, level: 0 } walk=true transport=false leg=0 hops=3 outcome=None
[host] hitch liveyn2bpd_0: observe_us=20181 paints=0 skips=3888 ticks=188
[host] slot liveyn2bpd_0: d_loop_us=1056 d_raster_us=0 d_observe_us=80646 max_observe_us=23450 d_paints=0 d_skips=50 d_ticks=2 window_ms=1190
[nav-walk] here=WorldTile { x: 3004, z: 3321, level: 0 } aim=WorldTile { x: 3001, z: 3318, level: 0 } radius=2 ticks_waited=6 sent_tile=Some(WorldTile { x: 3008, z: 3335, level: 0 })
[nav-follow] here=WorldTile { x: 3004, z: 3321, level: 0 } walk=true transport=false leg=0 hops=3 outcome=None
[host] hitch liveyn2bpd_0: observe_us=20607 paints=0 skips=3913 ticks=189
[nav-walk] here=WorldTile { x: 3002, z: 3319, level: 0 } aim=WorldTile { x: 3001, z: 3318, level: 0 } radius=2 ticks_waited=7 sent_tile=Some(WorldTile { x: 3008, z: 3335, level: 0 })
[nav-follow] here=WorldTile { x: 3002, z: 3319, level: 0 } walk=true transport=false leg=0 hops=4 outcome=None
[host] hitch liveyn2bpd_0: observe_us=21662 paints=0 skips=3938 ticks=190
[host] slot liveyn2bpd_0: d_loop_us=1006 d_raster_us=0 d_observe_us=86913 max_observe_us=21662 d_paints=0 d_skips=50 d_ticks=2 window_ms=1185
[nav-walk] here=WorldTile { x: 3001, z: 3317, level: 0 } aim=WorldTile { x: 2995, z: 3302, level: 0 } radius=2 ticks_waited=0 sent_tile=Some(WorldTile { x: 3002, z: 3319, level: 0 })
[nav-follow] here=WorldTile { x: 3001, z: 3317, level: 0 } walk=true transport=false leg=0 hops=4 outcome=None
[host] hitch liveyn2bpd_0: observe_us=19090 paints=0 skips=3963 ticks=191
[nav-walk] here=WorldTile { x: 3001, z: 3315, level: 0 } aim=WorldTile { x: 2995, z: 3302, level: 0 } radius=2 ticks_waited=1 sent_tile=Some(WorldTile { x: 3002, z: 3319, level: 0 })
[nav-follow] here=WorldTile { x: 3001, z: 3315, level: 0 } walk=true transport=false leg=0 hops=4 outcome=None
[host] hitch liveyn2bpd_0: observe_us=16181 paints=0 skips=3988 ticks=192
[host] slot liveyn2bpd_0: d_loop_us=828 d_raster_us=0 d_observe_us=68647 max_observe_us=19090 d_paints=0 d_skips=50 d_ticks=2 window_ms=1199
[nav-walk] here=WorldTile { x: 2999, z: 3313, level: 0 } aim=WorldTile { x: 2995, z: 3302, level: 0 } radius=2 ticks_waited=2 sent_tile=Some(WorldTile { x: 3002, z: 3319, level: 0 })
[nav-follow] here=WorldTile { x: 2999, z: 3313, level: 0 } walk=true transport=false leg=0 hops=4 outcome=None
[host] hitch liveyn2bpd_0: observe_us=21166 paints=0 skips=4014 ticks=193
[nav-walk] here=WorldTile { x: 2999, z: 3311, level: 0 } aim=WorldTile { x: 2995, z: 3302, level: 0 } radius=2 ticks_waited=3 sent_tile=Some(WorldTile { x: 3002, z: 3319, level: 0 })
[nav-follow] here=WorldTile { x: 2999, z: 3311, level: 0 } walk=true transport=false leg=0 hops=4 outcome=None
[host] hitch liveyn2bpd_0: observe_us=20129 paints=0 skips=4039 ticks=194
[host] slot liveyn2bpd_0: d_loop_us=1049 d_raster_us=0 d_observe_us=80924 max_observe_us=21166 d_paints=0 d_skips=50 d_ticks=2 window_ms=1191
[nav-walk] here=WorldTile { x: 2998, z: 3309, level: 0 } aim=WorldTile { x: 2995, z: 3302, level: 0 } radius=2 ticks_waited=4 sent_tile=Some(WorldTile { x: 3002, z: 3319, level: 0 })
[nav-follow] here=WorldTile { x: 2998, z: 3309, level: 0 } walk=true transport=false leg=0 hops=4 outcome=None
[host] hitch liveyn2bpd_0: observe_us=19677 paints=0 skips=4064 ticks=195
[nav-walk] here=WorldTile { x: 2998, z: 3307, level: 0 } aim=WorldTile { x: 2995, z: 3302, level: 0 } radius=2 ticks_waited=5 sent_tile=Some(WorldTile { x: 3002, z: 3319, level: 0 })
[nav-follow] here=WorldTile { x: 2998, z: 3307, level: 0 } walk=true transport=false leg=0 hops=4 outcome=None
[host] hitch liveyn2bpd_0: observe_us=17813 paints=0 skips=4089 ticks=196
[host] slot liveyn2bpd_0: d_loop_us=834 d_raster_us=0 d_observe_us=72249 max_observe_us=19677 d_paints=0 d_skips=50 d_ticks=2 window_ms=1175
[nav-walk] here=WorldTile { x: 2998, z: 3305, level: 0 } aim=WorldTile { x: 2995, z: 3302, level: 0 } radius=2 ticks_waited=6 sent_tile=Some(WorldTile { x: 3002, z: 3319, level: 0 })
[nav-follow] here=WorldTile { x: 2998, z: 3305, level: 0 } walk=true transport=false leg=0 hops=4 outcome=None
[host] hitch liveyn2bpd_0: observe_us=18924 paints=0 skips=4115 ticks=197
[nav-walk] here=WorldTile { x: 2996, z: 3303, level: 0 } aim=WorldTile { x: 2995, z: 3302, level: 0 } radius=2 ticks_waited=7 sent_tile=Some(WorldTile { x: 3002, z: 3319, level: 0 })
[nav-follow] here=WorldTile { x: 2996, z: 3303, level: 0 } walk=true transport=false leg=0 hops=5 outcome=None
[host] hitch liveyn2bpd_0: observe_us=19355 paints=0 skips=4140 ticks=198
[host] slot liveyn2bpd_0: d_loop_us=788 d_raster_us=0 d_observe_us=72239 max_observe_us=19355 d_paints=0 d_skips=50 d_ticks=2 window_ms=1207
[nav-walk] here=WorldTile { x: 2994, z: 3301, level: 0 } aim=WorldTile { x: 2989, z: 3295, level: 0 } radius=0 ticks_waited=0 sent_tile=Some(WorldTile { x: 2996, z: 3303, level: 0 })
[nav-follow] here=WorldTile { x: 2994, z: 3301, level: 0 } walk=true transport=false leg=0 hops=5 outcome=None
[host] hitch liveyn2bpd_0: observe_us=20102 paints=0 skips=4165 ticks=199
[nav-walk] here=WorldTile { x: 2993, z: 3299, level: 0 } aim=WorldTile { x: 2989, z: 3295, level: 0 } radius=0 ticks_waited=1 sent_tile=Some(WorldTile { x: 2996, z: 3303, level: 0 })
[nav-follow] here=WorldTile { x: 2993, z: 3299, level: 0 } walk=true transport=false leg=0 hops=5 outcome=None
[host] hitch liveyn2bpd_0: observe_us=18583 paints=0 skips=4190 ticks=200
[host] slot liveyn2bpd_0: d_loop_us=735 d_raster_us=0 d_observe_us=72959 max_observe_us=20102 d_paints=0 d_skips=50 d_ticks=2 window_ms=1192
[nav-walk] here=WorldTile { x: 2993, z: 3297, level: 0 } aim=WorldTile { x: 2989, z: 3295, level: 0 } radius=0 ticks_waited=2 sent_tile=Some(WorldTile { x: 2996, z: 3303, level: 0 })
[nav-follow] here=WorldTile { x: 2993, z: 3297, level: 0 } walk=true transport=false leg=0 hops=5 outcome=None
[host] hitch liveyn2bpd_0: observe_us=18958 paints=0 skips=4215 ticks=201
[host] slot liveyn2bpd_0: d_loop_us=9865 d_raster_us=0 d_observe_us=78203 max_observe_us=18958 d_paints=0 d_skips=50 d_ticks=2 window_ms=1182
[nav-walk] here=WorldTile { x: 2989, z: 3295, level: 0 } aim=WorldTile { x: 2989, z: 3295, level: 0 } radius=0 ticks_waited=3 sent_tile=Some(WorldTile { x: 2996, z: 3303, level: 0 })
[nav-follow] here=WorldTile { x: 2989, z: 3295, level: 0 } walk=false transport=false leg=1 hops=5 outcome=Some(Arrived { at: WorldTile { x: 2989, z: 3295, level: 0 } })
[script liveyn2bpd_0] using the Air talisman on the mysterious ruins
[script liveyn2bpd_0] interact UseOn { name: "Air talisman", kind: "loc", target_name: Some("Mysterious ruins"), x: 2984, z: 3291, level: 0, index: None, source_item_id: Some(1438), source_item_slot: Some(0), target_item_id: None, target_item_slot: None }
[host] hitch liveyn2bpd_0: observe_us=17615 paints=0 skips=4291 ticks=204
[host] slot liveyn2bpd_0: d_loop_us=701 d_raster_us=0 d_observe_us=67571 max_observe_us=17615 d_paints=0 d_skips=50 d_ticks=2 window_ms=1192
[host] hitch liveyn2bpd_0: observe_us=18661 paints=0 skips=4316 ticks=205
[host] slot liveyn2bpd_0: d_loop_us=725 d_raster_us=0 d_observe_us=61424 max_observe_us=18661 d_paints=0 d_skips=50 d_ticks=2 window_ms=1198
[host] slot liveyn2bpd_0: d_loop_us=8369 d_raster_us=0 d_observe_us=68181 max_observe_us=10024 d_paints=0 d_skips=50 d_ticks=2 window_ms=1127
[script liveyn2bpd_0] entered the altar
[script liveyn2bpd_0] crafting 27 essence at the altar
[script liveyn2bpd_0] interact Loc { x: 2843, z: 4833, level: 0, action: "Craft-rune", id: Some(2478) }
[host] slot liveyn2bpd_0: d_loop_us=684 d_raster_us=0 d_observe_us=57784 max_observe_us=14335 d_paints=0 d_skips=50 d_ticks=2 window_ms=1203
[host] slot liveyn2bpd_0: d_loop_us=716 d_raster_us=0 d_observe_us=54708 max_observe_us=11098 d_paints=0 d_skips=50 d_ticks=2 window_ms=1199
[script liveyn2bpd_0] crafted 27 Air runes
[script liveyn2bpd_0] taking the portal back to the ruins
[script liveyn2bpd_0] interact Loc { x: 2841, z: 4828, level: 0, action: "Use", id: Some(2465) }
PASS: catalog_boundary_live: {"scenario":"rune_crafter","runner":"Some(Evidence { scenario: \"rune_crafter\", outcome: \"PASS\", predicate: \"has_item_id(556)>=1\", ticks: 251, elapsed_ms: 139029, message: None, tile: Some([2843, 4832, 0]), inv: [InvRow { id: 1438, name: Some(\"Air talisman\"), count: 1 }, InvRow { id: 556, name: Some(\"Air rune\"), count: 27 }], stat: Some(StatRow { runenergy: 23 }), chat: [ChatRow { text: \"You bind the temple's power into Air Runes.\", username: None }, ChatRow { text: \"You feel a powerful force take hold of you...\", username: None }, ChatRow { text: \"You hold the Air Talisman towards the mysterious ruins.\", username: None }, ChatRow { text: \"You don't have enough inventory space to withdraw that many.\", username: None }, ChatRow { text: \"You step through the portal...\", username: None }, ChatRow { text: \"Congratulations, you just advanced a runecraft level.\", username: None }, ChatRow { text: \"You bind the temple's power into Air Runes.\", username: None }, ChatRow { text: \"You feel a powerful force take hold of you...\", username: None }, ChatRow { text: \"You hold the Air Talisman towards the mysterious ruins.\", username: None }, ChatRow { text: \"You don't have enough inventory space to withdraw that many.\", username: None }, ChatRow { text: \"Inventory wiped.\", username: None }, ChatRow { text: \"set tutorial: to 1000\", username: None }, ChatRow { text: \"Welcome to RuneScape.\", username: None }], scene: 2 })","core":{"case":"rune_crafter","baseline":{"ingame":true,"scene_state":2,"player":"Liveyn2bpd 0","tile":[3012,3355,0],"tick":29,"items":{},"item_ids":{},"bank":{},"bank_ids":{},"bank_open":false,"bank_loaded":false,"bank_generation":2,"levels":{"-unused-":0,"agility":1,"attack":1,"cooking":1,"crafting":1,"defence":1,"firemaking":1,"fishing":1,"fletching":1,"herblore":1,"hitpoints":10,"magic":1,"mining":1,"prayer":1,"ranged":1,"runecraft":1,"slayer":1,"smithing":1,"strength":1,"thieving":1,"woodcutting":1},"xp":{"-unused-":0,"agility":0,"attack":0,"cooking":0,"crafting":0,"defence":0,"firemaking":0,"fishing":0,"fletching":0,"herblore":0,"hitpoints":1154,"magic":0,"mining":0,"prayer":0,"ranged":0,"runecraft":0,"slayer":0,"smithing":0,"strength":0,"thieving":0,"woodcutting":0},"chat":[[7,"Inventory wiped."],[6,"set tutorial: to 1000"],[5,"Welcome to RuneScape."]],"loc_facts":[],"equipment_ids":{},"main_modal":-1,"widget_ids":[3213,3214]},"latest":{"ingame":true,"scene_state":2,"player":"Liveyn2bpd 0","tile":[2843,4832,0],"tick":213,"items":{"Air rune":27,"Air talisman":1},"item_ids":{"556":27,"1438":1},"bank":{},"bank_ids":{},"bank_open":false,"bank_loaded":false,"bank_generation":6,"levels":{"-unused-":0,"agility":1,"attack":1,"cooking":1,"crafting":1,"defence":1,"firemaking":1,"fishing":1,"fletching":1,"herblore":1,"hitpoints":10,"magic":1,"mining":1,"prayer":1,"ranged":1,"runecraft":3,"slayer":1,"smithing":1,"strength":1,"thieving":1,"woodcutting":1},"xp":{"-unused-":0,"agility":0,"attack":0,"cooking":0,"crafting":0,"defence":0,"firemaking":0,"fishing":0,"fletching":0,"herblore":0,"hitpoints":1154,"magic":0,"mining":0,"prayer":0,"ranged":0,"runecraft":270,"slayer":0,"smithing":0,"strength":0,"thieving":0,"woodcutting":0},"chat":[[17,"You bind the temple's power into Air Runes."],[16,"You feel a powerful force take hold of you..."],[15,"You hold the Air Talisman towards the mysterious ruins."],[14,"You don't have enough inventory space to withdraw that many."],[13,"You step through the portal..."],[12,"Congratulations, you just advanced a runecraft level."],[11,"You bind the temple's power into Air Runes."],[10,"You feel a powerful force take hold of you..."],[9,"You hold the Air Talisman towards the mysterious ruins."],[8,"You don't have enough inventory space to withdraw that many."],[7,"Inventory wiped."],[6,"set tutorial: to 1000"],[5,"Welcome to RuneScape."]],"loc_facts":[],"equipment_ids":{},"main_modal":-1,"widget_ids":[3213,3214]},"max_items":{"Air rune":27,"Air talisman":1,"Rune essence":27},"max_xp":{"-unused-":0,"agility":0,"attack":0,"cooking":0,"crafting":0,"defence":0,"firemaking":0,"fishing":0,"fletching":0,"herblore":0,"hitpoints":1154,"magic":0,"mining":0,"prayer":0,"ranged":0,"runecraft":270,"slayer":0,"smithing":0,"strength":0,"thieving":0,"woodcutting":0},"saw_bury_chat":false,"post_start_observations":4373,"bone_bank_cycle":{"first_batch_buried":false,"opened":null,"withdrawn":null,"buried_after_withdrawal":false},"bank_fletcher_cycle":{"first_pack_created":false,"deposited":null,"withdrawn":null,"crafted_after_withdrawal":false},"bank_fletcher_string_cycle":{"initial_pairs_strung":false,"deposited":null,"withdrawn":null,"strung_after_withdrawal":false},"bank_fletcher_cut_string_cycle":{"cut_pair_created":false,"deposited":null,"withdrawn":null,"string_pair_created":false},"alcher_generated_custom_cycle":{"withdrawn":null,"consumed":false},"dart_fletcher_cycle":{"first":null,"further":false,"wrong_tier":false},"herb_cleaner_cycle":{"first_pack":false,"deposited":null,"withdrawn":null,"cleaned_after_withdrawal":false,"filter_violated":false},"gem_cutter_cycle":{"first_pack":false,"deposited":null,"withdrawn":null,"cut_after_withdrawal":false,"filter_violated":false},"door_opener_cycle":{"selected":null,"opened":false},"gnome_course_cycle":{"log":null,"ground_return":null,"pipe":null,"second_lap":false},"flax_picker_cycle":{"first_pack":false,"deposited":null,"returned":false,"further":false},"superheater_cycle":{"first_bars":false,"deposited":null,"withdrawn":null,"produced_after_withdrawal":false,"wrong_product":false,"wrong_staff":false},"chicken_killer_bank_cycle":{"combat_loot":false,"deposited":null,"returned":false,"further":false},"vial_filler_cycle":{"filled":null,"deposited":null,"withdrawn":null,"returned":false,"further":false},"potion_maker_cycle":{"unfinished":null,"finished":null,"deposited":null,"withdrawn":null,"further":false,"wrong_product":false,"filter_violated":false},"tanner_bot_cycle":{"widget":null,"tanned":null,"deposited":null,"withdrawn":null,"returned":false,"further":false,"wrong_product":false,"shop":false},"rune_crafter_cycle":{"withdrawn":{"ingame":true,"scene_state":2,"player":"Liveyn2bpd 0","tile":[3011,3355,0],"tick":42,"items":{"Air talisman":1,"Rune essence":27},"item_ids":{"1436":27,"1438":1},"bank":{"Rune essence":173},"bank_ids":{"1436":173},"bank_open":true,"bank_loaded":true,"bank_generation":3,"levels":{"-unused-":0,"agility":1,"attack":1,"cooking":1,"crafting":1,"defence":1,"firemaking":1,"fishing":1,"fletching":1,"herblore":1,"hitpoints":10,"magic":1,"mining":1,"prayer":1,"ranged":1,"runecraft":1,"slayer":1,"smithing":1,"strength":1,"thieving":1,"woodcutting":1},"xp":{"-unused-":0,"agility":0,"attack":0,"cooking":0,"crafting":0,"defence":0,"firemaking":0,"fishing":0,"fletching":0,"herblore":0,"hitpoints":1154,"magic":0,"mining":0,"prayer":0,"ranged":0,"runecraft":0,"slayer":0,"smithing":0,"strength":0,"thieving":0,"woodcutting":0},"chat":[[8,"You don't have enough inventory space to withdraw that many."],[7,"Inventory wiped."],[6,"set tutorial: to 1000"],[5,"Welcome to RuneScape."]],"loc_facts":[],"equipment_ids":{},"main_modal":5292,"widget_ids":[2005,2006,5292,5293,5294,5295,5296,5297,5298,5299,5300,5301,5302,5303,5304,5305,5306,5307,5308,5309,5310,5311,5312,5313,5314,5315,5316,5317,5318,5319,5320,5321,5322,5323,5324,5325,5326,5327,5328,5329,5330,5331,5332,5333,5334,5335,5336,5337,5338,5339,5340,5341,5342,5343,5344,5345,5346,5347,5348,5349,5350,5351,5352,5353,5354,5355,5356,5357,5358,5359,5360,5361,5362,5363,5364,5365,5366,5367,5368,5369,5370,5371,5372,5373,5374,5375,5376,5377,5378,5379,5380,5381,5382,5383,5384,5385,5386,5387,5388,5389,5390,5391,8130,8131,8132,8133]},"entered":{"ingame":true,"scene_state":2,"player":"Liveyn2bpd 0","tile":[2841,4830,0],"tick":88,"items":{"Air talisman":1,"Rune essence":27},"item_ids":{"1436":27,"1438":1},"bank":{},"bank_ids":{},"bank_open":false,"bank_loaded":false,"bank_generation":4,"levels":{"-unused-":0,"agility":1,"attack":1,"cooking":1,"crafting":1,"defence":1,"firemaking":1,"fishing":1,"fletching":1,"herblore":1,"hitpoints":10,"magic":1,"mining":1,"prayer":1,"ranged":1,"runecraft":1,"slayer":1,"smithing":1,"strength":1,"thieving":1,"woodcutting":1},"xp":{"-unused-":0,"agility":0,"attack":0,"cooking":0,"crafting":0,"defence":0,"firemaking":0,"fishing":0,"fletching":0,"herblore":0,"hitpoints":1154,"magic":0,"mining":0,"prayer":0,"ranged":0,"runecraft":0,"slayer":0,"smithing":0,"strength":0,"thieving":0,"woodcutting":0},"chat":[[10,"You feel a powerful force take hold of you..."],[9,"You hold the Air Talisman towards the mysterious ruins."],[8,"You don't have enough inventory space to withdraw that many."],[7,"Inventory wiped."],[6,"set tutorial: to 1000"],[5,"Welcome to RuneScape."]],"loc_facts":[],"equipment_ids":{},"main_modal":-1,"widget_ids":[3213,3214]},"crafted":{"ingame":true,"scene_state":2,"player":"Liveyn2bpd 0","tile":[2843,4832,0],"tick":93,"items":{"Air rune":27,"Air talisman":1},"item_ids":{"556":27,"1438":1},"bank":{},"bank_ids":{},"bank_open":false,"bank_loaded":false,"bank_generation":4,"levels":{"-unused-":0,"agility":1,"attack":1,"cooking":1,"crafting":1,"defence":1,"firemaking":1,"fishing":1,"fletching":1,"herblore":1,"hitpoints":10,"magic":1,"mining":1,"prayer":1,"ranged":1,"runecraft":2,"slayer":1,"smithing":1,"strength":1,"thieving":1,"woodcutting":1},"xp":{"-unused-":0,"agility":0,"attack":0,"cooking":0,"crafting":0,"defence":0,"firemaking":0,"fishing":0,"fletching":0,"herblore":0,"hitpoints":1154,"magic":0,"mining":0,"prayer":0,"ranged":0,"runecraft":135,"slayer":0,"smithing":0,"strength":0,"thieving":0,"woodcutting":0},"chat":[[11,"You bind the temple's power into Air Runes."],[10,"You feel a powerful force take hold of you..."],[9,"You hold the Air Talisman towards the mysterious ruins."],[8,"You don't have enough inventory space to withdraw that many."],[7,"Inventory wiped."],[6,"set tutorial: to 1000"],[5,"Welcome to RuneScape."]],"loc_facts":[],"equipment_ids":{},"main_modal":-1,"widget_ids":[3213,3214]},"exited":{"ingame":true,"scene_state":2,"player":"Liveyn2bpd 0","tile":[2983,3288,0],"tick":103,"items":{"Air rune":27,"Air talisman":1},"item_ids":{"556":27,"1438":1},"bank":{},"bank_ids":{},"bank_open":false,"bank_loaded":false,"bank_generation":4,"levels":{"-unused-":0,"agility":1,"attack":1,"cooking":1,"crafting":1,"defence":1,"firemaking":1,"fishing":1,"fletching":1,"herblore":1,"hitpoints":10,"magic":1,"mining":1,"prayer":1,"ranged":1,"runecraft":2,"slayer":1,"smithing":1,"strength":1,"thieving":1,"woodcutting":1},"xp":{"-unused-":0,"agility":0,"attack":0,"cooking":0,"crafting":0,"defence":0,"firemaking":0,"fishing":0,"fletching":0,"herblore":0,"hitpoints":1154,"magic":0,"mining":0,"prayer":0,"ranged":0,"runecraft":135,"slayer":0,"smithing":0,"strength":0,"thieving":0,"woodcutting":0},"chat":[[13,"You step through the portal..."],[12,"Congratulations, you just advanced a runecraft level."],[11,"You bind the temple's power into Air Runes."],[10,"You feel a powerful force take hold of you..."],[9,"You hold the Air Talisman towards the mysterious ruins."],[8,"You don't have enough inventory space to withdraw that many."],[7,"Inventory wiped."],[6,"set tutorial: to 1000"],[5,"Welcome to RuneScape."]],"loc_facts":[],"equipment_ids":{},"main_modal":-1,"widget_ids":[3213,3214]},"deposited":{"ingame":true,"scene_state":2,"player":"Liveyn2bpd 0","tile":[3011,3355,0],"tick":162,"items":{"Air talisman":1},"item_ids":{"1438":1},"bank":{"Air rune":27,"Rune essence":173},"bank_ids":{"556":27,"1436":173},"bank_open":true,"bank_loaded":true,"bank_generation":5,"levels":{"-unused-":0,"agility":1,"attack":1,"cooking":1,"crafting":1,"defence":1,"firemaking":1,"fishing":1,"fletching":1,"herblore":1,"hitpoints":10,"magic":1,"mining":1,"prayer":1,"ranged":1,"runecraft":2,"slayer":1,"smithing":1,"strength":1,"thieving":1,"woodcutting":1},"xp":{"-unused-":0,"agility":0,"attack":0,"cooking":0,"crafting":0,"defence":0,"firemaking":0,"fishing":0,"fletching":0,"herblore":0,"hitpoints":1154,"magic":0,"mining":0,"prayer":0,"ranged":0,"runecraft":135,"slayer":0,"smithing":0,"strength":0,"thieving":0,"woodcutting":0},"chat":[[13,"You step through the portal..."],[12,"Congratulations, you just advanced a runecraft level."],[11,"You bind the temple's power into Air Runes."],[10,"You feel a powerful force take hold of you..."],[9,"You hold the Air Talisman towards the mysterious ruins."],[8,"You don't have enough inventory space to withdraw that many."],[7,"Inventory wiped."],[6,"set tutorial: to 1000"],[5,"Welcome to RuneScape."]],"loc_facts":[],"equipment_ids":{},"main_modal":5292,"widget_ids":[2005,2006,5292,5293,5294,5295,5296,5297,5298,5299,5300,5301,5302,5303,5304,5305,5306,5307,5308,5309,5310,5311,5312,5313,5314,5315,5316,5317,5318,5319,5320,5321,5322,5323,5324,5325,5326,5327,5328,5329,5330,5331,5332,5333,5334,5335,5336,5337,5338,5339,5340,5341,5342,5343,5344,5345,5346,5347,5348,5349,5350,5351,5352,5353,5354,5355,5356,5357,5358,5359,5360,5361,5362,5363,5364,5365,5366,5367,5368,5369,5370,5371,5372,5373,5374,5375,5376,5377,5378,5379,5380,5381,5382,5383,5384,5385,5386,5387,5388,5389,5390,5391,8130,8131,8132,8133]},"restocked":{"ingame":true,"scene_state":2,"player":"Liveyn2bpd 0","tile":[3011,3355,0],"tick":164,"items":{"Air talisman":1,"Rune essence":27},"item_ids":{"1436":27,"1438":1},"bank":{"Air rune":27,"Rune essence":146},"bank_ids":{"556":27,"1436":146},"bank_open":true,"bank_loaded":true,"bank_generation":5,"levels":{"-unused-":0,"agility":1,"attack":1,"cooking":1,"crafting":1,"defence":1,"firemaking":1,"fishing":1,"fletching":1,"herblore":1,"hitpoints":10,"magic":1,"mining":1,"prayer":1,"ranged":1,"runecraft":2,"slayer":1,"smithing":1,"strength":1,"thieving":1,"woodcutting":1},"xp":{"-unused-":0,"agility":0,"attack":0,"cooking":0,"crafting":0,"defence":0,"firemaking":0,"fishing":0,"fletching":0,"herblore":0,"hitpoints":1154,"magic":0,"mining":0,"prayer":0,"ranged":0,"runecraft":135,"slayer":0,"smithing":0,"strength":0,"thieving":0,"woodcutting":0},"chat":[[14,"You don't have enough inventory space to withdraw that many."],[13,"You step through the portal..."],[12,"Congratulations, you just advanced a runecraft level."],[11,"You bind the temple's power into Air Runes."],[10,"You feel a powerful force take hold of you..."],[9,"You hold the Air Talisman towards the mysterious ruins."],[8,"You don't have enough inventory space to withdraw that many."],[7,"Inventory wiped."],[6,"set tutorial: to 1000"],[5,"Welcome to RuneScape."]],"loc_facts":[],"equipment_ids":{},"main_modal":5292,"widget_ids":[2005,2006,5292,5293,5294,5295,5296,5297,5298,5299,5300,5301,5302,5303,5304,5305,5306,5307,5308,5309,5310,5311,5312,5313,5314,5315,5316,5317,5318,5319,5320,5321,5322,5323,5324,5325,5326,5327,5328,5329,5330,5331,5332,5333,5334,5335,5336,5337,5338,5339,5340,5341,5342,5343,5344,5345,5346,5347,5348,5349,5350,5351,5352,5353,5354,5355,5356,5357,5358,5359,5360,5361,5362,5363,5364,5365,5366,5367,5368,5369,5370,5371,5372,5373,5374,5375,5376,5377,5378,5379,5380,5381,5382,5383,5384,5385,5386,5387,5388,5389,5390,5391,8130,8131,8132,8133]},"returned":true,"further":true,"wrong_product":false,"noted":false},"ardy_cakes_cycle":{"stolen":null,"deposited":null,"returned":false,"further":false,"wrong_product":false,"noted":false},"ardy_thiever_cycle":{"pickpocketed":null,"deposited":null,"returned":false,"further":false},"ordered_first_exhausted":false}}
test catalog_boundary_live ... ok

test result: ok. 1 passed; 0 failed; 0 ignored; 0 measured; 28 filtered out; finished in 142.26s

