
running 1 test
{"phase":"identity","revision":274,"profile":"local-274 · 127.0.0.1:43594 · revision 274","cache_id":"4aac9b63312dcb75d5de8f686772d083ba0808c57985438246edf21ef522be1c","nav_pack":"/Users/acfrazier/experiments/274bot/.worktrees/rs2b0t-multirevision/.superpowers/world-capabilities/274/274bot.navpack","nav_sha256":"05db24743e9f549ced16c1f00b87c30a390d3aaec391815da3f3563130b3bcd4","catalog_commit":"100adccc037d9f6898080e1cad58fcfc43364775","catalog_identity":"pre-289 frozen catalog","catalog_read_only_path":".superpowers/inputs/rs2b0t-100adccc037d9f6898080e1cad58fcfc43364775","catalog_root":"/Users/acfrazier/experiments/274bot/.worktrees/rs2b0t-multirevision/.superpowers/inputs/rs2b0t-100adccc037d9f6898080e1cad58fcfc43364775","registry_path":"/Users/acfrazier/experiments/274bot/.worktrees/rs2b0t-multirevision/.superpowers/inputs/rs2b0t-100adccc037d9f6898080e1cad58fcfc43364775/src/bot/scripts/index.ts","registry_sha256":"b614aedb3d5adfdfbac3760f082273f3cf5c33fffe4ced0f2b01490ae02d1bc2","card":{"card":"BoneBurier","source_path":"/Users/acfrazier/experiments/274bot/.worktrees/rs2b0t-multirevision/.superpowers/inputs/rs2b0t-100adccc037d9f6898080e1cad58fcfc43364775/src/bot/scripts/BoneBurier/BoneBurier.ts","source_sha256":"3ef1a82250d39258972bf5aef243c42c289d32634f8fcee31185d9a06aacf1e7","compiled_sha256":"f85ba9aa3f44b08c7322690dac57fd12678fb3bf5dfeabe2b5100e42891e4cb4","siblings":[],"settings":{"boneName":"Bones"}},"account":"live2gk82d_0","engine_speed_ms":null}
[host-play] slot live2gk82d_0: thread up
274bot: loaded snapshot (4556 models, 336 anim records)
[host-play] slot live2gk82d_0: handshake begin reconnect=false
[host-play] slot live2gk82d_0: handshake ok
[host-play] slot live2gk82d_0: queued mainland tele+setvar (scene 2)
[host] slot live2gk82d_0: d_loop_us=12585 d_raster_us=0 d_observe_us=40090 max_observe_us=5093 d_paints=0 d_skips=50 d_ticks=5 window_ms=0
[host-play] slot live2gk82d_0: handshake begin reconnect=true
[host-play] slot live2gk82d_0: handshake ok
[host] slot live2gk82d_0: d_loop_us=734 d_raster_us=0 d_observe_us=35463 max_observe_us=2953 d_paints=0 d_skips=50 d_ticks=1 window_ms=0
[host-play] slot live2gk82d_0: queued mainland tele+setvar (scene 2)
{"phase":"baseline-after-preparation","scenario":"bone_burier","account":"live2gk82d_0","observation":{"ingame":true,"scene_state":2,"player":"Live2gk82d 0","tile":[3220,3220,0],"tick":7,"items":{"Bones":5},"bank":{},"bank_open":false,"bank_loaded":false,"bank_generation":0,"levels":{"-unused-":0,"agility":1,"attack":1,"cooking":1,"crafting":1,"defence":1,"firemaking":1,"fishing":1,"fletching":1,"herblore":1,"hitpoints":10,"magic":1,"mining":1,"prayer":1,"ranged":1,"runecraft":1,"slayer":1,"smithing":1,"strength":1,"thieving":1,"woodcutting":1},"xp":{"-unused-":0,"agility":0,"attack":0,"cooking":0,"crafting":0,"defence":0,"firemaking":0,"fishing":0,"fletching":0,"herblore":0,"hitpoints":1154,"magic":0,"mining":0,"prayer":0,"ranged":0,"runecraft":0,"slayer":0,"smithing":0,"strength":0,"thieving":0,"woodcutting":0},"chat":[[6,"set tutorial: to 1000"],[5,"Welcome to RuneScape."]]}}
[script live2gk82d_0] start load
{"phase":"start","account":"live2gk82d_0","count":1}
[host] hitch live2gk82d_0: observe_us=59221 paints=0 skips=63 ticks=7
[script live2gk82d_0] BoneBurier — withdrawing and burying exact item 'Bones'
[script live2gk82d_0] interact Held { name: "Bones", action: "Bury" }
[shim-held] Bones Bury slot=0 -> sent
[host] slot live2gk82d_0: d_loop_us=11819 d_raster_us=0 d_observe_us=113683 max_observe_us=59221 d_paints=0 d_skips=50 d_ticks=8 window_ms=5048
[script live2gk82d_0] interact Held { name: "Bones", action: "Bury" }
[shim-held] Bones Bury slot=1 -> sent
[host] slot live2gk82d_0: d_loop_us=1685 d_raster_us=0 d_observe_us=58472 max_observe_us=12374 d_paints=0 d_skips=50 d_ticks=2 window_ms=1210
[host] slot live2gk82d_0: d_loop_us=1718 d_raster_us=0 d_observe_us=57015 max_observe_us=8239 d_paints=0 d_skips=50 d_ticks=2 window_ms=1182
[script live2gk82d_0] interact Held { name: "Bones", action: "Bury" }
[shim-held] Bones Bury slot=2 -> sent
[host] slot live2gk82d_0: d_loop_us=1397 d_raster_us=0 d_observe_us=49052 max_observe_us=5169 d_paints=0 d_skips=50 d_ticks=2 window_ms=1212
[script live2gk82d_0] interact Held { name: "Bones", action: "Bury" }
[shim-held] Bones Bury slot=3 -> sent
[host] slot live2gk82d_0: d_loop_us=1463 d_raster_us=0 d_observe_us=50142 max_observe_us=8732 d_paints=0 d_skips=50 d_ticks=2 window_ms=1195
[host] slot live2gk82d_0: d_loop_us=1026 d_raster_us=0 d_observe_us=39316 max_observe_us=7200 d_paints=0 d_skips=50 d_ticks=2 window_ms=1198
[script live2gk82d_0] interact Held { name: "Bones", action: "Bury" }
[shim-held] Bones Bury slot=4 -> sent
test catalog_boundary_live has been running for over 60 seconds
[host] slot live2gk82d_0: d_loop_us=1684 d_raster_us=0 d_observe_us=56032 max_observe_us=5257 d_paints=0 d_skips=50 d_ticks=2 window_ms=1180
[script live2gk82d_0] interact WalkNearestBank
[host] slot live2gk82d_0: d_loop_us=1541 d_raster_us=0 d_observe_us=54752 max_observe_us=8533 d_paints=0 d_skips=50 d_ticks=2 window_ms=1192
[host] slot live2gk82d_0: d_loop_us=893 d_raster_us=0 d_observe_us=32025 max_observe_us=3285 d_paints=0 d_skips=50 d_ticks=2 window_ms=1178
[nav-follow] here=WorldTile { x: 3220, z: 3220, level: 0 } walk=true transport=false leg=0 hops=1 outcome=None
[nav-walk] here=WorldTile { x: 3222, z: 3219, level: 0 } aim=WorldTile { x: 3235, z: 3222, level: 0 } radius=2 ticks_waited=0 sent_tile=Some(WorldTile { x: 3220, z: 3220, level: 0 })
[nav-follow] here=WorldTile { x: 3222, z: 3219, level: 0 } walk=true transport=false leg=0 hops=1 outcome=None
[host] slot live2gk82d_0: d_loop_us=1392 d_raster_us=0 d_observe_us=56251 max_observe_us=10950 d_paints=0 d_skips=50 d_ticks=2 window_ms=1200
[nav-walk] here=WorldTile { x: 3224, z: 3219, level: 0 } aim=WorldTile { x: 3235, z: 3222, level: 0 } radius=2 ticks_waited=1 sent_tile=Some(WorldTile { x: 3220, z: 3220, level: 0 })
[nav-follow] here=WorldTile { x: 3224, z: 3219, level: 0 } walk=true transport=false leg=0 hops=1 outcome=None
[host] hitch live2gk82d_0: observe_us=17145 paints=0 skips=565 ticks=28
[nav-walk] here=WorldTile { x: 3226, z: 3219, level: 0 } aim=WorldTile { x: 3235, z: 3222, level: 0 } radius=2 ticks_waited=2 sent_tile=Some(WorldTile { x: 3220, z: 3220, level: 0 })
[nav-follow] here=WorldTile { x: 3226, z: 3219, level: 0 } walk=true transport=false leg=0 hops=1 outcome=None
[host] slot live2gk82d_0: d_loop_us=1322 d_raster_us=0 d_observe_us=65428 max_observe_us=17145 d_paints=0 d_skips=50 d_ticks=2 window_ms=1199
[nav-walk] here=WorldTile { x: 3228, z: 3219, level: 0 } aim=WorldTile { x: 3235, z: 3222, level: 0 } radius=2 ticks_waited=3 sent_tile=Some(WorldTile { x: 3220, z: 3220, level: 0 })
[nav-follow] here=WorldTile { x: 3228, z: 3219, level: 0 } walk=true transport=false leg=0 hops=1 outcome=None
[nav-walk] here=WorldTile { x: 3230, z: 3219, level: 0 } aim=WorldTile { x: 3235, z: 3222, level: 0 } radius=2 ticks_waited=4 sent_tile=Some(WorldTile { x: 3220, z: 3220, level: 0 })
[nav-follow] here=WorldTile { x: 3230, z: 3219, level: 0 } walk=true transport=false leg=0 hops=1 outcome=None
[host] slot live2gk82d_0: d_loop_us=1437 d_raster_us=0 d_observe_us=46904 max_observe_us=4815 d_paints=0 d_skips=50 d_ticks=2 window_ms=1175
[nav-walk] here=WorldTile { x: 3232, z: 3219, level: 0 } aim=WorldTile { x: 3235, z: 3222, level: 0 } radius=2 ticks_waited=5 sent_tile=Some(WorldTile { x: 3220, z: 3220, level: 0 })
[nav-follow] here=WorldTile { x: 3232, z: 3219, level: 0 } walk=true transport=false leg=0 hops=1 outcome=None
[nav-walk] here=WorldTile { x: 3234, z: 3221, level: 0 } aim=WorldTile { x: 3235, z: 3222, level: 0 } radius=2 ticks_waited=6 sent_tile=Some(WorldTile { x: 3220, z: 3220, level: 0 })
[nav-follow] here=WorldTile { x: 3234, z: 3221, level: 0 } walk=true transport=false leg=0 hops=2 outcome=None
[host] slot live2gk82d_0: d_loop_us=1520 d_raster_us=0 d_observe_us=60374 max_observe_us=14454 d_paints=0 d_skips=50 d_ticks=2 window_ms=1192
[nav-walk] here=WorldTile { x: 3234, z: 3223, level: 0 } aim=WorldTile { x: 3233, z: 3238, level: 0 } radius=2 ticks_waited=0 sent_tile=Some(WorldTile { x: 3234, z: 3221, level: 0 })
[nav-follow] here=WorldTile { x: 3234, z: 3223, level: 0 } walk=true transport=false leg=0 hops=2 outcome=None
[nav-walk] here=WorldTile { x: 3234, z: 3225, level: 0 } aim=WorldTile { x: 3233, z: 3238, level: 0 } radius=2 ticks_waited=1 sent_tile=Some(WorldTile { x: 3234, z: 3221, level: 0 })
[nav-follow] here=WorldTile { x: 3234, z: 3225, level: 0 } walk=true transport=false leg=0 hops=2 outcome=None
[host] slot live2gk82d_0: d_loop_us=1892 d_raster_us=0 d_observe_us=65878 max_observe_us=15139 d_paints=0 d_skips=50 d_ticks=2 window_ms=1185
[nav-walk] here=WorldTile { x: 3234, z: 3227, level: 0 } aim=WorldTile { x: 3233, z: 3238, level: 0 } radius=2 ticks_waited=2 sent_tile=Some(WorldTile { x: 3234, z: 3221, level: 0 })
[nav-follow] here=WorldTile { x: 3234, z: 3227, level: 0 } walk=true transport=false leg=0 hops=2 outcome=None
[nav-walk] here=WorldTile { x: 3234, z: 3229, level: 0 } aim=WorldTile { x: 3233, z: 3238, level: 0 } radius=2 ticks_waited=3 sent_tile=Some(WorldTile { x: 3234, z: 3221, level: 0 })
[nav-follow] here=WorldTile { x: 3234, z: 3229, level: 0 } walk=true transport=false leg=0 hops=2 outcome=None
[host] slot live2gk82d_0: d_loop_us=1808 d_raster_us=0 d_observe_us=53183 max_observe_us=6233 d_paints=0 d_skips=50 d_ticks=2 window_ms=1201
[nav-walk] here=WorldTile { x: 3234, z: 3231, level: 0 } aim=WorldTile { x: 3233, z: 3238, level: 0 } radius=2 ticks_waited=4 sent_tile=Some(WorldTile { x: 3234, z: 3221, level: 0 })
[nav-follow] here=WorldTile { x: 3234, z: 3231, level: 0 } walk=true transport=false leg=0 hops=2 outcome=None
[nav-walk] here=WorldTile { x: 3234, z: 3233, level: 0 } aim=WorldTile { x: 3233, z: 3238, level: 0 } radius=2 ticks_waited=5 sent_tile=Some(WorldTile { x: 3234, z: 3221, level: 0 })
[nav-follow] here=WorldTile { x: 3234, z: 3233, level: 0 } walk=true transport=false leg=0 hops=2 outcome=None
[host] hitch live2gk82d_0: observe_us=16335 paints=0 skips=842 ticks=39
[host] slot live2gk82d_0: d_loop_us=2017 d_raster_us=0 d_observe_us=65172 max_observe_us=16335 d_paints=0 d_skips=50 d_ticks=2 window_ms=1201
[nav-walk] here=WorldTile { x: 3234, z: 3235, level: 0 } aim=WorldTile { x: 3233, z: 3238, level: 0 } radius=2 ticks_waited=6 sent_tile=Some(WorldTile { x: 3234, z: 3221, level: 0 })
[nav-follow] here=WorldTile { x: 3234, z: 3235, level: 0 } walk=true transport=false leg=0 hops=2 outcome=None
[nav-walk] here=WorldTile { x: 3233, z: 3237, level: 0 } aim=WorldTile { x: 3233, z: 3238, level: 0 } radius=2 ticks_waited=7 sent_tile=Some(WorldTile { x: 3234, z: 3221, level: 0 })
[nav-follow] here=WorldTile { x: 3233, z: 3237, level: 0 } walk=true transport=false leg=0 hops=3 outcome=None
[host] slot live2gk82d_0: d_loop_us=2249 d_raster_us=0 d_observe_us=56947 max_observe_us=5967 d_paints=0 d_skips=50 d_ticks=2 window_ms=1186
[nav-walk] here=WorldTile { x: 3233, z: 3239, level: 0 } aim=WorldTile { x: 3231, z: 3254, level: 0 } radius=2 ticks_waited=0 sent_tile=Some(WorldTile { x: 3233, z: 3237, level: 0 })
[nav-follow] here=WorldTile { x: 3233, z: 3239, level: 0 } walk=true transport=false leg=0 hops=3 outcome=None
[nav-walk] here=WorldTile { x: 3233, z: 3241, level: 0 } aim=WorldTile { x: 3231, z: 3254, level: 0 } radius=2 ticks_waited=1 sent_tile=Some(WorldTile { x: 3233, z: 3237, level: 0 })
[nav-follow] here=WorldTile { x: 3233, z: 3241, level: 0 } walk=true transport=false leg=0 hops=3 outcome=None
[host] hitch live2gk82d_0: observe_us=16412 paints=0 skips=941 ticks=43
[host] slot live2gk82d_0: d_loop_us=1879 d_raster_us=0 d_observe_us=65517 max_observe_us=16412 d_paints=0 d_skips=50 d_ticks=2 window_ms=1219
[nav-walk] here=WorldTile { x: 3232, z: 3243, level: 0 } aim=WorldTile { x: 3231, z: 3254, level: 0 } radius=2 ticks_waited=2 sent_tile=Some(WorldTile { x: 3233, z: 3237, level: 0 })
[nav-follow] here=WorldTile { x: 3232, z: 3243, level: 0 } walk=true transport=false leg=0 hops=3 outcome=None
[nav-walk] here=WorldTile { x: 3232, z: 3245, level: 0 } aim=WorldTile { x: 3231, z: 3254, level: 0 } radius=2 ticks_waited=3 sent_tile=Some(WorldTile { x: 3233, z: 3237, level: 0 })
[nav-follow] here=WorldTile { x: 3232, z: 3245, level: 0 } walk=true transport=false leg=0 hops=3 outcome=None
[host] slot live2gk82d_0: d_loop_us=1833 d_raster_us=0 d_observe_us=53067 max_observe_us=6376 d_paints=0 d_skips=50 d_ticks=2 window_ms=1203
[nav-walk] here=WorldTile { x: 3232, z: 3247, level: 0 } aim=WorldTile { x: 3231, z: 3254, level: 0 } radius=2 ticks_waited=4 sent_tile=Some(WorldTile { x: 3233, z: 3237, level: 0 })
[nav-follow] here=WorldTile { x: 3232, z: 3247, level: 0 } walk=true transport=false leg=0 hops=3 outcome=None
[nav-walk] here=WorldTile { x: 3232, z: 3249, level: 0 } aim=WorldTile { x: 3231, z: 3254, level: 0 } radius=2 ticks_waited=5 sent_tile=Some(WorldTile { x: 3233, z: 3237, level: 0 })
[nav-follow] here=WorldTile { x: 3232, z: 3249, level: 0 } walk=true transport=false leg=0 hops=3 outcome=None
[host] slot live2gk82d_0: d_loop_us=2000 d_raster_us=0 d_observe_us=53259 max_observe_us=5052 d_paints=0 d_skips=50 d_ticks=2 window_ms=1203
[nav-walk] here=WorldTile { x: 3232, z: 3251, level: 0 } aim=WorldTile { x: 3231, z: 3254, level: 0 } radius=2 ticks_waited=6 sent_tile=Some(WorldTile { x: 3233, z: 3237, level: 0 })
[nav-follow] here=WorldTile { x: 3232, z: 3251, level: 0 } walk=true transport=false leg=0 hops=3 outcome=None
[nav-walk] here=WorldTile { x: 3231, z: 3253, level: 0 } aim=WorldTile { x: 3231, z: 3254, level: 0 } radius=2 ticks_waited=7 sent_tile=Some(WorldTile { x: 3233, z: 3237, level: 0 })
[nav-follow] here=WorldTile { x: 3231, z: 3253, level: 0 } walk=true transport=false leg=0 hops=4 outcome=None
[host] hitch live2gk82d_0: observe_us=16298 paints=0 skips=1091 ticks=49
[host] slot live2gk82d_0: d_loop_us=1740 d_raster_us=0 d_observe_us=64369 max_observe_us=16298 d_paints=0 d_skips=50 d_ticks=2 window_ms=1198
[nav-walk] here=WorldTile { x: 3231, z: 3255, level: 0 } aim=WorldTile { x: 3239, z: 3262, level: 0 } radius=2 ticks_waited=0 sent_tile=Some(WorldTile { x: 3231, z: 3253, level: 0 })
[nav-follow] here=WorldTile { x: 3231, z: 3255, level: 0 } walk=true transport=false leg=0 hops=4 outcome=None
[host] slot live2gk82d_0: d_loop_us=10683 d_raster_us=0 d_observe_us=76936 max_observe_us=8244 d_paints=0 d_skips=50 d_ticks=2 window_ms=1197
[nav-walk] here=WorldTile { x: 3231, z: 3259, level: 0 } aim=WorldTile { x: 3239, z: 3262, level: 0 } radius=2 ticks_waited=1 sent_tile=Some(WorldTile { x: 3231, z: 3253, level: 0 })
[nav-follow] here=WorldTile { x: 3231, z: 3259, level: 0 } walk=true transport=false leg=0 hops=4 outcome=None
[nav-walk] here=WorldTile { x: 3230, z: 3261, level: 0 } aim=WorldTile { x: 3239, z: 3262, level: 0 } radius=2 ticks_waited=2 sent_tile=Some(WorldTile { x: 3231, z: 3253, level: 0 })
[nav-follow] here=WorldTile { x: 3230, z: 3261, level: 0 } walk=true transport=false leg=0 hops=4 outcome=None
[host] slot live2gk82d_0: d_loop_us=1317 d_raster_us=0 d_observe_us=62089 max_observe_us=12658 d_paints=0 d_skips=50 d_ticks=2 window_ms=1176
[nav-walk] here=WorldTile { x: 3232, z: 3261, level: 0 } aim=WorldTile { x: 3239, z: 3262, level: 0 } radius=2 ticks_waited=3 sent_tile=Some(WorldTile { x: 3231, z: 3253, level: 0 })
[nav-follow] here=WorldTile { x: 3232, z: 3261, level: 0 } walk=true transport=false leg=0 hops=4 outcome=None
[nav-walk] here=WorldTile { x: 3234, z: 3261, level: 0 } aim=WorldTile { x: 3239, z: 3262, level: 0 } radius=2 ticks_waited=4 sent_tile=Some(WorldTile { x: 3231, z: 3253, level: 0 })
[nav-follow] here=WorldTile { x: 3234, z: 3261, level: 0 } walk=true transport=false leg=0 hops=4 outcome=None
[host] slot live2gk82d_0: d_loop_us=1555 d_raster_us=0 d_observe_us=66914 max_observe_us=15305 d_paints=0 d_skips=50 d_ticks=2 window_ms=1217
[nav-walk] here=WorldTile { x: 3236, z: 3261, level: 0 } aim=WorldTile { x: 3239, z: 3262, level: 0 } radius=2 ticks_waited=5 sent_tile=Some(WorldTile { x: 3231, z: 3253, level: 0 })
[nav-follow] here=WorldTile { x: 3236, z: 3261, level: 0 } walk=true transport=false leg=0 hops=4 outcome=None
[nav-walk] here=WorldTile { x: 3238, z: 3261, level: 0 } aim=WorldTile { x: 3239, z: 3262, level: 0 } radius=2 ticks_waited=6 sent_tile=Some(WorldTile { x: 3231, z: 3253, level: 0 })
[nav-follow] here=WorldTile { x: 3238, z: 3261, level: 0 } walk=true transport=false leg=0 hops=5 outcome=None
[host] slot live2gk82d_0: d_loop_us=1593 d_raster_us=0 d_observe_us=52877 max_observe_us=5193 d_paints=0 d_skips=50 d_ticks=2 window_ms=1193
[nav-walk] here=WorldTile { x: 3240, z: 3262, level: 0 } aim=WorldTile { x: 3245, z: 3277, level: 0 } radius=2 ticks_waited=0 sent_tile=Some(WorldTile { x: 3238, z: 3261, level: 0 })
[nav-follow] here=WorldTile { x: 3240, z: 3262, level: 0 } walk=true transport=false leg=0 hops=5 outcome=None
[nav-walk] here=WorldTile { x: 3240, z: 3264, level: 0 } aim=WorldTile { x: 3245, z: 3277, level: 0 } radius=2 ticks_waited=1 sent_tile=Some(WorldTile { x: 3238, z: 3261, level: 0 })
[nav-follow] here=WorldTile { x: 3240, z: 3264, level: 0 } walk=true transport=false leg=0 hops=5 outcome=None
[host] slot live2gk82d_0: d_loop_us=1582 d_raster_us=0 d_observe_us=74859 max_observe_us=15838 d_paints=0 d_skips=50 d_ticks=2 window_ms=1197
[nav-walk] here=WorldTile { x: 3240, z: 3266, level: 0 } aim=WorldTile { x: 3245, z: 3277, level: 0 } radius=2 ticks_waited=2 sent_tile=Some(WorldTile { x: 3238, z: 3261, level: 0 })
[nav-follow] here=WorldTile { x: 3240, z: 3266, level: 0 } walk=true transport=false leg=0 hops=5 outcome=None
[nav-walk] here=WorldTile { x: 3240, z: 3268, level: 0 } aim=WorldTile { x: 3245, z: 3277, level: 0 } radius=2 ticks_waited=3 sent_tile=Some(WorldTile { x: 3238, z: 3261, level: 0 })
[nav-follow] here=WorldTile { x: 3240, z: 3268, level: 0 } walk=true transport=false leg=0 hops=5 outcome=None
[host] slot live2gk82d_0: d_loop_us=1418 d_raster_us=0 d_observe_us=52436 max_observe_us=5853 d_paints=0 d_skips=50 d_ticks=2 window_ms=1193
[nav-walk] here=WorldTile { x: 3240, z: 3270, level: 0 } aim=WorldTile { x: 3245, z: 3277, level: 0 } radius=2 ticks_waited=4 sent_tile=Some(WorldTile { x: 3238, z: 3261, level: 0 })
[nav-follow] here=WorldTile { x: 3240, z: 3270, level: 0 } walk=true transport=false leg=0 hops=5 outcome=None
[nav-walk] here=WorldTile { x: 3240, z: 3272, level: 0 } aim=WorldTile { x: 3245, z: 3277, level: 0 } radius=2 ticks_waited=5 sent_tile=Some(WorldTile { x: 3238, z: 3261, level: 0 })
[nav-follow] here=WorldTile { x: 3240, z: 3272, level: 0 } walk=true transport=false leg=0 hops=5 outcome=None
[host] slot live2gk82d_0: d_loop_us=1724 d_raster_us=0 d_observe_us=66606 max_observe_us=14377 d_paints=0 d_skips=50 d_ticks=2 window_ms=1196
[nav-walk] here=WorldTile { x: 3242, z: 3274, level: 0 } aim=WorldTile { x: 3245, z: 3277, level: 0 } radius=2 ticks_waited=6 sent_tile=Some(WorldTile { x: 3238, z: 3261, level: 0 })
[nav-follow] here=WorldTile { x: 3242, z: 3274, level: 0 } walk=true transport=false leg=0 hops=5 outcome=None
[nav-walk] here=WorldTile { x: 3244, z: 3276, level: 0 } aim=WorldTile { x: 3245, z: 3277, level: 0 } radius=2 ticks_waited=7 sent_tile=Some(WorldTile { x: 3238, z: 3261, level: 0 })
[nav-follow] here=WorldTile { x: 3244, z: 3276, level: 0 } walk=true transport=false leg=0 hops=6 outcome=None
[host] slot live2gk82d_0: d_loop_us=1571 d_raster_us=0 d_observe_us=52439 max_observe_us=5670 d_paints=0 d_skips=50 d_ticks=2 window_ms=1211
[nav-walk] here=WorldTile { x: 3244, z: 3278, level: 0 } aim=WorldTile { x: 3240, z: 3293, level: 0 } radius=2 ticks_waited=0 sent_tile=Some(WorldTile { x: 3244, z: 3276, level: 0 })
[nav-follow] here=WorldTile { x: 3244, z: 3278, level: 0 } walk=true transport=false leg=0 hops=6 outcome=None
[nav-walk] here=WorldTile { x: 3242, z: 3280, level: 0 } aim=WorldTile { x: 3240, z: 3293, level: 0 } radius=2 ticks_waited=1 sent_tile=Some(WorldTile { x: 3244, z: 3276, level: 0 })
[nav-follow] here=WorldTile { x: 3242, z: 3280, level: 0 } walk=true transport=false leg=0 hops=6 outcome=None
[host] slot live2gk82d_0: d_loop_us=1248 d_raster_us=0 d_observe_us=56730 max_observe_us=12994 d_paints=0 d_skips=50 d_ticks=2 window_ms=1206
[nav-walk] here=WorldTile { x: 3240, z: 3282, level: 0 } aim=WorldTile { x: 3240, z: 3293, level: 0 } radius=2 ticks_waited=2 sent_tile=Some(WorldTile { x: 3244, z: 3276, level: 0 })
[nav-follow] here=WorldTile { x: 3240, z: 3282, level: 0 } walk=true transport=false leg=0 hops=6 outcome=None
[nav-walk] here=WorldTile { x: 3240, z: 3284, level: 0 } aim=WorldTile { x: 3240, z: 3293, level: 0 } radius=2 ticks_waited=3 sent_tile=Some(WorldTile { x: 3244, z: 3276, level: 0 })
[nav-follow] here=WorldTile { x: 3240, z: 3284, level: 0 } walk=true transport=false leg=0 hops=6 outcome=None
[host] slot live2gk82d_0: d_loop_us=1379 d_raster_us=0 d_observe_us=48415 max_observe_us=6021 d_paints=0 d_skips=50 d_ticks=2 window_ms=1186
[nav-walk] here=WorldTile { x: 3240, z: 3286, level: 0 } aim=WorldTile { x: 3240, z: 3293, level: 0 } radius=2 ticks_waited=4 sent_tile=Some(WorldTile { x: 3244, z: 3276, level: 0 })
[nav-follow] here=WorldTile { x: 3240, z: 3286, level: 0 } walk=true transport=false leg=0 hops=6 outcome=None
[nav-walk] here=WorldTile { x: 3240, z: 3288, level: 0 } aim=WorldTile { x: 3240, z: 3293, level: 0 } radius=2 ticks_waited=5 sent_tile=Some(WorldTile { x: 3244, z: 3276, level: 0 })
[nav-follow] here=WorldTile { x: 3240, z: 3288, level: 0 } walk=true transport=false leg=0 hops=6 outcome=None
[host] slot live2gk82d_0: d_loop_us=1685 d_raster_us=0 d_observe_us=52137 max_observe_us=5339 d_paints=0 d_skips=50 d_ticks=2 window_ms=1216
[nav-walk] here=WorldTile { x: 3240, z: 3290, level: 0 } aim=WorldTile { x: 3240, z: 3293, level: 0 } radius=2 ticks_waited=6 sent_tile=Some(WorldTile { x: 3244, z: 3276, level: 0 })
[nav-follow] here=WorldTile { x: 3240, z: 3290, level: 0 } walk=true transport=false leg=0 hops=6 outcome=None
[nav-walk] here=WorldTile { x: 3240, z: 3292, level: 0 } aim=WorldTile { x: 3240, z: 3293, level: 0 } radius=2 ticks_waited=7 sent_tile=Some(WorldTile { x: 3244, z: 3276, level: 0 })
[nav-follow] here=WorldTile { x: 3240, z: 3292, level: 0 } walk=true transport=false leg=0 hops=7 outcome=None
[host] slot live2gk82d_0: d_loop_us=1542 d_raster_us=0 d_observe_us=49205 max_observe_us=5033 d_paints=0 d_skips=50 d_ticks=2 window_ms=1218
[nav-walk] here=WorldTile { x: 3240, z: 3294, level: 0 } aim=WorldTile { x: 3240, z: 3300, level: 0 } radius=0 ticks_waited=0 sent_tile=Some(WorldTile { x: 3240, z: 3292, level: 0 })
[nav-follow] here=WorldTile { x: 3240, z: 3294, level: 0 } walk=true transport=false leg=0 hops=7 outcome=None
[host] slot live2gk82d_0: d_loop_us=10417 d_raster_us=0 d_observe_us=70664 max_observe_us=7129 d_paints=0 d_skips=50 d_ticks=2 window_ms=1196
[nav-walk] here=WorldTile { x: 3240, z: 3298, level: 0 } aim=WorldTile { x: 3240, z: 3300, level: 0 } radius=0 ticks_waited=1 sent_tile=Some(WorldTile { x: 3240, z: 3292, level: 0 })
[nav-follow] here=WorldTile { x: 3240, z: 3298, level: 0 } walk=true transport=false leg=0 hops=7 outcome=None
[nav-walk] here=WorldTile { x: 3240, z: 3300, level: 0 } aim=WorldTile { x: 3240, z: 3300, level: 0 } radius=0 ticks_waited=2 sent_tile=Some(WorldTile { x: 3240, z: 3292, level: 0 })
[nav-follow] here=WorldTile { x: 3240, z: 3300, level: 0 } walk=false transport=true leg=1 hops=7 outcome=None
[host] slot live2gk82d_0: d_loop_us=1373 d_raster_us=0 d_observe_us=59350 max_observe_us=11171 d_paints=0 d_skips=50 d_ticks=2 window_ms=1195
[nav-transport] here=WorldTile { x: 3240, z: 3301, level: 0 } to=WorldTile { x: 3242, z: 3301, level: 0 } troll=false ticks_waited=0 loc_id=1551 open=false
[nav-follow] here=WorldTile { x: 3240, z: 3301, level: 0 } walk=false transport=true leg=1 hops=7 outcome=None
[nav-transport] cheap hop walk-through to WorldTile { x: 3242, z: 3301, level: 0 }
[nav-follow] here=WorldTile { x: 3240, z: 3301, level: 0 } walk=false transport=true leg=1 hops=7 outcome=None
[host] slot live2gk82d_0: d_loop_us=1514 d_raster_us=0 d_observe_us=61115 max_observe_us=13197 d_paints=0 d_skips=50 d_ticks=2 window_ms=1191
[nav-transport] here=WorldTile { x: 3242, z: 3301, level: 0 } to=WorldTile { x: 3242, z: 3301, level: 0 } troll=false ticks_waited=1 loc_id=1551 open=true
[nav-follow] here=WorldTile { x: 3242, z: 3301, level: 0 } walk=true transport=false leg=2 hops=8 outcome=None
[nav-walk] here=WorldTile { x: 3242, z: 3303, level: 0 } aim=WorldTile { x: 3260, z: 3321, level: 0 } radius=0 ticks_waited=0 sent_tile=Some(WorldTile { x: 3242, z: 3301, level: 0 })
[nav-follow] here=WorldTile { x: 3242, z: 3303, level: 0 } walk=true transport=false leg=2 hops=8 outcome=None
[host] slot live2gk82d_0: d_loop_us=1264 d_raster_us=0 d_observe_us=50182 max_observe_us=5653 d_paints=0 d_skips=50 d_ticks=2 window_ms=1218
[nav-walk] here=WorldTile { x: 3244, z: 3305, level: 0 } aim=WorldTile { x: 3260, z: 3321, level: 0 } radius=0 ticks_waited=1 sent_tile=Some(WorldTile { x: 3242, z: 3301, level: 0 })
[nav-follow] here=WorldTile { x: 3244, z: 3305, level: 0 } walk=true transport=false leg=2 hops=8 outcome=None
[nav-walk] here=WorldTile { x: 3246, z: 3307, level: 0 } aim=WorldTile { x: 3260, z: 3321, level: 0 } radius=0 ticks_waited=2 sent_tile=Some(WorldTile { x: 3242, z: 3301, level: 0 })
[nav-follow] here=WorldTile { x: 3246, z: 3307, level: 0 } walk=true transport=false leg=2 hops=8 outcome=None
[host] slot live2gk82d_0: d_loop_us=1334 d_raster_us=0 d_observe_us=62608 max_observe_us=14171 d_paints=0 d_skips=50 d_ticks=2 window_ms=1225
[nav-walk] here=WorldTile { x: 3248, z: 3309, level: 0 } aim=WorldTile { x: 3260, z: 3321, level: 0 } radius=0 ticks_waited=3 sent_tile=Some(WorldTile { x: 3242, z: 3301, level: 0 })
[nav-follow] here=WorldTile { x: 3248, z: 3309, level: 0 } walk=true transport=false leg=2 hops=8 outcome=None
[nav-walk] here=WorldTile { x: 3250, z: 3311, level: 0 } aim=WorldTile { x: 3260, z: 3321, level: 0 } radius=0 ticks_waited=4 sent_tile=Some(WorldTile { x: 3242, z: 3301, level: 0 })
[nav-follow] here=WorldTile { x: 3250, z: 3311, level: 0 } walk=true transport=false leg=2 hops=8 outcome=None
[host] slot live2gk82d_0: d_loop_us=1079 d_raster_us=0 d_observe_us=56581 max_observe_us=13557 d_paints=0 d_skips=50 d_ticks=2 window_ms=1208
[nav-walk] here=WorldTile { x: 3252, z: 3313, level: 0 } aim=WorldTile { x: 3260, z: 3321, level: 0 } radius=0 ticks_waited=5 sent_tile=Some(WorldTile { x: 3242, z: 3301, level: 0 })
[nav-follow] here=WorldTile { x: 3252, z: 3313, level: 0 } walk=true transport=false leg=2 hops=8 outcome=None
[nav-walk] here=WorldTile { x: 3254, z: 3315, level: 0 } aim=WorldTile { x: 3260, z: 3321, level: 0 } radius=0 ticks_waited=6 sent_tile=Some(WorldTile { x: 3242, z: 3301, level: 0 })
[nav-follow] here=WorldTile { x: 3254, z: 3315, level: 0 } walk=true transport=false leg=2 hops=8 outcome=None
[host] slot live2gk82d_0: d_loop_us=1009 d_raster_us=0 d_observe_us=56358 max_observe_us=9421 d_paints=0 d_skips=50 d_ticks=2 window_ms=1179
[nav-walk] here=WorldTile { x: 3256, z: 3317, level: 0 } aim=WorldTile { x: 3260, z: 3321, level: 0 } radius=0 ticks_waited=7 sent_tile=Some(WorldTile { x: 3242, z: 3301, level: 0 })
[nav-follow] here=WorldTile { x: 3256, z: 3317, level: 0 } walk=true transport=false leg=2 hops=8 outcome=None
[nav-walk] here=WorldTile { x: 3258, z: 3319, level: 0 } aim=WorldTile { x: 3260, z: 3321, level: 0 } radius=0 ticks_waited=8 sent_tile=Some(WorldTile { x: 3242, z: 3301, level: 0 })
[nav-follow] here=WorldTile { x: 3258, z: 3319, level: 0 } walk=true transport=false leg=2 hops=8 outcome=None
[host] slot live2gk82d_0: d_loop_us=1164 d_raster_us=0 d_observe_us=62864 max_observe_us=13658 d_paints=0 d_skips=50 d_ticks=2 window_ms=1206
[nav-walk] here=WorldTile { x: 3260, z: 3321, level: 0 } aim=WorldTile { x: 3260, z: 3321, level: 0 } radius=0 ticks_waited=9 sent_tile=Some(WorldTile { x: 3242, z: 3301, level: 0 })
[nav-follow] here=WorldTile { x: 3260, z: 3321, level: 0 } walk=false transport=true leg=3 hops=8 outcome=None
[nav-transport] cheap hop walk-through to WorldTile { x: 3261, z: 3322, level: 0 }
[nav-follow] here=WorldTile { x: 3260, z: 3321, level: 0 } walk=false transport=true leg=3 hops=8 outcome=None
[host] slot live2gk82d_0: d_loop_us=1213 d_raster_us=0 d_observe_us=70653 max_observe_us=13735 d_paints=0 d_skips=50 d_ticks=2 window_ms=1200
[nav-transport] here=WorldTile { x: 3261, z: 3322, level: 0 } to=WorldTile { x: 3261, z: 3322, level: 0 } troll=false ticks_waited=0 loc_id=1551 open=true
[nav-follow] here=WorldTile { x: 3261, z: 3322, level: 0 } walk=true transport=false leg=4 hops=9 outcome=None
[nav-walk] here=WorldTile { x: 3263, z: 3323, level: 0 } aim=WorldTile { x: 3276, z: 3333, level: 0 } radius=2 ticks_waited=0 sent_tile=Some(WorldTile { x: 3261, z: 3322, level: 0 })
[nav-follow] here=WorldTile { x: 3263, z: 3323, level: 0 } walk=true transport=false leg=4 hops=9 outcome=None
[host] slot live2gk82d_0: d_loop_us=877 d_raster_us=0 d_observe_us=41499 max_observe_us=5820 d_paints=0 d_skips=50 d_ticks=2 window_ms=1205
[nav-walk] here=WorldTile { x: 3265, z: 3325, level: 0 } aim=WorldTile { x: 3276, z: 3333, level: 0 } radius=2 ticks_waited=1 sent_tile=Some(WorldTile { x: 3261, z: 3322, level: 0 })
[nav-follow] here=WorldTile { x: 3265, z: 3325, level: 0 } walk=true transport=false leg=4 hops=9 outcome=None
[nav-walk] here=WorldTile { x: 3267, z: 3327, level: 0 } aim=WorldTile { x: 3276, z: 3333, level: 0 } radius=2 ticks_waited=2 sent_tile=Some(WorldTile { x: 3261, z: 3322, level: 0 })
[nav-follow] here=WorldTile { x: 3267, z: 3327, level: 0 } walk=true transport=false leg=4 hops=9 outcome=None
[host] slot live2gk82d_0: d_loop_us=728 d_raster_us=0 d_observe_us=46196 max_observe_us=9723 d_paints=0 d_skips=50 d_ticks=2 window_ms=1188
[nav-walk] here=WorldTile { x: 3269, z: 3329, level: 0 } aim=WorldTile { x: 3276, z: 3333, level: 0 } radius=2 ticks_waited=3 sent_tile=Some(WorldTile { x: 3261, z: 3322, level: 0 })
[nav-follow] here=WorldTile { x: 3269, z: 3329, level: 0 } walk=true transport=false leg=4 hops=9 outcome=None
[nav-walk] here=WorldTile { x: 3271, z: 3330, level: 0 } aim=WorldTile { x: 3276, z: 3333, level: 0 } radius=2 ticks_waited=4 sent_tile=Some(WorldTile { x: 3261, z: 3322, level: 0 })
[nav-follow] here=WorldTile { x: 3271, z: 3330, level: 0 } walk=true transport=false leg=4 hops=9 outcome=None
[host] slot live2gk82d_0: d_loop_us=711 d_raster_us=0 d_observe_us=37398 max_observe_us=5789 d_paints=0 d_skips=50 d_ticks=2 window_ms=1187
[nav-walk] here=WorldTile { x: 3273, z: 3330, level: 0 } aim=WorldTile { x: 3276, z: 3333, level: 0 } radius=2 ticks_waited=5 sent_tile=Some(WorldTile { x: 3261, z: 3322, level: 0 })
[nav-follow] here=WorldTile { x: 3273, z: 3330, level: 0 } walk=true transport=false leg=4 hops=9 outcome=None
[nav-walk] here=WorldTile { x: 3275, z: 3332, level: 0 } aim=WorldTile { x: 3276, z: 3333, level: 0 } radius=2 ticks_waited=6 sent_tile=Some(WorldTile { x: 3261, z: 3322, level: 0 })
[nav-follow] here=WorldTile { x: 3275, z: 3332, level: 0 } walk=true transport=false leg=4 hops=10 outcome=None
[host] slot live2gk82d_0: d_loop_us=895 d_raster_us=0 d_observe_us=53007 max_observe_us=5519 d_paints=0 d_skips=50 d_ticks=2 window_ms=1187
[nav-walk] here=WorldTile { x: 3277, z: 3332, level: 0 } aim=WorldTile { x: 3288, z: 3317, level: 0 } radius=2 ticks_waited=0 sent_tile=Some(WorldTile { x: 3275, z: 3332, level: 0 })
[nav-follow] here=WorldTile { x: 3277, z: 3332, level: 0 } walk=true transport=false leg=4 hops=10 outcome=None
[nav-walk] here=WorldTile { x: 3279, z: 3330, level: 0 } aim=WorldTile { x: 3288, z: 3317, level: 0 } radius=2 ticks_waited=1 sent_tile=Some(WorldTile { x: 3275, z: 3332, level: 0 })
[nav-follow] here=WorldTile { x: 3279, z: 3330, level: 0 } walk=true transport=false leg=4 hops=10 outcome=None
[host] slot live2gk82d_0: d_loop_us=1300 d_raster_us=0 d_observe_us=53431 max_observe_us=5527 d_paints=0 d_skips=50 d_ticks=2 window_ms=1199
[nav-walk] here=WorldTile { x: 3283, z: 3326, level: 0 } aim=WorldTile { x: 3288, z: 3317, level: 0 } radius=2 ticks_waited=2 sent_tile=Some(WorldTile { x: 3275, z: 3332, level: 0 })
[nav-follow] here=WorldTile { x: 3283, z: 3326, level: 0 } walk=true transport=false leg=4 hops=10 outcome=None
[host] slot live2gk82d_0: d_loop_us=9256 d_raster_us=0 d_observe_us=83420 max_observe_us=12684 d_paints=0 d_skips=50 d_ticks=2 window_ms=1197
[nav-walk] here=WorldTile { x: 3285, z: 3324, level: 0 } aim=WorldTile { x: 3288, z: 3317, level: 0 } radius=2 ticks_waited=3 sent_tile=Some(WorldTile { x: 3275, z: 3332, level: 0 })
[nav-follow] here=WorldTile { x: 3285, z: 3324, level: 0 } walk=true transport=false leg=4 hops=10 outcome=None
[nav-walk] here=WorldTile { x: 3287, z: 3322, level: 0 } aim=WorldTile { x: 3288, z: 3317, level: 0 } radius=2 ticks_waited=4 sent_tile=Some(WorldTile { x: 3275, z: 3332, level: 0 })
[nav-follow] here=WorldTile { x: 3287, z: 3322, level: 0 } walk=true transport=false leg=4 hops=10 outcome=None
[host] slot live2gk82d_0: d_loop_us=1046 d_raster_us=0 d_observe_us=55169 max_observe_us=5527 d_paints=0 d_skips=50 d_ticks=2 window_ms=1217
[nav-walk] here=WorldTile { x: 3288, z: 3320, level: 0 } aim=WorldTile { x: 3288, z: 3317, level: 0 } radius=2 ticks_waited=5 sent_tile=Some(WorldTile { x: 3275, z: 3332, level: 0 })
[nav-follow] here=WorldTile { x: 3288, z: 3320, level: 0 } walk=true transport=false leg=4 hops=10 outcome=None
[nav-walk] here=WorldTile { x: 3288, z: 3318, level: 0 } aim=WorldTile { x: 3288, z: 3317, level: 0 } radius=2 ticks_waited=6 sent_tile=Some(WorldTile { x: 3275, z: 3332, level: 0 })
[nav-follow] here=WorldTile { x: 3288, z: 3318, level: 0 } walk=true transport=false leg=4 hops=11 outcome=None
[host] slot live2gk82d_0: d_loop_us=1259 d_raster_us=0 d_observe_us=69448 max_observe_us=13248 d_paints=0 d_skips=50 d_ticks=2 window_ms=1186
[nav-walk] here=WorldTile { x: 3288, z: 3316, level: 0 } aim=WorldTile { x: 3289, z: 3301, level: 0 } radius=2 ticks_waited=0 sent_tile=Some(WorldTile { x: 3288, z: 3318, level: 0 })
[nav-follow] here=WorldTile { x: 3288, z: 3316, level: 0 } walk=true transport=false leg=4 hops=11 outcome=None
[nav-walk] here=WorldTile { x: 3287, z: 3314, level: 0 } aim=WorldTile { x: 3289, z: 3301, level: 0 } radius=2 ticks_waited=1 sent_tile=Some(WorldTile { x: 3288, z: 3318, level: 0 })
[nav-follow] here=WorldTile { x: 3287, z: 3314, level: 0 } walk=true transport=false leg=4 hops=11 outcome=None
[host] slot live2gk82d_0: d_loop_us=1299 d_raster_us=0 d_observe_us=63907 max_observe_us=12750 d_paints=0 d_skips=50 d_ticks=2 window_ms=1194
[nav-walk] here=WorldTile { x: 3287, z: 3312, level: 0 } aim=WorldTile { x: 3289, z: 3301, level: 0 } radius=2 ticks_waited=2 sent_tile=Some(WorldTile { x: 3288, z: 3318, level: 0 })
[nav-follow] here=WorldTile { x: 3287, z: 3312, level: 0 } walk=true transport=false leg=4 hops=11 outcome=None
[nav-walk] here=WorldTile { x: 3287, z: 3310, level: 0 } aim=WorldTile { x: 3289, z: 3301, level: 0 } radius=2 ticks_waited=3 sent_tile=Some(WorldTile { x: 3288, z: 3318, level: 0 })
[nav-follow] here=WorldTile { x: 3287, z: 3310, level: 0 } walk=true transport=false leg=4 hops=11 outcome=None
[host] slot live2gk82d_0: d_loop_us=1300 d_raster_us=0 d_observe_us=63080 max_observe_us=13176 d_paints=0 d_skips=50 d_ticks=2 window_ms=1197
[nav-walk] here=WorldTile { x: 3287, z: 3308, level: 0 } aim=WorldTile { x: 3289, z: 3301, level: 0 } radius=2 ticks_waited=4 sent_tile=Some(WorldTile { x: 3288, z: 3318, level: 0 })
[nav-follow] here=WorldTile { x: 3287, z: 3308, level: 0 } walk=true transport=false leg=4 hops=11 outcome=None
[nav-walk] here=WorldTile { x: 3287, z: 3306, level: 0 } aim=WorldTile { x: 3289, z: 3301, level: 0 } radius=2 ticks_waited=5 sent_tile=Some(WorldTile { x: 3288, z: 3318, level: 0 })
[nav-follow] here=WorldTile { x: 3287, z: 3306, level: 0 } walk=true transport=false leg=4 hops=11 outcome=None
[host] slot live2gk82d_0: d_loop_us=1253 d_raster_us=0 d_observe_us=51188 max_observe_us=5717 d_paints=0 d_skips=50 d_ticks=2 window_ms=1180
[nav-walk] here=WorldTile { x: 3287, z: 3304, level: 0 } aim=WorldTile { x: 3289, z: 3301, level: 0 } radius=2 ticks_waited=6 sent_tile=Some(WorldTile { x: 3288, z: 3318, level: 0 })
[nav-follow] here=WorldTile { x: 3287, z: 3304, level: 0 } walk=true transport=false leg=4 hops=11 outcome=None
[nav-walk] here=WorldTile { x: 3288, z: 3302, level: 0 } aim=WorldTile { x: 3289, z: 3301, level: 0 } radius=2 ticks_waited=7 sent_tile=Some(WorldTile { x: 3288, z: 3318, level: 0 })
[nav-follow] here=WorldTile { x: 3288, z: 3302, level: 0 } walk=true transport=false leg=4 hops=12 outcome=None
[host] slot live2gk82d_0: d_loop_us=1375 d_raster_us=0 d_observe_us=62712 max_observe_us=12760 d_paints=0 d_skips=50 d_ticks=2 window_ms=1195
[nav-walk] here=WorldTile { x: 3288, z: 3300, level: 0 } aim=WorldTile { x: 3289, z: 3285, level: 0 } radius=2 ticks_waited=0 sent_tile=Some(WorldTile { x: 3288, z: 3302, level: 0 })
[nav-follow] here=WorldTile { x: 3288, z: 3300, level: 0 } walk=true transport=false leg=4 hops=12 outcome=None
[nav-walk] here=WorldTile { x: 3288, z: 3298, level: 0 } aim=WorldTile { x: 3289, z: 3285, level: 0 } radius=2 ticks_waited=1 sent_tile=Some(WorldTile { x: 3288, z: 3302, level: 0 })
[nav-follow] here=WorldTile { x: 3288, z: 3298, level: 0 } walk=true transport=false leg=4 hops=12 outcome=None
[host] slot live2gk82d_0: d_loop_us=1238 d_raster_us=0 d_observe_us=49810 max_observe_us=5659 d_paints=0 d_skips=50 d_ticks=2 window_ms=1204
[nav-walk] here=WorldTile { x: 3288, z: 3296, level: 0 } aim=WorldTile { x: 3289, z: 3285, level: 0 } radius=2 ticks_waited=2 sent_tile=Some(WorldTile { x: 3288, z: 3302, level: 0 })
[nav-follow] here=WorldTile { x: 3288, z: 3296, level: 0 } walk=true transport=false leg=4 hops=12 outcome=None
[host] slot live2gk82d_0: d_loop_us=11269 d_raster_us=0 d_observe_us=65980 max_observe_us=5656 d_paints=0 d_skips=50 d_ticks=2 window_ms=1201
[nav-walk] here=WorldTile { x: 3288, z: 3292, level: 0 } aim=WorldTile { x: 3289, z: 3285, level: 0 } radius=2 ticks_waited=3 sent_tile=Some(WorldTile { x: 3288, z: 3302, level: 0 })
[nav-follow] here=WorldTile { x: 3288, z: 3292, level: 0 } walk=true transport=false leg=4 hops=12 outcome=None
[nav-walk] here=WorldTile { x: 3288, z: 3290, level: 0 } aim=WorldTile { x: 3289, z: 3285, level: 0 } radius=2 ticks_waited=4 sent_tile=Some(WorldTile { x: 3288, z: 3302, level: 0 })
[nav-follow] here=WorldTile { x: 3288, z: 3290, level: 0 } walk=true transport=false leg=4 hops=12 outcome=None
[host] slot live2gk82d_0: d_loop_us=1289 d_raster_us=0 d_observe_us=60929 max_observe_us=10349 d_paints=0 d_skips=50 d_ticks=2 window_ms=1194
[nav-walk] here=WorldTile { x: 3288, z: 3288, level: 0 } aim=WorldTile { x: 3289, z: 3285, level: 0 } radius=2 ticks_waited=5 sent_tile=Some(WorldTile { x: 3288, z: 3302, level: 0 })
[nav-follow] here=WorldTile { x: 3288, z: 3288, level: 0 } walk=true transport=false leg=4 hops=12 outcome=None
[nav-walk] here=WorldTile { x: 3288, z: 3286, level: 0 } aim=WorldTile { x: 3289, z: 3285, level: 0 } radius=2 ticks_waited=6 sent_tile=Some(WorldTile { x: 3288, z: 3302, level: 0 })
[nav-follow] here=WorldTile { x: 3288, z: 3286, level: 0 } walk=true transport=false leg=4 hops=13 outcome=None
[host] slot live2gk82d_0: d_loop_us=1268 d_raster_us=0 d_observe_us=60772 max_observe_us=11249 d_paints=0 d_skips=50 d_ticks=2 window_ms=1186
[nav-walk] here=WorldTile { x: 3288, z: 3284, level: 0 } aim=WorldTile { x: 3295, z: 3269, level: 0 } radius=2 ticks_waited=0 sent_tile=Some(WorldTile { x: 3288, z: 3286, level: 0 })
[nav-follow] here=WorldTile { x: 3288, z: 3284, level: 0 } walk=true transport=false leg=4 hops=13 outcome=None
[nav-walk] here=WorldTile { x: 3288, z: 3282, level: 0 } aim=WorldTile { x: 3295, z: 3269, level: 0 } radius=2 ticks_waited=1 sent_tile=Some(WorldTile { x: 3288, z: 3286, level: 0 })
[nav-follow] here=WorldTile { x: 3288, z: 3282, level: 0 } walk=true transport=false leg=4 hops=13 outcome=None
[host] slot live2gk82d_0: d_loop_us=1268 d_raster_us=0 d_observe_us=55031 max_observe_us=6386 d_paints=0 d_skips=50 d_ticks=2 window_ms=1214
[nav-walk] here=WorldTile { x: 3288, z: 3280, level: 0 } aim=WorldTile { x: 3295, z: 3269, level: 0 } radius=2 ticks_waited=2 sent_tile=Some(WorldTile { x: 3288, z: 3286, level: 0 })
[nav-follow] here=WorldTile { x: 3288, z: 3280, level: 0 } walk=true transport=false leg=4 hops=13 outcome=None
[nav-walk] here=WorldTile { x: 3288, z: 3278, level: 0 } aim=WorldTile { x: 3295, z: 3269, level: 0 } radius=2 ticks_waited=3 sent_tile=Some(WorldTile { x: 3288, z: 3286, level: 0 })
[nav-follow] here=WorldTile { x: 3288, z: 3278, level: 0 } walk=true transport=false leg=4 hops=13 outcome=None
[host] slot live2gk82d_0: d_loop_us=1180 d_raster_us=0 d_observe_us=59835 max_observe_us=12564 d_paints=0 d_skips=50 d_ticks=2 window_ms=1202
[nav-walk] here=WorldTile { x: 3288, z: 3276, level: 0 } aim=WorldTile { x: 3295, z: 3269, level: 0 } radius=2 ticks_waited=4 sent_tile=Some(WorldTile { x: 3288, z: 3286, level: 0 })
[nav-follow] here=WorldTile { x: 3288, z: 3276, level: 0 } walk=true transport=false leg=4 hops=13 outcome=None
[nav-walk] here=WorldTile { x: 3290, z: 3274, level: 0 } aim=WorldTile { x: 3295, z: 3269, level: 0 } radius=2 ticks_waited=5 sent_tile=Some(WorldTile { x: 3288, z: 3286, level: 0 })
[nav-follow] here=WorldTile { x: 3290, z: 3274, level: 0 } walk=true transport=false leg=4 hops=13 outcome=None
[host] slot live2gk82d_0: d_loop_us=1182 d_raster_us=0 d_observe_us=55656 max_observe_us=6262 d_paints=0 d_skips=50 d_ticks=2 window_ms=1203
[nav-walk] here=WorldTile { x: 3292, z: 3272, level: 0 } aim=WorldTile { x: 3295, z: 3269, level: 0 } radius=2 ticks_waited=6 sent_tile=Some(WorldTile { x: 3288, z: 3286, level: 0 })
[nav-follow] here=WorldTile { x: 3292, z: 3272, level: 0 } walk=true transport=false leg=4 hops=13 outcome=None
[nav-walk] here=WorldTile { x: 3294, z: 3270, level: 0 } aim=WorldTile { x: 3295, z: 3269, level: 0 } radius=2 ticks_waited=7 sent_tile=Some(WorldTile { x: 3288, z: 3286, level: 0 })
[nav-follow] here=WorldTile { x: 3294, z: 3270, level: 0 } walk=true transport=false leg=4 hops=14 outcome=None
[host] slot live2gk82d_0: d_loop_us=1134 d_raster_us=0 d_observe_us=56105 max_observe_us=7853 d_paints=0 d_skips=50 d_ticks=2 window_ms=1203
[nav-walk] here=WorldTile { x: 3294, z: 3268, level: 0 } aim=WorldTile { x: 3303, z: 3253, level: 0 } radius=2 ticks_waited=0 sent_tile=Some(WorldTile { x: 3294, z: 3270, level: 0 })
[nav-follow] here=WorldTile { x: 3294, z: 3268, level: 0 } walk=true transport=false leg=4 hops=14 outcome=None
[nav-walk] here=WorldTile { x: 3296, z: 3266, level: 0 } aim=WorldTile { x: 3303, z: 3253, level: 0 } radius=2 ticks_waited=1 sent_tile=Some(WorldTile { x: 3294, z: 3270, level: 0 })
[nav-follow] here=WorldTile { x: 3296, z: 3266, level: 0 } walk=true transport=false leg=4 hops=14 outcome=None
[host] slot live2gk82d_0: d_loop_us=1249 d_raster_us=0 d_observe_us=59133 max_observe_us=10058 d_paints=0 d_skips=50 d_ticks=2 window_ms=1184
[nav-walk] here=WorldTile { x: 3298, z: 3264, level: 0 } aim=WorldTile { x: 3303, z: 3253, level: 0 } radius=2 ticks_waited=2 sent_tile=Some(WorldTile { x: 3294, z: 3270, level: 0 })
[nav-follow] here=WorldTile { x: 3298, z: 3264, level: 0 } walk=true transport=false leg=4 hops=14 outcome=None
[nav-walk] here=WorldTile { x: 3300, z: 3262, level: 0 } aim=WorldTile { x: 3303, z: 3253, level: 0 } radius=2 ticks_waited=3 sent_tile=Some(WorldTile { x: 3294, z: 3270, level: 0 })
[nav-follow] here=WorldTile { x: 3300, z: 3262, level: 0 } walk=true transport=false leg=4 hops=14 outcome=None
[host] slot live2gk82d_0: d_loop_us=1169 d_raster_us=0 d_observe_us=50372 max_observe_us=6223 d_paints=0 d_skips=50 d_ticks=2 window_ms=1204
[nav-walk] here=WorldTile { x: 3302, z: 3260, level: 0 } aim=WorldTile { x: 3303, z: 3253, level: 0 } radius=2 ticks_waited=4 sent_tile=Some(WorldTile { x: 3294, z: 3270, level: 0 })
[nav-follow] here=WorldTile { x: 3302, z: 3260, level: 0 } walk=true transport=false leg=4 hops=14 outcome=None
[nav-walk] here=WorldTile { x: 3302, z: 3258, level: 0 } aim=WorldTile { x: 3303, z: 3253, level: 0 } radius=2 ticks_waited=5 sent_tile=Some(WorldTile { x: 3294, z: 3270, level: 0 })
[nav-follow] here=WorldTile { x: 3302, z: 3258, level: 0 } walk=true transport=false leg=4 hops=14 outcome=None
[host] slot live2gk82d_0: d_loop_us=822 d_raster_us=0 d_observe_us=42017 max_observe_us=6643 d_paints=0 d_skips=50 d_ticks=2 window_ms=1178
[nav-walk] here=WorldTile { x: 3303, z: 3256, level: 0 } aim=WorldTile { x: 3303, z: 3253, level: 0 } radius=2 ticks_waited=6 sent_tile=Some(WorldTile { x: 3294, z: 3270, level: 0 })
[nav-follow] here=WorldTile { x: 3303, z: 3256, level: 0 } walk=true transport=false leg=4 hops=14 outcome=None
[host] slot live2gk82d_0: d_loop_us=11933 d_raster_us=0 d_observe_us=66644 max_observe_us=7067 d_paints=0 d_skips=50 d_ticks=2 window_ms=1185
[nav-walk] here=WorldTile { x: 3303, z: 3253, level: 0 } aim=WorldTile { x: 3303, z: 3253, level: 0 } radius=2 ticks_waited=7 sent_tile=Some(WorldTile { x: 3294, z: 3270, level: 0 })
[nav-follow] here=WorldTile { x: 3303, z: 3253, level: 0 } walk=true transport=false leg=4 hops=15 outcome=None
[nav-walk] here=WorldTile { x: 3303, z: 3251, level: 0 } aim=WorldTile { x: 3308, z: 3237, level: 0 } radius=2 ticks_waited=0 sent_tile=Some(WorldTile { x: 3303, z: 3253, level: 0 })
[nav-follow] here=WorldTile { x: 3303, z: 3251, level: 0 } walk=true transport=false leg=4 hops=15 outcome=None
[host] slot live2gk82d_0: d_loop_us=1023 d_raster_us=0 d_observe_us=70280 max_observe_us=13313 d_paints=0 d_skips=50 d_ticks=2 window_ms=1196
[nav-walk] here=WorldTile { x: 3303, z: 3249, level: 0 } aim=WorldTile { x: 3308, z: 3237, level: 0 } radius=2 ticks_waited=1 sent_tile=Some(WorldTile { x: 3303, z: 3253, level: 0 })
[nav-follow] here=WorldTile { x: 3303, z: 3249, level: 0 } walk=true transport=false leg=4 hops=15 outcome=None
[nav-walk] here=WorldTile { x: 3303, z: 3247, level: 0 } aim=WorldTile { x: 3308, z: 3237, level: 0 } radius=2 ticks_waited=2 sent_tile=Some(WorldTile { x: 3303, z: 3253, level: 0 })
[nav-follow] here=WorldTile { x: 3303, z: 3247, level: 0 } walk=true transport=false leg=4 hops=15 outcome=None
[host] slot live2gk82d_0: d_loop_us=1118 d_raster_us=0 d_observe_us=67659 max_observe_us=14945 d_paints=0 d_skips=50 d_ticks=2 window_ms=1197
[nav-walk] here=WorldTile { x: 3303, z: 3245, level: 0 } aim=WorldTile { x: 3308, z: 3237, level: 0 } radius=2 ticks_waited=3 sent_tile=Some(WorldTile { x: 3303, z: 3253, level: 0 })
[nav-follow] here=WorldTile { x: 3303, z: 3245, level: 0 } walk=true transport=false leg=4 hops=15 outcome=None
[nav-walk] here=WorldTile { x: 3304, z: 3243, level: 0 } aim=WorldTile { x: 3308, z: 3237, level: 0 } radius=2 ticks_waited=4 sent_tile=Some(WorldTile { x: 3303, z: 3253, level: 0 })
[nav-follow] here=WorldTile { x: 3304, z: 3243, level: 0 } walk=true transport=false leg=4 hops=15 outcome=None
[host] slot live2gk82d_0: d_loop_us=941 d_raster_us=0 d_observe_us=57941 max_observe_us=9092 d_paints=0 d_skips=50 d_ticks=2 window_ms=1211
[nav-walk] here=WorldTile { x: 3304, z: 3241, level: 0 } aim=WorldTile { x: 3308, z: 3237, level: 0 } radius=2 ticks_waited=5 sent_tile=Some(WorldTile { x: 3303, z: 3253, level: 0 })
[nav-follow] here=WorldTile { x: 3304, z: 3241, level: 0 } walk=true transport=false leg=4 hops=15 outcome=None
[nav-walk] here=WorldTile { x: 3306, z: 3239, level: 0 } aim=WorldTile { x: 3308, z: 3237, level: 0 } radius=2 ticks_waited=6 sent_tile=Some(WorldTile { x: 3303, z: 3253, level: 0 })
[nav-follow] here=WorldTile { x: 3306, z: 3239, level: 0 } walk=true transport=false leg=4 hops=16 outcome=None
[host] slot live2gk82d_0: d_loop_us=2219 d_raster_us=0 d_observe_us=126875 max_observe_us=15368 d_paints=0 d_skips=50 d_ticks=2 window_ms=1169
[nav-walk] here=WorldTile { x: 3306, z: 3237, level: 0 } aim=WorldTile { x: 3298, z: 3221, level: 0 } radius=2 ticks_waited=0 sent_tile=Some(WorldTile { x: 3306, z: 3239, level: 0 })
[nav-follow] here=WorldTile { x: 3306, z: 3237, level: 0 } walk=true transport=false leg=4 hops=16 outcome=None
[nav-walk] here=WorldTile { x: 3306, z: 3235, level: 0 } aim=WorldTile { x: 3298, z: 3221, level: 0 } radius=2 ticks_waited=1 sent_tile=Some(WorldTile { x: 3306, z: 3239, level: 0 })
[nav-follow] here=WorldTile { x: 3306, z: 3235, level: 0 } walk=true transport=false leg=4 hops=16 outcome=None
[host] slot live2gk82d_0: d_loop_us=1803 d_raster_us=0 d_observe_us=110273 max_observe_us=7766 d_paints=0 d_skips=50 d_ticks=2 window_ms=1175
[nav-walk] here=WorldTile { x: 3304, z: 3233, level: 0 } aim=WorldTile { x: 3298, z: 3221, level: 0 } radius=2 ticks_waited=2 sent_tile=Some(WorldTile { x: 3306, z: 3239, level: 0 })
[nav-follow] here=WorldTile { x: 3304, z: 3233, level: 0 } walk=true transport=false leg=4 hops=16 outcome=None
[nav-walk] here=WorldTile { x: 3302, z: 3231, level: 0 } aim=WorldTile { x: 3298, z: 3221, level: 0 } radius=2 ticks_waited=3 sent_tile=Some(WorldTile { x: 3306, z: 3239, level: 0 })
[nav-follow] here=WorldTile { x: 3302, z: 3231, level: 0 } walk=true transport=false leg=4 hops=16 outcome=None
[host] hitch live2gk82d_0: observe_us=18589 paints=0 skips=3647 ticks=151
[host] slot live2gk82d_0: d_loop_us=2256 d_raster_us=0 d_observe_us=139101 max_observe_us=18589 d_paints=0 d_skips=50 d_ticks=2 window_ms=1160
[nav-walk] here=WorldTile { x: 3300, z: 3229, level: 0 } aim=WorldTile { x: 3298, z: 3221, level: 0 } radius=2 ticks_waited=4 sent_tile=Some(WorldTile { x: 3306, z: 3239, level: 0 })
[nav-follow] here=WorldTile { x: 3300, z: 3229, level: 0 } walk=true transport=false leg=4 hops=16 outcome=None
FAIL: catalog_boundary_live: scenario failed: step 6 (watch the script reach and open its stocked bank): fresh_bank_item(Bones)>=28 not seen within 150 ticks; evidence=Some(Evidence { scenario: "bone_burier", outcome: "FAIL", predicate: "fresh_bank_item(Bones)>=28", ticks: 182, elapsed_ms: 114435, message: Some("step 6 (watch the script reach and open its stocked bank): fresh_bank_item(Bones)>=28 not seen within 150 ticks"), tile: Some([3300, 3229, 0]), inv: [], stat: Some(StatRow { runenergy: 18 }), chat: [ChatRow { text: "You bury the bones.", username: None }, ChatRow { text: "You dig a hole in the ground...", username: None }, ChatRow { text: "You bury the bones.", username: None }, ChatRow { text: "You dig a hole in the ground...", username: None }, ChatRow { text: "You bury the bones.", username: None }, ChatRow { text: "You dig a hole in the ground...", username: None }, ChatRow { text: "You bury the bones.", username: None }, ChatRow { text: "You dig a hole in the ground...", username: None }, ChatRow { text: "You bury the bones.", username: None }, ChatRow { text: "You dig a hole in the ground...", username: None }, ChatRow { text: "set tutorial: to 1000", username: None }, ChatRow { text: "Welcome to RuneScape.", username: None }], scene: 2 })
