
running 1 test
{"phase":"identity","revision":274,"profile":"local-274 · 127.0.0.1:43594 · revision 274","cache_id":"4aac9b63312dcb75d5de8f686772d083ba0808c57985438246edf21ef522be1c","nav_pack":"/Users/acfrazier/experiments/274bot/.worktrees/rs2b0t-multirevision/.superpowers/world-capabilities/274/274bot.navpack","nav_sha256":"05db24743e9f549ced16c1f00b87c30a390d3aaec391815da3f3563130b3bcd4","catalog_commit":"100adccc037d9f6898080e1cad58fcfc43364775","catalog_identity":"pre-289 frozen catalog","catalog_read_only_path":".superpowers/inputs/rs2b0t-100adccc037d9f6898080e1cad58fcfc43364775","catalog_root":"/Users/acfrazier/experiments/274bot/.worktrees/rs2b0t-multirevision/.superpowers/inputs/rs2b0t-100adccc037d9f6898080e1cad58fcfc43364775","registry_path":"/Users/acfrazier/experiments/274bot/.worktrees/rs2b0t-multirevision/.superpowers/inputs/rs2b0t-100adccc037d9f6898080e1cad58fcfc43364775/src/bot/scripts/index.ts","registry_sha256":"b614aedb3d5adfdfbac3760f082273f3cf5c33fffe4ced0f2b01490ae02d1bc2","card":{"card":"HerbCleaner","source_path":"/Users/acfrazier/experiments/274bot/.worktrees/rs2b0t-multirevision/.superpowers/inputs/rs2b0t-100adccc037d9f6898080e1cad58fcfc43364775/src/bot/scripts/HerbCleaner/HerbCleaner.ts","source_sha256":"34f1f02c7c72d47d4936ab886df50a714ab94ff831c1054188c68f4d162ea0b6","compiled_sha256":"cf26c2aca0cfc280400342b8d9f5ddcde4a1ef275b1aa231a67808125489b031","siblings":[{"module":"/rs2b0t/bot/scripts/bot/HerbCleanerLogic.js","compiled_sha256":"07462ec17e2c681b524e4b9c19fc91937c7cab081fa8aa06cbab7917bd04287c"}],"settings":{"herbs":["Guam leaf"]}},"account":"livehmjr0i_0","engine_speed_ms":null}
[host-play] slot livehmjr0i_0: thread up
274bot: loaded snapshot (4556 models, 336 anim records)
[host-play] slot livehmjr0i_0: handshake begin reconnect=false
[host-play] slot livehmjr0i_0: handshake ok
[host-play] slot livehmjr0i_0: queued mainland tele+setvar (scene 2)
[host] slot livehmjr0i_0: d_loop_us=7742 d_raster_us=0 d_observe_us=30478 max_observe_us=2589 d_paints=0 d_skips=50 d_ticks=5 window_ms=0
[host-play] slot livehmjr0i_0: handshake begin reconnect=true
[host-play] slot livehmjr0i_0: handshake ok
[host] slot livehmjr0i_0: d_loop_us=4456 d_raster_us=0 d_observe_us=45560 max_observe_us=5189 d_paints=0 d_skips=50 d_ticks=1 window_ms=0
[host-play] slot livehmjr0i_0: queued mainland tele+setvar (scene 2)
{"phase":"baseline-after-preparation","scenario":"herb_cleaner_named","account":"livehmjr0i_0","observation":{"ingame":true,"scene_state":2,"player":"Livehmjr0i 0","tile":[3185,3440,0],"tick":27,"items":{},"item_ids":{},"bank":{},"bank_ids":{},"bank_open":false,"bank_loaded":false,"bank_generation":2,"levels":{"-unused-":0,"agility":1,"attack":1,"cooking":1,"crafting":1,"defence":1,"firemaking":1,"fishing":1,"fletching":1,"herblore":5,"hitpoints":10,"magic":1,"mining":1,"prayer":1,"ranged":1,"runecraft":1,"slayer":1,"smithing":1,"strength":1,"thieving":1,"woodcutting":1},"xp":{"-unused-":0,"agility":0,"attack":0,"cooking":0,"crafting":0,"defence":0,"firemaking":0,"fishing":0,"fletching":0,"herblore":388,"hitpoints":1154,"magic":0,"mining":0,"prayer":0,"ranged":0,"runecraft":0,"slayer":0,"smithing":0,"strength":0,"thieving":0,"woodcutting":0},"chat":[[7,"Inventory wiped."],[6,"set tutorial: to 1000"],[5,"Welcome to RuneScape."]]}}
[script livehmjr0i_0] start load
{"phase":"start","account":"livehmjr0i_0","count":1}
[host] hitch livehmjr0i_0: observe_us=80712 paints=0 skips=98 ticks=27
[host] slot livehmjr0i_0: d_loop_us=24992 d_raster_us=0 d_observe_us=197915 max_observe_us=80712 d_paints=0 d_skips=50 d_ticks=27 window_ms=16211
[script livehmjr0i_0] HerbCleaner — clean Guam leaf (Herblore 5)
[script livehmjr0i_0] interact OpenBooth { x: 3186, z: 3440, level: 0, id: 2213, name: None, action: None }
[script livehmjr0i_0] bank opened, starting withdraw/deposit cycle
[script livehmjr0i_0] trying to withdraw 28 Guam leaf (have 0)
[host] slot livehmjr0i_0: d_loop_us=718 d_raster_us=0 d_observe_us=36212 max_observe_us=6166 d_paints=0 d_skips=50 d_ticks=2 window_ms=1189
[script livehmjr0i_0] withdrew 28 Guam leaf
[script livehmjr0i_0] got herbs, closing bank
[script livehmjr0i_0] interact Close
[shim-close] sent
[host] slot livehmjr0i_0: d_loop_us=822 d_raster_us=0 d_observe_us=39793 max_observe_us=6680 d_paints=0 d_skips=50 d_ticks=2 window_ms=1197
[script livehmjr0i_0] banked @ Bank booth: gave 0 items, took 28 grimy herbs
[script livehmjr0i_0] interact Held { name: "Herb", action: "Identify" }
[script livehmjr0i_0] interact Held { name: "Herb", action: "Identify" }
[script livehmjr0i_0] interact Held { name: "Herb", action: "Identify" }
[script livehmjr0i_0] interact Held { name: "Herb", action: "Identify" }
[script livehmjr0i_0] interact Held { name: "Herb", action: "Identify" }
[script livehmjr0i_0] interact Held { name: "Herb", action: "Identify" }
[script livehmjr0i_0] interact Held { name: "Herb", action: "Identify" }
[script livehmjr0i_0] interact Held { name: "Herb", action: "Identify" }
[script livehmjr0i_0] interact Held { name: "Herb", action: "Identify" }
[script livehmjr0i_0] interact Held { name: "Herb", action: "Identify" }
[script livehmjr0i_0] interact Held { name: "Herb", action: "Identify" }
[script livehmjr0i_0] interact Held { name: "Herb", action: "Identify" }
[script livehmjr0i_0] interact Held { name: "Herb", action: "Identify" }
[script livehmjr0i_0] interact Held { name: "Herb", action: "Identify" }
[script livehmjr0i_0] interact Held { name: "Herb", action: "Identify" }
[script livehmjr0i_0] interact Held { name: "Herb", action: "Identify" }
[script livehmjr0i_0] interact Held { name: "Herb", action: "Identify" }
[script livehmjr0i_0] interact Held { name: "Herb", action: "Identify" }
[script livehmjr0i_0] interact Held { name: "Herb", action: "Identify" }
[script livehmjr0i_0] interact Held { name: "Herb", action: "Identify" }
[script livehmjr0i_0] interact Held { name: "Herb", action: "Identify" }
[script livehmjr0i_0] interact Held { name: "Herb", action: "Identify" }
[script livehmjr0i_0] interact Held { name: "Herb", action: "Identify" }
[script livehmjr0i_0] interact Held { name: "Herb", action: "Identify" }
[script livehmjr0i_0] interact Held { name: "Herb", action: "Identify" }
[script livehmjr0i_0] interact Held { name: "Herb", action: "Identify" }
[script livehmjr0i_0] interact Held { name: "Herb", action: "Identify" }
[script livehmjr0i_0] interact Held { name: "Herb", action: "Identify" }
[shim-held] Herb Identify slot=0 -> sent
[shim-held] Herb Identify slot=0 -> sent
[shim-held] Herb Identify slot=0 -> sent
[shim-held] Herb Identify slot=0 -> sent
[shim-held] Herb Identify slot=0 -> sent
[shim-held] Herb Identify slot=0 -> sent
[shim-held] Herb Identify slot=0 -> sent
[shim-held] Herb Identify slot=0 -> sent
[shim-held] Herb Identify slot=0 -> sent
[shim-held] Herb Identify slot=0 -> sent
[shim-held] Herb Identify slot=0 -> sent
[shim-held] Herb Identify slot=0 -> sent
[shim-held] Herb Identify slot=0 -> sent
[shim-held] Herb Identify slot=0 -> sent
[shim-held] Herb Identify slot=0 -> sent
[shim-held] Herb Identify slot=0 -> sent
[shim-held] Herb Identify slot=0 -> sent
[shim-held] Herb Identify slot=0 -> sent
[shim-held] Herb Identify slot=0 -> sent
[shim-held] Herb Identify slot=0 -> sent
[shim-held] Herb Identify slot=0 -> sent
[shim-held] Herb Identify slot=0 -> sent
[shim-held] Herb Identify slot=0 -> sent
[shim-held] Herb Identify slot=0 -> sent
[shim-held] Herb Identify slot=0 -> sent
[shim-held] Herb Identify slot=0 -> sent
[shim-held] Herb Identify slot=0 -> sent
[shim-held] Herb Identify slot=0 -> sent
[host] slot livehmjr0i_0: d_loop_us=737 d_raster_us=0 d_observe_us=42338 max_observe_us=6575 d_paints=0 d_skips=50 d_ticks=2 window_ms=1219
[host] slot livehmjr0i_0: d_loop_us=1037 d_raster_us=0 d_observe_us=58158 max_observe_us=8369 d_paints=0 d_skips=50 d_ticks=2 window_ms=1199
[script livehmjr0i_0] interact Held { name: "Herb", action: "Identify" }
[script livehmjr0i_0] interact Held { name: "Herb", action: "Identify" }
[script livehmjr0i_0] interact Held { name: "Herb", action: "Identify" }
[script livehmjr0i_0] interact Held { name: "Herb", action: "Identify" }
[script livehmjr0i_0] interact Held { name: "Herb", action: "Identify" }
[script livehmjr0i_0] interact Held { name: "Herb", action: "Identify" }
[script livehmjr0i_0] interact Held { name: "Herb", action: "Identify" }
[script livehmjr0i_0] interact Held { name: "Herb", action: "Identify" }
[script livehmjr0i_0] interact Held { name: "Herb", action: "Identify" }
[script livehmjr0i_0] interact Held { name: "Herb", action: "Identify" }
[script livehmjr0i_0] interact Held { name: "Herb", action: "Identify" }
[script livehmjr0i_0] interact Held { name: "Herb", action: "Identify" }
[script livehmjr0i_0] interact Held { name: "Herb", action: "Identify" }
[script livehmjr0i_0] interact Held { name: "Herb", action: "Identify" }
[script livehmjr0i_0] interact Held { name: "Herb", action: "Identify" }
[script livehmjr0i_0] interact Held { name: "Herb", action: "Identify" }
[script livehmjr0i_0] interact Held { name: "Herb", action: "Identify" }
[script livehmjr0i_0] interact Held { name: "Herb", action: "Identify" }
[script livehmjr0i_0] interact Held { name: "Herb", action: "Identify" }
[script livehmjr0i_0] interact Held { name: "Herb", action: "Identify" }
[script livehmjr0i_0] interact Held { name: "Herb", action: "Identify" }
[script livehmjr0i_0] interact Held { name: "Herb", action: "Identify" }
[script livehmjr0i_0] interact Held { name: "Herb", action: "Identify" }
[script livehmjr0i_0] interact Held { name: "Herb", action: "Identify" }
[script livehmjr0i_0] interact Held { name: "Herb", action: "Identify" }
[script livehmjr0i_0] interact Held { name: "Herb", action: "Identify" }
[script livehmjr0i_0] interact Held { name: "Herb", action: "Identify" }
[shim-held] Herb Identify slot=1 -> sent
[shim-held] Herb Identify slot=1 -> sent
[shim-held] Herb Identify slot=1 -> sent
[shim-held] Herb Identify slot=1 -> sent
[shim-held] Herb Identify slot=1 -> sent
[shim-held] Herb Identify slot=1 -> sent
[shim-held] Herb Identify slot=1 -> sent
[shim-held] Herb Identify slot=1 -> sent
[shim-held] Herb Identify slot=1 -> sent
[shim-held] Herb Identify slot=1 -> sent
[shim-held] Herb Identify slot=1 -> sent
[shim-held] Herb Identify slot=1 -> sent
[shim-held] Herb Identify slot=1 -> sent
[shim-held] Herb Identify slot=1 -> sent
[shim-held] Herb Identify slot=1 -> sent
[shim-held] Herb Identify slot=1 -> sent
[shim-held] Herb Identify slot=1 -> sent
[shim-held] Herb Identify slot=1 -> sent
[shim-held] Herb Identify slot=1 -> sent
[shim-held] Herb Identify slot=1 -> sent
[shim-held] Herb Identify slot=1 -> sent
[shim-held] Herb Identify slot=1 -> sent
[shim-held] Herb Identify slot=1 -> sent
[shim-held] Herb Identify slot=1 -> sent
[shim-held] Herb Identify slot=1 -> sent
[shim-held] Herb Identify slot=1 -> sent
[shim-held] Herb Identify slot=1 -> sent
[host] slot livehmjr0i_0: d_loop_us=1475 d_raster_us=0 d_observe_us=76114 max_observe_us=10052 d_paints=0 d_skips=50 d_ticks=2 window_ms=1193
[script livehmjr0i_0] interact Held { name: "Herb", action: "Identify" }
[script livehmjr0i_0] interact Held { name: "Herb", action: "Identify" }
[script livehmjr0i_0] interact Held { name: "Herb", action: "Identify" }
[script livehmjr0i_0] interact Held { name: "Herb", action: "Identify" }
[script livehmjr0i_0] interact Held { name: "Herb", action: "Identify" }
[script livehmjr0i_0] interact Held { name: "Herb", action: "Identify" }
[script livehmjr0i_0] interact Held { name: "Herb", action: "Identify" }
[script livehmjr0i_0] interact Held { name: "Herb", action: "Identify" }
[script livehmjr0i_0] interact Held { name: "Herb", action: "Identify" }
[script livehmjr0i_0] interact Held { name: "Herb", action: "Identify" }
[script livehmjr0i_0] interact Held { name: "Herb", action: "Identify" }
[script livehmjr0i_0] interact Held { name: "Herb", action: "Identify" }
[script livehmjr0i_0] interact Held { name: "Herb", action: "Identify" }
[script livehmjr0i_0] interact Held { name: "Herb", action: "Identify" }
[script livehmjr0i_0] interact Held { name: "Herb", action: "Identify" }
[script livehmjr0i_0] interact Held { name: "Herb", action: "Identify" }
[script livehmjr0i_0] interact Held { name: "Herb", action: "Identify" }
[script livehmjr0i_0] interact Held { name: "Herb", action: "Identify" }
[script livehmjr0i_0] interact Held { name: "Herb", action: "Identify" }
[script livehmjr0i_0] interact Held { name: "Herb", action: "Identify" }
[script livehmjr0i_0] interact Held { name: "Herb", action: "Identify" }
[script livehmjr0i_0] interact Held { name: "Herb", action: "Identify" }
[script livehmjr0i_0] interact Held { name: "Herb", action: "Identify" }
[script livehmjr0i_0] interact Held { name: "Herb", action: "Identify" }
[script livehmjr0i_0] interact Held { name: "Herb", action: "Identify" }
[script livehmjr0i_0] interact Held { name: "Herb", action: "Identify" }
[shim-held] Herb Identify slot=2 -> sent
[shim-held] Herb Identify slot=2 -> sent
[shim-held] Herb Identify slot=2 -> sent
[shim-held] Herb Identify slot=2 -> sent
[shim-held] Herb Identify slot=2 -> sent
[shim-held] Herb Identify slot=2 -> sent
[shim-held] Herb Identify slot=2 -> sent
[shim-held] Herb Identify slot=2 -> sent
[shim-held] Herb Identify slot=2 -> sent
[shim-held] Herb Identify slot=2 -> sent
[shim-held] Herb Identify slot=2 -> sent
[shim-held] Herb Identify slot=2 -> sent
[shim-held] Herb Identify slot=2 -> sent
[shim-held] Herb Identify slot=2 -> sent
[shim-held] Herb Identify slot=2 -> sent
[shim-held] Herb Identify slot=2 -> sent
[shim-held] Herb Identify slot=2 -> sent
[shim-held] Herb Identify slot=2 -> sent
[shim-held] Herb Identify slot=2 -> sent
[shim-held] Herb Identify slot=2 -> sent
[shim-held] Herb Identify slot=2 -> sent
[shim-held] Herb Identify slot=2 -> sent
[shim-held] Herb Identify slot=2 -> sent
[shim-held] Herb Identify slot=2 -> sent
[shim-held] Herb Identify slot=2 -> sent
[shim-held] Herb Identify slot=2 -> sent
[host] slot livehmjr0i_0: d_loop_us=1670 d_raster_us=0 d_observe_us=76678 max_observe_us=8489 d_paints=0 d_skips=50 d_ticks=2 window_ms=1184
[host] slot livehmjr0i_0: d_loop_us=1755 d_raster_us=0 d_observe_us=92338 max_observe_us=11323 d_paints=0 d_skips=50 d_ticks=2 window_ms=1191
[script livehmjr0i_0] interact Held { name: "Herb", action: "Identify" }
[script livehmjr0i_0] interact Held { name: "Herb", action: "Identify" }
[script livehmjr0i_0] interact Held { name: "Herb", action: "Identify" }
[script livehmjr0i_0] interact Held { name: "Herb", action: "Identify" }
[script livehmjr0i_0] interact Held { name: "Herb", action: "Identify" }
[script livehmjr0i_0] interact Held { name: "Herb", action: "Identify" }
[script livehmjr0i_0] interact Held { name: "Herb", action: "Identify" }
[script livehmjr0i_0] interact Held { name: "Herb", action: "Identify" }
[script livehmjr0i_0] interact Held { name: "Herb", action: "Identify" }
[script livehmjr0i_0] interact Held { name: "Herb", action: "Identify" }
[script livehmjr0i_0] interact Held { name: "Herb", action: "Identify" }
[script livehmjr0i_0] interact Held { name: "Herb", action: "Identify" }
[script livehmjr0i_0] interact Held { name: "Herb", action: "Identify" }
[script livehmjr0i_0] interact Held { name: "Herb", action: "Identify" }
[script livehmjr0i_0] interact Held { name: "Herb", action: "Identify" }
[script livehmjr0i_0] interact Held { name: "Herb", action: "Identify" }
[script livehmjr0i_0] interact Held { name: "Herb", action: "Identify" }
[script livehmjr0i_0] interact Held { name: "Herb", action: "Identify" }
[script livehmjr0i_0] interact Held { name: "Herb", action: "Identify" }
[script livehmjr0i_0] interact Held { name: "Herb", action: "Identify" }
[script livehmjr0i_0] interact Held { name: "Herb", action: "Identify" }
[script livehmjr0i_0] interact Held { name: "Herb", action: "Identify" }
[script livehmjr0i_0] interact Held { name: "Herb", action: "Identify" }
[script livehmjr0i_0] interact Held { name: "Herb", action: "Identify" }
[script livehmjr0i_0] interact Held { name: "Herb", action: "Identify" }
[shim-held] Herb Identify slot=3 -> sent
[shim-held] Herb Identify slot=3 -> sent
[shim-held] Herb Identify slot=3 -> sent
[shim-held] Herb Identify slot=3 -> sent
[shim-held] Herb Identify slot=3 -> sent
[shim-held] Herb Identify slot=3 -> sent
[shim-held] Herb Identify slot=3 -> sent
[shim-held] Herb Identify slot=3 -> sent
[shim-held] Herb Identify slot=3 -> sent
[shim-held] Herb Identify slot=3 -> sent
[shim-held] Herb Identify slot=3 -> sent
[shim-held] Herb Identify slot=3 -> sent
[shim-held] Herb Identify slot=3 -> sent
[shim-held] Herb Identify slot=3 -> sent
[shim-held] Herb Identify slot=3 -> sent
[shim-held] Herb Identify slot=3 -> sent
[shim-held] Herb Identify slot=3 -> sent
[shim-held] Herb Identify slot=3 -> sent
[shim-held] Herb Identify slot=3 -> sent
[shim-held] Herb Identify slot=3 -> sent
[shim-held] Herb Identify slot=3 -> sent
[shim-held] Herb Identify slot=3 -> sent
[shim-held] Herb Identify slot=3 -> sent
[shim-held] Herb Identify slot=3 -> sent
[shim-held] Herb Identify slot=3 -> sent
[host] slot livehmjr0i_0: d_loop_us=1676 d_raster_us=0 d_observe_us=87486 max_observe_us=14004 d_paints=0 d_skips=50 d_ticks=2 window_ms=1196
[host] slot livehmjr0i_0: d_loop_us=1661 d_raster_us=0 d_observe_us=87025 max_observe_us=9773 d_paints=0 d_skips=50 d_ticks=2 window_ms=1186
[script livehmjr0i_0] interact Held { name: "Herb", action: "Identify" }
[script livehmjr0i_0] interact Held { name: "Herb", action: "Identify" }
[script livehmjr0i_0] interact Held { name: "Herb", action: "Identify" }
[script livehmjr0i_0] interact Held { name: "Herb", action: "Identify" }
[script livehmjr0i_0] interact Held { name: "Herb", action: "Identify" }
[script livehmjr0i_0] interact Held { name: "Herb", action: "Identify" }
[script livehmjr0i_0] interact Held { name: "Herb", action: "Identify" }
[script livehmjr0i_0] interact Held { name: "Herb", action: "Identify" }
[script livehmjr0i_0] interact Held { name: "Herb", action: "Identify" }
[script livehmjr0i_0] interact Held { name: "Herb", action: "Identify" }
[script livehmjr0i_0] interact Held { name: "Herb", action: "Identify" }
[script livehmjr0i_0] interact Held { name: "Herb", action: "Identify" }
[script livehmjr0i_0] interact Held { name: "Herb", action: "Identify" }
[script livehmjr0i_0] interact Held { name: "Herb", action: "Identify" }
[script livehmjr0i_0] interact Held { name: "Herb", action: "Identify" }
[script livehmjr0i_0] interact Held { name: "Herb", action: "Identify" }
[script livehmjr0i_0] interact Held { name: "Herb", action: "Identify" }
[script livehmjr0i_0] interact Held { name: "Herb", action: "Identify" }
[script livehmjr0i_0] interact Held { name: "Herb", action: "Identify" }
[script livehmjr0i_0] interact Held { name: "Herb", action: "Identify" }
[script livehmjr0i_0] interact Held { name: "Herb", action: "Identify" }
[script livehmjr0i_0] interact Held { name: "Herb", action: "Identify" }
[script livehmjr0i_0] interact Held { name: "Herb", action: "Identify" }
[script livehmjr0i_0] interact Held { name: "Herb", action: "Identify" }
[shim-held] Herb Identify slot=4 -> sent
[shim-held] Herb Identify slot=4 -> sent
[shim-held] Herb Identify slot=4 -> sent
[shim-held] Herb Identify slot=4 -> sent
[shim-held] Herb Identify slot=4 -> sent
[shim-held] Herb Identify slot=4 -> sent
[shim-held] Herb Identify slot=4 -> sent
[shim-held] Herb Identify slot=4 -> sent
[shim-held] Herb Identify slot=4 -> sent
[shim-held] Herb Identify slot=4 -> sent
[shim-held] Herb Identify slot=4 -> sent
[shim-held] Herb Identify slot=4 -> sent
[shim-held] Herb Identify slot=4 -> sent
[shim-held] Herb Identify slot=4 -> sent
[shim-held] Herb Identify slot=4 -> sent
[shim-held] Herb Identify slot=4 -> sent
[shim-held] Herb Identify slot=4 -> sent
[shim-held] Herb Identify slot=4 -> sent
[shim-held] Herb Identify slot=4 -> sent
[shim-held] Herb Identify slot=4 -> sent
[shim-held] Herb Identify slot=4 -> sent
[shim-held] Herb Identify slot=4 -> sent
[shim-held] Herb Identify slot=4 -> sent
[shim-held] Herb Identify slot=4 -> sent
[host] slot livehmjr0i_0: d_loop_us=1651 d_raster_us=0 d_observe_us=84539 max_observe_us=9543 d_paints=0 d_skips=50 d_ticks=2 window_ms=1188
[script livehmjr0i_0] interact Held { name: "Herb", action: "Identify" }
[script livehmjr0i_0] interact Held { name: "Herb", action: "Identify" }
[script livehmjr0i_0] interact Held { name: "Herb", action: "Identify" }
[script livehmjr0i_0] interact Held { name: "Herb", action: "Identify" }
[script livehmjr0i_0] interact Held { name: "Herb", action: "Identify" }
[script livehmjr0i_0] interact Held { name: "Herb", action: "Identify" }
[script livehmjr0i_0] interact Held { name: "Herb", action: "Identify" }
[script livehmjr0i_0] interact Held { name: "Herb", action: "Identify" }
[script livehmjr0i_0] interact Held { name: "Herb", action: "Identify" }
[script livehmjr0i_0] interact Held { name: "Herb", action: "Identify" }
[script livehmjr0i_0] interact Held { name: "Herb", action: "Identify" }
[script livehmjr0i_0] interact Held { name: "Herb", action: "Identify" }
[script livehmjr0i_0] interact Held { name: "Herb", action: "Identify" }
[script livehmjr0i_0] interact Held { name: "Herb", action: "Identify" }
[script livehmjr0i_0] interact Held { name: "Herb", action: "Identify" }
[script livehmjr0i_0] interact Held { name: "Herb", action: "Identify" }
[script livehmjr0i_0] interact Held { name: "Herb", action: "Identify" }
[script livehmjr0i_0] interact Held { name: "Herb", action: "Identify" }
[script livehmjr0i_0] interact Held { name: "Herb", action: "Identify" }
[script livehmjr0i_0] interact Held { name: "Herb", action: "Identify" }
[script livehmjr0i_0] interact Held { name: "Herb", action: "Identify" }
[script livehmjr0i_0] interact Held { name: "Herb", action: "Identify" }
[script livehmjr0i_0] interact Held { name: "Herb", action: "Identify" }
[shim-held] Herb Identify slot=5 -> sent
[shim-held] Herb Identify slot=5 -> sent
[shim-held] Herb Identify slot=5 -> sent
[shim-held] Herb Identify slot=5 -> sent
[shim-held] Herb Identify slot=5 -> sent
[shim-held] Herb Identify slot=5 -> sent
[shim-held] Herb Identify slot=5 -> sent
[shim-held] Herb Identify slot=5 -> sent
[shim-held] Herb Identify slot=5 -> sent
[shim-held] Herb Identify slot=5 -> sent
[shim-held] Herb Identify slot=5 -> sent
[shim-held] Herb Identify slot=5 -> sent
[shim-held] Herb Identify slot=5 -> sent
[shim-held] Herb Identify slot=5 -> sent
[shim-held] Herb Identify slot=5 -> sent
[shim-held] Herb Identify slot=5 -> sent
[shim-held] Herb Identify slot=5 -> sent
[shim-held] Herb Identify slot=5 -> sent
[shim-held] Herb Identify slot=5 -> sent
[shim-held] Herb Identify slot=5 -> sent
[shim-held] Herb Identify slot=5 -> sent
[shim-held] Herb Identify slot=5 -> sent
[shim-held] Herb Identify slot=5 -> sent
[host] slot livehmjr0i_0: d_loop_us=1563 d_raster_us=0 d_observe_us=91181 max_observe_us=9565 d_paints=0 d_skips=50 d_ticks=2 window_ms=1180
[host] slot livehmjr0i_0: d_loop_us=1734 d_raster_us=0 d_observe_us=96916 max_observe_us=10558 d_paints=0 d_skips=50 d_ticks=1 window_ms=1193
[script livehmjr0i_0] interact Held { name: "Herb", action: "Identify" }
[script livehmjr0i_0] interact Held { name: "Herb", action: "Identify" }
[script livehmjr0i_0] interact Held { name: "Herb", action: "Identify" }
[script livehmjr0i_0] interact Held { name: "Herb", action: "Identify" }
[script livehmjr0i_0] interact Held { name: "Herb", action: "Identify" }
[script livehmjr0i_0] interact Held { name: "Herb", action: "Identify" }
[script livehmjr0i_0] interact Held { name: "Herb", action: "Identify" }
[script livehmjr0i_0] interact Held { name: "Herb", action: "Identify" }
[script livehmjr0i_0] interact Held { name: "Herb", action: "Identify" }
[script livehmjr0i_0] interact Held { name: "Herb", action: "Identify" }
[script livehmjr0i_0] interact Held { name: "Herb", action: "Identify" }
[script livehmjr0i_0] interact Held { name: "Herb", action: "Identify" }
[script livehmjr0i_0] interact Held { name: "Herb", action: "Identify" }
[script livehmjr0i_0] interact Held { name: "Herb", action: "Identify" }
[script livehmjr0i_0] interact Held { name: "Herb", action: "Identify" }
[script livehmjr0i_0] interact Held { name: "Herb", action: "Identify" }
[script livehmjr0i_0] interact Held { name: "Herb", action: "Identify" }
[script livehmjr0i_0] interact Held { name: "Herb", action: "Identify" }
[script livehmjr0i_0] interact Held { name: "Herb", action: "Identify" }
[script livehmjr0i_0] interact Held { name: "Herb", action: "Identify" }
[script livehmjr0i_0] interact Held { name: "Herb", action: "Identify" }
[script livehmjr0i_0] interact Held { name: "Herb", action: "Identify" }
[shim-held] Herb Identify slot=6 -> sent
[shim-held] Herb Identify slot=6 -> sent
[shim-held] Herb Identify slot=6 -> sent
[shim-held] Herb Identify slot=6 -> sent
[shim-held] Herb Identify slot=6 -> sent
[shim-held] Herb Identify slot=6 -> sent
[shim-held] Herb Identify slot=6 -> sent
[shim-held] Herb Identify slot=6 -> sent
[shim-held] Herb Identify slot=6 -> sent
[shim-held] Herb Identify slot=6 -> sent
[shim-held] Herb Identify slot=6 -> sent
[shim-held] Herb Identify slot=6 -> sent
[shim-held] Herb Identify slot=6 -> sent
[shim-held] Herb Identify slot=6 -> sent
[shim-held] Herb Identify slot=6 -> sent
[shim-held] Herb Identify slot=6 -> sent
[shim-held] Herb Identify slot=6 -> sent
[shim-held] Herb Identify slot=6 -> sent
[shim-held] Herb Identify slot=6 -> sent
[shim-held] Herb Identify slot=6 -> sent
[shim-held] Herb Identify slot=6 -> sent
[shim-held] Herb Identify slot=6 -> sent
[host] slot livehmjr0i_0: d_loop_us=1722 d_raster_us=0 d_observe_us=91125 max_observe_us=11149 d_paints=0 d_skips=50 d_ticks=2 window_ms=1179
[script livehmjr0i_0] interact Held { name: "Herb", action: "Identify" }
[script livehmjr0i_0] interact Held { name: "Herb", action: "Identify" }
[script livehmjr0i_0] interact Held { name: "Herb", action: "Identify" }
[script livehmjr0i_0] interact Held { name: "Herb", action: "Identify" }
[script livehmjr0i_0] interact Held { name: "Herb", action: "Identify" }
[script livehmjr0i_0] interact Held { name: "Herb", action: "Identify" }
[script livehmjr0i_0] interact Held { name: "Herb", action: "Identify" }
[script livehmjr0i_0] interact Held { name: "Herb", action: "Identify" }
[script livehmjr0i_0] interact Held { name: "Herb", action: "Identify" }
[script livehmjr0i_0] interact Held { name: "Herb", action: "Identify" }
[script livehmjr0i_0] interact Held { name: "Herb", action: "Identify" }
[script livehmjr0i_0] interact Held { name: "Herb", action: "Identify" }
[script livehmjr0i_0] interact Held { name: "Herb", action: "Identify" }
[script livehmjr0i_0] interact Held { name: "Herb", action: "Identify" }
[script livehmjr0i_0] interact Held { name: "Herb", action: "Identify" }
[script livehmjr0i_0] interact Held { name: "Herb", action: "Identify" }
[script livehmjr0i_0] interact Held { name: "Herb", action: "Identify" }
[script livehmjr0i_0] interact Held { name: "Herb", action: "Identify" }
[script livehmjr0i_0] interact Held { name: "Herb", action: "Identify" }
[script livehmjr0i_0] interact Held { name: "Herb", action: "Identify" }
[script livehmjr0i_0] interact Held { name: "Herb", action: "Identify" }
[shim-held] Herb Identify slot=7 -> sent
[shim-held] Herb Identify slot=7 -> sent
[shim-held] Herb Identify slot=7 -> sent
[shim-held] Herb Identify slot=7 -> sent
[shim-held] Herb Identify slot=7 -> sent
[shim-held] Herb Identify slot=7 -> sent
[shim-held] Herb Identify slot=7 -> sent
[shim-held] Herb Identify slot=7 -> sent
[shim-held] Herb Identify slot=7 -> sent
[shim-held] Herb Identify slot=7 -> sent
[shim-held] Herb Identify slot=7 -> sent
[shim-held] Herb Identify slot=7 -> sent
[shim-held] Herb Identify slot=7 -> sent
[shim-held] Herb Identify slot=7 -> sent
[shim-held] Herb Identify slot=7 -> sent
[shim-held] Herb Identify slot=7 -> sent
[shim-held] Herb Identify slot=7 -> sent
[shim-held] Herb Identify slot=7 -> sent
[shim-held] Herb Identify slot=7 -> sent
[shim-held] Herb Identify slot=7 -> sent
[shim-held] Herb Identify slot=7 -> sent
[host] slot livehmjr0i_0: d_loop_us=1160 d_raster_us=0 d_observe_us=58014 max_observe_us=8570 d_paints=0 d_skips=50 d_ticks=2 window_ms=1197
[host] slot livehmjr0i_0: d_loop_us=1402 d_raster_us=0 d_observe_us=80910 max_observe_us=10883 d_paints=0 d_skips=50 d_ticks=2 window_ms=1195
[script livehmjr0i_0] interact Held { name: "Herb", action: "Identify" }
[script livehmjr0i_0] interact Held { name: "Herb", action: "Identify" }
[script livehmjr0i_0] interact Held { name: "Herb", action: "Identify" }
[script livehmjr0i_0] interact Held { name: "Herb", action: "Identify" }
[script livehmjr0i_0] interact Held { name: "Herb", action: "Identify" }
[script livehmjr0i_0] interact Held { name: "Herb", action: "Identify" }
[script livehmjr0i_0] interact Held { name: "Herb", action: "Identify" }
[script livehmjr0i_0] interact Held { name: "Herb", action: "Identify" }
[script livehmjr0i_0] interact Held { name: "Herb", action: "Identify" }
[script livehmjr0i_0] interact Held { name: "Herb", action: "Identify" }
[script livehmjr0i_0] interact Held { name: "Herb", action: "Identify" }
[script livehmjr0i_0] interact Held { name: "Herb", action: "Identify" }
[script livehmjr0i_0] interact Held { name: "Herb", action: "Identify" }
[script livehmjr0i_0] interact Held { name: "Herb", action: "Identify" }
[script livehmjr0i_0] interact Held { name: "Herb", action: "Identify" }
[script livehmjr0i_0] interact Held { name: "Herb", action: "Identify" }
[script livehmjr0i_0] interact Held { name: "Herb", action: "Identify" }
[script livehmjr0i_0] interact Held { name: "Herb", action: "Identify" }
[script livehmjr0i_0] interact Held { name: "Herb", action: "Identify" }
[script livehmjr0i_0] interact Held { name: "Herb", action: "Identify" }
[shim-held] Herb Identify slot=8 -> sent
[shim-held] Herb Identify slot=8 -> sent
[shim-held] Herb Identify slot=8 -> sent
[shim-held] Herb Identify slot=8 -> sent
[shim-held] Herb Identify slot=8 -> sent
[shim-held] Herb Identify slot=8 -> sent
[shim-held] Herb Identify slot=8 -> sent
[shim-held] Herb Identify slot=8 -> sent
[shim-held] Herb Identify slot=8 -> sent
[shim-held] Herb Identify slot=8 -> sent
[shim-held] Herb Identify slot=8 -> sent
[shim-held] Herb Identify slot=8 -> sent
[shim-held] Herb Identify slot=8 -> sent
[shim-held] Herb Identify slot=8 -> sent
[shim-held] Herb Identify slot=8 -> sent
[shim-held] Herb Identify slot=8 -> sent
[shim-held] Herb Identify slot=8 -> sent
[shim-held] Herb Identify slot=8 -> sent
[shim-held] Herb Identify slot=8 -> sent
[shim-held] Herb Identify slot=8 -> sent
[host] slot livehmjr0i_0: d_loop_us=1707 d_raster_us=0 d_observe_us=92739 max_observe_us=14712 d_paints=0 d_skips=50 d_ticks=2 window_ms=1190
[script livehmjr0i_0] interact Held { name: "Herb", action: "Identify" }
[script livehmjr0i_0] interact Held { name: "Herb", action: "Identify" }
[script livehmjr0i_0] interact Held { name: "Herb", action: "Identify" }
[script livehmjr0i_0] interact Held { name: "Herb", action: "Identify" }
[script livehmjr0i_0] interact Held { name: "Herb", action: "Identify" }
[script livehmjr0i_0] interact Held { name: "Herb", action: "Identify" }
[script livehmjr0i_0] interact Held { name: "Herb", action: "Identify" }
[script livehmjr0i_0] interact Held { name: "Herb", action: "Identify" }
[script livehmjr0i_0] interact Held { name: "Herb", action: "Identify" }
[script livehmjr0i_0] interact Held { name: "Herb", action: "Identify" }
[script livehmjr0i_0] interact Held { name: "Herb", action: "Identify" }
[script livehmjr0i_0] interact Held { name: "Herb", action: "Identify" }
[script livehmjr0i_0] interact Held { name: "Herb", action: "Identify" }
[script livehmjr0i_0] interact Held { name: "Herb", action: "Identify" }
[script livehmjr0i_0] interact Held { name: "Herb", action: "Identify" }
[script livehmjr0i_0] interact Held { name: "Herb", action: "Identify" }
[script livehmjr0i_0] interact Held { name: "Herb", action: "Identify" }
[script livehmjr0i_0] interact Held { name: "Herb", action: "Identify" }
[script livehmjr0i_0] interact Held { name: "Herb", action: "Identify" }
[shim-held] Herb Identify slot=9 -> sent
[shim-held] Herb Identify slot=9 -> sent
[shim-held] Herb Identify slot=9 -> sent
[shim-held] Herb Identify slot=9 -> sent
[shim-held] Herb Identify slot=9 -> sent
[shim-held] Herb Identify slot=9 -> sent
[shim-held] Herb Identify slot=9 -> sent
[shim-held] Herb Identify slot=9 -> sent
[shim-held] Herb Identify slot=9 -> sent
[shim-held] Herb Identify slot=9 -> sent
[shim-held] Herb Identify slot=9 -> sent
[shim-held] Herb Identify slot=9 -> sent
[shim-held] Herb Identify slot=9 -> sent
[shim-held] Herb Identify slot=9 -> sent
[shim-held] Herb Identify slot=9 -> sent
[shim-held] Herb Identify slot=9 -> sent
[shim-held] Herb Identify slot=9 -> sent
[shim-held] Herb Identify slot=9 -> sent
[shim-held] Herb Identify slot=9 -> sent
[host] slot livehmjr0i_0: d_loop_us=1582 d_raster_us=0 d_observe_us=72286 max_observe_us=8008 d_paints=0 d_skips=50 d_ticks=2 window_ms=1190
[host] slot livehmjr0i_0: d_loop_us=1428 d_raster_us=0 d_observe_us=75623 max_observe_us=13468 d_paints=0 d_skips=50 d_ticks=2 window_ms=1192
[script livehmjr0i_0] interact Held { name: "Herb", action: "Identify" }
[script livehmjr0i_0] interact Held { name: "Herb", action: "Identify" }
[script livehmjr0i_0] interact Held { name: "Herb", action: "Identify" }
[script livehmjr0i_0] interact Held { name: "Herb", action: "Identify" }
[script livehmjr0i_0] interact Held { name: "Herb", action: "Identify" }
[script livehmjr0i_0] interact Held { name: "Herb", action: "Identify" }
[script livehmjr0i_0] interact Held { name: "Herb", action: "Identify" }
[script livehmjr0i_0] interact Held { name: "Herb", action: "Identify" }
[script livehmjr0i_0] interact Held { name: "Herb", action: "Identify" }
[script livehmjr0i_0] interact Held { name: "Herb", action: "Identify" }
[script livehmjr0i_0] interact Held { name: "Herb", action: "Identify" }
[script livehmjr0i_0] interact Held { name: "Herb", action: "Identify" }
[script livehmjr0i_0] interact Held { name: "Herb", action: "Identify" }
[script livehmjr0i_0] interact Held { name: "Herb", action: "Identify" }
[script livehmjr0i_0] interact Held { name: "Herb", action: "Identify" }
[script livehmjr0i_0] interact Held { name: "Herb", action: "Identify" }
[script livehmjr0i_0] interact Held { name: "Herb", action: "Identify" }
[script livehmjr0i_0] interact Held { name: "Herb", action: "Identify" }
[shim-held] Herb Identify slot=10 -> sent
[shim-held] Herb Identify slot=10 -> sent
[shim-held] Herb Identify slot=10 -> sent
[shim-held] Herb Identify slot=10 -> sent
[shim-held] Herb Identify slot=10 -> sent
[shim-held] Herb Identify slot=10 -> sent
[shim-held] Herb Identify slot=10 -> sent
[shim-held] Herb Identify slot=10 -> sent
[shim-held] Herb Identify slot=10 -> sent
[shim-held] Herb Identify slot=10 -> sent
[shim-held] Herb Identify slot=10 -> sent
[shim-held] Herb Identify slot=10 -> sent
[shim-held] Herb Identify slot=10 -> sent
[shim-held] Herb Identify slot=10 -> sent
[shim-held] Herb Identify slot=10 -> sent
[shim-held] Herb Identify slot=10 -> sent
[shim-held] Herb Identify slot=10 -> sent
[shim-held] Herb Identify slot=10 -> sent
[host] slot livehmjr0i_0: d_loop_us=1579 d_raster_us=0 d_observe_us=88981 max_observe_us=13887 d_paints=0 d_skips=50 d_ticks=2 window_ms=1181
[script livehmjr0i_0] interact Held { name: "Herb", action: "Identify" }
[script livehmjr0i_0] interact Held { name: "Herb", action: "Identify" }
[script livehmjr0i_0] interact Held { name: "Herb", action: "Identify" }
[script livehmjr0i_0] interact Held { name: "Herb", action: "Identify" }
[script livehmjr0i_0] interact Held { name: "Herb", action: "Identify" }
[script livehmjr0i_0] interact Held { name: "Herb", action: "Identify" }
[script livehmjr0i_0] interact Held { name: "Herb", action: "Identify" }
[script livehmjr0i_0] interact Held { name: "Herb", action: "Identify" }
[script livehmjr0i_0] interact Held { name: "Herb", action: "Identify" }
[script livehmjr0i_0] interact Held { name: "Herb", action: "Identify" }
[script livehmjr0i_0] interact Held { name: "Herb", action: "Identify" }
[script livehmjr0i_0] interact Held { name: "Herb", action: "Identify" }
[script livehmjr0i_0] interact Held { name: "Herb", action: "Identify" }
[script livehmjr0i_0] interact Held { name: "Herb", action: "Identify" }
[script livehmjr0i_0] interact Held { name: "Herb", action: "Identify" }
[script livehmjr0i_0] interact Held { name: "Herb", action: "Identify" }
[script livehmjr0i_0] interact Held { name: "Herb", action: "Identify" }
[shim-held] Herb Identify slot=11 -> sent
[shim-held] Herb Identify slot=11 -> sent
[shim-held] Herb Identify slot=11 -> sent
[shim-held] Herb Identify slot=11 -> sent
[shim-held] Herb Identify slot=11 -> sent
[shim-held] Herb Identify slot=11 -> sent
[shim-held] Herb Identify slot=11 -> sent
[shim-held] Herb Identify slot=11 -> sent
[shim-held] Herb Identify slot=11 -> sent
[shim-held] Herb Identify slot=11 -> sent
[shim-held] Herb Identify slot=11 -> sent
[shim-held] Herb Identify slot=11 -> sent
[shim-held] Herb Identify slot=11 -> sent
[shim-held] Herb Identify slot=11 -> sent
[shim-held] Herb Identify slot=11 -> sent
[shim-held] Herb Identify slot=11 -> sent
[shim-held] Herb Identify slot=11 -> sent
[host] slot livehmjr0i_0: d_loop_us=1671 d_raster_us=0 d_observe_us=91940 max_observe_us=12120 d_paints=0 d_skips=50 d_ticks=2 window_ms=1180
[host] slot livehmjr0i_0: d_loop_us=2038 d_raster_us=0 d_observe_us=84752 max_observe_us=12913 d_paints=0 d_skips=50 d_ticks=2 window_ms=1158
[script livehmjr0i_0] interact Held { name: "Herb", action: "Identify" }
[script livehmjr0i_0] interact Held { name: "Herb", action: "Identify" }
[script livehmjr0i_0] interact Held { name: "Herb", action: "Identify" }
[script livehmjr0i_0] interact Held { name: "Herb", action: "Identify" }
[script livehmjr0i_0] interact Held { name: "Herb", action: "Identify" }
[script livehmjr0i_0] interact Held { name: "Herb", action: "Identify" }
[script livehmjr0i_0] interact Held { name: "Herb", action: "Identify" }
[script livehmjr0i_0] interact Held { name: "Herb", action: "Identify" }
[script livehmjr0i_0] interact Held { name: "Herb", action: "Identify" }
[script livehmjr0i_0] interact Held { name: "Herb", action: "Identify" }
[script livehmjr0i_0] interact Held { name: "Herb", action: "Identify" }
[script livehmjr0i_0] interact Held { name: "Herb", action: "Identify" }
[script livehmjr0i_0] interact Held { name: "Herb", action: "Identify" }
[script livehmjr0i_0] interact Held { name: "Herb", action: "Identify" }
[script livehmjr0i_0] interact Held { name: "Herb", action: "Identify" }
[script livehmjr0i_0] interact Held { name: "Herb", action: "Identify" }
[shim-held] Herb Identify slot=12 -> sent
[shim-held] Herb Identify slot=12 -> sent
[shim-held] Herb Identify slot=12 -> sent
[shim-held] Herb Identify slot=12 -> sent
[shim-held] Herb Identify slot=12 -> sent
[shim-held] Herb Identify slot=12 -> sent
[shim-held] Herb Identify slot=12 -> sent
[shim-held] Herb Identify slot=12 -> sent
[shim-held] Herb Identify slot=12 -> sent
[shim-held] Herb Identify slot=12 -> sent
[shim-held] Herb Identify slot=12 -> sent
[shim-held] Herb Identify slot=12 -> sent
[shim-held] Herb Identify slot=12 -> sent
[shim-held] Herb Identify slot=12 -> sent
[shim-held] Herb Identify slot=12 -> sent
[shim-held] Herb Identify slot=12 -> sent
[host] slot livehmjr0i_0: d_loop_us=1425 d_raster_us=0 d_observe_us=87527 max_observe_us=12189 d_paints=0 d_skips=50 d_ticks=2 window_ms=1168
[script livehmjr0i_0] interact Held { name: "Herb", action: "Identify" }
[script livehmjr0i_0] interact Held { name: "Herb", action: "Identify" }
[script livehmjr0i_0] interact Held { name: "Herb", action: "Identify" }
[script livehmjr0i_0] interact Held { name: "Herb", action: "Identify" }
[script livehmjr0i_0] interact Held { name: "Herb", action: "Identify" }
[script livehmjr0i_0] interact Held { name: "Herb", action: "Identify" }
[script livehmjr0i_0] interact Held { name: "Herb", action: "Identify" }
[script livehmjr0i_0] interact Held { name: "Herb", action: "Identify" }
[script livehmjr0i_0] interact Held { name: "Herb", action: "Identify" }
[script livehmjr0i_0] interact Held { name: "Herb", action: "Identify" }
[script livehmjr0i_0] interact Held { name: "Herb", action: "Identify" }
[script livehmjr0i_0] interact Held { name: "Herb", action: "Identify" }
[script livehmjr0i_0] interact Held { name: "Herb", action: "Identify" }
[script livehmjr0i_0] interact Held { name: "Herb", action: "Identify" }
[script livehmjr0i_0] interact Held { name: "Herb", action: "Identify" }
[shim-held] Herb Identify slot=13 -> sent
[shim-held] Herb Identify slot=13 -> sent
[shim-held] Herb Identify slot=13 -> sent
[shim-held] Herb Identify slot=13 -> sent
[shim-held] Herb Identify slot=13 -> sent
[shim-held] Herb Identify slot=13 -> sent
[shim-held] Herb Identify slot=13 -> sent
[shim-held] Herb Identify slot=13 -> sent
[shim-held] Herb Identify slot=13 -> sent
[shim-held] Herb Identify slot=13 -> sent
[shim-held] Herb Identify slot=13 -> sent
[shim-held] Herb Identify slot=13 -> sent
[shim-held] Herb Identify slot=13 -> sent
[shim-held] Herb Identify slot=13 -> sent
[shim-held] Herb Identify slot=13 -> sent
[host] slot livehmjr0i_0: d_loop_us=1848 d_raster_us=0 d_observe_us=87227 max_observe_us=9055 d_paints=0 d_skips=50 d_ticks=2 window_ms=1169
[host] slot livehmjr0i_0: d_loop_us=1564 d_raster_us=0 d_observe_us=80292 max_observe_us=13461 d_paints=0 d_skips=50 d_ticks=2 window_ms=1170
[script livehmjr0i_0] interact Held { name: "Herb", action: "Identify" }
[script livehmjr0i_0] interact Held { name: "Herb", action: "Identify" }
[script livehmjr0i_0] interact Held { name: "Herb", action: "Identify" }
[script livehmjr0i_0] interact Held { name: "Herb", action: "Identify" }
[script livehmjr0i_0] interact Held { name: "Herb", action: "Identify" }
[script livehmjr0i_0] interact Held { name: "Herb", action: "Identify" }
[script livehmjr0i_0] interact Held { name: "Herb", action: "Identify" }
[script livehmjr0i_0] interact Held { name: "Herb", action: "Identify" }
[script livehmjr0i_0] interact Held { name: "Herb", action: "Identify" }
[script livehmjr0i_0] interact Held { name: "Herb", action: "Identify" }
[script livehmjr0i_0] interact Held { name: "Herb", action: "Identify" }
[script livehmjr0i_0] interact Held { name: "Herb", action: "Identify" }
[script livehmjr0i_0] interact Held { name: "Herb", action: "Identify" }
[script livehmjr0i_0] interact Held { name: "Herb", action: "Identify" }
[shim-held] Herb Identify slot=14 -> sent
[shim-held] Herb Identify slot=14 -> sent
[shim-held] Herb Identify slot=14 -> sent
[shim-held] Herb Identify slot=14 -> sent
[shim-held] Herb Identify slot=14 -> sent
[shim-held] Herb Identify slot=14 -> sent
[shim-held] Herb Identify slot=14 -> sent
[shim-held] Herb Identify slot=14 -> sent
[shim-held] Herb Identify slot=14 -> sent
[shim-held] Herb Identify slot=14 -> sent
[shim-held] Herb Identify slot=14 -> sent
[shim-held] Herb Identify slot=14 -> sent
[shim-held] Herb Identify slot=14 -> sent
[shim-held] Herb Identify slot=14 -> sent
test catalog_boundary_live has been running for over 60 seconds
[host] slot livehmjr0i_0: d_loop_us=1422 d_raster_us=0 d_observe_us=77782 max_observe_us=11598 d_paints=0 d_skips=50 d_ticks=2 window_ms=1175
[script livehmjr0i_0] interact Held { name: "Herb", action: "Identify" }
[script livehmjr0i_0] interact Held { name: "Herb", action: "Identify" }
[script livehmjr0i_0] interact Held { name: "Herb", action: "Identify" }
[script livehmjr0i_0] interact Held { name: "Herb", action: "Identify" }
[script livehmjr0i_0] interact Held { name: "Herb", action: "Identify" }
[script livehmjr0i_0] interact Held { name: "Herb", action: "Identify" }
[script livehmjr0i_0] interact Held { name: "Herb", action: "Identify" }
[script livehmjr0i_0] interact Held { name: "Herb", action: "Identify" }
[script livehmjr0i_0] interact Held { name: "Herb", action: "Identify" }
[script livehmjr0i_0] interact Held { name: "Herb", action: "Identify" }
[script livehmjr0i_0] interact Held { name: "Herb", action: "Identify" }
[script livehmjr0i_0] interact Held { name: "Herb", action: "Identify" }
[script livehmjr0i_0] interact Held { name: "Herb", action: "Identify" }
[shim-held] Herb Identify slot=15 -> sent
[shim-held] Herb Identify slot=15 -> sent
[shim-held] Herb Identify slot=15 -> sent
[shim-held] Herb Identify slot=15 -> sent
[shim-held] Herb Identify slot=15 -> sent
[shim-held] Herb Identify slot=15 -> sent
[shim-held] Herb Identify slot=15 -> sent
[shim-held] Herb Identify slot=15 -> sent
[shim-held] Herb Identify slot=15 -> sent
[shim-held] Herb Identify slot=15 -> sent
[shim-held] Herb Identify slot=15 -> sent
[shim-held] Herb Identify slot=15 -> sent
[shim-held] Herb Identify slot=15 -> sent
[host] slot livehmjr0i_0: d_loop_us=1427 d_raster_us=0 d_observe_us=73300 max_observe_us=7239 d_paints=0 d_skips=50 d_ticks=2 window_ms=1178
[host] slot livehmjr0i_0: d_loop_us=1890 d_raster_us=0 d_observe_us=99237 max_observe_us=14877 d_paints=0 d_skips=50 d_ticks=2 window_ms=1176
[script livehmjr0i_0] interact Held { name: "Herb", action: "Identify" }
[script livehmjr0i_0] interact Held { name: "Herb", action: "Identify" }
[script livehmjr0i_0] interact Held { name: "Herb", action: "Identify" }
[script livehmjr0i_0] interact Held { name: "Herb", action: "Identify" }
[script livehmjr0i_0] interact Held { name: "Herb", action: "Identify" }
[script livehmjr0i_0] interact Held { name: "Herb", action: "Identify" }
[script livehmjr0i_0] interact Held { name: "Herb", action: "Identify" }
[script livehmjr0i_0] interact Held { name: "Herb", action: "Identify" }
[script livehmjr0i_0] interact Held { name: "Herb", action: "Identify" }
[script livehmjr0i_0] interact Held { name: "Herb", action: "Identify" }
[script livehmjr0i_0] interact Held { name: "Herb", action: "Identify" }
[script livehmjr0i_0] interact Held { name: "Herb", action: "Identify" }
[shim-held] Herb Identify slot=16 -> sent
[shim-held] Herb Identify slot=16 -> sent
[shim-held] Herb Identify slot=16 -> sent
[shim-held] Herb Identify slot=16 -> sent
[shim-held] Herb Identify slot=16 -> sent
[shim-held] Herb Identify slot=16 -> sent
[shim-held] Herb Identify slot=16 -> sent
[shim-held] Herb Identify slot=16 -> sent
[shim-held] Herb Identify slot=16 -> sent
[shim-held] Herb Identify slot=16 -> sent
[shim-held] Herb Identify slot=16 -> sent
[shim-held] Herb Identify slot=16 -> sent
[host] slot livehmjr0i_0: d_loop_us=1783 d_raster_us=0 d_observe_us=90553 max_observe_us=12197 d_paints=0 d_skips=50 d_ticks=2 window_ms=1170
[script livehmjr0i_0] interact Held { name: "Herb", action: "Identify" }
[script livehmjr0i_0] interact Held { name: "Herb", action: "Identify" }
[script livehmjr0i_0] interact Held { name: "Herb", action: "Identify" }
[script livehmjr0i_0] interact Held { name: "Herb", action: "Identify" }
[script livehmjr0i_0] interact Held { name: "Herb", action: "Identify" }
[script livehmjr0i_0] interact Held { name: "Herb", action: "Identify" }
[script livehmjr0i_0] interact Held { name: "Herb", action: "Identify" }
[script livehmjr0i_0] interact Held { name: "Herb", action: "Identify" }
[script livehmjr0i_0] interact Held { name: "Herb", action: "Identify" }
[script livehmjr0i_0] interact Held { name: "Herb", action: "Identify" }
[script livehmjr0i_0] interact Held { name: "Herb", action: "Identify" }
[shim-held] Herb Identify slot=17 -> sent
[shim-held] Herb Identify slot=17 -> sent
[shim-held] Herb Identify slot=17 -> sent
[shim-held] Herb Identify slot=17 -> sent
[shim-held] Herb Identify slot=17 -> sent
[shim-held] Herb Identify slot=17 -> sent
[shim-held] Herb Identify slot=17 -> sent
[shim-held] Herb Identify slot=17 -> sent
[shim-held] Herb Identify slot=17 -> sent
[shim-held] Herb Identify slot=17 -> sent
[shim-held] Herb Identify slot=17 -> sent
[host] slot livehmjr0i_0: d_loop_us=1431 d_raster_us=0 d_observe_us=85002 max_observe_us=10053 d_paints=0 d_skips=50 d_ticks=2 window_ms=1176
[host] slot livehmjr0i_0: d_loop_us=1750 d_raster_us=0 d_observe_us=85820 max_observe_us=11676 d_paints=0 d_skips=50 d_ticks=2 window_ms=1185
[script livehmjr0i_0] interact Held { name: "Herb", action: "Identify" }
[script livehmjr0i_0] interact Held { name: "Herb", action: "Identify" }
[script livehmjr0i_0] interact Held { name: "Herb", action: "Identify" }
[script livehmjr0i_0] interact Held { name: "Herb", action: "Identify" }
[script livehmjr0i_0] interact Held { name: "Herb", action: "Identify" }
[script livehmjr0i_0] interact Held { name: "Herb", action: "Identify" }
[script livehmjr0i_0] interact Held { name: "Herb", action: "Identify" }
[script livehmjr0i_0] interact Held { name: "Herb", action: "Identify" }
[script livehmjr0i_0] interact Held { name: "Herb", action: "Identify" }
[script livehmjr0i_0] interact Held { name: "Herb", action: "Identify" }
[shim-held] Herb Identify slot=18 -> sent
[shim-held] Herb Identify slot=18 -> sent
[shim-held] Herb Identify slot=18 -> sent
[shim-held] Herb Identify slot=18 -> sent
[shim-held] Herb Identify slot=18 -> sent
[shim-held] Herb Identify slot=18 -> sent
[shim-held] Herb Identify slot=18 -> sent
[shim-held] Herb Identify slot=18 -> sent
[shim-held] Herb Identify slot=18 -> sent
[shim-held] Herb Identify slot=18 -> sent
[host] slot livehmjr0i_0: d_loop_us=1725 d_raster_us=0 d_observe_us=90372 max_observe_us=14584 d_paints=0 d_skips=50 d_ticks=2 window_ms=1180
[script livehmjr0i_0] interact Held { name: "Herb", action: "Identify" }
[script livehmjr0i_0] interact Held { name: "Herb", action: "Identify" }
[script livehmjr0i_0] interact Held { name: "Herb", action: "Identify" }
[script livehmjr0i_0] interact Held { name: "Herb", action: "Identify" }
[script livehmjr0i_0] interact Held { name: "Herb", action: "Identify" }
[script livehmjr0i_0] interact Held { name: "Herb", action: "Identify" }
[script livehmjr0i_0] interact Held { name: "Herb", action: "Identify" }
[script livehmjr0i_0] interact Held { name: "Herb", action: "Identify" }
[script livehmjr0i_0] interact Held { name: "Herb", action: "Identify" }
[shim-held] Herb Identify slot=19 -> sent
[shim-held] Herb Identify slot=19 -> sent
[shim-held] Herb Identify slot=19 -> sent
[shim-held] Herb Identify slot=19 -> sent
[shim-held] Herb Identify slot=19 -> sent
[shim-held] Herb Identify slot=19 -> sent
[shim-held] Herb Identify slot=19 -> sent
[shim-held] Herb Identify slot=19 -> sent
[shim-held] Herb Identify slot=19 -> sent
[host] slot livehmjr0i_0: d_loop_us=1540 d_raster_us=0 d_observe_us=76733 max_observe_us=8210 d_paints=0 d_skips=50 d_ticks=2 window_ms=1174
[host] slot livehmjr0i_0: d_loop_us=1358 d_raster_us=0 d_observe_us=84932 max_observe_us=14243 d_paints=0 d_skips=50 d_ticks=2 window_ms=1172
[script livehmjr0i_0] interact Held { name: "Herb", action: "Identify" }
[script livehmjr0i_0] interact Held { name: "Herb", action: "Identify" }
[script livehmjr0i_0] interact Held { name: "Herb", action: "Identify" }
[script livehmjr0i_0] interact Held { name: "Herb", action: "Identify" }
[script livehmjr0i_0] interact Held { name: "Herb", action: "Identify" }
[script livehmjr0i_0] interact Held { name: "Herb", action: "Identify" }
[script livehmjr0i_0] interact Held { name: "Herb", action: "Identify" }
[script livehmjr0i_0] interact Held { name: "Herb", action: "Identify" }
[shim-held] Herb Identify slot=20 -> sent
[shim-held] Herb Identify slot=20 -> sent
[shim-held] Herb Identify slot=20 -> sent
[shim-held] Herb Identify slot=20 -> sent
[shim-held] Herb Identify slot=20 -> sent
[shim-held] Herb Identify slot=20 -> sent
[shim-held] Herb Identify slot=20 -> sent
[shim-held] Herb Identify slot=20 -> sent
[host] slot livehmjr0i_0: d_loop_us=1245 d_raster_us=0 d_observe_us=86422 max_observe_us=14039 d_paints=0 d_skips=50 d_ticks=2 window_ms=1183
[host] slot livehmjr0i_0: d_loop_us=1474 d_raster_us=0 d_observe_us=87257 max_observe_us=8672 d_paints=0 d_skips=50 d_ticks=2 window_ms=1205
[script livehmjr0i_0] interact Held { name: "Herb", action: "Identify" }
[script livehmjr0i_0] interact Held { name: "Herb", action: "Identify" }
[script livehmjr0i_0] interact Held { name: "Herb", action: "Identify" }
[script livehmjr0i_0] interact Held { name: "Herb", action: "Identify" }
[script livehmjr0i_0] interact Held { name: "Herb", action: "Identify" }
[script livehmjr0i_0] interact Held { name: "Herb", action: "Identify" }
[script livehmjr0i_0] interact Held { name: "Herb", action: "Identify" }
[shim-held] Herb Identify slot=21 -> sent
[shim-held] Herb Identify slot=21 -> sent
[shim-held] Herb Identify slot=21 -> sent
[shim-held] Herb Identify slot=21 -> sent
[shim-held] Herb Identify slot=21 -> sent
[shim-held] Herb Identify slot=21 -> sent
[shim-held] Herb Identify slot=21 -> sent
[host] slot livehmjr0i_0: d_loop_us=1605 d_raster_us=0 d_observe_us=92733 max_observe_us=13149 d_paints=0 d_skips=50 d_ticks=2 window_ms=1178
[script livehmjr0i_0] interact Held { name: "Herb", action: "Identify" }
[script livehmjr0i_0] interact Held { name: "Herb", action: "Identify" }
[script livehmjr0i_0] interact Held { name: "Herb", action: "Identify" }
[script livehmjr0i_0] interact Held { name: "Herb", action: "Identify" }
[script livehmjr0i_0] interact Held { name: "Herb", action: "Identify" }
[script livehmjr0i_0] interact Held { name: "Herb", action: "Identify" }
[shim-held] Herb Identify slot=22 -> sent
[shim-held] Herb Identify slot=22 -> sent
[shim-held] Herb Identify slot=22 -> sent
[shim-held] Herb Identify slot=22 -> sent
[shim-held] Herb Identify slot=22 -> sent
[shim-held] Herb Identify slot=22 -> sent
[host] slot livehmjr0i_0: d_loop_us=1585 d_raster_us=0 d_observe_us=80193 max_observe_us=9845 d_paints=0 d_skips=50 d_ticks=2 window_ms=1182
[host] slot livehmjr0i_0: d_loop_us=1674 d_raster_us=0 d_observe_us=82987 max_observe_us=13415 d_paints=0 d_skips=50 d_ticks=2 window_ms=1167
[script livehmjr0i_0] interact Held { name: "Herb", action: "Identify" }
[script livehmjr0i_0] interact Held { name: "Herb", action: "Identify" }
[script livehmjr0i_0] interact Held { name: "Herb", action: "Identify" }
[script livehmjr0i_0] interact Held { name: "Herb", action: "Identify" }
[script livehmjr0i_0] interact Held { name: "Herb", action: "Identify" }
[shim-held] Herb Identify slot=23 -> sent
[shim-held] Herb Identify slot=23 -> sent
[shim-held] Herb Identify slot=23 -> sent
[shim-held] Herb Identify slot=23 -> sent
[shim-held] Herb Identify slot=23 -> sent
[host] slot livehmjr0i_0: d_loop_us=1512 d_raster_us=0 d_observe_us=97639 max_observe_us=14313 d_paints=0 d_skips=50 d_ticks=2 window_ms=1171
[script livehmjr0i_0] interact Held { name: "Herb", action: "Identify" }
[script livehmjr0i_0] interact Held { name: "Herb", action: "Identify" }
[script livehmjr0i_0] interact Held { name: "Herb", action: "Identify" }
[script livehmjr0i_0] interact Held { name: "Herb", action: "Identify" }
[shim-held] Herb Identify slot=24 -> sent
[shim-held] Herb Identify slot=24 -> sent
[shim-held] Herb Identify slot=24 -> sent
[shim-held] Herb Identify slot=24 -> sent
[host] slot livehmjr0i_0: d_loop_us=1121 d_raster_us=0 d_observe_us=80697 max_observe_us=9699 d_paints=0 d_skips=50 d_ticks=2 window_ms=1200
[host] slot livehmjr0i_0: d_loop_us=1452 d_raster_us=0 d_observe_us=83812 max_observe_us=10971 d_paints=0 d_skips=50 d_ticks=2 window_ms=1183
[script livehmjr0i_0] interact Held { name: "Herb", action: "Identify" }
[script livehmjr0i_0] interact Held { name: "Herb", action: "Identify" }
[script livehmjr0i_0] interact Held { name: "Herb", action: "Identify" }
[shim-held] Herb Identify slot=25 -> sent
[shim-held] Herb Identify slot=25 -> sent
[shim-held] Herb Identify slot=25 -> sent
[host] slot livehmjr0i_0: d_loop_us=1458 d_raster_us=0 d_observe_us=72183 max_observe_us=6920 d_paints=0 d_skips=50 d_ticks=2 window_ms=1193
[script livehmjr0i_0] interact Held { name: "Herb", action: "Identify" }
[script livehmjr0i_0] interact Held { name: "Herb", action: "Identify" }
[shim-held] Herb Identify slot=26 -> sent
[shim-held] Herb Identify slot=26 -> sent
[host] slot livehmjr0i_0: d_loop_us=889 d_raster_us=0 d_observe_us=43519 max_observe_us=7292 d_paints=0 d_skips=50 d_ticks=2 window_ms=1206
[host] slot livehmjr0i_0: d_loop_us=1138 d_raster_us=0 d_observe_us=67290 max_observe_us=9364 d_paints=0 d_skips=50 d_ticks=2 window_ms=1202
[script livehmjr0i_0] interact Held { name: "Herb", action: "Identify" }
[shim-held] Herb Identify slot=27 -> sent
[host] slot livehmjr0i_0: d_loop_us=1190 d_raster_us=0 d_observe_us=76835 max_observe_us=11520 d_paints=0 d_skips=50 d_ticks=2 window_ms=1193
[host] slot livehmjr0i_0: d_loop_us=1410 d_raster_us=0 d_observe_us=64250 max_observe_us=7392 d_paints=0 d_skips=50 d_ticks=2 window_ms=1207
[script livehmjr0i_0] interact OpenBooth { x: 3186, z: 3440, level: 0, id: 2213, name: None, action: None }
[host] slot livehmjr0i_0: d_loop_us=1124 d_raster_us=0 d_observe_us=77084 max_observe_us=11477 d_paints=0 d_skips=50 d_ticks=2 window_ms=1197
[script livehmjr0i_0] bank opened, starting withdraw/deposit cycle
[script livehmjr0i_0] pack full, need to deposit before withdrawing Guam leaf
[script livehmjr0i_0] pack full, depositing everything
[host] slot livehmjr0i_0: d_loop_us=1142 d_raster_us=0 d_observe_us=87636 max_observe_us=11285 d_paints=0 d_skips=50 d_ticks=2 window_ms=1193
[host] slot livehmjr0i_0: d_loop_us=1048 d_raster_us=0 d_observe_us=81261 max_observe_us=5421 d_paints=0 d_skips=50 d_ticks=2 window_ms=1179
[script livehmjr0i_0] deposited 28 items
[script livehmjr0i_0] trying to withdraw 28 Guam leaf (have 0)
[host] slot livehmjr0i_0: d_loop_us=1048 d_raster_us=0 d_observe_us=71824 max_observe_us=5357 d_paints=0 d_skips=50 d_ticks=2 window_ms=1191
[script livehmjr0i_0] withdrew 2 Guam leaf
[script livehmjr0i_0] got herbs, closing bank
[script livehmjr0i_0] interact Close
[shim-close] sent
[script livehmjr0i_0] banked @ Bank booth: gave 28 items, took 2 grimy herbs
[host] slot livehmjr0i_0: d_loop_us=1307 d_raster_us=0 d_observe_us=89698 max_observe_us=9906 d_paints=0 d_skips=50 d_ticks=2 window_ms=1191
[script livehmjr0i_0] interact Held { name: "Herb", action: "Identify" }
[script livehmjr0i_0] interact Held { name: "Herb", action: "Identify" }
[shim-held] Herb Identify slot=0 -> sent
[shim-held] Herb Identify slot=0 -> sent
PASS: catalog_boundary_live: {"scenario":"herb_cleaner_named","runner":"Some(Evidence { scenario: \"herb_cleaner_named\", outcome: \"PASS\", predicate: \"stat_xp_gain(15)>=2\", ticks: 165, elapsed_ms: 89174, message: None, tile: Some([3185, 3440, 0]), inv: [InvRow { id: 249, name: Some(\"Guam leaf\"), count: 1 }, InvRow { id: 199, name: Some(\"Herb\"), count: 1 }], stat: Some(StatRow { runenergy: 100 }), chat: [ChatRow { text: \"This herb is a Guam Leaf.\", username: None }, ChatRow { text: \"This herb is a Guam Leaf.\", username: None }, ChatRow { text: \"This herb is a Guam Leaf.\", username: None }, ChatRow { text: \"This herb is a Guam Leaf.\", username: None }, ChatRow { text: \"This herb is a Guam Leaf.\", username: None }, ChatRow { text: \"This herb is a Guam Leaf.\", username: None }, ChatRow { text: \"This herb is a Guam Leaf.\", username: None }, ChatRow { text: \"This herb is a Guam Leaf.\", username: None }, ChatRow { text: \"This herb is a Guam Leaf.\", username: None }, ChatRow { text: \"This herb is a Guam Leaf.\", username: None }, ChatRow { text: \"This herb is a Guam Leaf.\", username: None }, ChatRow { text: \"This herb is a Guam Leaf.\", username: None }, ChatRow { text: \"This herb is a Guam Leaf.\", username: None }, ChatRow { text: \"This herb is a Guam Leaf.\", username: None }, ChatRow { text: \"This herb is a Guam Leaf.\", username: None }, ChatRow { text: \"This herb is a Guam Leaf.\", username: None }, ChatRow { text: \"This herb is a Guam Leaf.\", username: None }, ChatRow { text: \"This herb is a Guam Leaf.\", username: None }, ChatRow { text: \"This herb is a Guam Leaf.\", username: None }, ChatRow { text: \"This herb is a Guam Leaf.\", username: None }, ChatRow { text: \"This herb is a Guam Leaf.\", username: None }, ChatRow { text: \"This herb is a Guam Leaf.\", username: None }, ChatRow { text: \"This herb is a Guam Leaf.\", username: None }, ChatRow { text: \"This herb is a Guam Leaf.\", username: None }, ChatRow { text: \"This herb is a Guam Leaf.\", username: None }, ChatRow { text: \"This herb is a Guam Leaf.\", username: None }, ChatRow { text: \"This herb is a Guam Leaf.\", username: None }, ChatRow { text: \"This herb is a Guam Leaf.\", username: None }, ChatRow { text: \"This herb is a Guam Leaf.\", username: None }, ChatRow { text: \"Inventory wiped.\", username: None }, ChatRow { text: \"set tutorial: to 1000\", username: None }, ChatRow { text: \"Welcome to RuneScape.\", username: None }], scene: 2 })","core":{"case":"herb_cleaner_named","baseline":{"ingame":true,"scene_state":2,"player":"Livehmjr0i 0","tile":[3185,3440,0],"tick":27,"items":{},"item_ids":{},"bank":{},"bank_ids":{},"bank_open":false,"bank_loaded":false,"bank_generation":2,"levels":{"-unused-":0,"agility":1,"attack":1,"cooking":1,"crafting":1,"defence":1,"firemaking":1,"fishing":1,"fletching":1,"herblore":5,"hitpoints":10,"magic":1,"mining":1,"prayer":1,"ranged":1,"runecraft":1,"slayer":1,"smithing":1,"strength":1,"thieving":1,"woodcutting":1},"xp":{"-unused-":0,"agility":0,"attack":0,"cooking":0,"crafting":0,"defence":0,"firemaking":0,"fishing":0,"fletching":0,"herblore":388,"hitpoints":1154,"magic":0,"mining":0,"prayer":0,"ranged":0,"runecraft":0,"slayer":0,"smithing":0,"strength":0,"thieving":0,"woodcutting":0},"chat":[[7,"Inventory wiped."],[6,"set tutorial: to 1000"],[5,"Welcome to RuneScape."]]},"latest":{"ingame":true,"scene_state":2,"player":"Livehmjr0i 0","tile":[3185,3440,0],"tick":130,"items":{"Guam leaf":1,"Herb":1},"item_ids":{"199":1,"249":1},"bank":{},"bank_ids":{},"bank_open":false,"bank_loaded":false,"bank_generation":6,"levels":{"-unused-":0,"agility":1,"attack":1,"cooking":1,"crafting":1,"defence":1,"firemaking":1,"fishing":1,"fletching":1,"herblore":5,"hitpoints":10,"magic":1,"mining":1,"prayer":1,"ranged":1,"runecraft":1,"slayer":1,"smithing":1,"strength":1,"thieving":1,"woodcutting":1},"xp":{"-unused-":0,"agility":0,"attack":0,"cooking":0,"crafting":0,"defence":0,"firemaking":0,"fishing":0,"fletching":0,"herblore":460,"hitpoints":1154,"magic":0,"mining":0,"prayer":0,"ranged":0,"runecraft":0,"slayer":0,"smithing":0,"strength":0,"thieving":0,"woodcutting":0},"chat":[[36,"This herb is a Guam Leaf."],[35,"This herb is a Guam Leaf."],[34,"This herb is a Guam Leaf."],[33,"This herb is a Guam Leaf."],[32,"This herb is a Guam Leaf."],[31,"This herb is a Guam Leaf."],[30,"This herb is a Guam Leaf."],[29,"This herb is a Guam Leaf."],[28,"This herb is a Guam Leaf."],[27,"This herb is a Guam Leaf."],[26,"This herb is a Guam Leaf."],[25,"This herb is a Guam Leaf."],[24,"This herb is a Guam Leaf."],[23,"This herb is a Guam Leaf."],[22,"This herb is a Guam Leaf."],[21,"This herb is a Guam Leaf."],[20,"This herb is a Guam Leaf."],[19,"This herb is a Guam Leaf."],[18,"This herb is a Guam Leaf."],[17,"This herb is a Guam Leaf."],[16,"This herb is a Guam Leaf."],[15,"This herb is a Guam Leaf."],[14,"This herb is a Guam Leaf."],[13,"This herb is a Guam Leaf."],[12,"This herb is a Guam Leaf."],[11,"This herb is a Guam Leaf."],[10,"This herb is a Guam Leaf."],[9,"This herb is a Guam Leaf."],[8,"This herb is a Guam Leaf."],[7,"Inventory wiped."],[6,"set tutorial: to 1000"],[5,"Welcome to RuneScape."]]},"max_items":{"Guam leaf":28,"Herb":28},"max_xp":{"-unused-":0,"agility":0,"attack":0,"cooking":0,"crafting":0,"defence":0,"firemaking":0,"fishing":0,"fletching":0,"herblore":460,"hitpoints":1154,"magic":0,"mining":0,"prayer":0,"ranged":0,"runecraft":0,"slayer":0,"smithing":0,"strength":0,"thieving":0,"woodcutting":0},"saw_bury_chat":false,"post_start_observations":2579,"bone_bank_cycle":{"first_batch_buried":false,"opened":null,"withdrawn":null,"buried_after_withdrawal":false},"bank_fletcher_cycle":{"first_pack_created":false,"deposited":null,"withdrawn":null,"crafted_after_withdrawal":false},"bank_fletcher_string_cycle":{"initial_pairs_strung":false,"deposited":null,"withdrawn":null,"strung_after_withdrawal":false},"bank_fletcher_cut_string_cycle":{"cut_pair_created":false,"deposited":null,"withdrawn":null,"string_pair_created":false},"alcher_generated_custom_cycle":{"withdrawn":null,"consumed":false},"dart_fletcher_cycle":{"first":null,"further":false,"wrong_tier":false},"herb_cleaner_cycle":{"first_pack":true,"deposited":{"ingame":true,"scene_state":2,"player":"Livehmjr0i 0","tile":[3185,3440,0],"tick":122,"items":{},"item_ids":{},"bank":{"Guam leaf":28,"Herb":6},"bank_ids":{"199":2,"201":4,"249":28},"bank_open":true,"bank_loaded":true,"bank_generation":5,"levels":{"-unused-":0,"agility":1,"attack":1,"cooking":1,"crafting":1,"defence":1,"firemaking":1,"fishing":1,"fletching":1,"herblore":5,"hitpoints":10,"magic":1,"mining":1,"prayer":1,"ranged":1,"runecraft":1,"slayer":1,"smithing":1,"strength":1,"thieving":1,"woodcutting":1},"xp":{"-unused-":0,"agility":0,"attack":0,"cooking":0,"crafting":0,"defence":0,"firemaking":0,"fishing":0,"fletching":0,"herblore":458,"hitpoints":1154,"magic":0,"mining":0,"prayer":0,"ranged":0,"runecraft":0,"slayer":0,"smithing":0,"strength":0,"thieving":0,"woodcutting":0},"chat":[[35,"This herb is a Guam Leaf."],[34,"This herb is a Guam Leaf."],[33,"This herb is a Guam Leaf."],[32,"This herb is a Guam Leaf."],[31,"This herb is a Guam Leaf."],[30,"This herb is a Guam Leaf."],[29,"This herb is a Guam Leaf."],[28,"This herb is a Guam Leaf."],[27,"This herb is a Guam Leaf."],[26,"This herb is a Guam Leaf."],[25,"This herb is a Guam Leaf."],[24,"This herb is a Guam Leaf."],[23,"This herb is a Guam Leaf."],[22,"This herb is a Guam Leaf."],[21,"This herb is a Guam Leaf."],[20,"This herb is a Guam Leaf."],[19,"This herb is a Guam Leaf."],[18,"This herb is a Guam Leaf."],[17,"This herb is a Guam Leaf."],[16,"This herb is a Guam Leaf."],[15,"This herb is a Guam Leaf."],[14,"This herb is a Guam Leaf."],[13,"This herb is a Guam Leaf."],[12,"This herb is a Guam Leaf."],[11,"This herb is a Guam Leaf."],[10,"This herb is a Guam Leaf."],[9,"This herb is a Guam Leaf."],[8,"This herb is a Guam Leaf."],[7,"Inventory wiped."],[6,"set tutorial: to 1000"],[5,"Welcome to RuneScape."]]},"withdrawn":{"ingame":true,"scene_state":2,"player":"Livehmjr0i 0","tile":[3185,3440,0],"tick":127,"items":{"Herb":2},"item_ids":{"199":2},"bank":{"Guam leaf":28,"Herb":4},"bank_ids":{"201":4,"249":28},"bank_open":true,"bank_loaded":true,"bank_generation":5,"levels":{"-unused-":0,"agility":1,"attack":1,"cooking":1,"crafting":1,"defence":1,"firemaking":1,"fishing":1,"fletching":1,"herblore":5,"hitpoints":10,"magic":1,"mining":1,"prayer":1,"ranged":1,"runecraft":1,"slayer":1,"smithing":1,"strength":1,"thieving":1,"woodcutting":1},"xp":{"-unused-":0,"agility":0,"attack":0,"cooking":0,"crafting":0,"defence":0,"firemaking":0,"fishing":0,"fletching":0,"herblore":458,"hitpoints":1154,"magic":0,"mining":0,"prayer":0,"ranged":0,"runecraft":0,"slayer":0,"smithing":0,"strength":0,"thieving":0,"woodcutting":0},"chat":[[35,"This herb is a Guam Leaf."],[34,"This herb is a Guam Leaf."],[33,"This herb is a Guam Leaf."],[32,"This herb is a Guam Leaf."],[31,"This herb is a Guam Leaf."],[30,"This herb is a Guam Leaf."],[29,"This herb is a Guam Leaf."],[28,"This herb is a Guam Leaf."],[27,"This herb is a Guam Leaf."],[26,"This herb is a Guam Leaf."],[25,"This herb is a Guam Leaf."],[24,"This herb is a Guam Leaf."],[23,"This herb is a Guam Leaf."],[22,"This herb is a Guam Leaf."],[21,"This herb is a Guam Leaf."],[20,"This herb is a Guam Leaf."],[19,"This herb is a Guam Leaf."],[18,"This herb is a Guam Leaf."],[17,"This herb is a Guam Leaf."],[16,"This herb is a Guam Leaf."],[15,"This herb is a Guam Leaf."],[14,"This herb is a Guam Leaf."],[13,"This herb is a Guam Leaf."],[12,"This herb is a Guam Leaf."],[11,"This herb is a Guam Leaf."],[10,"This herb is a Guam Leaf."],[9,"This herb is a Guam Leaf."],[8,"This herb is a Guam Leaf."],[7,"Inventory wiped."],[6,"set tutorial: to 1000"],[5,"Welcome to RuneScape."]]},"cleaned_after_withdrawal":true,"filter_violated":false},"gem_cutter_cycle":{"first_pack":false,"deposited":null,"withdrawn":null,"cut_after_withdrawal":false,"filter_violated":false},"ordered_first_exhausted":false}}
test catalog_boundary_live ... ok

test result: ok. 1 passed; 0 failed; 0 ignored; 0 measured; 16 filtered out; finished in 92.21s

