
running 1 test
{"phase":"identity","revision":274,"profile":"local-274 · 127.0.0.1:43594 · revision 274","cache_id":"4aac9b63312dcb75d5de8f686772d083ba0808c57985438246edf21ef522be1c","nav_pack":"/Users/acfrazier/experiments/274bot/.worktrees/rs2b0t-multirevision/.superpowers/world-capabilities/274/274bot.navpack","nav_sha256":"05db24743e9f549ced16c1f00b87c30a390d3aaec391815da3f3563130b3bcd4","catalog_commit":"8e7d965be2071d6ec65c3265e12af797082d720a","catalog_identity":"289-updated frozen catalog","catalog_read_only_path":".superpowers/inputs/rs2b0t-8e7d965be2071d6ec65c3265e12af797082d720a","catalog_root":"/Users/acfrazier/experiments/274bot/.worktrees/rs2b0t-multirevision/.superpowers/inputs/rs2b0t-8e7d965be2071d6ec65c3265e12af797082d720a","registry_path":"/Users/acfrazier/experiments/274bot/.worktrees/rs2b0t-multirevision/.superpowers/inputs/rs2b0t-8e7d965be2071d6ec65c3265e12af797082d720a/src/bot/scripts/index.ts","registry_sha256":"b614aedb3d5adfdfbac3760f082273f3cf5c33fffe4ced0f2b01490ae02d1bc2","card":{"card":"ChickenKiller","source_path":"/Users/acfrazier/experiments/274bot/.worktrees/rs2b0t-multirevision/.superpowers/inputs/rs2b0t-8e7d965be2071d6ec65c3265e12af797082d720a/src/bot/scripts/ChickenKiller/ChickenKiller.ts","source_sha256":"997caf51e5f409703f4523e74e52f9aa22d388059c36e2810358176b26f9087f","compiled_sha256":"1521855852ae0d0566aa67132be6f4ae2eb24ef45b15406127607733533e4d91","siblings":[],"settings":{"leashRadius":12.0,"fightHpGate":45.0,"restUntilHp":70.0,"targetName":"Chicken","lootMatch":"feather","buryBones":true,"combatStyle":"melee","meleeStyle":"strength","spell":"Wind Strike","runesWithdraw":100.0,"rangeStyle":"rapid","ammo":"Bronze arrow","ammoWithdraw":200.0,"bankStrategy":"Loot count","bankEveryItems":1.0,"bankEveryMinutes":10.0,"bankCommonJunk":true}},"account":"livekr7a5p_0","engine_speed_ms":null}
[host-play] slot livekr7a5p_0: thread up
274bot: loaded snapshot (4556 models, 336 anim records)
[host-play] slot livekr7a5p_0: handshake begin reconnect=false
[host-play] slot livekr7a5p_0: handshake ok
[host-play] slot livekr7a5p_0: queued mainland tele+setvar (scene 2)
[host] slot livekr7a5p_0: d_loop_us=9651 d_raster_us=0 d_observe_us=39664 max_observe_us=3733 d_paints=0 d_skips=50 d_ticks=5 window_ms=0
[host-play] slot livekr7a5p_0: handshake begin reconnect=true
[host-play] slot livekr7a5p_0: handshake ok
[host] slot livekr7a5p_0: d_loop_us=921 d_raster_us=0 d_observe_us=36306 max_observe_us=2931 d_paints=0 d_skips=50 d_ticks=1 window_ms=0
[host-play] slot livekr7a5p_0: queued mainland tele+setvar (scene 2)
{"phase":"baseline-after-preparation","scenario":"chicken_killer_bank","account":"livekr7a5p_0","observation":{"ingame":true,"scene_state":2,"player":"Livekr7a5p 0","tile":[3029,3294,0],"tick":16,"items":{},"item_ids":{},"bank":{},"bank_ids":{},"bank_open":false,"bank_loaded":false,"bank_generation":0,"levels":{"-unused-":0,"agility":1,"attack":30,"cooking":1,"crafting":1,"defence":1,"firemaking":1,"fishing":1,"fletching":1,"herblore":1,"hitpoints":10,"magic":1,"mining":1,"prayer":1,"ranged":1,"runecraft":1,"slayer":1,"smithing":1,"strength":30,"thieving":1,"woodcutting":1},"xp":{"-unused-":0,"agility":0,"attack":13363,"cooking":0,"crafting":0,"defence":0,"firemaking":0,"fishing":0,"fletching":0,"herblore":0,"hitpoints":1154,"magic":0,"mining":0,"prayer":0,"ranged":0,"runecraft":0,"slayer":0,"smithing":0,"strength":13363,"thieving":0,"woodcutting":0},"chat":[[7,"Inventory wiped."],[6,"set tutorial: to 1000"],[5,"Welcome to RuneScape."]],"loc_facts":[{"id":1531,"x":3021,"z":3293,"level":0,"name":"Door","open":false},{"id":1531,"x":3022,"z":3297,"level":0,"name":"Door","open":false},{"id":1530,"x":3024,"z":3291,"level":0,"name":"Door","open":true},{"id":1531,"x":3025,"z":3292,"level":0,"name":"Door","open":false},{"id":1530,"x":3026,"z":3287,"level":0,"name":"Door","open":true},{"id":1530,"x":3029,"z":3292,"level":0,"name":"Door","open":true},{"id":1530,"x":3034,"z":3291,"level":0,"name":"Door","open":true}],"equipment_ids":{}}}
[script livekr7a5p_0] start load
{"phase":"start","account":"livekr7a5p_0","count":1}
[host] hitch livekr7a5p_0: observe_us=69666 paints=0 skips=90 ticks=16
[host] slot livekr7a5p_0: d_loop_us=20156 d_raster_us=0 d_observe_us=161079 max_observe_us=69666 d_paints=0 d_skips=50 d_ticks=16 window_ms=9793
[script livekr7a5p_0] anchored at (3029, 3294, 0), hunting Chicken, leash 12, style melee (strength)
[script livekr7a5p_0] interact IfButton { component_id: 5862 }
[script livekr7a5p_0] combat style set to strength
[host] slot livekr7a5p_0: d_loop_us=1305 d_raster_us=0 d_observe_us=63696 max_observe_us=12105 d_paints=0 d_skips=50 d_ticks=2 window_ms=1171
[script livekr7a5p_0] interact Npc { name: "Chicken", action: "Attack", index: Some(455) }
[host] hitch livekr7a5p_0: observe_us=17320 paints=0 skips=192 ticks=21
[host] slot livekr7a5p_0: d_loop_us=1243 d_raster_us=0 d_observe_us=68878 max_observe_us=17320 d_paints=0 d_skips=50 d_ticks=2 window_ms=1161
[host] hitch livekr7a5p_0: observe_us=18114 paints=0 skips=218 ticks=22
[host] hitch livekr7a5p_0: observe_us=21038 paints=0 skips=244 ticks=23
[host] slot livekr7a5p_0: d_loop_us=1153 d_raster_us=0 d_observe_us=81286 max_observe_us=21038 d_paints=0 d_skips=50 d_ticks=2 window_ms=1160
[host] hitch livekr7a5p_0: observe_us=18123 paints=0 skips=270 ticks=24
[host] hitch livekr7a5p_0: observe_us=19210 paints=0 skips=295 ticks=25
[host] slot livekr7a5p_0: d_loop_us=1123 d_raster_us=0 d_observe_us=74448 max_observe_us=19210 d_paints=0 d_skips=50 d_ticks=2 window_ms=1168
[host] hitch livekr7a5p_0: observe_us=17475 paints=0 skips=321 ticks=26
[host] hitch livekr7a5p_0: observe_us=18596 paints=0 skips=346 ticks=27
[host] slot livekr7a5p_0: d_loop_us=1062 d_raster_us=0 d_observe_us=74246 max_observe_us=18596 d_paints=0 d_skips=50 d_ticks=2 window_ms=1168
[host] hitch livekr7a5p_0: observe_us=17707 paints=0 skips=372 ticks=28
[host] slot livekr7a5p_0: d_loop_us=1240 d_raster_us=0 d_observe_us=69184 max_observe_us=17707 d_paints=0 d_skips=50 d_ticks=2 window_ms=1166
[script livekr7a5p_0] interact Npc { name: "Chicken", action: "Attack", index: Some(458) }
[host] slot livekr7a5p_0: d_loop_us=1096 d_raster_us=0 d_observe_us=62968 max_observe_us=11175 d_paints=0 d_skips=50 d_ticks=2 window_ms=1192
[host] slot livekr7a5p_0: d_loop_us=1073 d_raster_us=0 d_observe_us=53496 max_observe_us=12969 d_paints=0 d_skips=50 d_ticks=2 window_ms=1155
[host] slot livekr7a5p_0: d_loop_us=1078 d_raster_us=0 d_observe_us=60684 max_observe_us=11592 d_paints=0 d_skips=50 d_ticks=1 window_ms=1152
[host] slot livekr7a5p_0: d_loop_us=1176 d_raster_us=0 d_observe_us=61455 max_observe_us=10661 d_paints=0 d_skips=50 d_ticks=2 window_ms=1167
[host] hitch livekr7a5p_0: observe_us=17943 paints=0 skips=604 ticks=37
[host] slot livekr7a5p_0: d_loop_us=1064 d_raster_us=0 d_observe_us=71759 max_observe_us=17943 d_paints=0 d_skips=50 d_ticks=2 window_ms=1172
[host] slot livekr7a5p_0: d_loop_us=1079 d_raster_us=0 d_observe_us=57698 max_observe_us=11376 d_paints=0 d_skips=50 d_ticks=2 window_ms=1185
[script livekr7a5p_0] Chicken killed
[host] slot livekr7a5p_0: d_loop_us=1005 d_raster_us=0 d_observe_us=54636 max_observe_us=11608 d_paints=0 d_skips=50 d_ticks=2 window_ms=1167
[host] hitch livekr7a5p_0: observe_us=17120 paints=0 skips=783 ticks=44
[host] slot livekr7a5p_0: d_loop_us=933 d_raster_us=0 d_observe_us=64948 max_observe_us=17120 d_paints=0 d_skips=50 d_ticks=2 window_ms=1168
[host] slot livekr7a5p_0: d_loop_us=1125 d_raster_us=0 d_observe_us=67303 max_observe_us=14420 d_paints=0 d_skips=50 d_ticks=2 window_ms=1170
[host] slot livekr7a5p_0: d_loop_us=1065 d_raster_us=0 d_observe_us=56991 max_observe_us=11784 d_paints=0 d_skips=50 d_ticks=2 window_ms=1179
[host] slot livekr7a5p_0: d_loop_us=1074 d_raster_us=0 d_observe_us=60402 max_observe_us=11129 d_paints=0 d_skips=50 d_ticks=2 window_ms=1165
[script livekr7a5p_0] interact WalkNearestBank
[host] slot livekr7a5p_0: d_loop_us=1106 d_raster_us=0 d_observe_us=55723 max_observe_us=10338 d_paints=0 d_skips=50 d_ticks=2 window_ms=1172
[host] slot livekr7a5p_0: d_loop_us=1110 d_raster_us=0 d_observe_us=50674 max_observe_us=10085 d_paints=0 d_skips=50 d_ticks=2 window_ms=1166
[nav-follow] here=WorldTile { x: 3017, z: 3288, level: 0 } walk=true transport=false leg=0 hops=1 outcome=None
[host] slot livekr7a5p_0: d_loop_us=1079 d_raster_us=0 d_observe_us=55608 max_observe_us=10606 d_paints=0 d_skips=50 d_ticks=2 window_ms=1166
[nav-walk] here=WorldTile { x: 3018, z: 3290, level: 0 } aim=WorldTile { x: 3020, z: 3292, level: 0 } radius=0 ticks_waited=0 sent_tile=Some(WorldTile { x: 3017, z: 3288, level: 0 })
[nav-follow] here=WorldTile { x: 3018, z: 3290, level: 0 } walk=true transport=false leg=0 hops=1 outcome=None
[host] hitch livekr7a5p_0: observe_us=17097 paints=0 skips=1116 ticks=57
[nav-walk] here=WorldTile { x: 3020, z: 3292, level: 0 } aim=WorldTile { x: 3020, z: 3292, level: 0 } radius=0 ticks_waited=1 sent_tile=Some(WorldTile { x: 3017, z: 3288, level: 0 })
[nav-follow] here=WorldTile { x: 3020, z: 3292, level: 0 } walk=false transport=true leg=1 hops=1 outcome=None
[host] hitch livekr7a5p_0: observe_us=19068 paints=0 skips=1141 ticks=58
[host] slot livekr7a5p_0: d_loop_us=1172 d_raster_us=0 d_observe_us=72795 max_observe_us=19068 d_paints=0 d_skips=50 d_ticks=2 window_ms=1183
[nav-transport] here=WorldTile { x: 3021, z: 3293, level: 0 } to=WorldTile { x: 3021, z: 3293, level: 0 } troll=false ticks_waited=0 loc_id=1530 open=true
[nav-follow] here=WorldTile { x: 3021, z: 3293, level: 0 } walk=true transport=false leg=2 hops=2 outcome=None
[host] hitch livekr7a5p_0: observe_us=17570 paints=0 skips=1167 ticks=59
[nav-walk] here=WorldTile { x: 3023, z: 3295, level: 0 } aim=WorldTile { x: 3023, z: 3295, level: 0 } radius=0 ticks_waited=0 sent_tile=Some(WorldTile { x: 3021, z: 3293, level: 0 })
[nav-follow] here=WorldTile { x: 3023, z: 3295, level: 0 } walk=false transport=true leg=3 hops=2 outcome=None
[host] hitch livekr7a5p_0: observe_us=18413 paints=0 skips=1193 ticks=60
[host] slot livekr7a5p_0: d_loop_us=1145 d_raster_us=0 d_observe_us=73739 max_observe_us=18413 d_paints=0 d_skips=50 d_ticks=2 window_ms=1161
[nav-transport] here=WorldTile { x: 3022, z: 3297, level: 0 } to=WorldTile { x: 3022, z: 3297, level: 0 } troll=false ticks_waited=0 loc_id=1530 open=true
[nav-follow] here=WorldTile { x: 3022, z: 3297, level: 0 } walk=true transport=false leg=4 hops=3 outcome=None
[host] hitch livekr7a5p_0: observe_us=19701 paints=0 skips=1219 ticks=61
[nav-walk] here=WorldTile { x: 3022, z: 3299, level: 0 } aim=WorldTile { x: 3032, z: 3312, level: 0 } radius=0 ticks_waited=0 sent_tile=Some(WorldTile { x: 3022, z: 3297, level: 0 })
[nav-follow] here=WorldTile { x: 3022, z: 3299, level: 0 } walk=true transport=false leg=4 hops=3 outcome=None
[host] hitch livekr7a5p_0: observe_us=16969 paints=0 skips=1245 ticks=62
[host] slot livekr7a5p_0: d_loop_us=1206 d_raster_us=0 d_observe_us=73743 max_observe_us=19701 d_paints=0 d_skips=50 d_ticks=2 window_ms=1143
[nav-walk] here=WorldTile { x: 3022, z: 3301, level: 0 } aim=WorldTile { x: 3032, z: 3312, level: 0 } radius=0 ticks_waited=1 sent_tile=Some(WorldTile { x: 3022, z: 3297, level: 0 })
[nav-follow] here=WorldTile { x: 3022, z: 3301, level: 0 } walk=true transport=false leg=4 hops=3 outcome=None
[host] hitch livekr7a5p_0: observe_us=18001 paints=0 skips=1270 ticks=63
[nav-walk] here=WorldTile { x: 3023, z: 3303, level: 0 } aim=WorldTile { x: 3032, z: 3312, level: 0 } radius=0 ticks_waited=2 sent_tile=Some(WorldTile { x: 3022, z: 3297, level: 0 })
[nav-follow] here=WorldTile { x: 3023, z: 3303, level: 0 } walk=true transport=false leg=4 hops=3 outcome=None
[host] hitch livekr7a5p_0: observe_us=18986 paints=0 skips=1296 ticks=64
[host] slot livekr7a5p_0: d_loop_us=1235 d_raster_us=0 d_observe_us=74884 max_observe_us=18986 d_paints=0 d_skips=50 d_ticks=2 window_ms=1175
[nav-walk] here=WorldTile { x: 3025, z: 3305, level: 0 } aim=WorldTile { x: 3032, z: 3312, level: 0 } radius=0 ticks_waited=3 sent_tile=Some(WorldTile { x: 3022, z: 3297, level: 0 })
[nav-follow] here=WorldTile { x: 3025, z: 3305, level: 0 } walk=true transport=false leg=4 hops=3 outcome=None
[host] hitch livekr7a5p_0: observe_us=20500 paints=0 skips=1322 ticks=65
[nav-walk] here=WorldTile { x: 3027, z: 3307, level: 0 } aim=WorldTile { x: 3032, z: 3312, level: 0 } radius=0 ticks_waited=4 sent_tile=Some(WorldTile { x: 3022, z: 3297, level: 0 })
[nav-follow] here=WorldTile { x: 3027, z: 3307, level: 0 } walk=true transport=false leg=4 hops=3 outcome=None
[host] hitch livekr7a5p_0: observe_us=19345 paints=0 skips=1347 ticks=66
[host] slot livekr7a5p_0: d_loop_us=1196 d_raster_us=0 d_observe_us=78998 max_observe_us=20500 d_paints=0 d_skips=50 d_ticks=2 window_ms=1176
[nav-walk] here=WorldTile { x: 3029, z: 3309, level: 0 } aim=WorldTile { x: 3032, z: 3312, level: 0 } radius=0 ticks_waited=5 sent_tile=Some(WorldTile { x: 3022, z: 3297, level: 0 })
[nav-follow] here=WorldTile { x: 3029, z: 3309, level: 0 } walk=true transport=false leg=4 hops=3 outcome=None
[host] hitch livekr7a5p_0: observe_us=17284 paints=0 skips=1373 ticks=67
[nav-walk] here=WorldTile { x: 3031, z: 3311, level: 0 } aim=WorldTile { x: 3032, z: 3312, level: 0 } radius=0 ticks_waited=6 sent_tile=Some(WorldTile { x: 3022, z: 3297, level: 0 })
[nav-follow] here=WorldTile { x: 3031, z: 3311, level: 0 } walk=true transport=false leg=4 hops=3 outcome=None
[host] hitch livekr7a5p_0: observe_us=18386 paints=0 skips=1399 ticks=68
[host] slot livekr7a5p_0: d_loop_us=1142 d_raster_us=0 d_observe_us=77473 max_observe_us=18386 d_paints=0 d_skips=50 d_ticks=2 window_ms=1175
[nav-walk] here=WorldTile { x: 3032, z: 3312, level: 0 } aim=WorldTile { x: 3032, z: 3312, level: 0 } radius=0 ticks_waited=7 sent_tile=Some(WorldTile { x: 3022, z: 3297, level: 0 })
[nav-follow] here=WorldTile { x: 3032, z: 3312, level: 0 } walk=false transport=true leg=5 hops=3 outcome=None
[host] hitch livekr7a5p_0: observe_us=20706 paints=0 skips=1425 ticks=69
[host] slot livekr7a5p_0: d_loop_us=1069 d_raster_us=0 d_observe_us=64748 max_observe_us=20706 d_paints=0 d_skips=50 d_ticks=2 window_ms=1146
[nav-transport] here=WorldTile { x: 3031, z: 3314, level: 0 } to=WorldTile { x: 3031, z: 3314, level: 0 } troll=false ticks_waited=0 loc_id=1551 open=true
[nav-follow] here=WorldTile { x: 3031, z: 3314, level: 0 } walk=true transport=false leg=6 hops=4 outcome=None
[host] hitch livekr7a5p_0: observe_us=18614 paints=0 skips=1450 ticks=70
[nav-walk] here=WorldTile { x: 3033, z: 3315, level: 0 } aim=WorldTile { x: 3017, z: 3319, level: 0 } radius=2 ticks_waited=0 sent_tile=Some(WorldTile { x: 3031, z: 3314, level: 0 })
[nav-follow] here=WorldTile { x: 3033, z: 3315, level: 0 } walk=true transport=false leg=6 hops=4 outcome=None
[host] hitch livekr7a5p_0: observe_us=19989 paints=0 skips=1476 ticks=71
[host] slot livekr7a5p_0: d_loop_us=1056 d_raster_us=0 d_observe_us=83218 max_observe_us=19989 d_paints=0 d_skips=50 d_ticks=1 window_ms=1150
[nav-walk] here=WorldTile { x: 3033, z: 3317, level: 0 } aim=WorldTile { x: 3017, z: 3319, level: 0 } radius=2 ticks_waited=1 sent_tile=Some(WorldTile { x: 3031, z: 3314, level: 0 })
[nav-follow] here=WorldTile { x: 3033, z: 3317, level: 0 } walk=true transport=false leg=6 hops=4 outcome=None
[host] hitch livekr7a5p_0: observe_us=17441 paints=0 skips=1503 ticks=72
[nav-walk] here=WorldTile { x: 3032, z: 3318, level: 0 } aim=WorldTile { x: 3017, z: 3319, level: 0 } radius=2 ticks_waited=2 sent_tile=Some(WorldTile { x: 3031, z: 3314, level: 0 })
[nav-follow] here=WorldTile { x: 3032, z: 3318, level: 0 } walk=true transport=false leg=6 hops=4 outcome=None
[host] hitch livekr7a5p_0: observe_us=17768 paints=0 skips=1528 ticks=73
[host] slot livekr7a5p_0: d_loop_us=1003 d_raster_us=0 d_observe_us=72429 max_observe_us=17768 d_paints=0 d_skips=50 d_ticks=2 window_ms=1161
[nav-walk] here=WorldTile { x: 3030, z: 3318, level: 0 } aim=WorldTile { x: 3017, z: 3319, level: 0 } radius=2 ticks_waited=3 sent_tile=Some(WorldTile { x: 3031, z: 3314, level: 0 })
[nav-follow] here=WorldTile { x: 3030, z: 3318, level: 0 } walk=true transport=false leg=6 hops=4 outcome=None
[host] hitch livekr7a5p_0: observe_us=19776 paints=0 skips=1554 ticks=74
[nav-walk] here=WorldTile { x: 3028, z: 3317, level: 0 } aim=WorldTile { x: 3017, z: 3319, level: 0 } radius=2 ticks_waited=4 sent_tile=Some(WorldTile { x: 3031, z: 3314, level: 0 })
[nav-follow] here=WorldTile { x: 3028, z: 3317, level: 0 } walk=true transport=false leg=6 hops=4 outcome=None
test catalog_boundary_live has been running for over 60 seconds
[host] slot livekr7a5p_0: d_loop_us=983 d_raster_us=0 d_observe_us=78205 max_observe_us=19776 d_paints=0 d_skips=50 d_ticks=2 window_ms=1155
[nav-walk] here=WorldTile { x: 3026, z: 3316, level: 0 } aim=WorldTile { x: 3017, z: 3319, level: 0 } radius=2 ticks_waited=5 sent_tile=Some(WorldTile { x: 3031, z: 3314, level: 0 })
[nav-follow] here=WorldTile { x: 3026, z: 3316, level: 0 } walk=true transport=false leg=6 hops=4 outcome=None
[host] hitch livekr7a5p_0: observe_us=17943 paints=0 skips=1606 ticks=76
[nav-walk] here=WorldTile { x: 3024, z: 3315, level: 0 } aim=WorldTile { x: 3017, z: 3319, level: 0 } radius=2 ticks_waited=6 sent_tile=Some(WorldTile { x: 3031, z: 3314, level: 0 })
[nav-follow] here=WorldTile { x: 3024, z: 3315, level: 0 } walk=true transport=false leg=6 hops=4 outcome=None
[host] hitch livekr7a5p_0: observe_us=17634 paints=0 skips=1632 ticks=77
[host] slot livekr7a5p_0: d_loop_us=1225 d_raster_us=0 d_observe_us=74136 max_observe_us=17943 d_paints=0 d_skips=50 d_ticks=2 window_ms=1161
[nav-walk] here=WorldTile { x: 3022, z: 3315, level: 0 } aim=WorldTile { x: 3017, z: 3319, level: 0 } radius=2 ticks_waited=7 sent_tile=Some(WorldTile { x: 3031, z: 3314, level: 0 })
[nav-follow] here=WorldTile { x: 3022, z: 3315, level: 0 } walk=true transport=false leg=6 hops=4 outcome=None
[host] hitch livekr7a5p_0: observe_us=17659 paints=0 skips=1658 ticks=78
[nav-walk] here=WorldTile { x: 3020, z: 3315, level: 0 } aim=WorldTile { x: 3017, z: 3319, level: 0 } radius=2 ticks_waited=8 sent_tile=Some(WorldTile { x: 3031, z: 3314, level: 0 })
[nav-follow] here=WorldTile { x: 3020, z: 3315, level: 0 } walk=true transport=false leg=6 hops=4 outcome=None
[host] slot livekr7a5p_0: d_loop_us=1068 d_raster_us=0 d_observe_us=73361 max_observe_us=17659 d_paints=0 d_skips=50 d_ticks=2 window_ms=1169
[nav-walk] here=WorldTile { x: 3018, z: 3317, level: 0 } aim=WorldTile { x: 3017, z: 3319, level: 0 } radius=2 ticks_waited=9 sent_tile=Some(WorldTile { x: 3031, z: 3314, level: 0 })
[nav-follow] here=WorldTile { x: 3018, z: 3317, level: 0 } walk=true transport=false leg=6 hops=5 outcome=None
[host] hitch livekr7a5p_0: observe_us=16827 paints=0 skips=1709 ticks=80
[nav-walk] here=WorldTile { x: 3016, z: 3317, level: 0 } aim=WorldTile { x: 3013, z: 3329, level: 0 } radius=2 ticks_waited=0 sent_tile=Some(WorldTile { x: 3018, z: 3317, level: 0 })
[nav-follow] here=WorldTile { x: 3016, z: 3317, level: 0 } walk=true transport=false leg=6 hops=5 outcome=None
[host] hitch livekr7a5p_0: observe_us=16921 paints=0 skips=1734 ticks=81
[host] slot livekr7a5p_0: d_loop_us=944 d_raster_us=0 d_observe_us=72858 max_observe_us=16921 d_paints=0 d_skips=50 d_ticks=2 window_ms=1160
[nav-walk] here=WorldTile { x: 3014, z: 3318, level: 0 } aim=WorldTile { x: 3013, z: 3329, level: 0 } radius=2 ticks_waited=1 sent_tile=Some(WorldTile { x: 3018, z: 3317, level: 0 })
[nav-follow] here=WorldTile { x: 3014, z: 3318, level: 0 } walk=true transport=false leg=6 hops=5 outcome=None
[host] hitch livekr7a5p_0: observe_us=19814 paints=0 skips=1761 ticks=82
[nav-walk] here=WorldTile { x: 3013, z: 3319, level: 0 } aim=WorldTile { x: 3013, z: 3329, level: 0 } radius=2 ticks_waited=2 sent_tile=Some(WorldTile { x: 3018, z: 3317, level: 0 })
[nav-follow] here=WorldTile { x: 3013, z: 3319, level: 0 } walk=true transport=false leg=6 hops=5 outcome=None
[host] hitch livekr7a5p_0: observe_us=18884 paints=0 skips=1787 ticks=83
[host] slot livekr7a5p_0: d_loop_us=985 d_raster_us=0 d_observe_us=79147 max_observe_us=19814 d_paints=0 d_skips=50 d_ticks=2 window_ms=1158
[nav-walk] here=WorldTile { x: 3011, z: 3319, level: 0 } aim=WorldTile { x: 3013, z: 3329, level: 0 } radius=2 ticks_waited=3 sent_tile=Some(WorldTile { x: 3018, z: 3317, level: 0 })
[nav-follow] here=WorldTile { x: 3011, z: 3319, level: 0 } walk=true transport=false leg=6 hops=5 outcome=None
[host] hitch livekr7a5p_0: observe_us=17575 paints=0 skips=1812 ticks=84
[nav-walk] here=WorldTile { x: 3009, z: 3321, level: 0 } aim=WorldTile { x: 3013, z: 3329, level: 0 } radius=2 ticks_waited=4 sent_tile=Some(WorldTile { x: 3018, z: 3317, level: 0 })
[nav-follow] here=WorldTile { x: 3009, z: 3321, level: 0 } walk=true transport=false leg=6 hops=5 outcome=None
[host] hitch livekr7a5p_0: observe_us=16949 paints=0 skips=1839 ticks=85
[host] slot livekr7a5p_0: d_loop_us=1091 d_raster_us=0 d_observe_us=69067 max_observe_us=17575 d_paints=0 d_skips=50 d_ticks=2 window_ms=1157
[nav-walk] here=WorldTile { x: 3008, z: 3323, level: 0 } aim=WorldTile { x: 3013, z: 3329, level: 0 } radius=2 ticks_waited=5 sent_tile=Some(WorldTile { x: 3018, z: 3317, level: 0 })
[nav-follow] here=WorldTile { x: 3008, z: 3323, level: 0 } walk=true transport=false leg=6 hops=5 outcome=None
[host] hitch livekr7a5p_0: observe_us=17541 paints=0 skips=1864 ticks=86
[nav-walk] here=WorldTile { x: 3009, z: 3325, level: 0 } aim=WorldTile { x: 3013, z: 3329, level: 0 } radius=2 ticks_waited=6 sent_tile=Some(WorldTile { x: 3018, z: 3317, level: 0 })
[nav-follow] here=WorldTile { x: 3009, z: 3325, level: 0 } walk=true transport=false leg=6 hops=5 outcome=None
[host] hitch livekr7a5p_0: observe_us=17296 paints=0 skips=1890 ticks=87
[host] slot livekr7a5p_0: d_loop_us=1192 d_raster_us=0 d_observe_us=71816 max_observe_us=17541 d_paints=0 d_skips=50 d_ticks=2 window_ms=1159
[nav-walk] here=WorldTile { x: 3011, z: 3327, level: 0 } aim=WorldTile { x: 3013, z: 3329, level: 0 } radius=2 ticks_waited=7 sent_tile=Some(WorldTile { x: 3018, z: 3317, level: 0 })
[nav-follow] here=WorldTile { x: 3011, z: 3327, level: 0 } walk=true transport=false leg=6 hops=6 outcome=None
[host] hitch livekr7a5p_0: observe_us=17565 paints=0 skips=1916 ticks=88
[host] slot livekr7a5p_0: d_loop_us=10081 d_raster_us=0 d_observe_us=83347 max_observe_us=17565 d_paints=0 d_skips=50 d_ticks=2 window_ms=1169
[nav-walk] here=WorldTile { x: 3011, z: 3331, level: 0 } aim=WorldTile { x: 3008, z: 3342, level: 0 } radius=2 ticks_waited=0 sent_tile=Some(WorldTile { x: 3011, z: 3327, level: 0 })
[nav-follow] here=WorldTile { x: 3011, z: 3331, level: 0 } walk=true transport=false leg=6 hops=6 outcome=None
[host] hitch livekr7a5p_0: observe_us=23254 paints=0 skips=1967 ticks=90
[nav-walk] here=WorldTile { x: 3009, z: 3333, level: 0 } aim=WorldTile { x: 3008, z: 3342, level: 0 } radius=2 ticks_waited=1 sent_tile=Some(WorldTile { x: 3011, z: 3327, level: 0 })
[nav-follow] here=WorldTile { x: 3009, z: 3333, level: 0 } walk=true transport=false leg=6 hops=6 outcome=None
[host] hitch livekr7a5p_0: observe_us=20515 paints=0 skips=1993 ticks=91
[host] slot livekr7a5p_0: d_loop_us=942 d_raster_us=0 d_observe_us=88030 max_observe_us=23254 d_paints=0 d_skips=50 d_ticks=2 window_ms=1149
[nav-walk] here=WorldTile { x: 3008, z: 3335, level: 0 } aim=WorldTile { x: 3008, z: 3342, level: 0 } radius=2 ticks_waited=2 sent_tile=Some(WorldTile { x: 3011, z: 3327, level: 0 })
[nav-follow] here=WorldTile { x: 3008, z: 3335, level: 0 } walk=true transport=false leg=6 hops=6 outcome=None
[host] hitch livekr7a5p_0: observe_us=21409 paints=0 skips=2019 ticks=92
[nav-walk] here=WorldTile { x: 3008, z: 3337, level: 0 } aim=WorldTile { x: 3008, z: 3342, level: 0 } radius=2 ticks_waited=3 sent_tile=Some(WorldTile { x: 3011, z: 3327, level: 0 })
[nav-follow] here=WorldTile { x: 3008, z: 3337, level: 0 } walk=true transport=false leg=6 hops=6 outcome=None
[host] hitch livekr7a5p_0: observe_us=22067 paints=0 skips=2045 ticks=93
[host] slot livekr7a5p_0: d_loop_us=957 d_raster_us=0 d_observe_us=84260 max_observe_us=22067 d_paints=0 d_skips=50 d_ticks=2 window_ms=1170
[nav-walk] here=WorldTile { x: 3008, z: 3339, level: 0 } aim=WorldTile { x: 3008, z: 3342, level: 0 } radius=2 ticks_waited=4 sent_tile=Some(WorldTile { x: 3011, z: 3327, level: 0 })
[nav-follow] here=WorldTile { x: 3008, z: 3339, level: 0 } walk=true transport=false leg=6 hops=6 outcome=None
[host] hitch livekr7a5p_0: observe_us=21649 paints=0 skips=2070 ticks=94
[nav-walk] here=WorldTile { x: 3008, z: 3341, level: 0 } aim=WorldTile { x: 3008, z: 3342, level: 0 } radius=2 ticks_waited=5 sent_tile=Some(WorldTile { x: 3011, z: 3327, level: 0 })
[nav-follow] here=WorldTile { x: 3008, z: 3341, level: 0 } walk=true transport=false leg=6 hops=7 outcome=None
[host] hitch livekr7a5p_0: observe_us=20288 paints=0 skips=2096 ticks=95
[host] slot livekr7a5p_0: d_loop_us=915 d_raster_us=0 d_observe_us=80572 max_observe_us=21649 d_paints=0 d_skips=50 d_ticks=2 window_ms=1173
[nav-walk] here=WorldTile { x: 3008, z: 3343, level: 0 } aim=WorldTile { x: 3010, z: 3355, level: 0 } radius=0 ticks_waited=0 sent_tile=Some(WorldTile { x: 3008, z: 3341, level: 0 })
[nav-follow] here=WorldTile { x: 3008, z: 3343, level: 0 } walk=true transport=false leg=6 hops=7 outcome=None
[host] hitch livekr7a5p_0: observe_us=20924 paints=0 skips=2122 ticks=96
[nav-walk] here=WorldTile { x: 3008, z: 3345, level: 0 } aim=WorldTile { x: 3010, z: 3355, level: 0 } radius=0 ticks_waited=1 sent_tile=Some(WorldTile { x: 3008, z: 3341, level: 0 })
[nav-follow] here=WorldTile { x: 3008, z: 3345, level: 0 } walk=true transport=false leg=6 hops=7 outcome=None
[host] hitch livekr7a5p_0: observe_us=21503 paints=0 skips=2147 ticks=97
[host] slot livekr7a5p_0: d_loop_us=1078 d_raster_us=0 d_observe_us=82431 max_observe_us=21503 d_paints=0 d_skips=50 d_ticks=2 window_ms=1174
[nav-walk] here=WorldTile { x: 3008, z: 3347, level: 0 } aim=WorldTile { x: 3010, z: 3355, level: 0 } radius=0 ticks_waited=2 sent_tile=Some(WorldTile { x: 3008, z: 3341, level: 0 })
[nav-follow] here=WorldTile { x: 3008, z: 3347, level: 0 } walk=true transport=false leg=6 hops=7 outcome=None
[host] hitch livekr7a5p_0: observe_us=20661 paints=0 skips=2173 ticks=98
[nav-walk] here=WorldTile { x: 3008, z: 3349, level: 0 } aim=WorldTile { x: 3010, z: 3355, level: 0 } radius=0 ticks_waited=3 sent_tile=Some(WorldTile { x: 3008, z: 3341, level: 0 })
[nav-follow] here=WorldTile { x: 3008, z: 3349, level: 0 } walk=true transport=false leg=6 hops=7 outcome=None
[host] hitch livekr7a5p_0: observe_us=18505 paints=0 skips=2198 ticks=99
[host] slot livekr7a5p_0: d_loop_us=1115 d_raster_us=0 d_observe_us=78199 max_observe_us=20661 d_paints=0 d_skips=50 d_ticks=2 window_ms=1180
[nav-walk] here=WorldTile { x: 3008, z: 3351, level: 0 } aim=WorldTile { x: 3010, z: 3355, level: 0 } radius=0 ticks_waited=4 sent_tile=Some(WorldTile { x: 3008, z: 3341, level: 0 })
[nav-follow] here=WorldTile { x: 3008, z: 3351, level: 0 } walk=true transport=false leg=6 hops=7 outcome=None
[host] hitch livekr7a5p_0: observe_us=19526 paints=0 skips=2224 ticks=100
[nav-walk] here=WorldTile { x: 3008, z: 3353, level: 0 } aim=WorldTile { x: 3010, z: 3355, level: 0 } radius=0 ticks_waited=5 sent_tile=Some(WorldTile { x: 3008, z: 3341, level: 0 })
[nav-follow] here=WorldTile { x: 3008, z: 3353, level: 0 } walk=true transport=false leg=6 hops=7 outcome=None
[host] hitch livekr7a5p_0: observe_us=20548 paints=0 skips=2249 ticks=101
[host] slot livekr7a5p_0: d_loop_us=1002 d_raster_us=0 d_observe_us=74542 max_observe_us=20548 d_paints=0 d_skips=50 d_ticks=2 window_ms=1193
[nav-walk] here=WorldTile { x: 3008, z: 3355, level: 0 } aim=WorldTile { x: 3010, z: 3355, level: 0 } radius=0 ticks_waited=6 sent_tile=Some(WorldTile { x: 3008, z: 3341, level: 0 })
[nav-follow] here=WorldTile { x: 3008, z: 3355, level: 0 } walk=true transport=false leg=6 hops=7 outcome=None
[host] hitch livekr7a5p_0: observe_us=17112 paints=0 skips=2275 ticks=102
[host] slot livekr7a5p_0: d_loop_us=1019 d_raster_us=0 d_observe_us=57249 max_observe_us=17112 d_paints=0 d_skips=50 d_ticks=2 window_ms=1160
[nav-walk] here=WorldTile { x: 3008, z: 3357, level: 0 } aim=WorldTile { x: 3010, z: 3355, level: 0 } radius=0 ticks_waited=7 sent_tile=Some(WorldTile { x: 3008, z: 3341, level: 0 })
[nav-follow] here=WorldTile { x: 3008, z: 3357, level: 0 } walk=true transport=false leg=6 hops=7 outcome=None
[host] hitch livekr7a5p_0: observe_us=19433 paints=0 skips=2300 ticks=103
[nav-walk] here=WorldTile { x: 3010, z: 3359, level: 0 } aim=WorldTile { x: 3010, z: 3355, level: 0 } radius=0 ticks_waited=8 sent_tile=Some(WorldTile { x: 3008, z: 3341, level: 0 })
[nav-follow] here=WorldTile { x: 3010, z: 3359, level: 0 } walk=true transport=false leg=6 hops=7 outcome=None
[host] hitch livekr7a5p_0: observe_us=17712 paints=0 skips=2325 ticks=104
[host] slot livekr7a5p_0: d_loop_us=933 d_raster_us=0 d_observe_us=71429 max_observe_us=19433 d_paints=0 d_skips=50 d_ticks=2 window_ms=1192
[nav-walk] here=WorldTile { x: 3012, z: 3359, level: 0 } aim=WorldTile { x: 3010, z: 3355, level: 0 } radius=0 ticks_waited=9 sent_tile=Some(WorldTile { x: 3008, z: 3341, level: 0 })
[nav-follow] here=WorldTile { x: 3012, z: 3359, level: 0 } walk=true transport=false leg=6 hops=7 outcome=None
[host] hitch livekr7a5p_0: observe_us=18915 paints=0 skips=2350 ticks=105
[nav-walk] here=WorldTile { x: 3012, z: 3357, level: 0 } aim=WorldTile { x: 3010, z: 3355, level: 0 } radius=0 ticks_waited=10 sent_tile=Some(WorldTile { x: 3008, z: 3341, level: 0 })
[nav-follow] here=WorldTile { x: 3012, z: 3357, level: 0 } walk=true transport=false leg=6 hops=7 outcome=None
[host] hitch livekr7a5p_0: observe_us=17513 paints=0 skips=2375 ticks=106
[host] slot livekr7a5p_0: d_loop_us=970 d_raster_us=0 d_observe_us=71499 max_observe_us=18915 d_paints=0 d_skips=50 d_ticks=2 window_ms=1199
[nav-walk] here=WorldTile { x: 3011, z: 3356, level: 0 } aim=WorldTile { x: 3010, z: 3355, level: 0 } radius=0 ticks_waited=11 sent_tile=Some(WorldTile { x: 3008, z: 3341, level: 0 })
[nav-follow] here=WorldTile { x: 3011, z: 3356, level: 0 } walk=true transport=false leg=6 hops=7 outcome=None
[host] hitch livekr7a5p_0: observe_us=16487 paints=0 skips=2400 ticks=107
[nav-walk] here=WorldTile { x: 3010, z: 3355, level: 0 } aim=WorldTile { x: 3010, z: 3355, level: 0 } radius=0 ticks_waited=12 sent_tile=Some(WorldTile { x: 3008, z: 3341, level: 0 })
[nav-follow] here=WorldTile { x: 3010, z: 3355, level: 0 } walk=false transport=false leg=7 hops=7 outcome=Some(Arrived { at: WorldTile { x: 3010, z: 3355, level: 0 } })
[host] hitch livekr7a5p_0: observe_us=18008 paints=0 skips=2425 ticks=108
[script livekr7a5p_0] interact OpenBooth { x: 3011, z: 3354, level: 0, id: 2213, name: Some("Bank booth"), action: Some("Use-quickly") }
[host] slot livekr7a5p_0: d_loop_us=1113 d_raster_us=0 d_observe_us=68491 max_observe_us=18008 d_paints=0 d_skips=50 d_ticks=2 window_ms=1192
[host] hitch livekr7a5p_0: observe_us=19371 paints=0 skips=2450 ticks=109
[host] slot livekr7a5p_0: d_loop_us=1002 d_raster_us=0 d_observe_us=68714 max_observe_us=19371 d_paints=0 d_skips=50 d_ticks=2 window_ms=1199
[host] slot livekr7a5p_0: d_loop_us=991 d_raster_us=0 d_observe_us=57659 max_observe_us=12430 d_paints=0 d_skips=50 d_ticks=1 window_ms=1200
[host] slot livekr7a5p_0: d_loop_us=1034 d_raster_us=0 d_observe_us=52458 max_observe_us=9371 d_paints=0 d_skips=50 d_ticks=3 window_ms=1208
[script livekr7a5p_0] interact Close
[shim-close] sent
[script livekr7a5p_0] interact WalkNear { x: 3029, z: 3294, level: 0, radius: 6, allow_teleports: false }
[host] slot livekr7a5p_0: d_loop_us=1029 d_raster_us=0 d_observe_us=56925 max_observe_us=12697 d_paints=0 d_skips=50 d_ticks=1 window_ms=1191
[nav-follow] here=WorldTile { x: 3011, z: 3355, level: 0 } walk=true transport=false leg=0 hops=1 outcome=None
[nav-walk] here=WorldTile { x: 3012, z: 3357, level: 0 } aim=WorldTile { x: 3010, z: 3350, level: 0 } radius=2 ticks_waited=0 sent_tile=Some(WorldTile { x: 3011, z: 3355, level: 0 })
[nav-follow] here=WorldTile { x: 3012, z: 3357, level: 0 } walk=true transport=false leg=0 hops=1 outcome=None
[host] hitch livekr7a5p_0: observe_us=19782 paints=0 skips=2676 ticks=118
[host] slot livekr7a5p_0: d_loop_us=998 d_raster_us=0 d_observe_us=61593 max_observe_us=19782 d_paints=0 d_skips=50 d_ticks=2 window_ms=1184
[nav-walk] here=WorldTile { x: 3012, z: 3359, level: 0 } aim=WorldTile { x: 3010, z: 3350, level: 0 } radius=2 ticks_waited=1 sent_tile=Some(WorldTile { x: 3011, z: 3355, level: 0 })
[nav-follow] here=WorldTile { x: 3012, z: 3359, level: 0 } walk=true transport=false leg=0 hops=1 outcome=None
[host] hitch livekr7a5p_0: observe_us=19175 paints=0 skips=2701 ticks=119
[nav-walk] here=WorldTile { x: 3010, z: 3359, level: 0 } aim=WorldTile { x: 3010, z: 3350, level: 0 } radius=2 ticks_waited=2 sent_tile=Some(WorldTile { x: 3011, z: 3355, level: 0 })
[nav-follow] here=WorldTile { x: 3010, z: 3359, level: 0 } walk=true transport=false leg=0 hops=1 outcome=None
[host] hitch livekr7a5p_0: observe_us=17185 paints=0 skips=2728 ticks=120
[host] slot livekr7a5p_0: d_loop_us=1045 d_raster_us=0 d_observe_us=72096 max_observe_us=19175 d_paints=0 d_skips=50 d_ticks=2 window_ms=1165
[nav-walk] here=WorldTile { x: 3008, z: 3357, level: 0 } aim=WorldTile { x: 3010, z: 3350, level: 0 } radius=2 ticks_waited=3 sent_tile=Some(WorldTile { x: 3011, z: 3355, level: 0 })
[nav-follow] here=WorldTile { x: 3008, z: 3357, level: 0 } walk=true transport=false leg=0 hops=1 outcome=None
[host] hitch livekr7a5p_0: observe_us=16974 paints=0 skips=2752 ticks=121
[nav-walk] here=WorldTile { x: 3008, z: 3355, level: 0 } aim=WorldTile { x: 3010, z: 3350, level: 0 } radius=2 ticks_waited=4 sent_tile=Some(WorldTile { x: 3011, z: 3355, level: 0 })
[nav-follow] here=WorldTile { x: 3008, z: 3355, level: 0 } walk=true transport=false leg=0 hops=1 outcome=None
[host] hitch livekr7a5p_0: observe_us=17335 paints=0 skips=2778 ticks=122
[host] slot livekr7a5p_0: d_loop_us=1049 d_raster_us=0 d_observe_us=66192 max_observe_us=17335 d_paints=0 d_skips=50 d_ticks=2 window_ms=1184
[nav-walk] here=WorldTile { x: 3008, z: 3353, level: 0 } aim=WorldTile { x: 3010, z: 3350, level: 0 } radius=2 ticks_waited=5 sent_tile=Some(WorldTile { x: 3011, z: 3355, level: 0 })
[nav-follow] here=WorldTile { x: 3008, z: 3353, level: 0 } walk=true transport=false leg=0 hops=1 outcome=None
[host] hitch livekr7a5p_0: observe_us=19076 paints=0 skips=2803 ticks=123
[nav-walk] here=WorldTile { x: 3009, z: 3351, level: 0 } aim=WorldTile { x: 3010, z: 3350, level: 0 } radius=2 ticks_waited=6 sent_tile=Some(WorldTile { x: 3011, z: 3355, level: 0 })
[nav-follow] here=WorldTile { x: 3009, z: 3351, level: 0 } walk=true transport=false leg=0 hops=2 outcome=None
[host] hitch livekr7a5p_0: observe_us=21206 paints=0 skips=2829 ticks=124
[host] slot livekr7a5p_0: d_loop_us=1199 d_raster_us=0 d_observe_us=78961 max_observe_us=21206 d_paints=0 d_skips=50 d_ticks=2 window_ms=1164
[nav-walk] here=WorldTile { x: 3009, z: 3349, level: 0 } aim=WorldTile { x: 3008, z: 3334, level: 0 } radius=2 ticks_waited=0 sent_tile=Some(WorldTile { x: 3009, z: 3351, level: 0 })
[nav-follow] here=WorldTile { x: 3009, z: 3349, level: 0 } walk=true transport=false leg=0 hops=2 outcome=None
[host] hitch livekr7a5p_0: observe_us=18546 paints=0 skips=2855 ticks=125
[nav-walk] here=WorldTile { x: 3009, z: 3347, level: 0 } aim=WorldTile { x: 3008, z: 3334, level: 0 } radius=2 ticks_waited=1 sent_tile=Some(WorldTile { x: 3009, z: 3351, level: 0 })
[nav-follow] here=WorldTile { x: 3009, z: 3347, level: 0 } walk=true transport=false leg=0 hops=2 outcome=None
[host] hitch livekr7a5p_0: observe_us=17958 paints=0 skips=2880 ticks=126
[host] slot livekr7a5p_0: d_loop_us=977 d_raster_us=0 d_observe_us=66545 max_observe_us=18546 d_paints=0 d_skips=50 d_ticks=2 window_ms=1184
[nav-walk] here=WorldTile { x: 3009, z: 3345, level: 0 } aim=WorldTile { x: 3008, z: 3334, level: 0 } radius=2 ticks_waited=2 sent_tile=Some(WorldTile { x: 3009, z: 3351, level: 0 })
[nav-follow] here=WorldTile { x: 3009, z: 3345, level: 0 } walk=true transport=false leg=0 hops=2 outcome=None
[host] hitch livekr7a5p_0: observe_us=16840 paints=0 skips=2905 ticks=127
[nav-walk] here=WorldTile { x: 3008, z: 3343, level: 0 } aim=WorldTile { x: 3008, z: 3334, level: 0 } radius=2 ticks_waited=3 sent_tile=Some(WorldTile { x: 3009, z: 3351, level: 0 })
[nav-follow] here=WorldTile { x: 3008, z: 3343, level: 0 } walk=true transport=false leg=0 hops=2 outcome=None
[host] hitch livekr7a5p_0: observe_us=19480 paints=0 skips=2930 ticks=128
[host] slot livekr7a5p_0: d_loop_us=1133 d_raster_us=0 d_observe_us=72935 max_observe_us=19480 d_paints=0 d_skips=50 d_ticks=2 window_ms=1196
[nav-walk] here=WorldTile { x: 3008, z: 3341, level: 0 } aim=WorldTile { x: 3008, z: 3334, level: 0 } radius=2 ticks_waited=4 sent_tile=Some(WorldTile { x: 3009, z: 3351, level: 0 })
[nav-follow] here=WorldTile { x: 3008, z: 3341, level: 0 } walk=true transport=false leg=0 hops=2 outcome=None
[host] hitch livekr7a5p_0: observe_us=19012 paints=0 skips=2956 ticks=129
[nav-walk] here=WorldTile { x: 3008, z: 3339, level: 0 } aim=WorldTile { x: 3008, z: 3334, level: 0 } radius=2 ticks_waited=5 sent_tile=Some(WorldTile { x: 3009, z: 3351, level: 0 })
[nav-follow] here=WorldTile { x: 3008, z: 3339, level: 0 } walk=true transport=false leg=0 hops=2 outcome=None
[host] hitch livekr7a5p_0: observe_us=16973 paints=0 skips=2982 ticks=130
[host] slot livekr7a5p_0: d_loop_us=1002 d_raster_us=0 d_observe_us=70700 max_observe_us=19012 d_paints=0 d_skips=50 d_ticks=2 window_ms=1165
[nav-walk] here=WorldTile { x: 3008, z: 3337, level: 0 } aim=WorldTile { x: 3008, z: 3334, level: 0 } radius=2 ticks_waited=6 sent_tile=Some(WorldTile { x: 3009, z: 3351, level: 0 })
[nav-follow] here=WorldTile { x: 3008, z: 3337, level: 0 } walk=true transport=false leg=0 hops=2 outcome=None
[host] hitch livekr7a5p_0: observe_us=17359 paints=0 skips=3007 ticks=131
[nav-walk] here=WorldTile { x: 3008, z: 3335, level: 0 } aim=WorldTile { x: 3008, z: 3334, level: 0 } radius=2 ticks_waited=7 sent_tile=Some(WorldTile { x: 3009, z: 3351, level: 0 })
[nav-follow] here=WorldTile { x: 3008, z: 3335, level: 0 } walk=true transport=false leg=0 hops=3 outcome=None
[host] hitch livekr7a5p_0: observe_us=19969 paints=0 skips=3033 ticks=132
[host] slot livekr7a5p_0: d_loop_us=997 d_raster_us=0 d_observe_us=72325 max_observe_us=19969 d_paints=0 d_skips=50 d_ticks=2 window_ms=1158
[nav-walk] here=WorldTile { x: 3008, z: 3333, level: 0 } aim=WorldTile { x: 3012, z: 3321, level: 0 } radius=2 ticks_waited=0 sent_tile=Some(WorldTile { x: 3008, z: 3335, level: 0 })
[nav-follow] here=WorldTile { x: 3008, z: 3333, level: 0 } walk=true transport=false leg=0 hops=3 outcome=None
[host] hitch livekr7a5p_0: observe_us=17463 paints=0 skips=3059 ticks=133
[nav-walk] here=WorldTile { x: 3008, z: 3331, level: 0 } aim=WorldTile { x: 3012, z: 3321, level: 0 } radius=2 ticks_waited=1 sent_tile=Some(WorldTile { x: 3008, z: 3335, level: 0 })
[nav-follow] here=WorldTile { x: 3008, z: 3331, level: 0 } walk=true transport=false leg=0 hops=3 outcome=None
[host] hitch livekr7a5p_0: observe_us=18500 paints=0 skips=3084 ticks=134
[host] slot livekr7a5p_0: d_loop_us=1178 d_raster_us=0 d_observe_us=70100 max_observe_us=18500 d_paints=0 d_skips=50 d_ticks=2 window_ms=1186
[nav-walk] here=WorldTile { x: 3008, z: 3329, level: 0 } aim=WorldTile { x: 3012, z: 3321, level: 0 } radius=2 ticks_waited=2 sent_tile=Some(WorldTile { x: 3008, z: 3335, level: 0 })
[nav-follow] here=WorldTile { x: 3008, z: 3329, level: 0 } walk=true transport=false leg=0 hops=3 outcome=None
[host] hitch livekr7a5p_0: observe_us=18057 paints=0 skips=3109 ticks=135
[nav-walk] here=WorldTile { x: 3008, z: 3327, level: 0 } aim=WorldTile { x: 3012, z: 3321, level: 0 } radius=2 ticks_waited=3 sent_tile=Some(WorldTile { x: 3008, z: 3335, level: 0 })
[nav-follow] here=WorldTile { x: 3008, z: 3327, level: 0 } walk=true transport=false leg=0 hops=3 outcome=None
[host] hitch livekr7a5p_0: observe_us=21415 paints=0 skips=3134 ticks=136
[host] slot livekr7a5p_0: d_loop_us=1110 d_raster_us=0 d_observe_us=78529 max_observe_us=21415 d_paints=0 d_skips=50 d_ticks=2 window_ms=1199
[nav-walk] here=WorldTile { x: 3008, z: 3325, level: 0 } aim=WorldTile { x: 3012, z: 3321, level: 0 } radius=2 ticks_waited=4 sent_tile=Some(WorldTile { x: 3008, z: 3335, level: 0 })
[nav-follow] here=WorldTile { x: 3008, z: 3325, level: 0 } walk=true transport=false leg=0 hops=3 outcome=None
[host] hitch livekr7a5p_0: observe_us=21330 paints=0 skips=3159 ticks=137
[nav-walk] here=WorldTile { x: 3008, z: 3323, level: 0 } aim=WorldTile { x: 3012, z: 3321, level: 0 } radius=2 ticks_waited=5 sent_tile=Some(WorldTile { x: 3008, z: 3335, level: 0 })
[nav-follow] here=WorldTile { x: 3008, z: 3323, level: 0 } walk=true transport=false leg=0 hops=3 outcome=None
[host] hitch livekr7a5p_0: observe_us=19546 paints=0 skips=3184 ticks=138
[host] slot livekr7a5p_0: d_loop_us=1348 d_raster_us=0 d_observe_us=74621 max_observe_us=21330 d_paints=0 d_skips=50 d_ticks=2 window_ms=1200
[nav-walk] here=WorldTile { x: 3009, z: 3322, level: 0 } aim=WorldTile { x: 3012, z: 3321, level: 0 } radius=2 ticks_waited=6 sent_tile=Some(WorldTile { x: 3008, z: 3335, level: 0 })
[nav-follow] here=WorldTile { x: 3009, z: 3322, level: 0 } walk=true transport=false leg=0 hops=3 outcome=None
[host] hitch livekr7a5p_0: observe_us=17451 paints=0 skips=3209 ticks=139
[nav-walk] here=WorldTile { x: 3011, z: 3322, level: 0 } aim=WorldTile { x: 3012, z: 3321, level: 0 } radius=2 ticks_waited=7 sent_tile=Some(WorldTile { x: 3008, z: 3335, level: 0 })
[nav-follow] here=WorldTile { x: 3011, z: 3322, level: 0 } walk=true transport=false leg=0 hops=4 outcome=None
[host] hitch livekr7a5p_0: observe_us=19279 paints=0 skips=3234 ticks=140
[host] slot livekr7a5p_0: d_loop_us=892 d_raster_us=0 d_observe_us=68838 max_observe_us=19279 d_paints=0 d_skips=50 d_ticks=2 window_ms=1179
[nav-walk] here=WorldTile { x: 3013, z: 3320, level: 0 } aim=WorldTile { x: 3030, z: 3314, level: 0 } radius=0 ticks_waited=0 sent_tile=Some(WorldTile { x: 3011, z: 3322, level: 0 })
[nav-follow] here=WorldTile { x: 3013, z: 3320, level: 0 } walk=true transport=false leg=0 hops=4 outcome=None
[host] hitch livekr7a5p_0: observe_us=20213 paints=0 skips=3260 ticks=141
[nav-walk] here=WorldTile { x: 3015, z: 3320, level: 0 } aim=WorldTile { x: 3030, z: 3314, level: 0 } radius=0 ticks_waited=1 sent_tile=Some(WorldTile { x: 3011, z: 3322, level: 0 })
[nav-follow] here=WorldTile { x: 3015, z: 3320, level: 0 } walk=true transport=false leg=0 hops=4 outcome=None
[host] hitch livekr7a5p_0: observe_us=22622 paints=0 skips=3285 ticks=142
[host] slot livekr7a5p_0: d_loop_us=1070 d_raster_us=0 d_observe_us=82443 max_observe_us=22622 d_paints=0 d_skips=50 d_ticks=2 window_ms=1193
[nav-walk] here=WorldTile { x: 3016, z: 3319, level: 0 } aim=WorldTile { x: 3030, z: 3314, level: 0 } radius=0 ticks_waited=2 sent_tile=Some(WorldTile { x: 3011, z: 3322, level: 0 })
[nav-follow] here=WorldTile { x: 3016, z: 3319, level: 0 } walk=true transport=false leg=0 hops=4 outcome=None
[host] hitch livekr7a5p_0: observe_us=25033 paints=0 skips=3310 ticks=143
[nav-walk] here=WorldTile { x: 3018, z: 3318, level: 0 } aim=WorldTile { x: 3030, z: 3314, level: 0 } radius=0 ticks_waited=3 sent_tile=Some(WorldTile { x: 3011, z: 3322, level: 0 })
[nav-follow] here=WorldTile { x: 3018, z: 3318, level: 0 } walk=true transport=false leg=0 hops=4 outcome=None
[host] hitch livekr7a5p_0: observe_us=22425 paints=0 skips=3335 ticks=144
[host] slot livekr7a5p_0: d_loop_us=1216 d_raster_us=0 d_observe_us=102046 max_observe_us=25033 d_paints=0 d_skips=50 d_ticks=2 window_ms=1209
[nav-walk] here=WorldTile { x: 3020, z: 3317, level: 0 } aim=WorldTile { x: 3030, z: 3314, level: 0 } radius=0 ticks_waited=4 sent_tile=Some(WorldTile { x: 3011, z: 3322, level: 0 })
[nav-follow] here=WorldTile { x: 3020, z: 3317, level: 0 } walk=true transport=false leg=0 hops=4 outcome=None
[host] hitch livekr7a5p_0: observe_us=22073 paints=0 skips=3360 ticks=145
[nav-walk] here=WorldTile { x: 3022, z: 3315, level: 0 } aim=WorldTile { x: 3030, z: 3314, level: 0 } radius=0 ticks_waited=5 sent_tile=Some(WorldTile { x: 3011, z: 3322, level: 0 })
[nav-follow] here=WorldTile { x: 3022, z: 3315, level: 0 } walk=true transport=false leg=0 hops=4 outcome=None
[host] hitch livekr7a5p_0: observe_us=19471 paints=0 skips=3385 ticks=146
[host] slot livekr7a5p_0: d_loop_us=1020 d_raster_us=0 d_observe_us=78625 max_observe_us=22073 d_paints=0 d_skips=50 d_ticks=2 window_ms=1185
[nav-walk] here=WorldTile { x: 3024, z: 3315, level: 0 } aim=WorldTile { x: 3030, z: 3314, level: 0 } radius=0 ticks_waited=6 sent_tile=Some(WorldTile { x: 3011, z: 3322, level: 0 })
[nav-follow] here=WorldTile { x: 3024, z: 3315, level: 0 } walk=true transport=false leg=0 hops=4 outcome=None
[host] hitch livekr7a5p_0: observe_us=19997 paints=0 skips=3411 ticks=147
[nav-walk] here=WorldTile { x: 3026, z: 3315, level: 0 } aim=WorldTile { x: 3030, z: 3314, level: 0 } radius=0 ticks_waited=7 sent_tile=Some(WorldTile { x: 3011, z: 3322, level: 0 })
[nav-follow] here=WorldTile { x: 3026, z: 3315, level: 0 } walk=true transport=false leg=0 hops=4 outcome=None
[host] hitch livekr7a5p_0: observe_us=18217 paints=0 skips=3436 ticks=148
[host] slot livekr7a5p_0: d_loop_us=1065 d_raster_us=0 d_observe_us=76707 max_observe_us=19997 d_paints=0 d_skips=50 d_ticks=2 window_ms=1180
[nav-walk] here=WorldTile { x: 3028, z: 3315, level: 0 } aim=WorldTile { x: 3030, z: 3314, level: 0 } radius=0 ticks_waited=8 sent_tile=Some(WorldTile { x: 3011, z: 3322, level: 0 })
[nav-follow] here=WorldTile { x: 3028, z: 3315, level: 0 } walk=true transport=false leg=0 hops=4 outcome=None
[host] hitch livekr7a5p_0: observe_us=16846 paints=0 skips=3461 ticks=149
[nav-walk] here=WorldTile { x: 3030, z: 3314, level: 0 } aim=WorldTile { x: 3030, z: 3314, level: 0 } radius=0 ticks_waited=9 sent_tile=Some(WorldTile { x: 3011, z: 3322, level: 0 })
[nav-follow] here=WorldTile { x: 3030, z: 3314, level: 0 } walk=false transport=true leg=1 hops=4 outcome=None
[host] hitch livekr7a5p_0: observe_us=25967 paints=0 skips=3486 ticks=150
[host] slot livekr7a5p_0: d_loop_us=921 d_raster_us=0 d_observe_us=75915 max_observe_us=25967 d_paints=0 d_skips=50 d_ticks=2 window_ms=1211
[nav-transport] cheap hop walk-through to WorldTile { x: 3031, z: 3312, level: 0 }
[nav-follow] here=WorldTile { x: 3030, z: 3316, level: 0 } walk=false transport=true leg=1 hops=4 outcome=None
[host] hitch livekr7a5p_0: observe_us=24447 paints=0 skips=3511 ticks=151
[nav-transport] cheap hop walk-through to WorldTile { x: 3031, z: 3312, level: 0 }
[nav-follow] here=WorldTile { x: 3030, z: 3318, level: 0 } walk=false transport=true leg=1 hops=4 outcome=None
[host] hitch livekr7a5p_0: observe_us=21652 paints=0 skips=3536 ticks=152
[host] slot livekr7a5p_0: d_loop_us=903 d_raster_us=0 d_observe_us=87622 max_observe_us=24447 d_paints=0 d_skips=50 d_ticks=2 window_ms=1197
[nav-transport] cheap hop walk-through to WorldTile { x: 3031, z: 3312, level: 0 }
[nav-follow] here=WorldTile { x: 3032, z: 3318, level: 0 } walk=false transport=true leg=1 hops=4 outcome=None
[host] hitch livekr7a5p_0: observe_us=27369 paints=0 skips=3561 ticks=153
[nav-transport] cheap hop walk-through to WorldTile { x: 3031, z: 3312, level: 0 }
[nav-follow] here=WorldTile { x: 3033, z: 3317, level: 0 } walk=false transport=true leg=1 hops=4 outcome=None
[host] hitch livekr7a5p_0: observe_us=30198 paints=0 skips=3586 ticks=154
[host] slot livekr7a5p_0: d_loop_us=1134 d_raster_us=0 d_observe_us=108603 max_observe_us=30198 d_paints=0 d_skips=50 d_ticks=2 window_ms=1209
[nav-transport] cheap hop walk-through to WorldTile { x: 3031, z: 3312, level: 0 }
[nav-follow] here=WorldTile { x: 3033, z: 3315, level: 0 } walk=false transport=true leg=1 hops=4 outcome=None
[host] hitch livekr7a5p_0: observe_us=23669 paints=0 skips=3611 ticks=155
[nav-transport] cheap hop walk-through to WorldTile { x: 3031, z: 3312, level: 0 }
[nav-follow] here=WorldTile { x: 3032, z: 3313, level: 0 } walk=false transport=true leg=1 hops=4 outcome=None
[host] hitch livekr7a5p_0: observe_us=23623 paints=0 skips=3636 ticks=156
[host] slot livekr7a5p_0: d_loop_us=1000 d_raster_us=0 d_observe_us=89548 max_observe_us=23669 d_paints=0 d_skips=50 d_ticks=2 window_ms=1187
[nav-transport] here=WorldTile { x: 3031, z: 3312, level: 0 } to=WorldTile { x: 3031, z: 3312, level: 0 } troll=false ticks_waited=0 loc_id=1551 open=true
[nav-follow] here=WorldTile { x: 3031, z: 3312, level: 0 } walk=true transport=false leg=2 hops=5 outcome=None
[host] hitch livekr7a5p_0: observe_us=24631 paints=0 skips=3661 ticks=157
[nav-walk] here=WorldTile { x: 3031, z: 3310, level: 0 } aim=WorldTile { x: 3023, z: 3300, level: 0 } radius=0 ticks_waited=0 sent_tile=Some(WorldTile { x: 3031, z: 3312, level: 0 })
[nav-follow] here=WorldTile { x: 3031, z: 3310, level: 0 } walk=true transport=false leg=2 hops=5 outcome=None
[host] hitch livekr7a5p_0: observe_us=28864 paints=0 skips=3687 ticks=158
[host] slot livekr7a5p_0: d_loop_us=1279 d_raster_us=0 d_observe_us=105868 max_observe_us=28864 d_paints=0 d_skips=50 d_ticks=2 window_ms=1193
[nav-walk] here=WorldTile { x: 3031, z: 3308, level: 0 } aim=WorldTile { x: 3023, z: 3300, level: 0 } radius=0 ticks_waited=1 sent_tile=Some(WorldTile { x: 3031, z: 3312, level: 0 })
[nav-follow] here=WorldTile { x: 3031, z: 3308, level: 0 } walk=true transport=false leg=2 hops=5 outcome=None
[host] hitch livekr7a5p_0: observe_us=24659 paints=0 skips=3712 ticks=159
[nav-walk] here=WorldTile { x: 3029, z: 3306, level: 0 } aim=WorldTile { x: 3023, z: 3300, level: 0 } radius=0 ticks_waited=2 sent_tile=Some(WorldTile { x: 3031, z: 3312, level: 0 })
[nav-follow] here=WorldTile { x: 3029, z: 3306, level: 0 } walk=true transport=false leg=2 hops=5 outcome=None
[host] hitch livekr7a5p_0: observe_us=26104 paints=0 skips=3737 ticks=160
[host] slot livekr7a5p_0: d_loop_us=1104 d_raster_us=0 d_observe_us=92365 max_observe_us=26104 d_paints=0 d_skips=50 d_ticks=2 window_ms=1192
[nav-walk] here=WorldTile { x: 3027, z: 3304, level: 0 } aim=WorldTile { x: 3023, z: 3300, level: 0 } radius=0 ticks_waited=3 sent_tile=Some(WorldTile { x: 3031, z: 3312, level: 0 })
[nav-follow] here=WorldTile { x: 3027, z: 3304, level: 0 } walk=true transport=false leg=2 hops=5 outcome=None
[host] hitch livekr7a5p_0: observe_us=25437 paints=0 skips=3762 ticks=161
[nav-walk] here=WorldTile { x: 3025, z: 3302, level: 0 } aim=WorldTile { x: 3023, z: 3300, level: 0 } radius=0 ticks_waited=4 sent_tile=Some(WorldTile { x: 3031, z: 3312, level: 0 })
[nav-follow] here=WorldTile { x: 3025, z: 3302, level: 0 } walk=true transport=false leg=2 hops=5 outcome=None
[host] hitch livekr7a5p_0: observe_us=16509 paints=0 skips=3787 ticks=162
[host] slot livekr7a5p_0: d_loop_us=1201 d_raster_us=0 d_observe_us=85744 max_observe_us=25437 d_paints=0 d_skips=50 d_ticks=2 window_ms=1199
[nav-walk] here=WorldTile { x: 3023, z: 3300, level: 0 } aim=WorldTile { x: 3023, z: 3300, level: 0 } radius=0 ticks_waited=5 sent_tile=Some(WorldTile { x: 3031, z: 3312, level: 0 })
[nav-follow] here=WorldTile { x: 3023, z: 3300, level: 0 } walk=false transport=false leg=3 hops=5 outcome=Some(Arrived { at: WorldTile { x: 3023, z: 3300, level: 0 } })
[host] hitch livekr7a5p_0: observe_us=32676 paints=0 skips=3812 ticks=163
[script livekr7a5p_0] periodic bank: completed
[host] hitch livekr7a5p_0: observe_us=19356 paints=0 skips=3836 ticks=164
[script livekr7a5p_0] interact Npc { name: "Chicken", action: "Attack", index: Some(453) }
[host] slot livekr7a5p_0: d_loop_us=1412 d_raster_us=0 d_observe_us=104626 max_observe_us=32676 d_paints=0 d_skips=50 d_ticks=2 window_ms=1214
[host] hitch livekr7a5p_0: observe_us=29885 paints=0 skips=3862 ticks=165
[host] hitch livekr7a5p_0: observe_us=31039 paints=0 skips=3886 ticks=166
[host] slot livekr7a5p_0: d_loop_us=1630 d_raster_us=0 d_observe_us=109361 max_observe_us=31039 d_paints=0 d_skips=50 d_ticks=2 window_ms=1205
[host] hitch livekr7a5p_0: observe_us=29047 paints=0 skips=3942 ticks=168
[host] slot livekr7a5p_0: d_loop_us=11526 d_raster_us=0 d_observe_us=127138 max_observe_us=29047 d_paints=0 d_skips=50 d_ticks=2 window_ms=1064
[host] hitch livekr7a5p_0: observe_us=27633 paints=0 skips=3967 ticks=169
[host] slot livekr7a5p_0: d_loop_us=1335 d_raster_us=0 d_observe_us=88406 max_observe_us=27633 d_paints=0 d_skips=50 d_ticks=2 window_ms=1193
[host] hitch livekr7a5p_0: observe_us=19000 paints=0 skips=4017 ticks=171
[host] hitch livekr7a5p_0: observe_us=16687 paints=0 skips=4043 ticks=172
[host] slot livekr7a5p_0: d_loop_us=1336 d_raster_us=0 d_observe_us=97011 max_observe_us=19000 d_paints=0 d_skips=50 d_ticks=2 window_ms=1189
[host] hitch livekr7a5p_0: observe_us=21417 paints=0 skips=4068 ticks=173
[host] hitch livekr7a5p_0: observe_us=16102 paints=0 skips=4094 ticks=174
[script livekr7a5p_0] interact Npc { name: "Chicken", action: "Attack", index: Some(458) }
[host] slot livekr7a5p_0: d_loop_us=1328 d_raster_us=0 d_observe_us=101829 max_observe_us=21417 d_paints=0 d_skips=50 d_ticks=2 window_ms=1161
[host] hitch livekr7a5p_0: observe_us=25984 paints=0 skips=4119 ticks=175
[host] hitch livekr7a5p_0: observe_us=27174 paints=0 skips=4144 ticks=176
[host] slot livekr7a5p_0: d_loop_us=1247 d_raster_us=0 d_observe_us=102978 max_observe_us=27174 d_paints=0 d_skips=50 d_ticks=2 window_ms=1204
[host] hitch livekr7a5p_0: observe_us=25487 paints=0 skips=4169 ticks=177
[host] slot livekr7a5p_0: d_loop_us=1231 d_raster_us=0 d_observe_us=84417 max_observe_us=25487 d_paints=0 d_skips=50 d_ticks=2 window_ms=1210
[host] hitch livekr7a5p_0: observe_us=16995 paints=0 skips=4244 ticks=180
[host] slot livekr7a5p_0: d_loop_us=1297 d_raster_us=0 d_observe_us=81968 max_observe_us=16995 d_paints=0 d_skips=50 d_ticks=2 window_ms=1174
[host] hitch livekr7a5p_0: observe_us=17395 paints=0 skips=4270 ticks=181
[host] hitch livekr7a5p_0: observe_us=17049 paints=0 skips=4295 ticks=182
[host] slot livekr7a5p_0: d_loop_us=1210 d_raster_us=0 d_observe_us=82126 max_observe_us=17395 d_paints=0 d_skips=50 d_ticks=2 window_ms=1176
[host] hitch livekr7a5p_0: observe_us=17486 paints=0 skips=4321 ticks=183
[script livekr7a5p_0] can't engage Chicken — a shut gate/fence in the way; walking through it
[script livekr7a5p_0] interact WalkNear { x: 3018, z: 3287, level: 0, radius: 1, allow_teleports: false }
[nav-follow] here=WorldTile { x: 3015, z: 3290, level: 0 } walk=true transport=false leg=0 hops=1 outcome=None
[host] hitch livekr7a5p_0: observe_us=18065 paints=0 skips=4346 ticks=184
[host] slot livekr7a5p_0: d_loop_us=1404 d_raster_us=0 d_observe_us=91020 max_observe_us=18065 d_paints=0 d_skips=50 d_ticks=2 window_ms=1190
[nav-walk] here=WorldTile { x: 3017, z: 3288, level: 0 } aim=WorldTile { x: 3017, z: 3288, level: 0 } radius=0 ticks_waited=0 sent_tile=Some(WorldTile { x: 3015, z: 3290, level: 0 })
[nav-follow] here=WorldTile { x: 3017, z: 3288, level: 0 } walk=false transport=false leg=1 hops=1 outcome=Some(Arrived { at: WorldTile { x: 3017, z: 3288, level: 0 } })
[host] hitch livekr7a5p_0: observe_us=27957 paints=0 skips=4371 ticks=185
[script livekr7a5p_0] interact Npc { name: "Chicken", action: "Attack", index: Some(455) }
[host] slot livekr7a5p_0: d_loop_us=1334 d_raster_us=0 d_observe_us=98435 max_observe_us=27957 d_paints=0 d_skips=50 d_ticks=2 window_ms=1207
[host] hitch livekr7a5p_0: observe_us=24380 paints=0 skips=4421 ticks=187
[host] slot livekr7a5p_0: d_loop_us=1098 d_raster_us=0 d_observe_us=85291 max_observe_us=24380 d_paints=0 d_skips=50 d_ticks=2 window_ms=1201
[host] slot livekr7a5p_0: d_loop_us=1242 d_raster_us=0 d_observe_us=72368 max_observe_us=14702 d_paints=0 d_skips=50 d_ticks=2 window_ms=1191
[host] slot livekr7a5p_0: d_loop_us=1222 d_raster_us=0 d_observe_us=77292 max_observe_us=15023 d_paints=0 d_skips=50 d_ticks=2 window_ms=1192
[host] hitch livekr7a5p_0: observe_us=18750 paints=0 skips=4571 ticks=193
[host] slot livekr7a5p_0: d_loop_us=1164 d_raster_us=0 d_observe_us=79277 max_observe_us=18750 d_paints=0 d_skips=50 d_ticks=2 window_ms=1190
[host] hitch livekr7a5p_0: observe_us=21969 paints=0 skips=4622 ticks=195
[host] hitch livekr7a5p_0: observe_us=17849 paints=0 skips=4647 ticks=196
PASS: catalog_boundary_live: {"scenario":"chicken_killer_bank","runner":"Some(Evidence { scenario: \"chicken_killer_bank\", outcome: \"PASS\", predicate: \"has_item_id(314)>=1\", ticks: 258, elapsed_ms: 129144, message: None, tile: Some([3019, 3290, 0]), inv: [InvRow { id: 314, name: Some(\"Feather\"), count: 5 }], stat: Some(StatRow { runenergy: 30 }), chat: [ChatRow { text: \"Inventory wiped.\", username: None }, ChatRow { text: \"set tutorial: to 1000\", username: None }, ChatRow { text: \"Welcome to RuneScape.\", username: None }], scene: 2 })","core":{"case":"chicken_killer_bank","baseline":{"ingame":true,"scene_state":2,"player":"Livekr7a5p 0","tile":[3029,3294,0],"tick":16,"items":{},"item_ids":{},"bank":{},"bank_ids":{},"bank_open":false,"bank_loaded":false,"bank_generation":0,"levels":{"-unused-":0,"agility":1,"attack":30,"cooking":1,"crafting":1,"defence":1,"firemaking":1,"fishing":1,"fletching":1,"herblore":1,"hitpoints":10,"magic":1,"mining":1,"prayer":1,"ranged":1,"runecraft":1,"slayer":1,"smithing":1,"strength":30,"thieving":1,"woodcutting":1},"xp":{"-unused-":0,"agility":0,"attack":13363,"cooking":0,"crafting":0,"defence":0,"firemaking":0,"fishing":0,"fletching":0,"herblore":0,"hitpoints":1154,"magic":0,"mining":0,"prayer":0,"ranged":0,"runecraft":0,"slayer":0,"smithing":0,"strength":13363,"thieving":0,"woodcutting":0},"chat":[[7,"Inventory wiped."],[6,"set tutorial: to 1000"],[5,"Welcome to RuneScape."]],"loc_facts":[{"id":1531,"x":3021,"z":3293,"level":0,"name":"Door","open":false},{"id":1531,"x":3022,"z":3297,"level":0,"name":"Door","open":false},{"id":1530,"x":3024,"z":3291,"level":0,"name":"Door","open":true},{"id":1531,"x":3025,"z":3292,"level":0,"name":"Door","open":false},{"id":1530,"x":3026,"z":3287,"level":0,"name":"Door","open":true},{"id":1530,"x":3029,"z":3292,"level":0,"name":"Door","open":true},{"id":1530,"x":3034,"z":3291,"level":0,"name":"Door","open":true}],"equipment_ids":{}},"latest":{"ingame":true,"scene_state":2,"player":"Livekr7a5p 0","tile":[3019,3290,0],"tick":196,"items":{"Feather":5},"item_ids":{"314":5},"bank":{},"bank_ids":{},"bank_open":false,"bank_loaded":false,"bank_generation":2,"levels":{"-unused-":0,"agility":1,"attack":30,"cooking":1,"crafting":1,"defence":1,"firemaking":1,"fishing":1,"fletching":1,"herblore":1,"hitpoints":10,"magic":1,"mining":1,"prayer":1,"ranged":1,"runecraft":1,"slayer":1,"smithing":1,"strength":30,"thieving":1,"woodcutting":1},"xp":{"-unused-":0,"agility":0,"attack":13363,"cooking":0,"crafting":0,"defence":0,"firemaking":0,"fishing":0,"fletching":0,"herblore":0,"hitpoints":1173,"magic":0,"mining":0,"prayer":0,"ranged":0,"runecraft":0,"slayer":0,"smithing":0,"strength":13423,"thieving":0,"woodcutting":0},"chat":[[7,"Inventory wiped."],[6,"set tutorial: to 1000"],[5,"Welcome to RuneScape."]],"loc_facts":[{"id":1531,"x":3021,"z":3293,"level":0,"name":"Door","open":false},{"id":1531,"x":3022,"z":3297,"level":0,"name":"Door","open":false},{"id":1530,"x":3024,"z":3291,"level":0,"name":"Door","open":true},{"id":1531,"x":3025,"z":3292,"level":0,"name":"Door","open":false},{"id":1530,"x":3026,"z":3287,"level":0,"name":"Door","open":true}],"equipment_ids":{}},"max_items":{"Feather":15},"max_xp":{"-unused-":0,"agility":0,"attack":13363,"cooking":0,"crafting":0,"defence":0,"firemaking":0,"fishing":0,"fletching":0,"herblore":0,"hitpoints":1173,"magic":0,"mining":0,"prayer":0,"ranged":0,"runecraft":0,"slayer":0,"smithing":0,"strength":13423,"thieving":0,"woodcutting":0},"saw_bury_chat":false,"post_start_observations":4547,"bone_bank_cycle":{"first_batch_buried":false,"opened":null,"withdrawn":null,"buried_after_withdrawal":false},"bank_fletcher_cycle":{"first_pack_created":false,"deposited":null,"withdrawn":null,"crafted_after_withdrawal":false},"bank_fletcher_string_cycle":{"initial_pairs_strung":false,"deposited":null,"withdrawn":null,"strung_after_withdrawal":false},"bank_fletcher_cut_string_cycle":{"cut_pair_created":false,"deposited":null,"withdrawn":null,"string_pair_created":false},"alcher_generated_custom_cycle":{"withdrawn":null,"consumed":false},"dart_fletcher_cycle":{"first":null,"further":false,"wrong_tier":false},"herb_cleaner_cycle":{"first_pack":false,"deposited":null,"withdrawn":null,"cleaned_after_withdrawal":false,"filter_violated":false},"gem_cutter_cycle":{"first_pack":false,"deposited":null,"withdrawn":null,"cut_after_withdrawal":false,"filter_violated":false},"door_opener_cycle":{"selected":null,"opened":false},"gnome_course_cycle":{"log":null,"ground_return":null,"pipe":null,"second_lap":false},"flax_picker_cycle":{"first_pack":false,"deposited":null,"returned":false,"further":false},"superheater_cycle":{"first_bars":false,"deposited":null,"withdrawn":null,"produced_after_withdrawal":false,"wrong_product":false,"wrong_staff":false},"chicken_killer_bank_cycle":{"combat_loot":true,"deposited":{"ingame":true,"scene_state":2,"player":"Livekr7a5p 0","tile":[3011,3355,0],"tick":112,"items":{},"item_ids":{},"bank":{"Feather":15},"bank_ids":{"314":15},"bank_open":true,"bank_loaded":true,"bank_generation":1,"levels":{"-unused-":0,"agility":1,"attack":30,"cooking":1,"crafting":1,"defence":1,"firemaking":1,"fishing":1,"fletching":1,"herblore":1,"hitpoints":10,"magic":1,"mining":1,"prayer":1,"ranged":1,"runecraft":1,"slayer":1,"smithing":1,"strength":30,"thieving":1,"woodcutting":1},"xp":{"-unused-":0,"agility":0,"attack":13363,"cooking":0,"crafting":0,"defence":0,"firemaking":0,"fishing":0,"fletching":0,"herblore":0,"hitpoints":1161,"magic":0,"mining":0,"prayer":0,"ranged":0,"runecraft":0,"slayer":0,"smithing":0,"strength":13387,"thieving":0,"woodcutting":0},"chat":[[7,"Inventory wiped."],[6,"set tutorial: to 1000"],[5,"Welcome to RuneScape."]],"loc_facts":[],"equipment_ids":{}},"returned":true,"further":true},"vial_filler_cycle":{"filled":null,"deposited":null,"withdrawn":null,"returned":false,"further":false},"potion_maker_cycle":{"unfinished":null,"finished":null,"deposited":null,"withdrawn":null,"further":false,"wrong_product":false,"filter_violated":false},"ordered_first_exhausted":false}}
test catalog_boundary_live ... ok

test result: ok. 1 passed; 0 failed; 0 ignored; 0 measured; 23 filtered out; finished in 132.48s

