
running 1 test
{"phase":"identity","revision":274,"profile":"local-274 · 127.0.0.1:43594 · revision 274","cache_id":"4aac9b63312dcb75d5de8f686772d083ba0808c57985438246edf21ef522be1c","nav_pack":"/Users/acfrazier/experiments/274bot/.worktrees/rs2b0t-multirevision/.superpowers/world-capabilities/274/274bot.navpack","nav_sha256":"05db24743e9f549ced16c1f00b87c30a390d3aaec391815da3f3563130b3bcd4","catalog_commit":"8e7d965be2071d6ec65c3265e12af797082d720a","catalog_identity":"289-updated frozen catalog","catalog_read_only_path":".superpowers/inputs/rs2b0t-8e7d965be2071d6ec65c3265e12af797082d720a","catalog_root":"/Users/acfrazier/experiments/274bot/.worktrees/rs2b0t-multirevision/.superpowers/inputs/rs2b0t-8e7d965be2071d6ec65c3265e12af797082d720a","registry_path":"/Users/acfrazier/experiments/274bot/.worktrees/rs2b0t-multirevision/.superpowers/inputs/rs2b0t-8e7d965be2071d6ec65c3265e12af797082d720a/src/bot/scripts/index.ts","registry_sha256":"b614aedb3d5adfdfbac3760f082273f3cf5c33fffe4ced0f2b01490ae02d1bc2","card":{"card":"HillGiant","source_path":"/Users/acfrazier/experiments/274bot/.worktrees/rs2b0t-multirevision/.superpowers/inputs/rs2b0t-8e7d965be2071d6ec65c3265e12af797082d720a/src/bot/scripts/HillGiant/HillGiant.ts","source_sha256":"615436b5fd4b3a727c6593d3e18a86e592b5fc160164b1ca823d9eb1d4c70c00","compiled_sha256":"23dbd1ec2af9fd5b3fd3c234480a39f75d336c89ff82f837bb45257abf9adc2a","siblings":[{"module":"/rs2b0t/bot/scripts/bot/HillGiantLogic.js","compiled_sha256":"19aa4c43e4aab5fa3296f7ca15355f6222574e738344e2e502eba09f0f765398"}],"settings":{"meleeStyle":"strength","weapon":"","foodWithdraw":12.0,"bankCommonJunk":true,"buryBones":false,"lootSlots":14.0}},"account":"live82zb87_0","engine_speed_ms":null}
[host-play] slot live82zb87_0: thread up
274bot: loaded snapshot (4556 models, 336 anim records)
[host-play] slot live82zb87_0: handshake begin reconnect=false
[host-play] slot live82zb87_0: handshake ok
[host-play] slot live82zb87_0: queued mainland tele+setvar (scene 2)
[host] slot live82zb87_0: d_loop_us=10179 d_raster_us=0 d_observe_us=44887 max_observe_us=5617 d_paints=0 d_skips=50 d_ticks=5 window_ms=0
[host-play] slot live82zb87_0: handshake begin reconnect=true
[host-play] slot live82zb87_0: handshake ok
[host] slot live82zb87_0: d_loop_us=901 d_raster_us=0 d_observe_us=40930 max_observe_us=3965 d_paints=0 d_skips=50 d_ticks=1 window_ms=0
[host-play] slot live82zb87_0: queued mainland tele+setvar (scene 2)
{"phase":"baseline-after-preparation","scenario":"hill_giant","account":"live82zb87_0","observation":{"ingame":true,"scene_state":2,"player":"Live82zb87 0","tile":[3110,9832,0],"combat_level":36,"tick":22,"items":{"Adamant scimitar":1,"Brass key":1,"Trout":8},"item_ids":{"333":8,"983":1,"1331":1},"bank":{},"bank_ids":{},"bank_open":false,"bank_loaded":false,"bank_generation":0,"levels":{"-unused-":0,"agility":1,"attack":40,"cooking":1,"crafting":1,"defence":1,"firemaking":1,"fishing":1,"fletching":1,"herblore":1,"hitpoints":40,"magic":1,"mining":1,"prayer":1,"ranged":1,"runecraft":1,"slayer":1,"smithing":1,"strength":40,"thieving":1,"woodcutting":1},"effective_levels":{"-unused-":0,"agility":1,"attack":40,"cooking":1,"crafting":1,"defence":1,"firemaking":1,"fishing":1,"fletching":1,"herblore":1,"hitpoints":40,"magic":1,"mining":1,"prayer":1,"ranged":1,"runecraft":1,"slayer":1,"smithing":1,"strength":40,"thieving":1,"woodcutting":1},"xp":{"-unused-":0,"agility":0,"attack":37224,"cooking":0,"crafting":0,"defence":0,"firemaking":0,"fishing":0,"fletching":0,"herblore":0,"hitpoints":37224,"magic":0,"mining":0,"prayer":0,"ranged":0,"runecraft":0,"slayer":0,"smithing":0,"strength":37224,"thieving":0,"woodcutting":0},"varps":{"309":0},"chat":[[7,"Inventory wiped."],[6,"set tutorial: to 1000"],[5,"Welcome to RuneScape."]],"loc_facts":[],"npc_facts":[{"index":5311,"name":"Giant","health":0,"total_health":0,"animation":-1,"in_combat":false,"targeting_local":false,"tile":[3107,9827,0],"distance":5},{"index":5312,"name":"Giant","health":0,"total_health":0,"animation":-1,"in_combat":false,"targeting_local":false,"tile":[3107,9836,0],"distance":4},{"index":5316,"name":"Giant","health":0,"total_health":0,"animation":-1,"in_combat":false,"targeting_local":false,"tile":[3115,9831,0],"distance":5},{"index":5317,"name":"Giant","health":0,"total_health":0,"animation":-1,"in_combat":false,"targeting_local":false,"tile":[3118,9834,0],"distance":8},{"index":5314,"name":"Giant","health":0,"total_health":0,"animation":-1,"in_combat":false,"targeting_local":false,"tile":[3112,9840,0],"distance":8}],"ground_loot":[{"id":526,"count":1,"tile":[3110,9825,0],"distance":7}],"local_in_combat":false,"local_target_npc":null,"local_health":0,"local_animation":-1,"equipment_ids":{},"main_modal":-1,"widget_ids":[3213,3214]}}
[script live82zb87_0] start load
{"phase":"start","account":"live82zb87_0","count":1}
[host] hitch live82zb87_0: observe_us=86862 paints=0 skips=99 ticks=22
[host] slot live82zb87_0: d_loop_us=17136 d_raster_us=0 d_observe_us=180550 max_observe_us=86862 d_paints=0 d_skips=50 d_ticks=22 window_ms=13223
[script live82zb87_0] HillGiant — strength, food 'Trout' x12 (smart-eat), banking big bones, spot (3113, 9841, 0)
[script live82zb87_0] interact IfButton { component_id: 5862 }
[script live82zb87_0] combat style: strength
[script live82zb87_0] interact Npc { name: "Giant", action: "Attack", index: Some(5311) }
[host] slot live82zb87_0: d_loop_us=1639 d_raster_us=0 d_observe_us=75172 max_observe_us=8995 d_paints=0 d_skips=50 d_ticks=2 window_ms=1164
[host] slot live82zb87_0: d_loop_us=1508 d_raster_us=0 d_observe_us=65296 max_observe_us=11716 d_paints=0 d_skips=50 d_ticks=2 window_ms=1174
[host] slot live82zb87_0: d_loop_us=1540 d_raster_us=0 d_observe_us=57953 max_observe_us=7270 d_paints=0 d_skips=50 d_ticks=2 window_ms=1195
[host] slot live82zb87_0: d_loop_us=1313 d_raster_us=0 d_observe_us=52226 max_observe_us=9390 d_paints=0 d_skips=50 d_ticks=1 window_ms=1177
[host] slot live82zb87_0: d_loop_us=1721 d_raster_us=0 d_observe_us=65147 max_observe_us=10427 d_paints=0 d_skips=50 d_ticks=2 window_ms=1190
[host] slot live82zb87_0: d_loop_us=1449 d_raster_us=0 d_observe_us=58256 max_observe_us=9398 d_paints=0 d_skips=50 d_ticks=2 window_ms=1163
[host] slot live82zb87_0: d_loop_us=1244 d_raster_us=0 d_observe_us=48030 max_observe_us=7804 d_paints=0 d_skips=50 d_ticks=2 window_ms=1183
[host] slot live82zb87_0: d_loop_us=1010 d_raster_us=0 d_observe_us=43831 max_observe_us=5565 d_paints=0 d_skips=50 d_ticks=2 window_ms=1163
[host] slot live82zb87_0: d_loop_us=1088 d_raster_us=0 d_observe_us=52692 max_observe_us=9811 d_paints=0 d_skips=50 d_ticks=2 window_ms=1185
[host] slot live82zb87_0: d_loop_us=1699 d_raster_us=0 d_observe_us=68357 max_observe_us=10158 d_paints=0 d_skips=50 d_ticks=2 window_ms=1178
[host] slot live82zb87_0: d_loop_us=1426 d_raster_us=0 d_observe_us=53092 max_observe_us=8339 d_paints=0 d_skips=50 d_ticks=2 window_ms=1187
[host] slot live82zb87_0: d_loop_us=1419 d_raster_us=0 d_observe_us=52023 max_observe_us=6995 d_paints=0 d_skips=50 d_ticks=2 window_ms=1158
[host] slot live82zb87_0: d_loop_us=1628 d_raster_us=0 d_observe_us=63241 max_observe_us=8317 d_paints=0 d_skips=50 d_ticks=2 window_ms=1177
[host] slot live82zb87_0: d_loop_us=1010 d_raster_us=0 d_observe_us=38292 max_observe_us=5142 d_paints=0 d_skips=50 d_ticks=2 window_ms=1181
[host] slot live82zb87_0: d_loop_us=1037 d_raster_us=0 d_observe_us=42255 max_observe_us=7967 d_paints=0 d_skips=50 d_ticks=2 window_ms=1200
[host] slot live82zb87_0: d_loop_us=1514 d_raster_us=0 d_observe_us=52427 max_observe_us=8993 d_paints=0 d_skips=50 d_ticks=2 window_ms=1175
[script live82zb87_0] interact Held { name: "Trout", action: "Eat" }
[shim-held] Trout Eat slot=1 -> sent
[host] slot live82zb87_0: d_loop_us=1109 d_raster_us=0 d_observe_us=44051 max_observe_us=9657 d_paints=0 d_skips=50 d_ticks=2 window_ms=1157
[host] slot live82zb87_0: d_loop_us=1531 d_raster_us=0 d_observe_us=57708 max_observe_us=9196 d_paints=0 d_skips=50 d_ticks=2 window_ms=1186
[host] slot live82zb87_0: d_loop_us=1040 d_raster_us=0 d_observe_us=45007 max_observe_us=8478 d_paints=0 d_skips=50 d_ticks=2 window_ms=1214
[host] slot live82zb87_0: d_loop_us=1064 d_raster_us=0 d_observe_us=51881 max_observe_us=8005 d_paints=0 d_skips=50 d_ticks=2 window_ms=1182
[host] slot live82zb87_0: d_loop_us=1142 d_raster_us=0 d_observe_us=52590 max_observe_us=9264 d_paints=0 d_skips=50 d_ticks=2 window_ms=1199
[host] slot live82zb87_0: d_loop_us=1307 d_raster_us=0 d_observe_us=48130 max_observe_us=7825 d_paints=0 d_skips=50 d_ticks=2 window_ms=1192
[script live82zb87_0] interact Held { name: "Trout", action: "Eat" }
[shim-held] Trout Eat slot=2 -> sent
[host] slot live82zb87_0: d_loop_us=1146 d_raster_us=0 d_observe_us=45352 max_observe_us=5731 d_paints=0 d_skips=50 d_ticks=2 window_ms=1212
[host] slot live82zb87_0: d_loop_us=1532 d_raster_us=0 d_observe_us=56757 max_observe_us=8132 d_paints=0 d_skips=50 d_ticks=2 window_ms=1179
[host] slot live82zb87_0: d_loop_us=1543 d_raster_us=0 d_observe_us=67371 max_observe_us=10894 d_paints=0 d_skips=50 d_ticks=2 window_ms=1172
[host] slot live82zb87_0: d_loop_us=1887 d_raster_us=0 d_observe_us=67697 max_observe_us=9571 d_paints=0 d_skips=50 d_ticks=2 window_ms=1190
[host] slot live82zb87_0: d_loop_us=1591 d_raster_us=0 d_observe_us=61137 max_observe_us=8468 d_paints=0 d_skips=50 d_ticks=2 window_ms=1197
test catalog_boundary_live has been running for over 60 seconds
[host] slot live82zb87_0: d_loop_us=1440 d_raster_us=0 d_observe_us=57972 max_observe_us=9041 d_paints=0 d_skips=50 d_ticks=2 window_ms=1187
[host] slot live82zb87_0: d_loop_us=1495 d_raster_us=0 d_observe_us=60951 max_observe_us=7888 d_paints=0 d_skips=50 d_ticks=2 window_ms=1184
[host] slot live82zb87_0: d_loop_us=1472 d_raster_us=0 d_observe_us=64281 max_observe_us=9701 d_paints=0 d_skips=50 d_ticks=2 window_ms=1200
[host] slot live82zb87_0: d_loop_us=1048 d_raster_us=0 d_observe_us=48268 max_observe_us=12497 d_paints=0 d_skips=50 d_ticks=2 window_ms=1199
[host] slot live82zb87_0: d_loop_us=1070 d_raster_us=0 d_observe_us=50398 max_observe_us=7381 d_paints=0 d_skips=50 d_ticks=2 window_ms=1200
[host] slot live82zb87_0: d_loop_us=1130 d_raster_us=0 d_observe_us=56026 max_observe_us=6662 d_paints=0 d_skips=50 d_ticks=2 window_ms=1201
[host] slot live82zb87_0: d_loop_us=1149 d_raster_us=0 d_observe_us=62192 max_observe_us=11686 d_paints=0 d_skips=50 d_ticks=2 window_ms=1181
[script live82zb87_0] interact Held { name: "Trout", action: "Eat" }
[shim-held] Trout Eat slot=3 -> sent
[host] slot live82zb87_0: d_loop_us=1170 d_raster_us=0 d_observe_us=65619 max_observe_us=11626 d_paints=0 d_skips=50 d_ticks=2 window_ms=1190
[host] slot live82zb87_0: d_loop_us=1294 d_raster_us=0 d_observe_us=69382 max_observe_us=8643 d_paints=0 d_skips=50 d_ticks=2 window_ms=1176
[host] slot live82zb87_0: d_loop_us=1188 d_raster_us=0 d_observe_us=62433 max_observe_us=9690 d_paints=0 d_skips=50 d_ticks=2 window_ms=1196
[host] slot live82zb87_0: d_loop_us=1140 d_raster_us=0 d_observe_us=53863 max_observe_us=9333 d_paints=0 d_skips=50 d_ticks=2 window_ms=1201
[host] slot live82zb87_0: d_loop_us=1386 d_raster_us=0 d_observe_us=57114 max_observe_us=9062 d_paints=0 d_skips=50 d_ticks=2 window_ms=1174
[host] slot live82zb87_0: d_loop_us=1146 d_raster_us=0 d_observe_us=46192 max_observe_us=5123 d_paints=0 d_skips=50 d_ticks=2 window_ms=1193
[host] slot live82zb87_0: d_loop_us=1088 d_raster_us=0 d_observe_us=40893 max_observe_us=6511 d_paints=0 d_skips=50 d_ticks=2 window_ms=1210
[host] slot live82zb87_0: d_loop_us=1145 d_raster_us=0 d_observe_us=56901 max_observe_us=8098 d_paints=0 d_skips=50 d_ticks=2 window_ms=1184
[host] slot live82zb87_0: d_loop_us=1146 d_raster_us=0 d_observe_us=52811 max_observe_us=8109 d_paints=0 d_skips=50 d_ticks=2 window_ms=1185
[host] slot live82zb87_0: d_loop_us=1343 d_raster_us=0 d_observe_us=48897 max_observe_us=6269 d_paints=0 d_skips=50 d_ticks=2 window_ms=1201
[host] slot live82zb87_0: d_loop_us=1585 d_raster_us=0 d_observe_us=61142 max_observe_us=9542 d_paints=0 d_skips=50 d_ticks=2 window_ms=1170
[host] slot live82zb87_0: d_loop_us=1242 d_raster_us=0 d_observe_us=56570 max_observe_us=7117 d_paints=0 d_skips=50 d_ticks=2 window_ms=1178
[host] slot live82zb87_0: d_loop_us=1370 d_raster_us=0 d_observe_us=51078 max_observe_us=6415 d_paints=0 d_skips=50 d_ticks=2 window_ms=1152
[script live82zb87_0] interact Held { name: "Trout", action: "Eat" }
[shim-held] Trout Eat slot=4 -> sent
[host] slot live82zb87_0: d_loop_us=1072 d_raster_us=0 d_observe_us=49843 max_observe_us=8053 d_paints=0 d_skips=50 d_ticks=2 window_ms=1171
[host] slot live82zb87_0: d_loop_us=1102 d_raster_us=0 d_observe_us=54694 max_observe_us=7655 d_paints=0 d_skips=50 d_ticks=1 window_ms=1187
[host] slot live82zb87_0: d_loop_us=1060 d_raster_us=0 d_observe_us=52638 max_observe_us=7252 d_paints=0 d_skips=50 d_ticks=2 window_ms=1162
[host] slot live82zb87_0: d_loop_us=986 d_raster_us=0 d_observe_us=56764 max_observe_us=9886 d_paints=0 d_skips=50 d_ticks=2 window_ms=1191
[host] slot live82zb87_0: d_loop_us=1182 d_raster_us=0 d_observe_us=59333 max_observe_us=9731 d_paints=0 d_skips=50 d_ticks=2 window_ms=1189
[host] slot live82zb87_0: d_loop_us=1348 d_raster_us=0 d_observe_us=59246 max_observe_us=8755 d_paints=0 d_skips=50 d_ticks=2 window_ms=1180
[host] slot live82zb87_0: d_loop_us=1411 d_raster_us=0 d_observe_us=61055 max_observe_us=9511 d_paints=0 d_skips=50 d_ticks=2 window_ms=1181
[host] slot live82zb87_0: d_loop_us=1169 d_raster_us=0 d_observe_us=57935 max_observe_us=10513 d_paints=0 d_skips=50 d_ticks=2 window_ms=1169
[host] slot live82zb87_0: d_loop_us=1260 d_raster_us=0 d_observe_us=51182 max_observe_us=5164 d_paints=0 d_skips=50 d_ticks=2 window_ms=1174
[host] slot live82zb87_0: d_loop_us=1750 d_raster_us=0 d_observe_us=56753 max_observe_us=10443 d_paints=0 d_skips=50 d_ticks=2 window_ms=1165
[host] slot live82zb87_0: d_loop_us=953 d_raster_us=0 d_observe_us=46742 max_observe_us=6911 d_paints=0 d_skips=50 d_ticks=2 window_ms=1159
[host] slot live82zb87_0: d_loop_us=1125 d_raster_us=0 d_observe_us=59187 max_observe_us=5095 d_paints=0 d_skips=50 d_ticks=2 window_ms=1168
[host] slot live82zb87_0: d_loop_us=1131 d_raster_us=0 d_observe_us=59224 max_observe_us=8846 d_paints=0 d_skips=50 d_ticks=2 window_ms=1179
[host] slot live82zb87_0: d_loop_us=1060 d_raster_us=0 d_observe_us=47493 max_observe_us=6466 d_paints=0 d_skips=50 d_ticks=2 window_ms=1193
[script live82zb87_0] giant down — 1 kill
[host] slot live82zb87_0: d_loop_us=1147 d_raster_us=0 d_observe_us=51934 max_observe_us=10453 d_paints=0 d_skips=50 d_ticks=2 window_ms=1155
[host] slot live82zb87_0: d_loop_us=1137 d_raster_us=0 d_observe_us=60793 max_observe_us=7121 d_paints=0 d_skips=50 d_ticks=2 window_ms=1156
[script live82zb87_0] interact Obj { x: 3107, z: 9829, level: 0, name: Some("Big bones"), action: "Take" }
[host] slot live82zb87_0: d_loop_us=1313 d_raster_us=0 d_observe_us=59608 max_observe_us=8965 d_paints=0 d_skips=50 d_ticks=2 window_ms=1171
[script live82zb87_0] looted Big bones
PASS: catalog_boundary_live: {"scenario":"hill_giant","runner":"Some(Evidence { scenario: \"hill_giant\", outcome: \"PASS\", predicate: \"stat_xp_gain(2)>=1\", ticks: 35, elapsed_ms: 29036, message: None, tile: Some([3108, 9831, 0]), inv: [InvRow { id: 1331, name: Some(\"Adamant scimitar\"), count: 1 }, InvRow { id: 333, name: Some(\"Trout\"), count: 1 }, InvRow { id: 333, name: Some(\"Trout\"), count: 1 }, InvRow { id: 333, name: Some(\"Trout\"), count: 1 }, InvRow { id: 333, name: Some(\"Trout\"), count: 1 }, InvRow { id: 333, name: Some(\"Trout\"), count: 1 }, InvRow { id: 333, name: Some(\"Trout\"), count: 1 }, InvRow { id: 333, name: Some(\"Trout\"), count: 1 }, InvRow { id: 333, name: Some(\"Trout\"), count: 1 }, InvRow { id: 983, name: Some(\"Brass key\"), count: 1 }], stat: Some(StatRow { runenergy: 99 }), chat: [ChatRow { text: \"Inventory wiped.\", username: None }, ChatRow { text: \"set tutorial: to 1000\", username: None }, ChatRow { text: \"Welcome to RuneScape.\", username: None }], scene: 2 })","core":{"case":"hill_giant","baseline":{"ingame":true,"scene_state":2,"player":"Live82zb87 0","tile":[3110,9832,0],"combat_level":36,"tick":22,"items":{"Adamant scimitar":1,"Brass key":1,"Trout":8},"item_ids":{"333":8,"983":1,"1331":1},"bank":{},"bank_ids":{},"bank_open":false,"bank_loaded":false,"bank_generation":0,"levels":{"-unused-":0,"agility":1,"attack":40,"cooking":1,"crafting":1,"defence":1,"firemaking":1,"fishing":1,"fletching":1,"herblore":1,"hitpoints":40,"magic":1,"mining":1,"prayer":1,"ranged":1,"runecraft":1,"slayer":1,"smithing":1,"strength":40,"thieving":1,"woodcutting":1},"effective_levels":{"-unused-":0,"agility":1,"attack":40,"cooking":1,"crafting":1,"defence":1,"firemaking":1,"fishing":1,"fletching":1,"herblore":1,"hitpoints":40,"magic":1,"mining":1,"prayer":1,"ranged":1,"runecraft":1,"slayer":1,"smithing":1,"strength":40,"thieving":1,"woodcutting":1},"xp":{"-unused-":0,"agility":0,"attack":37224,"cooking":0,"crafting":0,"defence":0,"firemaking":0,"fishing":0,"fletching":0,"herblore":0,"hitpoints":37224,"magic":0,"mining":0,"prayer":0,"ranged":0,"runecraft":0,"slayer":0,"smithing":0,"strength":37224,"thieving":0,"woodcutting":0},"varps":{"309":0},"chat":[[7,"Inventory wiped."],[6,"set tutorial: to 1000"],[5,"Welcome to RuneScape."]],"loc_facts":[],"npc_facts":[{"index":5311,"name":"Giant","health":0,"total_health":0,"animation":-1,"in_combat":false,"targeting_local":false,"tile":[3107,9827,0],"distance":5},{"index":5312,"name":"Giant","health":0,"total_health":0,"animation":-1,"in_combat":false,"targeting_local":false,"tile":[3107,9836,0],"distance":4},{"index":5316,"name":"Giant","health":0,"total_health":0,"animation":-1,"in_combat":false,"targeting_local":false,"tile":[3115,9831,0],"distance":5},{"index":5317,"name":"Giant","health":0,"total_health":0,"animation":-1,"in_combat":false,"targeting_local":false,"tile":[3118,9834,0],"distance":8},{"index":5314,"name":"Giant","health":0,"total_health":0,"animation":-1,"in_combat":false,"targeting_local":false,"tile":[3112,9840,0],"distance":8}],"ground_loot":[{"id":526,"count":1,"tile":[3110,9825,0],"distance":7}],"local_in_combat":false,"local_target_npc":null,"local_health":0,"local_animation":-1,"equipment_ids":{},"main_modal":-1,"widget_ids":[3213,3214]},"latest":{"ingame":true,"scene_state":2,"player":"Live82zb87 0","tile":[3107,9829,0],"combat_level":36,"tick":150,"items":{"Adamant scimitar":1,"Big bones":1,"Brass key":1,"Trout":4},"item_ids":{"333":4,"532":1,"983":1,"1331":1},"bank":{},"bank_ids":{},"bank_open":false,"bank_loaded":false,"bank_generation":0,"levels":{"-unused-":0,"agility":1,"attack":40,"cooking":1,"crafting":1,"defence":1,"firemaking":1,"fishing":1,"fletching":1,"herblore":1,"hitpoints":40,"magic":1,"mining":1,"prayer":1,"ranged":1,"runecraft":1,"slayer":1,"smithing":1,"strength":40,"thieving":1,"woodcutting":1},"effective_levels":{"-unused-":0,"agility":1,"attack":40,"cooking":1,"crafting":1,"defence":1,"firemaking":1,"fishing":1,"fletching":1,"herblore":1,"hitpoints":38,"magic":1,"mining":1,"prayer":1,"ranged":1,"runecraft":1,"slayer":1,"smithing":1,"strength":40,"thieving":1,"woodcutting":1},"xp":{"-unused-":0,"agility":0,"attack":37224,"cooking":0,"crafting":0,"defence":0,"firemaking":0,"fishing":0,"fletching":0,"herblore":0,"hitpoints":37275,"magic":0,"mining":0,"prayer":0,"ranged":0,"runecraft":0,"slayer":0,"smithing":0,"strength":37380,"thieving":0,"woodcutting":0},"varps":{"309":0},"chat":[[15,"It heals some health."],[14,"You eat the trout."],[13,"It heals some health."],[12,"You eat the trout."],[11,"It heals some health."],[10,"You eat the trout."],[9,"It heals some health."],[8,"You eat the trout."],[7,"Inventory wiped."],[6,"set tutorial: to 1000"],[5,"Welcome to RuneScape."]],"loc_facts":[],"npc_facts":[{"index":5309,"name":"Giant","health":0,"total_health":0,"animation":-1,"in_combat":false,"targeting_local":false,"tile":[3101,9833,0],"distance":6},{"index":5310,"name":"Giant","health":0,"total_health":0,"animation":-1,"in_combat":false,"targeting_local":false,"tile":[3100,9834,0],"distance":7},{"index":5312,"name":"Giant","health":32,"total_health":35,"animation":-1,"in_combat":true,"targeting_local":true,"tile":[3107,9832,0],"distance":3},{"index":5317,"name":"Giant","health":0,"total_health":0,"animation":-1,"in_combat":false,"targeting_local":false,"tile":[3115,9834,0],"distance":8},{"index":5315,"name":"Giant","health":0,"total_health":0,"animation":-1,"in_combat":false,"targeting_local":false,"tile":[3112,9829,0],"distance":5}],"ground_loot":[{"id":526,"count":1,"tile":[3101,9825,0],"distance":6},{"id":526,"count":1,"tile":[3107,9823,0],"distance":6},{"id":526,"count":1,"tile":[3109,9823,0],"distance":6},{"id":526,"count":1,"tile":[3110,9825,0],"distance":4}],"local_in_combat":true,"local_target_npc":null,"local_health":38,"local_animation":-1,"equipment_ids":{},"main_modal":-1,"widget_ids":[3213,3214]},"max_items":{"Adamant scimitar":1,"Big bones":1,"Brass key":1,"Trout":8},"max_xp":{"-unused-":0,"agility":0,"attack":37224,"cooking":0,"crafting":0,"defence":0,"firemaking":0,"fishing":0,"fletching":0,"herblore":0,"hitpoints":37275,"magic":0,"mining":0,"prayer":0,"ranged":0,"runecraft":0,"slayer":0,"smithing":0,"strength":37380,"thieving":0,"woodcutting":0},"saw_bury_chat":false,"post_start_observations":3221,"bone_bank_cycle":{"first_batch_buried":false,"opened":null,"withdrawn":null,"buried_after_withdrawal":false},"bank_fletcher_cycle":{"first_pack_created":false,"deposited":null,"withdrawn":null,"crafted_after_withdrawal":false},"bank_fletcher_option_cycle":{"first":null,"deposited":null,"restocked":null,"further":false},"bank_fletcher_string_cycle":{"initial_pairs_strung":false,"deposited":null,"withdrawn":null,"strung_after_withdrawal":false},"bank_fletcher_cut_string_cycle":{"cut_pair_created":false,"deposited":null,"withdrawn":null,"string_pair_created":false},"alcher_defaults_cycle":{"withdrawn":null,"consumed":false},"alcher_generated_custom_cycle":{"withdrawn":null,"consumed":false},"dart_fletcher_cycle":{"first":null,"further":false,"wrong_tier":false},"herb_cleaner_cycle":{"first_pack":false,"deposited":null,"withdrawn":null,"cleaned_after_withdrawal":false,"filter_violated":false},"gem_cutter_cycle":{"first_pack":false,"deposited":null,"withdrawn":null,"cut_after_withdrawal":false,"filter_violated":false},"door_opener_cycle":{"selected":null,"opened":false},"gnome_course_cycle":{"log":null,"ground_return":null,"pipe":null,"second_lap":false},"wildy_agility_cycle":{"ridge":null,"pipe":null,"rope":null,"stone":null,"log":null,"rocks":null,"further_pipe":false},"brimhaven_agility_cycle":{"paid":false,"entered":null,"moved":null,"first_tag":false,"ticket":null,"subsequent_work":false},"flax_picker_cycle":{"first_pack":false,"deposited":null,"returned":false,"further":false},"superheater_cycle":{"first_bars":false,"deposited":null,"withdrawn":null,"produced_after_withdrawal":false,"wrong_product":false,"wrong_staff":false},"chicken_killer_bank_cycle":{"combat_loot":false,"deposited":null,"returned":false,"further":false},"vial_filler_cycle":{"filled":null,"deposited":null,"withdrawn":null,"returned":false,"further":false},"potion_maker_cycle":{"unfinished":null,"finished":null,"deposited":null,"withdrawn":null,"further":false,"wrong_product":false,"filter_violated":false},"tanner_bot_cycle":{"widget":null,"tanned":null,"deposited":null,"withdrawn":null,"returned":false,"further":false,"wrong_product":false,"shop":false},"rune_crafter_cycle":{"withdrawn":null,"entered":null,"crafted":null,"exited":null,"deposited":null,"restocked":null,"returned":false,"further":false,"wrong_product":false,"noted":false},"ardy_cakes_cycle":{"stolen":null,"deposited":null,"returned":false,"further":false,"wrong_product":false,"noted":false},"ardy_thiever_cycle":{"pickpocketed":null,"deposited":null,"returned":false,"further":false},"gnome_chop_cycle":{"chopped":null,"deposited":null,"returned":false,"further":false,"wrong_product":false,"noted":false},"gnome_fletch_cycle":{"chopped":null,"fletched":null,"deposited":null,"returned":false,"further":false,"wrong_product":false,"noted":false},"coal_trucks_cycle":{"mined":null,"trucked":null,"further":false,"noted":false,"banked":false,"fixture_changed":false},"station_production_cycle":{"withdrawn":null,"produced":null,"deposited":null,"restocked":null,"returned":false,"further":false,"wrong_product":false,"noted":false},"flax_aio_cycle":{"picked":null,"produced":null,"deposited":null,"returned":false,"further":false,"wrong_product":false,"noted":false},"flax_aio_pick_cycle":{"first_pack":false,"deposited":null,"returned":false,"further":false,"wrong_product":false,"noted":false},"herblore_eggs_cycle":{"taken":false,"deposited":null,"returned":false,"further":false,"wrong_product":false,"noted":false},"herblore_newt_cycle":{"bought":false,"deposited":null,"returned":false,"further":false,"coins_spent":false,"coins_peak":0,"wrong_product":false,"noted":false},"combat_core_cycle":{"engagements":3,"defeats":1,"further_work":true,"style_xp":true,"looted":true,"noted":false,"activated":false,"shield_worn":false,"stolen_food":false,"wrong_item":false,"dormant_indexes":[],"dormant_tiles":{},"last":{"5309":{"name":"Giant","health":0,"animation":-1,"tile":[3101,9833,0],"engaged":false,"defeated":false},"5310":{"name":"Giant","health":0,"animation":-1,"tile":[3100,9834,0],"engaged":false,"defeated":false},"5311":{"name":"Giant","health":0,"animation":131,"tile":[3107,9829,0],"engaged":true,"defeated":true},"5312":{"name":"Giant","health":32,"animation":-1,"tile":[3107,9832,0],"engaged":true,"defeated":false},"5314":{"name":"Giant","health":0,"animation":-1,"tile":[3108,9839,0],"engaged":false,"defeated":false},"5315":{"name":"Giant","health":0,"animation":-1,"tile":[3112,9829,0],"engaged":false,"defeated":false},"5316":{"name":"Giant","health":0,"animation":-1,"tile":[3116,9832,0],"engaged":false,"defeated":false},"5317":{"name":"Giant","health":0,"animation":-1,"tile":[3115,9834,0],"engaged":false,"defeated":false}},"currently_engaged":[5311,5312],"previous_ground":[{"id":526,"x":3101,"z":9825,"level":0,"count":1},{"id":526,"x":3107,"z":9823,"level":0,"count":1},{"id":526,"x":3109,"z":9823,"level":0,"count":1},{"id":526,"x":3110,"z":9825,"level":0,"count":1}],"facts":[{"kind":"engage","index":5311,"name":"Giant","health":35,"animation":129,"loot_id":null,"zero_health":false},{"kind":"defeat","index":5311,"name":"Giant","health":0,"animation":129,"loot_id":null,"zero_health":true},{"kind":"engage","index":5311,"name":"Giant","health":0,"animation":129,"loot_id":null,"zero_health":false},{"kind":"engage","index":5312,"name":"Giant","health":0,"animation":-1,"loot_id":null,"zero_health":false}]},"ordered_first_exhausted":false}}
test catalog_boundary_live ... ok

test result: ok. 1 passed; 0 failed; 0 ignored; 0 measured; 48 filtered out; finished in 104.26s

