
running 1 test
{"phase":"identity","revision":274,"profile":"local-274 · 127.0.0.1:43594 · revision 274","cache_id":"4aac9b63312dcb75d5de8f686772d083ba0808c57985438246edf21ef522be1c","nav_pack":"/Users/acfrazier/experiments/274bot/.worktrees/rs2b0t-multirevision/.superpowers/world-capabilities/274/274bot.navpack","nav_sha256":"05db24743e9f549ced16c1f00b87c30a390d3aaec391815da3f3563130b3bcd4","catalog_commit":"8e7d965be2071d6ec65c3265e12af797082d720a","catalog_identity":"289-updated frozen catalog","catalog_read_only_path":".superpowers/inputs/rs2b0t-8e7d965be2071d6ec65c3265e12af797082d720a","catalog_root":"/Users/acfrazier/experiments/274bot/.worktrees/rs2b0t-multirevision/.superpowers/inputs/rs2b0t-8e7d965be2071d6ec65c3265e12af797082d720a","registry_path":"/Users/acfrazier/experiments/274bot/.worktrees/rs2b0t-multirevision/.superpowers/inputs/rs2b0t-8e7d965be2071d6ec65c3265e12af797082d720a/src/bot/scripts/index.ts","registry_sha256":"b614aedb3d5adfdfbac3760f082273f3cf5c33fffe4ced0f2b01490ae02d1bc2","card":{"card":"Alcher","source_path":"/Users/acfrazier/experiments/274bot/.worktrees/rs2b0t-multirevision/.superpowers/inputs/rs2b0t-8e7d965be2071d6ec65c3265e12af797082d720a/src/bot/scripts/Alcher/Alcher.ts","source_sha256":"1a09baa1117544a2bb80da145829e69c9ced029ad5af533616afa8e7a36f2032","compiled_sha256":"b135fe3d8a67fa4856830370523147832ce791f08c2e08290c2cf7cf82afab1e","siblings":[{"module":"/rs2b0t/bot/scripts/bot/AlcherLogic.js","compiled_sha256":"d531c3378e4510631386b4406dccc335ca1535ff38212f26bf9212fe19d8b61c"}],"settings":{"customItem":"Adamant scimitar","alchs":1.0,"items":["custom"]}},"account":"liveghgfuq_0","engine_speed_ms":null}
[host-play] slot liveghgfuq_0: thread up
274bot: loaded snapshot (4556 models, 336 anim records)
[host-play] slot liveghgfuq_0: handshake begin reconnect=false
[host-play] slot liveghgfuq_0: handshake ok
[host-play] slot liveghgfuq_0: queued mainland tele+setvar (scene 2)
[host] slot liveghgfuq_0: d_loop_us=7895 d_raster_us=0 d_observe_us=43752 max_observe_us=6793 d_paints=0 d_skips=50 d_ticks=5 window_ms=0
[host-play] slot liveghgfuq_0: handshake begin reconnect=true
[host-play] slot liveghgfuq_0: handshake ok
[host] slot liveghgfuq_0: d_loop_us=1010 d_raster_us=0 d_observe_us=45668 max_observe_us=3719 d_paints=0 d_skips=50 d_ticks=1 window_ms=0
[host-play] slot liveghgfuq_0: queued mainland tele+setvar (scene 2)
test catalog_boundary_live has been running for over 60 seconds
[host] slot liveghgfuq_0: d_loop_us=28869 d_raster_us=0 d_observe_us=120429 max_observe_us=9987 d_paints=0 d_skips=50 d_ticks=27 window_ms=16135
{"phase":"baseline-after-preparation","scenario":"alcher_custom_name","account":"liveghgfuq_0","observation":{"ingame":true,"scene_state":2,"player":"Liveghgfuq 0","tile":[3185,3440,0],"tick":30,"items":{},"item_ids":{},"bank":{},"bank_ids":{},"bank_open":false,"bank_loaded":false,"bank_generation":2,"levels":{"-unused-":0,"agility":1,"attack":1,"cooking":1,"crafting":1,"defence":1,"firemaking":1,"fishing":1,"fletching":1,"herblore":1,"hitpoints":10,"magic":55,"mining":1,"prayer":1,"ranged":1,"runecraft":1,"slayer":1,"smithing":1,"strength":1,"thieving":1,"woodcutting":1},"xp":{"-unused-":0,"agility":0,"attack":0,"cooking":0,"crafting":0,"defence":0,"firemaking":0,"fishing":0,"fletching":0,"herblore":0,"hitpoints":1154,"magic":166636,"mining":0,"prayer":0,"ranged":0,"runecraft":0,"slayer":0,"smithing":0,"strength":0,"thieving":0,"woodcutting":0},"chat":[[7,"Inventory wiped."],[6,"set tutorial: to 1000"],[5,"Welcome to RuneScape."]]}}
[script liveghgfuq_0] start load
{"phase":"start","account":"liveghgfuq_0","count":1}
[host] hitch liveghgfuq_0: observe_us=108452 paints=0 skips=103 ticks=30
[script liveghgfuq_0] custom item: Adamant scimitar (adamant_scimitar, 1536gp each)
[script liveghgfuq_0] Alcher — High Level Alchemy on 1 item(s), richest first: Adamant scimitar
[script liveghgfuq_0] banking at Bank booth (Bank booth / Use-quickly)
[script liveghgfuq_0] interact OpenBooth { x: 3186, z: 3440, level: 0, id: 2213, name: Some("Bank booth"), action: Some("Use-quickly") }
[host] slot liveghgfuq_0: d_loop_us=1792 d_raster_us=0 d_observe_us=201834 max_observe_us=108452 d_paints=0 d_skips=50 d_ticks=4 window_ms=2988
[script liveghgfuq_0] interact Close
[shim-close] sent
[host] slot liveghgfuq_0: d_loop_us=1495 d_raster_us=0 d_observe_us=83896 max_observe_us=15229 d_paints=0 d_skips=50 d_ticks=2 window_ms=1180
[script liveghgfuq_0] interact Held { name: "Staff of fire", action: "Wield" }
[shim-held] Staff of fire Wield slot=0 -> sent
[host] slot liveghgfuq_0: d_loop_us=1436 d_raster_us=0 d_observe_us=73574 max_observe_us=8659 d_paints=0 d_skips=50 d_ticks=2 window_ms=1199
[script liveghgfuq_0] wore Staff of fire — casts need only Nature runes now
[script liveghgfuq_0] interact OpenBooth { x: 3186, z: 3440, level: 0, id: 2213, name: Some("Bank booth"), action: Some("Use-quickly") }
[host] slot liveghgfuq_0: d_loop_us=1430 d_raster_us=0 d_observe_us=66682 max_observe_us=10978 d_paints=0 d_skips=50 d_ticks=2 window_ms=1200
[script liveghgfuq_0] interact SetNoteMode { on: true }
[shim-note] on=true sent
[host] slot liveghgfuq_0: d_loop_us=1506 d_raster_us=0 d_observe_us=73020 max_observe_us=7540 d_paints=0 d_skips=50 d_ticks=2 window_ms=1199
[script liveghgfuq_0] withdrew 1 Adamant scimitar (noted, 1536gp each)
[host] slot liveghgfuq_0: d_loop_us=1211 d_raster_us=0 d_observe_us=55036 max_observe_us=9989 d_paints=0 d_skips=50 d_ticks=2 window_ms=1177
[script liveghgfuq_0] withdrew 1 Nature runes
[script liveghgfuq_0] interact Close
[shim-close] sent
[script liveghgfuq_0] restocked: 1 Adamant scimitar notes + 1 Nature runes
[host] slot liveghgfuq_0: d_loop_us=835 d_raster_us=0 d_observe_us=38415 max_observe_us=6561 d_paints=0 d_skips=50 d_ticks=2 window_ms=1179
[script liveghgfuq_0] interact SideTab { tab: 6 }
[script liveghgfuq_0] interact UseWidgetOn { component_id: 1178, kind: "held", target_name: Some("Adamant scimitar"), x: 0, z: 0, level: 0, index: None }
[host] slot liveghgfuq_0: d_loop_us=772 d_raster_us=0 d_observe_us=33489 max_observe_us=4161 d_paints=0 d_skips=50 d_ticks=2 window_ms=1208
PASS: catalog_boundary_live: {"scenario":"alcher_custom_name","runner":"Some(Evidence { scenario: \"alcher_custom_name\", outcome: \"PASS\", predicate: \"stat_xp_gain(6)>=65\", ticks: 57, elapsed_ms: 51409, message: None, tile: Some([3185, 3440, 0]), inv: [InvRow { id: 995, name: Some(\"Coins\"), count: 1536 }], stat: Some(StatRow { runenergy: 100 }), chat: [ChatRow { text: \"This item can not be withdrawn as a note.\", username: None }, ChatRow { text: \"Inventory wiped.\", username: None }, ChatRow { text: \"set tutorial: to 1000\", username: None }, ChatRow { text: \"Welcome to RuneScape.\", username: None }], scene: 2 })","core":{"case":"alcher_custom_name","baseline":{"ingame":true,"scene_state":2,"player":"Liveghgfuq 0","tile":[3185,3440,0],"tick":30,"items":{},"item_ids":{},"bank":{},"bank_ids":{},"bank_open":false,"bank_loaded":false,"bank_generation":2,"levels":{"-unused-":0,"agility":1,"attack":1,"cooking":1,"crafting":1,"defence":1,"firemaking":1,"fishing":1,"fletching":1,"herblore":1,"hitpoints":10,"magic":55,"mining":1,"prayer":1,"ranged":1,"runecraft":1,"slayer":1,"smithing":1,"strength":1,"thieving":1,"woodcutting":1},"xp":{"-unused-":0,"agility":0,"attack":0,"cooking":0,"crafting":0,"defence":0,"firemaking":0,"fishing":0,"fletching":0,"herblore":0,"hitpoints":1154,"magic":166636,"mining":0,"prayer":0,"ranged":0,"runecraft":0,"slayer":0,"smithing":0,"strength":0,"thieving":0,"woodcutting":0},"chat":[[7,"Inventory wiped."],[6,"set tutorial: to 1000"],[5,"Welcome to RuneScape."]]},"latest":{"ingame":true,"scene_state":2,"player":"Liveghgfuq 0","tile":[3185,3440,0],"tick":47,"items":{"Coins":1536},"item_ids":{"995":1536},"bank":{},"bank_ids":{},"bank_open":false,"bank_loaded":false,"bank_generation":6,"levels":{"-unused-":0,"agility":1,"attack":1,"cooking":1,"crafting":1,"defence":1,"firemaking":1,"fishing":1,"fletching":1,"herblore":1,"hitpoints":10,"magic":55,"mining":1,"prayer":1,"ranged":1,"runecraft":1,"slayer":1,"smithing":1,"strength":1,"thieving":1,"woodcutting":1},"xp":{"-unused-":0,"agility":0,"attack":0,"cooking":0,"crafting":0,"defence":0,"firemaking":0,"fishing":0,"fletching":0,"herblore":0,"hitpoints":1154,"magic":166701,"mining":0,"prayer":0,"ranged":0,"runecraft":0,"slayer":0,"smithing":0,"strength":0,"thieving":0,"woodcutting":0},"chat":[[8,"This item can not be withdrawn as a note."],[7,"Inventory wiped."],[6,"set tutorial: to 1000"],[5,"Welcome to RuneScape."]]},"max_items":{"Adamant scimitar":1,"Coins":1536,"Nature rune":1,"Staff of fire":1},"max_xp":{"-unused-":0,"agility":0,"attack":0,"cooking":0,"crafting":0,"defence":0,"firemaking":0,"fishing":0,"fletching":0,"herblore":0,"hitpoints":1154,"magic":166701,"mining":0,"prayer":0,"ranged":0,"runecraft":0,"slayer":0,"smithing":0,"strength":0,"thieving":0,"woodcutting":0},"saw_bury_chat":false,"post_start_observations":403,"bone_bank_cycle":{"first_batch_buried":false,"opened":null,"withdrawn":null,"buried_after_withdrawal":false},"bank_fletcher_cycle":{"first_pack_created":false,"deposited":null,"withdrawn":null,"crafted_after_withdrawal":false},"bank_fletcher_string_cycle":{"initial_pairs_strung":false,"deposited":null,"withdrawn":null,"strung_after_withdrawal":false},"bank_fletcher_cut_string_cycle":{"cut_pair_created":false,"deposited":null,"withdrawn":null,"string_pair_created":false},"alcher_generated_custom_cycle":{"withdrawn":{"ingame":true,"scene_state":2,"player":"Liveghgfuq 0","tile":[3185,3440,0],"tick":43,"items":{"Adamant scimitar":1,"Nature rune":1},"item_ids":{"561":1,"1332":1},"bank":{},"bank_ids":{},"bank_open":true,"bank_loaded":true,"bank_generation":5,"levels":{"-unused-":0,"agility":1,"attack":1,"cooking":1,"crafting":1,"defence":1,"firemaking":1,"fishing":1,"fletching":1,"herblore":1,"hitpoints":10,"magic":55,"mining":1,"prayer":1,"ranged":1,"runecraft":1,"slayer":1,"smithing":1,"strength":1,"thieving":1,"woodcutting":1},"xp":{"-unused-":0,"agility":0,"attack":0,"cooking":0,"crafting":0,"defence":0,"firemaking":0,"fishing":0,"fletching":0,"herblore":0,"hitpoints":1154,"magic":166636,"mining":0,"prayer":0,"ranged":0,"runecraft":0,"slayer":0,"smithing":0,"strength":0,"thieving":0,"woodcutting":0},"chat":[[8,"This item can not be withdrawn as a note."],[7,"Inventory wiped."],[6,"set tutorial: to 1000"],[5,"Welcome to RuneScape."]]},"consumed":true},"ordered_first_exhausted":false}}
test catalog_boundary_live ... ok

test result: ok. 1 passed; 0 failed; 0 ignored; 0 measured; 13 filtered out; finished in 75.96s

