
running 1 test
{"phase":"identity","revision":274,"profile":"local-274 · 127.0.0.1:43594 · revision 274","cache_id":"4aac9b63312dcb75d5de8f686772d083ba0808c57985438246edf21ef522be1c","nav_pack":"/Users/acfrazier/experiments/274bot/.worktrees/rs2b0t-multirevision/.superpowers/world-capabilities/274/274bot.navpack","nav_sha256":"05db24743e9f549ced16c1f00b87c30a390d3aaec391815da3f3563130b3bcd4","catalog_commit":"100adccc037d9f6898080e1cad58fcfc43364775","catalog_identity":"pre-289 frozen catalog","catalog_read_only_path":".superpowers/inputs/rs2b0t-100adccc037d9f6898080e1cad58fcfc43364775","catalog_root":"/Users/acfrazier/experiments/274bot/.worktrees/rs2b0t-multirevision/.superpowers/inputs/rs2b0t-100adccc037d9f6898080e1cad58fcfc43364775","registry_path":"/Users/acfrazier/experiments/274bot/.worktrees/rs2b0t-multirevision/.superpowers/inputs/rs2b0t-100adccc037d9f6898080e1cad58fcfc43364775/src/bot/scripts/index.ts","registry_sha256":"b614aedb3d5adfdfbac3760f082273f3cf5c33fffe4ced0f2b01490ae02d1bc2","card":{"card":"ArdyCakes","source_path":"/Users/acfrazier/experiments/274bot/.worktrees/rs2b0t-multirevision/.superpowers/inputs/rs2b0t-100adccc037d9f6898080e1cad58fcfc43364775/src/bot/scripts/ArdyCakes/ArdyCakes.ts","source_sha256":"f19ce19422c16e337fdc30678b93772054ee907a35297a1cd4a8f6fb062943d7","compiled_sha256":"5d93138a60f7176c0af7241018d5a83d5ea11951edd85e7827140df3bfafd529","siblings":[],"settings":{"guardResponse":"Flee","solveClues":false}},"account":"liveclrb4h_0","engine_speed_ms":null}
[host-play] slot liveclrb4h_0: thread up
274bot: loaded snapshot (4556 models, 336 anim records)
[host-play] slot liveclrb4h_0: handshake begin reconnect=false
[host-play] slot liveclrb4h_0: handshake ok
[host-play] slot liveclrb4h_0: queued mainland tele+setvar (scene 2)
[host] slot liveclrb4h_0: d_loop_us=10692 d_raster_us=0 d_observe_us=41212 max_observe_us=5016 d_paints=0 d_skips=50 d_ticks=5 window_ms=0
[host-play] slot liveclrb4h_0: handshake begin reconnect=true
[host-play] slot liveclrb4h_0: handshake ok
[host] slot liveclrb4h_0: d_loop_us=867 d_raster_us=0 d_observe_us=38144 max_observe_us=3570 d_paints=0 d_skips=50 d_ticks=1 window_ms=0
[host-play] slot liveclrb4h_0: queued mainland tele+setvar (scene 2)
{"phase":"baseline-after-preparation","scenario":"ardy_cakes","account":"liveclrb4h_0","observation":{"ingame":true,"scene_state":2,"player":"Liveclrb4h 0","tile":[2668,3312,0],"combat_level":10,"tick":18,"items":{},"item_ids":{},"bank":{},"bank_ids":{},"bank_open":false,"bank_loaded":false,"bank_generation":0,"levels":{"-unused-":0,"agility":1,"attack":1,"cooking":1,"crafting":1,"defence":1,"firemaking":1,"fishing":1,"fletching":1,"herblore":1,"hitpoints":40,"magic":1,"mining":1,"prayer":1,"ranged":1,"runecraft":1,"slayer":1,"smithing":1,"strength":1,"thieving":5,"woodcutting":1},"effective_levels":{"-unused-":0,"agility":1,"attack":1,"cooking":1,"crafting":1,"defence":1,"firemaking":1,"fishing":1,"fletching":1,"herblore":1,"hitpoints":40,"magic":1,"mining":1,"prayer":1,"ranged":1,"runecraft":1,"slayer":1,"smithing":1,"strength":1,"thieving":5,"woodcutting":1},"xp":{"-unused-":0,"agility":0,"attack":0,"cooking":0,"crafting":0,"defence":0,"firemaking":0,"fishing":0,"fletching":0,"herblore":0,"hitpoints":37224,"magic":0,"mining":0,"prayer":0,"ranged":0,"runecraft":0,"slayer":0,"smithing":0,"strength":0,"thieving":388,"woodcutting":0},"varps":{"309":0},"chat":[[7,"Inventory wiped."],[6,"set tutorial: to 1000"],[5,"Welcome to RuneScape."]],"loc_facts":[{"id":1530,"x":2669,"z":3316,"level":0,"name":"Door","open":true},{"id":1530,"x":2670,"z":3320,"level":0,"name":"Door","open":true},{"id":131,"x":2672,"z":3304,"level":0,"name":"Door","open":true},{"id":131,"x":2672,"z":3305,"level":0,"name":"Door","open":true},{"id":131,"x":2672,"z":3311,"level":0,"name":"Door","open":true},{"id":2551,"x":2674,"z":3304,"level":0,"name":"Door","open":true},{"id":2550,"x":2674,"z":3305,"level":0,"name":"Door","open":true},{"id":131,"x":2676,"z":3304,"level":0,"name":"Door","open":true},{"id":131,"x":2676,"z":3305,"level":0,"name":"Door","open":true}],"npc_facts":[],"ground_loot":[],"local_in_combat":false,"local_target_npc":null,"local_health":0,"local_animation":-1,"equipment_ids":{},"main_modal":-1,"widget_ids":[3213,3214]}}
[script liveclrb4h_0] start load
{"phase":"start","account":"liveclrb4h_0","count":1}
[host] hitch liveclrb4h_0: observe_us=89478 paints=0 skips=90 ticks=18
[script liveclrb4h_0] ArdyCakes starting — stand (2668, 3312, 0), bank (2655, 3286, 0), flee mode
[script liveclrb4h_0] interact Loc { x: 2667, z: 3310, level: 0, action: "Steal from", id: Some(2561) }
[host] slot liveclrb4h_0: d_loop_us=17888 d_raster_us=0 d_observe_us=161256 max_observe_us=89478 d_paints=0 d_skips=50 d_ticks=18 window_ms=11014
[host] slot liveclrb4h_0: d_loop_us=1326 d_raster_us=0 d_observe_us=74046 max_observe_us=14099 d_paints=0 d_skips=50 d_ticks=2 window_ms=1196
[script liveclrb4h_0] guard caught the steal — handling per guardResponse
[host] slot liveclrb4h_0: d_loop_us=1656 d_raster_us=0 d_observe_us=74824 max_observe_us=13248 d_paints=0 d_skips=50 d_ticks=2 window_ms=1195
[script liveclrb4h_0] combat — kiting the guard to 2655,3298
[script liveclrb4h_0] interact Walk { x: 2655, z: 3298, level: 0, allow_teleports: false }
[nav-follow] here=WorldTile { x: 2668, z: 3312, level: 0 } walk=true transport=false leg=0 hops=1 outcome=None
[host] slot liveclrb4h_0: d_loop_us=1602 d_raster_us=0 d_observe_us=80932 max_observe_us=15648 d_paints=0 d_skips=50 d_ticks=2 window_ms=1191
[nav-walk] here=WorldTile { x: 2666, z: 3312, level: 0 } aim=WorldTile { x: 2655, z: 3298, level: 0 } radius=0 ticks_waited=0 sent_tile=Some(WorldTile { x: 2668, z: 3312, level: 0 })
[nav-follow] here=WorldTile { x: 2666, z: 3312, level: 0 } walk=true transport=false leg=0 hops=1 outcome=None
[host] hitch liveclrb4h_0: observe_us=30080 paints=0 skips=265 ticks=26
[nav-walk] here=WorldTile { x: 2666, z: 3310, level: 0 } aim=WorldTile { x: 2655, z: 3298, level: 0 } radius=0 ticks_waited=1 sent_tile=Some(WorldTile { x: 2668, z: 3312, level: 0 })
[nav-follow] here=WorldTile { x: 2666, z: 3310, level: 0 } walk=true transport=false leg=0 hops=1 outcome=None
[host] hitch liveclrb4h_0: observe_us=29589 paints=0 skips=290 ticks=27
[host] slot liveclrb4h_0: d_loop_us=1782 d_raster_us=0 d_observe_us=113563 max_observe_us=30080 d_paints=0 d_skips=50 d_ticks=2 window_ms=1205
[nav-walk] here=WorldTile { x: 2665, z: 3308, level: 0 } aim=WorldTile { x: 2655, z: 3298, level: 0 } radius=0 ticks_waited=2 sent_tile=Some(WorldTile { x: 2668, z: 3312, level: 0 })
[nav-follow] here=WorldTile { x: 2665, z: 3308, level: 0 } walk=true transport=false leg=0 hops=1 outcome=None
[host] hitch liveclrb4h_0: observe_us=29813 paints=0 skips=315 ticks=28
[nav-walk] here=WorldTile { x: 2663, z: 3306, level: 0 } aim=WorldTile { x: 2655, z: 3298, level: 0 } radius=0 ticks_waited=3 sent_tile=Some(WorldTile { x: 2668, z: 3312, level: 0 })
[nav-follow] here=WorldTile { x: 2663, z: 3306, level: 0 } walk=true transport=false leg=0 hops=1 outcome=None
[host] hitch liveclrb4h_0: observe_us=19576 paints=0 skips=339 ticks=29
[host] slot liveclrb4h_0: d_loop_us=1338 d_raster_us=0 d_observe_us=97572 max_observe_us=29813 d_paints=0 d_skips=50 d_ticks=2 window_ms=1199
[nav-walk] here=WorldTile { x: 2661, z: 3304, level: 0 } aim=WorldTile { x: 2655, z: 3298, level: 0 } radius=0 ticks_waited=4 sent_tile=Some(WorldTile { x: 2668, z: 3312, level: 0 })
[nav-follow] here=WorldTile { x: 2661, z: 3304, level: 0 } walk=true transport=false leg=0 hops=1 outcome=None
[host] hitch liveclrb4h_0: observe_us=16503 paints=0 skips=365 ticks=30
[nav-walk] here=WorldTile { x: 2659, z: 3302, level: 0 } aim=WorldTile { x: 2655, z: 3298, level: 0 } radius=0 ticks_waited=5 sent_tile=Some(WorldTile { x: 2668, z: 3312, level: 0 })
[nav-follow] here=WorldTile { x: 2659, z: 3302, level: 0 } walk=true transport=false leg=0 hops=1 outcome=None
[host] hitch liveclrb4h_0: observe_us=19219 paints=0 skips=390 ticks=31
[host] slot liveclrb4h_0: d_loop_us=1413 d_raster_us=0 d_observe_us=74824 max_observe_us=19219 d_paints=0 d_skips=50 d_ticks=2 window_ms=1179
[nav-walk] here=WorldTile { x: 2657, z: 3300, level: 0 } aim=WorldTile { x: 2655, z: 3298, level: 0 } radius=0 ticks_waited=6 sent_tile=Some(WorldTile { x: 2668, z: 3312, level: 0 })
[nav-follow] here=WorldTile { x: 2657, z: 3300, level: 0 } walk=true transport=false leg=0 hops=1 outcome=None
[host] hitch liveclrb4h_0: observe_us=21631 paints=0 skips=415 ticks=32
[nav-walk] here=WorldTile { x: 2655, z: 3298, level: 0 } aim=WorldTile { x: 2655, z: 3298, level: 0 } radius=0 ticks_waited=7 sent_tile=Some(WorldTile { x: 2668, z: 3312, level: 0 })
[nav-follow] here=WorldTile { x: 2655, z: 3298, level: 0 } walk=false transport=false leg=1 hops=1 outcome=Some(Arrived { at: WorldTile { x: 2655, z: 3298, level: 0 } })
[host] hitch liveclrb4h_0: observe_us=31607 paints=0 skips=441 ticks=33
[host] slot liveclrb4h_0: d_loop_us=1309 d_raster_us=0 d_observe_us=105793 max_observe_us=31607 d_paints=0 d_skips=50 d_ticks=2 window_ms=1188
[host] slot liveclrb4h_0: d_loop_us=2045 d_raster_us=0 d_observe_us=64006 max_observe_us=10057 d_paints=0 d_skips=50 d_ticks=2 window_ms=1173
[host] slot liveclrb4h_0: d_loop_us=1060 d_raster_us=0 d_observe_us=61926 max_observe_us=10560 d_paints=0 d_skips=50 d_ticks=2 window_ms=1176
[host] slot liveclrb4h_0: d_loop_us=1334 d_raster_us=0 d_observe_us=80100 max_observe_us=12308 d_paints=0 d_skips=50 d_ticks=2 window_ms=1171
[script liveclrb4h_0] steal pass made no progress — re-entering
[script liveclrb4h_0] steal pass made no progress — re-entering
[host] slot liveclrb4h_0: d_loop_us=1205 d_raster_us=0 d_observe_us=66613 max_observe_us=12065 d_paints=0 d_skips=50 d_ticks=2 window_ms=1163
[script liveclrb4h_0] steal pass made no progress — re-entering
[script liveclrb4h_0] steal pass made no progress — re-entering
[host] slot liveclrb4h_0: d_loop_us=1050 d_raster_us=0 d_observe_us=65968 max_observe_us=11797 d_paints=0 d_skips=50 d_ticks=2 window_ms=1179
[script liveclrb4h_0] steal pass made no progress — re-entering
[script liveclrb4h_0] steal pass made no progress — re-entering
[host] slot liveclrb4h_0: d_loop_us=992 d_raster_us=0 d_observe_us=61786 max_observe_us=12267 d_paints=0 d_skips=50 d_ticks=2 window_ms=1183
[script liveclrb4h_0] steal pass made no progress — re-entering
[script liveclrb4h_0] steal pass made no progress — re-entering
[host] slot liveclrb4h_0: d_loop_us=1195 d_raster_us=0 d_observe_us=75783 max_observe_us=14255 d_paints=0 d_skips=50 d_ticks=2 window_ms=1176
[script liveclrb4h_0] steal pass made no progress — re-entering
[script liveclrb4h_0] interact WalkTo { x: 2668, z: 3312, level: 0 }
[host] slot liveclrb4h_0: d_loop_us=1107 d_raster_us=0 d_observe_us=74932 max_observe_us=12265 d_paints=0 d_skips=50 d_ticks=2 window_ms=1192
[host] hitch liveclrb4h_0: observe_us=28762 paints=0 skips=874 ticks=50
[host] hitch liveclrb4h_0: observe_us=22473 paints=0 skips=899 ticks=51
[host] slot liveclrb4h_0: d_loop_us=1208 d_raster_us=0 d_observe_us=106538 max_observe_us=28762 d_paints=0 d_skips=50 d_ticks=2 window_ms=1206
[host] hitch liveclrb4h_0: observe_us=23748 paints=0 skips=924 ticks=52
[host] hitch liveclrb4h_0: observe_us=16322 paints=0 skips=949 ticks=53
[host] slot liveclrb4h_0: d_loop_us=1112 d_raster_us=0 d_observe_us=77657 max_observe_us=23748 d_paints=0 d_skips=50 d_ticks=2 window_ms=1186
[host] hitch liveclrb4h_0: observe_us=17880 paints=0 skips=974 ticks=54
[host] slot liveclrb4h_0: d_loop_us=1160 d_raster_us=0 d_observe_us=52417 max_observe_us=17880 d_paints=0 d_skips=50 d_ticks=2 window_ms=1166
[host] hitch liveclrb4h_0: observe_us=23048 paints=0 skips=1000 ticks=55
[host] hitch liveclrb4h_0: observe_us=22511 paints=0 skips=1025 ticks=56
[host] slot liveclrb4h_0: d_loop_us=1161 d_raster_us=0 d_observe_us=97087 max_observe_us=23048 d_paints=0 d_skips=50 d_ticks=1 window_ms=1178
[host] hitch liveclrb4h_0: observe_us=25189 paints=0 skips=1051 ticks=57
[script liveclrb4h_0] interact Loc { x: 2667, z: 3310, level: 0, action: "Steal from", id: Some(2561) }
[host] slot liveclrb4h_0: d_loop_us=1159 d_raster_us=0 d_observe_us=72918 max_observe_us=25189 d_paints=0 d_skips=50 d_ticks=2 window_ms=1199
[host] slot liveclrb4h_0: d_loop_us=1292 d_raster_us=0 d_observe_us=80799 max_observe_us=14443 d_paints=0 d_skips=50 d_ticks=2 window_ms=1171
[script liveclrb4h_0] steal pass made no progress — re-entering
[host] slot liveclrb4h_0: d_loop_us=1094 d_raster_us=0 d_observe_us=73126 max_observe_us=15159 d_paints=0 d_skips=50 d_ticks=2 window_ms=1169
[script liveclrb4h_0] interact Loc { x: 2667, z: 3310, level: 0, action: "Steal from", id: Some(2561) }
[host] slot liveclrb4h_0: d_loop_us=1122 d_raster_us=0 d_observe_us=85433 max_observe_us=15321 d_paints=0 d_skips=50 d_ticks=2 window_ms=1192
[host] slot liveclrb4h_0: d_loop_us=1092 d_raster_us=0 d_observe_us=65765 max_observe_us=13034 d_paints=0 d_skips=50 d_ticks=2 window_ms=1183
[script liveclrb4h_0] steal pass made no progress — re-entering
[script liveclrb4h_0] combat — kiting the guard to 2655,3298
[script liveclrb4h_0] interact Walk { x: 2655, z: 3298, level: 0, allow_teleports: false }
[host] slot liveclrb4h_0: d_loop_us=1625 d_raster_us=0 d_observe_us=80693 max_observe_us=13889 d_paints=0 d_skips=50 d_ticks=2 window_ms=1190
[nav-follow] here=WorldTile { x: 2668, z: 3312, level: 0 } walk=true transport=false leg=0 hops=1 outcome=None
[nav-walk] here=WorldTile { x: 2666, z: 3312, level: 0 } aim=WorldTile { x: 2655, z: 3298, level: 0 } radius=0 ticks_waited=0 sent_tile=Some(WorldTile { x: 2668, z: 3312, level: 0 })
[nav-follow] here=WorldTile { x: 2666, z: 3312, level: 0 } walk=true transport=false leg=0 hops=1 outcome=None
[host] hitch liveclrb4h_0: observe_us=26188 paints=0 skips=1379 ticks=70
[host] slot liveclrb4h_0: d_loop_us=1204 d_raster_us=0 d_observe_us=83456 max_observe_us=26188 d_paints=0 d_skips=50 d_ticks=2 window_ms=1199
[nav-walk] here=WorldTile { x: 2666, z: 3310, level: 0 } aim=WorldTile { x: 2655, z: 3298, level: 0 } radius=0 ticks_waited=1 sent_tile=Some(WorldTile { x: 2668, z: 3312, level: 0 })
[nav-follow] here=WorldTile { x: 2666, z: 3310, level: 0 } walk=true transport=false leg=0 hops=1 outcome=None
[host] hitch liveclrb4h_0: observe_us=27873 paints=0 skips=1405 ticks=71
[nav-walk] here=WorldTile { x: 2665, z: 3308, level: 0 } aim=WorldTile { x: 2655, z: 3298, level: 0 } radius=0 ticks_waited=2 sent_tile=Some(WorldTile { x: 2668, z: 3312, level: 0 })
[nav-follow] here=WorldTile { x: 2665, z: 3308, level: 0 } walk=true transport=false leg=0 hops=1 outcome=None
[host] hitch liveclrb4h_0: observe_us=26391 paints=0 skips=1429 ticks=72
[host] slot liveclrb4h_0: d_loop_us=1092 d_raster_us=0 d_observe_us=98078 max_observe_us=27873 d_paints=0 d_skips=50 d_ticks=2 window_ms=1200
[nav-walk] here=WorldTile { x: 2663, z: 3306, level: 0 } aim=WorldTile { x: 2655, z: 3298, level: 0 } radius=0 ticks_waited=3 sent_tile=Some(WorldTile { x: 2668, z: 3312, level: 0 })
[nav-follow] here=WorldTile { x: 2663, z: 3306, level: 0 } walk=true transport=false leg=0 hops=1 outcome=None
[host] hitch liveclrb4h_0: observe_us=31062 paints=0 skips=1455 ticks=73
[nav-walk] here=WorldTile { x: 2661, z: 3304, level: 0 } aim=WorldTile { x: 2655, z: 3298, level: 0 } radius=0 ticks_waited=4 sent_tile=Some(WorldTile { x: 2668, z: 3312, level: 0 })
[nav-follow] here=WorldTile { x: 2661, z: 3304, level: 0 } walk=true transport=false leg=0 hops=1 outcome=None
[host] hitch liveclrb4h_0: observe_us=24744 paints=0 skips=1480 ticks=74
[host] slot liveclrb4h_0: d_loop_us=1247 d_raster_us=0 d_observe_us=111640 max_observe_us=31062 d_paints=0 d_skips=50 d_ticks=2 window_ms=1197
[nav-walk] here=WorldTile { x: 2659, z: 3302, level: 0 } aim=WorldTile { x: 2655, z: 3298, level: 0 } radius=0 ticks_waited=5 sent_tile=Some(WorldTile { x: 2668, z: 3312, level: 0 })
[nav-follow] here=WorldTile { x: 2659, z: 3302, level: 0 } walk=true transport=false leg=0 hops=1 outcome=None
[host] hitch liveclrb4h_0: observe_us=29197 paints=0 skips=1505 ticks=75
[nav-walk] here=WorldTile { x: 2657, z: 3300, level: 0 } aim=WorldTile { x: 2655, z: 3298, level: 0 } radius=0 ticks_waited=6 sent_tile=Some(WorldTile { x: 2668, z: 3312, level: 0 })
[nav-follow] here=WorldTile { x: 2657, z: 3300, level: 0 } walk=true transport=false leg=0 hops=1 outcome=None
[host] hitch liveclrb4h_0: observe_us=28292 paints=0 skips=1530 ticks=76
test catalog_boundary_live has been running for over 60 seconds
[host] slot liveclrb4h_0: d_loop_us=1195 d_raster_us=0 d_observe_us=110802 max_observe_us=29197 d_paints=0 d_skips=50 d_ticks=2 window_ms=1195
[nav-walk] here=WorldTile { x: 2655, z: 3298, level: 0 } aim=WorldTile { x: 2655, z: 3298, level: 0 } radius=0 ticks_waited=7 sent_tile=Some(WorldTile { x: 2668, z: 3312, level: 0 })
[nav-follow] here=WorldTile { x: 2655, z: 3298, level: 0 } walk=false transport=false leg=1 hops=1 outcome=Some(Arrived { at: WorldTile { x: 2655, z: 3298, level: 0 } })
[host] hitch liveclrb4h_0: observe_us=26224 paints=0 skips=1555 ticks=77
[host] slot liveclrb4h_0: d_loop_us=1042 d_raster_us=0 d_observe_us=76452 max_observe_us=26224 d_paints=0 d_skips=50 d_ticks=2 window_ms=1191
[host] slot liveclrb4h_0: d_loop_us=989 d_raster_us=0 d_observe_us=66966 max_observe_us=13995 d_paints=0 d_skips=50 d_ticks=2 window_ms=1174
[host] slot liveclrb4h_0: d_loop_us=975 d_raster_us=0 d_observe_us=61905 max_observe_us=13624 d_paints=0 d_skips=50 d_ticks=2 window_ms=1195
[host] slot liveclrb4h_0: d_loop_us=1079 d_raster_us=0 d_observe_us=66632 max_observe_us=13491 d_paints=0 d_skips=50 d_ticks=2 window_ms=1179
[script liveclrb4h_0] steal pass made no progress — re-entering
[script liveclrb4h_0] steal pass made no progress — re-entering
[host] slot liveclrb4h_0: d_loop_us=1137 d_raster_us=0 d_observe_us=63231 max_observe_us=11746 d_paints=0 d_skips=50 d_ticks=2 window_ms=1191
[script liveclrb4h_0] steal pass made no progress — re-entering
[script liveclrb4h_0] steal pass made no progress — re-entering
[host] slot liveclrb4h_0: d_loop_us=990 d_raster_us=0 d_observe_us=68020 max_observe_us=12586 d_paints=0 d_skips=50 d_ticks=2 window_ms=1191
[script liveclrb4h_0] steal pass made no progress — re-entering
[script liveclrb4h_0] steal pass made no progress — re-entering
[host] slot liveclrb4h_0: d_loop_us=1137 d_raster_us=0 d_observe_us=66727 max_observe_us=11403 d_paints=0 d_skips=50 d_ticks=2 window_ms=1157
[script liveclrb4h_0] steal pass made no progress — re-entering
[script liveclrb4h_0] steal pass made no progress — re-entering
[host] slot liveclrb4h_0: d_loop_us=1101 d_raster_us=0 d_observe_us=68085 max_observe_us=11544 d_paints=0 d_skips=50 d_ticks=2 window_ms=1181
[script liveclrb4h_0] steal pass made no progress — re-entering
[script liveclrb4h_0] interact WalkTo { x: 2668, z: 3312, level: 0 }
[host] slot liveclrb4h_0: d_loop_us=1201 d_raster_us=0 d_observe_us=87671 max_observe_us=12635 d_paints=0 d_skips=50 d_ticks=2 window_ms=1164
[host] hitch liveclrb4h_0: observe_us=20822 paints=0 skips=2012 ticks=95
[host] hitch liveclrb4h_0: observe_us=18037 paints=0 skips=2038 ticks=96
[host] slot liveclrb4h_0: d_loop_us=1292 d_raster_us=0 d_observe_us=101766 max_observe_us=20822 d_paints=0 d_skips=50 d_ticks=2 window_ms=1189
[host] hitch liveclrb4h_0: observe_us=23032 paints=0 skips=2063 ticks=97
[host] hitch liveclrb4h_0: observe_us=20843 paints=0 skips=2089 ticks=98
[host] slot liveclrb4h_0: d_loop_us=1131 d_raster_us=0 d_observe_us=94757 max_observe_us=23032 d_paints=0 d_skips=50 d_ticks=2 window_ms=1179
[host] hitch liveclrb4h_0: observe_us=24633 paints=0 skips=2114 ticks=99
[host] hitch liveclrb4h_0: observe_us=27053 paints=0 skips=2139 ticks=100
[host] slot liveclrb4h_0: d_loop_us=1326 d_raster_us=0 d_observe_us=120643 max_observe_us=27053 d_paints=0 d_skips=50 d_ticks=2 window_ms=1186
[host] hitch liveclrb4h_0: observe_us=24687 paints=0 skips=2164 ticks=101
[host] hitch liveclrb4h_0: observe_us=16512 paints=0 skips=2189 ticks=102
[script liveclrb4h_0] interact Loc { x: 2667, z: 3310, level: 0, action: "Steal from", id: Some(2561) }
[host] slot liveclrb4h_0: d_loop_us=1054 d_raster_us=0 d_observe_us=94991 max_observe_us=24687 d_paints=0 d_skips=50 d_ticks=2 window_ms=1200
[host] slot liveclrb4h_0: d_loop_us=892 d_raster_us=0 d_observe_us=45759 max_observe_us=8342 d_paints=0 d_skips=50 d_ticks=2 window_ms=1187
[host] slot liveclrb4h_0: d_loop_us=895 d_raster_us=0 d_observe_us=44706 max_observe_us=7999 d_paints=0 d_skips=50 d_ticks=2 window_ms=1170
[script liveclrb4h_0] guard caught the steal — handling per guardResponse
[script liveclrb4h_0] combat — kiting the guard to 2655,3298
[script liveclrb4h_0] interact Walk { x: 2655, z: 3298, level: 0, allow_teleports: false }
[host] slot liveclrb4h_0: d_loop_us=847 d_raster_us=0 d_observe_us=44655 max_observe_us=7838 d_paints=0 d_skips=50 d_ticks=2 window_ms=1197
[nav-follow] here=WorldTile { x: 2668, z: 3312, level: 0 } walk=true transport=false leg=0 hops=1 outcome=None
[nav-walk] here=WorldTile { x: 2666, z: 3312, level: 0 } aim=WorldTile { x: 2655, z: 3298, level: 0 } radius=0 ticks_waited=0 sent_tile=Some(WorldTile { x: 2668, z: 3312, level: 0 })
[nav-follow] here=WorldTile { x: 2666, z: 3312, level: 0 } walk=true transport=false leg=0 hops=1 outcome=None
[host] hitch liveclrb4h_0: observe_us=16234 paints=0 skips=2391 ticks=110
[host] slot liveclrb4h_0: d_loop_us=864 d_raster_us=0 d_observe_us=53105 max_observe_us=16234 d_paints=0 d_skips=50 d_ticks=2 window_ms=1177
[nav-walk] here=WorldTile { x: 2666, z: 3310, level: 0 } aim=WorldTile { x: 2655, z: 3298, level: 0 } radius=0 ticks_waited=1 sent_tile=Some(WorldTile { x: 2668, z: 3312, level: 0 })
[nav-follow] here=WorldTile { x: 2666, z: 3310, level: 0 } walk=true transport=false leg=0 hops=1 outcome=None
[host] hitch liveclrb4h_0: observe_us=19079 paints=0 skips=2417 ticks=111
[nav-walk] here=WorldTile { x: 2665, z: 3308, level: 0 } aim=WorldTile { x: 2655, z: 3298, level: 0 } radius=0 ticks_waited=2 sent_tile=Some(WorldTile { x: 2668, z: 3312, level: 0 })
[nav-follow] here=WorldTile { x: 2665, z: 3308, level: 0 } walk=true transport=false leg=0 hops=1 outcome=None
[host] hitch liveclrb4h_0: observe_us=21016 paints=0 skips=2443 ticks=112
[host] slot liveclrb4h_0: d_loop_us=894 d_raster_us=0 d_observe_us=71527 max_observe_us=21016 d_paints=0 d_skips=50 d_ticks=2 window_ms=1178
[nav-walk] here=WorldTile { x: 2663, z: 3306, level: 0 } aim=WorldTile { x: 2655, z: 3298, level: 0 } radius=0 ticks_waited=3 sent_tile=Some(WorldTile { x: 2668, z: 3312, level: 0 })
[nav-follow] here=WorldTile { x: 2663, z: 3306, level: 0 } walk=true transport=false leg=0 hops=1 outcome=None
[host] hitch liveclrb4h_0: observe_us=22951 paints=0 skips=2468 ticks=113
[nav-walk] here=WorldTile { x: 2661, z: 3304, level: 0 } aim=WorldTile { x: 2655, z: 3298, level: 0 } radius=0 ticks_waited=4 sent_tile=Some(WorldTile { x: 2668, z: 3312, level: 0 })
[nav-follow] here=WorldTile { x: 2661, z: 3304, level: 0 } walk=true transport=false leg=0 hops=1 outcome=None
[host] hitch liveclrb4h_0: observe_us=21206 paints=0 skips=2493 ticks=114
[host] slot liveclrb4h_0: d_loop_us=1014 d_raster_us=0 d_observe_us=80538 max_observe_us=22951 d_paints=0 d_skips=50 d_ticks=2 window_ms=1187
[nav-walk] here=WorldTile { x: 2659, z: 3302, level: 0 } aim=WorldTile { x: 2655, z: 3298, level: 0 } radius=0 ticks_waited=5 sent_tile=Some(WorldTile { x: 2668, z: 3312, level: 0 })
[nav-follow] here=WorldTile { x: 2659, z: 3302, level: 0 } walk=true transport=false leg=0 hops=1 outcome=None
[host] hitch liveclrb4h_0: observe_us=26362 paints=0 skips=2518 ticks=115
[nav-walk] here=WorldTile { x: 2657, z: 3300, level: 0 } aim=WorldTile { x: 2655, z: 3298, level: 0 } radius=0 ticks_waited=6 sent_tile=Some(WorldTile { x: 2668, z: 3312, level: 0 })
[nav-follow] here=WorldTile { x: 2657, z: 3300, level: 0 } walk=true transport=false leg=0 hops=1 outcome=None
[host] hitch liveclrb4h_0: observe_us=24021 paints=0 skips=2544 ticks=116
[host] slot liveclrb4h_0: d_loop_us=2605 d_raster_us=0 d_observe_us=114138 max_observe_us=26362 d_paints=0 d_skips=50 d_ticks=2 window_ms=1190
[nav-walk] here=WorldTile { x: 2655, z: 3298, level: 0 } aim=WorldTile { x: 2655, z: 3298, level: 0 } radius=0 ticks_waited=7 sent_tile=Some(WorldTile { x: 2668, z: 3312, level: 0 })
[nav-follow] here=WorldTile { x: 2655, z: 3298, level: 0 } walk=false transport=false leg=1 hops=1 outcome=Some(Arrived { at: WorldTile { x: 2655, z: 3298, level: 0 } })
[host] hitch liveclrb4h_0: observe_us=20580 paints=0 skips=2568 ticks=117
[host] slot liveclrb4h_0: d_loop_us=1090 d_raster_us=0 d_observe_us=72324 max_observe_us=20580 d_paints=0 d_skips=50 d_ticks=2 window_ms=1188
[host] slot liveclrb4h_0: d_loop_us=1921 d_raster_us=0 d_observe_us=113751 max_observe_us=13156 d_paints=0 d_skips=50 d_ticks=2 window_ms=1146
[host] slot liveclrb4h_0: d_loop_us=2004 d_raster_us=0 d_observe_us=127772 max_observe_us=14187 d_paints=0 d_skips=50 d_ticks=2 window_ms=1140
[host] slot liveclrb4h_0: d_loop_us=1461 d_raster_us=0 d_observe_us=82679 max_observe_us=10079 d_paints=0 d_skips=50 d_ticks=1 window_ms=1148
[script liveclrb4h_0] steal pass made no progress — re-entering
[script liveclrb4h_0] steal pass made no progress — re-entering
[host] slot liveclrb4h_0: d_loop_us=1362 d_raster_us=0 d_observe_us=74894 max_observe_us=9586 d_paints=0 d_skips=50 d_ticks=2 window_ms=1176
[script liveclrb4h_0] steal pass made no progress — re-entering
[script liveclrb4h_0] steal pass made no progress — re-entering
[host] slot liveclrb4h_0: d_loop_us=1787 d_raster_us=0 d_observe_us=100122 max_observe_us=13485 d_paints=0 d_skips=50 d_ticks=2 window_ms=1165
[script liveclrb4h_0] steal pass made no progress — re-entering
[script liveclrb4h_0] steal pass made no progress — re-entering
[host] slot liveclrb4h_0: d_loop_us=1144 d_raster_us=0 d_observe_us=70874 max_observe_us=11305 d_paints=0 d_skips=50 d_ticks=2 window_ms=1170
[script liveclrb4h_0] steal pass made no progress — re-entering
[script liveclrb4h_0] steal pass made no progress — re-entering
[host] slot liveclrb4h_0: d_loop_us=1240 d_raster_us=0 d_observe_us=88738 max_observe_us=12364 d_paints=0 d_skips=50 d_ticks=2 window_ms=1116
[script liveclrb4h_0] steal pass made no progress — re-entering
[script liveclrb4h_0] interact WalkTo { x: 2668, z: 3312, level: 0 }
[host] slot liveclrb4h_0: d_loop_us=1198 d_raster_us=0 d_observe_us=62013 max_observe_us=8835 d_paints=0 d_skips=50 d_ticks=2 window_ms=1173
[host] hitch liveclrb4h_0: observe_us=18951 paints=0 skips=3009 ticks=134
FAIL: catalog_boundary_live: scenario failed: step 11 (watch Thieving XP from Baker's stall after Start): stat_xp_gain(17)>=1 not seen within 150 ticks; evidence=Some(Evidence { scenario: "ardy_cakes", outcome: "FAIL", predicate: "stat_xp_gain(17)>=1", ticks: 165, elapsed_ms: 91610, message: Some("step 11 (watch Thieving XP from Baker's stall after Start): stat_xp_gain(17)>=1 not seen within 150 ticks"), tile: Some([2657, 3300, 0]), inv: [], stat: Some(StatRow { runenergy: 78 }), chat: [ChatRow { text: "Inventory wiped.", username: None }, ChatRow { text: "set tutorial: to 1000", username: None }, ChatRow { text: "Welcome to RuneScape.", username: None }], scene: 2 }); core={"error":"ardy_cakes core post-Start delta incomplete","witness":{"case":"ardy_cakes","baseline":{"ingame":true,"scene_state":2,"player":"Liveclrb4h 0","tile":[2668,3312,0],"combat_level":10,"tick":18,"items":{},"item_ids":{},"bank":{},"bank_ids":{},"bank_open":false,"bank_loaded":false,"bank_generation":0,"levels":{"-unused-":0,"agility":1,"attack":1,"cooking":1,"crafting":1,"defence":1,"firemaking":1,"fishing":1,"fletching":1,"herblore":1,"hitpoints":40,"magic":1,"mining":1,"prayer":1,"ranged":1,"runecraft":1,"slayer":1,"smithing":1,"strength":1,"thieving":5,"woodcutting":1},"effective_levels":{"-unused-":0,"agility":1,"attack":1,"cooking":1,"crafting":1,"defence":1,"firemaking":1,"fishing":1,"fletching":1,"herblore":1,"hitpoints":40,"magic":1,"mining":1,"prayer":1,"ranged":1,"runecraft":1,"slayer":1,"smithing":1,"strength":1,"thieving":5,"woodcutting":1},"xp":{"-unused-":0,"agility":0,"attack":0,"cooking":0,"crafting":0,"defence":0,"firemaking":0,"fishing":0,"fletching":0,"herblore":0,"hitpoints":37224,"magic":0,"mining":0,"prayer":0,"ranged":0,"runecraft":0,"slayer":0,"smithing":0,"strength":0,"thieving":388,"woodcutting":0},"varps":{"309":0},"chat":[[7,"Inventory wiped."],[6,"set tutorial: to 1000"],[5,"Welcome to RuneScape."]],"loc_facts":[{"id":1530,"x":2669,"z":3316,"level":0,"name":"Door","open":true},{"id":1530,"x":2670,"z":3320,"level":0,"name":"Door","open":true},{"id":131,"x":2672,"z":3304,"level":0,"name":"Door","open":true},{"id":131,"x":2672,"z":3305,"level":0,"name":"Door","open":true},{"id":131,"x":2672,"z":3311,"level":0,"name":"Door","open":true},{"id":2551,"x":2674,"z":3304,"level":0,"name":"Door","open":true},{"id":2550,"x":2674,"z":3305,"level":0,"name":"Door","open":true},{"id":131,"x":2676,"z":3304,"level":0,"name":"Door","open":true},{"id":131,"x":2676,"z":3305,"level":0,"name":"Door","open":true}],"npc_facts":[],"ground_loot":[],"local_in_combat":false,"local_target_npc":null,"local_health":0,"local_animation":-1,"equipment_ids":{},"main_modal":-1,"widget_ids":[3213,3214]},"latest":{"ingame":true,"scene_state":2,"player":"Liveclrb4h 0","tile":[2657,3300,0],"combat_level":10,"tick":134,"items":{},"item_ids":{},"bank":{},"bank_ids":{},"bank_open":false,"bank_loaded":false,"bank_generation":0,"levels":{"-unused-":0,"agility":1,"attack":1,"cooking":1,"crafting":1,"defence":1,"firemaking":1,"fishing":1,"fletching":1,"herblore":1,"hitpoints":40,"magic":1,"mining":1,"prayer":1,"ranged":1,"runecraft":1,"slayer":1,"smithing":1,"strength":1,"thieving":5,"woodcutting":1},"effective_levels":{"-unused-":0,"agility":1,"attack":1,"cooking":1,"crafting":1,"defence":1,"firemaking":1,"fishing":1,"fletching":1,"herblore":1,"hitpoints":37,"magic":1,"mining":1,"prayer":1,"ranged":1,"runecraft":1,"slayer":1,"smithing":1,"strength":1,"thieving":5,"woodcutting":1},"xp":{"-unused-":0,"agility":0,"attack":0,"cooking":0,"crafting":0,"defence":0,"firemaking":0,"fishing":0,"fletching":0,"herblore":0,"hitpoints":37224,"magic":0,"mining":0,"prayer":0,"ranged":0,"runecraft":0,"slayer":0,"smithing":0,"strength":0,"thieving":388,"woodcutting":0},"varps":{"309":0},"chat":[[7,"Inventory wiped."],[6,"set tutorial: to 1000"],[5,"Welcome to RuneScape."]],"loc_facts":[{"id":1530,"x":2650,"z":3297,"level":0,"name":"Door","open":true},{"id":1530,"x":2650,"z":3305,"level":0,"name":"Door","open":true},{"id":1534,"x":2653,"z":3296,"level":0,"name":"Door","open":false},{"id":1530,"x":2656,"z":3292,"level":0,"name":"Door","open":true}],"npc_facts":[{"index":3556,"name":"Guard","health":22,"total_health":22,"animation":-1,"in_combat":false,"targeting_local":false,"tile":[2660,3308,0],"distance":8},{"index":3555,"name":"Guard","health":22,"total_health":22,"animation":-1,"in_combat":false,"targeting_local":false,"tile":[2659,3303,0],"distance":3},{"index":3559,"name":"Guard","health":0,"total_health":0,"animation":-1,"in_combat":false,"targeting_local":false,"tile":[2664,3301,0],"distance":7}],"ground_loot":[],"local_in_combat":false,"local_target_npc":null,"local_health":37,"local_animation":-1,"equipment_ids":{},"main_modal":-1,"widget_ids":[3213,3214]},"max_items":{},"max_xp":{"-unused-":0,"agility":0,"attack":0,"cooking":0,"crafting":0,"defence":0,"firemaking":0,"fishing":0,"fletching":0,"herblore":0,"hitpoints":37224,"magic":0,"mining":0,"prayer":0,"ranged":0,"runecraft":0,"slayer":0,"smithing":0,"strength":0,"thieving":388,"woodcutting":0},"saw_bury_chat":false,"post_start_observations":2920,"bone_bank_cycle":{"first_batch_buried":false,"opened":null,"withdrawn":null,"buried_after_withdrawal":false},"bank_fletcher_cycle":{"first_pack_created":false,"deposited":null,"withdrawn":null,"crafted_after_withdrawal":false},"bank_fletcher_option_cycle":{"first":null,"deposited":null,"restocked":null,"further":false},"bank_fletcher_string_cycle":{"initial_pairs_strung":false,"deposited":null,"withdrawn":null,"strung_after_withdrawal":false},"bank_fletcher_cut_string_cycle":{"cut_pair_created":false,"deposited":null,"withdrawn":null,"string_pair_created":false},"alcher_defaults_cycle":{"withdrawn":null,"consumed":false},"alcher_generated_custom_cycle":{"withdrawn":null,"consumed":false},"dart_fletcher_cycle":{"first":null,"further":false,"wrong_tier":false},"herb_cleaner_cycle":{"first_pack":false,"deposited":null,"withdrawn":null,"cleaned_after_withdrawal":false,"filter_violated":false},"gem_cutter_cycle":{"first_pack":false,"deposited":null,"withdrawn":null,"cut_after_withdrawal":false,"filter_violated":false},"door_opener_cycle":{"selected":null,"opened":false},"gnome_course_cycle":{"log":null,"ground_return":null,"pipe":null,"second_lap":false},"wildy_agility_cycle":{"ridge":null,"pipe":null,"rope":null,"stone":null,"log":null,"rocks":null,"further_pipe":false},"brimhaven_agility_cycle":{"paid":false,"entered":null,"moved":null,"first_tag":false,"ticket":null,"subsequent_work":false},"flax_picker_cycle":{"first_pack":false,"deposited":null,"returned":false,"further":false},"superheater_cycle":{"first_bars":false,"deposited":null,"withdrawn":null,"produced_after_withdrawal":false,"wrong_product":false,"wrong_staff":false},"chicken_killer_bank_cycle":{"combat_loot":false,"deposited":null,"returned":false,"further":false},"vial_filler_cycle":{"filled":null,"deposited":null,"withdrawn":null,"returned":false,"further":false},"potion_maker_cycle":{"unfinished":null,"finished":null,"deposited":null,"withdrawn":null,"further":false,"wrong_product":false,"filter_violated":false},"tanner_bot_cycle":{"widget":null,"tanned":null,"deposited":null,"withdrawn":null,"returned":false,"further":false,"wrong_product":false,"shop":false},"rune_crafter_cycle":{"withdrawn":null,"entered":null,"crafted":null,"exited":null,"deposited":null,"restocked":null,"returned":false,"further":false,"wrong_product":false,"noted":false},"ardy_cakes_cycle":{"stolen":null,"deposited":null,"returned":false,"further":false,"wrong_product":false,"noted":false},"ardy_thiever_cycle":{"pickpocketed":null,"deposited":null,"returned":false,"further":false},"gnome_chop_cycle":{"chopped":null,"deposited":null,"returned":false,"further":false,"wrong_product":false,"noted":false},"gnome_fletch_cycle":{"chopped":null,"fletched":null,"deposited":null,"returned":false,"further":false,"wrong_product":false,"noted":false},"coal_trucks_cycle":{"mined":null,"trucked":null,"further":false,"noted":false,"banked":false},"station_production_cycle":{"withdrawn":null,"produced":null,"deposited":null,"restocked":null,"returned":false,"further":false,"wrong_product":false,"noted":false},"flax_aio_cycle":{"picked":null,"produced":null,"deposited":null,"returned":false,"further":false,"wrong_product":false,"noted":false},"flax_aio_pick_cycle":{"first_pack":false,"deposited":null,"returned":false,"further":false,"wrong_product":false,"noted":false},"herblore_eggs_cycle":{"taken":false,"deposited":null,"returned":false,"further":false,"wrong_product":false,"noted":false},"herblore_newt_cycle":{"bought":false,"deposited":null,"returned":false,"further":false,"coins_spent":false,"coins_peak":0,"wrong_product":false,"noted":false},"combat_core_cycle":{"engagements":0,"defeats":0,"style_xp":false,"looted":false,"noted":false,"activated":false,"shield_worn":false,"stolen_food":false,"wrong_item":false,"dormant_indexes":[],"dormant_tiles":{},"last":{},"currently_engaged":[],"facts":[]},"ordered_first_exhausted":false}}; diagnostic={"observation":{"ingame":true,"scene_state":2,"player":"Liveclrb4h 0","tile":[2657,3300,0],"combat_level":10,"tick":134,"items":{},"item_ids":{},"bank":{},"bank_ids":{},"bank_open":false,"bank_loaded":false,"bank_generation":0,"levels":{"-unused-":0,"agility":1,"attack":1,"cooking":1,"crafting":1,"defence":1,"firemaking":1,"fishing":1,"fletching":1,"herblore":1,"hitpoints":40,"magic":1,"mining":1,"prayer":1,"ranged":1,"runecraft":1,"slayer":1,"smithing":1,"strength":1,"thieving":5,"woodcutting":1},"effective_levels":{"-unused-":0,"agility":1,"attack":1,"cooking":1,"crafting":1,"defence":1,"firemaking":1,"fishing":1,"fletching":1,"herblore":1,"hitpoints":37,"magic":1,"mining":1,"prayer":1,"ranged":1,"runecraft":1,"slayer":1,"smithing":1,"strength":1,"thieving":5,"woodcutting":1},"xp":{"-unused-":0,"agility":0,"attack":0,"cooking":0,"crafting":0,"defence":0,"firemaking":0,"fishing":0,"fletching":0,"herblore":0,"hitpoints":37224,"magic":0,"mining":0,"prayer":0,"ranged":0,"runecraft":0,"slayer":0,"smithing":0,"strength":0,"thieving":388,"woodcutting":0},"varps":{"309":0},"chat":[[7,"Inventory wiped."],[6,"set tutorial: to 1000"],[5,"Welcome to RuneScape."]],"loc_facts":[{"id":1530,"x":2650,"z":3297,"level":0,"name":"Door","open":true},{"id":1530,"x":2650,"z":3305,"level":0,"name":"Door","open":true},{"id":1534,"x":2653,"z":3296,"level":0,"name":"Door","open":false},{"id":1530,"x":2656,"z":3292,"level":0,"name":"Door","open":true}],"npc_facts":[{"index":3556,"name":"Guard","health":22,"total_health":22,"animation":-1,"in_combat":false,"targeting_local":false,"tile":[2660,3308,0],"distance":8},{"index":3555,"name":"Guard","health":22,"total_health":22,"animation":-1,"in_combat":false,"targeting_local":false,"tile":[2659,3303,0],"distance":3},{"index":3559,"name":"Guard","health":0,"total_health":0,"animation":-1,"in_combat":false,"targeting_local":false,"tile":[2664,3301,0],"distance":7}],"ground_loot":[],"local_in_combat":false,"local_target_npc":null,"local_health":37,"local_animation":-1,"equipment_ids":{},"main_modal":-1,"widget_ids":[3213,3214]},"flax_aio_pick":null}
