
running 1 test
{"phase":"identity","revision":274,"profile":"local-274 · 127.0.0.1:43594 · revision 274","cache_id":"4aac9b63312dcb75d5de8f686772d083ba0808c57985438246edf21ef522be1c","nav_pack":"/Users/acfrazier/experiments/274bot/.worktrees/rs2b0t-multirevision/.superpowers/world-capabilities/274/274bot.navpack","nav_sha256":"05db24743e9f549ced16c1f00b87c30a390d3aaec391815da3f3563130b3bcd4","catalog_commit":"100adccc037d9f6898080e1cad58fcfc43364775","catalog_identity":"pre-289 frozen catalog","catalog_read_only_path":".superpowers/inputs/rs2b0t-100adccc037d9f6898080e1cad58fcfc43364775","catalog_root":"/Users/acfrazier/experiments/274bot/.worktrees/rs2b0t-multirevision/.superpowers/inputs/rs2b0t-100adccc037d9f6898080e1cad58fcfc43364775","registry_path":"/Users/acfrazier/experiments/274bot/.worktrees/rs2b0t-multirevision/.superpowers/inputs/rs2b0t-100adccc037d9f6898080e1cad58fcfc43364775/src/bot/scripts/index.ts","registry_sha256":"b614aedb3d5adfdfbac3760f082273f3cf5c33fffe4ced0f2b01490ae02d1bc2","card":{"card":"GnomeCourse","source_path":"/Users/acfrazier/experiments/274bot/.worktrees/rs2b0t-multirevision/.superpowers/inputs/rs2b0t-100adccc037d9f6898080e1cad58fcfc43364775/src/bot/scripts/AgilityBot/AgilityBot.ts","source_sha256":"dee7c8885685724b0453097a0cf6a66d36a4d081e24157f29d35c742c518028f","compiled_sha256":"362ade4092203b516513739a42132b75695f8f8b336f63bae601a7ce64660c24","siblings":[],"settings":{"obstacles":"Log balance,Obstacle net,Tree branch,Balancing rope,Tree branch,Obstacle net,Obstacle pipe","searchRadius":20.0}},"account":"live784kmi_0","engine_speed_ms":null}
[host-play] slot live784kmi_0: thread up
274bot: loaded snapshot (4556 models, 336 anim records)
[host-play] slot live784kmi_0: handshake begin reconnect=false
[host-play] slot live784kmi_0: handshake ok
[host-play] slot live784kmi_0: queued mainland tele+setvar (scene 2)
[host] slot live784kmi_0: d_loop_us=7889 d_raster_us=0 d_observe_us=32634 max_observe_us=3222 d_paints=0 d_skips=50 d_ticks=5 window_ms=0
[host-play] slot live784kmi_0: handshake begin reconnect=true
[host-play] slot live784kmi_0: handshake ok
[host] slot live784kmi_0: d_loop_us=826 d_raster_us=0 d_observe_us=33413 max_observe_us=2690 d_paints=0 d_skips=50 d_ticks=1 window_ms=0
[host-play] slot live784kmi_0: queued mainland tele+setvar (scene 2)
{"phase":"baseline-after-preparation","scenario":"gnome_course","account":"live784kmi_0","observation":{"ingame":true,"scene_state":2,"player":"Live784kmi 0","tile":[2474,3436,0],"tick":15,"items":{},"item_ids":{},"bank":{},"bank_ids":{},"bank_open":false,"bank_loaded":false,"bank_generation":0,"levels":{"-unused-":0,"agility":1,"attack":1,"cooking":1,"crafting":1,"defence":1,"firemaking":1,"fishing":1,"fletching":1,"herblore":1,"hitpoints":10,"magic":1,"mining":1,"prayer":1,"ranged":1,"runecraft":1,"slayer":1,"smithing":1,"strength":1,"thieving":1,"woodcutting":1},"xp":{"-unused-":0,"agility":0,"attack":0,"cooking":0,"crafting":0,"defence":0,"firemaking":0,"fishing":0,"fletching":0,"herblore":0,"hitpoints":1154,"magic":0,"mining":0,"prayer":0,"ranged":0,"runecraft":0,"slayer":0,"smithing":0,"strength":0,"thieving":0,"woodcutting":0},"chat":[[6,"set tutorial: to 1000"],[5,"Welcome to RuneScape."]],"loc_facts":[],"equipment_ids":{}}}
[script live784kmi_0] start load
{"phase":"start","account":"live784kmi_0","count":1}
[host] hitch live784kmi_0: observe_us=86066 paints=0 skips=83 ticks=15
[script live784kmi_0] running agility course: [log balance -> obstacle net -> tree branch -> balancing rope -> tree branch -> obstacle net -> obstacle pipe] within 20 tiles
[script live784kmi_0] interact Loc { x: 2474, z: 3435, level: 0, action: "Walk-across" }
[host] slot live784kmi_0: d_loop_us=20473 d_raster_us=0 d_observe_us=160683 max_observe_us=86066 d_paints=0 d_skips=50 d_ticks=15 window_ms=9386
[host] slot live784kmi_0: d_loop_us=1131 d_raster_us=0 d_observe_us=55130 max_observe_us=14336 d_paints=0 d_skips=50 d_ticks=2 window_ms=1191
[host] slot live784kmi_0: d_loop_us=1188 d_raster_us=0 d_observe_us=55751 max_observe_us=11462 d_paints=0 d_skips=50 d_ticks=2 window_ms=1197
[host] slot live784kmi_0: d_loop_us=1130 d_raster_us=0 d_observe_us=57380 max_observe_us=13142 d_paints=0 d_skips=50 d_ticks=2 window_ms=1186
[host] slot live784kmi_0: d_loop_us=1120 d_raster_us=0 d_observe_us=54569 max_observe_us=11730 d_paints=0 d_skips=50 d_ticks=2 window_ms=1174
[host] slot live784kmi_0: d_loop_us=986 d_raster_us=0 d_observe_us=48790 max_observe_us=8485 d_paints=0 d_skips=50 d_ticks=2 window_ms=1200
[script live784kmi_0] interact Loc { x: 2471, z: 3425, level: 0, action: "Climb-over" }
[host] slot live784kmi_0: d_loop_us=1023 d_raster_us=0 d_observe_us=54275 max_observe_us=13413 d_paints=0 d_skips=50 d_ticks=2 window_ms=1180
[host] slot live784kmi_0: d_loop_us=1098 d_raster_us=0 d_observe_us=53942 max_observe_us=12480 d_paints=0 d_skips=50 d_ticks=2 window_ms=1186
[host] slot live784kmi_0: d_loop_us=4621 d_raster_us=0 d_observe_us=60708 max_observe_us=9657 d_paints=0 d_skips=50 d_ticks=2 window_ms=1192
[host] slot live784kmi_0: d_loop_us=814 d_raster_us=0 d_observe_us=37304 max_observe_us=5824 d_paints=0 d_skips=50 d_ticks=2 window_ms=1206
[script live784kmi_0] interact Loc { x: 2473, z: 3422, level: 1, action: "Climb" }
[host] slot live784kmi_0: d_loop_us=844 d_raster_us=0 d_observe_us=42507 max_observe_us=10128 d_paints=0 d_skips=50 d_ticks=2 window_ms=1176
[host] slot live784kmi_0: d_loop_us=898 d_raster_us=0 d_observe_us=38730 max_observe_us=5679 d_paints=0 d_skips=50 d_ticks=2 window_ms=1190
[host] slot live784kmi_0: d_loop_us=3137 d_raster_us=0 d_observe_us=45593 max_observe_us=7282 d_paints=0 d_skips=50 d_ticks=2 window_ms=1191
[script live784kmi_0] interact Loc { x: 2478, z: 3420, level: 2, action: "Walk-on" }
[host] slot live784kmi_0: d_loop_us=748 d_raster_us=0 d_observe_us=34257 max_observe_us=5505 d_paints=0 d_skips=50 d_ticks=2 window_ms=1186
[host] slot live784kmi_0: d_loop_us=766 d_raster_us=0 d_observe_us=35870 max_observe_us=6271 d_paints=0 d_skips=50 d_ticks=2 window_ms=1203
[host] slot live784kmi_0: d_loop_us=817 d_raster_us=0 d_observe_us=33967 max_observe_us=5696 d_paints=0 d_skips=50 d_ticks=2 window_ms=1180
[host] slot live784kmi_0: d_loop_us=773 d_raster_us=0 d_observe_us=34936 max_observe_us=6939 d_paints=0 d_skips=50 d_ticks=2 window_ms=1164
[host] slot live784kmi_0: d_loop_us=1009 d_raster_us=0 d_observe_us=39130 max_observe_us=7520 d_paints=0 d_skips=50 d_ticks=2 window_ms=1169
[host] slot live784kmi_0: d_loop_us=911 d_raster_us=0 d_observe_us=38905 max_observe_us=7244 d_paints=0 d_skips=50 d_ticks=2 window_ms=1151
[host] slot live784kmi_0: d_loop_us=777 d_raster_us=0 d_observe_us=36427 max_observe_us=5610 d_paints=0 d_skips=50 d_ticks=2 window_ms=1168
[script live784kmi_0] interact Loc { x: 2486, z: 3419, level: 2, action: "Climb-down" }
[host] slot live784kmi_0: d_loop_us=758 d_raster_us=0 d_observe_us=39850 max_observe_us=7197 d_paints=0 d_skips=50 d_ticks=2 window_ms=1174
[host] slot live784kmi_0: d_loop_us=788 d_raster_us=0 d_observe_us=37151 max_observe_us=5482 d_paints=0 d_skips=50 d_ticks=2 window_ms=1166
[host] slot live784kmi_0: d_loop_us=4706 d_raster_us=0 d_observe_us=65383 max_observe_us=12495 d_paints=0 d_skips=50 d_ticks=2 window_ms=1184
[script live784kmi_0] interact Loc { x: 2483, z: 3426, level: 0, action: "Climb-over" }
[host] slot live784kmi_0: d_loop_us=872 d_raster_us=0 d_observe_us=50740 max_observe_us=10390 d_paints=0 d_skips=50 d_ticks=2 window_ms=1188
[host] slot live784kmi_0: d_loop_us=978 d_raster_us=0 d_observe_us=65189 max_observe_us=14085 d_paints=0 d_skips=50 d_ticks=2 window_ms=1178
[host] slot live784kmi_0: d_loop_us=993 d_raster_us=0 d_observe_us=48274 max_observe_us=11969 d_paints=0 d_skips=50 d_ticks=1 window_ms=1156
[host] slot live784kmi_0: d_loop_us=1045 d_raster_us=0 d_observe_us=49652 max_observe_us=8825 d_paints=0 d_skips=50 d_ticks=2 window_ms=1192
[host] slot live784kmi_0: d_loop_us=950 d_raster_us=0 d_observe_us=50955 max_observe_us=12663 d_paints=0 d_skips=50 d_ticks=2 window_ms=1191
[script live784kmi_0] interact Loc { x: 2484, z: 3431, level: 0, action: "Squeeze-through" }
[host] slot live784kmi_0: d_loop_us=1016 d_raster_us=0 d_observe_us=54243 max_observe_us=11441 d_paints=0 d_skips=50 d_ticks=2 window_ms=1183
[host] slot live784kmi_0: d_loop_us=932 d_raster_us=0 d_observe_us=55962 max_observe_us=13035 d_paints=0 d_skips=50 d_ticks=2 window_ms=1191
[host] slot live784kmi_0: d_loop_us=992 d_raster_us=0 d_observe_us=56518 max_observe_us=12383 d_paints=0 d_skips=50 d_ticks=2 window_ms=1200
test catalog_boundary_live has been running for over 60 seconds
[host] slot live784kmi_0: d_loop_us=1030 d_raster_us=0 d_observe_us=49177 max_observe_us=9173 d_paints=0 d_skips=50 d_ticks=2 window_ms=1192
[host] slot live784kmi_0: d_loop_us=906 d_raster_us=0 d_observe_us=47010 max_observe_us=6310 d_paints=0 d_skips=50 d_ticks=2 window_ms=1197
[host] slot live784kmi_0: d_loop_us=927 d_raster_us=0 d_observe_us=51843 max_observe_us=10232 d_paints=0 d_skips=50 d_ticks=2 window_ms=1191
[host] slot live784kmi_0: d_loop_us=950 d_raster_us=0 d_observe_us=57333 max_observe_us=14660 d_paints=0 d_skips=50 d_ticks=2 window_ms=1207
[host] slot live784kmi_0: d_loop_us=1005 d_raster_us=0 d_observe_us=52640 max_observe_us=12250 d_paints=0 d_skips=50 d_ticks=2 window_ms=1201
[host] slot live784kmi_0: d_loop_us=1048 d_raster_us=0 d_observe_us=58165 max_observe_us=11510 d_paints=0 d_skips=50 d_ticks=2 window_ms=1193
[script live784kmi_0] lap 1 complete
[script live784kmi_0] interact ContinueDialog
[host] slot live784kmi_0: d_loop_us=1253 d_raster_us=0 d_observe_us=56180 max_observe_us=11811 d_paints=0 d_skips=50 d_ticks=2 window_ms=1190
[script live784kmi_0] interact Loc { x: 2474, z: 3435, level: 0, action: "Walk-across" }
[host] slot live784kmi_0: d_loop_us=1104 d_raster_us=0 d_observe_us=57871 max_observe_us=12541 d_paints=0 d_skips=50 d_ticks=2 window_ms=1181
[host] slot live784kmi_0: d_loop_us=1091 d_raster_us=0 d_observe_us=67454 max_observe_us=13981 d_paints=0 d_skips=50 d_ticks=2 window_ms=1151
[host] slot live784kmi_0: d_loop_us=1217 d_raster_us=0 d_observe_us=65452 max_observe_us=15109 d_paints=0 d_skips=50 d_ticks=2 window_ms=1168
[host] slot live784kmi_0: d_loop_us=1193 d_raster_us=0 d_observe_us=58721 max_observe_us=14351 d_paints=0 d_skips=50 d_ticks=2 window_ms=1174
[host] slot live784kmi_0: d_loop_us=1102 d_raster_us=0 d_observe_us=55917 max_observe_us=12819 d_paints=0 d_skips=50 d_ticks=2 window_ms=1181
[host] slot live784kmi_0: d_loop_us=1151 d_raster_us=0 d_observe_us=54993 max_observe_us=10473 d_paints=0 d_skips=50 d_ticks=2 window_ms=1177
[host] slot live784kmi_0: d_loop_us=1523 d_raster_us=0 d_observe_us=59314 max_observe_us=13357 d_paints=0 d_skips=50 d_ticks=2 window_ms=1173
PASS: catalog_boundary_live: {"scenario":"gnome_course","runner":"Some(Evidence { scenario: \"gnome_course\", outcome: \"PASS\", predicate: \"stat_xp_gain(16)>=94\", ticks: 154, elapsed_ms: 74267, message: None, tile: Some([2474, 3429, 0]), inv: [], stat: Some(StatRow { runenergy: 94 }), chat: [ChatRow { text: \"...You make it safely to the other side.\", username: None }, ChatRow { text: \"You walk carefully across the slippery log...\", username: None }, ChatRow { text: \"Congratulations, you just advanced an agility level.\", username: None }, ChatRow { text: \"You climb the netting...\", username: None }, ChatRow { text: \"You land on the ground.\", username: None }, ChatRow { text: \"You climb down the tree...\", username: None }, ChatRow { text: \"You carefully cross the tightrope.\", username: None }, ChatRow { text: \"...To the platform above.\", username: None }, ChatRow { text: \"You climb the tree..\", username: None }, ChatRow { text: \"You climb the netting...\", username: None }, ChatRow { text: \"...You make it safely to the other side.\", username: None }, ChatRow { text: \"You walk carefully across the slippery log...\", username: None }, ChatRow { text: \"set tutorial: to 1000\", username: None }, ChatRow { text: \"Welcome to RuneScape.\", username: None }], scene: 2 })","core":{"case":"gnome_course","baseline":{"ingame":true,"scene_state":2,"player":"Live784kmi 0","tile":[2474,3436,0],"tick":15,"items":{},"item_ids":{},"bank":{},"bank_ids":{},"bank_open":false,"bank_loaded":false,"bank_generation":0,"levels":{"-unused-":0,"agility":1,"attack":1,"cooking":1,"crafting":1,"defence":1,"firemaking":1,"fishing":1,"fletching":1,"herblore":1,"hitpoints":10,"magic":1,"mining":1,"prayer":1,"ranged":1,"runecraft":1,"slayer":1,"smithing":1,"strength":1,"thieving":1,"woodcutting":1},"xp":{"-unused-":0,"agility":0,"attack":0,"cooking":0,"crafting":0,"defence":0,"firemaking":0,"fishing":0,"fletching":0,"herblore":0,"hitpoints":1154,"magic":0,"mining":0,"prayer":0,"ranged":0,"runecraft":0,"slayer":0,"smithing":0,"strength":0,"thieving":0,"woodcutting":0},"chat":[[6,"set tutorial: to 1000"],[5,"Welcome to RuneScape."]],"loc_facts":[],"equipment_ids":{}},"latest":{"ingame":true,"scene_state":2,"player":"Live784kmi 0","tile":[2474,3429,0],"tick":105,"items":{},"item_ids":{},"bank":{},"bank_ids":{},"bank_open":false,"bank_loaded":false,"bank_generation":0,"levels":{"-unused-":0,"agility":2,"attack":1,"cooking":1,"crafting":1,"defence":1,"firemaking":1,"fishing":1,"fletching":1,"herblore":1,"hitpoints":10,"magic":1,"mining":1,"prayer":1,"ranged":1,"runecraft":1,"slayer":1,"smithing":1,"strength":1,"thieving":1,"woodcutting":1},"xp":{"-unused-":0,"agility":94,"attack":0,"cooking":0,"crafting":0,"defence":0,"firemaking":0,"fishing":0,"fletching":0,"herblore":0,"hitpoints":1154,"magic":0,"mining":0,"prayer":0,"ranged":0,"runecraft":0,"slayer":0,"smithing":0,"strength":0,"thieving":0,"woodcutting":0},"chat":[[18,"...You make it safely to the other side."],[17,"You walk carefully across the slippery log..."],[16,"Congratulations, you just advanced an agility level."],[15,"You climb the netting..."],[14,"You land on the ground."],[13,"You climb down the tree..."],[12,"You carefully cross the tightrope."],[11,"...To the platform above."],[10,"You climb the tree.."],[9,"You climb the netting..."],[8,"...You make it safely to the other side."],[7,"You walk carefully across the slippery log..."],[6,"set tutorial: to 1000"],[5,"Welcome to RuneScape."]],"loc_facts":[],"equipment_ids":{}},"max_items":{},"max_xp":{"-unused-":0,"agility":94,"attack":0,"cooking":0,"crafting":0,"defence":0,"firemaking":0,"fishing":0,"fletching":0,"herblore":0,"hitpoints":1154,"magic":0,"mining":0,"prayer":0,"ranged":0,"runecraft":0,"slayer":0,"smithing":0,"strength":0,"thieving":0,"woodcutting":0},"saw_bury_chat":false,"post_start_observations":2256,"bone_bank_cycle":{"first_batch_buried":false,"opened":null,"withdrawn":null,"buried_after_withdrawal":false},"bank_fletcher_cycle":{"first_pack_created":false,"deposited":null,"withdrawn":null,"crafted_after_withdrawal":false},"bank_fletcher_string_cycle":{"initial_pairs_strung":false,"deposited":null,"withdrawn":null,"strung_after_withdrawal":false},"bank_fletcher_cut_string_cycle":{"cut_pair_created":false,"deposited":null,"withdrawn":null,"string_pair_created":false},"alcher_generated_custom_cycle":{"withdrawn":null,"consumed":false},"dart_fletcher_cycle":{"first":null,"further":false,"wrong_tier":false},"herb_cleaner_cycle":{"first_pack":false,"deposited":null,"withdrawn":null,"cleaned_after_withdrawal":false,"filter_violated":false},"gem_cutter_cycle":{"first_pack":false,"deposited":null,"withdrawn":null,"cut_after_withdrawal":false,"filter_violated":false},"door_opener_cycle":{"selected":null,"opened":false},"gnome_course_cycle":{"log":{"ingame":true,"scene_state":2,"player":"Live784kmi 0","tile":[2474,3429,0],"tick":24,"items":{},"item_ids":{},"bank":{},"bank_ids":{},"bank_open":false,"bank_loaded":false,"bank_generation":0,"levels":{"-unused-":0,"agility":1,"attack":1,"cooking":1,"crafting":1,"defence":1,"firemaking":1,"fishing":1,"fletching":1,"herblore":1,"hitpoints":10,"magic":1,"mining":1,"prayer":1,"ranged":1,"runecraft":1,"slayer":1,"smithing":1,"strength":1,"thieving":1,"woodcutting":1},"xp":{"-unused-":0,"agility":7,"attack":0,"cooking":0,"crafting":0,"defence":0,"firemaking":0,"fishing":0,"fletching":0,"herblore":0,"hitpoints":1154,"magic":0,"mining":0,"prayer":0,"ranged":0,"runecraft":0,"slayer":0,"smithing":0,"strength":0,"thieving":0,"woodcutting":0},"chat":[[8,"...You make it safely to the other side."],[7,"You walk carefully across the slippery log..."],[6,"set tutorial: to 1000"],[5,"Welcome to RuneScape."]],"loc_facts":[],"equipment_ids":{}},"ground_return":{"ingame":true,"scene_state":2,"player":"Live784kmi 0","tile":[2487,3420,0],"tick":59,"items":{},"item_ids":{},"bank":{},"bank_ids":{},"bank_open":false,"bank_loaded":false,"bank_generation":0,"levels":{"-unused-":0,"agility":1,"attack":1,"cooking":1,"crafting":1,"defence":1,"firemaking":1,"fishing":1,"fletching":1,"herblore":1,"hitpoints":10,"magic":1,"mining":1,"prayer":1,"ranged":1,"runecraft":1,"slayer":1,"smithing":1,"strength":1,"thieving":1,"woodcutting":1},"xp":{"-unused-":0,"agility":27,"attack":0,"cooking":0,"crafting":0,"defence":0,"firemaking":0,"fishing":0,"fletching":0,"herblore":0,"hitpoints":1154,"magic":0,"mining":0,"prayer":0,"ranged":0,"runecraft":0,"slayer":0,"smithing":0,"strength":0,"thieving":0,"woodcutting":0},"chat":[[14,"You land on the ground."],[13,"You climb down the tree..."],[12,"You carefully cross the tightrope."],[11,"...To the platform above."],[10,"You climb the tree.."],[9,"You climb the netting..."],[8,"...You make it safely to the other side."],[7,"You walk carefully across the slippery log..."],[6,"set tutorial: to 1000"],[5,"Welcome to RuneScape."]],"loc_facts":[],"equipment_ids":{}},"pipe":{"ingame":true,"scene_state":2,"player":"Live784kmi 0","tile":[2484,3425,0],"tick":65,"items":{},"item_ids":{},"bank":{},"bank_ids":{},"bank_open":false,"bank_loaded":false,"bank_generation":0,"levels":{"-unused-":0,"agility":1,"attack":1,"cooking":1,"crafting":1,"defence":1,"firemaking":1,"fishing":1,"fletching":1,"herblore":1,"hitpoints":10,"magic":1,"mining":1,"prayer":1,"ranged":1,"runecraft":1,"slayer":1,"smithing":1,"strength":1,"thieving":1,"woodcutting":1},"xp":{"-unused-":0,"agility":32,"attack":0,"cooking":0,"crafting":0,"defence":0,"firemaking":0,"fishing":0,"fletching":0,"herblore":0,"hitpoints":1154,"magic":0,"mining":0,"prayer":0,"ranged":0,"runecraft":0,"slayer":0,"smithing":0,"strength":0,"thieving":0,"woodcutting":0},"chat":[[14,"You land on the ground."],[13,"You climb down the tree..."],[12,"You carefully cross the tightrope."],[11,"...To the platform above."],[10,"You climb the tree.."],[9,"You climb the netting..."],[8,"...You make it safely to the other side."],[7,"You walk carefully across the slippery log..."],[6,"set tutorial: to 1000"],[5,"Welcome to RuneScape."]],"loc_facts":[],"equipment_ids":{}},"second_lap":true},"flax_picker_cycle":{"first_pack":false,"deposited":null,"returned":false,"further":false},"superheater_cycle":{"first_bars":false,"deposited":null,"withdrawn":null,"produced_after_withdrawal":false,"wrong_product":false,"wrong_staff":false},"chicken_killer_bank_cycle":{"combat_loot":false,"deposited":null,"returned":false,"further":false},"vial_filler_cycle":{"filled":null,"deposited":null,"withdrawn":null,"returned":false,"further":false},"potion_maker_cycle":{"unfinished":null,"finished":null,"deposited":null,"withdrawn":null,"further":false,"wrong_product":false,"filter_violated":false},"ordered_first_exhausted":false}}
test catalog_boundary_live ... ok

test result: ok. 1 passed; 0 failed; 0 ignored; 0 measured; 23 filtered out; finished in 77.41s

