
running 1 test
{"phase":"identity","revision":274,"profile":"local-274 · 127.0.0.1:43594 · revision 274","cache_id":"4aac9b63312dcb75d5de8f686772d083ba0808c57985438246edf21ef522be1c","nav_pack":"/Users/acfrazier/experiments/274bot/.worktrees/rs2b0t-multirevision/.superpowers/world-capabilities/274/274bot.navpack","nav_sha256":"05db24743e9f549ced16c1f00b87c30a390d3aaec391815da3f3563130b3bcd4","catalog_commit":"100adccc037d9f6898080e1cad58fcfc43364775","catalog_identity":"pre-289 frozen catalog","catalog_read_only_path":".superpowers/inputs/rs2b0t-100adccc037d9f6898080e1cad58fcfc43364775","catalog_root":"/Users/acfrazier/experiments/274bot/.worktrees/rs2b0t-multirevision/.superpowers/inputs/rs2b0t-100adccc037d9f6898080e1cad58fcfc43364775","registry_path":"/Users/acfrazier/experiments/274bot/.worktrees/rs2b0t-multirevision/.superpowers/inputs/rs2b0t-100adccc037d9f6898080e1cad58fcfc43364775/src/bot/scripts/index.ts","registry_sha256":"b614aedb3d5adfdfbac3760f082273f3cf5c33fffe4ced0f2b01490ae02d1bc2","card":{"card":"AutoFighter","source_path":"/Users/acfrazier/experiments/274bot/.worktrees/rs2b0t-multirevision/.superpowers/inputs/rs2b0t-100adccc037d9f6898080e1cad58fcfc43364775/src/bot/scripts/AutoFighter/AutoFighter.ts","source_sha256":"d82972d038849d4a7f897a264ead850b4de218239d54eab16007a4e0c12266c2","compiled_sha256":"0a932a13f61f10cce17d261d3cc41b002a105076b8a85444fc0967b94e9f3e79","siblings":[{"module":"/rs2b0t/bot/scripts/HerbCleaner/HerbCleanerLogic.js","compiled_sha256":"07462ec17e2c681b524e4b9c19fc91937c7cab081fa8aa06cbab7917bd04287c"},{"module":"/rs2b0t/bot/scripts/bot/AutoFighterData.js","compiled_sha256":"21b6083f96ff2f410f9e8da195aacaa2316a6f71edcd99cb5a4f2604a0848e51"}],"settings":{"target":"Guard","spot":"Start position","leashRadius":8.0,"combatStyle":"melee","meleeStyle":"strength","useSpecial":false,"spell":"Fire Strike","runesWithdraw":150.0,"rangeStyle":"rapid","ammo":"Bronze arrow","ammoWithdraw":500.0,"ammoRestockBelow":25.0,"loadout":"","food":"","foodWithdraw":10.0,"panicHp":25.0,"loot":["clue scroll","uncut sapphire","uncut emerald","uncut ruby","uncut diamond","half of a key","chaos talisman","nature talisman"],"lootMode":"list","buryBones":false,"solveClues":false,"banking":"None","bankAtLootSlots":12.0,"bankEveryMinutes":0.0,"bankCommonJunk":true}},"account":"livexb68id_0","engine_speed_ms":null}
[host-play] slot livexb68id_0: thread up
274bot: loaded snapshot (4556 models, 336 anim records)
[host-play] slot livexb68id_0: handshake begin reconnect=false
[host-play] slot livexb68id_0: handshake ok
[host-play] slot livexb68id_0: queued mainland tele+setvar (scene 2)
[host] slot livexb68id_0: d_loop_us=13465 d_raster_us=0 d_observe_us=42079 max_observe_us=5093 d_paints=0 d_skips=50 d_ticks=5 window_ms=0
[host-play] slot livexb68id_0: handshake begin reconnect=true
[host-play] slot livexb68id_0: handshake ok
[host] slot livexb68id_0: d_loop_us=670 d_raster_us=0 d_observe_us=30502 max_observe_us=2829 d_paints=0 d_skips=50 d_ticks=1 window_ms=0
[host-play] slot livexb68id_0: queued mainland tele+setvar (scene 2)
{"phase":"baseline-after-preparation","scenario":"auto_fighter","account":"livexb68id_0","observation":{"ingame":true,"scene_state":2,"player":"Livexb68id 0","tile":[2661,3306,0],"combat_level":36,"tick":23,"items":{"Adamant scimitar":1,"Trout":8},"item_ids":{"333":8,"1331":1},"bank":{},"bank_ids":{},"bank_open":false,"bank_loaded":false,"bank_generation":0,"levels":{"-unused-":0,"agility":1,"attack":40,"cooking":1,"crafting":1,"defence":1,"firemaking":1,"fishing":1,"fletching":1,"herblore":1,"hitpoints":40,"magic":1,"mining":1,"prayer":1,"ranged":1,"runecraft":1,"slayer":1,"smithing":1,"strength":40,"thieving":1,"woodcutting":1},"xp":{"-unused-":0,"agility":0,"attack":37224,"cooking":0,"crafting":0,"defence":0,"firemaking":0,"fishing":0,"fletching":0,"herblore":0,"hitpoints":37224,"magic":0,"mining":0,"prayer":0,"ranged":0,"runecraft":0,"slayer":0,"smithing":0,"strength":37224,"thieving":0,"woodcutting":0},"varps":{"309":0},"chat":[[7,"Inventory wiped."],[6,"set tutorial: to 1000"],[5,"Welcome to RuneScape."]],"loc_facts":[],"npc_facts":[{"index":3541,"name":"Guard","health":0,"total_health":0,"animation":-1,"in_combat":false,"targeting_local":false,"tile":[2653,3311,0],"distance":8},{"index":3557,"name":"Guard","health":0,"total_health":0,"animation":-1,"in_combat":false,"targeting_local":false,"tile":[2661,3299,0],"distance":7},{"index":3554,"name":"Guard","health":0,"total_health":0,"animation":-1,"in_combat":false,"targeting_local":false,"tile":[2657,3307,0],"distance":4},{"index":3556,"name":"Guard","health":0,"total_health":0,"animation":-1,"in_combat":false,"targeting_local":false,"tile":[2658,3309,0],"distance":3},{"index":3555,"name":"Guard","health":0,"total_health":0,"animation":-1,"in_combat":false,"targeting_local":false,"tile":[2658,3312,0],"distance":6},{"index":3559,"name":"Guard","health":0,"total_health":0,"animation":-1,"in_combat":false,"targeting_local":false,"tile":[2666,3302,0],"distance":5}],"ground_loot":[],"local_in_combat":false,"local_target_npc":null,"local_health":0,"local_animation":-1,"equipment_ids":{},"main_modal":-1,"widget_ids":[3213,3214]}}
[script livexb68id_0] start load
{"phase":"start","account":"livexb68id_0","count":1}
[host] hitch livexb68id_0: observe_us=107905 paints=0 skips=96 ticks=23
[script livexb68id_0] AutoFighter starting — 'Guard' at Start position (2661, 3306, 0) r8, style melee (strength), banking none, food 'Trout'x10, loot [clue scroll, uncut sapphire, uncut emerald, uncut ruby, uncut diamond, half of a key, chaos talisman, nature talisman]
[script livexb68id_0] interact IfButton { component_id: 5862 }
[host] slot livexb68id_0: d_loop_us=29099 d_raster_us=0 d_observe_us=217663 max_observe_us=107905 d_paints=0 d_skips=50 d_ticks=23 window_ms=13918
[host] hitch livexb68id_0: observe_us=17363 paints=0 skips=117 ticks=25
[script livexb68id_0] combat style: strength
[host] hitch livexb68id_0: observe_us=16412 paints=0 skips=140 ticks=26
[script livexb68id_0] interact Npc { name: "Guard", action: "Attack", index: Some(3554) }
[host] slot livexb68id_0: d_loop_us=2185 d_raster_us=0 d_observe_us=130698 max_observe_us=17363 d_paints=0 d_skips=50 d_ticks=2 window_ms=1320
[host] hitch livexb68id_0: observe_us=31135 paints=0 skips=163 ticks=27
[host] hitch livexb68id_0: observe_us=32543 paints=0 skips=185 ticks=28
[host] slot livexb68id_0: d_loop_us=2079 d_raster_us=0 d_observe_us=130408 max_observe_us=32543 d_paints=0 d_skips=50 d_ticks=2 window_ms=1346
[host] hitch livexb68id_0: observe_us=17363 paints=0 skips=207 ticks=29
[host] hitch livexb68id_0: observe_us=19598 paints=0 skips=231 ticks=30
[host] slot livexb68id_0: d_loop_us=2307 d_raster_us=0 d_observe_us=143328 max_observe_us=19598 d_paints=0 d_skips=50 d_ticks=2 window_ms=1294
[host] hitch livexb68id_0: observe_us=16530 paints=0 skips=254 ticks=31
[host] hitch livexb68id_0: observe_us=17382 paints=0 skips=276 ticks=32
[host] slot livexb68id_0: d_loop_us=2435 d_raster_us=0 d_observe_us=134245 max_observe_us=17382 d_paints=0 d_skips=50 d_ticks=3 window_ms=1292
[host] hitch livexb68id_0: observe_us=19336 paints=0 skips=300 ticks=33
[host] slot livexb68id_0: d_loop_us=1430 d_raster_us=0 d_observe_us=84745 max_observe_us=19336 d_paints=0 d_skips=50 d_ticks=2 window_ms=1316
[host] slot livexb68id_0: d_loop_us=1966 d_raster_us=0 d_observe_us=93316 max_observe_us=10109 d_paints=0 d_skips=50 d_ticks=2 window_ms=1312
[host] hitch livexb68id_0: observe_us=19949 paints=0 skips=438 ticks=39
[host] slot livexb68id_0: d_loop_us=2026 d_raster_us=0 d_observe_us=106483 max_observe_us=19949 d_paints=0 d_skips=50 d_ticks=2 window_ms=1317
[host] hitch livexb68id_0: observe_us=17316 paints=0 skips=461 ticks=40
[host] hitch livexb68id_0: observe_us=17157 paints=0 skips=483 ticks=41
[host] slot livexb68id_0: d_loop_us=1954 d_raster_us=0 d_observe_us=96422 max_observe_us=17316 d_paints=0 d_skips=50 d_ticks=2 window_ms=1315
[host] slot livexb68id_0: d_loop_us=939 d_raster_us=0 d_observe_us=45375 max_observe_us=7837 d_paints=0 d_skips=50 d_ticks=2 window_ms=1338
[host] hitch livexb68id_0: observe_us=16760 paints=0 skips=597 ticks=46
[host] slot livexb68id_0: d_loop_us=1927 d_raster_us=0 d_observe_us=96430 max_observe_us=16760 d_paints=0 d_skips=50 d_ticks=3 window_ms=1291
[host] slot livexb68id_0: d_loop_us=2019 d_raster_us=0 d_observe_us=86430 max_observe_us=15363 d_paints=0 d_skips=50 d_ticks=2 window_ms=1339
[host] slot livexb68id_0: d_loop_us=1448 d_raster_us=0 d_observe_us=60722 max_observe_us=11059 d_paints=0 d_skips=50 d_ticks=2 window_ms=1351
[host] slot livexb68id_0: d_loop_us=1539 d_raster_us=0 d_observe_us=72440 max_observe_us=9928 d_paints=0 d_skips=50 d_ticks=2 window_ms=1357
[host] hitch livexb68id_0: observe_us=16587 paints=0 skips=776 ticks=54
[host] hitch livexb68id_0: observe_us=17520 paints=0 skips=799 ticks=55
[host] slot livexb68id_0: d_loop_us=2294 d_raster_us=0 d_observe_us=107621 max_observe_us=17520 d_paints=0 d_skips=50 d_ticks=3 window_ms=1313
[host] slot livexb68id_0: d_loop_us=1594 d_raster_us=0 d_observe_us=79438 max_observe_us=13719 d_paints=0 d_skips=50 d_ticks=2 window_ms=1288
[host] hitch livexb68id_0: observe_us=16030 paints=0 skips=891 ticks=59
[host] slot livexb68id_0: d_loop_us=1484 d_raster_us=0 d_observe_us=76607 max_observe_us=16030 d_paints=0 d_skips=50 d_ticks=2 window_ms=1331
[host] hitch livexb68id_0: observe_us=18167 paints=0 skips=913 ticks=60
[host] slot livexb68id_0: d_loop_us=1658 d_raster_us=0 d_observe_us=90855 max_observe_us=18167 d_paints=0 d_skips=50 d_ticks=2 window_ms=1309
[host] hitch livexb68id_0: observe_us=16397 paints=0 skips=959 ticks=62
[host] slot livexb68id_0: d_loop_us=1795 d_raster_us=0 d_observe_us=81913 max_observe_us=16397 d_paints=0 d_skips=50 d_ticks=2 window_ms=1337
[host] hitch livexb68id_0: observe_us=17273 paints=0 skips=1027 ticks=65
[host] slot livexb68id_0: d_loop_us=1693 d_raster_us=0 d_observe_us=83254 max_observe_us=17273 d_paints=0 d_skips=50 d_ticks=2 window_ms=1285
[host] hitch livexb68id_0: observe_us=16084 paints=0 skips=1051 ticks=66
[host] slot livexb68id_0: d_loop_us=1554 d_raster_us=0 d_observe_us=86080 max_observe_us=16084 d_paints=0 d_skips=50 d_ticks=3 window_ms=1315
[host] hitch livexb68id_0: observe_us=18286 paints=0 skips=1143 ticks=70
[host] slot livexb68id_0: d_loop_us=1798 d_raster_us=0 d_observe_us=91401 max_observe_us=18286 d_paints=0 d_skips=50 d_ticks=2 window_ms=1289
[host] hitch livexb68id_0: observe_us=17355 paints=0 skips=1166 ticks=71
[host] hitch livexb68id_0: observe_us=16638 paints=0 skips=1190 ticks=72
[script livexb68id_0] interact Held { name: "Trout", action: "Eat" }
[shim-held] Trout Eat slot=1 -> sent
[host] slot livexb68id_0: d_loop_us=1941 d_raster_us=0 d_observe_us=102045 max_observe_us=17355 d_paints=0 d_skips=50 d_ticks=2 window_ms=1292
[host] hitch livexb68id_0: observe_us=19743 paints=0 skips=1213 ticks=73
[host] hitch livexb68id_0: observe_us=16593 paints=0 skips=1236 ticks=74
[host] slot livexb68id_0: d_loop_us=1786 d_raster_us=0 d_observe_us=105073 max_observe_us=19743 d_paints=0 d_skips=50 d_ticks=2 window_ms=1280
test catalog_boundary_live has been running for over 60 seconds
[host] slot livexb68id_0: d_loop_us=1532 d_raster_us=0 d_observe_us=68191 max_observe_us=9319 d_paints=0 d_skips=50 d_ticks=2 window_ms=1313
[host] slot livexb68id_0: d_loop_us=1725 d_raster_us=0 d_observe_us=96930 max_observe_us=15850 d_paints=0 d_skips=50 d_ticks=3 window_ms=1354
[host] hitch livexb68id_0: observe_us=19151 paints=0 skips=1395 ticks=81
[host] slot livexb68id_0: d_loop_us=1472 d_raster_us=0 d_observe_us=76289 max_observe_us=19151 d_paints=0 d_skips=50 d_ticks=2 window_ms=1289
[host] hitch livexb68id_0: observe_us=18483 paints=0 skips=1418 ticks=82
[host] hitch livexb68id_0: observe_us=16308 paints=0 skips=1442 ticks=83
[host] slot livexb68id_0: d_loop_us=2064 d_raster_us=0 d_observe_us=95663 max_observe_us=18483 d_paints=0 d_skips=50 d_ticks=2 window_ms=1285
[host] hitch livexb68id_0: observe_us=18051 paints=0 skips=1465 ticks=84
[host] slot livexb68id_0: d_loop_us=1809 d_raster_us=0 d_observe_us=81245 max_observe_us=18051 d_paints=0 d_skips=50 d_ticks=2 window_ms=1293
[host] hitch livexb68id_0: observe_us=18556 paints=0 skips=1512 ticks=86
[host] hitch livexb68id_0: observe_us=16513 paints=0 skips=1535 ticks=87
[host] slot livexb68id_0: d_loop_us=2061 d_raster_us=0 d_observe_us=93986 max_observe_us=18556 d_paints=0 d_skips=50 d_ticks=2 window_ms=1314
[host] slot livexb68id_0: d_loop_us=1623 d_raster_us=0 d_observe_us=87614 max_observe_us=15915 d_paints=0 d_skips=50 d_ticks=2 window_ms=1336
[host] hitch livexb68id_0: observe_us=21255 paints=0 skips=1625 ticks=91
[host] slot livexb68id_0: d_loop_us=2023 d_raster_us=0 d_observe_us=107972 max_observe_us=21255 d_paints=0 d_skips=50 d_ticks=3 window_ms=1302
[host] hitch livexb68id_0: observe_us=18700 paints=0 skips=1670 ticks=93
[host] slot livexb68id_0: d_loop_us=1559 d_raster_us=0 d_observe_us=86268 max_observe_us=18700 d_paints=0 d_skips=50 d_ticks=2 window_ms=1312
[host] hitch livexb68id_0: observe_us=17821 paints=0 skips=1739 ticks=96
[host] slot livexb68id_0: d_loop_us=1640 d_raster_us=0 d_observe_us=85815 max_observe_us=17821 d_paints=0 d_skips=50 d_ticks=2 window_ms=1349
[host] hitch livexb68id_0: observe_us=17884 paints=0 skips=1761 ticks=97
[host] hitch livexb68id_0: observe_us=18810 paints=0 skips=1785 ticks=98
[host] slot livexb68id_0: d_loop_us=1730 d_raster_us=0 d_observe_us=92359 max_observe_us=18810 d_paints=0 d_skips=50 d_ticks=2 window_ms=1312
[host] hitch livexb68id_0: observe_us=16200 paints=0 skips=1807 ticks=99
[host] slot livexb68id_0: d_loop_us=1952 d_raster_us=0 d_observe_us=95636 max_observe_us=16200 d_paints=0 d_skips=50 d_ticks=2 window_ms=1344
[host] hitch livexb68id_0: observe_us=17505 paints=0 skips=1851 ticks=101
[host] slot livexb68id_0: d_loop_us=1717 d_raster_us=0 d_observe_us=112121 max_observe_us=17505 d_paints=0 d_skips=50 d_ticks=3 window_ms=1305
[host] hitch livexb68id_0: observe_us=16445 paints=0 skips=1921 ticks=104
[script livexb68id_0] interact Npc { name: "Guard", action: "Attack", index: Some(3555) }
[host] hitch livexb68id_0: observe_us=17589 paints=0 skips=1944 ticks=105
[host] slot livexb68id_0: d_loop_us=1753 d_raster_us=0 d_observe_us=93849 max_observe_us=17589 d_paints=0 d_skips=50 d_ticks=2 window_ms=1274
[host] hitch livexb68id_0: observe_us=20202 paints=0 skips=1967 ticks=106
[host] slot livexb68id_0: d_loop_us=1924 d_raster_us=0 d_observe_us=88932 max_observe_us=20202 d_paints=0 d_skips=50 d_ticks=2 window_ms=1341
[host] hitch livexb68id_0: observe_us=17443 paints=0 skips=2012 ticks=108
[host] slot livexb68id_0: d_loop_us=1862 d_raster_us=0 d_observe_us=85921 max_observe_us=17443 d_paints=0 d_skips=50 d_ticks=2 window_ms=1317
[host] hitch livexb68id_0: observe_us=16905 paints=0 skips=2058 ticks=110
[host] hitch livexb68id_0: observe_us=18763 paints=0 skips=2081 ticks=111
[host] slot livexb68id_0: d_loop_us=2246 d_raster_us=0 d_observe_us=101686 max_observe_us=18763 d_paints=0 d_skips=50 d_ticks=2 window_ms=1281
[host] hitch livexb68id_0: observe_us=18189 paints=0 skips=2105 ticks=112
[host] hitch livexb68id_0: observe_us=16788 paints=0 skips=2127 ticks=113
[host] hitch livexb68id_0: observe_us=16034 paints=0 skips=2149 ticks=114
[host] slot livexb68id_0: d_loop_us=2064 d_raster_us=0 d_observe_us=120166 max_observe_us=18189 d_paints=0 d_skips=50 d_ticks=3 window_ms=1346
[script livexb68id_0] interact Held { name: "Trout", action: "Eat" }
[shim-held] Trout Eat slot=2 -> sent
[host] hitch livexb68id_0: observe_us=16530 paints=0 skips=2195 ticks=116
[host] slot livexb68id_0: d_loop_us=1637 d_raster_us=0 d_observe_us=89818 max_observe_us=16530 d_paints=0 d_skips=50 d_ticks=2 window_ms=1275
[host] hitch livexb68id_0: observe_us=17167 paints=0 skips=2218 ticks=117
[host] hitch livexb68id_0: observe_us=17636 paints=0 skips=2241 ticks=118
[host] slot livexb68id_0: d_loop_us=2111 d_raster_us=0 d_observe_us=100343 max_observe_us=17636 d_paints=0 d_skips=50 d_ticks=2 window_ms=1333
[host] hitch livexb68id_0: observe_us=19756 paints=0 skips=2263 ticks=119
[host] hitch livexb68id_0: observe_us=16773 paints=0 skips=2287 ticks=120
[host] slot livexb68id_0: d_loop_us=1874 d_raster_us=0 d_observe_us=108195 max_observe_us=19756 d_paints=0 d_skips=50 d_ticks=2 window_ms=1285
[host] hitch livexb68id_0: observe_us=16098 paints=0 skips=2310 ticks=121
[host] hitch livexb68id_0: observe_us=16086 paints=0 skips=2333 ticks=122
[host] slot livexb68id_0: d_loop_us=1619 d_raster_us=0 d_observe_us=87065 max_observe_us=16098 d_paints=0 d_skips=50 d_ticks=2 window_ms=1309
[host] hitch livexb68id_0: observe_us=16552 paints=0 skips=2356 ticks=123
[host] hitch livexb68id_0: observe_us=18753 paints=0 skips=2378 ticks=124
[host] slot livexb68id_0: d_loop_us=2299 d_raster_us=0 d_observe_us=99085 max_observe_us=18753 d_paints=0 d_skips=50 d_ticks=2 window_ms=1330
[host] hitch livexb68id_0: observe_us=19224 paints=0 skips=2425 ticks=126
[host] hitch livexb68id_0: observe_us=19522 paints=0 skips=2447 ticks=127
[host] slot livexb68id_0: d_loop_us=1858 d_raster_us=0 d_observe_us=121113 max_observe_us=19522 d_paints=0 d_skips=50 d_ticks=3 window_ms=1290
[host] hitch livexb68id_0: observe_us=18697 paints=0 skips=2493 ticks=129
[host] slot livexb68id_0: d_loop_us=1792 d_raster_us=0 d_observe_us=91019 max_observe_us=18697 d_paints=0 d_skips=50 d_ticks=2 window_ms=1312
[host] hitch livexb68id_0: observe_us=16353 paints=0 skips=2539 ticks=131
[host] slot livexb68id_0: d_loop_us=1687 d_raster_us=0 d_observe_us=91141 max_observe_us=16353 d_paints=0 d_skips=50 d_ticks=2 window_ms=1297
[host] hitch livexb68id_0: observe_us=16050 paints=0 skips=2586 ticks=133
[host] slot livexb68id_0: d_loop_us=1927 d_raster_us=0 d_observe_us=96531 max_observe_us=16050 d_paints=0 d_skips=50 d_ticks=2 window_ms=1321
[host] hitch livexb68id_0: observe_us=18419 paints=0 skips=2608 ticks=134
[host] slot livexb68id_0: d_loop_us=1660 d_raster_us=0 d_observe_us=93600 max_observe_us=18419 d_paints=0 d_skips=50 d_ticks=2 window_ms=1313
[host] hitch livexb68id_0: observe_us=19883 paints=0 skips=2654 ticks=136
[host] slot livexb68id_0: d_loop_us=2459 d_raster_us=0 d_observe_us=107222 max_observe_us=19883 d_paints=0 d_skips=50 d_ticks=3 window_ms=1285
[host] hitch livexb68id_0: observe_us=17984 paints=0 skips=2723 ticks=139
[host] slot livexb68id_0: d_loop_us=1949 d_raster_us=0 d_observe_us=106443 max_observe_us=17984 d_paints=0 d_skips=50 d_ticks=2 window_ms=1273
[host] hitch livexb68id_0: observe_us=16828 paints=0 skips=2771 ticks=141
[host] hitch livexb68id_0: observe_us=16135 paints=0 skips=2794 ticks=142
[host] slot livexb68id_0: d_loop_us=1722 d_raster_us=0 d_observe_us=89769 max_observe_us=16828 d_paints=0 d_skips=50 d_ticks=2 window_ms=1274
[script livexb68id_0] interact Held { name: "Trout", action: "Eat" }
[shim-held] Trout Eat slot=3 -> sent
[host] slot livexb68id_0: d_loop_us=1051 d_raster_us=0 d_observe_us=45361 max_observe_us=11009 d_paints=0 d_skips=50 d_ticks=2 window_ms=1291
[host] slot livexb68id_0: d_loop_us=989 d_raster_us=0 d_observe_us=43634 max_observe_us=8436 d_paints=0 d_skips=50 d_ticks=2 window_ms=1321
[host] slot livexb68id_0: d_loop_us=1063 d_raster_us=0 d_observe_us=42157 max_observe_us=7921 d_paints=0 d_skips=50 d_ticks=2 window_ms=1354
[host] slot livexb68id_0: d_loop_us=1124 d_raster_us=0 d_observe_us=54781 max_observe_us=7946 d_paints=0 d_skips=50 d_ticks=3 window_ms=1330
[host] hitch livexb68id_0: observe_us=16185 paints=0 skips=3044 ticks=153
[host] slot livexb68id_0: d_loop_us=1431 d_raster_us=0 d_observe_us=67611 max_observe_us=16185 d_paints=0 d_skips=50 d_ticks=2 window_ms=1298
[host] slot livexb68id_0: d_loop_us=2098 d_raster_us=0 d_observe_us=92742 max_observe_us=13594 d_paints=0 d_skips=50 d_ticks=2 window_ms=1310
[host] slot livexb68id_0: d_loop_us=1166 d_raster_us=0 d_observe_us=63214 max_observe_us=9514 d_paints=0 d_skips=50 d_ticks=2 window_ms=1352
[host] slot livexb68id_0: d_loop_us=1104 d_raster_us=0 d_observe_us=44155 max_observe_us=7775 d_paints=0 d_skips=50 d_ticks=2 window_ms=1340
[host] slot livexb68id_0: d_loop_us=1064 d_raster_us=0 d_observe_us=51125 max_observe_us=7876 d_paints=0 d_skips=50 d_ticks=3 window_ms=1308
[host] slot livexb68id_0: d_loop_us=1079 d_raster_us=0 d_observe_us=42602 max_observe_us=7799 d_paints=0 d_skips=50 d_ticks=2 window_ms=1309
[host] slot livexb68id_0: d_loop_us=1015 d_raster_us=0 d_observe_us=41982 max_observe_us=7797 d_paints=0 d_skips=50 d_ticks=2 window_ms=1320
[host] slot livexb68id_0: d_loop_us=1322 d_raster_us=0 d_observe_us=52697 max_observe_us=8548 d_paints=0 d_skips=50 d_ticks=2 window_ms=1345
[host] slot livexb68id_0: d_loop_us=1474 d_raster_us=0 d_observe_us=77947 max_observe_us=10994 d_paints=0 d_skips=50 d_ticks=2 window_ms=1350
[host] slot livexb68id_0: d_loop_us=2315 d_raster_us=0 d_observe_us=103872 max_observe_us=14747 d_paints=0 d_skips=50 d_ticks=3 window_ms=1342
[host] slot livexb68id_0: d_loop_us=1110 d_raster_us=0 d_observe_us=43404 max_observe_us=7847 d_paints=0 d_skips=50 d_ticks=2 window_ms=1336
[host] slot livexb68id_0: d_loop_us=1006 d_raster_us=0 d_observe_us=43035 max_observe_us=7882 d_paints=0 d_skips=50 d_ticks=2 window_ms=1328
[host] slot livexb68id_0: d_loop_us=1057 d_raster_us=0 d_observe_us=43494 max_observe_us=8095 d_paints=0 d_skips=50 d_ticks=2 window_ms=1325
[host] slot livexb68id_0: d_loop_us=1326 d_raster_us=0 d_observe_us=58293 max_observe_us=11596 d_paints=0 d_skips=50 d_ticks=3 window_ms=1303
[host] hitch livexb68id_0: observe_us=17029 paints=0 skips=3700 ticks=182
[host] hitch livexb68id_0: observe_us=16446 paints=0 skips=3722 ticks=183
[host] hitch livexb68id_0: observe_us=16484 paints=0 skips=3745 ticks=184
[host] slot livexb68id_0: d_loop_us=1807 d_raster_us=0 d_observe_us=103384 max_observe_us=17029 d_paints=0 d_skips=50 d_ticks=2 window_ms=1313
[host] slot livexb68id_0: d_loop_us=1419 d_raster_us=0 d_observe_us=73998 max_observe_us=15410 d_paints=0 d_skips=50 d_ticks=2 window_ms=1350
[host] hitch livexb68id_0: observe_us=16205 paints=0 skips=3813 ticks=187
[host] hitch livexb68id_0: observe_us=17096 paints=0 skips=3835 ticks=188
[host] slot livexb68id_0: d_loop_us=2799 d_raster_us=0 d_observe_us=90336 max_observe_us=17096 d_paints=0 d_skips=50 d_ticks=2 window_ms=1325
[host] hitch livexb68id_0: observe_us=18347 paints=0 skips=3880 ticks=190
[host] slot livexb68id_0: d_loop_us=1609 d_raster_us=0 d_observe_us=96048 max_observe_us=18347 d_paints=0 d_skips=50 d_ticks=2 window_ms=1323
[host] hitch livexb68id_0: observe_us=16062 paints=0 skips=3926 ticks=192
[host] hitch livexb68id_0: observe_us=18704 paints=0 skips=3949 ticks=193
[host] slot livexb68id_0: d_loop_us=1369 d_raster_us=0 d_observe_us=88020 max_observe_us=18704 d_paints=0 d_skips=50 d_ticks=3 window_ms=1327
[host] hitch livexb68id_0: observe_us=18105 paints=0 skips=3972 ticks=194
[host] hitch livexb68id_0: observe_us=19261 paints=0 skips=3995 ticks=195
[host] slot livexb68id_0: d_loop_us=1656 d_raster_us=0 d_observe_us=91533 max_observe_us=19261 d_paints=0 d_skips=50 d_ticks=2 window_ms=1284
[host] hitch livexb68id_0: observe_us=17066 paints=0 skips=4018 ticks=196
[script livexb68id_0] interact Npc { name: "Guard", action: "Attack", index: Some(3556) }
[host] hitch livexb68id_0: observe_us=29744 paints=0 skips=4041 ticks=197
[host] slot livexb68id_0: d_loop_us=1716 d_raster_us=0 d_observe_us=109340 max_observe_us=29744 d_paints=0 d_skips=50 d_ticks=2 window_ms=1288
[host] hitch livexb68id_0: observe_us=31052 paints=0 skips=4064 ticks=198
[host] slot livexb68id_0: d_loop_us=1508 d_raster_us=0 d_observe_us=100906 max_observe_us=31052 d_paints=0 d_skips=50 d_ticks=2 window_ms=1342
[host] slot livexb68id_0: d_loop_us=1862 d_raster_us=0 d_observe_us=60572 max_observe_us=11133 d_paints=0 d_skips=50 d_ticks=2 window_ms=1316
[host] slot livexb68id_0: d_loop_us=949 d_raster_us=0 d_observe_us=40052 max_observe_us=7974 d_paints=0 d_skips=50 d_ticks=3 window_ms=1311
[host] slot livexb68id_0: d_loop_us=985 d_raster_us=0 d_observe_us=47502 max_observe_us=8121 d_paints=0 d_skips=50 d_ticks=2 window_ms=1336
[script livexb68id_0] interact Held { name: "Trout", action: "Eat" }
[shim-held] Trout Eat slot=4 -> sent
[host] slot livexb68id_0: d_loop_us=930 d_raster_us=0 d_observe_us=42676 max_observe_us=8078 d_paints=0 d_skips=50 d_ticks=2 window_ms=1283
[host] slot livexb68id_0: d_loop_us=993 d_raster_us=0 d_observe_us=41696 max_observe_us=9431 d_paints=0 d_skips=50 d_ticks=2 window_ms=1304
[host] slot livexb68id_0: d_loop_us=888 d_raster_us=0 d_observe_us=39450 max_observe_us=7655 d_paints=0 d_skips=50 d_ticks=2 window_ms=1316
[host] slot livexb68id_0: d_loop_us=1136 d_raster_us=0 d_observe_us=53435 max_observe_us=8585 d_paints=0 d_skips=50 d_ticks=2 window_ms=1295
[host] slot livexb68id_0: d_loop_us=1300 d_raster_us=0 d_observe_us=72485 max_observe_us=13710 d_paints=0 d_skips=50 d_ticks=3 window_ms=1303
[host] slot livexb68id_0: d_loop_us=1558 d_raster_us=0 d_observe_us=84164 max_observe_us=15140 d_paints=0 d_skips=50 d_ticks=2 window_ms=1271
[script livexb68id_0] interact Held { name: "Trout", action: "Eat" }
[shim-held] Trout Eat slot=5 -> sent
[host] slot livexb68id_0: d_loop_us=1635 d_raster_us=0 d_observe_us=70871 max_observe_us=15737 d_paints=0 d_skips=50 d_ticks=2 window_ms=1278
[host] hitch livexb68id_0: observe_us=19936 paints=0 skips=4616 ticks=222
[host] slot livexb68id_0: d_loop_us=2007 d_raster_us=0 d_observe_us=89791 max_observe_us=19936 d_paints=0 d_skips=50 d_ticks=2 window_ms=1277
[host] hitch livexb68id_0: observe_us=17597 paints=0 skips=4663 ticks=224
[host] hitch livexb68id_0: observe_us=17793 paints=0 skips=4685 ticks=225
[host] slot livexb68id_0: d_loop_us=1742 d_raster_us=0 d_observe_us=89644 max_observe_us=17793 d_paints=0 d_skips=50 d_ticks=2 window_ms=1340
[host] hitch livexb68id_0: observe_us=16061 paints=0 skips=4707 ticks=226
[host] slot livexb68id_0: d_loop_us=1622 d_raster_us=0 d_observe_us=83983 max_observe_us=16061 d_paints=0 d_skips=50 d_ticks=2 window_ms=1311
[host] hitch livexb68id_0: observe_us=16625 paints=0 skips=4776 ticks=229
[host] slot livexb68id_0: d_loop_us=1600 d_raster_us=0 d_observe_us=97936 max_observe_us=16625 d_paints=0 d_skips=50 d_ticks=3 window_ms=1314
[host] hitch livexb68id_0: observe_us=17103 paints=0 skips=4822 ticks=231
[host] slot livexb68id_0: d_loop_us=1608 d_raster_us=0 d_observe_us=76525 max_observe_us=17103 d_paints=0 d_skips=50 d_ticks=2 window_ms=1320
[host] slot livexb68id_0: d_loop_us=1788 d_raster_us=0 d_observe_us=80836 max_observe_us=11606 d_paints=0 d_skips=50 d_ticks=2 window_ms=1312
[host] hitch livexb68id_0: observe_us=16735 paints=0 skips=4913 ticks=235
[host] hitch livexb68id_0: observe_us=16072 paints=0 skips=4936 ticks=236
[host] slot livexb68id_0: d_loop_us=1669 d_raster_us=0 d_observe_us=92206 max_observe_us=16735 d_paints=0 d_skips=50 d_ticks=2 window_ms=1315
[host] hitch livexb68id_0: observe_us=16829 paints=0 skips=4982 ticks=238
[host] slot livexb68id_0: d_loop_us=1675 d_raster_us=0 d_observe_us=83487 max_observe_us=16829 d_paints=0 d_skips=50 d_ticks=2 window_ms=1293
[host] hitch livexb68id_0: observe_us=19177 paints=0 skips=5005 ticks=239
[host] hitch livexb68id_0: observe_us=16124 paints=0 skips=5028 ticks=240
[host] slot livexb68id_0: d_loop_us=2010 d_raster_us=0 d_observe_us=107374 max_observe_us=19177 d_paints=0 d_skips=50 d_ticks=2 window_ms=1312
[host] hitch livexb68id_0: observe_us=18498 paints=0 skips=5051 ticks=241
[host] slot livexb68id_0: d_loop_us=1697 d_raster_us=0 d_observe_us=94770 max_observe_us=18498 d_paints=0 d_skips=50 d_ticks=3 window_ms=1293
[host] hitch livexb68id_0: observe_us=16182 paints=0 skips=5119 ticks=244
[host] slot livexb68id_0: d_loop_us=1694 d_raster_us=0 d_observe_us=77764 max_observe_us=16182 d_paints=0 d_skips=50 d_ticks=2 window_ms=1339
[host] hitch livexb68id_0: observe_us=19103 paints=0 skips=5164 ticks=246
[host] hitch livexb68id_0: observe_us=19667 paints=0 skips=5187 ticks=247
[host] slot livexb68id_0: d_loop_us=1676 d_raster_us=0 d_observe_us=90245 max_observe_us=19667 d_paints=0 d_skips=50 d_ticks=2 window_ms=1306
[host] slot livexb68id_0: d_loop_us=1339 d_raster_us=0 d_observe_us=64290 max_observe_us=14565 d_paints=0 d_skips=50 d_ticks=2 window_ms=1324
[host] slot livexb68id_0: d_loop_us=1470 d_raster_us=0 d_observe_us=80778 max_observe_us=15829 d_paints=0 d_skips=50 d_ticks=2 window_ms=1317
[host] hitch livexb68id_0: observe_us=16793 paints=0 skips=5324 ticks=253
[host] slot livexb68id_0: d_loop_us=1593 d_raster_us=0 d_observe_us=91103 max_observe_us=16793 d_paints=0 d_skips=50 d_ticks=3 window_ms=1305
[host] slot livexb68id_0: d_loop_us=1574 d_raster_us=0 d_observe_us=75458 max_observe_us=14073 d_paints=0 d_skips=50 d_ticks=2 window_ms=1352
[host] slot livexb68id_0: d_loop_us=1145 d_raster_us=0 d_observe_us=48986 max_observe_us=7775 d_paints=0 d_skips=50 d_ticks=2 window_ms=1306
[host] hitch livexb68id_0: observe_us=16099 paints=0 skips=5483 ticks=260
[host] slot livexb68id_0: d_loop_us=1514 d_raster_us=0 d_observe_us=77252 max_observe_us=16099 d_paints=0 d_skips=50 d_ticks=2 window_ms=1308
[host] hitch livexb68id_0: observe_us=16383 paints=0 skips=5530 ticks=262
[host] slot livexb68id_0: d_loop_us=1485 d_raster_us=0 d_observe_us=78615 max_observe_us=16383 d_paints=0 d_skips=50 d_ticks=2 window_ms=1299
[host] slot livexb68id_0: d_loop_us=1391 d_raster_us=0 d_observe_us=74084 max_observe_us=14555 d_paints=0 d_skips=50 d_ticks=3 window_ms=1322
[script livexb68id_0] interact Held { name: "Trout", action: "Eat" }
[shim-held] Trout Eat slot=6 -> sent
[host] slot livexb68id_0: d_loop_us=1005 d_raster_us=0 d_observe_us=44356 max_observe_us=9453 d_paints=0 d_skips=50 d_ticks=2 window_ms=1316
[host] slot livexb68id_0: d_loop_us=1589 d_raster_us=0 d_observe_us=76126 max_observe_us=15735 d_paints=0 d_skips=50 d_ticks=2 window_ms=1327
[host] hitch livexb68id_0: observe_us=16072 paints=0 skips=5711 ticks=270
[host] slot livexb68id_0: d_loop_us=1619 d_raster_us=0 d_observe_us=79151 max_observe_us=16072 d_paints=0 d_skips=50 d_ticks=2 window_ms=1297
[host] hitch livexb68id_0: observe_us=19082 paints=0 skips=5757 ticks=272
[host] slot livexb68id_0: d_loop_us=1359 d_raster_us=0 d_observe_us=77756 max_observe_us=19082 d_paints=0 d_skips=50 d_ticks=2 window_ms=1361
[host] hitch livexb68id_0: observe_us=16375 paints=0 skips=5825 ticks=275
[host] slot livexb68id_0: d_loop_us=2786 d_raster_us=0 d_observe_us=84054 max_observe_us=16375 d_paints=0 d_skips=50 d_ticks=3 window_ms=1279
[host] slot livexb68id_0: d_loop_us=1530 d_raster_us=0 d_observe_us=75094 max_observe_us=13588 d_paints=0 d_skips=50 d_ticks=2 window_ms=1322
[host] hitch livexb68id_0: observe_us=16338 paints=0 skips=5939 ticks=280
[host] slot livexb68id_0: d_loop_us=1777 d_raster_us=0 d_observe_us=86360 max_observe_us=16338 d_paints=0 d_skips=50 d_ticks=2 window_ms=1327
[host] hitch livexb68id_0: observe_us=16449 paints=0 skips=5984 ticks=282
[host] slot livexb68id_0: d_loop_us=1661 d_raster_us=0 d_observe_us=78913 max_observe_us=16449 d_paints=0 d_skips=50 d_ticks=2 window_ms=1296
[host] slot livexb68id_0: d_loop_us=1464 d_raster_us=0 d_observe_us=70821 max_observe_us=13340 d_paints=0 d_skips=50 d_ticks=2 window_ms=1334
[host] hitch livexb68id_0: observe_us=16465 paints=0 skips=6075 ticks=286
[host] slot livexb68id_0: d_loop_us=1660 d_raster_us=0 d_observe_us=96644 max_observe_us=16465 d_paints=0 d_skips=50 d_ticks=3 window_ms=1340
[host] hitch livexb68id_0: observe_us=19090 paints=0 skips=6121 ticks=288
[host] hitch livexb68id_0: observe_us=17808 paints=0 skips=6145 ticks=289
[host] slot livexb68id_0: d_loop_us=1764 d_raster_us=0 d_observe_us=86187 max_observe_us=19090 d_paints=0 d_skips=50 d_ticks=2 window_ms=1261
[host] hitch livexb68id_0: observe_us=20411 paints=0 skips=6168 ticks=290
[host] hitch livexb68id_0: observe_us=16575 paints=0 skips=6192 ticks=291
[host] slot livexb68id_0: d_loop_us=1761 d_raster_us=0 d_observe_us=95509 max_observe_us=20411 d_paints=0 d_skips=50 d_ticks=2 window_ms=1287
[host] slot livexb68id_0: d_loop_us=1384 d_raster_us=0 d_observe_us=60883 max_observe_us=10931 d_paints=0 d_skips=50 d_ticks=2 window_ms=1311
FAIL: catalog_boundary_live: bounded timeout; runner=Passed; core={"error":"auto_fighter core post-Start delta incomplete","witness":{"case":"auto_fighter","baseline":{"ingame":true,"scene_state":2,"player":"Livexb68id 0","tile":[2661,3306,0],"combat_level":36,"tick":23,"items":{"Adamant scimitar":1,"Trout":8},"item_ids":{"333":8,"1331":1},"bank":{},"bank_ids":{},"bank_open":false,"bank_loaded":false,"bank_generation":0,"levels":{"-unused-":0,"agility":1,"attack":40,"cooking":1,"crafting":1,"defence":1,"firemaking":1,"fishing":1,"fletching":1,"herblore":1,"hitpoints":40,"magic":1,"mining":1,"prayer":1,"ranged":1,"runecraft":1,"slayer":1,"smithing":1,"strength":40,"thieving":1,"woodcutting":1},"xp":{"-unused-":0,"agility":0,"attack":37224,"cooking":0,"crafting":0,"defence":0,"firemaking":0,"fishing":0,"fletching":0,"herblore":0,"hitpoints":37224,"magic":0,"mining":0,"prayer":0,"ranged":0,"runecraft":0,"slayer":0,"smithing":0,"strength":37224,"thieving":0,"woodcutting":0},"varps":{"309":0},"chat":[[7,"Inventory wiped."],[6,"set tutorial: to 1000"],[5,"Welcome to RuneScape."]],"loc_facts":[],"npc_facts":[{"index":3541,"name":"Guard","health":0,"total_health":0,"animation":-1,"in_combat":false,"targeting_local":false,"tile":[2653,3311,0],"distance":8},{"index":3557,"name":"Guard","health":0,"total_health":0,"animation":-1,"in_combat":false,"targeting_local":false,"tile":[2661,3299,0],"distance":7},{"index":3554,"name":"Guard","health":0,"total_health":0,"animation":-1,"in_combat":false,"targeting_local":false,"tile":[2657,3307,0],"distance":4},{"index":3556,"name":"Guard","health":0,"total_health":0,"animation":-1,"in_combat":false,"targeting_local":false,"tile":[2658,3309,0],"distance":3},{"index":3555,"name":"Guard","health":0,"total_health":0,"animation":-1,"in_combat":false,"targeting_local":false,"tile":[2658,3312,0],"distance":6},{"index":3559,"name":"Guard","health":0,"total_health":0,"animation":-1,"in_combat":false,"targeting_local":false,"tile":[2666,3302,0],"distance":5}],"ground_loot":[],"local_in_combat":false,"local_target_npc":null,"local_health":0,"local_animation":-1,"equipment_ids":{},"main_modal":-1,"widget_ids":[3213,3214]},"latest":{"ingame":true,"scene_state":2,"player":"Livexb68id 0","tile":[2660,3309,0],"combat_level":36,"tick":294,"items":{"Adamant scimitar":1,"Trout":2},"item_ids":{"333":2,"1331":1},"bank":{},"bank_ids":{},"bank_open":false,"bank_loaded":false,"bank_generation":0,"levels":{"-unused-":0,"agility":1,"attack":40,"cooking":1,"crafting":1,"defence":1,"firemaking":1,"fishing":1,"fletching":1,"herblore":1,"hitpoints":40,"magic":1,"mining":1,"prayer":1,"ranged":1,"runecraft":1,"slayer":1,"smithing":1,"strength":40,"thieving":1,"woodcutting":1},"xp":{"-unused-":0,"agility":0,"attack":37224,"cooking":0,"crafting":0,"defence":0,"firemaking":0,"fishing":0,"fletching":0,"herblore":0,"hitpoints":37311,"magic":0,"mining":0,"prayer":0,"ranged":0,"runecraft":0,"slayer":0,"smithing":0,"strength":37492,"thieving":0,"woodcutting":0},"varps":{"309":0},"chat":[[19,"It heals some health."],[18,"You eat the trout."],[17,"It heals some health."],[16,"You eat the trout."],[15,"It heals some health."],[14,"You eat the trout."],[13,"It heals some health."],[12,"You eat the trout."],[11,"It heals some health."],[10,"You eat the trout."],[9,"It heals some health."],[8,"You eat the trout."],[7,"Inventory wiped."],[6,"set tutorial: to 1000"],[5,"Welcome to RuneScape."]],"loc_facts":[],"npc_facts":[{"index":3541,"name":"Guard","health":0,"total_health":0,"animation":-1,"in_combat":false,"targeting_local":false,"tile":[2654,3310,0],"distance":6},{"index":3556,"name":"Guard","health":0,"total_health":22,"animation":836,"in_combat":true,"targeting_local":false,"tile":[2661,3309,0],"distance":1},{"index":3554,"name":"Guard","health":0,"total_health":0,"animation":-1,"in_combat":false,"targeting_local":false,"tile":[2659,3305,0],"distance":4},{"index":3555,"name":"Guard","health":0,"total_health":0,"animation":-1,"in_combat":false,"targeting_local":false,"tile":[2663,3313,0],"distance":4}],"ground_loot":[{"id":526,"count":1,"tile":[2658,3311,0],"distance":2}],"local_in_combat":true,"local_target_npc":null,"local_health":36,"local_animation":-1,"equipment_ids":{},"main_modal":-1,"widget_ids":[3213,3214]},"max_items":{"Adamant scimitar":1,"Trout":8},"max_xp":{"-unused-":0,"agility":0,"attack":37224,"cooking":0,"crafting":0,"defence":0,"firemaking":0,"fishing":0,"fletching":0,"herblore":0,"hitpoints":37311,"magic":0,"mining":0,"prayer":0,"ranged":0,"runecraft":0,"slayer":0,"smithing":0,"strength":37492,"thieving":0,"woodcutting":0},"saw_bury_chat":false,"post_start_observations":6177,"bone_bank_cycle":{"first_batch_buried":false,"opened":null,"withdrawn":null,"buried_after_withdrawal":false},"bank_fletcher_cycle":{"first_pack_created":false,"deposited":null,"withdrawn":null,"crafted_after_withdrawal":false},"bank_fletcher_option_cycle":{"first":null,"deposited":null,"restocked":null,"further":false},"bank_fletcher_string_cycle":{"initial_pairs_strung":false,"deposited":null,"withdrawn":null,"strung_after_withdrawal":false},"bank_fletcher_cut_string_cycle":{"cut_pair_created":false,"deposited":null,"withdrawn":null,"string_pair_created":false},"alcher_defaults_cycle":{"withdrawn":null,"consumed":false},"alcher_generated_custom_cycle":{"withdrawn":null,"consumed":false},"dart_fletcher_cycle":{"first":null,"further":false,"wrong_tier":false},"herb_cleaner_cycle":{"first_pack":false,"deposited":null,"withdrawn":null,"cleaned_after_withdrawal":false,"filter_violated":false},"gem_cutter_cycle":{"first_pack":false,"deposited":null,"withdrawn":null,"cut_after_withdrawal":false,"filter_violated":false},"door_opener_cycle":{"selected":null,"opened":false},"gnome_course_cycle":{"log":null,"ground_return":null,"pipe":null,"second_lap":false},"wildy_agility_cycle":{"ridge":null,"pipe":null,"rope":null,"stone":null,"log":null,"rocks":null,"further_pipe":false},"brimhaven_agility_cycle":{"paid":false,"entered":null,"moved":null,"first_tag":false,"ticket":null,"subsequent_work":false},"flax_picker_cycle":{"first_pack":false,"deposited":null,"returned":false,"further":false},"superheater_cycle":{"first_bars":false,"deposited":null,"withdrawn":null,"produced_after_withdrawal":false,"wrong_product":false,"wrong_staff":false},"chicken_killer_bank_cycle":{"combat_loot":false,"deposited":null,"returned":false,"further":false},"vial_filler_cycle":{"filled":null,"deposited":null,"withdrawn":null,"returned":false,"further":false},"potion_maker_cycle":{"unfinished":null,"finished":null,"deposited":null,"withdrawn":null,"further":false,"wrong_product":false,"filter_violated":false},"tanner_bot_cycle":{"widget":null,"tanned":null,"deposited":null,"withdrawn":null,"returned":false,"further":false,"wrong_product":false,"shop":false},"rune_crafter_cycle":{"withdrawn":null,"entered":null,"crafted":null,"exited":null,"deposited":null,"restocked":null,"returned":false,"further":false,"wrong_product":false,"noted":false},"ardy_cakes_cycle":{"stolen":null,"deposited":null,"returned":false,"further":false,"wrong_product":false,"noted":false},"ardy_thiever_cycle":{"pickpocketed":null,"deposited":null,"returned":false,"further":false},"gnome_chop_cycle":{"chopped":null,"deposited":null,"returned":false,"further":false,"wrong_product":false,"noted":false},"gnome_fletch_cycle":{"chopped":null,"fletched":null,"deposited":null,"returned":false,"further":false,"wrong_product":false,"noted":false},"coal_trucks_cycle":{"mined":null,"trucked":null,"further":false,"noted":false,"banked":false},"station_production_cycle":{"withdrawn":null,"produced":null,"deposited":null,"restocked":null,"returned":false,"further":false,"wrong_product":false,"noted":false},"flax_aio_cycle":{"picked":null,"produced":null,"deposited":null,"returned":false,"further":false,"wrong_product":false,"noted":false},"flax_aio_pick_cycle":{"first_pack":false,"deposited":null,"returned":false,"further":false,"wrong_product":false,"noted":false},"herblore_eggs_cycle":{"taken":false,"deposited":null,"returned":false,"further":false,"wrong_product":false,"noted":false},"herblore_newt_cycle":{"bought":false,"deposited":null,"returned":false,"further":false,"coins_spent":false,"coins_peak":0,"wrong_product":false,"noted":false},"combat_core_cycle":{"engagements":5234,"defeats":0,"style_xp":true,"looted":false,"noted":false,"activated":false,"shield_worn":false,"stolen_food":false,"wrong_item":false,"dormant_indexes":[],"dormant_tiles":{},"last":{"3541":{"name":"Guard","health":0,"animation":-1,"tile":[2654,3310,0],"engaged":false,"defeated":true},"3554":{"name":"Guard","health":0,"animation":-1,"tile":[2659,3305,0],"engaged":true,"defeated":true},"3555":{"name":"Guard","health":0,"animation":-1,"tile":[2663,3313,0],"engaged":true,"defeated":true},"3556":{"name":"Guard","health":0,"animation":836,"tile":[2661,3309,0],"engaged":true,"defeated":true},"3557":{"name":"Guard","health":0,"animation":-1,"tile":[2661,3301,0],"engaged":false,"defeated":true},"3558":{"name":"Guard","health":0,"animation":-1,"tile":[2662,3317,0],"engaged":false,"defeated":true},"3559":{"name":"Guard","health":0,"animation":-1,"tile":[2661,3301,0],"engaged":false,"defeated":true}},"currently_engaged":[3554,3555,3556],"facts":[{"kind":"engage","index":3554,"name":"Guard","health":22,"animation":403,"loot_id":null,"zero_health":false},{"kind":"engage","index":3554,"name":"Guard","health":22,"animation":403,"loot_id":null,"zero_health":false},{"kind":"engage","index":3554,"name":"Guard","health":22,"animation":403,"loot_id":null,"zero_health":false},{"kind":"engage","index":3554,"name":"Guard","health":22,"animation":403,"loot_id":null,"zero_health":false},{"kind":"engage","index":3554,"name":"Guard","health":22,"animation":403,"loot_id":null,"zero_health":false},{"kind":"engage","index":3554,"name":"Guard","health":22,"animation":403,"loot_id":null,"zero_health":false},{"kind":"engage","index":3554,"name":"Guard","health":22,"animation":403,"loot_id":null,"zero_health":false},{"kind":"engage","index":3554,"name":"Guard","health":22,"animation":403,"loot_id":null,"zero_health":false},{"kind":"engage","index":3554,"name":"Guard","health":22,"animation":403,"loot_id":null,"zero_health":false},{"kind":"engage","index":3554,"name":"Guard","health":22,"animation":403,"loot_id":null,"zero_health":false},{"kind":"engage","index":3554,"name":"Guard","health":22,"animation":403,"loot_id":null,"zero_health":false},{"kind":"engage","index":3554,"name":"Guard","health":22,"animation":403,"loot_id":null,"zero_health":false},{"kind":"engage","index":3554,"name":"Guard","health":22,"animation":403,"loot_id":null,"zero_health":false},{"kind":"engage","index":3554,"name":"Guard","health":22,"animation":403,"loot_id":null,"zero_health":false},{"kind":"engage","index":3554,"name":"Guard","health":22,"animation":403,"loot_id":null,"zero_health":false},{"kind":"engage","index":3554,"name":"Guard","health":22,"animation":403,"loot_id":null,"zero_health":false}]},"ordered_first_exhausted":false}}
