
running 1 test
{"phase":"identity","revision":274,"profile":"local-274 · 127.0.0.1:43594 · revision 274","cache_id":"4aac9b63312dcb75d5de8f686772d083ba0808c57985438246edf21ef522be1c","nav_pack":"/Users/acfrazier/experiments/274bot/.worktrees/rs2b0t-multirevision/.superpowers/world-capabilities/274/274bot.navpack","nav_sha256":"05db24743e9f549ced16c1f00b87c30a390d3aaec391815da3f3563130b3bcd4","catalog_commit":"8e7d965be2071d6ec65c3265e12af797082d720a","catalog_identity":"289-updated frozen catalog","catalog_read_only_path":".superpowers/inputs/rs2b0t-8e7d965be2071d6ec65c3265e12af797082d720a","catalog_root":"/Users/acfrazier/experiments/274bot/.worktrees/rs2b0t-multirevision/.superpowers/inputs/rs2b0t-8e7d965be2071d6ec65c3265e12af797082d720a","registry_path":"/Users/acfrazier/experiments/274bot/.worktrees/rs2b0t-multirevision/.superpowers/inputs/rs2b0t-8e7d965be2071d6ec65c3265e12af797082d720a/src/bot/scripts/index.ts","registry_sha256":"b614aedb3d5adfdfbac3760f082273f3cf5c33fffe4ced0f2b01490ae02d1bc2","card":{"card":"Alcher","source_path":"/Users/acfrazier/experiments/274bot/.worktrees/rs2b0t-multirevision/.superpowers/inputs/rs2b0t-8e7d965be2071d6ec65c3265e12af797082d720a/src/bot/scripts/Alcher/Alcher.ts","source_sha256":"1a09baa1117544a2bb80da145829e69c9ced029ad5af533616afa8e7a36f2032","compiled_sha256":"b135fe3d8a67fa4856830370523147832ce791f08c2e08290c2cf7cf82afab1e","siblings":[{"module":"/rs2b0t/bot/scripts/bot/AlcherLogic.js","compiled_sha256":"d531c3378e4510631386b4406dccc335ca1535ff38212f26bf9212fe19d8b61c"}],"settings":{"customItem":"","alchs":27.0,"items":["rune_chainbody"]}},"account":"livewclpmq_0","engine_speed_ms":null}
[host-play] slot livewclpmq_0: thread up
274bot: loaded snapshot (4556 models, 336 anim records)
[host-play] slot livewclpmq_0: handshake begin reconnect=false
[host-play] slot livewclpmq_0: handshake ok
[host-play] slot livewclpmq_0: queued mainland tele+setvar (scene 2)
[host] slot livewclpmq_0: d_loop_us=17549 d_raster_us=0 d_observe_us=61829 max_observe_us=6564 d_paints=0 d_skips=50 d_ticks=5 window_ms=0
[host-play] slot livewclpmq_0: handshake begin reconnect=true
[host-play] slot livewclpmq_0: handshake ok
[host-play] slot livewclpmq_0: queued mainland tele+setvar (scene 2)
[host] slot livewclpmq_0: d_loop_us=10379 d_raster_us=0 d_observe_us=58695 max_observe_us=4668 d_paints=0 d_skips=50 d_ticks=1 window_ms=0
{"phase":"baseline-after-preparation","scenario":"alcher","account":"livewclpmq_0","observation":{"ingame":true,"scene_state":2,"player":"Livewclpmq 0","tile":[3185,3440,0],"tick":15,"items":{},"bank":{},"bank_open":false,"bank_loaded":false,"bank_generation":0,"levels":{"-unused-":0,"agility":1,"attack":1,"cooking":1,"crafting":1,"defence":1,"firemaking":1,"fishing":1,"fletching":1,"herblore":1,"hitpoints":10,"magic":55,"mining":1,"prayer":1,"ranged":1,"runecraft":1,"slayer":1,"smithing":1,"strength":1,"thieving":1,"woodcutting":1},"xp":{"-unused-":0,"agility":0,"attack":0,"cooking":0,"crafting":0,"defence":0,"firemaking":0,"fishing":0,"fletching":0,"herblore":0,"hitpoints":1154,"magic":166636,"mining":0,"prayer":0,"ranged":0,"runecraft":0,"slayer":0,"smithing":0,"strength":0,"thieving":0,"woodcutting":0},"chat":[[6,"set tutorial: to 1000"],[5,"Welcome to RuneScape."]]}}
[script livewclpmq_0] start load
{"phase":"start","account":"livewclpmq_0","count":1}
[host] hitch livewclpmq_0: observe_us=63017 paints=0 skips=84 ticks=15
[host] slot livewclpmq_0: d_loop_us=18503 d_raster_us=0 d_observe_us=181923 max_observe_us=63017 d_paints=0 d_skips=50 d_ticks=15 window_ms=9292
[script livewclpmq_0] Alcher — High Level Alchemy on 1 item(s), richest first: Rune chainbody
[script livewclpmq_0] banking at Bank booth (Bank booth / Use-quickly)
[script livewclpmq_0] interact OpenBooth { x: 3186, z: 3440, level: 0, id: 2213, name: Some("Bank booth"), action: Some("Use-quickly") }
[host] slot livewclpmq_0: d_loop_us=1377 d_raster_us=0 d_observe_us=82111 max_observe_us=14475 d_paints=0 d_skips=50 d_ticks=2 window_ms=1206
[script livewclpmq_0] interact Close
[shim-close] sent
[host] slot livewclpmq_0: d_loop_us=1465 d_raster_us=0 d_observe_us=96575 max_observe_us=13612 d_paints=0 d_skips=50 d_ticks=2 window_ms=1185
test catalog_boundary_live has been running for over 60 seconds
[script livewclpmq_0] interact Held { name: "Staff of fire", action: "Wield" }
[shim-held] Staff of fire Wield slot=0 -> sent
[host] slot livewclpmq_0: d_loop_us=1149 d_raster_us=0 d_observe_us=74854 max_observe_us=6293 d_paints=0 d_skips=50 d_ticks=2 window_ms=1191
[script livewclpmq_0] wore Staff of fire — casts need only Nature runes now
[script livewclpmq_0] interact OpenBooth { x: 3186, z: 3440, level: 0, id: 2213, name: Some("Bank booth"), action: Some("Use-quickly") }
[host] slot livewclpmq_0: d_loop_us=1792 d_raster_us=0 d_observe_us=91508 max_observe_us=13941 d_paints=0 d_skips=50 d_ticks=2 window_ms=1191
[script livewclpmq_0] interact SetNoteMode { on: true }
[shim-note] on=true sent
[host] slot livewclpmq_0: d_loop_us=1456 d_raster_us=0 d_observe_us=86181 max_observe_us=9718 d_paints=0 d_skips=50 d_ticks=2 window_ms=1200
[host] slot livewclpmq_0: d_loop_us=1345 d_raster_us=0 d_observe_us=93908 max_observe_us=12140 d_paints=0 d_skips=50 d_ticks=2 window_ms=1193
[script livewclpmq_0] withdrew 27 Rune chainbody (noted, 30000gp each)
[host] slot livewclpmq_0: d_loop_us=1547 d_raster_us=0 d_observe_us=92886 max_observe_us=14308 d_paints=0 d_skips=50 d_ticks=2 window_ms=1180
[script livewclpmq_0] withdrew 27 Nature runes
[script livewclpmq_0] interact Close
[shim-close] sent
[script livewclpmq_0] restocked: 27 Rune chainbody notes + 27 Nature runes
[host] slot livewclpmq_0: d_loop_us=1057 d_raster_us=0 d_observe_us=53802 max_observe_us=12033 d_paints=0 d_skips=50 d_ticks=2 window_ms=1205
[script livewclpmq_0] interact SideTab { tab: 6 }
[script livewclpmq_0] interact UseWidgetOn { component_id: 1178, kind: "held", target_name: Some("Rune chainbody"), x: 0, z: 0, level: 0, index: None }
[host] slot livewclpmq_0: d_loop_us=1206 d_raster_us=0 d_observe_us=66721 max_observe_us=9528 d_paints=0 d_skips=50 d_ticks=2 window_ms=1190
PASS: catalog_boundary_live: {"scenario":"alcher","runner":"Some(Evidence { scenario: \"alcher\", outcome: \"PASS\", predicate: \"stat_xp_gain(6)>=1\", ticks: 44, elapsed_ms: 44509, message: None, tile: Some([3185, 3440, 0]), inv: [InvRow { id: 1114, name: Some(\"Rune chainbody\"), count: 26 }, InvRow { id: 561, name: Some(\"Nature rune\"), count: 26 }, InvRow { id: 995, name: Some(\"Coins\"), count: 30000 }], stat: Some(StatRow { runenergy: 100 }), chat: [ChatRow { text: \"This item can not be withdrawn as a note.\", username: None }, ChatRow { text: \"set tutorial: to 1000\", username: None }, ChatRow { text: \"Welcome to RuneScape.\", username: None }], scene: 2 })","core":{"case":"alcher","baseline":{"ingame":true,"scene_state":2,"player":"Livewclpmq 0","tile":[3185,3440,0],"tick":15,"items":{},"bank":{},"bank_open":false,"bank_loaded":false,"bank_generation":0,"levels":{"-unused-":0,"agility":1,"attack":1,"cooking":1,"crafting":1,"defence":1,"firemaking":1,"fishing":1,"fletching":1,"herblore":1,"hitpoints":10,"magic":55,"mining":1,"prayer":1,"ranged":1,"runecraft":1,"slayer":1,"smithing":1,"strength":1,"thieving":1,"woodcutting":1},"xp":{"-unused-":0,"agility":0,"attack":0,"cooking":0,"crafting":0,"defence":0,"firemaking":0,"fishing":0,"fletching":0,"herblore":0,"hitpoints":1154,"magic":166636,"mining":0,"prayer":0,"ranged":0,"runecraft":0,"slayer":0,"smithing":0,"strength":0,"thieving":0,"woodcutting":0},"chat":[[6,"set tutorial: to 1000"],[5,"Welcome to RuneScape."]]},"latest":{"ingame":true,"scene_state":2,"player":"Livewclpmq 0","tile":[3185,3440,0],"tick":35,"items":{"Coins":30000,"Nature rune":26,"Rune chainbody":26},"bank":{},"bank_open":false,"bank_loaded":false,"bank_generation":4,"levels":{"-unused-":0,"agility":1,"attack":1,"cooking":1,"crafting":1,"defence":1,"firemaking":1,"fishing":1,"fletching":1,"herblore":1,"hitpoints":10,"magic":55,"mining":1,"prayer":1,"ranged":1,"runecraft":1,"slayer":1,"smithing":1,"strength":1,"thieving":1,"woodcutting":1},"xp":{"-unused-":0,"agility":0,"attack":0,"cooking":0,"crafting":0,"defence":0,"firemaking":0,"fishing":0,"fletching":0,"herblore":0,"hitpoints":1154,"magic":166701,"mining":0,"prayer":0,"ranged":0,"runecraft":0,"slayer":0,"smithing":0,"strength":0,"thieving":0,"woodcutting":0},"chat":[[7,"This item can not be withdrawn as a note."],[6,"set tutorial: to 1000"],[5,"Welcome to RuneScape."]]},"max_items":{"Coins":30000,"Nature rune":27,"Rune chainbody":27,"Staff of fire":1},"max_xp":{"-unused-":0,"agility":0,"attack":0,"cooking":0,"crafting":0,"defence":0,"firemaking":0,"fishing":0,"fletching":0,"herblore":0,"hitpoints":1154,"magic":166701,"mining":0,"prayer":0,"ranged":0,"runecraft":0,"slayer":0,"smithing":0,"strength":0,"thieving":0,"woodcutting":0},"saw_bury_chat":false,"post_start_observations":477,"bone_bank_cycle":{"first_batch_buried":false,"opened":null,"withdrawn":null,"buried_after_withdrawal":false}}}
test catalog_boundary_live ... ok

test result: ok. 1 passed; 0 failed; 0 ignored; 0 measured; 8 filtered out; finished in 68.58s

