
running 1 test
{"phase":"identity","revision":274,"profile":"local-274 · 127.0.0.1:43594 · revision 274","cache_id":"4aac9b63312dcb75d5de8f686772d083ba0808c57985438246edf21ef522be1c","nav_pack":"/Users/acfrazier/experiments/274bot/.worktrees/rs2b0t-multirevision/.superpowers/world-capabilities/274/274bot.navpack","nav_sha256":"05db24743e9f549ced16c1f00b87c30a390d3aaec391815da3f3563130b3bcd4","catalog_commit":"8e7d965be2071d6ec65c3265e12af797082d720a","catalog_identity":"289-updated frozen catalog","catalog_read_only_path":".superpowers/inputs/rs2b0t-8e7d965be2071d6ec65c3265e12af797082d720a","catalog_root":"/Users/acfrazier/experiments/274bot/.worktrees/rs2b0t-multirevision/.superpowers/inputs/rs2b0t-8e7d965be2071d6ec65c3265e12af797082d720a","registry_path":"/Users/acfrazier/experiments/274bot/.worktrees/rs2b0t-multirevision/.superpowers/inputs/rs2b0t-8e7d965be2071d6ec65c3265e12af797082d720a/src/bot/scripts/index.ts","registry_sha256":"b614aedb3d5adfdfbac3760f082273f3cf5c33fffe4ced0f2b01490ae02d1bc2","card":{"card":"ChickenKiller","source_path":"/Users/acfrazier/experiments/274bot/.worktrees/rs2b0t-multirevision/.superpowers/inputs/rs2b0t-8e7d965be2071d6ec65c3265e12af797082d720a/src/bot/scripts/ChickenKiller/ChickenKiller.ts","source_sha256":"997caf51e5f409703f4523e74e52f9aa22d388059c36e2810358176b26f9087f","compiled_sha256":"1521855852ae0d0566aa67132be6f4ae2eb24ef45b15406127607733533e4d91","siblings":[],"settings":{"leashRadius":12.0,"fightHpGate":45.0,"restUntilHp":70.0,"targetName":"Chicken","lootMatch":"bones","buryBones":true,"combatStyle":"melee","meleeStyle":"strength","spell":"Wind Strike","runesWithdraw":100.0,"rangeStyle":"rapid","ammo":"Bronze arrow","ammoWithdraw":200.0,"bankStrategy":"Off","bankEveryItems":15.0,"bankEveryMinutes":10.0,"bankCommonJunk":true}},"account":"live0urqhq_0","engine_speed_ms":null}
[host-play] slot live0urqhq_0: thread up
274bot: loaded snapshot (4556 models, 336 anim records)
[host-play] slot live0urqhq_0: handshake begin reconnect=false
[host-play] slot live0urqhq_0: handshake ok
[host-play] slot live0urqhq_0: queued mainland tele+setvar (scene 2)
[host] slot live0urqhq_0: d_loop_us=15952 d_raster_us=0 d_observe_us=53576 max_observe_us=5522 d_paints=0 d_skips=50 d_ticks=5 window_ms=0
[host-play] slot live0urqhq_0: handshake begin reconnect=true
[host-play] slot live0urqhq_0: handshake ok
[host] slot live0urqhq_0: d_loop_us=638 d_raster_us=0 d_observe_us=29517 max_observe_us=2811 d_paints=0 d_skips=50 d_ticks=1 window_ms=0
[host-play] slot live0urqhq_0: queued mainland tele+setvar (scene 2)
{"phase":"baseline-after-preparation","scenario":"chicken_killer","account":"live0urqhq_0","observation":{"ingame":true,"scene_state":2,"player":"Live0urqhq 0","tile":[3235,3295,0],"tick":15,"items":{},"bank":{},"bank_open":false,"bank_loaded":false,"bank_generation":0,"levels":{"-unused-":0,"agility":1,"attack":1,"cooking":1,"crafting":1,"defence":1,"firemaking":1,"fishing":1,"fletching":1,"herblore":1,"hitpoints":10,"magic":1,"mining":1,"prayer":1,"ranged":1,"runecraft":1,"slayer":1,"smithing":1,"strength":1,"thieving":1,"woodcutting":1},"xp":{"-unused-":0,"agility":0,"attack":0,"cooking":0,"crafting":0,"defence":0,"firemaking":0,"fishing":0,"fletching":0,"herblore":0,"hitpoints":1154,"magic":0,"mining":0,"prayer":0,"ranged":0,"runecraft":0,"slayer":0,"smithing":0,"strength":0,"thieving":0,"woodcutting":0},"chat":[[6,"set tutorial: to 1000"],[5,"Welcome to RuneScape."]]}}
[script live0urqhq_0] start load
{"phase":"start","account":"live0urqhq_0","count":1}
[host] hitch live0urqhq_0: observe_us=66748 paints=0 skips=84 ticks=15
[script live0urqhq_0] anchored at (3235, 3295, 0), hunting Chicken, leash 12, style melee (strength)
[script live0urqhq_0] interact IfButton { component_id: 5862 }
[host] slot live0urqhq_0: d_loop_us=31462 d_raster_us=0 d_observe_us=162350 max_observe_us=66748 d_paints=0 d_skips=50 d_ticks=15 window_ms=9374
[script live0urqhq_0] combat style set to strength
[script live0urqhq_0] interact Npc { name: "Chicken", action: "Attack", index: Some(2918) }
[host] slot live0urqhq_0: d_loop_us=1894 d_raster_us=0 d_observe_us=77639 max_observe_us=4000 d_paints=0 d_skips=50 d_ticks=2 window_ms=1166
[host] slot live0urqhq_0: d_loop_us=1783 d_raster_us=0 d_observe_us=61740 max_observe_us=4170 d_paints=0 d_skips=50 d_ticks=2 window_ms=1204
test catalog_boundary_live has been running for over 60 seconds
[host] slot live0urqhq_0: d_loop_us=1994 d_raster_us=0 d_observe_us=70001 max_observe_us=5330 d_paints=0 d_skips=50 d_ticks=2 window_ms=1197
[host] slot live0urqhq_0: d_loop_us=1745 d_raster_us=0 d_observe_us=58104 max_observe_us=3357 d_paints=0 d_skips=50 d_ticks=2 window_ms=1207
[host] slot live0urqhq_0: d_loop_us=1569 d_raster_us=0 d_observe_us=63348 max_observe_us=3289 d_paints=0 d_skips=50 d_ticks=2 window_ms=1202
[host] slot live0urqhq_0: d_loop_us=1949 d_raster_us=0 d_observe_us=69773 max_observe_us=5380 d_paints=0 d_skips=50 d_ticks=2 window_ms=1196
[host] slot live0urqhq_0: d_loop_us=1420 d_raster_us=0 d_observe_us=37695 max_observe_us=2639 d_paints=0 d_skips=50 d_ticks=2 window_ms=1199
[host] slot live0urqhq_0: d_loop_us=1607 d_raster_us=0 d_observe_us=79638 max_observe_us=12318 d_paints=0 d_skips=50 d_ticks=2 window_ms=1186
[host] slot live0urqhq_0: d_loop_us=1785 d_raster_us=0 d_observe_us=52329 max_observe_us=3375 d_paints=0 d_skips=50 d_ticks=2 window_ms=1177
[host] slot live0urqhq_0: d_loop_us=1785 d_raster_us=0 d_observe_us=45051 max_observe_us=3094 d_paints=0 d_skips=50 d_ticks=2 window_ms=1195
[host] slot live0urqhq_0: d_loop_us=1606 d_raster_us=0 d_observe_us=47728 max_observe_us=2946 d_paints=0 d_skips=50 d_ticks=2 window_ms=1175
[host] slot live0urqhq_0: d_loop_us=1701 d_raster_us=0 d_observe_us=57412 max_observe_us=4790 d_paints=0 d_skips=50 d_ticks=2 window_ms=1183
[host] slot live0urqhq_0: d_loop_us=1764 d_raster_us=0 d_observe_us=51475 max_observe_us=3598 d_paints=0 d_skips=50 d_ticks=2 window_ms=1199
[host] slot live0urqhq_0: d_loop_us=1637 d_raster_us=0 d_observe_us=57798 max_observe_us=4624 d_paints=0 d_skips=50 d_ticks=2 window_ms=1174
[host] slot live0urqhq_0: d_loop_us=1923 d_raster_us=0 d_observe_us=61954 max_observe_us=11898 d_paints=0 d_skips=50 d_ticks=2 window_ms=1209
[host] slot live0urqhq_0: d_loop_us=1940 d_raster_us=0 d_observe_us=68569 max_observe_us=3690 d_paints=0 d_skips=50 d_ticks=2 window_ms=1199
[host] slot live0urqhq_0: d_loop_us=2195 d_raster_us=0 d_observe_us=73457 max_observe_us=4923 d_paints=0 d_skips=50 d_ticks=2 window_ms=1169
[host] slot live0urqhq_0: d_loop_us=1340 d_raster_us=0 d_observe_us=36108 max_observe_us=2338 d_paints=0 d_skips=50 d_ticks=2 window_ms=1211
[host] slot live0urqhq_0: d_loop_us=1672 d_raster_us=0 d_observe_us=39696 max_observe_us=2470 d_paints=0 d_skips=50 d_ticks=2 window_ms=1191
[host] slot live0urqhq_0: d_loop_us=1737 d_raster_us=0 d_observe_us=67589 max_observe_us=4504 d_paints=0 d_skips=50 d_ticks=2 window_ms=1199
[host] slot live0urqhq_0: d_loop_us=3496 d_raster_us=0 d_observe_us=93992 max_observe_us=4486 d_paints=0 d_skips=50 d_ticks=2 window_ms=1178
[host] slot live0urqhq_0: d_loop_us=1886 d_raster_us=0 d_observe_us=84174 max_observe_us=4793 d_paints=0 d_skips=50 d_ticks=2 window_ms=1176
[host] slot live0urqhq_0: d_loop_us=1889 d_raster_us=0 d_observe_us=69382 max_observe_us=3680 d_paints=0 d_skips=50 d_ticks=2 window_ms=1183
[script live0urqhq_0] Chicken killed
[script live0urqhq_0] interact Obj { x: 3231, z: 3291, level: 0, name: Some("Bones"), action: "Take" }
[host] slot live0urqhq_0: d_loop_us=2226 d_raster_us=0 d_observe_us=107113 max_observe_us=7952 d_paints=0 d_skips=50 d_ticks=2 window_ms=1195
[host] hitch live0urqhq_0: observe_us=18667 paints=0 skips=1343 ticks=66
[script live0urqhq_0] looted Bones
[host] slot live0urqhq_0: d_loop_us=2684 d_raster_us=0 d_observe_us=117744 max_observe_us=18667 d_paints=0 d_skips=50 d_ticks=2 window_ms=1175
[script live0urqhq_0] interact Held { name: "Bones", action: "Bury" }
[shim-held] Bones Bury slot=0 -> sent
[host] slot live0urqhq_0: d_loop_us=2315 d_raster_us=0 d_observe_us=102381 max_observe_us=4867 d_paints=0 d_skips=50 d_ticks=2 window_ms=1187
[script live0urqhq_0] buried bones
PASS: catalog_boundary_live: {"scenario":"chicken_killer","runner":"Some(Evidence { scenario: \"chicken_killer\", outcome: \"PASS\", predicate: \"stat_xp_gain(2)>=1\", ticks: 17, elapsed_ms: 34256, message: None, tile: Some([3236, 3295, 0]), inv: [], stat: Some(StatRow { runenergy: 100 }), chat: [ChatRow { text: \"set tutorial: to 1000\", username: None }, ChatRow { text: \"Welcome to RuneScape.\", username: None }], scene: 2 })","core":{"case":"chicken_killer","baseline":{"ingame":true,"scene_state":2,"player":"Live0urqhq 0","tile":[3235,3295,0],"tick":15,"items":{},"bank":{},"bank_open":false,"bank_loaded":false,"bank_generation":0,"levels":{"-unused-":0,"agility":1,"attack":1,"cooking":1,"crafting":1,"defence":1,"firemaking":1,"fishing":1,"fletching":1,"herblore":1,"hitpoints":10,"magic":1,"mining":1,"prayer":1,"ranged":1,"runecraft":1,"slayer":1,"smithing":1,"strength":1,"thieving":1,"woodcutting":1},"xp":{"-unused-":0,"agility":0,"attack":0,"cooking":0,"crafting":0,"defence":0,"firemaking":0,"fishing":0,"fletching":0,"herblore":0,"hitpoints":1154,"magic":0,"mining":0,"prayer":0,"ranged":0,"runecraft":0,"slayer":0,"smithing":0,"strength":0,"thieving":0,"woodcutting":0},"chat":[[6,"set tutorial: to 1000"],[5,"Welcome to RuneScape."]]},"latest":{"ingame":true,"scene_state":2,"player":"Live0urqhq 0","tile":[3231,3291,0],"tick":69,"items":{},"bank":{},"bank_open":false,"bank_loaded":false,"bank_generation":0,"levels":{"-unused-":0,"agility":1,"attack":1,"cooking":1,"crafting":1,"defence":1,"firemaking":1,"fishing":1,"fletching":1,"herblore":1,"hitpoints":10,"magic":1,"mining":1,"prayer":1,"ranged":1,"runecraft":1,"slayer":1,"smithing":1,"strength":1,"thieving":1,"woodcutting":1},"xp":{"-unused-":0,"agility":0,"attack":0,"cooking":0,"crafting":0,"defence":0,"firemaking":0,"fishing":0,"fletching":0,"herblore":0,"hitpoints":1157,"magic":0,"mining":0,"prayer":4,"ranged":0,"runecraft":0,"slayer":0,"smithing":0,"strength":12,"thieving":0,"woodcutting":0},"chat":[[8,"You bury the bones."],[7,"You dig a hole in the ground..."],[6,"set tutorial: to 1000"],[5,"Welcome to RuneScape."]]},"max_items":{"Bones":1},"max_xp":{"-unused-":0,"agility":0,"attack":0,"cooking":0,"crafting":0,"defence":0,"firemaking":0,"fishing":0,"fletching":0,"herblore":0,"hitpoints":1157,"magic":0,"mining":0,"prayer":4,"ranged":0,"runecraft":0,"slayer":0,"smithing":0,"strength":12,"thieving":0,"woodcutting":0},"saw_bury_chat":true,"post_start_observations":1336,"bone_bank_cycle":{"first_batch_buried":false,"opened":null,"withdrawn":null,"buried_after_withdrawal":false}}}
test catalog_boundary_live ... ok

test result: ok. 1 passed; 0 failed; 0 ignored; 0 measured; 8 filtered out; finished in 88.57s

