
running 1 test
{"phase":"identity","revision":274,"profile":"local-274 · 127.0.0.1:43594 · revision 274","cache_id":"4aac9b63312dcb75d5de8f686772d083ba0808c57985438246edf21ef522be1c","nav_pack":"/Users/acfrazier/experiments/274bot/.worktrees/rs2b0t-multirevision/.superpowers/world-capabilities/274/274bot.navpack","nav_sha256":"05db24743e9f549ced16c1f00b87c30a390d3aaec391815da3f3563130b3bcd4","catalog_commit":"100adccc037d9f6898080e1cad58fcfc43364775","catalog_identity":"pre-289 frozen catalog","catalog_read_only_path":".superpowers/inputs/rs2b0t-100adccc037d9f6898080e1cad58fcfc43364775","catalog_root":"/Users/acfrazier/experiments/274bot/.worktrees/rs2b0t-multirevision/.superpowers/inputs/rs2b0t-100adccc037d9f6898080e1cad58fcfc43364775","registry_path":"/Users/acfrazier/experiments/274bot/.worktrees/rs2b0t-multirevision/.superpowers/inputs/rs2b0t-100adccc037d9f6898080e1cad58fcfc43364775/src/bot/scripts/index.ts","registry_sha256":"b614aedb3d5adfdfbac3760f082273f3cf5c33fffe4ced0f2b01490ae02d1bc2","card":{"card":"ArdyCakes","source_path":"/Users/acfrazier/experiments/274bot/.worktrees/rs2b0t-multirevision/.superpowers/inputs/rs2b0t-100adccc037d9f6898080e1cad58fcfc43364775/src/bot/scripts/ArdyCakes/ArdyCakes.ts","source_sha256":"f19ce19422c16e337fdc30678b93772054ee907a35297a1cd4a8f6fb062943d7","compiled_sha256":"5d93138a60f7176c0af7241018d5a83d5ea11951edd85e7827140df3bfafd529","siblings":[],"settings":{"guardResponse":"Flee","solveClues":false}},"account":"live9uwjz3_0","engine_speed_ms":null}
[host-play] slot live9uwjz3_0: thread up
274bot: loaded snapshot (4556 models, 336 anim records)
[host-play] slot live9uwjz3_0: handshake begin reconnect=false
[host-play] slot live9uwjz3_0: handshake ok
[host-play] slot live9uwjz3_0: queued mainland tele+setvar (scene 2)
[host] slot live9uwjz3_0: d_loop_us=12236 d_raster_us=0 d_observe_us=47171 max_observe_us=4798 d_paints=0 d_skips=50 d_ticks=5 window_ms=0
[host-play] slot live9uwjz3_0: handshake begin reconnect=true
[host-play] slot live9uwjz3_0: handshake ok
[host] slot live9uwjz3_0: d_loop_us=877 d_raster_us=0 d_observe_us=40171 max_observe_us=3044 d_paints=0 d_skips=50 d_ticks=1 window_ms=0
[host-play] slot live9uwjz3_0: queued mainland tele+setvar (scene 2)
{"phase":"baseline-after-preparation","scenario":"ardy_cakes","account":"live9uwjz3_0","observation":{"ingame":true,"scene_state":2,"player":"Live9uwjz3 0","tile":[2668,3312,0],"tick":18,"items":{},"item_ids":{},"bank":{},"bank_ids":{},"bank_open":false,"bank_loaded":false,"bank_generation":0,"levels":{"-unused-":0,"agility":1,"attack":1,"cooking":1,"crafting":1,"defence":1,"firemaking":1,"fishing":1,"fletching":1,"herblore":1,"hitpoints":40,"magic":1,"mining":1,"prayer":1,"ranged":1,"runecraft":1,"slayer":1,"smithing":1,"strength":1,"thieving":5,"woodcutting":1},"xp":{"-unused-":0,"agility":0,"attack":0,"cooking":0,"crafting":0,"defence":0,"firemaking":0,"fishing":0,"fletching":0,"herblore":0,"hitpoints":37224,"magic":0,"mining":0,"prayer":0,"ranged":0,"runecraft":0,"slayer":0,"smithing":0,"strength":0,"thieving":388,"woodcutting":0},"chat":[[7,"Inventory wiped."],[6,"set tutorial: to 1000"],[5,"Welcome to RuneScape."]],"loc_facts":[{"id":1530,"x":2669,"z":3316,"level":0,"name":"Door","open":true},{"id":1530,"x":2670,"z":3320,"level":0,"name":"Door","open":true},{"id":131,"x":2672,"z":3304,"level":0,"name":"Door","open":true},{"id":131,"x":2672,"z":3305,"level":0,"name":"Door","open":true},{"id":131,"x":2672,"z":3311,"level":0,"name":"Door","open":true},{"id":2551,"x":2674,"z":3304,"level":0,"name":"Door","open":true},{"id":2550,"x":2674,"z":3305,"level":0,"name":"Door","open":true},{"id":131,"x":2676,"z":3304,"level":0,"name":"Door","open":true},{"id":131,"x":2676,"z":3305,"level":0,"name":"Door","open":true}],"equipment_ids":{},"main_modal":-1,"widget_ids":[3213,3214]}}
[script live9uwjz3_0] start load
{"phase":"start","account":"live9uwjz3_0","count":1}
[host] hitch live9uwjz3_0: observe_us=95553 paints=0 skips=90 ticks=18
[script live9uwjz3_0] ArdyCakes starting — stand (2668, 3312, 0), bank (2655, 3286, 0), flee mode
[script live9uwjz3_0] interact Loc { x: 2667, z: 3310, level: 0, action: "Steal from", id: Some(2561) }
[host] slot live9uwjz3_0: d_loop_us=22796 d_raster_us=0 d_observe_us=179579 max_observe_us=95553 d_paints=0 d_skips=50 d_ticks=18 window_ms=11014
[host] hitch live9uwjz3_0: observe_us=27307 paints=0 skips=139 ticks=21
[script live9uwjz3_0] steal pass made no progress — re-entering
[host] slot live9uwjz3_0: d_loop_us=1271 d_raster_us=0 d_observe_us=86013 max_observe_us=27307 d_paints=0 d_skips=50 d_ticks=2 window_ms=1213
[script live9uwjz3_0] steal pass made no progress — re-entering
[script live9uwjz3_0] steal pass made no progress — re-entering
[host] slot live9uwjz3_0: d_loop_us=1347 d_raster_us=0 d_observe_us=75252 max_observe_us=14157 d_paints=0 d_skips=50 d_ticks=2 window_ms=1176
[script live9uwjz3_0] steal pass made no progress — re-entering
[script live9uwjz3_0] steal pass made no progress — re-entering
[host] slot live9uwjz3_0: d_loop_us=1461 d_raster_us=0 d_observe_us=77795 max_observe_us=13497 d_paints=0 d_skips=50 d_ticks=2 window_ms=1193
[script live9uwjz3_0] steal pass made no progress — re-entering
[host] hitch live9uwjz3_0: observe_us=26971 paints=0 skips=289 ticks=27
[script live9uwjz3_0] interact Loc { x: 2667, z: 3310, level: 0, action: "Steal from", id: Some(2561) }
[host] slot live9uwjz3_0: d_loop_us=1306 d_raster_us=0 d_observe_us=92569 max_observe_us=26971 d_paints=0 d_skips=50 d_ticks=2 window_ms=1214
[host] hitch live9uwjz3_0: observe_us=17826 paints=0 skips=338 ticks=29
[host] slot live9uwjz3_0: d_loop_us=1016 d_raster_us=0 d_observe_us=60319 max_observe_us=17826 d_paints=0 d_skips=50 d_ticks=2 window_ms=1213
[script live9uwjz3_0] steal pass made no progress — re-entering
[script live9uwjz3_0] steal pass made no progress — re-entering
[host] slot live9uwjz3_0: d_loop_us=944 d_raster_us=0 d_observe_us=45765 max_observe_us=8221 d_paints=0 d_skips=50 d_ticks=2 window_ms=1193
[script live9uwjz3_0] steal pass made no progress — re-entering
[script live9uwjz3_0] steal pass made no progress — re-entering
[host] slot live9uwjz3_0: d_loop_us=912 d_raster_us=0 d_observe_us=44312 max_observe_us=8156 d_paints=0 d_skips=50 d_ticks=2 window_ms=1202
[script live9uwjz3_0] steal pass made no progress — re-entering
[host] hitch live9uwjz3_0: observe_us=18782 paints=0 skips=488 ticks=35
[script live9uwjz3_0] interact Loc { x: 2667, z: 3310, level: 0, action: "Steal from", id: Some(2561) }
[host] slot live9uwjz3_0: d_loop_us=978 d_raster_us=0 d_observe_us=55514 max_observe_us=18782 d_paints=0 d_skips=50 d_ticks=2 window_ms=1206
[host] hitch live9uwjz3_0: observe_us=17945 paints=0 skips=538 ticks=37
[host] slot live9uwjz3_0: d_loop_us=1020 d_raster_us=0 d_observe_us=56562 max_observe_us=17945 d_paints=0 d_skips=50 d_ticks=2 window_ms=1201
[script live9uwjz3_0] steal pass made no progress — re-entering
[script live9uwjz3_0] steal pass made no progress — re-entering
[host] slot live9uwjz3_0: d_loop_us=971 d_raster_us=0 d_observe_us=46361 max_observe_us=8191 d_paints=0 d_skips=50 d_ticks=2 window_ms=1209
[script live9uwjz3_0] steal pass made no progress — re-entering
[script live9uwjz3_0] steal pass made no progress — re-entering
[host] slot live9uwjz3_0: d_loop_us=1098 d_raster_us=0 d_observe_us=64135 max_observe_us=13893 d_paints=0 d_skips=50 d_ticks=2 window_ms=1191
[script live9uwjz3_0] steal pass made no progress — re-entering
[host] hitch live9uwjz3_0: observe_us=30846 paints=0 skips=688 ticks=43
[script live9uwjz3_0] interact Loc { x: 2667, z: 3310, level: 0, action: "Steal from", id: Some(2561) }
[host] slot live9uwjz3_0: d_loop_us=1205 d_raster_us=0 d_observe_us=84028 max_observe_us=30846 d_paints=0 d_skips=50 d_ticks=2 window_ms=1199
[host] hitch live9uwjz3_0: observe_us=17328 paints=0 skips=713 ticks=44
[host] slot live9uwjz3_0: d_loop_us=1612 d_raster_us=0 d_observe_us=88461 max_observe_us=17328 d_paints=0 d_skips=50 d_ticks=2 window_ms=1203
[host] slot live9uwjz3_0: d_loop_us=1421 d_raster_us=0 d_observe_us=78848 max_observe_us=14311 d_paints=0 d_skips=50 d_ticks=2 window_ms=1212
[host] hitch live9uwjz3_0: observe_us=16782 paints=0 skips=813 ticks=48
[script live9uwjz3_0] steal pass made no progress — re-entering
[script live9uwjz3_0] interact Loc { x: 2667, z: 3310, level: 0, action: "Steal from", id: Some(2561) }
[host] slot live9uwjz3_0: d_loop_us=1555 d_raster_us=0 d_observe_us=81495 max_observe_us=16782 d_paints=0 d_skips=50 d_ticks=2 window_ms=1203
[host] hitch live9uwjz3_0: observe_us=16031 paints=0 skips=862 ticks=50
[host] slot live9uwjz3_0: d_loop_us=1432 d_raster_us=0 d_observe_us=85047 max_observe_us=16031 d_paints=0 d_skips=50 d_ticks=2 window_ms=1191
[host] hitch live9uwjz3_0: observe_us=18765 paints=0 skips=938 ticks=53
[script live9uwjz3_0] steal pass made no progress — re-entering
[host] slot live9uwjz3_0: d_loop_us=1591 d_raster_us=0 d_observe_us=89771 max_observe_us=18765 d_paints=0 d_skips=50 d_ticks=2 window_ms=1188
[script live9uwjz3_0] combat — kiting the guard to 2655,3298
[script live9uwjz3_0] interact Walk { x: 2655, z: 3298, level: 0, allow_teleports: false }
[nav-follow] here=WorldTile { x: 2668, z: 3312, level: 0 } walk=true transport=false leg=0 hops=1 outcome=None
[host] hitch live9uwjz3_0: observe_us=16671 paints=0 skips=988 ticks=55
[host] slot live9uwjz3_0: d_loop_us=1623 d_raster_us=0 d_observe_us=82877 max_observe_us=16671 d_paints=0 d_skips=50 d_ticks=2 window_ms=1192
[nav-walk] here=WorldTile { x: 2666, z: 3312, level: 0 } aim=WorldTile { x: 2655, z: 3298, level: 0 } radius=0 ticks_waited=0 sent_tile=Some(WorldTile { x: 2668, z: 3312, level: 0 })
[nav-follow] here=WorldTile { x: 2666, z: 3312, level: 0 } walk=true transport=false leg=0 hops=1 outcome=None
[host] hitch live9uwjz3_0: observe_us=29444 paints=0 skips=1014 ticks=56
[nav-walk] here=WorldTile { x: 2666, z: 3310, level: 0 } aim=WorldTile { x: 2655, z: 3298, level: 0 } radius=0 ticks_waited=1 sent_tile=Some(WorldTile { x: 2668, z: 3312, level: 0 })
[nav-follow] here=WorldTile { x: 2666, z: 3310, level: 0 } walk=true transport=false leg=0 hops=1 outcome=None
[host] hitch live9uwjz3_0: observe_us=26703 paints=0 skips=1038 ticks=57
[host] slot live9uwjz3_0: d_loop_us=1524 d_raster_us=0 d_observe_us=115491 max_observe_us=29444 d_paints=0 d_skips=50 d_ticks=2 window_ms=1205
[nav-walk] here=WorldTile { x: 2665, z: 3308, level: 0 } aim=WorldTile { x: 2655, z: 3298, level: 0 } radius=0 ticks_waited=2 sent_tile=Some(WorldTile { x: 2668, z: 3312, level: 0 })
[nav-follow] here=WorldTile { x: 2665, z: 3308, level: 0 } walk=true transport=false leg=0 hops=1 outcome=None
[host] hitch live9uwjz3_0: observe_us=30702 paints=0 skips=1063 ticks=58
[nav-walk] here=WorldTile { x: 2663, z: 3306, level: 0 } aim=WorldTile { x: 2655, z: 3298, level: 0 } radius=0 ticks_waited=3 sent_tile=Some(WorldTile { x: 2668, z: 3312, level: 0 })
[nav-follow] here=WorldTile { x: 2663, z: 3306, level: 0 } walk=true transport=false leg=0 hops=1 outcome=None
[host] hitch live9uwjz3_0: observe_us=32710 paints=0 skips=1088 ticks=59
[host] slot live9uwjz3_0: d_loop_us=1545 d_raster_us=0 d_observe_us=119243 max_observe_us=32710 d_paints=0 d_skips=50 d_ticks=2 window_ms=1218
[nav-walk] here=WorldTile { x: 2661, z: 3304, level: 0 } aim=WorldTile { x: 2655, z: 3298, level: 0 } radius=0 ticks_waited=4 sent_tile=Some(WorldTile { x: 2668, z: 3312, level: 0 })
[nav-follow] here=WorldTile { x: 2661, z: 3304, level: 0 } walk=true transport=false leg=0 hops=1 outcome=None
[host] hitch live9uwjz3_0: observe_us=29608 paints=0 skips=1112 ticks=60
[nav-walk] here=WorldTile { x: 2659, z: 3302, level: 0 } aim=WorldTile { x: 2655, z: 3298, level: 0 } radius=0 ticks_waited=5 sent_tile=Some(WorldTile { x: 2668, z: 3312, level: 0 })
[nav-follow] here=WorldTile { x: 2659, z: 3302, level: 0 } walk=true transport=false leg=0 hops=1 outcome=None
[host] hitch live9uwjz3_0: observe_us=32530 paints=0 skips=1137 ticks=61
[host] slot live9uwjz3_0: d_loop_us=1593 d_raster_us=0 d_observe_us=118209 max_observe_us=32530 d_paints=0 d_skips=50 d_ticks=2 window_ms=1217
[nav-walk] here=WorldTile { x: 2657, z: 3300, level: 0 } aim=WorldTile { x: 2655, z: 3298, level: 0 } radius=0 ticks_waited=6 sent_tile=Some(WorldTile { x: 2668, z: 3312, level: 0 })
[nav-follow] here=WorldTile { x: 2657, z: 3300, level: 0 } walk=true transport=false leg=0 hops=1 outcome=None
[host] hitch live9uwjz3_0: observe_us=31066 paints=0 skips=1162 ticks=62
[nav-walk] here=WorldTile { x: 2655, z: 3298, level: 0 } aim=WorldTile { x: 2655, z: 3298, level: 0 } radius=0 ticks_waited=7 sent_tile=Some(WorldTile { x: 2668, z: 3312, level: 0 })
[nav-follow] here=WorldTile { x: 2655, z: 3298, level: 0 } walk=false transport=false leg=1 hops=1 outcome=Some(Arrived { at: WorldTile { x: 2655, z: 3298, level: 0 } })
[host] hitch live9uwjz3_0: observe_us=29914 paints=0 skips=1187 ticks=63
[host] slot live9uwjz3_0: d_loop_us=1584 d_raster_us=0 d_observe_us=110900 max_observe_us=31066 d_paints=0 d_skips=50 d_ticks=2 window_ms=1208
[host] hitch live9uwjz3_0: observe_us=17205 paints=0 skips=1211 ticks=64
[host] hitch live9uwjz3_0: observe_us=16496 paints=0 skips=1236 ticks=65
[host] slot live9uwjz3_0: d_loop_us=1528 d_raster_us=0 d_observe_us=90312 max_observe_us=17205 d_paints=0 d_skips=50 d_ticks=2 window_ms=1199
[host] slot live9uwjz3_0: d_loop_us=1086 d_raster_us=0 d_observe_us=52887 max_observe_us=8702 d_paints=0 d_skips=50 d_ticks=2 window_ms=1215
[host] slot live9uwjz3_0: d_loop_us=1621 d_raster_us=0 d_observe_us=84339 max_observe_us=15425 d_paints=0 d_skips=50 d_ticks=2 window_ms=1199
[host] hitch live9uwjz3_0: observe_us=16649 paints=0 skips=1386 ticks=71
[host] slot live9uwjz3_0: d_loop_us=1396 d_raster_us=0 d_observe_us=80999 max_observe_us=16649 d_paints=0 d_skips=50 d_ticks=2 window_ms=1184
[host] hitch live9uwjz3_0: observe_us=22000 paints=0 skips=1411 ticks=72
[script live9uwjz3_0] steal pass made no progress — re-entering
[host] hitch live9uwjz3_0: observe_us=19268 paints=0 skips=1436 ticks=73
[script live9uwjz3_0] steal pass made no progress — re-entering
[host] slot live9uwjz3_0: d_loop_us=1569 d_raster_us=0 d_observe_us=105242 max_observe_us=22000 d_paints=0 d_skips=50 d_ticks=2 window_ms=1189
[script live9uwjz3_0] steal pass made no progress — re-entering
[host] hitch live9uwjz3_0: observe_us=16005 paints=0 skips=1487 ticks=75
[script live9uwjz3_0] steal pass made no progress — re-entering
[host] slot live9uwjz3_0: d_loop_us=1578 d_raster_us=0 d_observe_us=93129 max_observe_us=16005 d_paints=0 d_skips=50 d_ticks=2 window_ms=1192
[host] hitch live9uwjz3_0: observe_us=17068 paints=0 skips=1512 ticks=76
[script live9uwjz3_0] steal pass made no progress — re-entering
test catalog_boundary_live has been running for over 60 seconds
[script live9uwjz3_0] steal pass made no progress — re-entering
[host] slot live9uwjz3_0: d_loop_us=1699 d_raster_us=0 d_observe_us=102589 max_observe_us=17068 d_paints=0 d_skips=50 d_ticks=2 window_ms=1188
[script live9uwjz3_0] steal pass made no progress — re-entering
[script live9uwjz3_0] steal pass made no progress — re-entering
[host] slot live9uwjz3_0: d_loop_us=1337 d_raster_us=0 d_observe_us=70765 max_observe_us=15987 d_paints=0 d_skips=50 d_ticks=2 window_ms=1186
[host] hitch live9uwjz3_0: observe_us=18307 paints=0 skips=1613 ticks=80
[script live9uwjz3_0] steal pass made no progress — re-entering
[script live9uwjz3_0] interact WalkTo { x: 2668, z: 3312, level: 0 }
[host] slot live9uwjz3_0: d_loop_us=1608 d_raster_us=0 d_observe_us=81207 max_observe_us=18307 d_paints=0 d_skips=50 d_ticks=2 window_ms=1207
[host] hitch live9uwjz3_0: observe_us=24973 paints=0 skips=1663 ticks=82
[host] hitch live9uwjz3_0: observe_us=17773 paints=0 skips=1688 ticks=83
[host] slot live9uwjz3_0: d_loop_us=1357 d_raster_us=0 d_observe_us=91375 max_observe_us=24973 d_paints=0 d_skips=50 d_ticks=2 window_ms=1193
[host] hitch live9uwjz3_0: observe_us=31878 paints=0 skips=1713 ticks=84
[host] hitch live9uwjz3_0: observe_us=25668 paints=0 skips=1738 ticks=85
[host] slot live9uwjz3_0: d_loop_us=1297 d_raster_us=0 d_observe_us=102298 max_observe_us=31878 d_paints=0 d_skips=50 d_ticks=2 window_ms=1207
[host] hitch live9uwjz3_0: observe_us=20542 paints=0 skips=1763 ticks=86
[host] hitch live9uwjz3_0: observe_us=26894 paints=0 skips=1788 ticks=87
[host] slot live9uwjz3_0: d_loop_us=1278 d_raster_us=0 d_observe_us=91243 max_observe_us=26894 d_paints=0 d_skips=50 d_ticks=2 window_ms=1200
[host] hitch live9uwjz3_0: observe_us=31615 paints=0 skips=1813 ticks=88
[host] hitch live9uwjz3_0: observe_us=25252 paints=0 skips=1837 ticks=89
[script live9uwjz3_0] interact Loc { x: 2667, z: 3310, level: 0, action: "Steal from", id: Some(2561) }
[host] slot live9uwjz3_0: d_loop_us=1342 d_raster_us=0 d_observe_us=102123 max_observe_us=31615 d_paints=0 d_skips=50 d_ticks=2 window_ms=1214
[host] hitch live9uwjz3_0: observe_us=16998 paints=0 skips=1862 ticks=90
[host] slot live9uwjz3_0: d_loop_us=1281 d_raster_us=0 d_observe_us=76793 max_observe_us=16998 d_paints=0 d_skips=50 d_ticks=2 window_ms=1177
[host] slot live9uwjz3_0: d_loop_us=1211 d_raster_us=0 d_observe_us=81164 max_observe_us=15343 d_paints=0 d_skips=50 d_ticks=2 window_ms=1202
[script live9uwjz3_0] guard caught the steal — handling per guardResponse
[script live9uwjz3_0] combat — kiting the guard to 2655,3298
[script live9uwjz3_0] interact Walk { x: 2655, z: 3298, level: 0, allow_teleports: false }
[host] slot live9uwjz3_0: d_loop_us=1465 d_raster_us=0 d_observe_us=97694 max_observe_us=15297 d_paints=0 d_skips=50 d_ticks=2 window_ms=1172
[nav-follow] here=WorldTile { x: 2668, z: 3312, level: 0 } walk=true transport=false leg=0 hops=1 outcome=None
[host] hitch live9uwjz3_0: observe_us=17179 paints=0 skips=2014 ticks=96
[nav-walk] here=WorldTile { x: 2666, z: 3312, level: 0 } aim=WorldTile { x: 2655, z: 3298, level: 0 } radius=0 ticks_waited=0 sent_tile=Some(WorldTile { x: 2668, z: 3312, level: 0 })
[nav-follow] here=WorldTile { x: 2666, z: 3312, level: 0 } walk=true transport=false leg=0 hops=1 outcome=None
[host] hitch live9uwjz3_0: observe_us=17151 paints=0 skips=2039 ticks=97
[host] slot live9uwjz3_0: d_loop_us=1261 d_raster_us=0 d_observe_us=85531 max_observe_us=17179 d_paints=0 d_skips=50 d_ticks=2 window_ms=1197
[nav-walk] here=WorldTile { x: 2666, z: 3310, level: 0 } aim=WorldTile { x: 2655, z: 3298, level: 0 } radius=0 ticks_waited=1 sent_tile=Some(WorldTile { x: 2668, z: 3312, level: 0 })
[nav-follow] here=WorldTile { x: 2666, z: 3310, level: 0 } walk=true transport=false leg=0 hops=1 outcome=None
[host] hitch live9uwjz3_0: observe_us=27630 paints=0 skips=2065 ticks=98
[nav-walk] here=WorldTile { x: 2665, z: 3308, level: 0 } aim=WorldTile { x: 2655, z: 3298, level: 0 } radius=0 ticks_waited=2 sent_tile=Some(WorldTile { x: 2668, z: 3312, level: 0 })
[nav-follow] here=WorldTile { x: 2665, z: 3308, level: 0 } walk=true transport=false leg=0 hops=1 outcome=None
[host] hitch live9uwjz3_0: observe_us=24853 paints=0 skips=2090 ticks=99
[host] slot live9uwjz3_0: d_loop_us=1331 d_raster_us=0 d_observe_us=103794 max_observe_us=27630 d_paints=0 d_skips=50 d_ticks=2 window_ms=1191
[nav-walk] here=WorldTile { x: 2663, z: 3306, level: 0 } aim=WorldTile { x: 2655, z: 3298, level: 0 } radius=0 ticks_waited=3 sent_tile=Some(WorldTile { x: 2668, z: 3312, level: 0 })
[nav-follow] here=WorldTile { x: 2663, z: 3306, level: 0 } walk=true transport=false leg=0 hops=1 outcome=None
[host] hitch live9uwjz3_0: observe_us=18844 paints=0 skips=2115 ticks=100
[nav-walk] here=WorldTile { x: 2661, z: 3304, level: 0 } aim=WorldTile { x: 2655, z: 3298, level: 0 } radius=0 ticks_waited=4 sent_tile=Some(WorldTile { x: 2668, z: 3312, level: 0 })
[nav-follow] here=WorldTile { x: 2661, z: 3304, level: 0 } walk=true transport=false leg=0 hops=1 outcome=None
[host] hitch live9uwjz3_0: observe_us=22797 paints=0 skips=2141 ticks=101
[host] slot live9uwjz3_0: d_loop_us=1343 d_raster_us=0 d_observe_us=87106 max_observe_us=22797 d_paints=0 d_skips=50 d_ticks=2 window_ms=1173
[nav-walk] here=WorldTile { x: 2659, z: 3302, level: 0 } aim=WorldTile { x: 2655, z: 3298, level: 0 } radius=0 ticks_waited=5 sent_tile=Some(WorldTile { x: 2668, z: 3312, level: 0 })
[nav-follow] here=WorldTile { x: 2659, z: 3302, level: 0 } walk=true transport=false leg=0 hops=1 outcome=None
[host] hitch live9uwjz3_0: observe_us=27487 paints=0 skips=2166 ticks=102
[nav-walk] here=WorldTile { x: 2657, z: 3300, level: 0 } aim=WorldTile { x: 2655, z: 3298, level: 0 } radius=0 ticks_waited=6 sent_tile=Some(WorldTile { x: 2668, z: 3312, level: 0 })
[nav-follow] here=WorldTile { x: 2657, z: 3300, level: 0 } walk=true transport=false leg=0 hops=1 outcome=None
[host] hitch live9uwjz3_0: observe_us=23540 paints=0 skips=2191 ticks=103
[host] slot live9uwjz3_0: d_loop_us=1115 d_raster_us=0 d_observe_us=90766 max_observe_us=27487 d_paints=0 d_skips=50 d_ticks=2 window_ms=1192
[nav-walk] here=WorldTile { x: 2655, z: 3298, level: 0 } aim=WorldTile { x: 2655, z: 3298, level: 0 } radius=0 ticks_waited=7 sent_tile=Some(WorldTile { x: 2668, z: 3312, level: 0 })
[nav-follow] here=WorldTile { x: 2655, z: 3298, level: 0 } walk=false transport=false leg=1 hops=1 outcome=Some(Arrived { at: WorldTile { x: 2655, z: 3298, level: 0 } })
[host] hitch live9uwjz3_0: observe_us=27944 paints=0 skips=2216 ticks=104
[host] slot live9uwjz3_0: d_loop_us=1269 d_raster_us=0 d_observe_us=92849 max_observe_us=27944 d_paints=0 d_skips=50 d_ticks=2 window_ms=1195
[host] slot live9uwjz3_0: d_loop_us=1528 d_raster_us=0 d_observe_us=68883 max_observe_us=11930 d_paints=0 d_skips=50 d_ticks=2 window_ms=1185
[host] slot live9uwjz3_0: d_loop_us=1237 d_raster_us=0 d_observe_us=70366 max_observe_us=13081 d_paints=0 d_skips=50 d_ticks=2 window_ms=1195
[script live9uwjz3_0] steal pass made no progress — re-entering
[host] slot live9uwjz3_0: d_loop_us=1271 d_raster_us=0 d_observe_us=64598 max_observe_us=11425 d_paints=0 d_skips=50 d_ticks=2 window_ms=1194
[script live9uwjz3_0] steal pass made no progress — re-entering
[script live9uwjz3_0] steal pass made no progress — re-entering
[host] slot live9uwjz3_0: d_loop_us=1313 d_raster_us=0 d_observe_us=78163 max_observe_us=12961 d_paints=0 d_skips=50 d_ticks=2 window_ms=1179
[script live9uwjz3_0] steal pass made no progress — re-entering
[script live9uwjz3_0] steal pass made no progress — re-entering
[host] slot live9uwjz3_0: d_loop_us=1399 d_raster_us=0 d_observe_us=71558 max_observe_us=13103 d_paints=0 d_skips=50 d_ticks=2 window_ms=1191
[script live9uwjz3_0] steal pass made no progress — re-entering
[script live9uwjz3_0] steal pass made no progress — re-entering
[host] slot live9uwjz3_0: d_loop_us=1401 d_raster_us=0 d_observe_us=67962 max_observe_us=12630 d_paints=0 d_skips=50 d_ticks=2 window_ms=1207
[script live9uwjz3_0] steal pass made no progress — re-entering
[script live9uwjz3_0] steal pass made no progress — re-entering
[host] slot live9uwjz3_0: d_loop_us=1470 d_raster_us=0 d_observe_us=76841 max_observe_us=12749 d_paints=0 d_skips=50 d_ticks=2 window_ms=1187
[script live9uwjz3_0] interact WalkTo { x: 2668, z: 3312, level: 0 }
[host] hitch live9uwjz3_0: observe_us=22166 paints=0 skips=2644 ticks=121
[host] slot live9uwjz3_0: d_loop_us=2188 d_raster_us=0 d_observe_us=84631 max_observe_us=22166 d_paints=0 d_skips=50 d_ticks=2 window_ms=1187
[host] hitch live9uwjz3_0: observe_us=29898 paints=0 skips=2669 ticks=122
[host] hitch live9uwjz3_0: observe_us=29519 paints=0 skips=2694 ticks=123
[host] slot live9uwjz3_0: d_loop_us=1316 d_raster_us=0 d_observe_us=104732 max_observe_us=29898 d_paints=0 d_skips=50 d_ticks=2 window_ms=1220
[host] hitch live9uwjz3_0: observe_us=16661 paints=0 skips=2718 ticks=124
[host] hitch live9uwjz3_0: observe_us=29419 paints=0 skips=2743 ticks=125
[host] slot live9uwjz3_0: d_loop_us=1797 d_raster_us=0 d_observe_us=87429 max_observe_us=29419 d_paints=0 d_skips=50 d_ticks=2 window_ms=1208
[host] hitch live9uwjz3_0: observe_us=32367 paints=0 skips=2768 ticks=126
[host] hitch live9uwjz3_0: observe_us=30484 paints=0 skips=2793 ticks=127
[host] slot live9uwjz3_0: d_loop_us=1220 d_raster_us=0 d_observe_us=110145 max_observe_us=32367 d_paints=0 d_skips=50 d_ticks=2 window_ms=1210
[host] hitch live9uwjz3_0: observe_us=28102 paints=0 skips=2817 ticks=128
[script live9uwjz3_0] interact Loc { x: 2667, z: 3310, level: 0, action: "Steal from", id: Some(2561) }
[host] slot live9uwjz3_0: d_loop_us=1332 d_raster_us=0 d_observe_us=91541 max_observe_us=28102 d_paints=0 d_skips=50 d_ticks=2 window_ms=1210
[host] hitch live9uwjz3_0: observe_us=18748 paints=0 skips=2867 ticks=130
[host] slot live9uwjz3_0: d_loop_us=1350 d_raster_us=0 d_observe_us=88232 max_observe_us=18748 d_paints=0 d_skips=50 d_ticks=2 window_ms=1189
[script live9uwjz3_0] guard caught the steal — handling per guardResponse
[script live9uwjz3_0] combat — kiting the guard to 2655,3298
[script live9uwjz3_0] interact Walk { x: 2655, z: 3298, level: 0, allow_teleports: false }
[host] slot live9uwjz3_0: d_loop_us=1401 d_raster_us=0 d_observe_us=86403 max_observe_us=15783 d_paints=0 d_skips=50 d_ticks=2 window_ms=1193
[nav-follow] here=WorldTile { x: 2668, z: 3312, level: 0 } walk=true transport=false leg=0 hops=1 outcome=None
[nav-walk] here=WorldTile { x: 2666, z: 3312, level: 0 } aim=WorldTile { x: 2655, z: 3298, level: 0 } radius=0 ticks_waited=0 sent_tile=Some(WorldTile { x: 2668, z: 3312, level: 0 })
[nav-follow] here=WorldTile { x: 2666, z: 3312, level: 0 } walk=true transport=false leg=0 hops=1 outcome=None
[host] hitch live9uwjz3_0: observe_us=25401 paints=0 skips=2993 ticks=135
[host] slot live9uwjz3_0: d_loop_us=1247 d_raster_us=0 d_observe_us=81297 max_observe_us=25401 d_paints=0 d_skips=50 d_ticks=2 window_ms=1195
[nav-walk] here=WorldTile { x: 2666, z: 3310, level: 0 } aim=WorldTile { x: 2655, z: 3298, level: 0 } radius=0 ticks_waited=1 sent_tile=Some(WorldTile { x: 2668, z: 3312, level: 0 })
[nav-follow] here=WorldTile { x: 2666, z: 3310, level: 0 } walk=true transport=false leg=0 hops=1 outcome=None
[host] hitch live9uwjz3_0: observe_us=33311 paints=0 skips=3018 ticks=136
[nav-walk] here=WorldTile { x: 2665, z: 3308, level: 0 } aim=WorldTile { x: 2655, z: 3298, level: 0 } radius=0 ticks_waited=2 sent_tile=Some(WorldTile { x: 2668, z: 3312, level: 0 })
[nav-follow] here=WorldTile { x: 2665, z: 3308, level: 0 } walk=true transport=false leg=0 hops=1 outcome=None
[host] hitch live9uwjz3_0: observe_us=28234 paints=0 skips=3042 ticks=137
[host] slot live9uwjz3_0: d_loop_us=1312 d_raster_us=0 d_observe_us=113408 max_observe_us=33311 d_paints=0 d_skips=50 d_ticks=2 window_ms=1227
[nav-walk] here=WorldTile { x: 2663, z: 3306, level: 0 } aim=WorldTile { x: 2655, z: 3298, level: 0 } radius=0 ticks_waited=3 sent_tile=Some(WorldTile { x: 2668, z: 3312, level: 0 })
[nav-follow] here=WorldTile { x: 2663, z: 3306, level: 0 } walk=true transport=false leg=0 hops=1 outcome=None
[host] hitch live9uwjz3_0: observe_us=31505 paints=0 skips=3067 ticks=138
FAIL: catalog_boundary_live: scenario failed: step 13 (watch arrival at the Ardougne bank after the stall fill): arrived_near(2655,3286,0,6) not seen within 150 ticks; evidence=Some(Evidence { scenario: "ardy_cakes", outcome: "FAIL", predicate: "arrived_near(2655,3286,0,6)", ticks: 169, elapsed_ms: 94129, message: Some("step 13 (watch arrival at the Ardougne bank after the stall fill): arrived_near(2655,3286,0,6) not seen within 150 ticks"), tile: Some([2663, 3306, 0]), inv: [InvRow { id: 1891, name: Some("Cake"), count: 1 }, InvRow { id: 1891, name: Some("Cake"), count: 1 }, InvRow { id: 1891, name: Some("Cake"), count: 1 }], stat: Some(StatRow { runenergy: 79 }), chat: [ChatRow { text: "You steal a cake.", username: None }, ChatRow { text: "You steal a cake.", username: None }, ChatRow { text: "You steal a cake.", username: None }, ChatRow { text: "Inventory wiped.", username: None }, ChatRow { text: "set tutorial: to 1000", username: None }, ChatRow { text: "Welcome to RuneScape.", username: None }], scene: 2 }); core={"error":"ardy_cakes core post-Start delta incomplete","witness":{"case":"ardy_cakes","baseline":{"ingame":true,"scene_state":2,"player":"Live9uwjz3 0","tile":[2668,3312,0],"tick":18,"items":{},"item_ids":{},"bank":{},"bank_ids":{},"bank_open":false,"bank_loaded":false,"bank_generation":0,"levels":{"-unused-":0,"agility":1,"attack":1,"cooking":1,"crafting":1,"defence":1,"firemaking":1,"fishing":1,"fletching":1,"herblore":1,"hitpoints":40,"magic":1,"mining":1,"prayer":1,"ranged":1,"runecraft":1,"slayer":1,"smithing":1,"strength":1,"thieving":5,"woodcutting":1},"xp":{"-unused-":0,"agility":0,"attack":0,"cooking":0,"crafting":0,"defence":0,"firemaking":0,"fishing":0,"fletching":0,"herblore":0,"hitpoints":37224,"magic":0,"mining":0,"prayer":0,"ranged":0,"runecraft":0,"slayer":0,"smithing":0,"strength":0,"thieving":388,"woodcutting":0},"chat":[[7,"Inventory wiped."],[6,"set tutorial: to 1000"],[5,"Welcome to RuneScape."]],"loc_facts":[{"id":1530,"x":2669,"z":3316,"level":0,"name":"Door","open":true},{"id":1530,"x":2670,"z":3320,"level":0,"name":"Door","open":true},{"id":131,"x":2672,"z":3304,"level":0,"name":"Door","open":true},{"id":131,"x":2672,"z":3305,"level":0,"name":"Door","open":true},{"id":131,"x":2672,"z":3311,"level":0,"name":"Door","open":true},{"id":2551,"x":2674,"z":3304,"level":0,"name":"Door","open":true},{"id":2550,"x":2674,"z":3305,"level":0,"name":"Door","open":true},{"id":131,"x":2676,"z":3304,"level":0,"name":"Door","open":true},{"id":131,"x":2676,"z":3305,"level":0,"name":"Door","open":true}],"equipment_ids":{},"main_modal":-1,"widget_ids":[3213,3214]},"latest":{"ingame":true,"scene_state":2,"player":"Live9uwjz3 0","tile":[2663,3306,0],"tick":138,"items":{"Cake":3},"item_ids":{"1891":3},"bank":{},"bank_ids":{},"bank_open":false,"bank_loaded":false,"bank_generation":0,"levels":{"-unused-":0,"agility":1,"attack":1,"cooking":1,"crafting":1,"defence":1,"firemaking":1,"fishing":1,"fletching":1,"herblore":1,"hitpoints":40,"magic":1,"mining":1,"prayer":1,"ranged":1,"runecraft":1,"slayer":1,"smithing":1,"strength":1,"thieving":5,"woodcutting":1},"xp":{"-unused-":0,"agility":0,"attack":0,"cooking":0,"crafting":0,"defence":0,"firemaking":0,"fishing":0,"fletching":0,"herblore":0,"hitpoints":37224,"magic":0,"mining":0,"prayer":0,"ranged":0,"runecraft":0,"slayer":0,"smithing":0,"strength":0,"thieving":436,"woodcutting":0},"chat":[[10,"You steal a cake."],[9,"You steal a cake."],[8,"You steal a cake."],[7,"Inventory wiped."],[6,"set tutorial: to 1000"],[5,"Welcome to RuneScape."]],"loc_facts":[],"equipment_ids":{},"main_modal":-1,"widget_ids":[3213,3214]},"max_items":{"Cake":3},"max_xp":{"-unused-":0,"agility":0,"attack":0,"cooking":0,"crafting":0,"defence":0,"firemaking":0,"fishing":0,"fletching":0,"herblore":0,"hitpoints":37224,"magic":0,"mining":0,"prayer":0,"ranged":0,"runecraft":0,"slayer":0,"smithing":0,"strength":0,"thieving":436,"woodcutting":0},"saw_bury_chat":false,"post_start_observations":2980,"bone_bank_cycle":{"first_batch_buried":false,"opened":null,"withdrawn":null,"buried_after_withdrawal":false},"bank_fletcher_cycle":{"first_pack_created":false,"deposited":null,"withdrawn":null,"crafted_after_withdrawal":false},"bank_fletcher_string_cycle":{"initial_pairs_strung":false,"deposited":null,"withdrawn":null,"strung_after_withdrawal":false},"bank_fletcher_cut_string_cycle":{"cut_pair_created":false,"deposited":null,"withdrawn":null,"string_pair_created":false},"alcher_generated_custom_cycle":{"withdrawn":null,"consumed":false},"dart_fletcher_cycle":{"first":null,"further":false,"wrong_tier":false},"herb_cleaner_cycle":{"first_pack":false,"deposited":null,"withdrawn":null,"cleaned_after_withdrawal":false,"filter_violated":false},"gem_cutter_cycle":{"first_pack":false,"deposited":null,"withdrawn":null,"cut_after_withdrawal":false,"filter_violated":false},"door_opener_cycle":{"selected":null,"opened":false},"gnome_course_cycle":{"log":null,"ground_return":null,"pipe":null,"second_lap":false},"flax_picker_cycle":{"first_pack":false,"deposited":null,"returned":false,"further":false},"superheater_cycle":{"first_bars":false,"deposited":null,"withdrawn":null,"produced_after_withdrawal":false,"wrong_product":false,"wrong_staff":false},"chicken_killer_bank_cycle":{"combat_loot":false,"deposited":null,"returned":false,"further":false},"vial_filler_cycle":{"filled":null,"deposited":null,"withdrawn":null,"returned":false,"further":false},"potion_maker_cycle":{"unfinished":null,"finished":null,"deposited":null,"withdrawn":null,"further":false,"wrong_product":false,"filter_violated":false},"tanner_bot_cycle":{"widget":null,"tanned":null,"deposited":null,"withdrawn":null,"returned":false,"further":false,"wrong_product":false,"shop":false},"rune_crafter_cycle":{"withdrawn":null,"entered":null,"crafted":null,"exited":null,"deposited":null,"restocked":null,"returned":false,"further":false,"wrong_product":false,"noted":false},"ardy_cakes_cycle":{"stolen":{"ingame":true,"scene_state":2,"player":"Live9uwjz3 0","tile":[2668,3312,0],"tick":21,"items":{"Cake":1},"item_ids":{"1891":1},"bank":{},"bank_ids":{},"bank_open":false,"bank_loaded":false,"bank_generation":0,"levels":{"-unused-":0,"agility":1,"attack":1,"cooking":1,"crafting":1,"defence":1,"firemaking":1,"fishing":1,"fletching":1,"herblore":1,"hitpoints":40,"magic":1,"mining":1,"prayer":1,"ranged":1,"runecraft":1,"slayer":1,"smithing":1,"strength":1,"thieving":5,"woodcutting":1},"xp":{"-unused-":0,"agility":0,"attack":0,"cooking":0,"crafting":0,"defence":0,"firemaking":0,"fishing":0,"fletching":0,"herblore":0,"hitpoints":37224,"magic":0,"mining":0,"prayer":0,"ranged":0,"runecraft":0,"slayer":0,"smithing":0,"strength":0,"thieving":404,"woodcutting":0},"chat":[[8,"You steal a cake."],[7,"Inventory wiped."],[6,"set tutorial: to 1000"],[5,"Welcome to RuneScape."]],"loc_facts":[{"id":1530,"x":2669,"z":3316,"level":0,"name":"Door","open":true},{"id":1530,"x":2670,"z":3320,"level":0,"name":"Door","open":true},{"id":131,"x":2672,"z":3304,"level":0,"name":"Door","open":true},{"id":131,"x":2672,"z":3305,"level":0,"name":"Door","open":true},{"id":131,"x":2672,"z":3311,"level":0,"name":"Door","open":true},{"id":2551,"x":2674,"z":3304,"level":0,"name":"Door","open":true},{"id":2550,"x":2674,"z":3305,"level":0,"name":"Door","open":true},{"id":131,"x":2676,"z":3304,"level":0,"name":"Door","open":true},{"id":131,"x":2676,"z":3305,"level":0,"name":"Door","open":true}],"equipment_ids":{},"main_modal":-1,"widget_ids":[3213,3214]},"deposited":null,"returned":false,"further":false,"wrong_product":false,"noted":false},"ardy_thiever_cycle":{"pickpocketed":null,"deposited":null,"returned":false,"further":false},"gnome_chop_cycle":{"chopped":null,"deposited":null,"returned":false,"further":false,"wrong_product":false,"noted":false},"gnome_fletch_cycle":{"chopped":null,"fletched":null,"deposited":null,"returned":false,"further":false,"wrong_product":false,"noted":false},"coal_trucks_cycle":{"mined":null,"trucked":null,"further":false,"noted":false,"banked":false},"station_production_cycle":{"withdrawn":null,"produced":null,"deposited":null,"restocked":null,"returned":false,"further":false,"wrong_product":false,"noted":false},"ordered_first_exhausted":false}}
