
running 1 test
{"phase":"identity","revision":274,"profile":"local-274 · 127.0.0.1:43594 · revision 274","cache_id":"4aac9b63312dcb75d5de8f686772d083ba0808c57985438246edf21ef522be1c","nav_pack":"/Users/acfrazier/experiments/274bot/.worktrees/rs2b0t-multirevision/.superpowers/world-capabilities/274/274bot.navpack","nav_sha256":"05db24743e9f549ced16c1f00b87c30a390d3aaec391815da3f3563130b3bcd4","catalog_commit":"8e7d965be2071d6ec65c3265e12af797082d720a","catalog_identity":"289-updated frozen catalog","catalog_read_only_path":".superpowers/inputs/rs2b0t-8e7d965be2071d6ec65c3265e12af797082d720a","catalog_root":"/Users/acfrazier/experiments/274bot/.worktrees/rs2b0t-multirevision/.superpowers/inputs/rs2b0t-8e7d965be2071d6ec65c3265e12af797082d720a","registry_path":"/Users/acfrazier/experiments/274bot/.worktrees/rs2b0t-multirevision/.superpowers/inputs/rs2b0t-8e7d965be2071d6ec65c3265e12af797082d720a/src/bot/scripts/index.ts","registry_sha256":"b614aedb3d5adfdfbac3760f082273f3cf5c33fffe4ced0f2b01490ae02d1bc2","card":{"card":"FlaxPicker","source_path":"/Users/acfrazier/experiments/274bot/.worktrees/rs2b0t-multirevision/.superpowers/inputs/rs2b0t-8e7d965be2071d6ec65c3265e12af797082d720a/src/bot/scripts/FlaxPicker/FlaxPicker.ts","source_sha256":"e24b0d794e4bb83a0616a841999b28f036da47a48a3bd1e8825316616bbfd83a","compiled_sha256":"4628cb4ca592cbb87fbaeb7c2302d0c6242563ee487482f203ebd6dac5520d33","siblings":[],"settings":{"flaxName":"Flax","pickOp":"Pick","bankBooth":"Bank booth"}},"account":"livedoz7i7_0","engine_speed_ms":null}
[host-play] slot livedoz7i7_0: thread up
274bot: loaded snapshot (4556 models, 336 anim records)
[host-play] slot livedoz7i7_0: handshake begin reconnect=false
[host-play] slot livedoz7i7_0: handshake ok
[host-play] slot livedoz7i7_0: queued mainland tele+setvar (scene 2)
[host] slot livedoz7i7_0: d_loop_us=10691 d_raster_us=0 d_observe_us=59258 max_observe_us=5469 d_paints=0 d_skips=50 d_ticks=2 window_ms=0
[host-play] slot livedoz7i7_0: handshake begin reconnect=true
[host-play] slot livedoz7i7_0: handshake ok
[host] slot livedoz7i7_0: d_loop_us=999 d_raster_us=0 d_observe_us=40939 max_observe_us=3161 d_paints=0 d_skips=50 d_ticks=1 window_ms=0
[host-play] slot livedoz7i7_0: queued mainland tele+setvar (scene 2)
{"phase":"baseline-after-preparation","scenario":"flax_picker","account":"livedoz7i7_0","observation":{"ingame":true,"scene_state":2,"player":"Livedoz7i7 0","tile":[2741,3444,0],"tick":17,"items":{},"item_ids":{},"bank":{},"bank_ids":{},"bank_open":false,"bank_loaded":false,"bank_generation":0,"levels":{"-unused-":0,"agility":1,"attack":1,"cooking":1,"crafting":1,"defence":1,"firemaking":1,"fishing":1,"fletching":1,"herblore":1,"hitpoints":10,"magic":1,"mining":1,"prayer":1,"ranged":1,"runecraft":1,"slayer":1,"smithing":1,"strength":1,"thieving":1,"woodcutting":1},"xp":{"-unused-":0,"agility":0,"attack":0,"cooking":0,"crafting":0,"defence":0,"firemaking":0,"fishing":0,"fletching":0,"herblore":0,"hitpoints":1154,"magic":0,"mining":0,"prayer":0,"ranged":0,"runecraft":0,"slayer":0,"smithing":0,"strength":0,"thieving":0,"woodcutting":0},"chat":[[7,"Inventory wiped."],[6,"set tutorial: to 1000"],[5,"Welcome to RuneScape."]],"loc_facts":[],"equipment_ids":{},"main_modal":-1,"widget_ids":[3213,3214]}}
[script livedoz7i7_0] start load
{"phase":"start","account":"livedoz7i7_0","count":1}
[host] hitch livedoz7i7_0: observe_us=98306 paints=0 skips=85 ticks=17
[script livedoz7i7_0] FlaxPicker picking 'Flax' (Pick) at (2741, 3444, 0) — gate (2736, 3443, 0), bank entrance (2726, 3487, 0), stand (2725, 3493, 0)
[host] slot livedoz7i7_0: d_loop_us=22661 d_raster_us=0 d_observe_us=185181 max_observe_us=98306 d_paints=0 d_skips=50 d_ticks=17 window_ms=10555
[script livedoz7i7_0] interact Loc { x: 2739, z: 3442, level: 0, action: "Pick", id: Some(2646) }
[host] hitch livedoz7i7_0: observe_us=23792 paints=0 skips=130 ticks=20
[host] slot livedoz7i7_0: d_loop_us=743 d_raster_us=0 d_observe_us=74410 max_observe_us=23792 d_paints=0 d_skips=50 d_ticks=2 window_ms=1300
[host] hitch livedoz7i7_0: observe_us=16837 paints=0 skips=176 ticks=22
[script livedoz7i7_0] interact Loc { x: 2738, z: 3441, level: 0, action: "Pick", id: Some(2646) }
[host] hitch livedoz7i7_0: observe_us=26099 paints=0 skips=199 ticks=23
[host] slot livedoz7i7_0: d_loop_us=880 d_raster_us=0 d_observe_us=97526 max_observe_us=26099 d_paints=0 d_skips=50 d_ticks=3 window_ms=1343
[script livedoz7i7_0] interact Loc { x: 2738, z: 3441, level: 0, action: "Pick", id: Some(2646) }
[host] hitch livedoz7i7_0: observe_us=24275 paints=0 skips=244 ticks=25
[script livedoz7i7_0] interact Loc { x: 2738, z: 3440, level: 0, action: "Pick", id: Some(2646) }
[host] slot livedoz7i7_0: d_loop_us=745 d_raster_us=0 d_observe_us=86164 max_observe_us=24275 d_paints=0 d_skips=50 d_ticks=2 window_ms=1310
[host] hitch livedoz7i7_0: observe_us=19405 paints=0 skips=266 ticks=26
[script livedoz7i7_0] interact Loc { x: 2737, z: 3440, level: 0, action: "Pick", id: Some(2646) }
[host] slot livedoz7i7_0: d_loop_us=719 d_raster_us=0 d_observe_us=68415 max_observe_us=19405 d_paints=0 d_skips=50 d_ticks=2 window_ms=1346
[host] hitch livedoz7i7_0: observe_us=25636 paints=0 skips=333 ticks=29
[script livedoz7i7_0] interact Loc { x: 2738, z: 3440, level: 0, action: "Pick", id: Some(2646) }
[host] slot livedoz7i7_0: d_loop_us=755 d_raster_us=0 d_observe_us=78509 max_observe_us=25636 d_paints=0 d_skips=50 d_ticks=2 window_ms=1356
[host] hitch livedoz7i7_0: observe_us=28333 paints=0 skips=355 ticks=30
[host] slot livedoz7i7_0: d_loop_us=780 d_raster_us=0 d_observe_us=92193 max_observe_us=28333 d_paints=0 d_skips=50 d_ticks=3 window_ms=1339
[host] hitch livedoz7i7_0: observe_us=28389 paints=0 skips=400 ticks=32
[script livedoz7i7_0] interact Loc { x: 2739, z: 3440, level: 0, action: "Pick", id: Some(2646) }
[host] hitch livedoz7i7_0: observe_us=24749 paints=0 skips=423 ticks=33
[script livedoz7i7_0] interact Loc { x: 2739, z: 3440, level: 0, action: "Pick", id: Some(2646) }
[host] slot livedoz7i7_0: d_loop_us=772 d_raster_us=0 d_observe_us=118510 max_observe_us=28389 d_paints=0 d_skips=50 d_ticks=2 window_ms=1294
[host] hitch livedoz7i7_0: observe_us=25175 paints=0 skips=469 ticks=35
[script livedoz7i7_0] interact Loc { x: 2738, z: 3439, level: 0, action: "Pick", id: Some(2646) }
[host] hitch livedoz7i7_0: observe_us=25102 paints=0 skips=492 ticks=36
[script livedoz7i7_0] interact Loc { x: 2738, z: 3439, level: 0, action: "Pick", id: Some(2646) }
[host] slot livedoz7i7_0: d_loop_us=793 d_raster_us=0 d_observe_us=105315 max_observe_us=25175 d_paints=0 d_skips=50 d_ticks=2 window_ms=1292
[host] hitch livedoz7i7_0: observe_us=20372 paints=0 skips=537 ticks=38
[script livedoz7i7_0] interact Loc { x: 2739, z: 3439, level: 0, action: "Pick", id: Some(2646) }
[host] slot livedoz7i7_0: d_loop_us=665 d_raster_us=0 d_observe_us=84845 max_observe_us=20372 d_paints=0 d_skips=50 d_ticks=2 window_ms=1332
[host] hitch livedoz7i7_0: observe_us=22320 paints=0 skips=560 ticks=39
[script livedoz7i7_0] interact Loc { x: 2739, z: 3439, level: 0, action: "Pick", id: Some(2646) }
[host] slot livedoz7i7_0: d_loop_us=920 d_raster_us=0 d_observe_us=85994 max_observe_us=22320 d_paints=0 d_skips=50 d_ticks=2 window_ms=1283
[host] hitch livedoz7i7_0: observe_us=26242 paints=0 skips=607 ticks=41
[script livedoz7i7_0] interact Loc { x: 2740, z: 3439, level: 0, action: "Pick", id: Some(2646) }
[host] hitch livedoz7i7_0: observe_us=23675 paints=0 skips=630 ticks=42
[script livedoz7i7_0] interact Loc { x: 2740, z: 3439, level: 0, action: "Pick", id: Some(2646) }
[host] slot livedoz7i7_0: d_loop_us=866 d_raster_us=0 d_observe_us=98778 max_observe_us=26242 d_paints=0 d_skips=50 d_ticks=2 window_ms=1299
[host] hitch livedoz7i7_0: observe_us=31111 paints=0 skips=677 ticks=44
[script livedoz7i7_0] interact Loc { x: 2739, z: 3438, level: 0, action: "Pick", id: Some(2646) }
[host] hitch livedoz7i7_0: observe_us=17105 paints=0 skips=699 ticks=45
[host] slot livedoz7i7_0: d_loop_us=985 d_raster_us=0 d_observe_us=111050 max_observe_us=31111 d_paints=0 d_skips=50 d_ticks=3 window_ms=1321
[host] hitch livedoz7i7_0: observe_us=28120 paints=0 skips=721 ticks=46
[host] hitch livedoz7i7_0: observe_us=26457 paints=0 skips=745 ticks=47
[script livedoz7i7_0] interact Loc { x: 2739, z: 3442, level: 0, action: "Pick", id: Some(2646) }
[host] slot livedoz7i7_0: d_loop_us=723 d_raster_us=0 d_observe_us=105680 max_observe_us=28120 d_paints=0 d_skips=50 d_ticks=2 window_ms=1320
[host] hitch livedoz7i7_0: observe_us=21013 paints=0 skips=766 ticks=48
[host] hitch livedoz7i7_0: observe_us=28657 paints=0 skips=790 ticks=49
[host] slot livedoz7i7_0: d_loop_us=735 d_raster_us=0 d_observe_us=94087 max_observe_us=28657 d_paints=0 d_skips=50 d_ticks=2 window_ms=1315
[host] hitch livedoz7i7_0: observe_us=23916 paints=0 skips=812 ticks=50
[script livedoz7i7_0] interact Loc { x: 2738, z: 3441, level: 0, action: "Pick", id: Some(2646) }
[script livedoz7i7_0] interact Loc { x: 2738, z: 3441, level: 0, action: "Pick", id: Some(2646) }
[host] slot livedoz7i7_0: d_loop_us=812 d_raster_us=0 d_observe_us=94942 max_observe_us=23916 d_paints=0 d_skips=50 d_ticks=2 window_ms=1319
[host] hitch livedoz7i7_0: observe_us=24695 paints=0 skips=858 ticks=52
[script livedoz7i7_0] interact Loc { x: 2739, z: 3444, level: 0, action: "Pick", id: Some(2646) }
[host] hitch livedoz7i7_0: observe_us=28782 paints=0 skips=880 ticks=53
[script livedoz7i7_0] interact Loc { x: 2739, z: 3444, level: 0, action: "Pick", id: Some(2646) }
[host] slot livedoz7i7_0: d_loop_us=802 d_raster_us=0 d_observe_us=101919 max_observe_us=28782 d_paints=0 d_skips=50 d_ticks=2 window_ms=1344
[host] hitch livedoz7i7_0: observe_us=27121 paints=0 skips=925 ticks=55
[script livedoz7i7_0] interact Loc { x: 2737, z: 3440, level: 0, action: "Pick", id: Some(2646) }
[host] hitch livedoz7i7_0: observe_us=18870 paints=0 skips=947 ticks=56
[host] slot livedoz7i7_0: d_loop_us=921 d_raster_us=0 d_observe_us=108021 max_observe_us=27121 d_paints=0 d_skips=50 d_ticks=3 window_ms=1342
[script livedoz7i7_0] interact Loc { x: 2737, z: 3440, level: 0, action: "Pick", id: Some(2646) }
[host] hitch livedoz7i7_0: observe_us=18694 paints=0 skips=993 ticks=58
[script livedoz7i7_0] interact Loc { x: 2738, z: 3440, level: 0, action: "Pick", id: Some(2646) }
[host] slot livedoz7i7_0: d_loop_us=752 d_raster_us=0 d_observe_us=70699 max_observe_us=18694 d_paints=0 d_skips=50 d_ticks=2 window_ms=1305
[host] hitch livedoz7i7_0: observe_us=16746 paints=0 skips=1016 ticks=59
[host] slot livedoz7i7_0: d_loop_us=613 d_raster_us=0 d_observe_us=57096 max_observe_us=16746 d_paints=0 d_skips=50 d_ticks=2 window_ms=1322
[script livedoz7i7_0] interact Loc { x: 2739, z: 3440, level: 0, action: "Pick", id: Some(2646) }
[host] hitch livedoz7i7_0: observe_us=23542 paints=0 skips=1084 ticks=62
[script livedoz7i7_0] interact Loc { x: 2739, z: 3440, level: 0, action: "Pick", id: Some(2646) }
[host] slot livedoz7i7_0: d_loop_us=733 d_raster_us=0 d_observe_us=83170 max_observe_us=23542 d_paints=0 d_skips=50 d_ticks=2 window_ms=1334
[host] hitch livedoz7i7_0: observe_us=20544 paints=0 skips=1129 ticks=64
[script livedoz7i7_0] interact Loc { x: 2738, z: 3439, level: 0, action: "Pick", id: Some(2646) }
[host] slot livedoz7i7_0: d_loop_us=711 d_raster_us=0 d_observe_us=84691 max_observe_us=20544 d_paints=0 d_skips=50 d_ticks=2 window_ms=1303
[host] hitch livedoz7i7_0: observe_us=25696 paints=0 skips=1152 ticks=65
[script livedoz7i7_0] interact Loc { x: 2738, z: 3439, level: 0, action: "Pick", id: Some(2646) }
[host] hitch livedoz7i7_0: observe_us=20479 paints=0 skips=1197 ticks=67
[host] slot livedoz7i7_0: d_loop_us=840 d_raster_us=0 d_observe_us=105292 max_observe_us=25696 d_paints=0 d_skips=50 d_ticks=3 window_ms=1321
[script livedoz7i7_0] interact Loc { x: 2739, z: 3439, level: 0, action: "Pick", id: Some(2646) }
[host] hitch livedoz7i7_0: observe_us=25430 paints=0 skips=1220 ticks=68
[script livedoz7i7_0] interact Loc { x: 2739, z: 3439, level: 0, action: "Pick", id: Some(2646) }
[host] slot livedoz7i7_0: d_loop_us=749 d_raster_us=0 d_observe_us=80267 max_observe_us=25430 d_paints=0 d_skips=50 d_ticks=2 window_ms=1353
[host] hitch livedoz7i7_0: observe_us=23675 paints=0 skips=1265 ticks=70
[script livedoz7i7_0] interact Loc { x: 2740, z: 3439, level: 0, action: "Pick", id: Some(2646) }
[host] hitch livedoz7i7_0: observe_us=22645 paints=0 skips=1287 ticks=71
[host] slot livedoz7i7_0: d_loop_us=812 d_raster_us=0 d_observe_us=101055 max_observe_us=23675 d_paints=0 d_skips=50 d_ticks=2 window_ms=1316
[script livedoz7i7_0] interact Loc { x: 2740, z: 3439, level: 0, action: "Pick", id: Some(2646) }
[host] hitch livedoz7i7_0: observe_us=27671 paints=0 skips=1333 ticks=73
[script livedoz7i7_0] interact Loc { x: 2739, z: 3438, level: 0, action: "Pick", id: Some(2646) }
[host] slot livedoz7i7_0: d_loop_us=775 d_raster_us=0 d_observe_us=85831 max_observe_us=27671 d_paints=0 d_skips=50 d_ticks=2 window_ms=1326
[host] hitch livedoz7i7_0: observe_us=24455 paints=0 skips=1356 ticks=74
[host] hitch livedoz7i7_0: observe_us=20758 paints=0 skips=1379 ticks=75
[host] slot livedoz7i7_0: d_loop_us=857 d_raster_us=0 d_observe_us=99898 max_observe_us=24455 d_paints=0 d_skips=50 d_ticks=3 window_ms=1328
[host] hitch livedoz7i7_0: observe_us=23754 paints=0 skips=1400 ticks=76
[script livedoz7i7_0] interact Loc { x: 2739, z: 3442, level: 0, action: "Pick", id: Some(2646) }
[host] hitch livedoz7i7_0: observe_us=25486 paints=0 skips=1423 ticks=77
[script livedoz7i7_0] interact Loc { x: 2738, z: 3441, level: 0, action: "Pick", id: Some(2646) }
[host] slot livedoz7i7_0: d_loop_us=808 d_raster_us=0 d_observe_us=115121 max_observe_us=25486 d_paints=0 d_skips=50 d_ticks=2 window_ms=1336
test catalog_boundary_live has been running for over 60 seconds
[host] hitch livedoz7i7_0: observe_us=22931 paints=0 skips=1468 ticks=79
[script livedoz7i7_0] interact Loc { x: 2739, z: 3442, level: 0, action: "Pick", id: Some(2646) }
[script livedoz7i7_0] interact Loc { x: 2739, z: 3442, level: 0, action: "Pick", id: Some(2646) }
[host] slot livedoz7i7_0: d_loop_us=802 d_raster_us=0 d_observe_us=82773 max_observe_us=22931 d_paints=0 d_skips=50 d_ticks=2 window_ms=1297
[host] hitch livedoz7i7_0: observe_us=22829 paints=0 skips=1514 ticks=81
[script livedoz7i7_0] interact Loc { x: 2739, z: 3444, level: 0, action: "Pick", id: Some(2646) }
[script livedoz7i7_0] interact Loc { x: 2739, z: 3444, level: 0, action: "Pick", id: Some(2646) }
[host] slot livedoz7i7_0: d_loop_us=768 d_raster_us=0 d_observe_us=85366 max_observe_us=22829 d_paints=0 d_skips=50 d_ticks=2 window_ms=1280
[host] hitch livedoz7i7_0: observe_us=27715 paints=0 skips=1585 ticks=84
[script livedoz7i7_0] interact Loc { x: 2737, z: 3440, level: 0, action: "Pick", id: Some(2646) }
[host] slot livedoz7i7_0: d_loop_us=829 d_raster_us=0 d_observe_us=96028 max_observe_us=27715 d_paints=0 d_skips=50 d_ticks=2 window_ms=1299
[host] hitch livedoz7i7_0: observe_us=24488 paints=0 skips=1607 ticks=85
[host] slot livedoz7i7_0: d_loop_us=848 d_raster_us=0 d_observe_us=91762 max_observe_us=24488 d_paints=0 d_skips=50 d_ticks=2 window_ms=1270
[host] hitch livedoz7i7_0: observe_us=24878 paints=0 skips=1655 ticks=87
[script livedoz7i7_0] interact Loc { x: 2738, z: 3440, level: 0, action: "Pick", id: Some(2646) }
[host] hitch livedoz7i7_0: observe_us=25742 paints=0 skips=1679 ticks=88
[script livedoz7i7_0] interact Loc { x: 2738, z: 3440, level: 0, action: "Pick", id: Some(2646) }
[host] slot livedoz7i7_0: d_loop_us=791 d_raster_us=0 d_observe_us=94772 max_observe_us=25742 d_paints=0 d_skips=50 d_ticks=2 window_ms=1275
[host] hitch livedoz7i7_0: observe_us=19053 paints=0 skips=1702 ticks=89
[host] hitch livedoz7i7_0: observe_us=27239 paints=0 skips=1725 ticks=90
[script livedoz7i7_0] interact Loc { x: 2739, z: 3440, level: 0, action: "Pick", id: Some(2646) }
[host] hitch livedoz7i7_0: observe_us=27502 paints=0 skips=1747 ticks=91
[host] slot livedoz7i7_0: d_loop_us=900 d_raster_us=0 d_observe_us=126381 max_observe_us=27502 d_paints=0 d_skips=50 d_ticks=3 window_ms=1322
[host] hitch livedoz7i7_0: observe_us=16301 paints=0 skips=1769 ticks=92
[host] hitch livedoz7i7_0: observe_us=25215 paints=0 skips=1792 ticks=93
[script livedoz7i7_0] interact Loc { x: 2738, z: 3439, level: 0, action: "Pick", id: Some(2646) }
[host] slot livedoz7i7_0: d_loop_us=874 d_raster_us=0 d_observe_us=95763 max_observe_us=25215 d_paints=0 d_skips=50 d_ticks=2 window_ms=1354
[host] hitch livedoz7i7_0: observe_us=23602 paints=0 skips=1814 ticks=94
[host] slot livedoz7i7_0: d_loop_us=784 d_raster_us=0 d_observe_us=84896 max_observe_us=23602 d_paints=0 d_skips=50 d_ticks=2 window_ms=1327
[host] hitch livedoz7i7_0: observe_us=23463 paints=0 skips=1859 ticks=96
[script livedoz7i7_0] interact Loc { x: 2739, z: 3439, level: 0, action: "Pick", id: Some(2646) }
[host] hitch livedoz7i7_0: observe_us=24879 paints=0 skips=1883 ticks=97
[script livedoz7i7_0] interact Loc { x: 2739, z: 3439, level: 0, action: "Pick", id: Some(2646) }
[host] slot livedoz7i7_0: d_loop_us=809 d_raster_us=0 d_observe_us=110130 max_observe_us=24879 d_paints=0 d_skips=50 d_ticks=2 window_ms=1301
[host] hitch livedoz7i7_0: observe_us=23095 paints=0 skips=1928 ticks=99
[script livedoz7i7_0] interact Loc { x: 2740, z: 3439, level: 0, action: "Pick", id: Some(2646) }
[host] slot livedoz7i7_0: d_loop_us=861 d_raster_us=0 d_observe_us=94092 max_observe_us=23095 d_paints=0 d_skips=50 d_ticks=2 window_ms=1289
[host] hitch livedoz7i7_0: observe_us=24240 paints=0 skips=1952 ticks=100
[script livedoz7i7_0] interact Loc { x: 2740, z: 3439, level: 0, action: "Pick", id: Some(2646) }
[host] hitch livedoz7i7_0: observe_us=26408 paints=0 skips=1998 ticks=102
[host] slot livedoz7i7_0: d_loop_us=934 d_raster_us=0 d_observe_us=109910 max_observe_us=26408 d_paints=0 d_skips=50 d_ticks=3 window_ms=1323
[host] hitch livedoz7i7_0: observe_us=21425 paints=0 skips=2020 ticks=103
[script livedoz7i7_0] interact WalkTo { x: 2736, z: 3443, level: 0 }
[host] hitch livedoz7i7_0: observe_us=21749 paints=0 skips=2043 ticks=104
[host] slot livedoz7i7_0: d_loop_us=756 d_raster_us=0 d_observe_us=92664 max_observe_us=21749 d_paints=0 d_skips=50 d_ticks=2 window_ms=1310
[host] hitch livedoz7i7_0: observe_us=22435 paints=0 skips=2066 ticks=105
[script livedoz7i7_0] interact WalkTo { x: 2726, z: 3487, level: 0 }
[host] slot livedoz7i7_0: d_loop_us=701 d_raster_us=0 d_observe_us=77131 max_observe_us=22435 d_paints=0 d_skips=50 d_ticks=2 window_ms=1297
[host] hitch livedoz7i7_0: observe_us=22199 paints=0 skips=2113 ticks=107
[host] hitch livedoz7i7_0: observe_us=22811 paints=0 skips=2136 ticks=108
[host] slot livedoz7i7_0: d_loop_us=828 d_raster_us=0 d_observe_us=94715 max_observe_us=22811 d_paints=0 d_skips=50 d_ticks=2 window_ms=1290
[host] hitch livedoz7i7_0: observe_us=22304 paints=0 skips=2159 ticks=109
[script livedoz7i7_0] interact WalkTo { x: 2726, z: 3487, level: 0 }
[host] hitch livedoz7i7_0: observe_us=20632 paints=0 skips=2182 ticks=110
[host] slot livedoz7i7_0: d_loop_us=773 d_raster_us=0 d_observe_us=98654 max_observe_us=22304 d_paints=0 d_skips=50 d_ticks=2 window_ms=1294
[host] hitch livedoz7i7_0: observe_us=22555 paints=0 skips=2205 ticks=111
[host] hitch livedoz7i7_0: observe_us=19280 paints=0 skips=2228 ticks=112
[host] slot livedoz7i7_0: d_loop_us=767 d_raster_us=0 d_observe_us=84807 max_observe_us=22555 d_paints=0 d_skips=50 d_ticks=2 window_ms=1303
[host] hitch livedoz7i7_0: observe_us=23909 paints=0 skips=2251 ticks=113
[script livedoz7i7_0] interact WalkTo { x: 2726, z: 3487, level: 0 }
[host] hitch livedoz7i7_0: observe_us=24000 paints=0 skips=2275 ticks=114
[host] hitch livedoz7i7_0: observe_us=19905 paints=0 skips=2298 ticks=115
[host] slot livedoz7i7_0: d_loop_us=837 d_raster_us=0 d_observe_us=124214 max_observe_us=24000 d_paints=0 d_skips=50 d_ticks=3 window_ms=1286
[host] hitch livedoz7i7_0: observe_us=21846 paints=0 skips=2319 ticks=116
[host] hitch livedoz7i7_0: observe_us=16199 paints=0 skips=2342 ticks=117
[script livedoz7i7_0] interact WalkTo { x: 2726, z: 3487, level: 0 }
[host] slot livedoz7i7_0: d_loop_us=883 d_raster_us=0 d_observe_us=83276 max_observe_us=21846 d_paints=0 d_skips=50 d_ticks=2 window_ms=1333
[host] hitch livedoz7i7_0: observe_us=24311 paints=0 skips=2366 ticks=118
[host] hitch livedoz7i7_0: observe_us=20668 paints=0 skips=2389 ticks=119
[host] slot livedoz7i7_0: d_loop_us=892 d_raster_us=0 d_observe_us=93994 max_observe_us=24311 d_paints=0 d_skips=50 d_ticks=2 window_ms=1303
[script livedoz7i7_0] interact WalkTo { x: 2726, z: 3487, level: 0 }
[host] hitch livedoz7i7_0: observe_us=17364 paints=0 skips=2435 ticks=121
[host] slot livedoz7i7_0: d_loop_us=880 d_raster_us=0 d_observe_us=74921 max_observe_us=17364 d_paints=0 d_skips=50 d_ticks=2 window_ms=1310
[host] hitch livedoz7i7_0: observe_us=23638 paints=0 skips=2457 ticks=122
[host] hitch livedoz7i7_0: observe_us=23415 paints=0 skips=2479 ticks=123
[script livedoz7i7_0] interact WalkTo { x: 2726, z: 3487, level: 0 }
[host] slot livedoz7i7_0: d_loop_us=952 d_raster_us=0 d_observe_us=93848 max_observe_us=23638 d_paints=0 d_skips=50 d_ticks=2 window_ms=1345
[host] hitch livedoz7i7_0: observe_us=17213 paints=0 skips=2537 ticks=126
[script livedoz7i7_0] interact WalkTo { x: 2726, z: 3487, level: 0 }
[script livedoz7i7_0] interact WalkTo { x: 2721, z: 3493, level: 0 }
[host] slot livedoz7i7_0: d_loop_us=10588 d_raster_us=0 d_observe_us=117427 max_observe_us=17213 d_paints=0 d_skips=50 d_ticks=5 window_ms=2703
[host] hitch livedoz7i7_0: observe_us=17387 paints=0 skips=2563 ticks=129
[host] slot livedoz7i7_0: d_loop_us=992 d_raster_us=0 d_observe_us=69857 max_observe_us=17387 d_paints=0 d_skips=50 d_ticks=2 window_ms=1288
[script livedoz7i7_0] interact WalkTo { x: 2721, z: 3493, level: 0 }
[script livedoz7i7_0] interact OpenBooth { x: 2721, z: 3494, level: 0, id: 2213, name: Some("Bank booth"), action: Some("Use-quickly") }
[host] slot livedoz7i7_0: d_loop_us=878 d_raster_us=0 d_observe_us=62479 max_observe_us=14551 d_paints=0 d_skips=50 d_ticks=2 window_ms=1323
[host] slot livedoz7i7_0: d_loop_us=876 d_raster_us=0 d_observe_us=57488 max_observe_us=10587 d_paints=0 d_skips=50 d_ticks=3 window_ms=1316
[host] slot livedoz7i7_0: d_loop_us=947 d_raster_us=0 d_observe_us=73511 max_observe_us=15016 d_paints=0 d_skips=50 d_ticks=2 window_ms=1329
[script livedoz7i7_0] banked 28 Flax (+ any junk)
[script livedoz7i7_0] interact WalkTo { x: 2726, z: 3487, level: 0 }
[host] hitch livedoz7i7_0: observe_us=19342 paints=0 skips=2790 ticks=139
[host] slot livedoz7i7_0: d_loop_us=1061 d_raster_us=0 d_observe_us=82686 max_observe_us=19342 d_paints=0 d_skips=50 d_ticks=2 window_ms=1362
[host] hitch livedoz7i7_0: observe_us=28922 paints=0 skips=2812 ticks=140
[host] hitch livedoz7i7_0: observe_us=25419 paints=0 skips=2834 ticks=141
[script livedoz7i7_0] interact WalkTo { x: 2736, z: 3443, level: 0 }
[host] slot livedoz7i7_0: d_loop_us=1313 d_raster_us=0 d_observe_us=104249 max_observe_us=28922 d_paints=0 d_skips=50 d_ticks=2 window_ms=1349
[host] hitch livedoz7i7_0: observe_us=27070 paints=0 skips=2857 ticks=142
[host] hitch livedoz7i7_0: observe_us=26019 paints=0 skips=2878 ticks=143
[host] slot livedoz7i7_0: d_loop_us=1259 d_raster_us=0 d_observe_us=101326 max_observe_us=27070 d_paints=0 d_skips=50 d_ticks=2 window_ms=1357
[host] hitch livedoz7i7_0: observe_us=24885 paints=0 skips=2901 ticks=144
[script livedoz7i7_0] interact WalkTo { x: 2736, z: 3443, level: 0 }
[host] hitch livedoz7i7_0: observe_us=25951 paints=0 skips=2923 ticks=145
[host] hitch livedoz7i7_0: observe_us=23769 paints=0 skips=2945 ticks=146
[host] slot livedoz7i7_0: d_loop_us=1118 d_raster_us=0 d_observe_us=121887 max_observe_us=25951 d_paints=0 d_skips=50 d_ticks=3 window_ms=1347
[host] hitch livedoz7i7_0: observe_us=27857 paints=0 skips=2968 ticks=147
[host] hitch livedoz7i7_0: observe_us=27437 paints=0 skips=2990 ticks=148
[script livedoz7i7_0] interact WalkTo { x: 2736, z: 3443, level: 0 }
[host] slot livedoz7i7_0: d_loop_us=1004 d_raster_us=0 d_observe_us=105405 max_observe_us=27857 d_paints=0 d_skips=50 d_ticks=2 window_ms=1348
[host] hitch livedoz7i7_0: observe_us=31141 paints=0 skips=3012 ticks=149
[host] hitch livedoz7i7_0: observe_us=30294 paints=0 skips=3034 ticks=150
[host] slot livedoz7i7_0: d_loop_us=1175 d_raster_us=0 d_observe_us=112950 max_observe_us=31141 d_paints=0 d_skips=50 d_ticks=2 window_ms=1365
[host] hitch livedoz7i7_0: observe_us=26909 paints=0 skips=3057 ticks=151
[script livedoz7i7_0] interact WalkTo { x: 2736, z: 3443, level: 0 }
[host] hitch livedoz7i7_0: observe_us=28659 paints=0 skips=3079 ticks=152
[host] slot livedoz7i7_0: d_loop_us=1025 d_raster_us=0 d_observe_us=106991 max_observe_us=28659 d_paints=0 d_skips=50 d_ticks=2 window_ms=1311
[host] hitch livedoz7i7_0: observe_us=23091 paints=0 skips=3102 ticks=153
[host] hitch livedoz7i7_0: observe_us=29362 paints=0 skips=3125 ticks=154
[host] hitch livedoz7i7_0: observe_us=25667 paints=0 skips=3146 ticks=155
[script livedoz7i7_0] interact WalkTo { x: 2736, z: 3443, level: 0 }
[host] slot livedoz7i7_0: d_loop_us=1020 d_raster_us=0 d_observe_us=124887 max_observe_us=29362 d_paints=0 d_skips=50 d_ticks=3 window_ms=1347
[host] hitch livedoz7i7_0: observe_us=25272 paints=0 skips=3169 ticks=156
[host] hitch livedoz7i7_0: observe_us=23307 paints=0 skips=3192 ticks=157
[host] slot livedoz7i7_0: d_loop_us=942 d_raster_us=0 d_observe_us=103704 max_observe_us=25272 d_paints=0 d_skips=50 d_ticks=2 window_ms=1340
[host] hitch livedoz7i7_0: observe_us=23891 paints=0 skips=3214 ticks=158
[script livedoz7i7_0] interact WalkTo { x: 2736, z: 3443, level: 0 }
[host] hitch livedoz7i7_0: observe_us=24251 paints=0 skips=3234 ticks=159
[host] slot livedoz7i7_0: d_loop_us=877 d_raster_us=0 d_observe_us=97994 max_observe_us=24251 d_paints=0 d_skips=50 d_ticks=2 window_ms=1384
[host] hitch livedoz7i7_0: observe_us=17548 paints=0 skips=3257 ticks=160
[host] hitch livedoz7i7_0: observe_us=26559 paints=0 skips=3280 ticks=161
[host] slot livedoz7i7_0: d_loop_us=849 d_raster_us=0 d_observe_us=92058 max_observe_us=26559 d_paints=0 d_skips=50 d_ticks=2 window_ms=1332
[host] hitch livedoz7i7_0: observe_us=31719 paints=0 skips=3328 ticks=163
[script livedoz7i7_0] interact WalkTo { x: 2736, z: 3443, level: 0 }
[host] hitch livedoz7i7_0: observe_us=29480 paints=0 skips=3349 ticks=164
[host] slot livedoz7i7_0: d_loop_us=14112 d_raster_us=0 d_observe_us=143558 max_observe_us=31719 d_paints=0 d_skips=50 d_ticks=3 window_ms=1322
[script livedoz7i7_0] interact WalkTo { x: 2741, z: 3444, level: 0 }
[host] hitch livedoz7i7_0: observe_us=27525 paints=0 skips=3372 ticks=165
[host] hitch livedoz7i7_0: observe_us=28899 paints=0 skips=3394 ticks=166
[script livedoz7i7_0] interact Loc { x: 2739, z: 3442, level: 0, action: "Pick", id: Some(2646) }
[host] slot livedoz7i7_0: d_loop_us=926 d_raster_us=0 d_observe_us=106619 max_observe_us=28899 d_paints=0 d_skips=50 d_ticks=2 window_ms=1318
[host] hitch livedoz7i7_0: observe_us=20755 paints=0 skips=3415 ticks=167
[host] hitch livedoz7i7_0: observe_us=16312 paints=0 skips=3438 ticks=168
[host] slot livedoz7i7_0: d_loop_us=891 d_raster_us=0 d_observe_us=92216 max_observe_us=20755 d_paints=0 d_skips=50 d_ticks=2 window_ms=1327
[host] hitch livedoz7i7_0: observe_us=24028 paints=0 skips=3461 ticks=169
PASS: catalog_boundary_live: {"scenario":"flax_picker","runner":"Some(Evidence { scenario: \"flax_picker\", outcome: \"PASS\", predicate: \"has_item_id(1779)>=1\", ticks: 239, elapsed_ms: 111365, message: None, tile: Some([2739, 3443, 0]), inv: [InvRow { id: 1779, name: Some(\"Flax\"), count: 1 }], stat: Some(StatRow { runenergy: 57 }), chat: [ChatRow { text: \"You pick some flax.\", username: None }, ChatRow { text: \"You pick some flax.\", username: None }, ChatRow { text: \"You pick some flax.\", username: None }, ChatRow { text: \"You pick some flax.\", username: None }, ChatRow { text: \"You pick some flax.\", username: None }, ChatRow { text: \"You pick some flax.\", username: None }, ChatRow { text: \"You pick some flax.\", username: None }, ChatRow { text: \"You pick some flax.\", username: None }, ChatRow { text: \"You pick some flax.\", username: None }, ChatRow { text: \"You pick some flax.\", username: None }, ChatRow { text: \"You pick some flax.\", username: None }, ChatRow { text: \"You pick some flax.\", username: None }, ChatRow { text: \"You pick some flax.\", username: None }, ChatRow { text: \"You pick some flax.\", username: None }, ChatRow { text: \"You pick some flax.\", username: None }, ChatRow { text: \"You pick some flax.\", username: None }, ChatRow { text: \"You pick some flax.\", username: None }, ChatRow { text: \"You pick some flax.\", username: None }, ChatRow { text: \"You pick some flax.\", username: None }, ChatRow { text: \"You pick some flax.\", username: None }, ChatRow { text: \"You pick some flax.\", username: None }, ChatRow { text: \"You pick some flax.\", username: None }, ChatRow { text: \"You pick some flax.\", username: None }, ChatRow { text: \"You pick some flax.\", username: None }, ChatRow { text: \"You pick some flax.\", username: None }, ChatRow { text: \"You pick some flax.\", username: None }, ChatRow { text: \"You pick some flax.\", username: None }, ChatRow { text: \"You pick some flax.\", username: None }, ChatRow { text: \"You pick some flax.\", username: None }, ChatRow { text: \"Inventory wiped.\", username: None }, ChatRow { text: \"set tutorial: to 1000\", username: None }, ChatRow { text: \"Welcome to RuneScape.\", username: None }], scene: 2 })","core":{"case":"flax_picker","baseline":{"ingame":true,"scene_state":2,"player":"Livedoz7i7 0","tile":[2741,3444,0],"tick":17,"items":{},"item_ids":{},"bank":{},"bank_ids":{},"bank_open":false,"bank_loaded":false,"bank_generation":0,"levels":{"-unused-":0,"agility":1,"attack":1,"cooking":1,"crafting":1,"defence":1,"firemaking":1,"fishing":1,"fletching":1,"herblore":1,"hitpoints":10,"magic":1,"mining":1,"prayer":1,"ranged":1,"runecraft":1,"slayer":1,"smithing":1,"strength":1,"thieving":1,"woodcutting":1},"xp":{"-unused-":0,"agility":0,"attack":0,"cooking":0,"crafting":0,"defence":0,"firemaking":0,"fishing":0,"fletching":0,"herblore":0,"hitpoints":1154,"magic":0,"mining":0,"prayer":0,"ranged":0,"runecraft":0,"slayer":0,"smithing":0,"strength":0,"thieving":0,"woodcutting":0},"chat":[[7,"Inventory wiped."],[6,"set tutorial: to 1000"],[5,"Welcome to RuneScape."]],"loc_facts":[],"equipment_ids":{},"main_modal":-1,"widget_ids":[3213,3214]},"latest":{"ingame":true,"scene_state":2,"player":"Livedoz7i7 0","tile":[2739,3443,0],"tick":169,"items":{"Flax":1},"item_ids":{"1779":1},"bank":{},"bank_ids":{},"bank_open":false,"bank_loaded":false,"bank_generation":2,"levels":{"-unused-":0,"agility":1,"attack":1,"cooking":1,"crafting":1,"defence":1,"firemaking":1,"fishing":1,"fletching":1,"herblore":1,"hitpoints":10,"magic":1,"mining":1,"prayer":1,"ranged":1,"runecraft":1,"slayer":1,"smithing":1,"strength":1,"thieving":1,"woodcutting":1},"xp":{"-unused-":0,"agility":0,"attack":0,"cooking":0,"crafting":0,"defence":0,"firemaking":0,"fishing":0,"fletching":0,"herblore":0,"hitpoints":1154,"magic":0,"mining":0,"prayer":0,"ranged":0,"runecraft":0,"slayer":0,"smithing":0,"strength":0,"thieving":0,"woodcutting":0},"chat":[[36,"You pick some flax."],[35,"You pick some flax."],[34,"You pick some flax."],[33,"You pick some flax."],[32,"You pick some flax."],[31,"You pick some flax."],[30,"You pick some flax."],[29,"You pick some flax."],[28,"You pick some flax."],[27,"You pick some flax."],[26,"You pick some flax."],[25,"You pick some flax."],[24,"You pick some flax."],[23,"You pick some flax."],[22,"You pick some flax."],[21,"You pick some flax."],[20,"You pick some flax."],[19,"You pick some flax."],[18,"You pick some flax."],[17,"You pick some flax."],[16,"You pick some flax."],[15,"You pick some flax."],[14,"You pick some flax."],[13,"You pick some flax."],[12,"You pick some flax."],[11,"You pick some flax."],[10,"You pick some flax."],[9,"You pick some flax."],[8,"You pick some flax."],[7,"Inventory wiped."],[6,"set tutorial: to 1000"],[5,"Welcome to RuneScape."]],"loc_facts":[],"equipment_ids":{},"main_modal":-1,"widget_ids":[3213,3214]},"max_items":{"Flax":28},"max_xp":{"-unused-":0,"agility":0,"attack":0,"cooking":0,"crafting":0,"defence":0,"firemaking":0,"fishing":0,"fletching":0,"herblore":0,"hitpoints":1154,"magic":0,"mining":0,"prayer":0,"ranged":0,"runecraft":0,"slayer":0,"smithing":0,"strength":0,"thieving":0,"woodcutting":0},"saw_bury_chat":false,"post_start_observations":3362,"bone_bank_cycle":{"first_batch_buried":false,"opened":null,"withdrawn":null,"buried_after_withdrawal":false},"bank_fletcher_cycle":{"first_pack_created":false,"deposited":null,"withdrawn":null,"crafted_after_withdrawal":false},"bank_fletcher_string_cycle":{"initial_pairs_strung":false,"deposited":null,"withdrawn":null,"strung_after_withdrawal":false},"bank_fletcher_cut_string_cycle":{"cut_pair_created":false,"deposited":null,"withdrawn":null,"string_pair_created":false},"alcher_generated_custom_cycle":{"withdrawn":null,"consumed":false},"dart_fletcher_cycle":{"first":null,"further":false,"wrong_tier":false},"herb_cleaner_cycle":{"first_pack":false,"deposited":null,"withdrawn":null,"cleaned_after_withdrawal":false,"filter_violated":false},"gem_cutter_cycle":{"first_pack":false,"deposited":null,"withdrawn":null,"cut_after_withdrawal":false,"filter_violated":false},"door_opener_cycle":{"selected":null,"opened":false},"gnome_course_cycle":{"log":null,"ground_return":null,"pipe":null,"second_lap":false},"flax_picker_cycle":{"first_pack":true,"deposited":{"ingame":true,"scene_state":2,"player":"Livedoz7i7 0","tile":[2721,3493,0],"tick":135,"items":{},"item_ids":{},"bank":{"Flax":28},"bank_ids":{"1779":28},"bank_open":true,"bank_loaded":true,"bank_generation":1,"levels":{"-unused-":0,"agility":1,"attack":1,"cooking":1,"crafting":1,"defence":1,"firemaking":1,"fishing":1,"fletching":1,"herblore":1,"hitpoints":10,"magic":1,"mining":1,"prayer":1,"ranged":1,"runecraft":1,"slayer":1,"smithing":1,"strength":1,"thieving":1,"woodcutting":1},"xp":{"-unused-":0,"agility":0,"attack":0,"cooking":0,"crafting":0,"defence":0,"firemaking":0,"fishing":0,"fletching":0,"herblore":0,"hitpoints":1154,"magic":0,"mining":0,"prayer":0,"ranged":0,"runecraft":0,"slayer":0,"smithing":0,"strength":0,"thieving":0,"woodcutting":0},"chat":[[35,"You pick some flax."],[34,"You pick some flax."],[33,"You pick some flax."],[32,"You pick some flax."],[31,"You pick some flax."],[30,"You pick some flax."],[29,"You pick some flax."],[28,"You pick some flax."],[27,"You pick some flax."],[26,"You pick some flax."],[25,"You pick some flax."],[24,"You pick some flax."],[23,"You pick some flax."],[22,"You pick some flax."],[21,"You pick some flax."],[20,"You pick some flax."],[19,"You pick some flax."],[18,"You pick some flax."],[17,"You pick some flax."],[16,"You pick some flax."],[15,"You pick some flax."],[14,"You pick some flax."],[13,"You pick some flax."],[12,"You pick some flax."],[11,"You pick some flax."],[10,"You pick some flax."],[9,"You pick some flax."],[8,"You pick some flax."],[7,"Inventory wiped."],[6,"set tutorial: to 1000"],[5,"Welcome to RuneScape."]],"loc_facts":[],"equipment_ids":{},"main_modal":5292,"widget_ids":[2005,2006,5292,5293,5294,5295,5296,5297,5298,5299,5300,5301,5302,5303,5304,5305,5306,5307,5308,5309,5310,5311,5312,5313,5314,5315,5316,5317,5318,5319,5320,5321,5322,5323,5324,5325,5326,5327,5328,5329,5330,5331,5332,5333,5334,5335,5336,5337,5338,5339,5340,5341,5342,5343,5344,5345,5346,5347,5348,5349,5350,5351,5352,5353,5354,5355,5356,5357,5358,5359,5360,5361,5362,5363,5364,5365,5366,5367,5368,5369,5370,5371,5372,5373,5374,5375,5376,5377,5378,5379,5380,5381,5382,5383,5384,5385,5386,5387,5388,5389,5390,5391,8130,8131,8132,8133]},"returned":true,"further":true},"superheater_cycle":{"first_bars":false,"deposited":null,"withdrawn":null,"produced_after_withdrawal":false,"wrong_product":false,"wrong_staff":false},"chicken_killer_bank_cycle":{"combat_loot":false,"deposited":null,"returned":false,"further":false},"vial_filler_cycle":{"filled":null,"deposited":null,"withdrawn":null,"returned":false,"further":false},"potion_maker_cycle":{"unfinished":null,"finished":null,"deposited":null,"withdrawn":null,"further":false,"wrong_product":false,"filter_violated":false},"tanner_bot_cycle":{"widget":null,"tanned":null,"deposited":null,"withdrawn":null,"returned":false,"further":false,"wrong_product":false,"shop":false},"rune_crafter_cycle":{"withdrawn":null,"entered":null,"crafted":null,"exited":null,"deposited":null,"restocked":null,"returned":false,"further":false,"wrong_product":false,"noted":false},"ordered_first_exhausted":false}}
test catalog_boundary_live ... ok

test result: ok. 1 passed; 0 failed; 0 ignored; 0 measured; 25 filtered out; finished in 114.51s

