
running 1 test
{"phase":"identity","revision":274,"profile":"local-274 · 127.0.0.1:43594 · revision 274","cache_id":"4aac9b63312dcb75d5de8f686772d083ba0808c57985438246edf21ef522be1c","nav_pack":"/Users/acfrazier/experiments/274bot/.worktrees/rs2b0t-multirevision/.superpowers/world-capabilities/274/274bot.navpack","nav_sha256":"05db24743e9f549ced16c1f00b87c30a390d3aaec391815da3f3563130b3bcd4","catalog_commit":"8e7d965be2071d6ec65c3265e12af797082d720a","catalog_identity":"289-updated frozen catalog","catalog_read_only_path":".superpowers/inputs/rs2b0t-8e7d965be2071d6ec65c3265e12af797082d720a","catalog_root":"/Users/acfrazier/experiments/274bot/.worktrees/rs2b0t-multirevision/.superpowers/inputs/rs2b0t-8e7d965be2071d6ec65c3265e12af797082d720a","registry_path":"/Users/acfrazier/experiments/274bot/.worktrees/rs2b0t-multirevision/.superpowers/inputs/rs2b0t-8e7d965be2071d6ec65c3265e12af797082d720a/src/bot/scripts/index.ts","registry_sha256":"b614aedb3d5adfdfbac3760f082273f3cf5c33fffe4ced0f2b01490ae02d1bc2","card":{"card":"GnomeCourse","source_path":"/Users/acfrazier/experiments/274bot/.worktrees/rs2b0t-multirevision/.superpowers/inputs/rs2b0t-8e7d965be2071d6ec65c3265e12af797082d720a/src/bot/scripts/AgilityBot/AgilityBot.ts","source_sha256":"dee7c8885685724b0453097a0cf6a66d36a4d081e24157f29d35c742c518028f","compiled_sha256":"362ade4092203b516513739a42132b75695f8f8b336f63bae601a7ce64660c24","siblings":[],"settings":{"obstacles":"Log balance,Obstacle net,Tree branch,Balancing rope,Tree branch,Obstacle net,Obstacle pipe","searchRadius":20.0}},"account":"live48y25d_0","engine_speed_ms":null}
[host-play] slot live48y25d_0: thread up
274bot: loaded snapshot (4556 models, 336 anim records)
[host-play] slot live48y25d_0: handshake begin reconnect=false
[host-play] slot live48y25d_0: handshake ok
[host-play] slot live48y25d_0: queued mainland tele+setvar (scene 2)
[host] slot live48y25d_0: d_loop_us=7546 d_raster_us=0 d_observe_us=31463 max_observe_us=2970 d_paints=0 d_skips=50 d_ticks=5 window_ms=0
[host-play] slot live48y25d_0: handshake begin reconnect=true
[host-play] slot live48y25d_0: handshake ok
[host-play] slot live48y25d_0: queued mainland tele+setvar (scene 2)
[host] slot live48y25d_0: d_loop_us=10416 d_raster_us=0 d_observe_us=45463 max_observe_us=4366 d_paints=0 d_skips=50 d_ticks=1 window_ms=0
{"phase":"baseline-after-preparation","scenario":"gnome_course","account":"live48y25d_0","observation":{"ingame":true,"scene_state":2,"player":"Live48y25d 0","tile":[2474,3436,0],"tick":12,"items":{},"item_ids":{},"bank":{},"bank_ids":{},"bank_open":false,"bank_loaded":false,"bank_generation":0,"levels":{"-unused-":0,"agility":1,"attack":1,"cooking":1,"crafting":1,"defence":1,"firemaking":1,"fishing":1,"fletching":1,"herblore":1,"hitpoints":10,"magic":1,"mining":1,"prayer":1,"ranged":1,"runecraft":1,"slayer":1,"smithing":1,"strength":1,"thieving":1,"woodcutting":1},"xp":{"-unused-":0,"agility":0,"attack":0,"cooking":0,"crafting":0,"defence":0,"firemaking":0,"fishing":0,"fletching":0,"herblore":0,"hitpoints":1154,"magic":0,"mining":0,"prayer":0,"ranged":0,"runecraft":0,"slayer":0,"smithing":0,"strength":0,"thieving":0,"woodcutting":0},"chat":[[6,"set tutorial: to 1000"],[5,"Welcome to RuneScape."]],"loc_facts":[]}}
[script live48y25d_0] start load
{"phase":"start","account":"live48y25d_0","count":1}
[host] hitch live48y25d_0: observe_us=82739 paints=0 skips=81 ticks=12
[script live48y25d_0] running agility course: [log balance -> obstacle net -> tree branch -> balancing rope -> tree branch -> obstacle net -> obstacle pipe] within 20 tiles
[script live48y25d_0] interact Loc { x: 2474, z: 3435, level: 0, action: "Walk-across" }
[host] slot live48y25d_0: d_loop_us=11372 d_raster_us=0 d_observe_us=161754 max_observe_us=82739 d_paints=0 d_skips=50 d_ticks=12 window_ms=7618
[host] slot live48y25d_0: d_loop_us=1557 d_raster_us=0 d_observe_us=73182 max_observe_us=13108 d_paints=0 d_skips=50 d_ticks=2 window_ms=1193
[host] slot live48y25d_0: d_loop_us=1939 d_raster_us=0 d_observe_us=64185 max_observe_us=3404 d_paints=0 d_skips=50 d_ticks=2 window_ms=1200
[host] slot live48y25d_0: d_loop_us=1747 d_raster_us=0 d_observe_us=69426 max_observe_us=9859 d_paints=0 d_skips=50 d_ticks=2 window_ms=1189
[host] slot live48y25d_0: d_loop_us=1681 d_raster_us=0 d_observe_us=66730 max_observe_us=9001 d_paints=0 d_skips=50 d_ticks=2 window_ms=1187
[host] slot live48y25d_0: d_loop_us=2285 d_raster_us=0 d_observe_us=79291 max_observe_us=7933 d_paints=0 d_skips=50 d_ticks=2 window_ms=1180
[script live48y25d_0] interact Loc { x: 2471, z: 3425, level: 0, action: "Climb-over" }
[host] slot live48y25d_0: d_loop_us=2100 d_raster_us=0 d_observe_us=80566 max_observe_us=8216 d_paints=0 d_skips=50 d_ticks=2 window_ms=1178
[host] slot live48y25d_0: d_loop_us=1476 d_raster_us=0 d_observe_us=54679 max_observe_us=4950 d_paints=0 d_skips=50 d_ticks=2 window_ms=1172
[host] slot live48y25d_0: d_loop_us=7068 d_raster_us=0 d_observe_us=76697 max_observe_us=6871 d_paints=0 d_skips=50 d_ticks=2 window_ms=1175
[host] slot live48y25d_0: d_loop_us=1463 d_raster_us=0 d_observe_us=39627 max_observe_us=1927 d_paints=0 d_skips=50 d_ticks=2 window_ms=1209
[script live48y25d_0] interact Loc { x: 2473, z: 3422, level: 1, action: "Climb" }
[host] slot live48y25d_0: d_loop_us=1348 d_raster_us=0 d_observe_us=41993 max_observe_us=6058 d_paints=0 d_skips=50 d_ticks=2 window_ms=1206
[host] slot live48y25d_0: d_loop_us=1746 d_raster_us=0 d_observe_us=47567 max_observe_us=2137 d_paints=0 d_skips=50 d_ticks=2 window_ms=1206
[host] slot live48y25d_0: d_loop_us=6987 d_raster_us=0 d_observe_us=67891 max_observe_us=4448 d_paints=0 d_skips=50 d_ticks=2 window_ms=1187
[script live48y25d_0] interact Loc { x: 2478, z: 3420, level: 2, action: "Walk-on" }
[host] slot live48y25d_0: d_loop_us=1539 d_raster_us=0 d_observe_us=41978 max_observe_us=1804 d_paints=0 d_skips=50 d_ticks=2 window_ms=1199
[host] slot live48y25d_0: d_loop_us=1301 d_raster_us=0 d_observe_us=38914 max_observe_us=1489 d_paints=0 d_skips=50 d_ticks=2 window_ms=1200
[host] slot live48y25d_0: d_loop_us=1382 d_raster_us=0 d_observe_us=40029 max_observe_us=3046 d_paints=0 d_skips=50 d_ticks=2 window_ms=1197
[host] slot live48y25d_0: d_loop_us=1202 d_raster_us=0 d_observe_us=34652 max_observe_us=3279 d_paints=0 d_skips=50 d_ticks=2 window_ms=1209
[host] slot live48y25d_0: d_loop_us=1031 d_raster_us=0 d_observe_us=30769 max_observe_us=2052 d_paints=0 d_skips=50 d_ticks=2 window_ms=1198
[host] slot live48y25d_0: d_loop_us=1382 d_raster_us=0 d_observe_us=35818 max_observe_us=2511 d_paints=0 d_skips=50 d_ticks=2 window_ms=1200
[host] slot live48y25d_0: d_loop_us=1346 d_raster_us=0 d_observe_us=33526 max_observe_us=1286 d_paints=0 d_skips=50 d_ticks=2 window_ms=1178
[script live48y25d_0] interact Loc { x: 2486, z: 3419, level: 2, action: "Climb-down" }
[host] slot live48y25d_0: d_loop_us=880 d_raster_us=0 d_observe_us=28599 max_observe_us=889 d_paints=0 d_skips=50 d_ticks=2 window_ms=1203
[host] slot live48y25d_0: d_loop_us=1322 d_raster_us=0 d_observe_us=34588 max_observe_us=1627 d_paints=0 d_skips=50 d_ticks=2 window_ms=1193
[host] slot live48y25d_0: d_loop_us=9738 d_raster_us=0 d_observe_us=79875 max_observe_us=13473 d_paints=0 d_skips=50 d_ticks=2 window_ms=1189
[script live48y25d_0] interact Loc { x: 2483, z: 3426, level: 0, action: "Climb-over" }
[host] slot live48y25d_0: d_loop_us=1491 d_raster_us=0 d_observe_us=57821 max_observe_us=6430 d_paints=0 d_skips=50 d_ticks=2 window_ms=1191
[host] slot live48y25d_0: d_loop_us=1421 d_raster_us=0 d_observe_us=63868 max_observe_us=12119 d_paints=0 d_skips=50 d_ticks=2 window_ms=1187
[host] slot live48y25d_0: d_loop_us=1707 d_raster_us=0 d_observe_us=63089 max_observe_us=6172 d_paints=0 d_skips=50 d_ticks=2 window_ms=1200
[host] slot live48y25d_0: d_loop_us=1874 d_raster_us=0 d_observe_us=68360 max_observe_us=7105 d_paints=0 d_skips=50 d_ticks=2 window_ms=1182
[script live48y25d_0] interact Loc { x: 2484, z: 3431, level: 0, action: "Squeeze-through" }
[host] slot live48y25d_0: d_loop_us=1307 d_raster_us=0 d_observe_us=48656 max_observe_us=4821 d_paints=0 d_skips=50 d_ticks=2 window_ms=1197
[host] slot live48y25d_0: d_loop_us=998 d_raster_us=0 d_observe_us=48699 max_observe_us=6161 d_paints=0 d_skips=50 d_ticks=2 window_ms=1173
[host] slot live48y25d_0: d_loop_us=1347 d_raster_us=0 d_observe_us=61141 max_observe_us=9231 d_paints=0 d_skips=50 d_ticks=2 window_ms=1200
[host] slot live48y25d_0: d_loop_us=1560 d_raster_us=0 d_observe_us=50687 max_observe_us=2622 d_paints=0 d_skips=50 d_ticks=2 window_ms=1192
[host] slot live48y25d_0: d_loop_us=1270 d_raster_us=0 d_observe_us=47822 max_observe_us=1976 d_paints=0 d_skips=50 d_ticks=2 window_ms=1205
test catalog_boundary_live has been running for over 60 seconds
[host] slot live48y25d_0: d_loop_us=1649 d_raster_us=0 d_observe_us=53736 max_observe_us=2038 d_paints=0 d_skips=50 d_ticks=2 window_ms=1194
[host] slot live48y25d_0: d_loop_us=1651 d_raster_us=0 d_observe_us=59664 max_observe_us=9301 d_paints=0 d_skips=50 d_ticks=2 window_ms=1182
[host] slot live48y25d_0: d_loop_us=1319 d_raster_us=0 d_observe_us=55526 max_observe_us=5604 d_paints=0 d_skips=50 d_ticks=2 window_ms=1207
[host] slot live48y25d_0: d_loop_us=1571 d_raster_us=0 d_observe_us=66204 max_observe_us=7638 d_paints=0 d_skips=50 d_ticks=2 window_ms=1184
[script live48y25d_0] lap 1 complete
[script live48y25d_0] interact ContinueDialog
[host] slot live48y25d_0: d_loop_us=1629 d_raster_us=0 d_observe_us=61928 max_observe_us=6074 d_paints=0 d_skips=50 d_ticks=2 window_ms=1182
[script live48y25d_0] interact Loc { x: 2474, z: 3435, level: 0, action: "Walk-across" }
[host] slot live48y25d_0: d_loop_us=1359 d_raster_us=0 d_observe_us=54997 max_observe_us=7584 d_paints=0 d_skips=50 d_ticks=2 window_ms=1190
PASS: catalog_boundary_live: {"scenario":"gnome_course","runner":"Some(Evidence { scenario: \"gnome_course\", outcome: \"PASS\", predicate: \"stat_xp_gain(16)>=1\", ticks: 132, elapsed_ms: 63985, message: None, tile: Some([2482, 3437, 0]), inv: [], stat: Some(StatRow { runenergy: 96 }), chat: [ChatRow { text: \"Congratulations, you just advanced an agility level.\", username: None }, ChatRow { text: \"You climb the netting...\", username: None }, ChatRow { text: \"You land on the ground.\", username: None }, ChatRow { text: \"You climb down the tree...\", username: None }, ChatRow { text: \"You carefully cross the tightrope.\", username: None }, ChatRow { text: \"...To the platform above.\", username: None }, ChatRow { text: \"You climb the tree..\", username: None }, ChatRow { text: \"You climb the netting...\", username: None }, ChatRow { text: \"...You make it safely to the other side.\", username: None }, ChatRow { text: \"You walk carefully across the slippery log...\", username: None }, ChatRow { text: \"set tutorial: to 1000\", username: None }, ChatRow { text: \"Welcome to RuneScape.\", username: None }], scene: 2 })","core":{"case":"gnome_course","baseline":{"ingame":true,"scene_state":2,"player":"Live48y25d 0","tile":[2474,3436,0],"tick":12,"items":{},"item_ids":{},"bank":{},"bank_ids":{},"bank_open":false,"bank_loaded":false,"bank_generation":0,"levels":{"-unused-":0,"agility":1,"attack":1,"cooking":1,"crafting":1,"defence":1,"firemaking":1,"fishing":1,"fletching":1,"herblore":1,"hitpoints":10,"magic":1,"mining":1,"prayer":1,"ranged":1,"runecraft":1,"slayer":1,"smithing":1,"strength":1,"thieving":1,"woodcutting":1},"xp":{"-unused-":0,"agility":0,"attack":0,"cooking":0,"crafting":0,"defence":0,"firemaking":0,"fishing":0,"fletching":0,"herblore":0,"hitpoints":1154,"magic":0,"mining":0,"prayer":0,"ranged":0,"runecraft":0,"slayer":0,"smithing":0,"strength":0,"thieving":0,"woodcutting":0},"chat":[[6,"set tutorial: to 1000"],[5,"Welcome to RuneScape."]],"loc_facts":[]},"latest":{"ingame":true,"scene_state":2,"player":"Live48y25d 0","tile":[2482,3437,0],"tick":88,"items":{},"item_ids":{},"bank":{},"bank_ids":{},"bank_open":false,"bank_loaded":false,"bank_generation":0,"levels":{"-unused-":0,"agility":2,"attack":1,"cooking":1,"crafting":1,"defence":1,"firemaking":1,"fishing":1,"fletching":1,"herblore":1,"hitpoints":10,"magic":1,"mining":1,"prayer":1,"ranged":1,"runecraft":1,"slayer":1,"smithing":1,"strength":1,"thieving":1,"woodcutting":1},"xp":{"-unused-":0,"agility":86,"attack":0,"cooking":0,"crafting":0,"defence":0,"firemaking":0,"fishing":0,"fletching":0,"herblore":0,"hitpoints":1154,"magic":0,"mining":0,"prayer":0,"ranged":0,"runecraft":0,"slayer":0,"smithing":0,"strength":0,"thieving":0,"woodcutting":0},"chat":[[16,"Congratulations, you just advanced an agility level."],[15,"You climb the netting..."],[14,"You land on the ground."],[13,"You climb down the tree..."],[12,"You carefully cross the tightrope."],[11,"...To the platform above."],[10,"You climb the tree.."],[9,"You climb the netting..."],[8,"...You make it safely to the other side."],[7,"You walk carefully across the slippery log..."],[6,"set tutorial: to 1000"],[5,"Welcome to RuneScape."]],"loc_facts":[]},"max_items":{},"max_xp":{"-unused-":0,"agility":86,"attack":0,"cooking":0,"crafting":0,"defence":0,"firemaking":0,"fishing":0,"fletching":0,"herblore":0,"hitpoints":1154,"magic":0,"mining":0,"prayer":0,"ranged":0,"runecraft":0,"slayer":0,"smithing":0,"strength":0,"thieving":0,"woodcutting":0},"saw_bury_chat":false,"post_start_observations":1885,"bone_bank_cycle":{"first_batch_buried":false,"opened":null,"withdrawn":null,"buried_after_withdrawal":false},"bank_fletcher_cycle":{"first_pack_created":false,"deposited":null,"withdrawn":null,"crafted_after_withdrawal":false},"bank_fletcher_string_cycle":{"initial_pairs_strung":false,"deposited":null,"withdrawn":null,"strung_after_withdrawal":false},"bank_fletcher_cut_string_cycle":{"cut_pair_created":false,"deposited":null,"withdrawn":null,"string_pair_created":false},"alcher_generated_custom_cycle":{"withdrawn":null,"consumed":false},"dart_fletcher_cycle":{"first":null,"further":false,"wrong_tier":false},"herb_cleaner_cycle":{"first_pack":false,"deposited":null,"withdrawn":null,"cleaned_after_withdrawal":false,"filter_violated":false},"gem_cutter_cycle":{"first_pack":false,"deposited":null,"withdrawn":null,"cut_after_withdrawal":false,"filter_violated":false},"door_opener_cycle":{"selected":null,"opened":false},"gnome_course_cycle":{"log":{"ingame":true,"scene_state":2,"player":"Live48y25d 0","tile":[2474,3429,0],"tick":21,"items":{},"item_ids":{},"bank":{},"bank_ids":{},"bank_open":false,"bank_loaded":false,"bank_generation":0,"levels":{"-unused-":0,"agility":1,"attack":1,"cooking":1,"crafting":1,"defence":1,"firemaking":1,"fishing":1,"fletching":1,"herblore":1,"hitpoints":10,"magic":1,"mining":1,"prayer":1,"ranged":1,"runecraft":1,"slayer":1,"smithing":1,"strength":1,"thieving":1,"woodcutting":1},"xp":{"-unused-":0,"agility":7,"attack":0,"cooking":0,"crafting":0,"defence":0,"firemaking":0,"fishing":0,"fletching":0,"herblore":0,"hitpoints":1154,"magic":0,"mining":0,"prayer":0,"ranged":0,"runecraft":0,"slayer":0,"smithing":0,"strength":0,"thieving":0,"woodcutting":0},"chat":[[8,"...You make it safely to the other side."],[7,"You walk carefully across the slippery log..."],[6,"set tutorial: to 1000"],[5,"Welcome to RuneScape."]],"loc_facts":[]},"ground_return":{"ingame":true,"scene_state":2,"player":"Live48y25d 0","tile":[2487,3420,0],"tick":56,"items":{},"item_ids":{},"bank":{},"bank_ids":{},"bank_open":false,"bank_loaded":false,"bank_generation":0,"levels":{"-unused-":0,"agility":1,"attack":1,"cooking":1,"crafting":1,"defence":1,"firemaking":1,"fishing":1,"fletching":1,"herblore":1,"hitpoints":10,"magic":1,"mining":1,"prayer":1,"ranged":1,"runecraft":1,"slayer":1,"smithing":1,"strength":1,"thieving":1,"woodcutting":1},"xp":{"-unused-":0,"agility":27,"attack":0,"cooking":0,"crafting":0,"defence":0,"firemaking":0,"fishing":0,"fletching":0,"herblore":0,"hitpoints":1154,"magic":0,"mining":0,"prayer":0,"ranged":0,"runecraft":0,"slayer":0,"smithing":0,"strength":0,"thieving":0,"woodcutting":0},"chat":[[14,"You land on the ground."],[13,"You climb down the tree..."],[12,"You carefully cross the tightrope."],[11,"...To the platform above."],[10,"You climb the tree.."],[9,"You climb the netting..."],[8,"...You make it safely to the other side."],[7,"You walk carefully across the slippery log..."],[6,"set tutorial: to 1000"],[5,"Welcome to RuneScape."]],"loc_facts":[]},"pipe":{"ingame":true,"scene_state":2,"player":"Live48y25d 0","tile":[2484,3425,0],"tick":62,"items":{},"item_ids":{},"bank":{},"bank_ids":{},"bank_open":false,"bank_loaded":false,"bank_generation":0,"levels":{"-unused-":0,"agility":1,"attack":1,"cooking":1,"crafting":1,"defence":1,"firemaking":1,"fishing":1,"fletching":1,"herblore":1,"hitpoints":10,"magic":1,"mining":1,"prayer":1,"ranged":1,"runecraft":1,"slayer":1,"smithing":1,"strength":1,"thieving":1,"woodcutting":1},"xp":{"-unused-":0,"agility":32,"attack":0,"cooking":0,"crafting":0,"defence":0,"firemaking":0,"fishing":0,"fletching":0,"herblore":0,"hitpoints":1154,"magic":0,"mining":0,"prayer":0,"ranged":0,"runecraft":0,"slayer":0,"smithing":0,"strength":0,"thieving":0,"woodcutting":0},"chat":[[14,"You land on the ground."],[13,"You climb down the tree..."],[12,"You carefully cross the tightrope."],[11,"...To the platform above."],[10,"You climb the tree.."],[9,"You climb the netting..."],[8,"...You make it safely to the other side."],[7,"You walk carefully across the slippery log..."],[6,"set tutorial: to 1000"],[5,"Welcome to RuneScape."]],"loc_facts":[]},"second_lap":true},"flax_picker_cycle":{"first_pack":false,"deposited":null,"returned":false,"further":false},"ordered_first_exhausted":false}}
test catalog_boundary_live ... ok

test result: ok. 1 passed; 0 failed; 0 ignored; 0 measured; 19 filtered out; finished in 67.03s

