
running 1 test
{"phase":"identity","revision":274,"profile":"local-274 · 127.0.0.1:43594 · revision 274","cache_id":"4aac9b63312dcb75d5de8f686772d083ba0808c57985438246edf21ef522be1c","nav_pack":"/Users/acfrazier/experiments/274bot/.worktrees/rs2b0t-multirevision/.superpowers/world-capabilities/274/274bot.navpack","nav_sha256":"05db24743e9f549ced16c1f00b87c30a390d3aaec391815da3f3563130b3bcd4","catalog_commit":"8e7d965be2071d6ec65c3265e12af797082d720a","catalog_identity":"289-updated frozen catalog","catalog_read_only_path":".superpowers/inputs/rs2b0t-8e7d965be2071d6ec65c3265e12af797082d720a","catalog_root":"/Users/acfrazier/experiments/274bot/.worktrees/rs2b0t-multirevision/.superpowers/inputs/rs2b0t-8e7d965be2071d6ec65c3265e12af797082d720a","registry_path":"/Users/acfrazier/experiments/274bot/.worktrees/rs2b0t-multirevision/.superpowers/inputs/rs2b0t-8e7d965be2071d6ec65c3265e12af797082d720a/src/bot/scripts/index.ts","registry_sha256":"b614aedb3d5adfdfbac3760f082273f3cf5c33fffe4ced0f2b01490ae02d1bc2","card":{"card":"Alcher","source_path":"/Users/acfrazier/experiments/274bot/.worktrees/rs2b0t-multirevision/.superpowers/inputs/rs2b0t-8e7d965be2071d6ec65c3265e12af797082d720a/src/bot/scripts/Alcher/Alcher.ts","source_sha256":"1a09baa1117544a2bb80da145829e69c9ced029ad5af533616afa8e7a36f2032","compiled_sha256":"b135fe3d8a67fa4856830370523147832ce791f08c2e08290c2cf7cf82afab1e","siblings":[{"module":"/rs2b0t/bot/scripts/bot/AlcherLogic.js","compiled_sha256":"d531c3378e4510631386b4406dccc335ca1535ff38212f26bf9212fe19d8b61c"}],"settings":{"customItem":"","alchs":1.0,"items":["rune_platebody","rune_chainbody"]}},"account":"livei5bk68_0","engine_speed_ms":null}
[host-play] slot livei5bk68_0: thread up
274bot: loaded snapshot (4556 models, 336 anim records)
[host-play] slot livei5bk68_0: handshake begin reconnect=false
[host-play] slot livei5bk68_0: handshake ok
[host-play] slot livei5bk68_0: queued mainland tele+setvar (scene 2)
[host] slot livei5bk68_0: d_loop_us=14547 d_raster_us=0 d_observe_us=49806 max_observe_us=7168 d_paints=0 d_skips=50 d_ticks=5 window_ms=0
[host-play] slot livei5bk68_0: handshake begin reconnect=true
[host-play] slot livei5bk68_0: handshake ok
[host] slot livei5bk68_0: d_loop_us=706 d_raster_us=0 d_observe_us=37865 max_observe_us=4439 d_paints=0 d_skips=50 d_ticks=1 window_ms=0
[host-play] slot livei5bk68_0: queued mainland tele+setvar (scene 2)
{"phase":"baseline-after-preparation","scenario":"alcher_ordered","account":"livei5bk68_0","observation":{"ingame":true,"scene_state":2,"player":"Livei5bk68 0","tile":[3185,3440,0],"tick":16,"items":{},"bank":{},"bank_open":false,"bank_loaded":false,"bank_generation":0,"levels":{"-unused-":0,"agility":1,"attack":1,"cooking":1,"crafting":1,"defence":1,"firemaking":1,"fishing":1,"fletching":1,"herblore":1,"hitpoints":10,"magic":55,"mining":1,"prayer":1,"ranged":1,"runecraft":1,"slayer":1,"smithing":1,"strength":1,"thieving":1,"woodcutting":1},"xp":{"-unused-":0,"agility":0,"attack":0,"cooking":0,"crafting":0,"defence":0,"firemaking":0,"fishing":0,"fletching":0,"herblore":0,"hitpoints":1154,"magic":166636,"mining":0,"prayer":0,"ranged":0,"runecraft":0,"slayer":0,"smithing":0,"strength":0,"thieving":0,"woodcutting":0},"chat":[[6,"set tutorial: to 1000"],[5,"Welcome to RuneScape."]]}}
[script livei5bk68_0] start load
{"phase":"start","account":"livei5bk68_0","count":1}
[host] hitch livei5bk68_0: observe_us=91054 paints=0 skips=85 ticks=16
[script livei5bk68_0] Alcher — High Level Alchemy on 2 item(s), richest first: Rune platebody, Rune chainbody
[script livei5bk68_0] banking at Bank booth (Bank booth / Use-quickly)
[script livei5bk68_0] interact OpenBooth { x: 3186, z: 3440, level: 0, id: 2213, name: Some("Bank booth"), action: Some("Use-quickly") }
[host] slot livei5bk68_0: d_loop_us=20356 d_raster_us=0 d_observe_us=177240 max_observe_us=91054 d_paints=0 d_skips=50 d_ticks=16 window_ms=9934
[host] slot livei5bk68_0: d_loop_us=1986 d_raster_us=0 d_observe_us=116751 max_observe_us=11586 d_paints=0 d_skips=50 d_ticks=2 window_ms=1163
[script livei5bk68_0] interact Close
[shim-close] sent
test catalog_boundary_live has been running for over 60 seconds
[script livei5bk68_0] interact Held { name: "Staff of fire", action: "Wield" }
[shim-held] Staff of fire Wield slot=0 -> sent
[host] slot livei5bk68_0: d_loop_us=1426 d_raster_us=0 d_observe_us=104312 max_observe_us=11019 d_paints=0 d_skips=50 d_ticks=2 window_ms=1139
[script livei5bk68_0] wore Staff of fire — casts need only Nature runes now
[script livei5bk68_0] interact OpenBooth { x: 3186, z: 3440, level: 0, id: 2213, name: Some("Bank booth"), action: Some("Use-quickly") }
[host] slot livei5bk68_0: d_loop_us=1341 d_raster_us=0 d_observe_us=107071 max_observe_us=11368 d_paints=0 d_skips=50 d_ticks=2 window_ms=1169
[host] slot livei5bk68_0: d_loop_us=896 d_raster_us=0 d_observe_us=54018 max_observe_us=12534 d_paints=0 d_skips=50 d_ticks=2 window_ms=1197
[script livei5bk68_0] interact SetNoteMode { on: true }
[shim-note] on=true sent
[host] slot livei5bk68_0: d_loop_us=1183 d_raster_us=0 d_observe_us=65502 max_observe_us=8789 d_paints=0 d_skips=50 d_ticks=2 window_ms=1183
[script livei5bk68_0] withdrew 1 Rune platebody (noted, 39000gp each)
[script livei5bk68_0] withdrew 1 Nature runes
[script livei5bk68_0] interact Close
[shim-close] sent
[host] slot livei5bk68_0: d_loop_us=1574 d_raster_us=0 d_observe_us=101009 max_observe_us=13953 d_paints=0 d_skips=50 d_ticks=2 window_ms=1192
[script livei5bk68_0] restocked: 1 Rune platebody notes + 1 Nature runes
[script livei5bk68_0] interact SideTab { tab: 6 }
[host] slot livei5bk68_0: d_loop_us=2045 d_raster_us=0 d_observe_us=104658 max_observe_us=12172 d_paints=0 d_skips=50 d_ticks=2 window_ms=1175
[script livei5bk68_0] interact UseWidgetOn { component_id: 1178, kind: "held", target_name: Some("Rune platebody"), x: 0, z: 0, level: 0, index: None }
[host] slot livei5bk68_0: d_loop_us=1343 d_raster_us=0 d_observe_us=82153 max_observe_us=11380 d_paints=0 d_skips=50 d_ticks=2 window_ms=1175
[host] slot livei5bk68_0: d_loop_us=2581 d_raster_us=0 d_observe_us=81244 max_observe_us=10855 d_paints=0 d_skips=50 d_ticks=2 window_ms=1175
[script livei5bk68_0] interact OpenBooth { x: 3186, z: 3440, level: 0, id: 2213, name: Some("Bank booth"), action: Some("Use-quickly") }
[host] slot livei5bk68_0: d_loop_us=1195 d_raster_us=0 d_observe_us=44799 max_observe_us=4097 d_paints=0 d_skips=50 d_ticks=2 window_ms=1182
[host] slot livei5bk68_0: d_loop_us=1422 d_raster_us=0 d_observe_us=75351 max_observe_us=10348 d_paints=0 d_skips=50 d_ticks=2 window_ms=1192
[host] slot livei5bk68_0: d_loop_us=1699 d_raster_us=0 d_observe_us=87603 max_observe_us=12565 d_paints=0 d_skips=50 d_ticks=2 window_ms=1172
[script livei5bk68_0] cleared 1 items from the pack
[script livei5bk68_0] interact SetNoteMode { on: true }
[shim-note] on=true sent
[host] slot livei5bk68_0: d_loop_us=1579 d_raster_us=0 d_observe_us=81559 max_observe_us=9069 d_paints=0 d_skips=50 d_ticks=2 window_ms=1179
[script livei5bk68_0] the bank is out of Rune platebody — moving on
[script livei5bk68_0] withdrew 1 Rune chainbody (noted, 30000gp each)
[host] slot livei5bk68_0: d_loop_us=1773 d_raster_us=0 d_observe_us=81678 max_observe_us=10839 d_paints=0 d_skips=50 d_ticks=2 window_ms=1178
[script livei5bk68_0] withdrew 1 Nature runes
[script livei5bk68_0] interact Close
[shim-close] sent
[script livei5bk68_0] restocked: 1 Rune chainbody notes + 1 Nature runes
[host] slot livei5bk68_0: d_loop_us=1820 d_raster_us=0 d_observe_us=100869 max_observe_us=14309 d_paints=0 d_skips=50 d_ticks=2 window_ms=1177
[script livei5bk68_0] interact UseWidgetOn { component_id: 1178, kind: "held", target_name: Some("Rune chainbody"), x: 0, z: 0, level: 0, index: None }
[host] slot livei5bk68_0: d_loop_us=2241 d_raster_us=0 d_observe_us=99068 max_observe_us=10868 d_paints=0 d_skips=50 d_ticks=2 window_ms=1163
PASS: catalog_boundary_live: {"scenario":"alcher_ordered","runner":"Some(Evidence { scenario: \"alcher_ordered\", outcome: \"PASS\", predicate: \"stat_xp_gain(6)>=1\", ticks: 41, elapsed_ms: 42772, message: None, tile: Some([3185, 3440, 0]), inv: [InvRow { id: 995, name: Some(\"Coins\"), count: 39000 }], stat: Some(StatRow { runenergy: 100 }), chat: [ChatRow { text: \"This item can not be withdrawn as a note.\", username: None }, ChatRow { text: \"set tutorial: to 1000\", username: None }, ChatRow { text: \"Welcome to RuneScape.\", username: None }], scene: 2 })","core":{"case":"alcher_ordered","baseline":{"ingame":true,"scene_state":2,"player":"Livei5bk68 0","tile":[3185,3440,0],"tick":16,"items":{},"bank":{},"bank_open":false,"bank_loaded":false,"bank_generation":0,"levels":{"-unused-":0,"agility":1,"attack":1,"cooking":1,"crafting":1,"defence":1,"firemaking":1,"fishing":1,"fletching":1,"herblore":1,"hitpoints":10,"magic":55,"mining":1,"prayer":1,"ranged":1,"runecraft":1,"slayer":1,"smithing":1,"strength":1,"thieving":1,"woodcutting":1},"xp":{"-unused-":0,"agility":0,"attack":0,"cooking":0,"crafting":0,"defence":0,"firemaking":0,"fishing":0,"fletching":0,"herblore":0,"hitpoints":1154,"magic":166636,"mining":0,"prayer":0,"ranged":0,"runecraft":0,"slayer":0,"smithing":0,"strength":0,"thieving":0,"woodcutting":0},"chat":[[6,"set tutorial: to 1000"],[5,"Welcome to RuneScape."]]},"latest":{"ingame":true,"scene_state":2,"player":"Livei5bk68 0","tile":[3185,3440,0],"tick":49,"items":{"Coins":30000},"bank":{},"bank_open":false,"bank_loaded":false,"bank_generation":6,"levels":{"-unused-":0,"agility":1,"attack":1,"cooking":1,"crafting":1,"defence":1,"firemaking":1,"fishing":1,"fletching":1,"herblore":1,"hitpoints":10,"magic":55,"mining":1,"prayer":1,"ranged":1,"runecraft":1,"slayer":1,"smithing":1,"strength":1,"thieving":1,"woodcutting":1},"xp":{"-unused-":0,"agility":0,"attack":0,"cooking":0,"crafting":0,"defence":0,"firemaking":0,"fishing":0,"fletching":0,"herblore":0,"hitpoints":1154,"magic":166766,"mining":0,"prayer":0,"ranged":0,"runecraft":0,"slayer":0,"smithing":0,"strength":0,"thieving":0,"woodcutting":0},"chat":[[8,"This item can not be withdrawn as a note."],[7,"This item can not be withdrawn as a note."],[6,"set tutorial: to 1000"],[5,"Welcome to RuneScape."]]},"max_items":{"Coins":39000,"Nature rune":1,"Rune chainbody":1,"Rune platebody":1,"Staff of fire":1},"max_xp":{"-unused-":0,"agility":0,"attack":0,"cooking":0,"crafting":0,"defence":0,"firemaking":0,"fishing":0,"fletching":0,"herblore":0,"hitpoints":1154,"magic":166766,"mining":0,"prayer":0,"ranged":0,"runecraft":0,"slayer":0,"smithing":0,"strength":0,"thieving":0,"woodcutting":0},"saw_bury_chat":false,"post_start_observations":815,"bone_bank_cycle":{"first_batch_buried":false,"opened":null,"withdrawn":null,"buried_after_withdrawal":false},"bank_fletcher_cycle":{"first_pack_created":false,"deposited":null,"withdrawn":null,"crafted_after_withdrawal":false},"ordered_first_exhausted":true}}
test catalog_boundary_live ... ok

test result: ok. 1 passed; 0 failed; 0 ignored; 0 measured; 9 filtered out; finished in 77.11s

