
running 1 test
{"phase":"identity","revision":274,"profile":"local-274 · 127.0.0.1:43594 · revision 274","cache_id":"4aac9b63312dcb75d5de8f686772d083ba0808c57985438246edf21ef522be1c","nav_pack":"/Users/acfrazier/experiments/274bot/.worktrees/rs2b0t-multirevision/.superpowers/world-capabilities/274/274bot.navpack","nav_sha256":"05db24743e9f549ced16c1f00b87c30a390d3aaec391815da3f3563130b3bcd4","catalog_commit":"100adccc037d9f6898080e1cad58fcfc43364775","catalog_identity":"pre-289 frozen catalog","catalog_read_only_path":".superpowers/inputs/rs2b0t-100adccc037d9f6898080e1cad58fcfc43364775","catalog_root":"/Users/acfrazier/experiments/274bot/.worktrees/rs2b0t-multirevision/.superpowers/inputs/rs2b0t-100adccc037d9f6898080e1cad58fcfc43364775","registry_path":"/Users/acfrazier/experiments/274bot/.worktrees/rs2b0t-multirevision/.superpowers/inputs/rs2b0t-100adccc037d9f6898080e1cad58fcfc43364775/src/bot/scripts/index.ts","registry_sha256":"b614aedb3d5adfdfbac3760f082273f3cf5c33fffe4ced0f2b01490ae02d1bc2","card":{"card":"ArdyThiever","source_path":"/Users/acfrazier/experiments/274bot/.worktrees/rs2b0t-multirevision/.superpowers/inputs/rs2b0t-100adccc037d9f6898080e1cad58fcfc43364775/src/bot/scripts/ArdyThiever/ArdyThiever.ts","source_sha256":"3cee6ff99d8f24532a5564fc7215faba19ca78f0156386913497bf266fca8aa5","compiled_sha256":"e1d3c6ea363fc6c8a6ae3a3f87b8d3ce6d3a9c21a8d801b04e2f666bcd7e6556","siblings":[],"settings":{"thieveTarget":"Guard","guardResponse":"Flee","panicHp":25.0,"restUntilHp":60.0,"foodTarget":1.0,"restockAtFood":0.0,"bankAtLootSlots":1.0,"solveClues":false,"bankStrategy":"Off","bankEveryItems":15.0,"bankEveryMinutes":10.0,"bankCommonJunk":true}},"account":"livevv98ir_0","engine_speed_ms":null}
[host-play] slot livevv98ir_0: thread up
274bot: loaded snapshot (4556 models, 336 anim records)
[host-play] slot livevv98ir_0: handshake begin reconnect=false
[host-play] slot livevv98ir_0: handshake ok
[host-play] slot livevv98ir_0: queued mainland tele+setvar (scene 2)
[host] slot livevv98ir_0: d_loop_us=9323 d_raster_us=0 d_observe_us=42192 max_observe_us=4786 d_paints=0 d_skips=50 d_ticks=5 window_ms=0
[host-play] slot livevv98ir_0: handshake begin reconnect=true
[host-play] slot livevv98ir_0: handshake ok
[host] slot livevv98ir_0: d_loop_us=867 d_raster_us=0 d_observe_us=37705 max_observe_us=3464 d_paints=0 d_skips=50 d_ticks=1 window_ms=0
[host-play] slot livevv98ir_0: queued mainland tele+setvar (scene 2)
{"phase":"baseline-after-preparation","scenario":"ardy_thiever","account":"livevv98ir_0","observation":{"ingame":true,"scene_state":2,"player":"Livevv98ir 0","tile":[2661,3306,0],"tick":19,"items":{},"item_ids":{},"bank":{},"bank_ids":{},"bank_open":false,"bank_loaded":false,"bank_generation":0,"levels":{"-unused-":0,"agility":1,"attack":1,"cooking":1,"crafting":1,"defence":1,"firemaking":1,"fishing":1,"fletching":1,"herblore":1,"hitpoints":40,"magic":1,"mining":1,"prayer":1,"ranged":1,"runecraft":1,"slayer":1,"smithing":1,"strength":1,"thieving":40,"woodcutting":1},"xp":{"-unused-":0,"agility":0,"attack":0,"cooking":0,"crafting":0,"defence":0,"firemaking":0,"fishing":0,"fletching":0,"herblore":0,"hitpoints":37224,"magic":0,"mining":0,"prayer":0,"ranged":0,"runecraft":0,"slayer":0,"smithing":0,"strength":0,"thieving":37224,"woodcutting":0},"chat":[[7,"Inventory wiped."],[6,"set tutorial: to 1000"],[5,"Welcome to RuneScape."]],"loc_facts":[],"equipment_ids":{},"main_modal":-1,"widget_ids":[3213,3214]}}
[script livevv98ir_0] start load
{"phase":"start","account":"livevv98ir_0","count":1}
[host] hitch livevv98ir_0: observe_us=86380 paints=0 skips=90 ticks=19
[script livevv98ir_0] ArdyThiever starting — target 'Guard' at (2661, 3306, 0) r19 (Thieving 40+), flee mode, stall via shared driver, bank (2655, 3286, 0)
[script livevv98ir_0] restocking cake (have 0)
[host] slot livevv98ir_0: d_loop_us=24741 d_raster_us=0 d_observe_us=173779 max_observe_us=86380 d_paints=0 d_skips=50 d_ticks=19 window_ms=11609
[script livevv98ir_0] restocking cake (have 0)
[script livevv98ir_0] restocking cake (have 0)
[host] slot livevv98ir_0: d_loop_us=1183 d_raster_us=0 d_observe_us=50596 max_observe_us=7844 d_paints=0 d_skips=50 d_ticks=2 window_ms=1219
[script livevv98ir_0] restocking cake (have 0)
[script livevv98ir_0] restocking cake (have 0)
[host] slot livevv98ir_0: d_loop_us=1084 d_raster_us=0 d_observe_us=63332 max_observe_us=9703 d_paints=0 d_skips=50 d_ticks=2 window_ms=1203
[script livevv98ir_0] restocking cake (have 0)
[script livevv98ir_0] restocking cake (have 0)
[host] slot livevv98ir_0: d_loop_us=1511 d_raster_us=0 d_observe_us=71789 max_observe_us=9713 d_paints=0 d_skips=50 d_ticks=2 window_ms=1190
[script livevv98ir_0] restocking cake (have 0)
[script livevv98ir_0] restocking cake (have 0)
[host] slot livevv98ir_0: d_loop_us=1075 d_raster_us=0 d_observe_us=61505 max_observe_us=8450 d_paints=0 d_skips=50 d_ticks=2 window_ms=1193
[script livevv98ir_0] restocking cake (have 0)
[script livevv98ir_0] restocking cake (have 0)
[host] slot livevv98ir_0: d_loop_us=1102 d_raster_us=0 d_observe_us=77138 max_observe_us=13608 d_paints=0 d_skips=50 d_ticks=2 window_ms=1191
[host] hitch livevv98ir_0: observe_us=16844 paints=0 skips=364 ticks=31
[script livevv98ir_0] restocking cake (have 0)
[host] hitch livevv98ir_0: observe_us=16641 paints=0 skips=389 ticks=32
[script livevv98ir_0] restocking cake (have 0)
[host] slot livevv98ir_0: d_loop_us=1414 d_raster_us=0 d_observe_us=98788 max_observe_us=16844 d_paints=0 d_skips=50 d_ticks=2 window_ms=1180
[host] hitch livevv98ir_0: observe_us=17083 paints=0 skips=415 ticks=33
[script livevv98ir_0] restocking cake (have 0)
[script livevv98ir_0] restocking cake (have 0)
[host] slot livevv98ir_0: d_loop_us=1404 d_raster_us=0 d_observe_us=82101 max_observe_us=17083 d_paints=0 d_skips=50 d_ticks=2 window_ms=1185
[host] hitch livevv98ir_0: observe_us=17004 paints=0 skips=466 ticks=35
[script livevv98ir_0] restocking cake (have 0)
[host] hitch livevv98ir_0: observe_us=16918 paints=0 skips=491 ticks=36
[script livevv98ir_0] restocking cake (have 0)
[host] slot livevv98ir_0: d_loop_us=1584 d_raster_us=0 d_observe_us=96708 max_observe_us=17004 d_paints=0 d_skips=50 d_ticks=2 window_ms=1195
[script livevv98ir_0] restocking cake (have 0)
[script livevv98ir_0] restocking cake (have 0)
[host] slot livevv98ir_0: d_loop_us=1192 d_raster_us=0 d_observe_us=69612 max_observe_us=10196 d_paints=0 d_skips=50 d_ticks=2 window_ms=1179
[script livevv98ir_0] restocking cake (have 0)
[script livevv98ir_0] restocking cake (have 0)
[host] slot livevv98ir_0: d_loop_us=1259 d_raster_us=0 d_observe_us=80589 max_observe_us=14943 d_paints=0 d_skips=50 d_ticks=2 window_ms=1181
[host] hitch livevv98ir_0: observe_us=16573 paints=0 skips=618 ticks=41
[script livevv98ir_0] restocking cake (have 0)
[host] hitch livevv98ir_0: observe_us=16759 paints=0 skips=643 ticks=42
[script livevv98ir_0] restocking cake (have 0)
[host] slot livevv98ir_0: d_loop_us=1419 d_raster_us=0 d_observe_us=87984 max_observe_us=16759 d_paints=0 d_skips=50 d_ticks=2 window_ms=1182
[host] hitch livevv98ir_0: observe_us=18575 paints=0 skips=668 ticks=43
[script livevv98ir_0] restocking cake (have 0)
[script livevv98ir_0] restocking cake (have 0)
[host] slot livevv98ir_0: d_loop_us=1348 d_raster_us=0 d_observe_us=86744 max_observe_us=18575 d_paints=0 d_skips=50 d_ticks=2 window_ms=1183
[script livevv98ir_0] restocking cake (have 0)
[script livevv98ir_0] restocking cake (have 0)
[host] slot livevv98ir_0: d_loop_us=1151 d_raster_us=0 d_observe_us=62276 max_observe_us=8373 d_paints=0 d_skips=50 d_ticks=2 window_ms=1183
[script livevv98ir_0] restocking cake (have 0)
[script livevv98ir_0] restocking cake (have 0)
[host] slot livevv98ir_0: d_loop_us=1159 d_raster_us=0 d_observe_us=99599 max_observe_us=15724 d_paints=0 d_skips=50 d_ticks=2 window_ms=1182
[host] hitch livevv98ir_0: observe_us=16570 paints=0 skips=821 ticks=49
[script livevv98ir_0] restocking cake (have 0)
[host] hitch livevv98ir_0: observe_us=16045 paints=0 skips=846 ticks=50
[script livevv98ir_0] restocking cake (have 0)
[host] slot livevv98ir_0: d_loop_us=1307 d_raster_us=0 d_observe_us=95321 max_observe_us=16570 d_paints=0 d_skips=50 d_ticks=2 window_ms=1183
[script livevv98ir_0] restocking cake (have 0)
[host] hitch livevv98ir_0: observe_us=20195 paints=0 skips=896 ticks=52
[script livevv98ir_0] restocking cake (have 0)
[host] slot livevv98ir_0: d_loop_us=1415 d_raster_us=0 d_observe_us=100112 max_observe_us=20195 d_paints=0 d_skips=50 d_ticks=2 window_ms=1192
[script livevv98ir_0] restocking cake (have 0)
[script livevv98ir_0] restocking cake (have 0)
[host] slot livevv98ir_0: d_loop_us=1594 d_raster_us=0 d_observe_us=82034 max_observe_us=15985 d_paints=0 d_skips=50 d_ticks=2 window_ms=1176
[script livevv98ir_0] restocking cake (have 0)
[script livevv98ir_0] restocking cake (have 0)
[host] slot livevv98ir_0: d_loop_us=1637 d_raster_us=0 d_observe_us=83033 max_observe_us=15763 d_paints=0 d_skips=50 d_ticks=2 window_ms=1185
[host] hitch livevv98ir_0: observe_us=16914 paints=0 skips=1023 ticks=57
[script livevv98ir_0] restocking cake (have 0)
[script livevv98ir_0] restocking cake (have 0)
[host] slot livevv98ir_0: d_loop_us=1379 d_raster_us=0 d_observe_us=83806 max_observe_us=16914 d_paints=0 d_skips=50 d_ticks=2 window_ms=1194
[host] hitch livevv98ir_0: observe_us=16434 paints=0 skips=1073 ticks=59
[script livevv98ir_0] restocking cake (have 0)
[host] slot livevv98ir_0: d_loop_us=1311 d_raster_us=0 d_observe_us=83190 max_observe_us=16434 d_paints=0 d_skips=50 d_ticks=2 window_ms=1191
[script livevv98ir_0] restocking cake (have 0)
[host] hitch livevv98ir_0: observe_us=16444 paints=0 skips=1124 ticks=61
[script livevv98ir_0] restocking cake (have 0)
[host] slot livevv98ir_0: d_loop_us=1356 d_raster_us=0 d_observe_us=80639 max_observe_us=16444 d_paints=0 d_skips=50 d_ticks=2 window_ms=1205
[script livevv98ir_0] restocking cake (have 0)
[script livevv98ir_0] restocking cake (have 0)
[host] slot livevv98ir_0: d_loop_us=1520 d_raster_us=0 d_observe_us=76371 max_observe_us=14822 d_paints=0 d_skips=50 d_ticks=2 window_ms=1157
[host] hitch livevv98ir_0: observe_us=17140 paints=0 skips=1200 ticks=64
[script livevv98ir_0] restocking cake (have 0)
[script livevv98ir_0] restocking cake (have 0)
[host] slot livevv98ir_0: d_loop_us=1483 d_raster_us=0 d_observe_us=89871 max_observe_us=17140 d_paints=0 d_skips=50 d_ticks=1 window_ms=1179
[host] hitch livevv98ir_0: observe_us=16026 paints=0 skips=1251 ticks=66
[script livevv98ir_0] restocking cake (have 0)
[host] hitch livevv98ir_0: observe_us=16543 paints=0 skips=1276 ticks=67
[script livevv98ir_0] restocking cake (have 0)
[host] slot livevv98ir_0: d_loop_us=1495 d_raster_us=0 d_observe_us=86890 max_observe_us=16543 d_paints=0 d_skips=50 d_ticks=2 window_ms=1191
[script livevv98ir_0] restocking cake (have 0)
[host] hitch livevv98ir_0: observe_us=17387 paints=0 skips=1327 ticks=69
[script livevv98ir_0] restocking cake (have 0)
[host] slot livevv98ir_0: d_loop_us=1563 d_raster_us=0 d_observe_us=92497 max_observe_us=17387 d_paints=0 d_skips=50 d_ticks=2 window_ms=1179
[host] hitch livevv98ir_0: observe_us=17079 paints=0 skips=1352 ticks=70
[script livevv98ir_0] restocking cake (have 0)
[script livevv98ir_0] restocking cake (have 0)
[host] slot livevv98ir_0: d_loop_us=1547 d_raster_us=0 d_observe_us=95216 max_observe_us=17079 d_paints=0 d_skips=50 d_ticks=2 window_ms=1171
[host] hitch livevv98ir_0: observe_us=16025 paints=0 skips=1403 ticks=72
[script livevv98ir_0] restocking cake (have 0)
[host] hitch livevv98ir_0: observe_us=17521 paints=0 skips=1429 ticks=73
[script livevv98ir_0] restocking cake (have 0)
[host] slot livevv98ir_0: d_loop_us=1289 d_raster_us=0 d_observe_us=84385 max_observe_us=17521 d_paints=0 d_skips=50 d_ticks=2 window_ms=1189
[script livevv98ir_0] restocking cake (have 0)
[script livevv98ir_0] restocking cake (have 0)
[host] slot livevv98ir_0: d_loop_us=1073 d_raster_us=0 d_observe_us=60897 max_observe_us=7928 d_paints=0 d_skips=50 d_ticks=2 window_ms=1186
[script livevv98ir_0] restocking cake (have 0)
test catalog_boundary_live has been running for over 60 seconds
[script livevv98ir_0] restocking cake (have 0)
[host] slot livevv98ir_0: d_loop_us=1388 d_raster_us=0 d_observe_us=68502 max_observe_us=15353 d_paints=0 d_skips=50 d_ticks=2 window_ms=1189
[script livevv98ir_0] restocking cake (have 0)
[script livevv98ir_0] restocking cake (have 0)
[host] slot livevv98ir_0: d_loop_us=1402 d_raster_us=0 d_observe_us=83193 max_observe_us=15137 d_paints=0 d_skips=50 d_ticks=2 window_ms=1172
[script livevv98ir_0] restocking cake (have 0)
[host] hitch livevv98ir_0: observe_us=16863 paints=0 skips=1631 ticks=81
[script livevv98ir_0] restocking cake (have 0)
[host] slot livevv98ir_0: d_loop_us=1306 d_raster_us=0 d_observe_us=85845 max_observe_us=16863 d_paints=0 d_skips=50 d_ticks=2 window_ms=1174
[host] hitch livevv98ir_0: observe_us=16205 paints=0 skips=1657 ticks=82
[script livevv98ir_0] restocking cake (have 0)
[host] hitch livevv98ir_0: observe_us=16621 paints=0 skips=1683 ticks=83
[script livevv98ir_0] restocking cake (have 0)
[host] slot livevv98ir_0: d_loop_us=1416 d_raster_us=0 d_observe_us=90273 max_observe_us=16621 d_paints=0 d_skips=50 d_ticks=2 window_ms=1171
[host] hitch livevv98ir_0: observe_us=16271 paints=0 skips=1708 ticks=84
[script livevv98ir_0] restocking cake (have 0)
[host] hitch livevv98ir_0: observe_us=16032 paints=0 skips=1734 ticks=85
[script livevv98ir_0] restocking cake (have 0)
[host] slot livevv98ir_0: d_loop_us=1445 d_raster_us=0 d_observe_us=87192 max_observe_us=16271 d_paints=0 d_skips=50 d_ticks=2 window_ms=1171
[script livevv98ir_0] restocking cake (have 0)
[script livevv98ir_0] restocking cake (have 0)
[host] slot livevv98ir_0: d_loop_us=1574 d_raster_us=0 d_observe_us=86794 max_observe_us=15980 d_paints=0 d_skips=50 d_ticks=2 window_ms=1170
[script livevv98ir_0] restocking cake (have 0)
[host] hitch livevv98ir_0: observe_us=16794 paints=0 skips=1836 ticks=89
[script livevv98ir_0] restocking cake (have 0)
[host] slot livevv98ir_0: d_loop_us=1683 d_raster_us=0 d_observe_us=93733 max_observe_us=16794 d_paints=0 d_skips=50 d_ticks=2 window_ms=1179
[host] hitch livevv98ir_0: observe_us=17035 paints=0 skips=1861 ticks=90
[script livevv98ir_0] restocking cake (have 0)
[host] hitch livevv98ir_0: observe_us=16850 paints=0 skips=1887 ticks=91
[script livevv98ir_0] restocking cake (have 0)
[host] slot livevv98ir_0: d_loop_us=1505 d_raster_us=0 d_observe_us=90531 max_observe_us=17035 d_paints=0 d_skips=50 d_ticks=2 window_ms=1176
[script livevv98ir_0] restocking cake (have 0)
[host] hitch livevv98ir_0: observe_us=16724 paints=0 skips=1938 ticks=93
[script livevv98ir_0] restocking cake (have 0)
[host] slot livevv98ir_0: d_loop_us=1466 d_raster_us=0 d_observe_us=86524 max_observe_us=16724 d_paints=0 d_skips=50 d_ticks=2 window_ms=1191
[script livevv98ir_0] restocking cake (have 0)
[script livevv98ir_0] restocking cake (have 0)
[host] slot livevv98ir_0: d_loop_us=1306 d_raster_us=0 d_observe_us=78773 max_observe_us=14856 d_paints=0 d_skips=50 d_ticks=2 window_ms=1195
[script livevv98ir_0] restocking cake (have 0)
[script livevv98ir_0] restocking cake (have 0)
[host] slot livevv98ir_0: d_loop_us=1476 d_raster_us=0 d_observe_us=80616 max_observe_us=13688 d_paints=0 d_skips=50 d_ticks=2 window_ms=1181
[script livevv98ir_0] restocking cake (have 0)
[host] hitch livevv98ir_0: observe_us=16636 paints=0 skips=2089 ticks=99
[script livevv98ir_0] restocking cake (have 0)
[host] slot livevv98ir_0: d_loop_us=1475 d_raster_us=0 d_observe_us=94760 max_observe_us=16636 d_paints=0 d_skips=50 d_ticks=2 window_ms=1178
[host] hitch livevv98ir_0: observe_us=16041 paints=0 skips=2115 ticks=100
[script livevv98ir_0] restocking cake (have 0)
[script livevv98ir_0] restocking cake (have 0)
[host] slot livevv98ir_0: d_loop_us=1780 d_raster_us=0 d_observe_us=98363 max_observe_us=16041 d_paints=0 d_skips=50 d_ticks=2 window_ms=1177
[script livevv98ir_0] restocking cake (have 0)
[host] hitch livevv98ir_0: observe_us=16931 paints=0 skips=2191 ticks=103
[script livevv98ir_0] restocking cake (have 0)
[host] slot livevv98ir_0: d_loop_us=1587 d_raster_us=0 d_observe_us=90458 max_observe_us=16931 d_paints=0 d_skips=50 d_ticks=2 window_ms=1175
[script livevv98ir_0] restocking cake (have 0)
[script livevv98ir_0] restocking cake (have 0)
[host] slot livevv98ir_0: d_loop_us=1049 d_raster_us=0 d_observe_us=55733 max_observe_us=12294 d_paints=0 d_skips=50 d_ticks=2 window_ms=1200
[script livevv98ir_0] restocking cake (have 0)
[script livevv98ir_0] restocking cake (have 0)
[host] slot livevv98ir_0: d_loop_us=1414 d_raster_us=0 d_observe_us=75725 max_observe_us=13996 d_paints=0 d_skips=50 d_ticks=2 window_ms=1175
[script livevv98ir_0] restocking cake (have 0)
[script livevv98ir_0] restocking cake (have 0)
[host] slot livevv98ir_0: d_loop_us=1491 d_raster_us=0 d_observe_us=82588 max_observe_us=15954 d_paints=0 d_skips=50 d_ticks=2 window_ms=1185
[script livevv98ir_0] restocking cake (have 0)
[script livevv98ir_0] restocking cake (have 0)
[host] slot livevv98ir_0: d_loop_us=1284 d_raster_us=0 d_observe_us=67030 max_observe_us=12707 d_paints=0 d_skips=50 d_ticks=2 window_ms=1205
[script livevv98ir_0] restocking cake (have 0)
[script livevv98ir_0] restocking cake (have 0)
[host] slot livevv98ir_0: d_loop_us=1342 d_raster_us=0 d_observe_us=76609 max_observe_us=14961 d_paints=0 d_skips=50 d_ticks=2 window_ms=1187
[script livevv98ir_0] restocking cake (have 0)
[script livevv98ir_0] restocking cake (have 0)
[host] slot livevv98ir_0: d_loop_us=1210 d_raster_us=0 d_observe_us=66007 max_observe_us=13750 d_paints=0 d_skips=50 d_ticks=2 window_ms=1191
[host] hitch livevv98ir_0: observe_us=16983 paints=0 skips=2519 ticks=116
[script livevv98ir_0] restocking cake (have 0)
[script livevv98ir_0] restocking cake (have 0)
[host] slot livevv98ir_0: d_loop_us=1450 d_raster_us=0 d_observe_us=84415 max_observe_us=16983 d_paints=0 d_skips=50 d_ticks=2 window_ms=1195
[script livevv98ir_0] restocking cake (have 0)
[script livevv98ir_0] restocking cake (have 0)
[host] slot livevv98ir_0: d_loop_us=1206 d_raster_us=0 d_observe_us=74960 max_observe_us=15635 d_paints=0 d_skips=50 d_ticks=2 window_ms=1170
[host] hitch livevv98ir_0: observe_us=16311 paints=0 skips=2620 ticks=120
[script livevv98ir_0] restocking cake (have 0)
[script livevv98ir_0] restocking cake (have 0)
[host] slot livevv98ir_0: d_loop_us=1435 d_raster_us=0 d_observe_us=84231 max_observe_us=16311 d_paints=0 d_skips=50 d_ticks=2 window_ms=1180
[script livevv98ir_0] restocking cake (have 0)
[host] hitch livevv98ir_0: observe_us=16810 paints=0 skips=2698 ticks=123
[script livevv98ir_0] restocking cake (have 0)
[host] slot livevv98ir_0: d_loop_us=1423 d_raster_us=0 d_observe_us=91910 max_observe_us=16810 d_paints=0 d_skips=50 d_ticks=2 window_ms=1160
[host] hitch livevv98ir_0: observe_us=16701 paints=0 skips=2722 ticks=124
[script livevv98ir_0] restocking cake (have 0)
[script livevv98ir_0] restocking cake (have 0)
[host] slot livevv98ir_0: d_loop_us=1388 d_raster_us=0 d_observe_us=94264 max_observe_us=16701 d_paints=0 d_skips=50 d_ticks=2 window_ms=1188
[script livevv98ir_0] restocking cake (have 0)
[host] slot livevv98ir_0: d_loop_us=1071 d_raster_us=0 d_observe_us=76944 max_observe_us=15479 d_paints=0 d_skips=50 d_ticks=2 window_ms=1185
[script livevv98ir_0] restocking cake (have 0)
[script livevv98ir_0] restocking cake (have 0)
[host] slot livevv98ir_0: d_loop_us=1630 d_raster_us=0 d_observe_us=71593 max_observe_us=15252 d_paints=0 d_skips=50 d_ticks=2 window_ms=1171
[host] hitch livevv98ir_0: observe_us=16961 paints=0 skips=2850 ticks=129
[script livevv98ir_0] restocking cake (have 0)
[script livevv98ir_0] restocking cake (have 0)
[host] hitch livevv98ir_0: observe_us=16129 paints=0 skips=2899 ticks=131
[host] slot livevv98ir_0: d_loop_us=1272 d_raster_us=0 d_observe_us=98710 max_observe_us=16961 d_paints=0 d_skips=50 d_ticks=2 window_ms=1224
[script livevv98ir_0] restocking cake (have 0)
[script livevv98ir_0] restocking cake (have 0)
[host] slot livevv98ir_0: d_loop_us=1378 d_raster_us=0 d_observe_us=79973 max_observe_us=15834 d_paints=0 d_skips=50 d_ticks=1 window_ms=1147
[script livevv98ir_0] restocking cake (have 0)
[script livevv98ir_0] restocking cake (have 0)
[host] slot livevv98ir_0: d_loop_us=1044 d_raster_us=0 d_observe_us=63444 max_observe_us=10631 d_paints=0 d_skips=50 d_ticks=2 window_ms=1173
[script livevv98ir_0] restocking cake (have 0)
[script livevv98ir_0] restocking cake (have 0)
[host] slot livevv98ir_0: d_loop_us=915 d_raster_us=0 d_observe_us=56526 max_observe_us=10540 d_paints=0 d_skips=50 d_ticks=2 window_ms=1220
[script livevv98ir_0] restocking cake (have 0)
[script livevv98ir_0] restocking cake (have 0)
[host] slot livevv98ir_0: d_loop_us=912 d_raster_us=0 d_observe_us=64379 max_observe_us=7836 d_paints=0 d_skips=50 d_ticks=2 window_ms=1213
[script livevv98ir_0] restocking cake (have 0)
[script livevv98ir_0] restocking cake (have 0)
[host] slot livevv98ir_0: d_loop_us=922 d_raster_us=0 d_observe_us=63776 max_observe_us=8134 d_paints=0 d_skips=50 d_ticks=3 window_ms=1207
[script livevv98ir_0] restocking cake (have 0)
[script livevv98ir_0] restocking cake (have 0)
[host] slot livevv98ir_0: d_loop_us=946 d_raster_us=0 d_observe_us=51868 max_observe_us=8663 d_paints=0 d_skips=50 d_ticks=2 window_ms=1196
[script livevv98ir_0] restocking cake (have 0)
[script livevv98ir_0] restocking cake (have 0)
[host] slot livevv98ir_0: d_loop_us=1023 d_raster_us=0 d_observe_us=62885 max_observe_us=7871 d_paints=0 d_skips=50 d_ticks=2 window_ms=1198
[script livevv98ir_0] restocking cake (have 0)
[script livevv98ir_0] restocking cake (have 0)
[host] slot livevv98ir_0: d_loop_us=1364 d_raster_us=0 d_observe_us=81331 max_observe_us=15329 d_paints=0 d_skips=50 d_ticks=1 window_ms=1189
[host] hitch livevv98ir_0: observe_us=17120 paints=0 skips=3301 ticks=147
[script livevv98ir_0] restocking cake (have 0)
[host] hitch livevv98ir_0: observe_us=16563 paints=0 skips=3327 ticks=148
[script livevv98ir_0] restocking cake (have 0)
[host] slot livevv98ir_0: d_loop_us=1408 d_raster_us=0 d_observe_us=86138 max_observe_us=17120 d_paints=0 d_skips=50 d_ticks=2 window_ms=1185
[script livevv98ir_0] restocking cake (have 0)
[script livevv98ir_0] restocking cake (have 0)
[host] slot livevv98ir_0: d_loop_us=1327 d_raster_us=0 d_observe_us=81241 max_observe_us=13663 d_paints=0 d_skips=50 d_ticks=2 window_ms=1172
[script livevv98ir_0] restocking cake (have 0)
[host] hitch livevv98ir_0: observe_us=16149 paints=0 skips=3429 ticks=152
[script livevv98ir_0] restocking cake (have 0)
[host] slot livevv98ir_0: d_loop_us=1387 d_raster_us=0 d_observe_us=83781 max_observe_us=16149 d_paints=0 d_skips=50 d_ticks=2 window_ms=1158
[script livevv98ir_0] restocking cake (have 0)
[host] hitch livevv98ir_0: observe_us=16885 paints=0 skips=3480 ticks=154
[script livevv98ir_0] restocking cake (have 0)
[host] slot livevv98ir_0: d_loop_us=1415 d_raster_us=0 d_observe_us=93310 max_observe_us=16885 d_paints=0 d_skips=50 d_ticks=2 window_ms=1183
[host] hitch livevv98ir_0: observe_us=16309 paints=0 skips=3505 ticks=155
[script livevv98ir_0] restocking cake (have 0)
[host] hitch livevv98ir_0: observe_us=16767 paints=0 skips=3530 ticks=156
[script livevv98ir_0] restocking cake (have 0)
[host] slot livevv98ir_0: d_loop_us=1302 d_raster_us=0 d_observe_us=91810 max_observe_us=16767 d_paints=0 d_skips=50 d_ticks=2 window_ms=1193
[script livevv98ir_0] restocking cake (have 0)
[host] hitch livevv98ir_0: observe_us=16478 paints=0 skips=3581 ticks=158
[script livevv98ir_0] restocking cake (have 0)
[host] slot livevv98ir_0: d_loop_us=1539 d_raster_us=0 d_observe_us=90226 max_observe_us=16478 d_paints=0 d_skips=50 d_ticks=2 window_ms=1181
[host] hitch livevv98ir_0: observe_us=16752 paints=0 skips=3606 ticks=159
[script livevv98ir_0] restocking cake (have 0)
[script livevv98ir_0] restocking cake (have 0)
[host] slot livevv98ir_0: d_loop_us=1294 d_raster_us=0 d_observe_us=82363 max_observe_us=16752 d_paints=0 d_skips=50 d_ticks=2 window_ms=1200
[script livevv98ir_0] restocking cake (have 0)
[script livevv98ir_0] restocking cake (have 0)
[host] slot livevv98ir_0: d_loop_us=1458 d_raster_us=0 d_observe_us=81793 max_observe_us=15266 d_paints=0 d_skips=50 d_ticks=2 window_ms=1186
[script livevv98ir_0] restocking cake (have 0)
[script livevv98ir_0] restocking cake (have 0)
[host] slot livevv98ir_0: d_loop_us=1117 d_raster_us=0 d_observe_us=72833 max_observe_us=8163 d_paints=0 d_skips=50 d_ticks=2 window_ms=1175
[script livevv98ir_0] restocking cake (have 0)
[script livevv98ir_0] restocking cake (have 0)
[host] slot livevv98ir_0: d_loop_us=1390 d_raster_us=0 d_observe_us=77298 max_observe_us=14456 d_paints=0 d_skips=50 d_ticks=2 window_ms=1161
[script livevv98ir_0] restocking cake (have 0)
[script livevv98ir_0] restocking cake (have 0)
[host] slot livevv98ir_0: d_loop_us=1134 d_raster_us=0 d_observe_us=67221 max_observe_us=15828 d_paints=0 d_skips=50 d_ticks=2 window_ms=1185
FAIL: catalog_boundary_live: scenario failed: step 9 (watch Thieving XP after Start): stat_xp_gain(17)>=1 not seen within 150 ticks; evidence=Some(Evidence { scenario: "ardy_thiever", outcome: "FAIL", predicate: "stat_xp_gain(17)>=1", ticks: 165, elapsed_ms: 112495, message: Some("step 9 (watch Thieving XP after Start): stat_xp_gain(17)>=1 not seen within 150 ticks"), tile: Some([2661, 3306, 0]), inv: [], stat: Some(StatRow { runenergy: 100 }), chat: [ChatRow { text: "Inventory wiped.", username: None }, ChatRow { text: "set tutorial: to 1000", username: None }, ChatRow { text: "Welcome to RuneScape.", username: None }], scene: 2 }); core={"error":"ardy_thiever core post-Start delta incomplete","witness":{"case":"ardy_thiever","baseline":{"ingame":true,"scene_state":2,"player":"Livevv98ir 0","tile":[2661,3306,0],"tick":19,"items":{},"item_ids":{},"bank":{},"bank_ids":{},"bank_open":false,"bank_loaded":false,"bank_generation":0,"levels":{"-unused-":0,"agility":1,"attack":1,"cooking":1,"crafting":1,"defence":1,"firemaking":1,"fishing":1,"fletching":1,"herblore":1,"hitpoints":40,"magic":1,"mining":1,"prayer":1,"ranged":1,"runecraft":1,"slayer":1,"smithing":1,"strength":1,"thieving":40,"woodcutting":1},"xp":{"-unused-":0,"agility":0,"attack":0,"cooking":0,"crafting":0,"defence":0,"firemaking":0,"fishing":0,"fletching":0,"herblore":0,"hitpoints":37224,"magic":0,"mining":0,"prayer":0,"ranged":0,"runecraft":0,"slayer":0,"smithing":0,"strength":0,"thieving":37224,"woodcutting":0},"chat":[[7,"Inventory wiped."],[6,"set tutorial: to 1000"],[5,"Welcome to RuneScape."]],"loc_facts":[],"equipment_ids":{},"main_modal":-1,"widget_ids":[3213,3214]},"latest":{"ingame":true,"scene_state":2,"player":"Livevv98ir 0","tile":[2661,3306,0],"tick":169,"items":{},"item_ids":{},"bank":{},"bank_ids":{},"bank_open":false,"bank_loaded":false,"bank_generation":0,"levels":{"-unused-":0,"agility":1,"attack":1,"cooking":1,"crafting":1,"defence":1,"firemaking":1,"fishing":1,"fletching":1,"herblore":1,"hitpoints":40,"magic":1,"mining":1,"prayer":1,"ranged":1,"runecraft":1,"slayer":1,"smithing":1,"strength":1,"thieving":40,"woodcutting":1},"xp":{"-unused-":0,"agility":0,"attack":0,"cooking":0,"crafting":0,"defence":0,"firemaking":0,"fishing":0,"fletching":0,"herblore":0,"hitpoints":37224,"magic":0,"mining":0,"prayer":0,"ranged":0,"runecraft":0,"slayer":0,"smithing":0,"strength":0,"thieving":37224,"woodcutting":0},"chat":[[7,"Inventory wiped."],[6,"set tutorial: to 1000"],[5,"Welcome to RuneScape."]],"loc_facts":[],"equipment_ids":{},"main_modal":-1,"widget_ids":[3213,3214]},"max_items":{},"max_xp":{"-unused-":0,"agility":0,"attack":0,"cooking":0,"crafting":0,"defence":0,"firemaking":0,"fishing":0,"fletching":0,"herblore":0,"hitpoints":37224,"magic":0,"mining":0,"prayer":0,"ranged":0,"runecraft":0,"slayer":0,"smithing":0,"strength":0,"thieving":37224,"woodcutting":0},"saw_bury_chat":false,"post_start_observations":3770,"bone_bank_cycle":{"first_batch_buried":false,"opened":null,"withdrawn":null,"buried_after_withdrawal":false},"bank_fletcher_cycle":{"first_pack_created":false,"deposited":null,"withdrawn":null,"crafted_after_withdrawal":false},"bank_fletcher_string_cycle":{"initial_pairs_strung":false,"deposited":null,"withdrawn":null,"strung_after_withdrawal":false},"bank_fletcher_cut_string_cycle":{"cut_pair_created":false,"deposited":null,"withdrawn":null,"string_pair_created":false},"alcher_generated_custom_cycle":{"withdrawn":null,"consumed":false},"dart_fletcher_cycle":{"first":null,"further":false,"wrong_tier":false},"herb_cleaner_cycle":{"first_pack":false,"deposited":null,"withdrawn":null,"cleaned_after_withdrawal":false,"filter_violated":false},"gem_cutter_cycle":{"first_pack":false,"deposited":null,"withdrawn":null,"cut_after_withdrawal":false,"filter_violated":false},"door_opener_cycle":{"selected":null,"opened":false},"gnome_course_cycle":{"log":null,"ground_return":null,"pipe":null,"second_lap":false},"flax_picker_cycle":{"first_pack":false,"deposited":null,"returned":false,"further":false},"superheater_cycle":{"first_bars":false,"deposited":null,"withdrawn":null,"produced_after_withdrawal":false,"wrong_product":false,"wrong_staff":false},"chicken_killer_bank_cycle":{"combat_loot":false,"deposited":null,"returned":false,"further":false},"vial_filler_cycle":{"filled":null,"deposited":null,"withdrawn":null,"returned":false,"further":false},"potion_maker_cycle":{"unfinished":null,"finished":null,"deposited":null,"withdrawn":null,"further":false,"wrong_product":false,"filter_violated":false},"tanner_bot_cycle":{"widget":null,"tanned":null,"deposited":null,"withdrawn":null,"returned":false,"further":false,"wrong_product":false,"shop":false},"rune_crafter_cycle":{"withdrawn":null,"entered":null,"crafted":null,"exited":null,"deposited":null,"restocked":null,"returned":false,"further":false,"wrong_product":false,"noted":false},"ardy_cakes_cycle":{"stolen":null,"deposited":null,"returned":false,"further":false,"wrong_product":false,"noted":false},"ardy_thiever_cycle":{"pickpocketed":null,"deposited":null,"returned":false,"further":false},"ordered_first_exhausted":false}}
