
running 1 test
{"phase":"identity","revision":274,"profile":"local-274 · 127.0.0.1:43594 · revision 274","cache_id":"4aac9b63312dcb75d5de8f686772d083ba0808c57985438246edf21ef522be1c","nav_pack":"/Users/acfrazier/experiments/274bot/.worktrees/rs2b0t-multirevision/.superpowers/world-capabilities/274/274bot.navpack","nav_sha256":"05db24743e9f549ced16c1f00b87c30a390d3aaec391815da3f3563130b3bcd4","catalog_commit":"8e7d965be2071d6ec65c3265e12af797082d720a","catalog_identity":"289-updated frozen catalog","catalog_read_only_path":".superpowers/inputs/rs2b0t-8e7d965be2071d6ec65c3265e12af797082d720a","catalog_root":"/Users/acfrazier/experiments/274bot/.worktrees/rs2b0t-multirevision/.superpowers/inputs/rs2b0t-8e7d965be2071d6ec65c3265e12af797082d720a","registry_path":"/Users/acfrazier/experiments/274bot/.worktrees/rs2b0t-multirevision/.superpowers/inputs/rs2b0t-8e7d965be2071d6ec65c3265e12af797082d720a/src/bot/scripts/index.ts","registry_sha256":"b614aedb3d5adfdfbac3760f082273f3cf5c33fffe4ced0f2b01490ae02d1bc2","card":{"card":"FlaxAIO","source_path":"/Users/acfrazier/experiments/274bot/.worktrees/rs2b0t-multirevision/.superpowers/inputs/rs2b0t-8e7d965be2071d6ec65c3265e12af797082d720a/src/bot/scripts/FlaxAIO/flaxaio.ts","source_sha256":"6fd81a87dc88822298f5f5557e3f6163a5dadf46480e7f686fc4892001b608a1","compiled_sha256":"6f1851aa49ce152da36147f1cfd9f6425eb1be80b6b850da0a87cfb9f6a125dc","siblings":[{"module":"/rs2b0t/bot/scripts/bot/spinning.js","compiled_sha256":"f12aafddc75ce425bb2cdc46d43b8d61175be4aa863bcd91f953d7a53f752886"},{"module":"/rs2b0t/bot/scripts/bot/walking.js","compiled_sha256":"68c71306942161e5273a147072f06585d83d54888864ab7d5df22ba0ebceb469"},{"module":"/rs2b0t/bot/scripts/bot/banking.js","compiled_sha256":"adb7045b3c0986451b9366292536f7a4043c28de05e42528add29b8d7454baff"},{"module":"/rs2b0t/bot/scripts/bot/picking.js","compiled_sha256":"ed7e6686b2e9d5a12dea3e1a95bde14053b381626fbef4e20ff2c4712e99a247"}],"settings":{"picking":true,"spinning":false}},"account":"live5nitcf_0","engine_speed_ms":null}
[host-play] slot live5nitcf_0: thread up
274bot: loaded snapshot (4556 models, 336 anim records)
[host-play] slot live5nitcf_0: handshake begin reconnect=false
[host-play] slot live5nitcf_0: handshake ok
[host-play] slot live5nitcf_0: queued mainland tele+setvar (scene 2)
[host] slot live5nitcf_0: d_loop_us=21508 d_raster_us=0 d_observe_us=56874 max_observe_us=6681 d_paints=0 d_skips=50 d_ticks=5 window_ms=0
[host-play] slot live5nitcf_0: handshake begin reconnect=true
[host-play] slot live5nitcf_0: handshake ok
[host-play] slot live5nitcf_0: queued mainland tele+setvar (scene 2)
[host] slot live5nitcf_0: d_loop_us=10034 d_raster_us=0 d_observe_us=60789 max_observe_us=5648 d_paints=0 d_skips=50 d_ticks=1 window_ms=0
{"phase":"baseline-after-preparation","scenario":"flax_aio_pick","account":"live5nitcf_0","observation":{"ingame":true,"scene_state":2,"player":"Live5nitcf 0","tile":[2741,3444,0],"combat_level":3,"tick":17,"items":{},"item_ids":{},"bank":{},"bank_ids":{},"bank_open":false,"bank_loaded":false,"bank_generation":0,"levels":{"-unused-":0,"agility":1,"attack":1,"cooking":1,"crafting":1,"defence":1,"firemaking":1,"fishing":1,"fletching":1,"herblore":1,"hitpoints":10,"magic":1,"mining":1,"prayer":1,"ranged":1,"runecraft":1,"slayer":1,"smithing":1,"strength":1,"thieving":1,"woodcutting":1},"effective_levels":{"-unused-":0,"agility":1,"attack":1,"cooking":1,"crafting":1,"defence":1,"firemaking":1,"fishing":1,"fletching":1,"herblore":1,"hitpoints":10,"magic":1,"mining":1,"prayer":1,"ranged":1,"runecraft":1,"slayer":1,"smithing":1,"strength":1,"thieving":1,"woodcutting":1},"xp":{"-unused-":0,"agility":0,"attack":0,"cooking":0,"crafting":0,"defence":0,"firemaking":0,"fishing":0,"fletching":0,"herblore":0,"hitpoints":1154,"magic":0,"mining":0,"prayer":0,"ranged":0,"runecraft":0,"slayer":0,"smithing":0,"strength":0,"thieving":0,"woodcutting":0},"varps":{"108":0,"309":0},"chat":[[7,"Inventory wiped."],[6,"set tutorial: to 1000"],[5,"Welcome to RuneScape."]],"loc_facts":[],"npc_facts":[],"ground_loot":[],"local_in_combat":false,"local_target_npc":null,"local_health":0,"local_animation":-1,"equipment_ids":{},"main_modal":-1,"widget_ids":[3213,3214]}}
[script live5nitcf_0] start load
{"phase":"start","account":"live5nitcf_0","count":1}
[host] hitch live5nitcf_0: observe_us=107782 paints=0 skips=85 ticks=17
[script live5nitcf_0] FlaxAIO (pick) — flax 'Flax' at (2741, 3444, 0), wheel (2711, 3471, 1)
[script live5nitcf_0] interact Loc { x: 2739, z: 3442, level: 0, action: "Pick", id: Some(2646) }
[host] slot live5nitcf_0: d_loop_us=18955 d_raster_us=0 d_observe_us=238129 max_observe_us=107782 d_paints=0 d_skips=50 d_ticks=17 window_ms=10534
[host] hitch live5nitcf_0: observe_us=31995 paints=0 skips=108 ticks=19
[host] hitch live5nitcf_0: observe_us=21897 paints=0 skips=133 ticks=20
[host] slot live5nitcf_0: d_loop_us=1824 d_raster_us=0 d_observe_us=169807 max_observe_us=31995 d_paints=0 d_skips=50 d_ticks=2 window_ms=1175
[host] hitch live5nitcf_0: observe_us=35557 paints=0 skips=160 ticks=21
[script live5nitcf_0] interact Loc { x: 2738, z: 3441, level: 0, action: "Pick", id: Some(2646) }
[host] hitch live5nitcf_0: observe_us=33930 paints=0 skips=184 ticks=22
[host] slot live5nitcf_0: d_loop_us=1698 d_raster_us=0 d_observe_us=159137 max_observe_us=35557 d_paints=0 d_skips=50 d_ticks=2 window_ms=1189
[host] hitch live5nitcf_0: observe_us=23985 paints=0 skips=210 ticks=23
[host] hitch live5nitcf_0: observe_us=32377 paints=0 skips=235 ticks=24
[script live5nitcf_0] interact Loc { x: 2738, z: 3440, level: 0, action: "Pick", id: Some(2646) }
[host] slot live5nitcf_0: d_loop_us=2006 d_raster_us=0 d_observe_us=177728 max_observe_us=32377 d_paints=0 d_skips=50 d_ticks=2 window_ms=1191
[host] hitch live5nitcf_0: observe_us=34885 paints=0 skips=260 ticks=25
[script live5nitcf_0] interact Loc { x: 2737, z: 3440, level: 0, action: "Pick", id: Some(2646) }
[host] hitch live5nitcf_0: observe_us=31922 paints=0 skips=286 ticks=26
[host] slot live5nitcf_0: d_loop_us=2678 d_raster_us=0 d_observe_us=164784 max_observe_us=34885 d_paints=0 d_skips=50 d_ticks=2 window_ms=1181
[host] hitch live5nitcf_0: observe_us=22848 paints=0 skips=311 ticks=27
[host] hitch live5nitcf_0: observe_us=34382 paints=0 skips=337 ticks=28
[script live5nitcf_0] interact Loc { x: 2738, z: 3440, level: 0, action: "Pick", id: Some(2646) }
[host] slot live5nitcf_0: d_loop_us=1971 d_raster_us=0 d_observe_us=177075 max_observe_us=34382 d_paints=0 d_skips=50 d_ticks=2 window_ms=1185
[host] hitch live5nitcf_0: observe_us=33011 paints=0 skips=362 ticks=29
[script live5nitcf_0] interact Loc { x: 2738, z: 3440, level: 0, action: "Pick", id: Some(2646) }
[host] hitch live5nitcf_0: observe_us=16485 paints=0 skips=386 ticks=30
[host] slot live5nitcf_0: d_loop_us=1596 d_raster_us=0 d_observe_us=151018 max_observe_us=33011 d_paints=0 d_skips=50 d_ticks=2 window_ms=1160
[host] hitch live5nitcf_0: observe_us=32619 paints=0 skips=413 ticks=31
[script live5nitcf_0] interact Loc { x: 2739, z: 3440, level: 0, action: "Pick", id: Some(2646) }
[host] hitch live5nitcf_0: observe_us=32649 paints=0 skips=439 ticks=32
[script live5nitcf_0] interact Loc { x: 2739, z: 3440, level: 0, action: "Pick", id: Some(2646) }
[host] slot live5nitcf_0: d_loop_us=1707 d_raster_us=0 d_observe_us=172059 max_observe_us=32649 d_paints=0 d_skips=50 d_ticks=2 window_ms=1191
[host] hitch live5nitcf_0: observe_us=22945 paints=0 skips=464 ticks=33
[host] hitch live5nitcf_0: observe_us=34453 paints=0 skips=490 ticks=34
[script live5nitcf_0] interact Loc { x: 2738, z: 3439, level: 0, action: "Pick", id: Some(2646) }
[host] slot live5nitcf_0: d_loop_us=1852 d_raster_us=0 d_observe_us=175496 max_observe_us=34453 d_paints=0 d_skips=50 d_ticks=2 window_ms=1157
[host] hitch live5nitcf_0: observe_us=32556 paints=0 skips=516 ticks=35
[script live5nitcf_0] interact Loc { x: 2738, z: 3439, level: 0, action: "Pick", id: Some(2646) }
[host] hitch live5nitcf_0: observe_us=18706 paints=0 skips=540 ticks=36
[host] slot live5nitcf_0: d_loop_us=2007 d_raster_us=0 d_observe_us=166843 max_observe_us=32556 d_paints=0 d_skips=50 d_ticks=2 window_ms=1176
[host] hitch live5nitcf_0: observe_us=34553 paints=0 skips=566 ticks=37
[script live5nitcf_0] interact Loc { x: 2739, z: 3439, level: 0, action: "Pick", id: Some(2646) }
[host] hitch live5nitcf_0: observe_us=30743 paints=0 skips=591 ticks=38
[script live5nitcf_0] interact Loc { x: 2739, z: 3439, level: 0, action: "Pick", id: Some(2646) }
[host] slot live5nitcf_0: d_loop_us=1846 d_raster_us=0 d_observe_us=165998 max_observe_us=34553 d_paints=0 d_skips=50 d_ticks=2 window_ms=1195
[host] hitch live5nitcf_0: observe_us=26807 paints=0 skips=643 ticks=40
[script live5nitcf_0] interact Loc { x: 2740, z: 3439, level: 0, action: "Pick", id: Some(2646) }
[host] slot live5nitcf_0: d_loop_us=1917 d_raster_us=0 d_observe_us=161273 max_observe_us=26807 d_paints=0 d_skips=50 d_ticks=2 window_ms=1144
[host] hitch live5nitcf_0: observe_us=32072 paints=0 skips=669 ticks=41
[script live5nitcf_0] interact Loc { x: 2740, z: 3439, level: 0, action: "Pick", id: Some(2646) }
[host] hitch live5nitcf_0: observe_us=22918 paints=0 skips=694 ticks=42
[host] slot live5nitcf_0: d_loop_us=1991 d_raster_us=0 d_observe_us=173269 max_observe_us=32072 d_paints=0 d_skips=50 d_ticks=2 window_ms=1182
[host] hitch live5nitcf_0: observe_us=34789 paints=0 skips=720 ticks=43
[script live5nitcf_0] interact Loc { x: 2739, z: 3438, level: 0, action: "Pick", id: Some(2646) }
[host] hitch live5nitcf_0: observe_us=35064 paints=0 skips=745 ticks=44
[script live5nitcf_0] interact Loc { x: 2739, z: 3438, level: 0, action: "Pick", id: Some(2646) }
[host] slot live5nitcf_0: d_loop_us=2011 d_raster_us=0 d_observe_us=185773 max_observe_us=35064 d_paints=0 d_skips=50 d_ticks=2 window_ms=1175
[host] hitch live5nitcf_0: observe_us=35385 paints=0 skips=770 ticks=45
[host] hitch live5nitcf_0: observe_us=34741 paints=0 skips=795 ticks=46
[script live5nitcf_0] interact Loc { x: 2739, z: 3442, level: 0, action: "Pick", id: Some(2646) }
[host] slot live5nitcf_0: d_loop_us=1574 d_raster_us=0 d_observe_us=169176 max_observe_us=35385 d_paints=0 d_skips=50 d_ticks=2 window_ms=1208
[host] hitch live5nitcf_0: observe_us=17162 paints=0 skips=820 ticks=47
[script live5nitcf_0] interact Loc { x: 2739, z: 3442, level: 0, action: "Pick", id: Some(2646) }
[host] hitch live5nitcf_0: observe_us=32722 paints=0 skips=846 ticks=48
[host] slot live5nitcf_0: d_loop_us=1147 d_raster_us=0 d_observe_us=124627 max_observe_us=32722 d_paints=0 d_skips=50 d_ticks=2 window_ms=1174
[host] hitch live5nitcf_0: observe_us=25509 paints=0 skips=871 ticks=49
[script live5nitcf_0] interact Loc { x: 2738, z: 3441, level: 0, action: "Pick", id: Some(2646) }
[host] slot live5nitcf_0: d_loop_us=1422 d_raster_us=0 d_observe_us=137827 max_observe_us=25509 d_paints=0 d_skips=50 d_ticks=2 window_ms=1189
[host] hitch live5nitcf_0: observe_us=21892 paints=0 skips=922 ticks=51
[script live5nitcf_0] interact Loc { x: 2739, z: 3444, level: 0, action: "Pick", id: Some(2646) }
[host] hitch live5nitcf_0: observe_us=23088 paints=0 skips=948 ticks=52
[host] slot live5nitcf_0: d_loop_us=1249 d_raster_us=0 d_observe_us=150051 max_observe_us=23088 d_paints=0 d_skips=50 d_ticks=2 window_ms=1138
[script live5nitcf_0] interact Loc { x: 2739, z: 3444, level: 0, action: "Pick", id: Some(2646) }
[host] hitch live5nitcf_0: observe_us=22642 paints=0 skips=974 ticks=53
[host] slot live5nitcf_0: d_loop_us=1679 d_raster_us=0 d_observe_us=128750 max_observe_us=22642 d_paints=0 d_skips=50 d_ticks=1 window_ms=1157
[host] hitch live5nitcf_0: observe_us=36602 paints=0 skips=1001 ticks=54
[script live5nitcf_0] interact Loc { x: 2737, z: 3440, level: 0, action: "Pick", id: Some(2646) }
[host] hitch live5nitcf_0: observe_us=34012 paints=0 skips=1025 ticks=55
[host] slot live5nitcf_0: d_loop_us=1634 d_raster_us=0 d_observe_us=165701 max_observe_us=36602 d_paints=0 d_skips=50 d_ticks=2 window_ms=1200
[host] hitch live5nitcf_0: observe_us=22185 paints=0 skips=1051 ticks=56
[host] hitch live5nitcf_0: observe_us=32831 paints=0 skips=1077 ticks=57
[script live5nitcf_0] interact Loc { x: 2738, z: 3440, level: 0, action: "Pick", id: Some(2646) }
[host] slot live5nitcf_0: d_loop_us=2237 d_raster_us=0 d_observe_us=173568 max_observe_us=32831 d_paints=0 d_skips=50 d_ticks=2 window_ms=1167
[host] hitch live5nitcf_0: observe_us=34962 paints=0 skips=1102 ticks=58
[script live5nitcf_0] interact Loc { x: 2738, z: 3440, level: 0, action: "Pick", id: Some(2646) }
[host] hitch live5nitcf_0: observe_us=22377 paints=0 skips=1127 ticks=59
[host] slot live5nitcf_0: d_loop_us=1813 d_raster_us=0 d_observe_us=168151 max_observe_us=34962 d_paints=0 d_skips=50 d_ticks=2 window_ms=1176
[host] hitch live5nitcf_0: observe_us=34789 paints=0 skips=1153 ticks=60
[script live5nitcf_0] interact Loc { x: 2739, z: 3440, level: 0, action: "Pick", id: Some(2646) }
[host] hitch live5nitcf_0: observe_us=34838 paints=0 skips=1177 ticks=61
[script live5nitcf_0] interact Loc { x: 2739, z: 3440, level: 0, action: "Pick", id: Some(2646) }
[host] slot live5nitcf_0: d_loop_us=1651 d_raster_us=0 d_observe_us=158063 max_observe_us=34838 d_paints=0 d_skips=50 d_ticks=2 window_ms=1198
[host] hitch live5nitcf_0: observe_us=21555 paints=0 skips=1203 ticks=62
[host] hitch live5nitcf_0: observe_us=34433 paints=0 skips=1229 ticks=63
[script live5nitcf_0] interact Loc { x: 2738, z: 3439, level: 0, action: "Pick", id: Some(2646) }
[host] slot live5nitcf_0: d_loop_us=1729 d_raster_us=0 d_observe_us=171510 max_observe_us=34433 d_paints=0 d_skips=50 d_ticks=2 window_ms=1176
[host] hitch live5nitcf_0: observe_us=34078 paints=0 skips=1254 ticks=64
[script live5nitcf_0] interact Loc { x: 2738, z: 3439, level: 0, action: "Pick", id: Some(2646) }
[host] hitch live5nitcf_0: observe_us=22256 paints=0 skips=1278 ticks=65
[host] slot live5nitcf_0: d_loop_us=1628 d_raster_us=0 d_observe_us=163682 max_observe_us=34078 d_paints=0 d_skips=50 d_ticks=2 window_ms=1170
[host] hitch live5nitcf_0: observe_us=32454 paints=0 skips=1305 ticks=66
[script live5nitcf_0] interact Loc { x: 2739, z: 3439, level: 0, action: "Pick", id: Some(2646) }
[host] hitch live5nitcf_0: observe_us=38219 paints=0 skips=1330 ticks=67
[script live5nitcf_0] interact Loc { x: 2739, z: 3439, level: 0, action: "Pick", id: Some(2646) }
[host] slot live5nitcf_0: d_loop_us=1394 d_raster_us=0 d_observe_us=176395 max_observe_us=38219 d_paints=0 d_skips=50 d_ticks=2 window_ms=1197
[host] hitch live5nitcf_0: observe_us=20818 paints=0 skips=1355 ticks=68
[host] hitch live5nitcf_0: observe_us=34204 paints=0 skips=1381 ticks=69
[host] slot live5nitcf_0: d_loop_us=1886 d_raster_us=0 d_observe_us=170816 max_observe_us=34204 d_paints=0 d_skips=50 d_ticks=2 window_ms=1165
[host] hitch live5nitcf_0: observe_us=35546 paints=0 skips=1407 ticks=70
[script live5nitcf_0] interact Loc { x: 2740, z: 3439, level: 0, action: "Pick", id: Some(2646) }
[host] hitch live5nitcf_0: observe_us=32785 paints=0 skips=1432 ticks=71
[host] slot live5nitcf_0: d_loop_us=1925 d_raster_us=0 d_observe_us=168592 max_observe_us=35546 d_paints=0 d_skips=50 d_ticks=2 window_ms=1199
[host] hitch live5nitcf_0: observe_us=34230 paints=0 skips=1483 ticks=73
[script live5nitcf_0] interact Loc { x: 2739, z: 3438, level: 0, action: "Pick", id: Some(2646) }
[host] slot live5nitcf_0: d_loop_us=1599 d_raster_us=0 d_observe_us=154006 max_observe_us=34230 d_paints=0 d_skips=50 d_ticks=2 window_ms=1172
[host] hitch live5nitcf_0: observe_us=33370 paints=0 skips=1508 ticks=74
[script live5nitcf_0] interact Loc { x: 2739, z: 3438, level: 0, action: "Pick", id: Some(2646) }
[host] hitch live5nitcf_0: observe_us=22334 paints=0 skips=1533 ticks=75
test catalog_boundary_live has been running for over 60 seconds
[host] slot live5nitcf_0: d_loop_us=1015 d_raster_us=0 d_observe_us=131153 max_observe_us=33370 d_paints=0 d_skips=50 d_ticks=2 window_ms=1192
[host] hitch live5nitcf_0: observe_us=34840 paints=0 skips=1558 ticks=76
[script live5nitcf_0] interact Loc { x: 2738, z: 3441, level: 0, action: "Pick", id: Some(2646) }
[host] hitch live5nitcf_0: observe_us=29332 paints=0 skips=1583 ticks=77
[script live5nitcf_0] interact Loc { x: 2738, z: 3441, level: 0, action: "Pick", id: Some(2646) }
[host] slot live5nitcf_0: d_loop_us=1241 d_raster_us=0 d_observe_us=147241 max_observe_us=34840 d_paints=0 d_skips=50 d_ticks=2 window_ms=1203
[host] hitch live5nitcf_0: observe_us=22076 paints=0 skips=1608 ticks=78
[host] hitch live5nitcf_0: observe_us=35954 paints=0 skips=1633 ticks=79
[script live5nitcf_0] interact Loc { x: 2739, z: 3442, level: 0, action: "Pick", id: Some(2646) }
[host] slot live5nitcf_0: d_loop_us=1275 d_raster_us=0 d_observe_us=148467 max_observe_us=35954 d_paints=0 d_skips=50 d_ticks=2 window_ms=1194
[host] hitch live5nitcf_0: observe_us=34005 paints=0 skips=1659 ticks=80
[script live5nitcf_0] interact Loc { x: 2739, z: 3442, level: 0, action: "Pick", id: Some(2646) }
[host] hitch live5nitcf_0: observe_us=34189 paints=0 skips=1683 ticks=81
[host] slot live5nitcf_0: d_loop_us=1427 d_raster_us=0 d_observe_us=163102 max_observe_us=34189 d_paints=0 d_skips=50 d_ticks=2 window_ms=1194
[host] hitch live5nitcf_0: observe_us=30995 paints=0 skips=1708 ticks=82
[script live5nitcf_0] interact Loc { x: 2737, z: 3440, level: 0, action: "Pick", id: Some(2646) }
[host] hitch live5nitcf_0: observe_us=35176 paints=0 skips=1734 ticks=83
[script live5nitcf_0] interact Loc { x: 2737, z: 3440, level: 0, action: "Pick", id: Some(2646) }
[host] slot live5nitcf_0: d_loop_us=1848 d_raster_us=0 d_observe_us=161334 max_observe_us=35176 d_paints=0 d_skips=50 d_ticks=2 window_ms=1192
[host] hitch live5nitcf_0: observe_us=34965 paints=0 skips=1759 ticks=84
[host] hitch live5nitcf_0: observe_us=35983 paints=0 skips=1784 ticks=85
[script live5nitcf_0] interact Loc { x: 2738, z: 3440, level: 0, action: "Pick", id: Some(2646) }
[host] slot live5nitcf_0: d_loop_us=1915 d_raster_us=0 d_observe_us=177994 max_observe_us=35983 d_paints=0 d_skips=50 d_ticks=2 window_ms=1194
[host] hitch live5nitcf_0: observe_us=21373 paints=0 skips=1809 ticks=86
[script live5nitcf_0] interact Loc { x: 2738, z: 3440, level: 0, action: "Pick", id: Some(2646) }
[host] hitch live5nitcf_0: observe_us=36532 paints=0 skips=1835 ticks=87
[script live5nitcf_0] interact Loc { x: 2739, z: 3440, level: 0, action: "Pick", id: Some(2646) }
[host] slot live5nitcf_0: d_loop_us=2034 d_raster_us=0 d_observe_us=160601 max_observe_us=36532 d_paints=0 d_skips=50 d_ticks=2 window_ms=1188
[host] hitch live5nitcf_0: observe_us=21131 paints=0 skips=1859 ticks=88
[host] hitch live5nitcf_0: observe_us=33976 paints=0 skips=1885 ticks=89
[script live5nitcf_0] interact Loc { x: 2739, z: 3444, level: 0, action: "Pick", id: Some(2646) }
[host] slot live5nitcf_0: d_loop_us=1669 d_raster_us=0 d_observe_us=172496 max_observe_us=33976 d_paints=0 d_skips=50 d_ticks=2 window_ms=1177
[host] hitch live5nitcf_0: observe_us=26063 paints=0 skips=1911 ticks=90
[script live5nitcf_0] interact Loc { x: 2739, z: 3444, level: 0, action: "Pick", id: Some(2646) }
[host] hitch live5nitcf_0: observe_us=20916 paints=0 skips=1936 ticks=91
[host] slot live5nitcf_0: d_loop_us=1557 d_raster_us=0 d_observe_us=140719 max_observe_us=26063 d_paints=0 d_skips=50 d_ticks=2 window_ms=1177
[host] hitch live5nitcf_0: observe_us=34435 paints=0 skips=1988 ticks=93
[host] slot live5nitcf_0: d_loop_us=1519 d_raster_us=0 d_observe_us=147926 max_observe_us=34435 d_paints=0 d_skips=50 d_ticks=2 window_ms=1168
[host] hitch live5nitcf_0: observe_us=35410 paints=0 skips=2013 ticks=94
[script live5nitcf_0] interact Loc { x: 2742, z: 3446, level: 0, action: "Pick", id: Some(2646) }
[host] slot live5nitcf_0: d_loop_us=1160 d_raster_us=0 d_observe_us=121121 max_observe_us=35410 d_paints=0 d_skips=50 d_ticks=2 window_ms=1205
[host] hitch live5nitcf_0: observe_us=25966 paints=0 skips=2063 ticks=96
[host] hitch live5nitcf_0: observe_us=21988 paints=0 skips=2088 ticks=97
[host] slot live5nitcf_0: d_loop_us=1214 d_raster_us=0 d_observe_us=130959 max_observe_us=25966 d_paints=0 d_skips=50 d_ticks=2 window_ms=1160
[host] hitch live5nitcf_0: observe_us=35753 paints=0 skips=2115 ticks=98
[script live5nitcf_0] interact Loc { x: 2741, z: 3447, level: 0, action: "Pick", id: Some(2646) }
[host] hitch live5nitcf_0: observe_us=32923 paints=0 skips=2140 ticks=99
[host] slot live5nitcf_0: d_loop_us=1895 d_raster_us=0 d_observe_us=183641 max_observe_us=35753 d_paints=0 d_skips=50 d_ticks=2 window_ms=1167
[host] hitch live5nitcf_0: observe_us=33442 paints=0 skips=2165 ticks=100
[host] slot live5nitcf_0: d_loop_us=1590 d_raster_us=0 d_observe_us=137585 max_observe_us=33442 d_paints=0 d_skips=50 d_ticks=2 window_ms=1195
[host] hitch live5nitcf_0: observe_us=31404 paints=0 skips=2216 ticks=102
[script live5nitcf_0] interact Loc { x: 2740, z: 3448, level: 0, action: "Pick", id: Some(2646) }
[host] hitch live5nitcf_0: observe_us=33755 paints=0 skips=2241 ticks=103
[host] slot live5nitcf_0: d_loop_us=2286 d_raster_us=0 d_observe_us=156533 max_observe_us=33755 d_paints=0 d_skips=50 d_ticks=2 window_ms=1190
[host] hitch live5nitcf_0: observe_us=21047 paints=0 skips=2266 ticks=104
[host] hitch live5nitcf_0: observe_us=32354 paints=0 skips=2292 ticks=105
[host] slot live5nitcf_0: d_loop_us=1796 d_raster_us=0 d_observe_us=160112 max_observe_us=32354 d_paints=0 d_skips=50 d_ticks=2 window_ms=1191
[host] hitch live5nitcf_0: observe_us=34204 paints=0 skips=2317 ticks=106
[script live5nitcf_0] interact WalkTo { x: 2721, z: 3493, level: 0 }
[host] hitch live5nitcf_0: observe_us=32876 paints=0 skips=2342 ticks=107
[host] slot live5nitcf_0: d_loop_us=1717 d_raster_us=0 d_observe_us=167759 max_observe_us=34204 d_paints=0 d_skips=50 d_ticks=2 window_ms=1194
[host] hitch live5nitcf_0: observe_us=32561 paints=0 skips=2367 ticks=108
[host] hitch live5nitcf_0: observe_us=33509 paints=0 skips=2392 ticks=109
[host] slot live5nitcf_0: d_loop_us=1966 d_raster_us=0 d_observe_us=175974 max_observe_us=33509 d_paints=0 d_skips=50 d_ticks=2 window_ms=1197
[host] hitch live5nitcf_0: observe_us=33494 paints=0 skips=2417 ticks=110
[script live5nitcf_0] interact WalkTo { x: 2721, z: 3493, level: 0 }
[host] hitch live5nitcf_0: observe_us=34300 paints=0 skips=2443 ticks=111
[host] slot live5nitcf_0: d_loop_us=1651 d_raster_us=0 d_observe_us=170838 max_observe_us=34300 d_paints=0 d_skips=50 d_ticks=2 window_ms=1176
[host] hitch live5nitcf_0: observe_us=31480 paints=0 skips=2468 ticks=112
[host] hitch live5nitcf_0: observe_us=34757 paints=0 skips=2493 ticks=113
[script live5nitcf_0] interact WalkTo { x: 2721, z: 3493, level: 0 }
[host] slot live5nitcf_0: d_loop_us=1553 d_raster_us=0 d_observe_us=164477 max_observe_us=34757 d_paints=0 d_skips=50 d_ticks=2 window_ms=1195
[host] hitch live5nitcf_0: observe_us=32420 paints=0 skips=2518 ticks=114
[host] hitch live5nitcf_0: observe_us=33230 paints=0 skips=2543 ticks=115
[host] slot live5nitcf_0: d_loop_us=1523 d_raster_us=0 d_observe_us=156899 max_observe_us=33230 d_paints=0 d_skips=50 d_ticks=2 window_ms=1196
[host] hitch live5nitcf_0: observe_us=27369 paints=0 skips=2568 ticks=116
[host] hitch live5nitcf_0: observe_us=34181 paints=0 skips=2594 ticks=117
[script live5nitcf_0] interact WalkTo { x: 2721, z: 3493, level: 0 }
[host] slot live5nitcf_0: d_loop_us=1989 d_raster_us=0 d_observe_us=170349 max_observe_us=34181 d_paints=0 d_skips=50 d_ticks=2 window_ms=1175
[host] hitch live5nitcf_0: observe_us=32566 paints=0 skips=2619 ticks=118
[host] hitch live5nitcf_0: observe_us=29171 paints=0 skips=2644 ticks=119
[host] slot live5nitcf_0: d_loop_us=1894 d_raster_us=0 d_observe_us=152514 max_observe_us=32566 d_paints=0 d_skips=50 d_ticks=2 window_ms=1190
[host] hitch live5nitcf_0: observe_us=34728 paints=0 skips=2669 ticks=120
[host] hitch live5nitcf_0: observe_us=35891 paints=0 skips=2694 ticks=121
[script live5nitcf_0] interact WalkTo { x: 2721, z: 3493, level: 0 }
[host] slot live5nitcf_0: d_loop_us=1821 d_raster_us=0 d_observe_us=173883 max_observe_us=35891 d_paints=0 d_skips=50 d_ticks=2 window_ms=1200
[host] hitch live5nitcf_0: observe_us=35040 paints=0 skips=2720 ticks=122
[host] hitch live5nitcf_0: observe_us=33464 paints=0 skips=2744 ticks=123
[host] slot live5nitcf_0: d_loop_us=1691 d_raster_us=0 d_observe_us=168527 max_observe_us=35040 d_paints=0 d_skips=50 d_ticks=2 window_ms=1200
[host] hitch live5nitcf_0: observe_us=33362 paints=0 skips=2770 ticks=124
[script live5nitcf_0] interact WalkTo { x: 2721, z: 3493, level: 0 }
[host] hitch live5nitcf_0: observe_us=34084 paints=0 skips=2795 ticks=125
[host] slot live5nitcf_0: d_loop_us=1794 d_raster_us=0 d_observe_us=178198 max_observe_us=34084 d_paints=0 d_skips=50 d_ticks=2 window_ms=1191
[host] hitch live5nitcf_0: observe_us=35314 paints=0 skips=2820 ticks=126
[host] hitch live5nitcf_0: observe_us=32951 paints=0 skips=2845 ticks=127
[host] slot live5nitcf_0: d_loop_us=1909 d_raster_us=0 d_observe_us=163508 max_observe_us=35314 d_paints=0 d_skips=50 d_ticks=2 window_ms=1191
[host] slot live5nitcf_0: d_loop_us=14125 d_raster_us=0 d_observe_us=137335 max_observe_us=11263 d_paints=0 d_skips=50 d_ticks=2 window_ms=1059
[host] hitch live5nitcf_0: observe_us=36168 paints=0 skips=2900 ticks=129
[script live5nitcf_0] interact WalkTo { x: 2721, z: 3493, level: 0 }
[host] hitch live5nitcf_0: observe_us=34792 paints=0 skips=2926 ticks=130
[host] slot live5nitcf_0: d_loop_us=2111 d_raster_us=0 d_observe_us=167736 max_observe_us=36168 d_paints=0 d_skips=50 d_ticks=1 window_ms=1201
[host] hitch live5nitcf_0: observe_us=34704 paints=0 skips=2951 ticks=131
[host] hitch live5nitcf_0: observe_us=35745 paints=0 skips=2976 ticks=132
[script live5nitcf_0] interact WalkTo { x: 2721, z: 3493, level: 0 }
[host] slot live5nitcf_0: d_loop_us=2004 d_raster_us=0 d_observe_us=175674 max_observe_us=35745 d_paints=0 d_skips=50 d_ticks=2 window_ms=1193
[host] hitch live5nitcf_0: observe_us=33868 paints=0 skips=3001 ticks=133
[host] hitch live5nitcf_0: observe_us=21914 paints=0 skips=3025 ticks=134
[host] slot live5nitcf_0: d_loop_us=2252 d_raster_us=0 d_observe_us=148824 max_observe_us=33868 d_paints=0 d_skips=50 d_ticks=2 window_ms=1194
[host] hitch live5nitcf_0: observe_us=32276 paints=0 skips=3051 ticks=135
[script live5nitcf_0] interact OpenBooth { x: 2721, z: 3494, level: 0, id: 2213, name: Some("Bank booth"), action: Some("Use-quickly") }
[host] hitch live5nitcf_0: observe_us=22883 paints=0 skips=3076 ticks=136
[host] slot live5nitcf_0: d_loop_us=2095 d_raster_us=0 d_observe_us=163977 max_observe_us=32276 d_paints=0 d_skips=50 d_ticks=2 window_ms=1192
[host] hitch live5nitcf_0: observe_us=20984 paints=0 skips=3101 ticks=137
[host] hitch live5nitcf_0: observe_us=24300 paints=0 skips=3127 ticks=138
[host] slot live5nitcf_0: d_loop_us=2708 d_raster_us=0 d_observe_us=176695 max_observe_us=24300 d_paints=0 d_skips=50 d_ticks=2 window_ms=1168
[host] hitch live5nitcf_0: observe_us=18426 paints=0 skips=3153 ticks=139
[host] hitch live5nitcf_0: observe_us=20318 paints=0 skips=3178 ticks=140
[host] slot live5nitcf_0: d_loop_us=2702 d_raster_us=0 d_observe_us=177012 max_observe_us=20318 d_paints=0 d_skips=50 d_ticks=2 window_ms=1163
[host] slot live5nitcf_0: d_loop_us=1230 d_raster_us=0 d_observe_us=104867 max_observe_us=14728 d_paints=0 d_skips=50 d_ticks=2 window_ms=1166
[script live5nitcf_0] interact WalkTo { x: 2741, z: 3444, level: 0 }
[host] hitch live5nitcf_0: observe_us=19005 paints=0 skips=3281 ticks=144
[host] slot live5nitcf_0: d_loop_us=1504 d_raster_us=0 d_observe_us=128845 max_observe_us=19005 d_paints=0 d_skips=50 d_ticks=2 window_ms=1162
[host] hitch live5nitcf_0: observe_us=21843 paints=0 skips=3307 ticks=145
[host] hitch live5nitcf_0: observe_us=32195 paints=0 skips=3333 ticks=146
[script live5nitcf_0] interact WalkTo { x: 2741, z: 3444, level: 0 }
[host] slot live5nitcf_0: d_loop_us=1497 d_raster_us=0 d_observe_us=127230 max_observe_us=32195 d_paints=0 d_skips=50 d_ticks=2 window_ms=1174
[host] hitch live5nitcf_0: observe_us=21286 paints=0 skips=3358 ticks=147
[host] hitch live5nitcf_0: observe_us=33630 paints=0 skips=3385 ticks=148
[host] slot live5nitcf_0: d_loop_us=2016 d_raster_us=0 d_observe_us=143956 max_observe_us=33630 d_paints=0 d_skips=50 d_ticks=2 window_ms=1161
[host] hitch live5nitcf_0: observe_us=34339 paints=0 skips=3411 ticks=149
[script live5nitcf_0] interact WalkTo { x: 2741, z: 3444, level: 0 }
[host] hitch live5nitcf_0: observe_us=34266 paints=0 skips=3436 ticks=150
[host] slot live5nitcf_0: d_loop_us=2056 d_raster_us=0 d_observe_us=159058 max_observe_us=34339 d_paints=0 d_skips=50 d_ticks=2 window_ms=1182
[host] hitch live5nitcf_0: observe_us=36139 paints=0 skips=3461 ticks=151
[host] hitch live5nitcf_0: observe_us=32367 paints=0 skips=3485 ticks=152
[host] slot live5nitcf_0: d_loop_us=1647 d_raster_us=0 d_observe_us=148877 max_observe_us=36139 d_paints=0 d_skips=50 d_ticks=2 window_ms=1216
[host] hitch live5nitcf_0: observe_us=34660 paints=0 skips=3510 ticks=153
[script live5nitcf_0] interact WalkTo { x: 2741, z: 3444, level: 0 }
[host] hitch live5nitcf_0: observe_us=33413 paints=0 skips=3535 ticks=154
[host] slot live5nitcf_0: d_loop_us=1869 d_raster_us=0 d_observe_us=169490 max_observe_us=34660 d_paints=0 d_skips=50 d_ticks=2 window_ms=1193
[host] hitch live5nitcf_0: observe_us=32796 paints=0 skips=3561 ticks=155
[host] hitch live5nitcf_0: observe_us=26694 paints=0 skips=3586 ticks=156
[host] slot live5nitcf_0: d_loop_us=1832 d_raster_us=0 d_observe_us=168832 max_observe_us=32796 d_paints=0 d_skips=50 d_ticks=2 window_ms=1183
[host] hitch live5nitcf_0: observe_us=20616 paints=0 skips=3610 ticks=157
[script live5nitcf_0] interact WalkTo { x: 2741, z: 3444, level: 0 }
[host] hitch live5nitcf_0: observe_us=35189 paints=0 skips=3637 ticks=158
[host] slot live5nitcf_0: d_loop_us=1332 d_raster_us=0 d_observe_us=138622 max_observe_us=35189 d_paints=0 d_skips=50 d_ticks=2 window_ms=1182
[host] hitch live5nitcf_0: observe_us=32998 paints=0 skips=3662 ticks=159
[host] hitch live5nitcf_0: observe_us=34205 paints=0 skips=3687 ticks=160
[script live5nitcf_0] interact WalkTo { x: 2741, z: 3444, level: 0 }
[host] slot live5nitcf_0: d_loop_us=1866 d_raster_us=0 d_observe_us=169231 max_observe_us=34205 d_paints=0 d_skips=50 d_ticks=2 window_ms=1187
[host] hitch live5nitcf_0: observe_us=33056 paints=0 skips=3713 ticks=161
[host] hitch live5nitcf_0: observe_us=33304 paints=0 skips=3737 ticks=162
[host] slot live5nitcf_0: d_loop_us=1563 d_raster_us=0 d_observe_us=155357 max_observe_us=33304 d_paints=0 d_skips=50 d_ticks=2 window_ms=1207
[host] hitch live5nitcf_0: observe_us=37602 paints=0 skips=3762 ticks=163
[script live5nitcf_0] interact WalkTo { x: 2741, z: 3444, level: 0 }
[host] hitch live5nitcf_0: observe_us=35226 paints=0 skips=3787 ticks=164
[host] slot live5nitcf_0: d_loop_us=1678 d_raster_us=0 d_observe_us=186626 max_observe_us=37602 d_paints=0 d_skips=50 d_ticks=2 window_ms=1201
[host] hitch live5nitcf_0: observe_us=33483 paints=0 skips=3811 ticks=165
[host] hitch live5nitcf_0: observe_us=32263 paints=0 skips=3837 ticks=166
[host] slot live5nitcf_0: d_loop_us=1521 d_raster_us=0 d_observe_us=151716 max_observe_us=33483 d_paints=0 d_skips=50 d_ticks=2 window_ms=1188
[host] hitch live5nitcf_0: observe_us=32799 paints=0 skips=3894 ticks=168
[script live5nitcf_0] interact WalkTo { x: 2741, z: 3444, level: 0 }
[host] slot live5nitcf_0: d_loop_us=11471 d_raster_us=0 d_observe_us=165320 max_observe_us=32799 d_paints=0 d_skips=50 d_ticks=2 window_ms=1043
[host] hitch live5nitcf_0: observe_us=17949 paints=0 skips=3918 ticks=169
[host] hitch live5nitcf_0: observe_us=32954 paints=0 skips=3944 ticks=170
[host] slot live5nitcf_0: d_loop_us=835 d_raster_us=0 d_observe_us=113305 max_observe_us=32954 d_paints=0 d_skips=50 d_ticks=2 window_ms=1203
[host] hitch live5nitcf_0: observe_us=32888 paints=0 skips=3969 ticks=171
[script live5nitcf_0] interact Loc { x: 2739, z: 3442, level: 0, action: "Pick", id: Some(2646) }
[host] hitch live5nitcf_0: observe_us=21376 paints=0 skips=3993 ticks=172
[host] slot live5nitcf_0: d_loop_us=1521 d_raster_us=0 d_observe_us=155135 max_observe_us=32888 d_paints=0 d_skips=50 d_ticks=2 window_ms=1180
[host] hitch live5nitcf_0: observe_us=22274 paints=0 skips=4019 ticks=173
[host] hitch live5nitcf_0: observe_us=34960 paints=0 skips=4046 ticks=174
PASS: catalog_boundary_live: {"scenario":"flax_aio_pick","runner":"Some(Evidence { scenario: \"flax_aio_pick\", outcome: \"PASS\", predicate: \"has_item_id(1779)>=1\", ticks: 242, elapsed_ms: 116219, message: None, tile: Some([2739, 3443, 0]), inv: [InvRow { id: 1779, name: Some(\"Flax\"), count: 1 }], stat: Some(StatRow { runenergy: 58 }), chat: [ChatRow { text: \"You pick some flax.\", username: None }, ChatRow { text: \"You pick some flax.\", username: None }, ChatRow { text: \"You pick some flax.\", username: None }, ChatRow { text: \"You pick some flax.\", username: None }, ChatRow { text: \"You pick some flax.\", username: None }, ChatRow { text: \"You pick some flax.\", username: None }, ChatRow { text: \"You pick some flax.\", username: None }, ChatRow { text: \"You pick some flax.\", username: None }, ChatRow { text: \"You pick some flax.\", username: None }, ChatRow { text: \"You pick some flax.\", username: None }, ChatRow { text: \"You pick some flax.\", username: None }, ChatRow { text: \"You pick some flax.\", username: None }, ChatRow { text: \"You pick some flax.\", username: None }, ChatRow { text: \"You pick some flax.\", username: None }, ChatRow { text: \"You pick some flax.\", username: None }, ChatRow { text: \"You pick some flax.\", username: None }, ChatRow { text: \"You pick some flax.\", username: None }, ChatRow { text: \"You pick some flax.\", username: None }, ChatRow { text: \"You pick some flax.\", username: None }, ChatRow { text: \"You pick some flax.\", username: None }, ChatRow { text: \"You pick some flax.\", username: None }, ChatRow { text: \"You pick some flax.\", username: None }, ChatRow { text: \"You pick some flax.\", username: None }, ChatRow { text: \"You pick some flax.\", username: None }, ChatRow { text: \"You pick some flax.\", username: None }, ChatRow { text: \"You pick some flax.\", username: None }, ChatRow { text: \"You pick some flax.\", username: None }, ChatRow { text: \"You pick some flax.\", username: None }, ChatRow { text: \"You pick some flax.\", username: None }, ChatRow { text: \"Inventory wiped.\", username: None }, ChatRow { text: \"set tutorial: to 1000\", username: None }, ChatRow { text: \"Welcome to RuneScape.\", username: None }], scene: 2 })","core":{"case":"flax_aio_pick","baseline":{"ingame":true,"scene_state":2,"player":"Live5nitcf 0","tile":[2741,3444,0],"combat_level":3,"tick":17,"items":{},"item_ids":{},"bank":{},"bank_ids":{},"bank_open":false,"bank_loaded":false,"bank_generation":0,"levels":{"-unused-":0,"agility":1,"attack":1,"cooking":1,"crafting":1,"defence":1,"firemaking":1,"fishing":1,"fletching":1,"herblore":1,"hitpoints":10,"magic":1,"mining":1,"prayer":1,"ranged":1,"runecraft":1,"slayer":1,"smithing":1,"strength":1,"thieving":1,"woodcutting":1},"effective_levels":{"-unused-":0,"agility":1,"attack":1,"cooking":1,"crafting":1,"defence":1,"firemaking":1,"fishing":1,"fletching":1,"herblore":1,"hitpoints":10,"magic":1,"mining":1,"prayer":1,"ranged":1,"runecraft":1,"slayer":1,"smithing":1,"strength":1,"thieving":1,"woodcutting":1},"xp":{"-unused-":0,"agility":0,"attack":0,"cooking":0,"crafting":0,"defence":0,"firemaking":0,"fishing":0,"fletching":0,"herblore":0,"hitpoints":1154,"magic":0,"mining":0,"prayer":0,"ranged":0,"runecraft":0,"slayer":0,"smithing":0,"strength":0,"thieving":0,"woodcutting":0},"varps":{"108":0,"309":0},"chat":[[7,"Inventory wiped."],[6,"set tutorial: to 1000"],[5,"Welcome to RuneScape."]],"loc_facts":[],"npc_facts":[],"ground_loot":[],"local_in_combat":false,"local_target_npc":null,"local_health":0,"local_animation":-1,"equipment_ids":{},"main_modal":-1,"widget_ids":[3213,3214]},"latest":{"ingame":true,"scene_state":2,"player":"Live5nitcf 0","tile":[2739,3443,0],"combat_level":3,"tick":174,"items":{"Flax":1},"item_ids":{"1779":1},"bank":{},"bank_ids":{},"bank_open":false,"bank_loaded":false,"bank_generation":2,"levels":{"-unused-":0,"agility":1,"attack":1,"cooking":1,"crafting":1,"defence":1,"firemaking":1,"fishing":1,"fletching":1,"herblore":1,"hitpoints":10,"magic":1,"mining":1,"prayer":1,"ranged":1,"runecraft":1,"slayer":1,"smithing":1,"strength":1,"thieving":1,"woodcutting":1},"effective_levels":{"-unused-":0,"agility":1,"attack":1,"cooking":1,"crafting":1,"defence":1,"firemaking":1,"fishing":1,"fletching":1,"herblore":1,"hitpoints":10,"magic":1,"mining":1,"prayer":1,"ranged":1,"runecraft":1,"slayer":1,"smithing":1,"strength":1,"thieving":1,"woodcutting":1},"xp":{"-unused-":0,"agility":0,"attack":0,"cooking":0,"crafting":0,"defence":0,"firemaking":0,"fishing":0,"fletching":0,"herblore":0,"hitpoints":1154,"magic":0,"mining":0,"prayer":0,"ranged":0,"runecraft":0,"slayer":0,"smithing":0,"strength":0,"thieving":0,"woodcutting":0},"varps":{"108":0,"309":0},"chat":[[36,"You pick some flax."],[35,"You pick some flax."],[34,"You pick some flax."],[33,"You pick some flax."],[32,"You pick some flax."],[31,"You pick some flax."],[30,"You pick some flax."],[29,"You pick some flax."],[28,"You pick some flax."],[27,"You pick some flax."],[26,"You pick some flax."],[25,"You pick some flax."],[24,"You pick some flax."],[23,"You pick some flax."],[22,"You pick some flax."],[21,"You pick some flax."],[20,"You pick some flax."],[19,"You pick some flax."],[18,"You pick some flax."],[17,"You pick some flax."],[16,"You pick some flax."],[15,"You pick some flax."],[14,"You pick some flax."],[13,"You pick some flax."],[12,"You pick some flax."],[11,"You pick some flax."],[10,"You pick some flax."],[9,"You pick some flax."],[8,"You pick some flax."],[7,"Inventory wiped."],[6,"set tutorial: to 1000"],[5,"Welcome to RuneScape."]],"loc_facts":[],"npc_facts":[],"ground_loot":[],"local_in_combat":false,"local_target_npc":null,"local_health":0,"local_animation":827,"equipment_ids":{},"main_modal":-1,"widget_ids":[3213,3214]},"max_items":{"Flax":28},"max_xp":{"-unused-":0,"agility":0,"attack":0,"cooking":0,"crafting":0,"defence":0,"firemaking":0,"fishing":0,"fletching":0,"herblore":0,"hitpoints":1154,"magic":0,"mining":0,"prayer":0,"ranged":0,"runecraft":0,"slayer":0,"smithing":0,"strength":0,"thieving":0,"woodcutting":0},"saw_bury_chat":false,"post_start_observations":3948,"bone_bank_cycle":{"first_batch_buried":false,"opened":null,"withdrawn":null,"buried_after_withdrawal":false},"bank_fletcher_cycle":{"first_pack_created":false,"deposited":null,"withdrawn":null,"crafted_after_withdrawal":false},"bank_fletcher_option_cycle":{"first":null,"deposited":null,"restocked":null,"further":false},"bank_fletcher_string_cycle":{"initial_pairs_strung":false,"deposited":null,"withdrawn":null,"strung_after_withdrawal":false},"bank_fletcher_cut_string_cycle":{"cut_pair_created":false,"deposited":null,"withdrawn":null,"string_pair_created":false},"alcher_defaults_cycle":{"withdrawn":null,"consumed":false},"alcher_generated_custom_cycle":{"withdrawn":null,"consumed":false},"dart_fletcher_cycle":{"first":null,"further":false,"wrong_tier":false},"herb_cleaner_cycle":{"first_pack":false,"deposited":null,"withdrawn":null,"cleaned_after_withdrawal":false,"filter_violated":false},"gem_cutter_cycle":{"first_pack":false,"deposited":null,"withdrawn":null,"cut_after_withdrawal":false,"filter_violated":false},"door_opener_cycle":{"selected":null,"opened":false},"gnome_course_cycle":{"log":null,"ground_return":null,"pipe":null,"second_lap":false},"wildy_agility_cycle":{"ridge":null,"pipe":null,"rope":null,"stone":null,"log":null,"rocks":null,"further_pipe":false},"brimhaven_agility_cycle":{"paid":false,"entered":null,"moved":null,"first_tag":false,"ticket":null,"subsequent_work":false},"flax_picker_cycle":{"first_pack":false,"deposited":null,"returned":false,"further":false},"superheater_cycle":{"first_bars":false,"deposited":null,"withdrawn":null,"produced_after_withdrawal":false,"wrong_product":false,"wrong_staff":false},"chicken_killer_bank_cycle":{"combat_loot":false,"deposited":null,"returned":false,"further":false},"vial_filler_cycle":{"filled":null,"deposited":null,"withdrawn":null,"returned":false,"further":false},"potion_maker_cycle":{"unfinished":null,"finished":null,"deposited":null,"withdrawn":null,"further":false,"wrong_product":false,"filter_violated":false},"tanner_bot_cycle":{"widget":null,"tanned":null,"deposited":null,"withdrawn":null,"returned":false,"further":false,"wrong_product":false,"shop":false},"rune_crafter_cycle":{"withdrawn":null,"entered":null,"crafted":null,"exited":null,"deposited":null,"restocked":null,"returned":false,"further":false,"wrong_product":false,"noted":false},"ardy_cakes_cycle":{"stolen":null,"deposited":null,"returned":false,"further":false,"wrong_product":false,"noted":false},"ardy_thiever_cycle":{"pickpocketed":null,"deposited":null,"returned":false,"further":false},"gnome_chop_cycle":{"chopped":null,"deposited":null,"returned":false,"further":false,"wrong_product":false,"noted":false},"gnome_fletch_cycle":{"chopped":null,"fletched":null,"deposited":null,"returned":false,"further":false,"wrong_product":false,"noted":false},"coal_trucks_cycle":{"mined":null,"trucked":null,"further":false,"noted":false,"banked":false,"fixture_changed":false},"station_production_cycle":{"withdrawn":null,"produced":null,"deposited":null,"restocked":null,"returned":false,"further":false,"wrong_product":false,"noted":false},"flax_aio_cycle":{"picked":null,"produced":null,"deposited":null,"returned":false,"further":false,"wrong_product":false,"noted":false},"flax_aio_pick_cycle":{"first_pack":true,"deposited":{"ingame":true,"scene_state":2,"player":"Live5nitcf 0","tile":[2721,3493,0],"combat_level":3,"tick":138,"items":{},"item_ids":{},"bank":{"Flax":28},"bank_ids":{"1779":28},"bank_open":true,"bank_loaded":true,"bank_generation":1,"levels":{"-unused-":0,"agility":1,"attack":1,"cooking":1,"crafting":1,"defence":1,"firemaking":1,"fishing":1,"fletching":1,"herblore":1,"hitpoints":10,"magic":1,"mining":1,"prayer":1,"ranged":1,"runecraft":1,"slayer":1,"smithing":1,"strength":1,"thieving":1,"woodcutting":1},"effective_levels":{"-unused-":0,"agility":1,"attack":1,"cooking":1,"crafting":1,"defence":1,"firemaking":1,"fishing":1,"fletching":1,"herblore":1,"hitpoints":10,"magic":1,"mining":1,"prayer":1,"ranged":1,"runecraft":1,"slayer":1,"smithing":1,"strength":1,"thieving":1,"woodcutting":1},"xp":{"-unused-":0,"agility":0,"attack":0,"cooking":0,"crafting":0,"defence":0,"firemaking":0,"fishing":0,"fletching":0,"herblore":0,"hitpoints":1154,"magic":0,"mining":0,"prayer":0,"ranged":0,"runecraft":0,"slayer":0,"smithing":0,"strength":0,"thieving":0,"woodcutting":0},"varps":{"108":0,"309":0},"chat":[[35,"You pick some flax."],[34,"You pick some flax."],[33,"You pick some flax."],[32,"You pick some flax."],[31,"You pick some flax."],[30,"You pick some flax."],[29,"You pick some flax."],[28,"You pick some flax."],[27,"You pick some flax."],[26,"You pick some flax."],[25,"You pick some flax."],[24,"You pick some flax."],[23,"You pick some flax."],[22,"You pick some flax."],[21,"You pick some flax."],[20,"You pick some flax."],[19,"You pick some flax."],[18,"You pick some flax."],[17,"You pick some flax."],[16,"You pick some flax."],[15,"You pick some flax."],[14,"You pick some flax."],[13,"You pick some flax."],[12,"You pick some flax."],[11,"You pick some flax."],[10,"You pick some flax."],[9,"You pick some flax."],[8,"You pick some flax."],[7,"Inventory wiped."],[6,"set tutorial: to 1000"],[5,"Welcome to RuneScape."]],"loc_facts":[],"npc_facts":[],"ground_loot":[],"local_in_combat":false,"local_target_npc":null,"local_health":0,"local_animation":-1,"equipment_ids":{},"main_modal":5292,"widget_ids":[2005,2006,5292,5293,5294,5295,5296,5297,5298,5299,5300,5301,5302,5303,5304,5305,5306,5307,5308,5309,5310,5311,5312,5313,5314,5315,5316,5317,5318,5319,5320,5321,5322,5323,5324,5325,5326,5327,5328,5329,5330,5331,5332,5333,5334,5335,5336,5337,5338,5339,5340,5341,5342,5343,5344,5345,5346,5347,5348,5349,5350,5351,5352,5353,5354,5355,5356,5357,5358,5359,5360,5361,5362,5363,5364,5365,5366,5367,5368,5369,5370,5371,5372,5373,5374,5375,5376,5377,5378,5379,5380,5381,5382,5383,5384,5385,5386,5387,5388,5389,5390,5391,8130,8131,8132,8133]},"returned":true,"further":true,"wrong_product":false,"noted":false},"herblore_eggs_cycle":{"taken":false,"deposited":null,"returned":false,"further":false,"wrong_product":false,"noted":false},"herblore_newt_cycle":{"bought":false,"deposited":null,"returned":false,"further":false,"coins_spent":false,"coins_peak":0,"wrong_product":false,"noted":false},"combat_core_cycle":{"engagements":0,"defeats":0,"further_work":false,"style_xp":false,"autocast_armed":false,"mind_rune_consumed":false,"air_runes_consumed":false,"looted":false,"noted":false,"activated":false,"shield_worn":false,"stolen_food":false,"wrong_item":false,"dormant_indexes":[],"dormant_tiles":{},"last":{},"currently_engaged":[],"previous_ground":[],"facts":[]},"ordered_first_exhausted":false}}
test catalog_boundary_live ... ok

test result: ok. 1 passed; 0 failed; 0 ignored; 0 measured; 49 filtered out; finished in 119.30s

