
running 1 test
{"phase":"identity","revision":274,"profile":"local-274 · 127.0.0.1:43594 · revision 274","cache_id":"4aac9b63312dcb75d5de8f686772d083ba0808c57985438246edf21ef522be1c","nav_pack":"/Users/acfrazier/experiments/274bot/.worktrees/rs2b0t-multirevision/.superpowers/world-capabilities/274/274bot.navpack","nav_sha256":"05db24743e9f549ced16c1f00b87c30a390d3aaec391815da3f3563130b3bcd4","catalog_commit":"100adccc037d9f6898080e1cad58fcfc43364775","catalog_identity":"pre-289 frozen catalog","catalog_read_only_path":".superpowers/inputs/rs2b0t-100adccc037d9f6898080e1cad58fcfc43364775","catalog_root":"/Users/acfrazier/experiments/274bot/.worktrees/rs2b0t-multirevision/.superpowers/inputs/rs2b0t-100adccc037d9f6898080e1cad58fcfc43364775","registry_path":"/Users/acfrazier/experiments/274bot/.worktrees/rs2b0t-multirevision/.superpowers/inputs/rs2b0t-100adccc037d9f6898080e1cad58fcfc43364775/src/bot/scripts/index.ts","registry_sha256":"b614aedb3d5adfdfbac3760f082273f3cf5c33fffe4ced0f2b01490ae02d1bc2","card":{"card":"Alcher","source_path":"/Users/acfrazier/experiments/274bot/.worktrees/rs2b0t-multirevision/.superpowers/inputs/rs2b0t-100adccc037d9f6898080e1cad58fcfc43364775/src/bot/scripts/Alcher/Alcher.ts","source_sha256":"1a09baa1117544a2bb80da145829e69c9ced029ad5af533616afa8e7a36f2032","compiled_sha256":"b135fe3d8a67fa4856830370523147832ce791f08c2e08290c2cf7cf82afab1e","siblings":[{"module":"/rs2b0t/bot/scripts/bot/AlcherLogic.js","compiled_sha256":"d531c3378e4510631386b4406dccc335ca1535ff38212f26bf9212fe19d8b61c"}],"settings":{"customItem":"","alchs":27.0,"items":["rune_chainbody"]}},"account":"livev03j5l_0","engine_speed_ms":null}
[host-play] slot livev03j5l_0: thread up
274bot: loaded snapshot (4556 models, 336 anim records)
[host-play] slot livev03j5l_0: handshake begin reconnect=false
[host-play] slot livev03j5l_0: handshake ok
[host-play] slot livev03j5l_0: queued mainland tele+setvar (scene 2)
[host] slot livev03j5l_0: d_loop_us=9614 d_raster_us=0 d_observe_us=35032 max_observe_us=3414 d_paints=0 d_skips=50 d_ticks=5 window_ms=0
[host-play] slot livev03j5l_0: handshake begin reconnect=true
[host-play] slot livev03j5l_0: handshake ok
[host] slot livev03j5l_0: d_loop_us=820 d_raster_us=0 d_observe_us=39641 max_observe_us=3504 d_paints=0 d_skips=50 d_ticks=1 window_ms=0
[host-play] slot livev03j5l_0: queued mainland tele+setvar (scene 2)
test catalog_boundary_live has been running for over 60 seconds
{"phase":"baseline-after-preparation","scenario":"alcher","account":"livev03j5l_0","observation":{"ingame":true,"scene_state":2,"player":"Livev03j5l 0","tile":[3185,3440,0],"tick":19,"items":{},"bank":{},"bank_open":false,"bank_loaded":false,"bank_generation":0,"levels":{"-unused-":0,"agility":1,"attack":1,"cooking":1,"crafting":1,"defence":1,"firemaking":1,"fishing":1,"fletching":1,"herblore":1,"hitpoints":10,"magic":55,"mining":1,"prayer":1,"ranged":1,"runecraft":1,"slayer":1,"smithing":1,"strength":1,"thieving":1,"woodcutting":1},"xp":{"-unused-":0,"agility":0,"attack":0,"cooking":0,"crafting":0,"defence":0,"firemaking":0,"fishing":0,"fletching":0,"herblore":0,"hitpoints":1154,"magic":166636,"mining":0,"prayer":0,"ranged":0,"runecraft":0,"slayer":0,"smithing":0,"strength":0,"thieving":0,"woodcutting":0},"chat":[[6,"set tutorial: to 1000"],[5,"Welcome to RuneScape."]]}}
[script livev03j5l_0] start load
{"phase":"start","account":"livev03j5l_0","count":1}
[host] hitch livev03j5l_0: observe_us=80351 paints=0 skips=87 ticks=19
[script livev03j5l_0] Alcher — High Level Alchemy on 1 item(s), richest first: Rune chainbody
[script livev03j5l_0] banking at Bank booth (Bank booth / Use-quickly)
[script livev03j5l_0] interact OpenBooth { x: 3186, z: 3440, level: 0, id: 2213, name: Some("Bank booth"), action: Some("Use-quickly") }
[host] slot livev03j5l_0: d_loop_us=32948 d_raster_us=0 d_observe_us=196272 max_observe_us=80351 d_paints=0 d_skips=50 d_ticks=19 window_ms=11690
[host] hitch livev03j5l_0: observe_us=16367 paints=0 skips=111 ticks=21
[host] slot livev03j5l_0: d_loop_us=1171 d_raster_us=0 d_observe_us=82258 max_observe_us=16367 d_paints=0 d_skips=50 d_ticks=2 window_ms=1179
[script livev03j5l_0] interact Close
[shim-close] sent
[script livev03j5l_0] interact Held { name: "Staff of fire", action: "Wield" }
[shim-held] Staff of fire Wield slot=0 -> sent
[host] slot livev03j5l_0: d_loop_us=1352 d_raster_us=0 d_observe_us=89452 max_observe_us=14009 d_paints=0 d_skips=50 d_ticks=2 window_ms=1175
[script livev03j5l_0] wore Staff of fire — casts need only Nature runes now
[script livev03j5l_0] interact OpenBooth { x: 3186, z: 3440, level: 0, id: 2213, name: Some("Bank booth"), action: Some("Use-quickly") }
[host] slot livev03j5l_0: d_loop_us=1306 d_raster_us=0 d_observe_us=91595 max_observe_us=10473 d_paints=0 d_skips=50 d_ticks=2 window_ms=1191
[host] slot livev03j5l_0: d_loop_us=1238 d_raster_us=0 d_observe_us=84164 max_observe_us=13132 d_paints=0 d_skips=50 d_ticks=2 window_ms=1183
[script livev03j5l_0] interact SetNoteMode { on: true }
[shim-note] on=true sent
[host] slot livev03j5l_0: d_loop_us=1254 d_raster_us=0 d_observe_us=84376 max_observe_us=11005 d_paints=0 d_skips=50 d_ticks=2 window_ms=1187
[script livev03j5l_0] withdrew 27 Rune chainbody (noted, 30000gp each)
[host] slot livev03j5l_0: d_loop_us=1466 d_raster_us=0 d_observe_us=81731 max_observe_us=13662 d_paints=0 d_skips=50 d_ticks=2 window_ms=1202
[script livev03j5l_0] withdrew 27 Nature runes
[script livev03j5l_0] interact Close
[shim-close] sent
[host] slot livev03j5l_0: d_loop_us=1495 d_raster_us=0 d_observe_us=96508 max_observe_us=13388 d_paints=0 d_skips=50 d_ticks=2 window_ms=1184
[script livev03j5l_0] restocked: 27 Rune chainbody notes + 27 Nature runes
[script livev03j5l_0] interact SideTab { tab: 6 }
[host] slot livev03j5l_0: d_loop_us=1314 d_raster_us=0 d_observe_us=77681 max_observe_us=7006 d_paints=0 d_skips=50 d_ticks=2 window_ms=1186
[script livev03j5l_0] interact UseWidgetOn { component_id: 1178, kind: "held", target_name: Some("Rune chainbody"), x: 0, z: 0, level: 0, index: None }
PASS: catalog_boundary_live: {"scenario":"alcher","runner":"Some(Evidence { scenario: \"alcher\", outcome: \"PASS\", predicate: \"stat_xp_gain(6)>=1\", ticks: 45, elapsed_ms: 46075, message: None, tile: Some([3185, 3440, 0]), inv: [InvRow { id: 1114, name: Some(\"Rune chainbody\"), count: 26 }, InvRow { id: 561, name: Some(\"Nature rune\"), count: 26 }, InvRow { id: 995, name: Some(\"Coins\"), count: 30000 }], stat: Some(StatRow { runenergy: 100 }), chat: [ChatRow { text: \"This item can not be withdrawn as a note.\", username: None }, ChatRow { text: \"set tutorial: to 1000\", username: None }, ChatRow { text: \"Welcome to RuneScape.\", username: None }], scene: 2 })","core":{"case":"alcher","baseline":{"ingame":true,"scene_state":2,"player":"Livev03j5l 0","tile":[3185,3440,0],"tick":19,"items":{},"bank":{},"bank_open":false,"bank_loaded":false,"bank_generation":0,"levels":{"-unused-":0,"agility":1,"attack":1,"cooking":1,"crafting":1,"defence":1,"firemaking":1,"fishing":1,"fletching":1,"herblore":1,"hitpoints":10,"magic":55,"mining":1,"prayer":1,"ranged":1,"runecraft":1,"slayer":1,"smithing":1,"strength":1,"thieving":1,"woodcutting":1},"xp":{"-unused-":0,"agility":0,"attack":0,"cooking":0,"crafting":0,"defence":0,"firemaking":0,"fishing":0,"fletching":0,"herblore":0,"hitpoints":1154,"magic":166636,"mining":0,"prayer":0,"ranged":0,"runecraft":0,"slayer":0,"smithing":0,"strength":0,"thieving":0,"woodcutting":0},"chat":[[6,"set tutorial: to 1000"],[5,"Welcome to RuneScape."]]},"latest":{"ingame":true,"scene_state":2,"player":"Livev03j5l 0","tile":[3185,3440,0],"tick":38,"items":{"Coins":30000,"Nature rune":26,"Rune chainbody":26},"bank":{},"bank_open":false,"bank_loaded":false,"bank_generation":4,"levels":{"-unused-":0,"agility":1,"attack":1,"cooking":1,"crafting":1,"defence":1,"firemaking":1,"fishing":1,"fletching":1,"herblore":1,"hitpoints":10,"magic":55,"mining":1,"prayer":1,"ranged":1,"runecraft":1,"slayer":1,"smithing":1,"strength":1,"thieving":1,"woodcutting":1},"xp":{"-unused-":0,"agility":0,"attack":0,"cooking":0,"crafting":0,"defence":0,"firemaking":0,"fishing":0,"fletching":0,"herblore":0,"hitpoints":1154,"magic":166701,"mining":0,"prayer":0,"ranged":0,"runecraft":0,"slayer":0,"smithing":0,"strength":0,"thieving":0,"woodcutting":0},"chat":[[7,"This item can not be withdrawn as a note."],[6,"set tutorial: to 1000"],[5,"Welcome to RuneScape."]]},"max_items":{"Coins":30000,"Nature rune":27,"Rune chainbody":27,"Staff of fire":1},"max_xp":{"-unused-":0,"agility":0,"attack":0,"cooking":0,"crafting":0,"defence":0,"firemaking":0,"fishing":0,"fletching":0,"herblore":0,"hitpoints":1154,"magic":166701,"mining":0,"prayer":0,"ranged":0,"runecraft":0,"slayer":0,"smithing":0,"strength":0,"thieving":0,"woodcutting":0},"saw_bury_chat":false,"post_start_observations":453,"bone_bank_cycle":{"first_batch_buried":false,"opened":null,"withdrawn":null,"buried_after_withdrawal":false}}}
test catalog_boundary_live ... ok

test result: ok. 1 passed; 0 failed; 0 ignored; 0 measured; 8 filtered out; finished in 70.94s

