
running 1 test
{"phase":"identity","revision":274,"profile":"local-274 · 127.0.0.1:43594 · revision 274","cache_id":"4aac9b63312dcb75d5de8f686772d083ba0808c57985438246edf21ef522be1c","nav_pack":"/Users/acfrazier/experiments/274bot/.worktrees/rs2b0t-multirevision/.superpowers/world-capabilities/274/274bot.navpack","nav_sha256":"05db24743e9f549ced16c1f00b87c30a390d3aaec391815da3f3563130b3bcd4","catalog_commit":"100adccc037d9f6898080e1cad58fcfc43364775","catalog_identity":"pre-289 frozen catalog","catalog_read_only_path":".superpowers/inputs/rs2b0t-100adccc037d9f6898080e1cad58fcfc43364775","catalog_root":"/Users/acfrazier/experiments/274bot/.worktrees/rs2b0t-multirevision/.superpowers/inputs/rs2b0t-100adccc037d9f6898080e1cad58fcfc43364775","registry_path":"/Users/acfrazier/experiments/274bot/.worktrees/rs2b0t-multirevision/.superpowers/inputs/rs2b0t-100adccc037d9f6898080e1cad58fcfc43364775/src/bot/scripts/index.ts","registry_sha256":"b614aedb3d5adfdfbac3760f082273f3cf5c33fffe4ced0f2b01490ae02d1bc2","card":{"card":"CoalTrucks","source_path":"/Users/acfrazier/experiments/274bot/.worktrees/rs2b0t-multirevision/.superpowers/inputs/rs2b0t-100adccc037d9f6898080e1cad58fcfc43364775/src/bot/scripts/CoalTrucks/CoalTrucks.ts","source_sha256":"d20112f0bfb44612ae53e0c56009c6b3e50808375c2a54dc43ed2160e55fcf36","compiled_sha256":"5afde6b7f1c6afefa750afaa4364cdfdaf11565e6d30eb98d0760fe36a68b544","siblings":[{"module":"/rs2b0t/bot/scripts/bot/CoalTrucksLogic.js","compiled_sha256":"21b19686f3998aa50d78127c913168fea020475ed5e08752bc5b8e3bdfd1eb5c"}],"settings":{}},"account":"live0yhvsm_0","engine_speed_ms":null}
[host-play] slot live0yhvsm_0: thread up
274bot: loaded snapshot (4556 models, 336 anim records)
[host-play] slot live0yhvsm_0: handshake begin reconnect=false
[host-play] slot live0yhvsm_0: handshake ok
[host-play] slot live0yhvsm_0: queued mainland tele+setvar (scene 2)
[host] slot live0yhvsm_0: d_loop_us=7890 d_raster_us=0 d_observe_us=37480 max_observe_us=3780 d_paints=0 d_skips=50 d_ticks=5 window_ms=0
[host-play] slot live0yhvsm_0: handshake begin reconnect=true
[host-play] slot live0yhvsm_0: handshake ok
[host] slot live0yhvsm_0: d_loop_us=727 d_raster_us=0 d_observe_us=31948 max_observe_us=2926 d_paints=0 d_skips=50 d_ticks=1 window_ms=0
[host-play] slot live0yhvsm_0: queued mainland tele+setvar (scene 2)
{"phase":"baseline-after-preparation","scenario":"coal_trucks","account":"live0yhvsm_0","observation":{"ingame":true,"scene_state":2,"player":"Live0yhvsm 0","tile":[2582,3481,0],"combat_level":55,"tick":26,"items":{"Knife":26,"Steel pickaxe":1},"item_ids":{"946":26,"1269":1},"bank":{},"bank_ids":{},"bank_open":false,"bank_loaded":false,"bank_generation":0,"levels":{"-unused-":0,"agility":1,"attack":48,"cooking":1,"crafting":1,"defence":48,"firemaking":1,"fishing":1,"fletching":1,"herblore":1,"hitpoints":48,"magic":1,"mining":30,"prayer":1,"ranged":1,"runecraft":1,"slayer":1,"smithing":1,"strength":48,"thieving":1,"woodcutting":1},"effective_levels":{"-unused-":0,"agility":1,"attack":48,"cooking":1,"crafting":1,"defence":48,"firemaking":1,"fishing":1,"fletching":1,"herblore":1,"hitpoints":48,"magic":1,"mining":30,"prayer":1,"ranged":1,"runecraft":1,"slayer":1,"smithing":1,"strength":48,"thieving":1,"woodcutting":1},"xp":{"-unused-":0,"agility":0,"attack":83014,"cooking":0,"crafting":0,"defence":83014,"firemaking":0,"fishing":0,"fletching":0,"herblore":0,"hitpoints":83014,"magic":0,"mining":13363,"prayer":0,"ranged":0,"runecraft":0,"slayer":0,"smithing":0,"strength":83014,"thieving":0,"woodcutting":0},"varps":{"309":0},"chat":[[7,"Inventory wiped."],[6,"set tutorial: to 1000"],[5,"Welcome to RuneScape."]],"loc_facts":[],"npc_facts":[],"ground_loot":[],"local_in_combat":false,"local_target_npc":null,"local_health":0,"local_animation":-1,"equipment_ids":{},"main_modal":-1,"widget_ids":[3213,3214]}}
[script live0yhvsm_0] start load
{"phase":"start","account":"live0yhvsm_0","count":1}
[host] hitch live0yhvsm_0: observe_us=85062 paints=0 skips=99 ticks=26
[host] slot live0yhvsm_0: d_loop_us=19354 d_raster_us=0 d_observe_us=178548 max_observe_us=85062 d_paints=0 d_skips=50 d_ticks=26 window_ms=15628
[script live0yhvsm_0] CoalTrucks — mine (2582, 3481, 0), truck (2574, 3487, 0), Seers truck (2696, 3504, 0), bank (2725, 3491, 0)
[script live0yhvsm_0] no combat handling: the level-27 giant bats here are aggressive below 55 combat
[script live0yhvsm_0] interact Loc { x: 2582, z: 3479, level: 0, action: "Mine", id: Some(2096) }
[host] hitch live0yhvsm_0: observe_us=16028 paints=0 skips=124 ticks=28
[host] slot live0yhvsm_0: d_loop_us=1438 d_raster_us=0 d_observe_us=82073 max_observe_us=16028 d_paints=0 d_skips=50 d_ticks=2 window_ms=1125
[host] slot live0yhvsm_0: d_loop_us=1275 d_raster_us=0 d_observe_us=67568 max_observe_us=6897 d_paints=0 d_skips=50 d_ticks=1 window_ms=1138
[host] slot live0yhvsm_0: d_loop_us=1615 d_raster_us=0 d_observe_us=87397 max_observe_us=11976 d_paints=0 d_skips=50 d_ticks=2 window_ms=1157
[host] slot live0yhvsm_0: d_loop_us=1682 d_raster_us=0 d_observe_us=96049 max_observe_us=11805 d_paints=0 d_skips=50 d_ticks=2 window_ms=1166
[host] slot live0yhvsm_0: d_loop_us=1617 d_raster_us=0 d_observe_us=87409 max_observe_us=9610 d_paints=0 d_skips=50 d_ticks=2 window_ms=1157
[host] slot live0yhvsm_0: d_loop_us=1477 d_raster_us=0 d_observe_us=84469 max_observe_us=9633 d_paints=0 d_skips=50 d_ticks=2 window_ms=1178
[host] slot live0yhvsm_0: d_loop_us=1470 d_raster_us=0 d_observe_us=85627 max_observe_us=7944 d_paints=0 d_skips=50 d_ticks=2 window_ms=1179
[host] slot live0yhvsm_0: d_loop_us=1997 d_raster_us=0 d_observe_us=87836 max_observe_us=10984 d_paints=0 d_skips=50 d_ticks=2 window_ms=1167
[host] slot live0yhvsm_0: d_loop_us=1528 d_raster_us=0 d_observe_us=80859 max_observe_us=13459 d_paints=0 d_skips=50 d_ticks=2 window_ms=1186
[host] slot live0yhvsm_0: d_loop_us=2130 d_raster_us=0 d_observe_us=95994 max_observe_us=12073 d_paints=0 d_skips=50 d_ticks=2 window_ms=1176
[host] slot live0yhvsm_0: d_loop_us=3128 d_raster_us=0 d_observe_us=98851 max_observe_us=11444 d_paints=0 d_skips=50 d_ticks=2 window_ms=1177
[host] slot live0yhvsm_0: d_loop_us=1766 d_raster_us=0 d_observe_us=73552 max_observe_us=7863 d_paints=0 d_skips=50 d_ticks=2 window_ms=1189
[host] slot live0yhvsm_0: d_loop_us=1822 d_raster_us=0 d_observe_us=84527 max_observe_us=11350 d_paints=0 d_skips=50 d_ticks=2 window_ms=1193
[host] slot live0yhvsm_0: d_loop_us=2101 d_raster_us=0 d_observe_us=101331 max_observe_us=13881 d_paints=0 d_skips=50 d_ticks=2 window_ms=1149
[host] slot live0yhvsm_0: d_loop_us=1754 d_raster_us=0 d_observe_us=85048 max_observe_us=10783 d_paints=0 d_skips=50 d_ticks=2 window_ms=1183
[host] slot live0yhvsm_0: d_loop_us=1537 d_raster_us=0 d_observe_us=76790 max_observe_us=8183 d_paints=0 d_skips=50 d_ticks=2 window_ms=1187
[host] slot live0yhvsm_0: d_loop_us=1861 d_raster_us=0 d_observe_us=87704 max_observe_us=11002 d_paints=0 d_skips=50 d_ticks=2 window_ms=1197
[host] slot live0yhvsm_0: d_loop_us=1391 d_raster_us=0 d_observe_us=61231 max_observe_us=9967 d_paints=0 d_skips=50 d_ticks=2 window_ms=1183
[script live0yhvsm_0] interact Loc { x: 2582, z: 3479, level: 0, action: "Mine", id: Some(2096) }
[host] slot live0yhvsm_0: d_loop_us=1707 d_raster_us=0 d_observe_us=74727 max_observe_us=8616 d_paints=0 d_skips=50 d_ticks=2 window_ms=1178
[host] slot live0yhvsm_0: d_loop_us=1938 d_raster_us=0 d_observe_us=82263 max_observe_us=10769 d_paints=0 d_skips=50 d_ticks=2 window_ms=1186
[host] slot live0yhvsm_0: d_loop_us=1782 d_raster_us=0 d_observe_us=73751 max_observe_us=8552 d_paints=0 d_skips=50 d_ticks=2 window_ms=1178
[host] slot live0yhvsm_0: d_loop_us=2102 d_raster_us=0 d_observe_us=95139 max_observe_us=11522 d_paints=0 d_skips=50 d_ticks=2 window_ms=1170
[host] slot live0yhvsm_0: d_loop_us=2465 d_raster_us=0 d_observe_us=106778 max_observe_us=11524 d_paints=0 d_skips=50 d_ticks=2 window_ms=1171
[host] slot live0yhvsm_0: d_loop_us=1573 d_raster_us=0 d_observe_us=66758 max_observe_us=7781 d_paints=0 d_skips=50 d_ticks=2 window_ms=1188
test catalog_boundary_live has been running for over 60 seconds
[host] slot live0yhvsm_0: d_loop_us=2050 d_raster_us=0 d_observe_us=90983 max_observe_us=11293 d_paints=0 d_skips=50 d_ticks=2 window_ms=1204
[host] slot live0yhvsm_0: d_loop_us=2285 d_raster_us=0 d_observe_us=85401 max_observe_us=10099 d_paints=0 d_skips=50 d_ticks=2 window_ms=1157
[host] slot live0yhvsm_0: d_loop_us=1794 d_raster_us=0 d_observe_us=84471 max_observe_us=11825 d_paints=0 d_skips=50 d_ticks=1 window_ms=1189
[host] slot live0yhvsm_0: d_loop_us=1933 d_raster_us=0 d_observe_us=84060 max_observe_us=10167 d_paints=0 d_skips=50 d_ticks=2 window_ms=1172
[host] slot live0yhvsm_0: d_loop_us=2261 d_raster_us=0 d_observe_us=94358 max_observe_us=12085 d_paints=0 d_skips=50 d_ticks=2 window_ms=1184
[host] slot live0yhvsm_0: d_loop_us=2211 d_raster_us=0 d_observe_us=90678 max_observe_us=11645 d_paints=0 d_skips=50 d_ticks=2 window_ms=1182
[host] slot live0yhvsm_0: d_loop_us=2014 d_raster_us=0 d_observe_us=97600 max_observe_us=11667 d_paints=0 d_skips=50 d_ticks=2 window_ms=1180
[host] slot live0yhvsm_0: d_loop_us=1597 d_raster_us=0 d_observe_us=60238 max_observe_us=8971 d_paints=0 d_skips=50 d_ticks=2 window_ms=1193
[host] slot live0yhvsm_0: d_loop_us=878 d_raster_us=0 d_observe_us=40465 max_observe_us=5161 d_paints=0 d_skips=50 d_ticks=2 window_ms=1193
[host] slot live0yhvsm_0: d_loop_us=977 d_raster_us=0 d_observe_us=42614 max_observe_us=5099 d_paints=0 d_skips=50 d_ticks=2 window_ms=1206
[host] slot live0yhvsm_0: d_loop_us=1179 d_raster_us=0 d_observe_us=80152 max_observe_us=7841 d_paints=0 d_skips=50 d_ticks=2 window_ms=1200
[host] slot live0yhvsm_0: d_loop_us=1001 d_raster_us=0 d_observe_us=58439 max_observe_us=6693 d_paints=0 d_skips=50 d_ticks=2 window_ms=1213
[host] slot live0yhvsm_0: d_loop_us=1547 d_raster_us=0 d_observe_us=72131 max_observe_us=6037 d_paints=0 d_skips=50 d_ticks=2 window_ms=1215
[script live0yhvsm_0] interact Loc { x: 2582, z: 3479, level: 0, action: "Mine", id: Some(2096) }
[host] slot live0yhvsm_0: d_loop_us=1174 d_raster_us=0 d_observe_us=79953 max_observe_us=7308 d_paints=0 d_skips=50 d_ticks=2 window_ms=1189
[host] slot live0yhvsm_0: d_loop_us=1068 d_raster_us=0 d_observe_us=62829 max_observe_us=7616 d_paints=0 d_skips=50 d_ticks=2 window_ms=1205
[host] slot live0yhvsm_0: d_loop_us=1014 d_raster_us=0 d_observe_us=57495 max_observe_us=7826 d_paints=0 d_skips=50 d_ticks=2 window_ms=1217
[host] slot live0yhvsm_0: d_loop_us=1214 d_raster_us=0 d_observe_us=72748 max_observe_us=5220 d_paints=0 d_skips=50 d_ticks=2 window_ms=1195
[host] slot live0yhvsm_0: d_loop_us=1059 d_raster_us=0 d_observe_us=51346 max_observe_us=6862 d_paints=0 d_skips=50 d_ticks=2 window_ms=1182
[host] slot live0yhvsm_0: d_loop_us=1290 d_raster_us=0 d_observe_us=74596 max_observe_us=11786 d_paints=0 d_skips=50 d_ticks=2 window_ms=1199
[host] slot live0yhvsm_0: d_loop_us=1130 d_raster_us=0 d_observe_us=83749 max_observe_us=12988 d_paints=0 d_skips=50 d_ticks=2 window_ms=1191
[script live0yhvsm_0] interact WalkNear { x: 2575, z: 3486, level: 0, radius: 1, allow_teleports: false }
[host] slot live0yhvsm_0: d_loop_us=2933 d_raster_us=0 d_observe_us=87306 max_observe_us=6496 d_paints=0 d_skips=50 d_ticks=2 window_ms=1162
[nav-follow] here=WorldTile { x: 2582, z: 3480, level: 0 } walk=true transport=false leg=0 hops=1 outcome=None
[nav-walk] here=WorldTile { x: 2580, z: 3481, level: 0 } aim=WorldTile { x: 2576, z: 3485, level: 0 } radius=0 ticks_waited=0 sent_tile=Some(WorldTile { x: 2582, z: 3480, level: 0 })
[nav-follow] here=WorldTile { x: 2580, z: 3481, level: 0 } walk=true transport=false leg=0 hops=1 outcome=None
[host] slot live0yhvsm_0: d_loop_us=964 d_raster_us=0 d_observe_us=50782 max_observe_us=9260 d_paints=0 d_skips=50 d_ticks=2 window_ms=1176
[nav-walk] here=WorldTile { x: 2578, z: 3482, level: 0 } aim=WorldTile { x: 2576, z: 3485, level: 0 } radius=0 ticks_waited=1 sent_tile=Some(WorldTile { x: 2582, z: 3480, level: 0 })
[nav-follow] here=WorldTile { x: 2578, z: 3482, level: 0 } walk=true transport=false leg=0 hops=1 outcome=None
[nav-walk] here=WorldTile { x: 2577, z: 3484, level: 0 } aim=WorldTile { x: 2576, z: 3485, level: 0 } radius=0 ticks_waited=2 sent_tile=Some(WorldTile { x: 2582, z: 3480, level: 0 })
[nav-follow] here=WorldTile { x: 2577, z: 3484, level: 0 } walk=true transport=false leg=0 hops=1 outcome=None
[host] slot live0yhvsm_0: d_loop_us=1935 d_raster_us=0 d_observe_us=69686 max_observe_us=8798 d_paints=0 d_skips=50 d_ticks=2 window_ms=1196
[nav-walk] here=WorldTile { x: 2576, z: 3485, level: 0 } aim=WorldTile { x: 2576, z: 3485, level: 0 } radius=0 ticks_waited=3 sent_tile=Some(WorldTile { x: 2582, z: 3480, level: 0 })
[nav-follow] here=WorldTile { x: 2576, z: 3485, level: 0 } walk=false transport=false leg=1 hops=1 outcome=Some(Arrived { at: WorldTile { x: 2576, z: 3485, level: 0 } })
[script live0yhvsm_0] interact UseOn { name: "Coal", kind: "loc", target_name: Some("Coal Truck"), x: 2574, z: 3487, level: 0, index: None, source_item_id: Some(453), source_item_slot: Some(27), target_item_id: None, target_item_slot: None }
[host] slot live0yhvsm_0: d_loop_us=2083 d_raster_us=0 d_observe_us=93019 max_observe_us=14917 d_paints=0 d_skips=50 d_ticks=2 window_ms=1181
[script live0yhvsm_0] put 1 coal in the truck (all)
[host] slot live0yhvsm_0: d_loop_us=1005 d_raster_us=0 d_observe_us=63042 max_observe_us=10344 d_paints=0 d_skips=50 d_ticks=2 window_ms=1211
[script live0yhvsm_0] interact Loc { x: 2576, z: 3482, level: 0, action: "Mine", id: Some(2096) }
[host] slot live0yhvsm_0: d_loop_us=1009 d_raster_us=0 d_observe_us=50770 max_observe_us=6799 d_paints=0 d_skips=50 d_ticks=2 window_ms=1217
[host] slot live0yhvsm_0: d_loop_us=1076 d_raster_us=0 d_observe_us=66177 max_observe_us=12646 d_paints=0 d_skips=50 d_ticks=2 window_ms=1178
[host] slot live0yhvsm_0: d_loop_us=1031 d_raster_us=0 d_observe_us=49521 max_observe_us=5798 d_paints=0 d_skips=50 d_ticks=2 window_ms=1190
[host] slot live0yhvsm_0: d_loop_us=1330 d_raster_us=0 d_observe_us=61636 max_observe_us=8393 d_paints=0 d_skips=50 d_ticks=2 window_ms=1198
[host] slot live0yhvsm_0: d_loop_us=1202 d_raster_us=0 d_observe_us=63057 max_observe_us=8865 d_paints=0 d_skips=50 d_ticks=2 window_ms=1192
[host] hitch live0yhvsm_0: observe_us=16666 paints=0 skips=2807 ticks=134
PASS: catalog_boundary_live: {"scenario":"coal_trucks","runner":"Some(Evidence { scenario: \"coal_trucks\", outcome: \"PASS\", predicate: \"has_item_id(453)>=1\", ticks: 157, elapsed_ms: 91970, message: None, tile: Some([2576, 3483, 0]), inv: [InvRow { id: 1269, name: Some(\"Steel pickaxe\"), count: 1 }, InvRow { id: 946, name: Some(\"Knife\"), count: 1 }, InvRow { id: 946, name: Some(\"Knife\"), count: 1 }, InvRow { id: 946, name: Some(\"Knife\"), count: 1 }, InvRow { id: 946, name: Some(\"Knife\"), count: 1 }, InvRow { id: 946, name: Some(\"Knife\"), count: 1 }, InvRow { id: 946, name: Some(\"Knife\"), count: 1 }, InvRow { id: 946, name: Some(\"Knife\"), count: 1 }, InvRow { id: 946, name: Some(\"Knife\"), count: 1 }, InvRow { id: 946, name: Some(\"Knife\"), count: 1 }, InvRow { id: 946, name: Some(\"Knife\"), count: 1 }, InvRow { id: 946, name: Some(\"Knife\"), count: 1 }, InvRow { id: 946, name: Some(\"Knife\"), count: 1 }, InvRow { id: 946, name: Some(\"Knife\"), count: 1 }, InvRow { id: 946, name: Some(\"Knife\"), count: 1 }, InvRow { id: 946, name: Some(\"Knife\"), count: 1 }, InvRow { id: 946, name: Some(\"Knife\"), count: 1 }, InvRow { id: 946, name: Some(\"Knife\"), count: 1 }, InvRow { id: 946, name: Some(\"Knife\"), count: 1 }, InvRow { id: 946, name: Some(\"Knife\"), count: 1 }, InvRow { id: 946, name: Some(\"Knife\"), count: 1 }, InvRow { id: 946, name: Some(\"Knife\"), count: 1 }, InvRow { id: 946, name: Some(\"Knife\"), count: 1 }, InvRow { id: 946, name: Some(\"Knife\"), count: 1 }, InvRow { id: 946, name: Some(\"Knife\"), count: 1 }, InvRow { id: 946, name: Some(\"Knife\"), count: 1 }, InvRow { id: 946, name: Some(\"Knife\"), count: 1 }, InvRow { id: 453, name: Some(\"Coal\"), count: 1 }], stat: Some(StatRow { runenergy: 95 }), chat: [ChatRow { text: \"You manage to mine some coal.\", username: None }, ChatRow { text: \"You swing your pick at the rock.\", username: None }, ChatRow { text: \"You put the coal in the truck.\", username: None }, ChatRow { text: \"You manage to mine some coal.\", username: None }, ChatRow { text: \"You swing your pick at the rock.\", username: None }, ChatRow { text: \"You swing your pick at the rock.\", username: None }, ChatRow { text: \"You swing your pick at the rock.\", username: None }, ChatRow { text: \"Inventory wiped.\", username: None }, ChatRow { text: \"set tutorial: to 1000\", username: None }, ChatRow { text: \"Welcome to RuneScape.\", username: None }], scene: 2 })","core":{"case":"coal_trucks","baseline":{"ingame":true,"scene_state":2,"player":"Live0yhvsm 0","tile":[2582,3481,0],"combat_level":55,"tick":26,"items":{"Knife":26,"Steel pickaxe":1},"item_ids":{"946":26,"1269":1},"bank":{},"bank_ids":{},"bank_open":false,"bank_loaded":false,"bank_generation":0,"levels":{"-unused-":0,"agility":1,"attack":48,"cooking":1,"crafting":1,"defence":48,"firemaking":1,"fishing":1,"fletching":1,"herblore":1,"hitpoints":48,"magic":1,"mining":30,"prayer":1,"ranged":1,"runecraft":1,"slayer":1,"smithing":1,"strength":48,"thieving":1,"woodcutting":1},"effective_levels":{"-unused-":0,"agility":1,"attack":48,"cooking":1,"crafting":1,"defence":48,"firemaking":1,"fishing":1,"fletching":1,"herblore":1,"hitpoints":48,"magic":1,"mining":30,"prayer":1,"ranged":1,"runecraft":1,"slayer":1,"smithing":1,"strength":48,"thieving":1,"woodcutting":1},"xp":{"-unused-":0,"agility":0,"attack":83014,"cooking":0,"crafting":0,"defence":83014,"firemaking":0,"fishing":0,"fletching":0,"herblore":0,"hitpoints":83014,"magic":0,"mining":13363,"prayer":0,"ranged":0,"runecraft":0,"slayer":0,"smithing":0,"strength":83014,"thieving":0,"woodcutting":0},"varps":{"309":0},"chat":[[7,"Inventory wiped."],[6,"set tutorial: to 1000"],[5,"Welcome to RuneScape."]],"loc_facts":[],"npc_facts":[],"ground_loot":[],"local_in_combat":false,"local_target_npc":null,"local_health":0,"local_animation":-1,"equipment_ids":{},"main_modal":-1,"widget_ids":[3213,3214]},"latest":{"ingame":true,"scene_state":2,"player":"Live0yhvsm 0","tile":[2576,3483,0],"combat_level":55,"tick":134,"items":{"Coal":1,"Knife":26,"Steel pickaxe":1},"item_ids":{"453":1,"946":26,"1269":1},"bank":{},"bank_ids":{},"bank_open":false,"bank_loaded":false,"bank_generation":0,"levels":{"-unused-":0,"agility":1,"attack":48,"cooking":1,"crafting":1,"defence":48,"firemaking":1,"fishing":1,"fletching":1,"herblore":1,"hitpoints":48,"magic":1,"mining":30,"prayer":1,"ranged":1,"runecraft":1,"slayer":1,"smithing":1,"strength":48,"thieving":1,"woodcutting":1},"effective_levels":{"-unused-":0,"agility":1,"attack":48,"cooking":1,"crafting":1,"defence":48,"firemaking":1,"fishing":1,"fletching":1,"herblore":1,"hitpoints":48,"magic":1,"mining":30,"prayer":1,"ranged":1,"runecraft":1,"slayer":1,"smithing":1,"strength":48,"thieving":1,"woodcutting":1},"xp":{"-unused-":0,"agility":0,"attack":83014,"cooking":0,"crafting":0,"defence":83014,"firemaking":0,"fishing":0,"fletching":0,"herblore":0,"hitpoints":83014,"magic":0,"mining":13463,"prayer":0,"ranged":0,"runecraft":0,"slayer":0,"smithing":0,"strength":83014,"thieving":0,"woodcutting":0},"varps":{"309":0},"chat":[[14,"You manage to mine some coal."],[13,"You swing your pick at the rock."],[12,"You put the coal in the truck."],[11,"You manage to mine some coal."],[10,"You swing your pick at the rock."],[9,"You swing your pick at the rock."],[8,"You swing your pick at the rock."],[7,"Inventory wiped."],[6,"set tutorial: to 1000"],[5,"Welcome to RuneScape."]],"loc_facts":[],"npc_facts":[],"ground_loot":[],"local_in_combat":false,"local_target_npc":null,"local_health":0,"local_animation":-1,"equipment_ids":{},"main_modal":-1,"widget_ids":[3213,3214]},"max_items":{"Coal":1,"Knife":26,"Steel pickaxe":1},"max_xp":{"-unused-":0,"agility":0,"attack":83014,"cooking":0,"crafting":0,"defence":83014,"firemaking":0,"fishing":0,"fletching":0,"herblore":0,"hitpoints":83014,"magic":0,"mining":13463,"prayer":0,"ranged":0,"runecraft":0,"slayer":0,"smithing":0,"strength":83014,"thieving":0,"woodcutting":0},"saw_bury_chat":false,"post_start_observations":2709,"bone_bank_cycle":{"first_batch_buried":false,"opened":null,"withdrawn":null,"buried_after_withdrawal":false},"bank_fletcher_cycle":{"first_pack_created":false,"deposited":null,"withdrawn":null,"crafted_after_withdrawal":false},"bank_fletcher_option_cycle":{"first":null,"deposited":null,"restocked":null,"further":false},"bank_fletcher_string_cycle":{"initial_pairs_strung":false,"deposited":null,"withdrawn":null,"strung_after_withdrawal":false},"bank_fletcher_cut_string_cycle":{"cut_pair_created":false,"deposited":null,"withdrawn":null,"string_pair_created":false},"alcher_defaults_cycle":{"withdrawn":null,"consumed":false},"alcher_generated_custom_cycle":{"withdrawn":null,"consumed":false},"dart_fletcher_cycle":{"first":null,"further":false,"wrong_tier":false},"herb_cleaner_cycle":{"first_pack":false,"deposited":null,"withdrawn":null,"cleaned_after_withdrawal":false,"filter_violated":false},"gem_cutter_cycle":{"first_pack":false,"deposited":null,"withdrawn":null,"cut_after_withdrawal":false,"filter_violated":false},"door_opener_cycle":{"selected":null,"opened":false},"gnome_course_cycle":{"log":null,"ground_return":null,"pipe":null,"second_lap":false},"wildy_agility_cycle":{"ridge":null,"pipe":null,"rope":null,"stone":null,"log":null,"rocks":null,"further_pipe":false},"brimhaven_agility_cycle":{"paid":false,"entered":null,"moved":null,"first_tag":false,"ticket":null,"subsequent_work":false},"flax_picker_cycle":{"first_pack":false,"deposited":null,"returned":false,"further":false},"superheater_cycle":{"first_bars":false,"deposited":null,"withdrawn":null,"produced_after_withdrawal":false,"wrong_product":false,"wrong_staff":false},"chicken_killer_bank_cycle":{"combat_loot":false,"deposited":null,"returned":false,"further":false},"vial_filler_cycle":{"filled":null,"deposited":null,"withdrawn":null,"returned":false,"further":false},"potion_maker_cycle":{"unfinished":null,"finished":null,"deposited":null,"withdrawn":null,"further":false,"wrong_product":false,"filter_violated":false},"tanner_bot_cycle":{"widget":null,"tanned":null,"deposited":null,"withdrawn":null,"returned":false,"further":false,"wrong_product":false,"shop":false},"rune_crafter_cycle":{"withdrawn":null,"entered":null,"crafted":null,"exited":null,"deposited":null,"restocked":null,"returned":false,"further":false,"wrong_product":false,"noted":false},"ardy_cakes_cycle":{"stolen":null,"deposited":null,"returned":false,"further":false,"wrong_product":false,"noted":false},"ardy_thiever_cycle":{"pickpocketed":null,"deposited":null,"returned":false,"further":false},"gnome_chop_cycle":{"chopped":null,"deposited":null,"returned":false,"further":false,"wrong_product":false,"noted":false},"gnome_fletch_cycle":{"chopped":null,"fletched":null,"deposited":null,"returned":false,"further":false,"wrong_product":false,"noted":false},"coal_trucks_cycle":{"mined":{"ingame":true,"scene_state":2,"player":"Live0yhvsm 0","tile":[2582,3480,0],"combat_level":55,"tick":113,"items":{"Coal":1,"Knife":26,"Steel pickaxe":1},"item_ids":{"453":1,"946":26,"1269":1},"bank":{},"bank_ids":{},"bank_open":false,"bank_loaded":false,"bank_generation":0,"levels":{"-unused-":0,"agility":1,"attack":48,"cooking":1,"crafting":1,"defence":48,"firemaking":1,"fishing":1,"fletching":1,"herblore":1,"hitpoints":48,"magic":1,"mining":30,"prayer":1,"ranged":1,"runecraft":1,"slayer":1,"smithing":1,"strength":48,"thieving":1,"woodcutting":1},"effective_levels":{"-unused-":0,"agility":1,"attack":48,"cooking":1,"crafting":1,"defence":48,"firemaking":1,"fishing":1,"fletching":1,"herblore":1,"hitpoints":48,"magic":1,"mining":30,"prayer":1,"ranged":1,"runecraft":1,"slayer":1,"smithing":1,"strength":48,"thieving":1,"woodcutting":1},"xp":{"-unused-":0,"agility":0,"attack":83014,"cooking":0,"crafting":0,"defence":83014,"firemaking":0,"fishing":0,"fletching":0,"herblore":0,"hitpoints":83014,"magic":0,"mining":13413,"prayer":0,"ranged":0,"runecraft":0,"slayer":0,"smithing":0,"strength":83014,"thieving":0,"woodcutting":0},"varps":{"309":0},"chat":[[11,"You manage to mine some coal."],[10,"You swing your pick at the rock."],[9,"You swing your pick at the rock."],[8,"You swing your pick at the rock."],[7,"Inventory wiped."],[6,"set tutorial: to 1000"],[5,"Welcome to RuneScape."]],"loc_facts":[],"npc_facts":[],"ground_loot":[],"local_in_combat":false,"local_target_npc":null,"local_health":0,"local_animation":-1,"equipment_ids":{},"main_modal":-1,"widget_ids":[3213,3214]},"trucked":{"ingame":true,"scene_state":2,"player":"Live0yhvsm 0","tile":[2574,3486,0],"combat_level":55,"tick":122,"items":{"Knife":26,"Steel pickaxe":1},"item_ids":{"946":26,"1269":1},"bank":{},"bank_ids":{},"bank_open":false,"bank_loaded":false,"bank_generation":0,"levels":{"-unused-":0,"agility":1,"attack":48,"cooking":1,"crafting":1,"defence":48,"firemaking":1,"fishing":1,"fletching":1,"herblore":1,"hitpoints":48,"magic":1,"mining":30,"prayer":1,"ranged":1,"runecraft":1,"slayer":1,"smithing":1,"strength":48,"thieving":1,"woodcutting":1},"effective_levels":{"-unused-":0,"agility":1,"attack":48,"cooking":1,"crafting":1,"defence":48,"firemaking":1,"fishing":1,"fletching":1,"herblore":1,"hitpoints":48,"magic":1,"mining":30,"prayer":1,"ranged":1,"runecraft":1,"slayer":1,"smithing":1,"strength":48,"thieving":1,"woodcutting":1},"xp":{"-unused-":0,"agility":0,"attack":83014,"cooking":0,"crafting":0,"defence":83014,"firemaking":0,"fishing":0,"fletching":0,"herblore":0,"hitpoints":83014,"magic":0,"mining":13413,"prayer":0,"ranged":0,"runecraft":0,"slayer":0,"smithing":0,"strength":83014,"thieving":0,"woodcutting":0},"varps":{"309":0},"chat":[[12,"You put the coal in the truck."],[11,"You manage to mine some coal."],[10,"You swing your pick at the rock."],[9,"You swing your pick at the rock."],[8,"You swing your pick at the rock."],[7,"Inventory wiped."],[6,"set tutorial: to 1000"],[5,"Welcome to RuneScape."]],"loc_facts":[],"npc_facts":[],"ground_loot":[],"local_in_combat":false,"local_target_npc":null,"local_health":0,"local_animation":-1,"equipment_ids":{},"main_modal":-1,"widget_ids":[3213,3214]},"further":true,"noted":false,"banked":false,"fixture_changed":false},"station_production_cycle":{"withdrawn":null,"produced":null,"deposited":null,"restocked":null,"returned":false,"further":false,"wrong_product":false,"noted":false},"flax_aio_cycle":{"picked":null,"produced":null,"deposited":null,"returned":false,"further":false,"wrong_product":false,"noted":false},"flax_aio_pick_cycle":{"first_pack":false,"deposited":null,"returned":false,"further":false,"wrong_product":false,"noted":false},"herblore_eggs_cycle":{"taken":false,"deposited":null,"returned":false,"further":false,"wrong_product":false,"noted":false},"herblore_newt_cycle":{"bought":false,"deposited":null,"returned":false,"further":false,"coins_spent":false,"coins_peak":0,"wrong_product":false,"noted":false},"combat_core_cycle":{"engagements":0,"defeats":0,"further_work":false,"style_xp":false,"looted":false,"noted":false,"activated":false,"shield_worn":false,"stolen_food":false,"wrong_item":false,"dormant_indexes":[],"dormant_tiles":{},"last":{},"currently_engaged":[],"previous_ground":[],"facts":[]},"ordered_first_exhausted":false}}
test catalog_boundary_live ... ok

test result: ok. 1 passed; 0 failed; 0 ignored; 0 measured; 48 filtered out; finished in 95.24s

