
running 1 test
{"phase":"identity","revision":274,"profile":"local-274 · 127.0.0.1:43594 · revision 274","cache_id":"4aac9b63312dcb75d5de8f686772d083ba0808c57985438246edf21ef522be1c","nav_pack":"/Users/acfrazier/experiments/274bot/.worktrees/rs2b0t-multirevision/.superpowers/world-capabilities/274/274bot.navpack","nav_sha256":"05db24743e9f549ced16c1f00b87c30a390d3aaec391815da3f3563130b3bcd4","catalog_commit":"100adccc037d9f6898080e1cad58fcfc43364775","catalog_identity":"pre-289 frozen catalog","catalog_read_only_path":".superpowers/inputs/rs2b0t-100adccc037d9f6898080e1cad58fcfc43364775","catalog_root":"/Users/acfrazier/experiments/274bot/.worktrees/rs2b0t-multirevision/.superpowers/inputs/rs2b0t-100adccc037d9f6898080e1cad58fcfc43364775","registry_path":"/Users/acfrazier/experiments/274bot/.worktrees/rs2b0t-multirevision/.superpowers/inputs/rs2b0t-100adccc037d9f6898080e1cad58fcfc43364775/src/bot/scripts/index.ts","registry_sha256":"b614aedb3d5adfdfbac3760f082273f3cf5c33fffe4ced0f2b01490ae02d1bc2","card":{"card":"RockCrab","source_path":"/Users/acfrazier/experiments/274bot/.worktrees/rs2b0t-multirevision/.superpowers/inputs/rs2b0t-100adccc037d9f6898080e1cad58fcfc43364775/src/bot/scripts/RockCrab/RockCrab.ts","source_sha256":"7e12b775e0133353f5f45ab8bdca48c62eabe75adec7d09ade997f4f7c62a5ff","compiled_sha256":"62d9671cbc7d23eb6924ff7c6a8daa77439f0b1897df82a6e2aa432a3e582833","siblings":[{"module":"/rs2b0t/bot/scripts/bot/AmmoLogic.js","compiled_sha256":"e85e128548b38dd4f1e7808e2b39f6bd1b46016d06d2707ffd95edf8486e5f6b"},{"module":"/rs2b0t/bot/scripts/bot/RockCrabSpots.js","compiled_sha256":"46fdd03f94fa097d908cb780c4341381ca95614a6ac6c14b6796b7531f1cf0fe"}],"settings":{"combatStyle":"melee","meleeStyle":"strength","rangeStyle":"rapid","staff":"Staff of air","bow":"Maple shortbow","spell":"Wind Strike","runesWithdraw":150.0,"ammo":"Bronze arrow","ammoWithdraw":200.0,"minStack":1.0,"collectRange":12.0,"foodWithdraw":20.0,"fightHpGate":40.0,"restUntilHp":75.0,"fieldRadius":15.0,"stack":3.0,"loot":["half of a key","casket","clue scroll","small oyster pearls","oyster pearls","uncut sapphire","uncut emerald","uncut ruby","uncut diamond"],"solveClues":false,"bankStrategy":"Off"}},"account":"livedl1ygf_0","engine_speed_ms":null}
[host-play] slot livedl1ygf_0: thread up
274bot: loaded snapshot (4556 models, 336 anim records)
[host-play] slot livedl1ygf_0: handshake begin reconnect=false
[host-play] slot livedl1ygf_0: handshake ok
[host-play] slot livedl1ygf_0: queued mainland tele+setvar (scene 2)
[host] slot livedl1ygf_0: d_loop_us=11179 d_raster_us=0 d_observe_us=46296 max_observe_us=4688 d_paints=0 d_skips=50 d_ticks=5 window_ms=0
[host-play] slot livedl1ygf_0: handshake begin reconnect=true
[host-play] slot livedl1ygf_0: handshake ok
[host-play] slot livedl1ygf_0: queued mainland tele+setvar (scene 2)
[host] slot livedl1ygf_0: d_loop_us=10778 d_raster_us=0 d_observe_us=59159 max_observe_us=4408 d_paints=0 d_skips=50 d_ticks=1 window_ms=0
[host] slot livedl1ygf_0: d_loop_us=10740 d_raster_us=0 d_observe_us=108219 max_observe_us=9220 d_paints=0 d_skips=50 d_ticks=21 window_ms=12500
{"phase":"baseline-after-preparation","scenario":"rock_crab","account":"livedl1ygf_0","observation":{"ingame":true,"scene_state":2,"player":"Livedl1ygf 0","tile":[2704,3726,0],"combat_level":36,"tick":22,"items":{"Adamant scimitar":1,"Lobster":8},"item_ids":{"379":8,"1331":1},"bank":{},"bank_ids":{},"bank_open":false,"bank_loaded":false,"bank_generation":0,"levels":{"-unused-":0,"agility":1,"attack":40,"cooking":1,"crafting":1,"defence":1,"firemaking":1,"fishing":1,"fletching":1,"herblore":1,"hitpoints":40,"magic":1,"mining":1,"prayer":1,"ranged":1,"runecraft":1,"slayer":1,"smithing":1,"strength":40,"thieving":1,"woodcutting":1},"xp":{"-unused-":0,"agility":0,"attack":37224,"cooking":0,"crafting":0,"defence":0,"firemaking":0,"fishing":0,"fletching":0,"herblore":0,"hitpoints":37224,"magic":0,"mining":0,"prayer":0,"ranged":0,"runecraft":0,"slayer":0,"smithing":0,"strength":37224,"thieving":0,"woodcutting":0},"varps":{"309":0},"chat":[[7,"Inventory wiped."],[6,"set tutorial: to 1000"],[5,"Welcome to RuneScape."]],"loc_facts":[],"npc_facts":[{"index":7257,"name":"Rock Crab","health":50,"total_health":50,"animation":1313,"in_combat":true,"targeting_local":true,"tile":[2704,3727,0],"distance":1},{"index":7259,"name":"Rock Crab","health":0,"total_health":0,"animation":1312,"in_combat":false,"targeting_local":true,"tile":[2705,3725,0],"distance":1}],"ground_loot":[],"local_in_combat":true,"local_target_npc":7257,"local_health":40,"local_animation":422,"equipment_ids":{},"main_modal":-1,"widget_ids":[3213,3214]}}
[script livedl1ygf_0] start load
{"phase":"start","account":"livedl1ygf_0","count":1}
[host] hitch livedl1ygf_0: observe_us=85661 paints=0 skips=101 ticks=22
[script livedl1ygf_0] RockCrab starting — spots [2704,3726 | 2701,3719 | 2717,3720 | 2710,3717 | 2713,3727] starting at (2704, 3726, 0) r15, stack 3, food 'Lobster' (smart-eat), bank (2725, 3491, 0), style melee (strength)
[script livedl1ygf_0] interact IfButton { component_id: 5862 }
[host] slot livedl1ygf_0: d_loop_us=1482 d_raster_us=0 d_observe_us=172570 max_observe_us=85661 d_paints=0 d_skips=50 d_ticks=3 window_ms=1804
[script livedl1ygf_0] combat style: strength
[script livedl1ygf_0] interact WalkTo { x: 2701, z: 3728, level: 0 }
[host] slot livedl1ygf_0: d_loop_us=1353 d_raster_us=0 d_observe_us=101409 max_observe_us=8112 d_paints=0 d_skips=50 d_ticks=1 window_ms=1181
[script livedl1ygf_0] woke a rock crab — stack now 3
[host] slot livedl1ygf_0: d_loop_us=1194 d_raster_us=0 d_observe_us=67936 max_observe_us=12068 d_paints=0 d_skips=50 d_ticks=2 window_ms=1163
[script livedl1ygf_0] interact WalkTo { x: 2704, z: 3726, level: 0 }
[host] slot livedl1ygf_0: d_loop_us=1192 d_raster_us=0 d_observe_us=74983 max_observe_us=9629 d_paints=0 d_skips=50 d_ticks=2 window_ms=1143
[host] slot livedl1ygf_0: d_loop_us=1437 d_raster_us=0 d_observe_us=99648 max_observe_us=15889 d_paints=0 d_skips=50 d_ticks=2 window_ms=1163
[host] slot livedl1ygf_0: d_loop_us=2122 d_raster_us=0 d_observe_us=87975 max_observe_us=11301 d_paints=0 d_skips=50 d_ticks=2 window_ms=1171
[host] slot livedl1ygf_0: d_loop_us=1309 d_raster_us=0 d_observe_us=73260 max_observe_us=10410 d_paints=0 d_skips=50 d_ticks=2 window_ms=1160
[host] slot livedl1ygf_0: d_loop_us=1729 d_raster_us=0 d_observe_us=82779 max_observe_us=10796 d_paints=0 d_skips=50 d_ticks=2 window_ms=1168
[host] slot livedl1ygf_0: d_loop_us=1511 d_raster_us=0 d_observe_us=83422 max_observe_us=8852 d_paints=0 d_skips=50 d_ticks=2 window_ms=1165
[host] slot livedl1ygf_0: d_loop_us=1321 d_raster_us=0 d_observe_us=57025 max_observe_us=10274 d_paints=0 d_skips=50 d_ticks=2 window_ms=1174
[host] slot livedl1ygf_0: d_loop_us=1427 d_raster_us=0 d_observe_us=55569 max_observe_us=9952 d_paints=0 d_skips=50 d_ticks=2 window_ms=1166
[host] slot livedl1ygf_0: d_loop_us=1912 d_raster_us=0 d_observe_us=81895 max_observe_us=10834 d_paints=0 d_skips=50 d_ticks=2 window_ms=1166
[host] slot livedl1ygf_0: d_loop_us=1685 d_raster_us=0 d_observe_us=82930 max_observe_us=12547 d_paints=0 d_skips=50 d_ticks=2 window_ms=1175
[host] slot livedl1ygf_0: d_loop_us=1316 d_raster_us=0 d_observe_us=61137 max_observe_us=8281 d_paints=0 d_skips=50 d_ticks=2 window_ms=1184
[host] slot livedl1ygf_0: d_loop_us=1871 d_raster_us=0 d_observe_us=84258 max_observe_us=13009 d_paints=0 d_skips=50 d_ticks=2 window_ms=1167
[host] slot livedl1ygf_0: d_loop_us=1764 d_raster_us=0 d_observe_us=68448 max_observe_us=10617 d_paints=0 d_skips=50 d_ticks=2 window_ms=1175
[host] slot livedl1ygf_0: d_loop_us=1590 d_raster_us=0 d_observe_us=73484 max_observe_us=12217 d_paints=0 d_skips=50 d_ticks=2 window_ms=1188
[host] slot livedl1ygf_0: d_loop_us=1871 d_raster_us=0 d_observe_us=80921 max_observe_us=12181 d_paints=0 d_skips=50 d_ticks=2 window_ms=1177
[host] slot livedl1ygf_0: d_loop_us=1546 d_raster_us=0 d_observe_us=86921 max_observe_us=6990 d_paints=0 d_skips=50 d_ticks=2 window_ms=1268
[host] slot livedl1ygf_0: d_loop_us=1818 d_raster_us=0 d_observe_us=76444 max_observe_us=10901 d_paints=0 d_skips=50 d_ticks=2 window_ms=1187
[host] slot livedl1ygf_0: d_loop_us=2078 d_raster_us=0 d_observe_us=90008 max_observe_us=12514 d_paints=0 d_skips=50 d_ticks=2 window_ms=1145
[host] slot livedl1ygf_0: d_loop_us=1421 d_raster_us=0 d_observe_us=76450 max_observe_us=7695 d_paints=0 d_skips=50 d_ticks=2 window_ms=1189
[host] slot livedl1ygf_0: d_loop_us=1043 d_raster_us=0 d_observe_us=62737 max_observe_us=9231 d_paints=0 d_skips=50 d_ticks=2 window_ms=1166
[host] slot livedl1ygf_0: d_loop_us=1386 d_raster_us=0 d_observe_us=77772 max_observe_us=12033 d_paints=0 d_skips=50 d_ticks=2 window_ms=1203
[host] hitch livedl1ygf_0: observe_us=16777 paints=0 skips=1323 ticks=71
[host] slot livedl1ygf_0: d_loop_us=2176 d_raster_us=0 d_observe_us=95015 max_observe_us=16777 d_paints=0 d_skips=50 d_ticks=2 window_ms=1190
[host] slot livedl1ygf_0: d_loop_us=2006 d_raster_us=0 d_observe_us=86112 max_observe_us=13927 d_paints=0 d_skips=50 d_ticks=2 window_ms=1177
[host] slot livedl1ygf_0: d_loop_us=1389 d_raster_us=0 d_observe_us=65675 max_observe_us=10884 d_paints=0 d_skips=50 d_ticks=2 window_ms=1171
test catalog_boundary_live has been running for over 60 seconds
[host] slot livedl1ygf_0: d_loop_us=1727 d_raster_us=0 d_observe_us=96852 max_observe_us=11557 d_paints=0 d_skips=50 d_ticks=1 window_ms=1180
[host] slot livedl1ygf_0: d_loop_us=2112 d_raster_us=0 d_observe_us=92500 max_observe_us=11827 d_paints=0 d_skips=50 d_ticks=2 window_ms=1154
[host] slot livedl1ygf_0: d_loop_us=2022 d_raster_us=0 d_observe_us=80770 max_observe_us=11149 d_paints=0 d_skips=50 d_ticks=2 window_ms=1157
[script livedl1ygf_0] interact Held { name: "Lobster", action: "Eat" }
[shim-held] Lobster Eat slot=1 -> sent
[host] slot livedl1ygf_0: d_loop_us=1811 d_raster_us=0 d_observe_us=77846 max_observe_us=11517 d_paints=0 d_skips=50 d_ticks=2 window_ms=1179
[host] slot livedl1ygf_0: d_loop_us=1886 d_raster_us=0 d_observe_us=81153 max_observe_us=11489 d_paints=0 d_skips=50 d_ticks=2 window_ms=1185
[host] slot livedl1ygf_0: d_loop_us=2088 d_raster_us=0 d_observe_us=78505 max_observe_us=12385 d_paints=0 d_skips=50 d_ticks=2 window_ms=1192
[host] slot livedl1ygf_0: d_loop_us=2117 d_raster_us=0 d_observe_us=79081 max_observe_us=12345 d_paints=0 d_skips=50 d_ticks=2 window_ms=1166
[host] slot livedl1ygf_0: d_loop_us=2128 d_raster_us=0 d_observe_us=93463 max_observe_us=12996 d_paints=0 d_skips=50 d_ticks=2 window_ms=1157
[host] slot livedl1ygf_0: d_loop_us=1851 d_raster_us=0 d_observe_us=93744 max_observe_us=12597 d_paints=0 d_skips=50 d_ticks=2 window_ms=1158
[host] slot livedl1ygf_0: d_loop_us=1893 d_raster_us=0 d_observe_us=72449 max_observe_us=9714 d_paints=0 d_skips=50 d_ticks=2 window_ms=1176
[host] slot livedl1ygf_0: d_loop_us=2213 d_raster_us=0 d_observe_us=88830 max_observe_us=13655 d_paints=0 d_skips=50 d_ticks=2 window_ms=1164
[host] slot livedl1ygf_0: d_loop_us=1304 d_raster_us=0 d_observe_us=67835 max_observe_us=11773 d_paints=0 d_skips=50 d_ticks=2 window_ms=1181
[host] slot livedl1ygf_0: d_loop_us=1660 d_raster_us=0 d_observe_us=67208 max_observe_us=9768 d_paints=0 d_skips=50 d_ticks=2 window_ms=1191
[host] slot livedl1ygf_0: d_loop_us=1774 d_raster_us=0 d_observe_us=87813 max_observe_us=11056 d_paints=0 d_skips=50 d_ticks=2 window_ms=1183
[host] slot livedl1ygf_0: d_loop_us=1862 d_raster_us=0 d_observe_us=89767 max_observe_us=12294 d_paints=0 d_skips=50 d_ticks=2 window_ms=1182
[host] slot livedl1ygf_0: d_loop_us=1672 d_raster_us=0 d_observe_us=69894 max_observe_us=11085 d_paints=0 d_skips=50 d_ticks=2 window_ms=1190
[host] slot livedl1ygf_0: d_loop_us=1792 d_raster_us=0 d_observe_us=76287 max_observe_us=11743 d_paints=0 d_skips=50 d_ticks=2 window_ms=1176
[host] slot livedl1ygf_0: d_loop_us=2078 d_raster_us=0 d_observe_us=82210 max_observe_us=11424 d_paints=0 d_skips=50 d_ticks=2 window_ms=1175
[host] slot livedl1ygf_0: d_loop_us=1700 d_raster_us=0 d_observe_us=87286 max_observe_us=14589 d_paints=0 d_skips=50 d_ticks=2 window_ms=1171
[host] slot livedl1ygf_0: d_loop_us=850 d_raster_us=0 d_observe_us=35701 max_observe_us=5257 d_paints=0 d_skips=50 d_ticks=2 window_ms=1217
[host] slot livedl1ygf_0: d_loop_us=711 d_raster_us=0 d_observe_us=30646 max_observe_us=5363 d_paints=0 d_skips=50 d_ticks=2 window_ms=1226
[host] slot livedl1ygf_0: d_loop_us=705 d_raster_us=0 d_observe_us=31901 max_observe_us=5609 d_paints=0 d_skips=50 d_ticks=2 window_ms=1206
[host] slot livedl1ygf_0: d_loop_us=740 d_raster_us=0 d_observe_us=32933 max_observe_us=5467 d_paints=0 d_skips=50 d_ticks=2 window_ms=1210
[host] slot livedl1ygf_0: d_loop_us=513 d_raster_us=0 d_observe_us=27919 max_observe_us=5461 d_paints=0 d_skips=50 d_ticks=2 window_ms=1222
[host] slot livedl1ygf_0: d_loop_us=659 d_raster_us=0 d_observe_us=35037 max_observe_us=6653 d_paints=0 d_skips=50 d_ticks=2 window_ms=1217
[host] slot livedl1ygf_0: d_loop_us=1213 d_raster_us=0 d_observe_us=60189 max_observe_us=12781 d_paints=0 d_skips=50 d_ticks=2 window_ms=1188
[host] slot livedl1ygf_0: d_loop_us=1850 d_raster_us=0 d_observe_us=93548 max_observe_us=14615 d_paints=0 d_skips=50 d_ticks=2 window_ms=1178
[host] slot livedl1ygf_0: d_loop_us=1895 d_raster_us=0 d_observe_us=90209 max_observe_us=12293 d_paints=0 d_skips=50 d_ticks=2 window_ms=1179
[host] slot livedl1ygf_0: d_loop_us=2043 d_raster_us=0 d_observe_us=97144 max_observe_us=12574 d_paints=0 d_skips=50 d_ticks=2 window_ms=1163
[host] slot livedl1ygf_0: d_loop_us=2042 d_raster_us=0 d_observe_us=84039 max_observe_us=10974 d_paints=0 d_skips=50 d_ticks=2 window_ms=1184
[host] slot livedl1ygf_0: d_loop_us=2781 d_raster_us=0 d_observe_us=113371 max_observe_us=14762 d_paints=0 d_skips=50 d_ticks=2 window_ms=1156
[host] slot livedl1ygf_0: d_loop_us=2017 d_raster_us=0 d_observe_us=105222 max_observe_us=15749 d_paints=0 d_skips=50 d_ticks=2 window_ms=1187
[host] slot livedl1ygf_0: d_loop_us=1776 d_raster_us=0 d_observe_us=72783 max_observe_us=11264 d_paints=0 d_skips=50 d_ticks=2 window_ms=1184
[host] slot livedl1ygf_0: d_loop_us=2349 d_raster_us=0 d_observe_us=91293 max_observe_us=14350 d_paints=0 d_skips=50 d_ticks=2 window_ms=1179
[host] slot livedl1ygf_0: d_loop_us=2139 d_raster_us=0 d_observe_us=106605 max_observe_us=13444 d_paints=0 d_skips=50 d_ticks=2 window_ms=1178
[host] slot livedl1ygf_0: d_loop_us=1921 d_raster_us=0 d_observe_us=91495 max_observe_us=15741 d_paints=0 d_skips=50 d_ticks=1 window_ms=1158
[host] slot livedl1ygf_0: d_loop_us=2076 d_raster_us=0 d_observe_us=85820 max_observe_us=11976 d_paints=0 d_skips=50 d_ticks=2 window_ms=1177
[script livedl1ygf_0] rock crab down — 1 kills total
[host] slot livedl1ygf_0: d_loop_us=1506 d_raster_us=0 d_observe_us=77539 max_observe_us=11836 d_paints=0 d_skips=50 d_ticks=2 window_ms=1192
[host] slot livedl1ygf_0: d_loop_us=821 d_raster_us=0 d_observe_us=36591 max_observe_us=5420 d_paints=0 d_skips=50 d_ticks=2 window_ms=1216
[host] slot livedl1ygf_0: d_loop_us=1767 d_raster_us=0 d_observe_us=73700 max_observe_us=11226 d_paints=0 d_skips=50 d_ticks=2 window_ms=1184
[host] slot livedl1ygf_0: d_loop_us=2030 d_raster_us=0 d_observe_us=95150 max_observe_us=13142 d_paints=0 d_skips=50 d_ticks=2 window_ms=1184
[host] slot livedl1ygf_0: d_loop_us=2173 d_raster_us=0 d_observe_us=90099 max_observe_us=14109 d_paints=0 d_skips=50 d_ticks=2 window_ms=1187
[host] slot livedl1ygf_0: d_loop_us=1535 d_raster_us=0 d_observe_us=67344 max_observe_us=9316 d_paints=0 d_skips=50 d_ticks=2 window_ms=1207
[host] slot livedl1ygf_0: d_loop_us=1504 d_raster_us=0 d_observe_us=67601 max_observe_us=10807 d_paints=0 d_skips=50 d_ticks=2 window_ms=1185
[host] slot livedl1ygf_0: d_loop_us=1142 d_raster_us=0 d_observe_us=62673 max_observe_us=11672 d_paints=0 d_skips=50 d_ticks=2 window_ms=1217
[host] slot livedl1ygf_0: d_loop_us=1136 d_raster_us=0 d_observe_us=65310 max_observe_us=11284 d_paints=0 d_skips=50 d_ticks=2 window_ms=1189
[host] slot livedl1ygf_0: d_loop_us=1389 d_raster_us=0 d_observe_us=61260 max_observe_us=11502 d_paints=0 d_skips=50 d_ticks=2 window_ms=1181
[host] slot livedl1ygf_0: d_loop_us=1280 d_raster_us=0 d_observe_us=71827 max_observe_us=12368 d_paints=0 d_skips=50 d_ticks=2 window_ms=1181
[host] slot livedl1ygf_0: d_loop_us=1620 d_raster_us=0 d_observe_us=71627 max_observe_us=11781 d_paints=0 d_skips=50 d_ticks=2 window_ms=1185
[host] slot livedl1ygf_0: d_loop_us=1399 d_raster_us=0 d_observe_us=67062 max_observe_us=11898 d_paints=0 d_skips=50 d_ticks=2 window_ms=1176
[host] slot livedl1ygf_0: d_loop_us=1522 d_raster_us=0 d_observe_us=62535 max_observe_us=9926 d_paints=0 d_skips=50 d_ticks=2 window_ms=1181
[host] slot livedl1ygf_0: d_loop_us=1751 d_raster_us=0 d_observe_us=75767 max_observe_us=11882 d_paints=0 d_skips=50 d_ticks=2 window_ms=1174
[host] slot livedl1ygf_0: d_loop_us=1239 d_raster_us=0 d_observe_us=52607 max_observe_us=8916 d_paints=0 d_skips=50 d_ticks=2 window_ms=1193
[host] slot livedl1ygf_0: d_loop_us=1482 d_raster_us=0 d_observe_us=77824 max_observe_us=12450 d_paints=0 d_skips=50 d_ticks=2 window_ms=1207
[host] slot livedl1ygf_0: d_loop_us=1552 d_raster_us=0 d_observe_us=82292 max_observe_us=12640 d_paints=0 d_skips=50 d_ticks=2 window_ms=1182
[host] slot livedl1ygf_0: d_loop_us=1569 d_raster_us=0 d_observe_us=76859 max_observe_us=12641 d_paints=0 d_skips=50 d_ticks=2 window_ms=1191
[host] slot livedl1ygf_0: d_loop_us=1576 d_raster_us=0 d_observe_us=70655 max_observe_us=11219 d_paints=0 d_skips=50 d_ticks=2 window_ms=1192
[host] slot livedl1ygf_0: d_loop_us=1487 d_raster_us=0 d_observe_us=80445 max_observe_us=12553 d_paints=0 d_skips=50 d_ticks=2 window_ms=1165
[host] slot livedl1ygf_0: d_loop_us=1223 d_raster_us=0 d_observe_us=85211 max_observe_us=12219 d_paints=0 d_skips=50 d_ticks=2 window_ms=1195
[host] slot livedl1ygf_0: d_loop_us=1248 d_raster_us=0 d_observe_us=74870 max_observe_us=11295 d_paints=0 d_skips=50 d_ticks=2 window_ms=1200
[host] slot livedl1ygf_0: d_loop_us=1386 d_raster_us=0 d_observe_us=84180 max_observe_us=11844 d_paints=0 d_skips=50 d_ticks=2 window_ms=1207
[host] slot livedl1ygf_0: d_loop_us=1378 d_raster_us=0 d_observe_us=93598 max_observe_us=12740 d_paints=0 d_skips=50 d_ticks=2 window_ms=1196
[host] slot livedl1ygf_0: d_loop_us=1606 d_raster_us=0 d_observe_us=86628 max_observe_us=9799 d_paints=0 d_skips=50 d_ticks=2 window_ms=1183
[host] slot livedl1ygf_0: d_loop_us=1609 d_raster_us=0 d_observe_us=72340 max_observe_us=9441 d_paints=0 d_skips=50 d_ticks=2 window_ms=1186
[host] slot livedl1ygf_0: d_loop_us=1630 d_raster_us=0 d_observe_us=82119 max_observe_us=12139 d_paints=0 d_skips=50 d_ticks=2 window_ms=1180
[host] slot livedl1ygf_0: d_loop_us=1724 d_raster_us=0 d_observe_us=88296 max_observe_us=12780 d_paints=0 d_skips=50 d_ticks=2 window_ms=1180
[host] slot livedl1ygf_0: d_loop_us=1439 d_raster_us=0 d_observe_us=69361 max_observe_us=12201 d_paints=0 d_skips=50 d_ticks=2 window_ms=1189
[host] slot livedl1ygf_0: d_loop_us=1576 d_raster_us=0 d_observe_us=66426 max_observe_us=9381 d_paints=0 d_skips=50 d_ticks=2 window_ms=1157
[host] slot livedl1ygf_0: d_loop_us=1860 d_raster_us=0 d_observe_us=85705 max_observe_us=13181 d_paints=0 d_skips=50 d_ticks=2 window_ms=1185
[host] slot livedl1ygf_0: d_loop_us=1890 d_raster_us=0 d_observe_us=86103 max_observe_us=13501 d_paints=0 d_skips=50 d_ticks=2 window_ms=1175
[host] slot livedl1ygf_0: d_loop_us=1768 d_raster_us=0 d_observe_us=76478 max_observe_us=11720 d_paints=0 d_skips=50 d_ticks=2 window_ms=1179
[host] slot livedl1ygf_0: d_loop_us=1131 d_raster_us=0 d_observe_us=70611 max_observe_us=10684 d_paints=0 d_skips=50 d_ticks=2 window_ms=1209
[host] slot livedl1ygf_0: d_loop_us=1105 d_raster_us=0 d_observe_us=69498 max_observe_us=7295 d_paints=0 d_skips=50 d_ticks=2 window_ms=1191
[host] slot livedl1ygf_0: d_loop_us=1127 d_raster_us=0 d_observe_us=76639 max_observe_us=5996 d_paints=0 d_skips=50 d_ticks=2 window_ms=1169
[host] slot livedl1ygf_0: d_loop_us=1584 d_raster_us=0 d_observe_us=85341 max_observe_us=10520 d_paints=0 d_skips=50 d_ticks=2 window_ms=1172
[host] slot livedl1ygf_0: d_loop_us=1330 d_raster_us=0 d_observe_us=72207 max_observe_us=10123 d_paints=0 d_skips=50 d_ticks=2 window_ms=1168
[host] slot livedl1ygf_0: d_loop_us=1377 d_raster_us=0 d_observe_us=70114 max_observe_us=6936 d_paints=0 d_skips=50 d_ticks=1 window_ms=1134
[host] slot livedl1ygf_0: d_loop_us=1441 d_raster_us=0 d_observe_us=73619 max_observe_us=11039 d_paints=0 d_skips=50 d_ticks=2 window_ms=1164
[host] slot livedl1ygf_0: d_loop_us=2911 d_raster_us=0 d_observe_us=80379 max_observe_us=14124 d_paints=0 d_skips=50 d_ticks=2 window_ms=1176
[host] slot livedl1ygf_0: d_loop_us=1530 d_raster_us=0 d_observe_us=75806 max_observe_us=11462 d_paints=0 d_skips=50 d_ticks=2 window_ms=1184
[script livedl1ygf_0] interact WalkTo { x: 2702, z: 3720, level: 0 }
[host] slot livedl1ygf_0: d_loop_us=1305 d_raster_us=0 d_observe_us=68467 max_observe_us=15367 d_paints=0 d_skips=50 d_ticks=2 window_ms=1171
[host] slot livedl1ygf_0: d_loop_us=1464 d_raster_us=0 d_observe_us=73280 max_observe_us=13730 d_paints=0 d_skips=50 d_ticks=2 window_ms=1183
[script livedl1ygf_0] woke a rock crab — stack now 3
[script livedl1ygf_0] interact WalkTo { x: 2704, z: 3726, level: 0 }
[host] slot livedl1ygf_0: d_loop_us=2015 d_raster_us=0 d_observe_us=86676 max_observe_us=12614 d_paints=0 d_skips=50 d_ticks=2 window_ms=1174
[host] slot livedl1ygf_0: d_loop_us=956 d_raster_us=0 d_observe_us=50950 max_observe_us=14926 d_paints=0 d_skips=50 d_ticks=2 window_ms=1188
[host] slot livedl1ygf_0: d_loop_us=840 d_raster_us=0 d_observe_us=39085 max_observe_us=7673 d_paints=0 d_skips=50 d_ticks=2 window_ms=1205
[host] slot livedl1ygf_0: d_loop_us=849 d_raster_us=0 d_observe_us=35863 max_observe_us=5610 d_paints=0 d_skips=50 d_ticks=2 window_ms=1194
[host] slot livedl1ygf_0: d_loop_us=902 d_raster_us=0 d_observe_us=36506 max_observe_us=5561 d_paints=0 d_skips=50 d_ticks=2 window_ms=1190
[host] slot livedl1ygf_0: d_loop_us=843 d_raster_us=0 d_observe_us=34867 max_observe_us=5541 d_paints=0 d_skips=50 d_ticks=2 window_ms=1183
[host] slot livedl1ygf_0: d_loop_us=830 d_raster_us=0 d_observe_us=36436 max_observe_us=5639 d_paints=0 d_skips=50 d_ticks=2 window_ms=1183
[host] slot livedl1ygf_0: d_loop_us=940 d_raster_us=0 d_observe_us=42104 max_observe_us=5798 d_paints=0 d_skips=50 d_ticks=2 window_ms=1183
[host] slot livedl1ygf_0: d_loop_us=928 d_raster_us=0 d_observe_us=45924 max_observe_us=7868 d_paints=0 d_skips=50 d_ticks=2 window_ms=1185
[host] slot livedl1ygf_0: d_loop_us=832 d_raster_us=0 d_observe_us=38941 max_observe_us=6278 d_paints=0 d_skips=50 d_ticks=2 window_ms=1187
[host] slot livedl1ygf_0: d_loop_us=951 d_raster_us=0 d_observe_us=45956 max_observe_us=6650 d_paints=0 d_skips=50 d_ticks=2 window_ms=1189
[host] slot livedl1ygf_0: d_loop_us=1076 d_raster_us=0 d_observe_us=45334 max_observe_us=7965 d_paints=0 d_skips=50 d_ticks=2 window_ms=1159
[host] slot livedl1ygf_0: d_loop_us=962 d_raster_us=0 d_observe_us=41601 max_observe_us=6760 d_paints=0 d_skips=50 d_ticks=2 window_ms=1155
[host] slot livedl1ygf_0: d_loop_us=1109 d_raster_us=0 d_observe_us=42481 max_observe_us=6993 d_paints=0 d_skips=50 d_ticks=2 window_ms=1185
[host] slot livedl1ygf_0: d_loop_us=959 d_raster_us=0 d_observe_us=41702 max_observe_us=6324 d_paints=0 d_skips=50 d_ticks=2 window_ms=1169
[host] slot livedl1ygf_0: d_loop_us=906 d_raster_us=0 d_observe_us=42136 max_observe_us=6921 d_paints=0 d_skips=50 d_ticks=2 window_ms=1158
[host] slot livedl1ygf_0: d_loop_us=910 d_raster_us=0 d_observe_us=40998 max_observe_us=5900 d_paints=0 d_skips=50 d_ticks=2 window_ms=1173
[host] slot livedl1ygf_0: d_loop_us=1003 d_raster_us=0 d_observe_us=43175 max_observe_us=6670 d_paints=0 d_skips=50 d_ticks=2 window_ms=1176
[host] slot livedl1ygf_0: d_loop_us=952 d_raster_us=0 d_observe_us=41096 max_observe_us=6571 d_paints=0 d_skips=50 d_ticks=2 window_ms=1182
[host] slot livedl1ygf_0: d_loop_us=982 d_raster_us=0 d_observe_us=40762 max_observe_us=6843 d_paints=0 d_skips=50 d_ticks=2 window_ms=1199
[host] slot livedl1ygf_0: d_loop_us=957 d_raster_us=0 d_observe_us=42423 max_observe_us=6566 d_paints=0 d_skips=50 d_ticks=2 window_ms=1183
[host] slot livedl1ygf_0: d_loop_us=1070 d_raster_us=0 d_observe_us=42798 max_observe_us=6930 d_paints=0 d_skips=50 d_ticks=2 window_ms=1190
[host] slot livedl1ygf_0: d_loop_us=1070 d_raster_us=0 d_observe_us=41033 max_observe_us=6405 d_paints=0 d_skips=50 d_ticks=2 window_ms=1185
[host] slot livedl1ygf_0: d_loop_us=948 d_raster_us=0 d_observe_us=41546 max_observe_us=6893 d_paints=0 d_skips=50 d_ticks=2 window_ms=1185
[host] slot livedl1ygf_0: d_loop_us=887 d_raster_us=0 d_observe_us=39983 max_observe_us=6360 d_paints=0 d_skips=50 d_ticks=2 window_ms=1199
[host] slot livedl1ygf_0: d_loop_us=891 d_raster_us=0 d_observe_us=40468 max_observe_us=6865 d_paints=0 d_skips=50 d_ticks=2 window_ms=1185
[script livedl1ygf_0] interact Held { name: "Lobster", action: "Eat" }
[shim-held] Lobster Eat slot=2 -> sent
[host] slot livedl1ygf_0: d_loop_us=884 d_raster_us=0 d_observe_us=34920 max_observe_us=5863 d_paints=0 d_skips=50 d_ticks=2 window_ms=1175
[host] slot livedl1ygf_0: d_loop_us=993 d_raster_us=0 d_observe_us=43997 max_observe_us=9408 d_paints=0 d_skips=50 d_ticks=1 window_ms=1181
FAIL: catalog_boundary_live: bounded timeout; runner=Passed; core={"error":"rock_crab core post-Start delta incomplete","witness":{"case":"rock_crab","baseline":{"ingame":true,"scene_state":2,"player":"Livedl1ygf 0","tile":[2704,3726,0],"combat_level":36,"tick":22,"items":{"Adamant scimitar":1,"Lobster":8},"item_ids":{"379":8,"1331":1},"bank":{},"bank_ids":{},"bank_open":false,"bank_loaded":false,"bank_generation":0,"levels":{"-unused-":0,"agility":1,"attack":40,"cooking":1,"crafting":1,"defence":1,"firemaking":1,"fishing":1,"fletching":1,"herblore":1,"hitpoints":40,"magic":1,"mining":1,"prayer":1,"ranged":1,"runecraft":1,"slayer":1,"smithing":1,"strength":40,"thieving":1,"woodcutting":1},"xp":{"-unused-":0,"agility":0,"attack":37224,"cooking":0,"crafting":0,"defence":0,"firemaking":0,"fishing":0,"fletching":0,"herblore":0,"hitpoints":37224,"magic":0,"mining":0,"prayer":0,"ranged":0,"runecraft":0,"slayer":0,"smithing":0,"strength":37224,"thieving":0,"woodcutting":0},"varps":{"309":0},"chat":[[7,"Inventory wiped."],[6,"set tutorial: to 1000"],[5,"Welcome to RuneScape."]],"loc_facts":[],"npc_facts":[{"index":7257,"name":"Rock Crab","health":50,"total_health":50,"animation":1313,"in_combat":true,"targeting_local":true,"tile":[2704,3727,0],"distance":1},{"index":7259,"name":"Rock Crab","health":0,"total_health":0,"animation":1312,"in_combat":false,"targeting_local":true,"tile":[2705,3725,0],"distance":1}],"ground_loot":[],"local_in_combat":true,"local_target_npc":7257,"local_health":40,"local_animation":422,"equipment_ids":{},"main_modal":-1,"widget_ids":[3213,3214]},"latest":{"ingame":true,"scene_state":2,"player":"Livedl1ygf 0","tile":[2704,3726,0],"combat_level":36,"tick":294,"items":{"Adamant scimitar":1,"Lobster":6},"item_ids":{"379":6,"1331":1},"bank":{},"bank_ids":{},"bank_open":false,"bank_loaded":false,"bank_generation":0,"levels":{"-unused-":0,"agility":1,"attack":40,"cooking":1,"crafting":1,"defence":1,"firemaking":1,"fishing":1,"fletching":1,"herblore":1,"hitpoints":40,"magic":1,"mining":1,"prayer":1,"ranged":1,"runecraft":1,"slayer":1,"smithing":1,"strength":40,"thieving":1,"woodcutting":1},"xp":{"-unused-":0,"agility":0,"attack":37224,"cooking":0,"crafting":0,"defence":0,"firemaking":0,"fishing":0,"fletching":0,"herblore":0,"hitpoints":37390,"magic":0,"mining":0,"prayer":0,"ranged":0,"runecraft":0,"slayer":0,"smithing":0,"strength":37732,"thieving":0,"woodcutting":0},"varps":{"309":0},"chat":[[11,"It heals some health."],[10,"You eat the lobster."],[9,"It heals some health."],[8,"You eat the lobster."],[7,"Inventory wiped."],[6,"set tutorial: to 1000"],[5,"Welcome to RuneScape."]],"loc_facts":[],"npc_facts":[{"index":7255,"name":"Rock Crab","health":0,"total_health":0,"animation":-1,"in_combat":false,"targeting_local":true,"tile":[2704,3724,0],"distance":2},{"index":7254,"name":"Rock Crab","health":22,"total_health":50,"animation":1312,"in_combat":true,"targeting_local":true,"tile":[2704,3725,0],"distance":1},{"index":7259,"name":"Rock Crab","health":4,"total_health":50,"animation":-1,"in_combat":false,"targeting_local":true,"tile":[2703,3725,0],"distance":1},{"index":7257,"name":"Rock Crab","health":0,"total_health":0,"animation":1313,"in_combat":false,"targeting_local":true,"tile":[2704,3727,0],"distance":1}],"ground_loot":[],"local_in_combat":true,"local_target_npc":7257,"local_health":39,"local_animation":423,"equipment_ids":{},"main_modal":-1,"widget_ids":[3213,3214]},"max_items":{"Adamant scimitar":1,"Lobster":8},"max_xp":{"-unused-":0,"agility":0,"attack":37224,"cooking":0,"crafting":0,"defence":0,"firemaking":0,"fishing":0,"fletching":0,"herblore":0,"hitpoints":37390,"magic":0,"mining":0,"prayer":0,"ranged":0,"runecraft":0,"slayer":0,"smithing":0,"strength":37732,"thieving":0,"woodcutting":0},"saw_bury_chat":false,"post_start_observations":6884,"bone_bank_cycle":{"first_batch_buried":false,"opened":null,"withdrawn":null,"buried_after_withdrawal":false},"bank_fletcher_cycle":{"first_pack_created":false,"deposited":null,"withdrawn":null,"crafted_after_withdrawal":false},"bank_fletcher_option_cycle":{"first":null,"deposited":null,"restocked":null,"further":false},"bank_fletcher_string_cycle":{"initial_pairs_strung":false,"deposited":null,"withdrawn":null,"strung_after_withdrawal":false},"bank_fletcher_cut_string_cycle":{"cut_pair_created":false,"deposited":null,"withdrawn":null,"string_pair_created":false},"alcher_defaults_cycle":{"withdrawn":null,"consumed":false},"alcher_generated_custom_cycle":{"withdrawn":null,"consumed":false},"dart_fletcher_cycle":{"first":null,"further":false,"wrong_tier":false},"herb_cleaner_cycle":{"first_pack":false,"deposited":null,"withdrawn":null,"cleaned_after_withdrawal":false,"filter_violated":false},"gem_cutter_cycle":{"first_pack":false,"deposited":null,"withdrawn":null,"cut_after_withdrawal":false,"filter_violated":false},"door_opener_cycle":{"selected":null,"opened":false},"gnome_course_cycle":{"log":null,"ground_return":null,"pipe":null,"second_lap":false},"wildy_agility_cycle":{"ridge":null,"pipe":null,"rope":null,"stone":null,"log":null,"rocks":null,"further_pipe":false},"brimhaven_agility_cycle":{"paid":false,"entered":null,"moved":null,"first_tag":false,"ticket":null,"subsequent_work":false},"flax_picker_cycle":{"first_pack":false,"deposited":null,"returned":false,"further":false},"superheater_cycle":{"first_bars":false,"deposited":null,"withdrawn":null,"produced_after_withdrawal":false,"wrong_product":false,"wrong_staff":false},"chicken_killer_bank_cycle":{"combat_loot":false,"deposited":null,"returned":false,"further":false},"vial_filler_cycle":{"filled":null,"deposited":null,"withdrawn":null,"returned":false,"further":false},"potion_maker_cycle":{"unfinished":null,"finished":null,"deposited":null,"withdrawn":null,"further":false,"wrong_product":false,"filter_violated":false},"tanner_bot_cycle":{"widget":null,"tanned":null,"deposited":null,"withdrawn":null,"returned":false,"further":false,"wrong_product":false,"shop":false},"rune_crafter_cycle":{"withdrawn":null,"entered":null,"crafted":null,"exited":null,"deposited":null,"restocked":null,"returned":false,"further":false,"wrong_product":false,"noted":false},"ardy_cakes_cycle":{"stolen":null,"deposited":null,"returned":false,"further":false,"wrong_product":false,"noted":false},"ardy_thiever_cycle":{"pickpocketed":null,"deposited":null,"returned":false,"further":false},"gnome_chop_cycle":{"chopped":null,"deposited":null,"returned":false,"further":false,"wrong_product":false,"noted":false},"gnome_fletch_cycle":{"chopped":null,"fletched":null,"deposited":null,"returned":false,"further":false,"wrong_product":false,"noted":false},"coal_trucks_cycle":{"mined":null,"trucked":null,"further":false,"noted":false,"banked":false},"station_production_cycle":{"withdrawn":null,"produced":null,"deposited":null,"restocked":null,"returned":false,"further":false,"wrong_product":false,"noted":false},"flax_aio_cycle":{"picked":null,"produced":null,"deposited":null,"returned":false,"further":false,"wrong_product":false,"noted":false},"flax_aio_pick_cycle":{"first_pack":false,"deposited":null,"returned":false,"further":false,"wrong_product":false,"noted":false},"herblore_eggs_cycle":{"taken":false,"deposited":null,"returned":false,"further":false,"wrong_product":false,"noted":false},"herblore_newt_cycle":{"bought":false,"deposited":null,"returned":false,"further":false,"coins_spent":false,"coins_peak":0,"wrong_product":false,"noted":false},"combat_core_cycle":{"engagements":4871,"defeats":4,"style_xp":true,"looted":false,"noted":false,"activated":false,"shield_worn":false,"stolen_food":false,"wrong_item":false,"dormant_indexes":[],"dormant_tiles":{},"last":{"7254":{"name":"Rock Crab","health":22,"animation":1312,"tile":[2704,3725,0],"engaged":true,"defeated":true},"7255":{"name":"Rock Crab","health":0,"animation":-1,"tile":[2704,3724,0],"engaged":true,"defeated":true},"7257":{"name":"Rock Crab","health":0,"animation":1313,"tile":[2704,3727,0],"engaged":true,"defeated":true},"7259":{"name":"Rock Crab","health":4,"animation":-1,"tile":[2703,3725,0],"engaged":true,"defeated":true}},"currently_engaged":[7254,7255,7257,7259],"facts":[{"kind":"engage","index":7257,"name":"Rock Crab","health":50,"animation":1312,"loot_id":null,"zero_health":false},{"kind":"engage","index":7259,"name":"Rock Crab","health":0,"animation":1312,"loot_id":null,"zero_health":false},{"kind":"defeat","index":7259,"name":"Rock Crab","health":0,"animation":1312,"loot_id":null,"zero_health":true},{"kind":"engage","index":7259,"name":"Rock Crab","health":0,"animation":1312,"loot_id":null,"zero_health":false},{"kind":"engage","index":7254,"name":"Rock Crab","health":0,"animation":-1,"loot_id":null,"zero_health":false},{"kind":"defeat","index":7254,"name":"Rock Crab","health":0,"animation":-1,"loot_id":null,"zero_health":true},{"kind":"engage","index":7254,"name":"Rock Crab","health":0,"animation":-1,"loot_id":null,"zero_health":false},{"kind":"defeat","index":7257,"name":"Rock Crab","health":0,"animation":1313,"loot_id":null,"zero_health":true},{"kind":"engage","index":7257,"name":"Rock Crab","health":0,"animation":1313,"loot_id":null,"zero_health":false},{"kind":"engage","index":7259,"name":"Rock Crab","health":50,"animation":1313,"loot_id":null,"zero_health":false},{"kind":"engage","index":7259,"name":"Rock Crab","health":50,"animation":1313,"loot_id":null,"zero_health":false},{"kind":"engage","index":7259,"name":"Rock Crab","health":50,"animation":1313,"loot_id":null,"zero_health":false},{"kind":"engage","index":7259,"name":"Rock Crab","health":50,"animation":1313,"loot_id":null,"zero_health":false},{"kind":"engage","index":7259,"name":"Rock Crab","health":50,"animation":1313,"loot_id":null,"zero_health":false},{"kind":"engage","index":7259,"name":"Rock Crab","health":50,"animation":1313,"loot_id":null,"zero_health":false},{"kind":"engage","index":7259,"name":"Rock Crab","health":50,"animation":1313,"loot_id":null,"zero_health":false}]},"ordered_first_exhausted":false}}
