
running 1 test
{"phase":"identity","revision":274,"profile":"local-274 · 127.0.0.1:43594 · revision 274","cache_id":"4aac9b63312dcb75d5de8f686772d083ba0808c57985438246edf21ef522be1c","nav_pack":"/Users/acfrazier/experiments/274bot/.worktrees/rs2b0t-multirevision/.superpowers/world-capabilities/274/274bot.navpack","nav_sha256":"05db24743e9f549ced16c1f00b87c30a390d3aaec391815da3f3563130b3bcd4","catalog_commit":"8e7d965be2071d6ec65c3265e12af797082d720a","catalog_identity":"289-updated frozen catalog","catalog_read_only_path":".superpowers/inputs/rs2b0t-8e7d965be2071d6ec65c3265e12af797082d720a","catalog_root":"/Users/acfrazier/experiments/274bot/.worktrees/rs2b0t-multirevision/.superpowers/inputs/rs2b0t-8e7d965be2071d6ec65c3265e12af797082d720a","registry_path":"/Users/acfrazier/experiments/274bot/.worktrees/rs2b0t-multirevision/.superpowers/inputs/rs2b0t-8e7d965be2071d6ec65c3265e12af797082d720a/src/bot/scripts/index.ts","registry_sha256":"b614aedb3d5adfdfbac3760f082273f3cf5c33fffe4ced0f2b01490ae02d1bc2","card":{"card":"Alcher","source_path":"/Users/acfrazier/experiments/274bot/.worktrees/rs2b0t-multirevision/.superpowers/inputs/rs2b0t-8e7d965be2071d6ec65c3265e12af797082d720a/src/bot/scripts/Alcher/Alcher.ts","source_sha256":"1a09baa1117544a2bb80da145829e69c9ced029ad5af533616afa8e7a36f2032","compiled_sha256":"b135fe3d8a67fa4856830370523147832ce791f08c2e08290c2cf7cf82afab1e","siblings":[{"module":"/rs2b0t/bot/scripts/bot/AlcherLogic.js","compiled_sha256":"d531c3378e4510631386b4406dccc335ca1535ff38212f26bf9212fe19d8b61c"}],"settings":{"customItem":"rune_chainbody","alchs":1.0,"items":["custom"]}},"account":"liveaum28j_0","engine_speed_ms":null}
[host-play] slot liveaum28j_0: thread up
274bot: loaded snapshot (4556 models, 336 anim records)
[host-play] slot liveaum28j_0: handshake begin reconnect=false
[host-play] slot liveaum28j_0: handshake ok
[host-play] slot liveaum28j_0: queued mainland tele+setvar (scene 2)
[host] slot liveaum28j_0: d_loop_us=16523 d_raster_us=0 d_observe_us=61089 max_observe_us=7844 d_paints=0 d_skips=50 d_ticks=5 window_ms=0
[host-play] slot liveaum28j_0: handshake begin reconnect=true
[host-play] slot liveaum28j_0: handshake ok
[host] slot liveaum28j_0: d_loop_us=719 d_raster_us=0 d_observe_us=35219 max_observe_us=3058 d_paints=0 d_skips=50 d_ticks=1 window_ms=0
[host-play] slot liveaum28j_0: queued mainland tele+setvar (scene 2)
{"phase":"baseline-after-preparation","scenario":"alcher_custom","account":"liveaum28j_0","observation":{"ingame":true,"scene_state":2,"player":"Liveaum28j 0","tile":[3185,3440,0],"tick":14,"items":{},"bank":{},"bank_open":false,"bank_loaded":false,"bank_generation":0,"levels":{"-unused-":0,"agility":1,"attack":1,"cooking":1,"crafting":1,"defence":1,"firemaking":1,"fishing":1,"fletching":1,"herblore":1,"hitpoints":10,"magic":55,"mining":1,"prayer":1,"ranged":1,"runecraft":1,"slayer":1,"smithing":1,"strength":1,"thieving":1,"woodcutting":1},"xp":{"-unused-":0,"agility":0,"attack":0,"cooking":0,"crafting":0,"defence":0,"firemaking":0,"fishing":0,"fletching":0,"herblore":0,"hitpoints":1154,"magic":166636,"mining":0,"prayer":0,"ranged":0,"runecraft":0,"slayer":0,"smithing":0,"strength":0,"thieving":0,"woodcutting":0},"chat":[[6,"set tutorial: to 1000"],[5,"Welcome to RuneScape."]]}}
[script liveaum28j_0] start load
{"phase":"start","account":"liveaum28j_0","count":1}
[host] hitch liveaum28j_0: observe_us=60662 paints=0 skips=85 ticks=14
[host] slot liveaum28j_0: d_loop_us=25193 d_raster_us=0 d_observe_us=160319 max_observe_us=60662 d_paints=0 d_skips=50 d_ticks=14 window_ms=8724
[script liveaum28j_0] custom item: Rune chainbody (rune_chainbody, 30000gp each)
[script liveaum28j_0] Alcher — High Level Alchemy on 1 item(s), richest first: Rune chainbody
[script liveaum28j_0] banking at Bank booth (Bank booth / Use-quickly)
[script liveaum28j_0] interact OpenBooth { x: 3186, z: 3440, level: 0, id: 2213, name: Some("Bank booth"), action: Some("Use-quickly") }
[host] slot liveaum28j_0: d_loop_us=1365 d_raster_us=0 d_observe_us=88537 max_observe_us=13708 d_paints=0 d_skips=50 d_ticks=2 window_ms=1193
[script liveaum28j_0] interact Close
[shim-close] sent
[host] slot liveaum28j_0: d_loop_us=1435 d_raster_us=0 d_observe_us=104322 max_observe_us=14720 d_paints=0 d_skips=50 d_ticks=2 window_ms=1182
[script liveaum28j_0] interact Held { name: "Staff of fire", action: "Wield" }
[shim-held] Staff of fire Wield slot=0 -> sent
test catalog_boundary_live has been running for over 60 seconds
[host] slot liveaum28j_0: d_loop_us=1927 d_raster_us=0 d_observe_us=102323 max_observe_us=13008 d_paints=0 d_skips=50 d_ticks=2 window_ms=1178
[script liveaum28j_0] wore Staff of fire — casts need only Nature runes now
[script liveaum28j_0] interact OpenBooth { x: 3186, z: 3440, level: 0, id: 2213, name: Some("Bank booth"), action: Some("Use-quickly") }
[host] slot liveaum28j_0: d_loop_us=1648 d_raster_us=0 d_observe_us=105864 max_observe_us=11087 d_paints=0 d_skips=50 d_ticks=2 window_ms=1183
[script liveaum28j_0] interact SetNoteMode { on: true }
[shim-note] on=true sent
[host] slot liveaum28j_0: d_loop_us=1437 d_raster_us=0 d_observe_us=94175 max_observe_us=11326 d_paints=0 d_skips=50 d_ticks=2 window_ms=1195
[script liveaum28j_0] withdrew 1 Rune chainbody (noted, 30000gp each)
[host] slot liveaum28j_0: d_loop_us=1563 d_raster_us=0 d_observe_us=111846 max_observe_us=11395 d_paints=0 d_skips=50 d_ticks=2 window_ms=1166
[script liveaum28j_0] withdrew 1 Nature runes
[script liveaum28j_0] interact Close
[shim-close] sent
[script liveaum28j_0] restocked: 1 Rune chainbody notes + 1 Nature runes
[host] slot liveaum28j_0: d_loop_us=1513 d_raster_us=0 d_observe_us=107360 max_observe_us=10861 d_paints=0 d_skips=50 d_ticks=2 window_ms=1142
[script liveaum28j_0] interact SideTab { tab: 6 }
[script liveaum28j_0] interact UseWidgetOn { component_id: 1178, kind: "held", target_name: Some("Rune chainbody"), x: 0, z: 0, level: 0, index: None }
[host] slot liveaum28j_0: d_loop_us=1503 d_raster_us=0 d_observe_us=111473 max_observe_us=11073 d_paints=0 d_skips=50 d_ticks=2 window_ms=1147
PASS: catalog_boundary_live: {"scenario":"alcher_custom","runner":"Some(Evidence { scenario: \"alcher_custom\", outcome: \"PASS\", predicate: \"stat_xp_gain(6)>=1\", ticks: 38, elapsed_ms: 42288, message: None, tile: Some([3185, 3440, 0]), inv: [InvRow { id: 995, name: Some(\"Coins\"), count: 30000 }], stat: Some(StatRow { runenergy: 100 }), chat: [ChatRow { text: \"This item can not be withdrawn as a note.\", username: None }, ChatRow { text: \"set tutorial: to 1000\", username: None }, ChatRow { text: \"Welcome to RuneScape.\", username: None }], scene: 2 })","core":{"case":"alcher_custom","baseline":{"ingame":true,"scene_state":2,"player":"Liveaum28j 0","tile":[3185,3440,0],"tick":14,"items":{},"bank":{},"bank_open":false,"bank_loaded":false,"bank_generation":0,"levels":{"-unused-":0,"agility":1,"attack":1,"cooking":1,"crafting":1,"defence":1,"firemaking":1,"fishing":1,"fletching":1,"herblore":1,"hitpoints":10,"magic":55,"mining":1,"prayer":1,"ranged":1,"runecraft":1,"slayer":1,"smithing":1,"strength":1,"thieving":1,"woodcutting":1},"xp":{"-unused-":0,"agility":0,"attack":0,"cooking":0,"crafting":0,"defence":0,"firemaking":0,"fishing":0,"fletching":0,"herblore":0,"hitpoints":1154,"magic":166636,"mining":0,"prayer":0,"ranged":0,"runecraft":0,"slayer":0,"smithing":0,"strength":0,"thieving":0,"woodcutting":0},"chat":[[6,"set tutorial: to 1000"],[5,"Welcome to RuneScape."]]},"latest":{"ingame":true,"scene_state":2,"player":"Liveaum28j 0","tile":[3185,3440,0],"tick":32,"items":{"Coins":30000},"bank":{},"bank_open":false,"bank_loaded":false,"bank_generation":4,"levels":{"-unused-":0,"agility":1,"attack":1,"cooking":1,"crafting":1,"defence":1,"firemaking":1,"fishing":1,"fletching":1,"herblore":1,"hitpoints":10,"magic":55,"mining":1,"prayer":1,"ranged":1,"runecraft":1,"slayer":1,"smithing":1,"strength":1,"thieving":1,"woodcutting":1},"xp":{"-unused-":0,"agility":0,"attack":0,"cooking":0,"crafting":0,"defence":0,"firemaking":0,"fishing":0,"fletching":0,"herblore":0,"hitpoints":1154,"magic":166701,"mining":0,"prayer":0,"ranged":0,"runecraft":0,"slayer":0,"smithing":0,"strength":0,"thieving":0,"woodcutting":0},"chat":[[7,"This item can not be withdrawn as a note."],[6,"set tutorial: to 1000"],[5,"Welcome to RuneScape."]]},"max_items":{"Coins":30000,"Nature rune":1,"Rune chainbody":1,"Staff of fire":1},"max_xp":{"-unused-":0,"agility":0,"attack":0,"cooking":0,"crafting":0,"defence":0,"firemaking":0,"fishing":0,"fletching":0,"herblore":0,"hitpoints":1154,"magic":166701,"mining":0,"prayer":0,"ranged":0,"runecraft":0,"slayer":0,"smithing":0,"strength":0,"thieving":0,"woodcutting":0},"saw_bury_chat":false,"post_start_observations":434,"bone_bank_cycle":{"first_batch_buried":false,"opened":null,"withdrawn":null,"buried_after_withdrawal":false},"ordered_first_exhausted":false}}
test catalog_boundary_live ... ok

test result: ok. 1 passed; 0 failed; 0 ignored; 0 measured; 9 filtered out; finished in 66.80s

