
running 1 test
{"phase":"identity","revision":274,"profile":"local-274 · 127.0.0.1:43594 · revision 274","cache_id":"4aac9b63312dcb75d5de8f686772d083ba0808c57985438246edf21ef522be1c","nav_pack":"/Users/acfrazier/experiments/274bot/.worktrees/rs2b0t-multirevision/.superpowers/world-capabilities/274/274bot.navpack","nav_sha256":"05db24743e9f549ced16c1f00b87c30a390d3aaec391815da3f3563130b3bcd4","catalog_commit":"100adccc037d9f6898080e1cad58fcfc43364775","catalog_identity":"pre-289 frozen catalog","catalog_read_only_path":".superpowers/inputs/rs2b0t-100adccc037d9f6898080e1cad58fcfc43364775","catalog_root":"/Users/acfrazier/experiments/274bot/.worktrees/rs2b0t-multirevision/.superpowers/inputs/rs2b0t-100adccc037d9f6898080e1cad58fcfc43364775","registry_path":"/Users/acfrazier/experiments/274bot/.worktrees/rs2b0t-multirevision/.superpowers/inputs/rs2b0t-100adccc037d9f6898080e1cad58fcfc43364775/src/bot/scripts/index.ts","registry_sha256":"b614aedb3d5adfdfbac3760f082273f3cf5c33fffe4ced0f2b01490ae02d1bc2","card":{"card":"FlaxAIO","source_path":"/Users/acfrazier/experiments/274bot/.worktrees/rs2b0t-multirevision/.superpowers/inputs/rs2b0t-100adccc037d9f6898080e1cad58fcfc43364775/src/bot/scripts/FlaxAIO/flaxaio.ts","source_sha256":"6fd81a87dc88822298f5f5557e3f6163a5dadf46480e7f686fc4892001b608a1","compiled_sha256":"6f1851aa49ce152da36147f1cfd9f6425eb1be80b6b850da0a87cfb9f6a125dc","siblings":[{"module":"/rs2b0t/bot/scripts/bot/spinning.js","compiled_sha256":"f12aafddc75ce425bb2cdc46d43b8d61175be4aa863bcd91f953d7a53f752886"},{"module":"/rs2b0t/bot/scripts/bot/walking.js","compiled_sha256":"68c71306942161e5273a147072f06585d83d54888864ab7d5df22ba0ebceb469"},{"module":"/rs2b0t/bot/scripts/bot/banking.js","compiled_sha256":"adb7045b3c0986451b9366292536f7a4043c28de05e42528add29b8d7454baff"},{"module":"/rs2b0t/bot/scripts/bot/picking.js","compiled_sha256":"ed7e6686b2e9d5a12dea3e1a95bde14053b381626fbef4e20ff2c4712e99a247"}],"settings":{"picking":true,"spinning":false}},"account":"liverm3ame_0","engine_speed_ms":null}
[host-play] slot liverm3ame_0: thread up
274bot: loaded snapshot (4556 models, 336 anim records)
[host-play] slot liverm3ame_0: handshake begin reconnect=false
[host-play] slot liverm3ame_0: handshake ok
[host-play] slot liverm3ame_0: queued mainland tele+setvar (scene 2)
[host] slot liverm3ame_0: d_loop_us=8878 d_raster_us=0 d_observe_us=57169 max_observe_us=7895 d_paints=0 d_skips=50 d_ticks=2 window_ms=0
[host-play] slot liverm3ame_0: handshake begin reconnect=true
[host-play] slot liverm3ame_0: handshake ok
[host] slot liverm3ame_0: d_loop_us=654 d_raster_us=0 d_observe_us=31467 max_observe_us=3035 d_paints=0 d_skips=50 d_ticks=1 window_ms=0
[host-play] slot liverm3ame_0: queued mainland tele+setvar (scene 2)
{"phase":"baseline-after-preparation","scenario":"flax_aio_pick","account":"liverm3ame_0","observation":{"ingame":true,"scene_state":2,"player":"Liverm3ame 0","tile":[2741,3444,0],"combat_level":3,"tick":18,"items":{},"item_ids":{},"bank":{},"bank_ids":{},"bank_open":false,"bank_loaded":false,"bank_generation":0,"levels":{"-unused-":0,"agility":1,"attack":1,"cooking":1,"crafting":1,"defence":1,"firemaking":1,"fishing":1,"fletching":1,"herblore":1,"hitpoints":10,"magic":1,"mining":1,"prayer":1,"ranged":1,"runecraft":1,"slayer":1,"smithing":1,"strength":1,"thieving":1,"woodcutting":1},"xp":{"-unused-":0,"agility":0,"attack":0,"cooking":0,"crafting":0,"defence":0,"firemaking":0,"fishing":0,"fletching":0,"herblore":0,"hitpoints":1154,"magic":0,"mining":0,"prayer":0,"ranged":0,"runecraft":0,"slayer":0,"smithing":0,"strength":0,"thieving":0,"woodcutting":0},"varps":{"309":0},"chat":[[7,"Inventory wiped."],[6,"set tutorial: to 1000"],[5,"Welcome to RuneScape."]],"loc_facts":[],"npc_facts":[],"ground_loot":[],"local_in_combat":false,"local_target_npc":null,"local_health":0,"local_animation":-1,"equipment_ids":{},"main_modal":-1,"widget_ids":[3213,3214]}}
[script liverm3ame_0] start load
{"phase":"start","account":"liverm3ame_0","count":1}
[host] hitch liverm3ame_0: observe_us=105296 paints=0 skips=86 ticks=18
[script liverm3ame_0] FlaxAIO (pick) — flax 'Flax' at (2741, 3444, 0), wheel (2711, 3471, 1)
[script liverm3ame_0] interact Loc { x: 2739, z: 3442, level: 0, action: "Pick", id: Some(2646) }
[host] slot liverm3ame_0: d_loop_us=28854 d_raster_us=0 d_observe_us=215370 max_observe_us=105296 d_paints=0 d_skips=50 d_ticks=18 window_ms=11134
[host] hitch liverm3ame_0: observe_us=26272 paints=0 skips=109 ticks=20
[host] slot liverm3ame_0: d_loop_us=930 d_raster_us=0 d_observe_us=86701 max_observe_us=26272 d_paints=0 d_skips=50 d_ticks=2 window_ms=1190
[host] hitch liverm3ame_0: observe_us=30619 paints=0 skips=160 ticks=22
[script liverm3ame_0] interact Loc { x: 2738, z: 3441, level: 0, action: "Pick", id: Some(2646) }
[host] hitch liverm3ame_0: observe_us=26896 paints=0 skips=185 ticks=23
[script liverm3ame_0] interact Loc { x: 2738, z: 3441, level: 0, action: "Pick", id: Some(2646) }
[host] slot liverm3ame_0: d_loop_us=1115 d_raster_us=0 d_observe_us=129130 max_observe_us=30619 d_paints=0 d_skips=50 d_ticks=2 window_ms=1191
[host] hitch liverm3ame_0: observe_us=17191 paints=0 skips=211 ticks=24
[host] hitch liverm3ame_0: observe_us=26319 paints=0 skips=236 ticks=25
[script liverm3ame_0] interact Loc { x: 2738, z: 3440, level: 0, action: "Pick", id: Some(2646) }
[host] slot liverm3ame_0: d_loop_us=1231 d_raster_us=0 d_observe_us=123945 max_observe_us=26319 d_paints=0 d_skips=50 d_ticks=2 window_ms=1178
[host] hitch liverm3ame_0: observe_us=30377 paints=0 skips=261 ticks=26
[script liverm3ame_0] interact Loc { x: 2737, z: 3440, level: 0, action: "Pick", id: Some(2646) }
[host] slot liverm3ame_0: d_loop_us=945 d_raster_us=0 d_observe_us=91643 max_observe_us=30377 d_paints=0 d_skips=50 d_ticks=2 window_ms=1206
[host] hitch liverm3ame_0: observe_us=20399 paints=0 skips=336 ticks=29
[script liverm3ame_0] interact Loc { x: 2738, z: 3440, level: 0, action: "Pick", id: Some(2646) }
[host] slot liverm3ame_0: d_loop_us=944 d_raster_us=0 d_observe_us=89247 max_observe_us=20399 d_paints=0 d_skips=50 d_ticks=2 window_ms=1183
[host] hitch liverm3ame_0: observe_us=25643 paints=0 skips=361 ticks=30
[script liverm3ame_0] interact Loc { x: 2738, z: 3440, level: 0, action: "Pick", id: Some(2646) }
[host] slot liverm3ame_0: d_loop_us=993 d_raster_us=0 d_observe_us=92208 max_observe_us=25643 d_paints=0 d_skips=50 d_ticks=2 window_ms=1191
[host] hitch liverm3ame_0: observe_us=34613 paints=0 skips=412 ticks=32
[script liverm3ame_0] interact Loc { x: 2739, z: 3440, level: 0, action: "Pick", id: Some(2646) }
[host] hitch liverm3ame_0: observe_us=17456 paints=0 skips=437 ticks=33
[host] slot liverm3ame_0: d_loop_us=1276 d_raster_us=0 d_observe_us=103691 max_observe_us=34613 d_paints=0 d_skips=50 d_ticks=2 window_ms=1194
[host] hitch liverm3ame_0: observe_us=18522 paints=0 skips=462 ticks=34
[host] hitch liverm3ame_0: observe_us=30304 paints=0 skips=487 ticks=35
[script liverm3ame_0] interact Loc { x: 2738, z: 3439, level: 0, action: "Pick", id: Some(2646) }
[host] slot liverm3ame_0: d_loop_us=1112 d_raster_us=0 d_observe_us=120877 max_observe_us=30304 d_paints=0 d_skips=50 d_ticks=2 window_ms=1187
[host] hitch liverm3ame_0: observe_us=21865 paints=0 skips=513 ticks=36
[script liverm3ame_0] interact Loc { x: 2738, z: 3439, level: 0, action: "Pick", id: Some(2646) }
[host] slot liverm3ame_0: d_loop_us=1148 d_raster_us=0 d_observe_us=118199 max_observe_us=21865 d_paints=0 d_skips=50 d_ticks=2 window_ms=1172
[host] hitch liverm3ame_0: observe_us=30323 paints=0 skips=563 ticks=38
[script liverm3ame_0] interact Loc { x: 2739, z: 3439, level: 0, action: "Pick", id: Some(2646) }
[host] hitch liverm3ame_0: observe_us=24789 paints=0 skips=588 ticks=39
[script liverm3ame_0] interact Loc { x: 2739, z: 3439, level: 0, action: "Pick", id: Some(2646) }
[host] slot liverm3ame_0: d_loop_us=1014 d_raster_us=0 d_observe_us=109498 max_observe_us=30323 d_paints=0 d_skips=50 d_ticks=2 window_ms=1197
[host] hitch liverm3ame_0: observe_us=17070 paints=0 skips=639 ticks=41
[script liverm3ame_0] interact Loc { x: 2740, z: 3439, level: 0, action: "Pick", id: Some(2646) }
[host] slot liverm3ame_0: d_loop_us=1040 d_raster_us=0 d_observe_us=94373 max_observe_us=17070 d_paints=0 d_skips=50 d_ticks=2 window_ms=1178
[host] hitch liverm3ame_0: observe_us=17235 paints=0 skips=665 ticks=42
[script liverm3ame_0] interact Loc { x: 2740, z: 3439, level: 0, action: "Pick", id: Some(2646) }
[host] hitch liverm3ame_0: observe_us=19167 paints=0 skips=691 ticks=43
[host] slot liverm3ame_0: d_loop_us=1048 d_raster_us=0 d_observe_us=110224 max_observe_us=19167 d_paints=0 d_skips=50 d_ticks=2 window_ms=1155
[host] hitch liverm3ame_0: observe_us=27478 paints=0 skips=717 ticks=44
[script liverm3ame_0] interact Loc { x: 2739, z: 3438, level: 0, action: "Pick", id: Some(2646) }
[host] hitch liverm3ame_0: observe_us=27777 paints=0 skips=743 ticks=45
[script liverm3ame_0] interact Loc { x: 2739, z: 3438, level: 0, action: "Pick", id: Some(2646) }
[host] slot liverm3ame_0: d_loop_us=1188 d_raster_us=0 d_observe_us=135884 max_observe_us=27777 d_paints=0 d_skips=50 d_ticks=2 window_ms=1172
[host] hitch liverm3ame_0: observe_us=16622 paints=0 skips=768 ticks=46
[host] hitch liverm3ame_0: observe_us=25049 paints=0 skips=793 ticks=47
[script liverm3ame_0] interact Loc { x: 2739, z: 3442, level: 0, action: "Pick", id: Some(2646) }
[host] slot liverm3ame_0: d_loop_us=882 d_raster_us=0 d_observe_us=83964 max_observe_us=25049 d_paints=0 d_skips=50 d_ticks=2 window_ms=1199
[host] hitch liverm3ame_0: observe_us=21484 paints=0 skips=817 ticks=48
[script liverm3ame_0] interact Loc { x: 2739, z: 3442, level: 0, action: "Pick", id: Some(2646) }
[host] hitch liverm3ame_0: observe_us=29321 paints=0 skips=843 ticks=49
[host] slot liverm3ame_0: d_loop_us=900 d_raster_us=0 d_observe_us=99284 max_observe_us=29321 d_paints=0 d_skips=50 d_ticks=2 window_ms=1191
[host] hitch liverm3ame_0: observe_us=26780 paints=0 skips=868 ticks=50
[script liverm3ame_0] interact Loc { x: 2738, z: 3441, level: 0, action: "Pick", id: Some(2646) }
[script liverm3ame_0] interact Loc { x: 2738, z: 3441, level: 0, action: "Pick", id: Some(2646) }
[host] slot liverm3ame_0: d_loop_us=1036 d_raster_us=0 d_observe_us=113684 max_observe_us=26780 d_paints=0 d_skips=50 d_ticks=2 window_ms=1198
[host] hitch liverm3ame_0: observe_us=20304 paints=0 skips=919 ticks=52
[script liverm3ame_0] interact Loc { x: 2739, z: 3444, level: 0, action: "Pick", id: Some(2646) }
[host] hitch liverm3ame_0: observe_us=16347 paints=0 skips=945 ticks=53
[script liverm3ame_0] interact Loc { x: 2739, z: 3444, level: 0, action: "Pick", id: Some(2646) }
[host] slot liverm3ame_0: d_loop_us=1068 d_raster_us=0 d_observe_us=128479 max_observe_us=20304 d_paints=0 d_skips=50 d_ticks=2 window_ms=1160
[host] hitch liverm3ame_0: observe_us=28372 paints=0 skips=995 ticks=55
[script liverm3ame_0] interact Loc { x: 2737, z: 3440, level: 0, action: "Pick", id: Some(2646) }
[host] slot liverm3ame_0: d_loop_us=926 d_raster_us=0 d_observe_us=101762 max_observe_us=28372 d_paints=0 d_skips=50 d_ticks=2 window_ms=1183
[host] hitch liverm3ame_0: observe_us=27293 paints=0 skips=1020 ticks=56
[script liverm3ame_0] interact Loc { x: 2737, z: 3440, level: 0, action: "Pick", id: Some(2646) }
[host] hitch liverm3ame_0: observe_us=18185 paints=0 skips=1046 ticks=57
[host] slot liverm3ame_0: d_loop_us=998 d_raster_us=0 d_observe_us=106097 max_observe_us=27293 d_paints=0 d_skips=50 d_ticks=2 window_ms=1192
[host] hitch liverm3ame_0: observe_us=21525 paints=0 skips=1070 ticks=58
[script liverm3ame_0] interact Loc { x: 2738, z: 3440, level: 0, action: "Pick", id: Some(2646) }
[host] hitch liverm3ame_0: observe_us=30618 paints=0 skips=1096 ticks=59
[script liverm3ame_0] interact Loc { x: 2738, z: 3440, level: 0, action: "Pick", id: Some(2646) }
[host] slot liverm3ame_0: d_loop_us=1016 d_raster_us=0 d_observe_us=122450 max_observe_us=30618 d_paints=0 d_skips=50 d_ticks=2 window_ms=1199
[host] hitch liverm3ame_0: observe_us=26568 paints=0 skips=1147 ticks=61
[host] slot liverm3ame_0: d_loop_us=934 d_raster_us=0 d_observe_us=115086 max_observe_us=26568 d_paints=0 d_skips=50 d_ticks=2 window_ms=1175
[script liverm3ame_0] interact Loc { x: 2739, z: 3440, level: 0, action: "Pick", id: Some(2646) }
[host] hitch liverm3ame_0: observe_us=24973 paints=0 skips=1172 ticks=62
[script liverm3ame_0] interact Loc { x: 2739, z: 3440, level: 0, action: "Pick", id: Some(2646) }
[host] hitch liverm3ame_0: observe_us=17747 paints=0 skips=1197 ticks=63
[host] slot liverm3ame_0: d_loop_us=910 d_raster_us=0 d_observe_us=100848 max_observe_us=24973 d_paints=0 d_skips=50 d_ticks=2 window_ms=1182
[host] hitch liverm3ame_0: observe_us=28885 paints=0 skips=1222 ticks=64
[script liverm3ame_0] interact Loc { x: 2738, z: 3439, level: 0, action: "Pick", id: Some(2646) }
[host] hitch liverm3ame_0: observe_us=27086 paints=0 skips=1247 ticks=65
[host] slot liverm3ame_0: d_loop_us=1052 d_raster_us=0 d_observe_us=121652 max_observe_us=28885 d_paints=0 d_skips=50 d_ticks=2 window_ms=1211
[script liverm3ame_0] interact Loc { x: 2738, z: 3439, level: 0, action: "Pick", id: Some(2646) }
[host] hitch liverm3ame_0: observe_us=27303 paints=0 skips=1297 ticks=67
[host] slot liverm3ame_0: d_loop_us=835 d_raster_us=0 d_observe_us=81292 max_observe_us=27303 d_paints=0 d_skips=50 d_ticks=2 window_ms=1201
[host] hitch liverm3ame_0: observe_us=26740 paints=0 skips=1322 ticks=68
[script liverm3ame_0] interact Loc { x: 2739, z: 3439, level: 0, action: "Pick", id: Some(2646) }
[host] hitch liverm3ame_0: observe_us=25647 paints=0 skips=1347 ticks=69
[host] slot liverm3ame_0: d_loop_us=969 d_raster_us=0 d_observe_us=100877 max_observe_us=26740 d_paints=0 d_skips=50 d_ticks=2 window_ms=1198
[host] hitch liverm3ame_0: observe_us=24111 paints=0 skips=1397 ticks=71
[host] slot liverm3ame_0: d_loop_us=883 d_raster_us=0 d_observe_us=98809 max_observe_us=24111 d_paints=0 d_skips=50 d_ticks=2 window_ms=1196
[script liverm3ame_0] interact Loc { x: 2740, z: 3439, level: 0, action: "Pick", id: Some(2646) }
[host] hitch liverm3ame_0: observe_us=21595 paints=0 skips=1422 ticks=72
[script liverm3ame_0] interact Loc { x: 2740, z: 3439, level: 0, action: "Pick", id: Some(2646) }
[host] slot liverm3ame_0: d_loop_us=966 d_raster_us=0 d_observe_us=105430 max_observe_us=21595 d_paints=0 d_skips=50 d_ticks=2 window_ms=1185
[host] hitch liverm3ame_0: observe_us=28940 paints=0 skips=1473 ticks=74
[script liverm3ame_0] interact Loc { x: 2739, z: 3438, level: 0, action: "Pick", id: Some(2646) }
[host] hitch liverm3ame_0: observe_us=29501 paints=0 skips=1498 ticks=75
[host] slot liverm3ame_0: d_loop_us=1475 d_raster_us=0 d_observe_us=135765 max_observe_us=29501 d_paints=0 d_skips=50 d_ticks=2 window_ms=1195
[script liverm3ame_0] interact Loc { x: 2739, z: 3438, level: 0, action: "Pick", id: Some(2646) }
[host] hitch liverm3ame_0: observe_us=28572 paints=0 skips=1523 ticks=76
[host] hitch liverm3ame_0: observe_us=20635 paints=0 skips=1548 ticks=77
[host] slot liverm3ame_0: d_loop_us=1030 d_raster_us=0 d_observe_us=113454 max_observe_us=28572 d_paints=0 d_skips=50 d_ticks=2 window_ms=1190
[script liverm3ame_0] interact Loc { x: 2738, z: 3441, level: 0, action: "Pick", id: Some(2646) }
[host] hitch liverm3ame_0: observe_us=29842 paints=0 skips=1574 ticks=78
[host] hitch liverm3ame_0: observe_us=29488 paints=0 skips=1599 ticks=79
[host] slot liverm3ame_0: d_loop_us=1043 d_raster_us=0 d_observe_us=135433 max_observe_us=29842 d_paints=0 d_skips=50 d_ticks=2 window_ms=1203
test catalog_boundary_live has been running for over 60 seconds
[host] hitch liverm3ame_0: observe_us=30548 paints=0 skips=1625 ticks=80
[script liverm3ame_0] interact Loc { x: 2739, z: 3442, level: 0, action: "Pick", id: Some(2646) }
[host] slot liverm3ame_0: d_loop_us=973 d_raster_us=0 d_observe_us=93629 max_observe_us=30548 d_paints=0 d_skips=50 d_ticks=2 window_ms=1158
[host] hitch liverm3ame_0: observe_us=17694 paints=0 skips=1650 ticks=81
[script liverm3ame_0] interact Loc { x: 2739, z: 3442, level: 0, action: "Pick", id: Some(2646) }
[host] hitch liverm3ame_0: observe_us=26682 paints=0 skips=1675 ticks=82
[host] slot liverm3ame_0: d_loop_us=868 d_raster_us=0 d_observe_us=103535 max_observe_us=26682 d_paints=0 d_skips=50 d_ticks=2 window_ms=1186
[host] hitch liverm3ame_0: observe_us=22788 paints=0 skips=1700 ticks=83
[script liverm3ame_0] interact Loc { x: 2737, z: 3440, level: 0, action: "Pick", id: Some(2646) }
[host] hitch liverm3ame_0: observe_us=24929 paints=0 skips=1726 ticks=84
[script liverm3ame_0] interact Loc { x: 2737, z: 3440, level: 0, action: "Pick", id: Some(2646) }
[host] slot liverm3ame_0: d_loop_us=788 d_raster_us=0 d_observe_us=102040 max_observe_us=24929 d_paints=0 d_skips=50 d_ticks=1 window_ms=1187
[host] hitch liverm3ame_0: observe_us=21457 paints=0 skips=1776 ticks=86
[script liverm3ame_0] interact Loc { x: 2738, z: 3440, level: 0, action: "Pick", id: Some(2646) }
[host] slot liverm3ame_0: d_loop_us=973 d_raster_us=0 d_observe_us=89812 max_observe_us=21457 d_paints=0 d_skips=50 d_ticks=2 window_ms=1203
[host] hitch liverm3ame_0: observe_us=21893 paints=0 skips=1801 ticks=87
[host] hitch liverm3ame_0: observe_us=17643 paints=0 skips=1826 ticks=88
[script liverm3ame_0] interact Loc { x: 2739, z: 3440, level: 0, action: "Pick", id: Some(2646) }
[host] slot liverm3ame_0: d_loop_us=1011 d_raster_us=0 d_observe_us=88353 max_observe_us=21893 d_paints=0 d_skips=50 d_ticks=2 window_ms=1199
[script liverm3ame_0] interact Loc { x: 2739, z: 3440, level: 0, action: "Pick", id: Some(2646) }
[host] hitch liverm3ame_0: observe_us=32292 paints=0 skips=1877 ticks=90
[script liverm3ame_0] interact Loc { x: 2739, z: 3444, level: 0, action: "Pick", id: Some(2646) }
[host] slot liverm3ame_0: d_loop_us=1061 d_raster_us=0 d_observe_us=128285 max_observe_us=32292 d_paints=0 d_skips=50 d_ticks=2 window_ms=1174
[host] hitch liverm3ame_0: observe_us=28695 paints=0 skips=1902 ticks=91
[script liverm3ame_0] interact Loc { x: 2739, z: 3444, level: 0, action: "Pick", id: Some(2646) }
[host] hitch liverm3ame_0: observe_us=25574 paints=0 skips=1927 ticks=92
[host] slot liverm3ame_0: d_loop_us=906 d_raster_us=0 d_observe_us=101906 max_observe_us=28695 d_paints=0 d_skips=50 d_ticks=2 window_ms=1205
[host] hitch liverm3ame_0: observe_us=16305 paints=0 skips=1977 ticks=94
[script liverm3ame_0] interact Loc { x: 2742, z: 3446, level: 0, action: "Pick", id: Some(2646) }
[host] slot liverm3ame_0: d_loop_us=707 d_raster_us=0 d_observe_us=57962 max_observe_us=16305 d_paints=0 d_skips=50 d_ticks=2 window_ms=1182
[host] hitch liverm3ame_0: observe_us=16758 paints=0 skips=2002 ticks=95
[script liverm3ame_0] interact Loc { x: 2742, z: 3446, level: 0, action: "Pick", id: Some(2646) }
[host] hitch liverm3ame_0: observe_us=20893 paints=0 skips=2027 ticks=96
[host] slot liverm3ame_0: d_loop_us=791 d_raster_us=0 d_observe_us=79601 max_observe_us=20893 d_paints=0 d_skips=50 d_ticks=2 window_ms=1193
[host] hitch liverm3ame_0: observe_us=28807 paints=0 skips=2078 ticks=98
[host] slot liverm3ame_0: d_loop_us=972 d_raster_us=0 d_observe_us=112795 max_observe_us=28807 d_paints=0 d_skips=50 d_ticks=2 window_ms=1198
[host] hitch liverm3ame_0: observe_us=24044 paints=0 skips=2102 ticks=99
[script liverm3ame_0] interact Loc { x: 2741, z: 3447, level: 0, action: "Pick", id: Some(2646) }
[host] hitch liverm3ame_0: observe_us=24069 paints=0 skips=2128 ticks=100
[host] slot liverm3ame_0: d_loop_us=1089 d_raster_us=0 d_observe_us=97500 max_observe_us=24069 d_paints=0 d_skips=50 d_ticks=2 window_ms=1198
[host] hitch liverm3ame_0: observe_us=16309 paints=0 skips=2153 ticks=101
[host] hitch liverm3ame_0: observe_us=28251 paints=0 skips=2178 ticks=102
[script liverm3ame_0] interact Loc { x: 2740, z: 3448, level: 0, action: "Pick", id: Some(2646) }
[host] slot liverm3ame_0: d_loop_us=866 d_raster_us=0 d_observe_us=99932 max_observe_us=28251 d_paints=0 d_skips=50 d_ticks=2 window_ms=1197
[host] hitch liverm3ame_0: observe_us=23585 paints=0 skips=2203 ticks=103
[script liverm3ame_0] interact Loc { x: 2740, z: 3448, level: 0, action: "Pick", id: Some(2646) }
[host] hitch liverm3ame_0: observe_us=23737 paints=0 skips=2228 ticks=104
[host] slot liverm3ame_0: d_loop_us=1028 d_raster_us=0 d_observe_us=107204 max_observe_us=23737 d_paints=0 d_skips=50 d_ticks=2 window_ms=1189
[host] hitch liverm3ame_0: observe_us=20759 paints=0 skips=2253 ticks=105
[script liverm3ame_0] interact Loc { x: 2741, z: 3448, level: 0, action: "Pick", id: Some(2646) }
[host] hitch liverm3ame_0: observe_us=26590 paints=0 skips=2279 ticks=106
[host] slot liverm3ame_0: d_loop_us=949 d_raster_us=0 d_observe_us=109432 max_observe_us=26590 d_paints=0 d_skips=50 d_ticks=2 window_ms=1187
[host] hitch liverm3ame_0: observe_us=28584 paints=0 skips=2304 ticks=107
[script liverm3ame_0] interact WalkTo { x: 2721, z: 3493, level: 0 }
[host] hitch liverm3ame_0: observe_us=23031 paints=0 skips=2330 ticks=108
[host] slot liverm3ame_0: d_loop_us=845 d_raster_us=0 d_observe_us=94747 max_observe_us=28584 d_paints=0 d_skips=50 d_ticks=2 window_ms=1184
[host] hitch liverm3ame_0: observe_us=23431 paints=0 skips=2354 ticks=109
[host] hitch liverm3ame_0: observe_us=26757 paints=0 skips=2379 ticks=110
[host] slot liverm3ame_0: d_loop_us=973 d_raster_us=0 d_observe_us=106596 max_observe_us=26757 d_paints=0 d_skips=50 d_ticks=2 window_ms=1219
[script liverm3ame_0] interact WalkTo { x: 2721, z: 3493, level: 0 }
[host] hitch liverm3ame_0: observe_us=26807 paints=0 skips=2429 ticks=112
[host] slot liverm3ame_0: d_loop_us=1089 d_raster_us=0 d_observe_us=116268 max_observe_us=26807 d_paints=0 d_skips=50 d_ticks=2 window_ms=1200
[host] hitch liverm3ame_0: observe_us=27395 paints=0 skips=2453 ticks=113
[host] hitch liverm3ame_0: observe_us=26941 paints=0 skips=2478 ticks=114
[script liverm3ame_0] interact WalkTo { x: 2721, z: 3493, level: 0 }
[host] slot liverm3ame_0: d_loop_us=1315 d_raster_us=0 d_observe_us=121580 max_observe_us=27395 d_paints=0 d_skips=50 d_ticks=2 window_ms=1226
[host] hitch liverm3ame_0: observe_us=36834 paints=0 skips=2502 ticks=115
[host] hitch liverm3ame_0: observe_us=17744 paints=0 skips=2527 ticks=116
[host] slot liverm3ame_0: d_loop_us=960 d_raster_us=0 d_observe_us=116568 max_observe_us=36834 d_paints=0 d_skips=50 d_ticks=2 window_ms=1212
[host] hitch liverm3ame_0: observe_us=18463 paints=0 skips=2552 ticks=117
[host] hitch liverm3ame_0: observe_us=21823 paints=0 skips=2577 ticks=118
[script liverm3ame_0] interact WalkTo { x: 2721, z: 3493, level: 0 }
[host] slot liverm3ame_0: d_loop_us=901 d_raster_us=0 d_observe_us=92576 max_observe_us=21823 d_paints=0 d_skips=50 d_ticks=2 window_ms=1196
[host] hitch liverm3ame_0: observe_us=19490 paints=0 skips=2602 ticks=119
[host] hitch liverm3ame_0: observe_us=24503 paints=0 skips=2627 ticks=120
[host] slot liverm3ame_0: d_loop_us=1042 d_raster_us=0 d_observe_us=105696 max_observe_us=24503 d_paints=0 d_skips=50 d_ticks=2 window_ms=1216
[host] hitch liverm3ame_0: observe_us=16239 paints=0 skips=2651 ticks=121
[host] hitch liverm3ame_0: observe_us=25321 paints=0 skips=2677 ticks=122
[script liverm3ame_0] interact WalkTo { x: 2721, z: 3493, level: 0 }
[host] slot liverm3ame_0: d_loop_us=1243 d_raster_us=0 d_observe_us=114908 max_observe_us=25321 d_paints=0 d_skips=50 d_ticks=2 window_ms=1165
[host] hitch liverm3ame_0: observe_us=22030 paints=0 skips=2703 ticks=123
[host] hitch liverm3ame_0: observe_us=22682 paints=0 skips=2728 ticks=124
[host] slot liverm3ame_0: d_loop_us=983 d_raster_us=0 d_observe_us=93907 max_observe_us=22682 d_paints=0 d_skips=50 d_ticks=2 window_ms=1200
[host] hitch liverm3ame_0: observe_us=28304 paints=0 skips=2753 ticks=125
[script liverm3ame_0] interact WalkTo { x: 2721, z: 3493, level: 0 }
[host] hitch liverm3ame_0: observe_us=35210 paints=0 skips=2778 ticks=126
[host] slot liverm3ame_0: d_loop_us=1233 d_raster_us=0 d_observe_us=144542 max_observe_us=35210 d_paints=0 d_skips=50 d_ticks=2 window_ms=1217
[host] hitch liverm3ame_0: observe_us=32073 paints=0 skips=2802 ticks=127
[host] hitch liverm3ame_0: observe_us=24255 paints=0 skips=2827 ticks=128
[host] slot liverm3ame_0: d_loop_us=1194 d_raster_us=0 d_observe_us=131605 max_observe_us=32073 d_paints=0 d_skips=50 d_ticks=2 window_ms=1194
[host] hitch liverm3ame_0: observe_us=24903 paints=0 skips=2864 ticks=130
[script liverm3ame_0] interact WalkTo { x: 2721, z: 3493, level: 0 }
[host] hitch liverm3ame_0: observe_us=21859 paints=0 skips=2890 ticks=131
[host] slot liverm3ame_0: d_loop_us=13061 d_raster_us=0 d_observe_us=126873 max_observe_us=24903 d_paints=0 d_skips=50 d_ticks=3 window_ms=1483
[host] hitch liverm3ame_0: observe_us=19534 paints=0 skips=2915 ticks=132
[host] hitch liverm3ame_0: observe_us=30807 paints=0 skips=2941 ticks=133
[script liverm3ame_0] interact WalkTo { x: 2721, z: 3493, level: 0 }
[host] slot liverm3ame_0: d_loop_us=1254 d_raster_us=0 d_observe_us=129258 max_observe_us=30807 d_paints=0 d_skips=50 d_ticks=2 window_ms=1197
[host] hitch liverm3ame_0: observe_us=23132 paints=0 skips=2966 ticks=134
[host] slot liverm3ame_0: d_loop_us=1157 d_raster_us=0 d_observe_us=90321 max_observe_us=23132 d_paints=0 d_skips=50 d_ticks=2 window_ms=1186
[host] hitch liverm3ame_0: observe_us=25350 paints=0 skips=3016 ticks=136
[script liverm3ame_0] slow tick 146: 69.783584ms
[script liverm3ame_0] interact OpenBooth { x: 2721, z: 3494, level: 0, id: 2213, name: Some("Bank booth"), action: Some("Use-quickly") }
[host] hitch liverm3ame_0: observe_us=20136 paints=0 skips=3041 ticks=137
[script liverm3ame_0] slow tick 147: 74.399459ms
[host] slot liverm3ame_0: d_loop_us=1215 d_raster_us=0 d_observe_us=118426 max_observe_us=25350 d_paints=0 d_skips=50 d_ticks=2 window_ms=1197
[script liverm3ame_0] slow tick 148: 73.411834ms
[host] hitch liverm3ame_0: observe_us=22367 paints=0 skips=3092 ticks=139
[host] slot liverm3ame_0: d_loop_us=1406 d_raster_us=0 d_observe_us=106650 max_observe_us=22367 d_paints=0 d_skips=50 d_ticks=2 window_ms=1198
[host] hitch liverm3ame_0: observe_us=17071 paints=0 skips=3117 ticks=140
[host] slot liverm3ame_0: d_loop_us=3697 d_raster_us=0 d_observe_us=134600 max_observe_us=17071 d_paints=0 d_skips=50 d_ticks=2 window_ms=1163
[host] hitch liverm3ame_0: observe_us=16429 paints=0 skips=3194 ticks=143
[host] slot liverm3ame_0: d_loop_us=2966 d_raster_us=0 d_observe_us=108015 max_observe_us=16429 d_paints=0 d_skips=50 d_ticks=2 window_ms=1182
[host] slot liverm3ame_0: d_loop_us=1355 d_raster_us=0 d_observe_us=99020 max_observe_us=15811 d_paints=0 d_skips=50 d_ticks=2 window_ms=1199
[host] slot liverm3ame_0: d_loop_us=1330 d_raster_us=0 d_observe_us=114256 max_observe_us=12616 d_paints=0 d_skips=50 d_ticks=2 window_ms=1164
[host] slot liverm3ame_0: d_loop_us=1270 d_raster_us=0 d_observe_us=85389 max_observe_us=12802 d_paints=0 d_skips=50 d_ticks=2 window_ms=1202
[host] hitch liverm3ame_0: observe_us=16138 paints=0 skips=3395 ticks=151
[host] slot liverm3ame_0: d_loop_us=1379 d_raster_us=0 d_observe_us=95646 max_observe_us=16138 d_paints=0 d_skips=50 d_ticks=2 window_ms=1200
[host] slot liverm3ame_0: d_loop_us=1658 d_raster_us=0 d_observe_us=123906 max_observe_us=15595 d_paints=0 d_skips=50 d_ticks=2 window_ms=1189
[host] slot liverm3ame_0: d_loop_us=1579 d_raster_us=0 d_observe_us=121377 max_observe_us=13547 d_paints=0 d_skips=50 d_ticks=2 window_ms=1166
[host] slot liverm3ame_0: d_loop_us=1762 d_raster_us=0 d_observe_us=102784 max_observe_us=12088 d_paints=0 d_skips=50 d_ticks=2 window_ms=1196
[host] slot liverm3ame_0: d_loop_us=1056 d_raster_us=0 d_observe_us=83342 max_observe_us=12948 d_paints=0 d_skips=50 d_ticks=2 window_ms=1201
[host] slot liverm3ame_0: d_loop_us=1238 d_raster_us=0 d_observe_us=100571 max_observe_us=11022 d_paints=0 d_skips=50 d_ticks=2 window_ms=1175
[host] hitch liverm3ame_0: observe_us=17702 paints=0 skips=3674 ticks=162
[host] slot liverm3ame_0: d_loop_us=1792 d_raster_us=0 d_observe_us=119305 max_observe_us=17702 d_paints=0 d_skips=50 d_ticks=2 window_ms=1171
[host] hitch liverm3ame_0: observe_us=16375 paints=0 skips=3700 ticks=163
[host] hitch liverm3ame_0: observe_us=16035 paints=0 skips=3725 ticks=164
[host] slot liverm3ame_0: d_loop_us=2017 d_raster_us=0 d_observe_us=123740 max_observe_us=16375 d_paints=0 d_skips=50 d_ticks=1 window_ms=1152
[host] slot liverm3ame_0: d_loop_us=1779 d_raster_us=0 d_observe_us=101619 max_observe_us=15482 d_paints=0 d_skips=50 d_ticks=2 window_ms=1185
[host] hitch liverm3ame_0: observe_us=16582 paints=0 skips=3827 ticks=168
[host] slot liverm3ame_0: d_loop_us=1919 d_raster_us=0 d_observe_us=118757 max_observe_us=16582 d_paints=0 d_skips=50 d_ticks=2 window_ms=1196
[host] hitch liverm3ame_0: observe_us=18359 paints=0 skips=3852 ticks=169
[host] slot liverm3ame_0: d_loop_us=1397 d_raster_us=0 d_observe_us=80296 max_observe_us=18359 d_paints=0 d_skips=50 d_ticks=2 window_ms=1201
[host] slot liverm3ame_0: d_loop_us=1664 d_raster_us=0 d_observe_us=89038 max_observe_us=15870 d_paints=0 d_skips=50 d_ticks=2 window_ms=1193
[host] slot liverm3ame_0: d_loop_us=2225 d_raster_us=0 d_observe_us=113903 max_observe_us=15426 d_paints=0 d_skips=50 d_ticks=2 window_ms=1189
[host] hitch liverm3ame_0: observe_us=16616 paints=0 skips=4003 ticks=175
[host] slot liverm3ame_0: d_loop_us=1828 d_raster_us=0 d_observe_us=119910 max_observe_us=16616 d_paints=0 d_skips=50 d_ticks=2 window_ms=1188
[host] hitch liverm3ame_0: observe_us=17701 paints=0 skips=4054 ticks=177
[host] slot liverm3ame_0: d_loop_us=1692 d_raster_us=0 d_observe_us=112828 max_observe_us=17701 d_paints=0 d_skips=50 d_ticks=2 window_ms=1167
[host] slot liverm3ame_0: d_loop_us=1839 d_raster_us=0 d_observe_us=91530 max_observe_us=13257 d_paints=0 d_skips=50 d_ticks=2 window_ms=1199
[host] hitch liverm3ame_0: observe_us=16172 paints=0 skips=4155 ticks=181
[host] hitch liverm3ame_0: observe_us=18854 paints=0 skips=4180 ticks=182
[host] slot liverm3ame_0: d_loop_us=1804 d_raster_us=0 d_observe_us=114532 max_observe_us=18854 d_paints=0 d_skips=50 d_ticks=2 window_ms=1182
[host] hitch liverm3ame_0: observe_us=16396 paints=0 skips=4205 ticks=183
[host] hitch liverm3ame_0: observe_us=17001 paints=0 skips=4231 ticks=184
[host] slot liverm3ame_0: d_loop_us=3020 d_raster_us=0 d_observe_us=118443 max_observe_us=17001 d_paints=0 d_skips=50 d_ticks=2 window_ms=1196
[host] slot liverm3ame_0: d_loop_us=1806 d_raster_us=0 d_observe_us=97052 max_observe_us=15306 d_paints=0 d_skips=50 d_ticks=2 window_ms=1179
[host] slot liverm3ame_0: d_loop_us=1883 d_raster_us=0 d_observe_us=120719 max_observe_us=15785 d_paints=0 d_skips=50 d_ticks=2 window_ms=1182
[host] hitch liverm3ame_0: observe_us=16230 paints=0 skips=4357 ticks=189
[host] hitch liverm3ame_0: observe_us=18372 paints=0 skips=4383 ticks=190
[host] slot liverm3ame_0: d_loop_us=1928 d_raster_us=0 d_observe_us=127497 max_observe_us=18372 d_paints=0 d_skips=50 d_ticks=2 window_ms=1178
[host] slot liverm3ame_0: d_loop_us=1632 d_raster_us=0 d_observe_us=95129 max_observe_us=14898 d_paints=0 d_skips=50 d_ticks=2 window_ms=1200
[host] slot liverm3ame_0: d_loop_us=1280 d_raster_us=0 d_observe_us=95524 max_observe_us=13806 d_paints=0 d_skips=50 d_ticks=2 window_ms=1204
[host] slot liverm3ame_0: d_loop_us=1359 d_raster_us=0 d_observe_us=107111 max_observe_us=13738 d_paints=0 d_skips=50 d_ticks=2 window_ms=1198
[host] slot liverm3ame_0: d_loop_us=1286 d_raster_us=0 d_observe_us=106639 max_observe_us=8343 d_paints=0 d_skips=50 d_ticks=2 window_ms=1208
[host] slot liverm3ame_0: d_loop_us=1106 d_raster_us=0 d_observe_us=73593 max_observe_us=9259 d_paints=0 d_skips=50 d_ticks=2 window_ms=1212
[host] hitch liverm3ame_0: observe_us=16724 paints=0 skips=4657 ticks=201
[host] slot liverm3ame_0: d_loop_us=2199 d_raster_us=0 d_observe_us=121784 max_observe_us=16724 d_paints=0 d_skips=50 d_ticks=2 window_ms=1183
[host] slot liverm3ame_0: d_loop_us=1992 d_raster_us=0 d_observe_us=117254 max_observe_us=15490 d_paints=0 d_skips=50 d_ticks=2 window_ms=1175
[host] slot liverm3ame_0: d_loop_us=1753 d_raster_us=0 d_observe_us=92334 max_observe_us=14142 d_paints=0 d_skips=50 d_ticks=2 window_ms=1199
[host] hitch liverm3ame_0: observe_us=16611 paints=0 skips=4809 ticks=207
[host] slot liverm3ame_0: d_loop_us=1643 d_raster_us=0 d_observe_us=123068 max_observe_us=16611 d_paints=0 d_skips=50 d_ticks=2 window_ms=1174
[host] hitch liverm3ame_0: observe_us=16394 paints=0 skips=4860 ticks=209
[host] hitch liverm3ame_0: observe_us=16491 paints=0 skips=4885 ticks=210
[host] slot liverm3ame_0: d_loop_us=2826 d_raster_us=0 d_observe_us=117133 max_observe_us=16491 d_paints=0 d_skips=50 d_ticks=2 window_ms=1198
[host] hitch liverm3ame_0: observe_us=16438 paints=0 skips=4910 ticks=211
[host] slot liverm3ame_0: d_loop_us=1724 d_raster_us=0 d_observe_us=104591 max_observe_us=16438 d_paints=0 d_skips=50 d_ticks=2 window_ms=1194
[host] slot liverm3ame_0: d_loop_us=1876 d_raster_us=0 d_observe_us=119575 max_observe_us=14544 d_paints=0 d_skips=50 d_ticks=2 window_ms=1164
[host] hitch liverm3ame_0: observe_us=18022 paints=0 skips=5037 ticks=216
[host] slot liverm3ame_0: d_loop_us=1384 d_raster_us=0 d_observe_us=85417 max_observe_us=18022 d_paints=0 d_skips=50 d_ticks=2 window_ms=1185
[host] slot liverm3ame_0: d_loop_us=1851 d_raster_us=0 d_observe_us=104733 max_observe_us=14683 d_paints=0 d_skips=50 d_ticks=2 window_ms=1191
[host] slot liverm3ame_0: d_loop_us=1594 d_raster_us=0 d_observe_us=83576 max_observe_us=12333 d_paints=0 d_skips=50 d_ticks=2 window_ms=1181
[host] hitch liverm3ame_0: observe_us=16528 paints=0 skips=5163 ticks=221
[host] slot liverm3ame_0: d_loop_us=1800 d_raster_us=0 d_observe_us=100852 max_observe_us=16528 d_paints=0 d_skips=50 d_ticks=2 window_ms=1197
[host] hitch liverm3ame_0: observe_us=16101 paints=0 skips=5239 ticks=224
[host] slot liverm3ame_0: d_loop_us=1871 d_raster_us=0 d_observe_us=115125 max_observe_us=16101 d_paints=0 d_skips=50 d_ticks=2 window_ms=1178
[host] hitch liverm3ame_0: observe_us=16409 paints=0 skips=5290 ticks=226
[host] slot liverm3ame_0: d_loop_us=2052 d_raster_us=0 d_observe_us=125391 max_observe_us=16409 d_paints=0 d_skips=50 d_ticks=2 window_ms=1185
[host] hitch liverm3ame_0: observe_us=16318 paints=0 skips=5315 ticks=227
[host] slot liverm3ame_0: d_loop_us=1852 d_raster_us=0 d_observe_us=107476 max_observe_us=16318 d_paints=0 d_skips=50 d_ticks=2 window_ms=1187
[host] hitch liverm3ame_0: observe_us=16259 paints=0 skips=5391 ticks=230
[host] slot liverm3ame_0: d_loop_us=1632 d_raster_us=0 d_observe_us=107299 max_observe_us=16259 d_paints=0 d_skips=50 d_ticks=2 window_ms=1182
[host] hitch liverm3ame_0: observe_us=17956 paints=0 skips=5417 ticks=231
[host] slot liverm3ame_0: d_loop_us=1864 d_raster_us=0 d_observe_us=101894 max_observe_us=17956 d_paints=0 d_skips=50 d_ticks=2 window_ms=1160
[host] slot liverm3ame_0: d_loop_us=1533 d_raster_us=0 d_observe_us=81626 max_observe_us=15091 d_paints=0 d_skips=50 d_ticks=2 window_ms=1192
[host] hitch liverm3ame_0: observe_us=16775 paints=0 skips=5543 ticks=236
[host] slot liverm3ame_0: d_loop_us=2046 d_raster_us=0 d_observe_us=113101 max_observe_us=16775 d_paints=0 d_skips=50 d_ticks=2 window_ms=1196
[host] slot liverm3ame_0: d_loop_us=2157 d_raster_us=0 d_observe_us=122548 max_observe_us=15802 d_paints=0 d_skips=50 d_ticks=2 window_ms=1176
[host] slot liverm3ame_0: d_loop_us=1997 d_raster_us=0 d_observe_us=117919 max_observe_us=15455 d_paints=0 d_skips=50 d_ticks=2 window_ms=1169
[host] hitch liverm3ame_0: observe_us=16149 paints=0 skips=5696 ticks=242
[host] slot liverm3ame_0: d_loop_us=1922 d_raster_us=0 d_observe_us=100473 max_observe_us=16149 d_paints=0 d_skips=50 d_ticks=2 window_ms=1182
[host] slot liverm3ame_0: d_loop_us=2045 d_raster_us=0 d_observe_us=110577 max_observe_us=14094 d_paints=0 d_skips=50 d_ticks=2 window_ms=1168
[host] slot liverm3ame_0: d_loop_us=1776 d_raster_us=0 d_observe_us=95241 max_observe_us=15049 d_paints=0 d_skips=50 d_ticks=2 window_ms=1188
[host] slot liverm3ame_0: d_loop_us=1903 d_raster_us=0 d_observe_us=91886 max_observe_us=14171 d_paints=0 d_skips=50 d_ticks=2 window_ms=1178
[host] slot liverm3ame_0: d_loop_us=1920 d_raster_us=0 d_observe_us=120740 max_observe_us=15002 d_paints=0 d_skips=50 d_ticks=2 window_ms=1208
[host] slot liverm3ame_0: d_loop_us=1947 d_raster_us=0 d_observe_us=97499 max_observe_us=14407 d_paints=0 d_skips=50 d_ticks=2 window_ms=1169
[host] hitch liverm3ame_0: observe_us=16339 paints=0 skips=5950 ticks=252
[host] slot liverm3ame_0: d_loop_us=1948 d_raster_us=0 d_observe_us=110977 max_observe_us=16339 d_paints=0 d_skips=50 d_ticks=1 window_ms=1179
[host] hitch liverm3ame_0: observe_us=18082 paints=0 skips=6026 ticks=255
[host] slot liverm3ame_0: d_loop_us=2055 d_raster_us=0 d_observe_us=111372 max_observe_us=18082 d_paints=0 d_skips=50 d_ticks=2 window_ms=1183
[host] hitch liverm3ame_0: observe_us=16034 paints=0 skips=6077 ticks=257
[host] slot liverm3ame_0: d_loop_us=1815 d_raster_us=0 d_observe_us=115472 max_observe_us=16034 d_paints=0 d_skips=50 d_ticks=2 window_ms=1168
[host] slot liverm3ame_0: d_loop_us=952 d_raster_us=0 d_observe_us=78818 max_observe_us=7371 d_paints=0 d_skips=50 d_ticks=2 window_ms=1201
[host] slot liverm3ame_0: d_loop_us=1122 d_raster_us=0 d_observe_us=80899 max_observe_us=11292 d_paints=0 d_skips=50 d_ticks=2 window_ms=1184
[host] hitch liverm3ame_0: observe_us=16195 paints=0 skips=6228 ticks=263
[host] slot liverm3ame_0: d_loop_us=1666 d_raster_us=0 d_observe_us=117346 max_observe_us=16195 d_paints=0 d_skips=50 d_ticks=2 window_ms=1177
[host] hitch liverm3ame_0: observe_us=16210 paints=0 skips=6280 ticks=265
[host] slot liverm3ame_0: d_loop_us=1880 d_raster_us=0 d_observe_us=121364 max_observe_us=16210 d_paints=0 d_skips=50 d_ticks=2 window_ms=1176
[host] hitch liverm3ame_0: observe_us=16828 paints=0 skips=6305 ticks=266
[host] hitch liverm3ame_0: observe_us=16454 paints=0 skips=6330 ticks=267
[host] slot liverm3ame_0: d_loop_us=1632 d_raster_us=0 d_observe_us=117564 max_observe_us=16828 d_paints=0 d_skips=50 d_ticks=2 window_ms=1186
[host] slot liverm3ame_0: d_loop_us=1599 d_raster_us=0 d_observe_us=108877 max_observe_us=15514 d_paints=0 d_skips=50 d_ticks=2 window_ms=1196
[host] hitch liverm3ame_0: observe_us=18140 paints=0 skips=6431 ticks=271
[host] slot liverm3ame_0: d_loop_us=1571 d_raster_us=0 d_observe_us=141953 max_observe_us=18140 d_paints=0 d_skips=50 d_ticks=2 window_ms=1185
[host] hitch liverm3ame_0: observe_us=16140 paints=0 skips=6457 ticks=272
[host] hitch liverm3ame_0: observe_us=17463 paints=0 skips=6482 ticks=273
[host] slot liverm3ame_0: d_loop_us=1562 d_raster_us=0 d_observe_us=133409 max_observe_us=17463 d_paints=0 d_skips=50 d_ticks=2 window_ms=1177
[host] slot liverm3ame_0: d_loop_us=1166 d_raster_us=0 d_observe_us=110548 max_observe_us=13896 d_paints=0 d_skips=50 d_ticks=2 window_ms=1188
[host] slot liverm3ame_0: d_loop_us=2023 d_raster_us=0 d_observe_us=129937 max_observe_us=7623 d_paints=0 d_skips=50 d_ticks=2 window_ms=1194
[host] hitch liverm3ame_0: observe_us=18292 paints=0 skips=6608 ticks=278
[host] hitch liverm3ame_0: observe_us=16194 paints=0 skips=6634 ticks=279
[host] slot liverm3ame_0: d_loop_us=1774 d_raster_us=0 d_observe_us=127354 max_observe_us=18292 d_paints=0 d_skips=50 d_ticks=2 window_ms=1181
[host] hitch liverm3ame_0: observe_us=16100 paints=0 skips=6659 ticks=280
[host] slot liverm3ame_0: d_loop_us=1477 d_raster_us=0 d_observe_us=106623 max_observe_us=16100 d_paints=0 d_skips=50 d_ticks=2 window_ms=1206
[host] hitch liverm3ame_0: observe_us=18094 paints=0 skips=6709 ticks=282
[host] slot liverm3ame_0: d_loop_us=1346 d_raster_us=0 d_observe_us=128609 max_observe_us=18094 d_paints=0 d_skips=50 d_ticks=2 window_ms=1191
[host] hitch liverm3ame_0: observe_us=28470 paints=0 skips=6759 ticks=284
FAIL: catalog_boundary_live: scenario failed: flax_aio_pick: deadline 180s exceeded; evidence=Some(Evidence { scenario: "flax_aio_pick", outcome: "FAIL", predicate: "bank_closed", ticks: 344, elapsed_ms: 180014, message: Some("flax_aio_pick: deadline 180s exceeded"), tile: Some([2721, 3493, 0]), inv: [], stat: Some(StatRow { runenergy: 88 }), chat: [ChatRow { text: "You can't carry any more flax.", username: None }, ChatRow { text: "You pick some flax.", username: None }, ChatRow { text: "You pick some flax.", username: None }, ChatRow { text: "You pick some flax.", username: None }, ChatRow { text: "You pick some flax.", username: None }, ChatRow { text: "You pick some flax.", username: None }, ChatRow { text: "You pick some flax.", username: None }, ChatRow { text: "You pick some flax.", username: None }, ChatRow { text: "You pick some flax.", username: None }, ChatRow { text: "You pick some flax.", username: None }, ChatRow { text: "You pick some flax.", username: None }, ChatRow { text: "You pick some flax.", username: None }, ChatRow { text: "You pick some flax.", username: None }, ChatRow { text: "You pick some flax.", username: None }, ChatRow { text: "You pick some flax.", username: None }, ChatRow { text: "You pick some flax.", username: None }, ChatRow { text: "You pick some flax.", username: None }, ChatRow { text: "You pick some flax.", username: None }, ChatRow { text: "You pick some flax.", username: None }, ChatRow { text: "You pick some flax.", username: None }, ChatRow { text: "You pick some flax.", username: None }, ChatRow { text: "You pick some flax.", username: None }, ChatRow { text: "You pick some flax.", username: None }, ChatRow { text: "You pick some flax.", username: None }, ChatRow { text: "You pick some flax.", username: None }, ChatRow { text: "You pick some flax.", username: None }, ChatRow { text: "You pick some flax.", username: None }, ChatRow { text: "You pick some flax.", username: None }, ChatRow { text: "You pick some flax.", username: None }, ChatRow { text: "Inventory wiped.", username: None }, ChatRow { text: "set tutorial: to 1000", username: None }, ChatRow { text: "Welcome to RuneScape.", username: None }], scene: 2 }); core={"error":"flax_aio_pick core post-Start delta incomplete","witness":{"case":"flax_aio_pick","baseline":{"ingame":true,"scene_state":2,"player":"Liverm3ame 0","tile":[2741,3444,0],"combat_level":3,"tick":18,"items":{},"item_ids":{},"bank":{},"bank_ids":{},"bank_open":false,"bank_loaded":false,"bank_generation":0,"levels":{"-unused-":0,"agility":1,"attack":1,"cooking":1,"crafting":1,"defence":1,"firemaking":1,"fishing":1,"fletching":1,"herblore":1,"hitpoints":10,"magic":1,"mining":1,"prayer":1,"ranged":1,"runecraft":1,"slayer":1,"smithing":1,"strength":1,"thieving":1,"woodcutting":1},"xp":{"-unused-":0,"agility":0,"attack":0,"cooking":0,"crafting":0,"defence":0,"firemaking":0,"fishing":0,"fletching":0,"herblore":0,"hitpoints":1154,"magic":0,"mining":0,"prayer":0,"ranged":0,"runecraft":0,"slayer":0,"smithing":0,"strength":0,"thieving":0,"woodcutting":0},"varps":{"309":0},"chat":[[7,"Inventory wiped."],[6,"set tutorial: to 1000"],[5,"Welcome to RuneScape."]],"loc_facts":[],"npc_facts":[],"ground_loot":[],"local_in_combat":false,"local_target_npc":null,"local_health":0,"local_animation":-1,"equipment_ids":{},"main_modal":-1,"widget_ids":[3213,3214]},"latest":{"ingame":true,"scene_state":2,"player":"Liverm3ame 0","tile":[2721,3493,0],"combat_level":3,"tick":284,"items":{},"item_ids":{},"bank":{"Flax":28},"bank_ids":{"1779":28},"bank_open":true,"bank_loaded":true,"bank_generation":1,"levels":{"-unused-":0,"agility":1,"attack":1,"cooking":1,"crafting":1,"defence":1,"firemaking":1,"fishing":1,"fletching":1,"herblore":1,"hitpoints":10,"magic":1,"mining":1,"prayer":1,"ranged":1,"runecraft":1,"slayer":1,"smithing":1,"strength":1,"thieving":1,"woodcutting":1},"xp":{"-unused-":0,"agility":0,"attack":0,"cooking":0,"crafting":0,"defence":0,"firemaking":0,"fishing":0,"fletching":0,"herblore":0,"hitpoints":1154,"magic":0,"mining":0,"prayer":0,"ranged":0,"runecraft":0,"slayer":0,"smithing":0,"strength":0,"thieving":0,"woodcutting":0},"varps":{"309":0},"chat":[[36,"You can't carry any more flax."],[35,"You pick some flax."],[34,"You pick some flax."],[33,"You pick some flax."],[32,"You pick some flax."],[31,"You pick some flax."],[30,"You pick some flax."],[29,"You pick some flax."],[28,"You pick some flax."],[27,"You pick some flax."],[26,"You pick some flax."],[25,"You pick some flax."],[24,"You pick some flax."],[23,"You pick some flax."],[22,"You pick some flax."],[21,"You pick some flax."],[20,"You pick some flax."],[19,"You pick some flax."],[18,"You pick some flax."],[17,"You pick some flax."],[16,"You pick some flax."],[15,"You pick some flax."],[14,"You pick some flax."],[13,"You pick some flax."],[12,"You pick some flax."],[11,"You pick some flax."],[10,"You pick some flax."],[9,"You pick some flax."],[8,"You pick some flax."],[7,"Inventory wiped."],[6,"set tutorial: to 1000"],[5,"Welcome to RuneScape."]],"loc_facts":[],"npc_facts":[],"ground_loot":[],"local_in_combat":false,"local_target_npc":null,"local_health":0,"local_animation":-1,"equipment_ids":{},"main_modal":5292,"widget_ids":[2005,2006,5292,5293,5294,5295,5296,5297,5298,5299,5300,5301,5302,5303,5304,5305,5306,5307,5308,5309,5310,5311,5312,5313,5314,5315,5316,5317,5318,5319,5320,5321,5322,5323,5324,5325,5326,5327,5328,5329,5330,5331,5332,5333,5334,5335,5336,5337,5338,5339,5340,5341,5342,5343,5344,5345,5346,5347,5348,5349,5350,5351,5352,5353,5354,5355,5356,5357,5358,5359,5360,5361,5362,5363,5364,5365,5366,5367,5368,5369,5370,5371,5372,5373,5374,5375,5376,5377,5378,5379,5380,5381,5382,5383,5384,5385,5386,5387,5388,5389,5390,5391,8130,8131,8132,8133]},"max_items":{"Flax":28},"max_xp":{"-unused-":0,"agility":0,"attack":0,"cooking":0,"crafting":0,"defence":0,"firemaking":0,"fishing":0,"fletching":0,"herblore":0,"hitpoints":1154,"magic":0,"mining":0,"prayer":0,"ranged":0,"runecraft":0,"slayer":0,"smithing":0,"strength":0,"thieving":0,"woodcutting":0},"saw_bury_chat":false,"post_start_observations":6678,"bone_bank_cycle":{"first_batch_buried":false,"opened":null,"withdrawn":null,"buried_after_withdrawal":false},"bank_fletcher_cycle":{"first_pack_created":false,"deposited":null,"withdrawn":null,"crafted_after_withdrawal":false},"bank_fletcher_option_cycle":{"first":null,"deposited":null,"restocked":null,"further":false},"bank_fletcher_string_cycle":{"initial_pairs_strung":false,"deposited":null,"withdrawn":null,"strung_after_withdrawal":false},"bank_fletcher_cut_string_cycle":{"cut_pair_created":false,"deposited":null,"withdrawn":null,"string_pair_created":false},"alcher_defaults_cycle":{"withdrawn":null,"consumed":false},"alcher_generated_custom_cycle":{"withdrawn":null,"consumed":false},"dart_fletcher_cycle":{"first":null,"further":false,"wrong_tier":false},"herb_cleaner_cycle":{"first_pack":false,"deposited":null,"withdrawn":null,"cleaned_after_withdrawal":false,"filter_violated":false},"gem_cutter_cycle":{"first_pack":false,"deposited":null,"withdrawn":null,"cut_after_withdrawal":false,"filter_violated":false},"door_opener_cycle":{"selected":null,"opened":false},"gnome_course_cycle":{"log":null,"ground_return":null,"pipe":null,"second_lap":false},"wildy_agility_cycle":{"ridge":null,"pipe":null,"rope":null,"stone":null,"log":null,"rocks":null,"further_pipe":false},"brimhaven_agility_cycle":{"paid":false,"entered":null,"moved":null,"first_tag":false,"ticket":null,"subsequent_work":false},"flax_picker_cycle":{"first_pack":false,"deposited":null,"returned":false,"further":false},"superheater_cycle":{"first_bars":false,"deposited":null,"withdrawn":null,"produced_after_withdrawal":false,"wrong_product":false,"wrong_staff":false},"chicken_killer_bank_cycle":{"combat_loot":false,"deposited":null,"returned":false,"further":false},"vial_filler_cycle":{"filled":null,"deposited":null,"withdrawn":null,"returned":false,"further":false},"potion_maker_cycle":{"unfinished":null,"finished":null,"deposited":null,"withdrawn":null,"further":false,"wrong_product":false,"filter_violated":false},"tanner_bot_cycle":{"widget":null,"tanned":null,"deposited":null,"withdrawn":null,"returned":false,"further":false,"wrong_product":false,"shop":false},"rune_crafter_cycle":{"withdrawn":null,"entered":null,"crafted":null,"exited":null,"deposited":null,"restocked":null,"returned":false,"further":false,"wrong_product":false,"noted":false},"ardy_cakes_cycle":{"stolen":null,"deposited":null,"returned":false,"further":false,"wrong_product":false,"noted":false},"ardy_thiever_cycle":{"pickpocketed":null,"deposited":null,"returned":false,"further":false},"gnome_chop_cycle":{"chopped":null,"deposited":null,"returned":false,"further":false,"wrong_product":false,"noted":false},"gnome_fletch_cycle":{"chopped":null,"fletched":null,"deposited":null,"returned":false,"further":false,"wrong_product":false,"noted":false},"coal_trucks_cycle":{"mined":null,"trucked":null,"further":false,"noted":false,"banked":false},"station_production_cycle":{"withdrawn":null,"produced":null,"deposited":null,"restocked":null,"returned":false,"further":false,"wrong_product":false,"noted":false},"flax_aio_cycle":{"picked":null,"produced":null,"deposited":null,"returned":false,"further":false,"wrong_product":false,"noted":false},"flax_aio_pick_cycle":{"first_pack":true,"deposited":{"ingame":true,"scene_state":2,"player":"Liverm3ame 0","tile":[2721,3493,0],"combat_level":3,"tick":139,"items":{},"item_ids":{},"bank":{"Flax":28},"bank_ids":{"1779":28},"bank_open":true,"bank_loaded":true,"bank_generation":1,"levels":{"-unused-":0,"agility":1,"attack":1,"cooking":1,"crafting":1,"defence":1,"firemaking":1,"fishing":1,"fletching":1,"herblore":1,"hitpoints":10,"magic":1,"mining":1,"prayer":1,"ranged":1,"runecraft":1,"slayer":1,"smithing":1,"strength":1,"thieving":1,"woodcutting":1},"xp":{"-unused-":0,"agility":0,"attack":0,"cooking":0,"crafting":0,"defence":0,"firemaking":0,"fishing":0,"fletching":0,"herblore":0,"hitpoints":1154,"magic":0,"mining":0,"prayer":0,"ranged":0,"runecraft":0,"slayer":0,"smithing":0,"strength":0,"thieving":0,"woodcutting":0},"varps":{"309":0},"chat":[[36,"You can't carry any more flax."],[35,"You pick some flax."],[34,"You pick some flax."],[33,"You pick some flax."],[32,"You pick some flax."],[31,"You pick some flax."],[30,"You pick some flax."],[29,"You pick some flax."],[28,"You pick some flax."],[27,"You pick some flax."],[26,"You pick some flax."],[25,"You pick some flax."],[24,"You pick some flax."],[23,"You pick some flax."],[22,"You pick some flax."],[21,"You pick some flax."],[20,"You pick some flax."],[19,"You pick some flax."],[18,"You pick some flax."],[17,"You pick some flax."],[16,"You pick some flax."],[15,"You pick some flax."],[14,"You pick some flax."],[13,"You pick some flax."],[12,"You pick some flax."],[11,"You pick some flax."],[10,"You pick some flax."],[9,"You pick some flax."],[8,"You pick some flax."],[7,"Inventory wiped."],[6,"set tutorial: to 1000"],[5,"Welcome to RuneScape."]],"loc_facts":[],"npc_facts":[],"ground_loot":[],"local_in_combat":false,"local_target_npc":null,"local_health":0,"local_animation":-1,"equipment_ids":{},"main_modal":5292,"widget_ids":[2005,2006,5292,5293,5294,5295,5296,5297,5298,5299,5300,5301,5302,5303,5304,5305,5306,5307,5308,5309,5310,5311,5312,5313,5314,5315,5316,5317,5318,5319,5320,5321,5322,5323,5324,5325,5326,5327,5328,5329,5330,5331,5332,5333,5334,5335,5336,5337,5338,5339,5340,5341,5342,5343,5344,5345,5346,5347,5348,5349,5350,5351,5352,5353,5354,5355,5356,5357,5358,5359,5360,5361,5362,5363,5364,5365,5366,5367,5368,5369,5370,5371,5372,5373,5374,5375,5376,5377,5378,5379,5380,5381,5382,5383,5384,5385,5386,5387,5388,5389,5390,5391,8130,8131,8132,8133]},"returned":false,"further":false,"wrong_product":false,"noted":false},"herblore_eggs_cycle":{"taken":false,"deposited":null,"returned":false,"further":false,"wrong_product":false,"noted":false},"herblore_newt_cycle":{"bought":false,"deposited":null,"returned":false,"further":false,"coins_spent":false,"coins_peak":0,"wrong_product":false,"noted":false},"combat_core_cycle":{"engagements":0,"defeats":0,"style_xp":false,"looted":false,"noted":false,"activated":false,"shield_worn":false,"stolen_food":false,"wrong_item":false,"dormant_indexes":[],"dormant_tiles":{},"last":{},"currently_engaged":[],"facts":[]},"ordered_first_exhausted":false}}; diagnostic={"observation":{"ingame":true,"scene_state":2,"player":"Liverm3ame 0","tile":[2721,3493,0],"combat_level":3,"tick":284,"items":{},"item_ids":{},"bank":{"Flax":28},"bank_ids":{"1779":28},"bank_open":true,"bank_loaded":true,"bank_generation":1,"levels":{"-unused-":0,"agility":1,"attack":1,"cooking":1,"crafting":1,"defence":1,"firemaking":1,"fishing":1,"fletching":1,"herblore":1,"hitpoints":10,"magic":1,"mining":1,"prayer":1,"ranged":1,"runecraft":1,"slayer":1,"smithing":1,"strength":1,"thieving":1,"woodcutting":1},"xp":{"-unused-":0,"agility":0,"attack":0,"cooking":0,"crafting":0,"defence":0,"firemaking":0,"fishing":0,"fletching":0,"herblore":0,"hitpoints":1154,"magic":0,"mining":0,"prayer":0,"ranged":0,"runecraft":0,"slayer":0,"smithing":0,"strength":0,"thieving":0,"woodcutting":0},"varps":{"309":0},"chat":[[36,"You can't carry any more flax."],[35,"You pick some flax."],[34,"You pick some flax."],[33,"You pick some flax."],[32,"You pick some flax."],[31,"You pick some flax."],[30,"You pick some flax."],[29,"You pick some flax."],[28,"You pick some flax."],[27,"You pick some flax."],[26,"You pick some flax."],[25,"You pick some flax."],[24,"You pick some flax."],[23,"You pick some flax."],[22,"You pick some flax."],[21,"You pick some flax."],[20,"You pick some flax."],[19,"You pick some flax."],[18,"You pick some flax."],[17,"You pick some flax."],[16,"You pick some flax."],[15,"You pick some flax."],[14,"You pick some flax."],[13,"You pick some flax."],[12,"You pick some flax."],[11,"You pick some flax."],[10,"You pick some flax."],[9,"You pick some flax."],[8,"You pick some flax."],[7,"Inventory wiped."],[6,"set tutorial: to 1000"],[5,"Welcome to RuneScape."]],"loc_facts":[],"npc_facts":[],"ground_loot":[],"local_in_combat":false,"local_target_npc":null,"local_health":0,"local_animation":-1,"equipment_ids":{},"main_modal":5292,"widget_ids":[2005,2006,5292,5293,5294,5295,5296,5297,5298,5299,5300,5301,5302,5303,5304,5305,5306,5307,5308,5309,5310,5311,5312,5313,5314,5315,5316,5317,5318,5319,5320,5321,5322,5323,5324,5325,5326,5327,5328,5329,5330,5331,5332,5333,5334,5335,5336,5337,5338,5339,5340,5341,5342,5343,5344,5345,5346,5347,5348,5349,5350,5351,5352,5353,5354,5355,5356,5357,5358,5359,5360,5361,5362,5363,5364,5365,5366,5367,5368,5369,5370,5371,5372,5373,5374,5375,5376,5377,5378,5379,5380,5381,5382,5383,5384,5385,5386,5387,5388,5389,5390,5391,8130,8131,8132,8133]},"flax_aio_pick":{"player_tile":[2721,3493,0],"field_center":[2741,3444,0],"field_scope":12,"at_field":false,"bank_open":true,"bank_loaded":true,"bank_generation":1,"reachability_source":"api::query::SceneQuery::flood_reach().at(tile)","adapter_query":"Reachability.canReach(tile,{adjacentOk:true,maxSteps:400})","reachability_available":true,"relevant_locs":[{"id":2646,"tile":[2742,3452,0],"name":"Flax","actions":["Pick"],"field_distance":8,"player_distance":41,"reachable":false,"reachable_adj":true},{"id":2646,"tile":[2741,3451,0],"name":"Flax","actions":["Pick"],"field_distance":7,"player_distance":42,"reachable":false,"reachable_adj":false},{"id":2646,"tile":[2742,3451,0],"name":"Flax","actions":["Pick"],"field_distance":7,"player_distance":42,"reachable":false,"reachable_adj":true},{"id":2646,"tile":[2738,3450,0],"name":"Flax","actions":["Pick"],"field_distance":6,"player_distance":43,"reachable":false,"reachable_adj":true},{"id":2646,"tile":[2741,3450,0],"name":"Flax","actions":["Pick"],"field_distance":6,"player_distance":43,"reachable":false,"reachable_adj":true},{"id":2646,"tile":[2745,3450,0],"name":"Flax","actions":["Pick"],"field_distance":6,"player_distance":43,"reachable":false,"reachable_adj":true},{"id":2646,"tile":[2747,3450,0],"name":"Flax","actions":["Pick"],"field_distance":6,"player_distance":43,"reachable":false,"reachable_adj":true},{"id":2646,"tile":[2739,3449,0],"name":"Flax","actions":["Pick"],"field_distance":5,"player_distance":44,"reachable":false,"reachable_adj":true},{"id":2646,"tile":[2740,3449,0],"name":"Flax","actions":["Pick"],"field_distance":5,"player_distance":44,"reachable":false,"reachable_adj":true},{"id":2646,"tile":[2741,3449,0],"name":"Flax","actions":["Pick"],"field_distance":5,"player_distance":44,"reachable":false,"reachable_adj":true},{"id":2646,"tile":[2743,3449,0],"name":"Flax","actions":["Pick"],"field_distance":5,"player_distance":44,"reachable":false,"reachable_adj":true},{"id":2646,"tile":[2749,3449,0],"name":"Flax","actions":["Pick"],"field_distance":8,"player_distance":44,"reachable":false,"reachable_adj":true},{"id":2646,"tile":[2741,3448,0],"name":"Flax","actions":["Pick"],"field_distance":4,"player_distance":45,"reachable":false,"reachable_adj":true},{"id":2646,"tile":[2742,3448,0],"name":"Flax","actions":["Pick"],"field_distance":4,"player_distance":45,"reachable":false,"reachable_adj":true},{"id":2646,"tile":[2738,3447,0],"name":"Flax","actions":["Pick"],"field_distance":3,"player_distance":46,"reachable":false,"reachable_adj":true},{"id":2646,"tile":[2743,3447,0],"name":"Flax","actions":["Pick"],"field_distance":3,"player_distance":46,"reachable":false,"reachable_adj":true},{"id":2646,"tile":[2745,3447,0],"name":"Flax","actions":["Pick"],"field_distance":4,"player_distance":46,"reachable":false,"reachable_adj":true},{"id":2646,"tile":[2742,3446,0],"name":"Flax","actions":["Pick"],"field_distance":2,"player_distance":47,"reachable":false,"reachable_adj":true},{"id":2646,"tile":[2746,3446,0],"name":"Flax","actions":["Pick"],"field_distance":5,"player_distance":47,"reachable":false,"reachable_adj":true},{"id":2646,"tile":[2747,3446,0],"name":"Flax","actions":["Pick"],"field_distance":6,"player_distance":47,"reachable":false,"reachable_adj":true},{"id":2646,"tile":[2749,3446,0],"name":"Flax","actions":["Pick"],"field_distance":8,"player_distance":47,"reachable":false,"reachable_adj":true},{"id":2646,"tile":[2747,3445,0],"name":"Flax","actions":["Pick"],"field_distance":6,"player_distance":48,"reachable":false,"reachable_adj":true},{"id":2646,"tile":[2739,3444,0],"name":"Flax","actions":["Pick"],"field_distance":2,"player_distance":49,"reachable":false,"reachable_adj":true},{"id":2646,"tile":[2745,3443,0],"name":"Flax","actions":["Pick"],"field_distance":4,"player_distance":50,"reachable":false,"reachable_adj":true},{"id":2646,"tile":[2748,3443,0],"name":"Flax","actions":["Pick"],"field_distance":7,"player_distance":50,"reachable":false,"reachable_adj":true},{"id":2646,"tile":[2739,3442,0],"name":"Flax","actions":["Pick"],"field_distance":2,"player_distance":51,"reachable":false,"reachable_adj":true},{"id":2646,"tile":[2745,3442,0],"name":"Flax","actions":["Pick"],"field_distance":4,"player_distance":51,"reachable":false,"reachable_adj":true},{"id":2646,"tile":[2750,3442,0],"name":"Flax","actions":["Pick"],"field_distance":9,"player_distance":51,"reachable":false,"reachable_adj":true},{"id":2646,"tile":[2738,3441,0],"name":"Flax","actions":["Pick"],"field_distance":3,"player_distance":52,"reachable":false,"reachable_adj":true},{"id":2646,"tile":[2744,3441,0],"name":"Flax","actions":["Pick"],"field_distance":3,"player_distance":52,"reachable":false,"reachable_adj":true},{"id":2646,"tile":[2745,3441,0],"name":"Flax","actions":["Pick"],"field_distance":4,"player_distance":52,"reachable":false,"reachable_adj":false},{"id":2646,"tile":[2746,3441,0],"name":"Flax","actions":["Pick"],"field_distance":5,"player_distance":52,"reachable":false,"reachable_adj":true},{"id":2646,"tile":[2737,3440,0],"name":"Flax","actions":["Pick"],"field_distance":4,"player_distance":53,"reachable":false,"reachable_adj":true},{"id":2646,"tile":[2738,3440,0],"name":"Flax","actions":["Pick"],"field_distance":4,"player_distance":53,"reachable":false,"reachable_adj":false},{"id":2646,"tile":[2739,3440,0],"name":"Flax","actions":["Pick"],"field_distance":4,"player_distance":53,"reachable":false,"reachable_adj":true},{"id":2646,"tile":[2744,3440,0],"name":"Flax","actions":["Pick"],"field_distance":4,"player_distance":53,"reachable":false,"reachable_adj":true},{"id":2646,"tile":[2745,3440,0],"name":"Flax","actions":["Pick"],"field_distance":4,"player_distance":53,"reachable":false,"reachable_adj":false},{"id":2646,"tile":[2746,3440,0],"name":"Flax","actions":["Pick"],"field_distance":5,"player_distance":53,"reachable":false,"reachable_adj":true},{"id":2646,"tile":[2748,3440,0],"name":"Flax","actions":["Pick"],"field_distance":7,"player_distance":53,"reachable":false,"reachable_adj":true},{"id":2646,"tile":[2738,3439,0],"name":"Flax","actions":["Pick"],"field_distance":5,"player_distance":54,"reachable":false,"reachable_adj":false},{"id":2646,"tile":[2739,3439,0],"name":"Flax","actions":["Pick"],"field_distance":5,"player_distance":54,"reachable":false,"reachable_adj":false},{"id":2646,"tile":[2740,3439,0],"name":"Flax","actions":["Pick"],"field_distance":5,"player_distance":54,"reachable":false,"reachable_adj":true},{"id":2646,"tile":[2745,3439,0],"name":"Flax","actions":["Pick"],"field_distance":5,"player_distance":54,"reachable":false,"reachable_adj":true},{"id":2646,"tile":[2739,3438,0],"name":"Flax","actions":["Pick"],"field_distance":6,"player_distance":55,"reachable":false,"reachable_adj":true},{"id":2646,"tile":[2744,3438,0],"name":"Flax","actions":["Pick"],"field_distance":6,"player_distance":55,"reachable":false,"reachable_adj":true},{"id":2646,"tile":[2749,3438,0],"name":"Flax","actions":["Pick"],"field_distance":8,"player_distance":55,"reachable":false,"reachable_adj":true}],"nearest_reachable":[2742,3452,0]}}
