
running 1 test
{"phase":"identity","revision":274,"profile":"local-274 · 127.0.0.1:43594 · revision 274","cache_id":"4aac9b63312dcb75d5de8f686772d083ba0808c57985438246edf21ef522be1c","nav_pack":"/Users/acfrazier/experiments/274bot/.worktrees/rs2b0t-multirevision/.superpowers/world-capabilities/274/274bot.navpack","nav_sha256":"05db24743e9f549ced16c1f00b87c30a390d3aaec391815da3f3563130b3bcd4","catalog_commit":"8e7d965be2071d6ec65c3265e12af797082d720a","catalog_identity":"289-updated frozen catalog","catalog_read_only_path":".superpowers/inputs/rs2b0t-8e7d965be2071d6ec65c3265e12af797082d720a","catalog_root":"/Users/acfrazier/experiments/274bot/.worktrees/rs2b0t-multirevision/.superpowers/inputs/rs2b0t-8e7d965be2071d6ec65c3265e12af797082d720a","registry_path":"/Users/acfrazier/experiments/274bot/.worktrees/rs2b0t-multirevision/.superpowers/inputs/rs2b0t-8e7d965be2071d6ec65c3265e12af797082d720a/src/bot/scripts/index.ts","registry_sha256":"b614aedb3d5adfdfbac3760f082273f3cf5c33fffe4ced0f2b01490ae02d1bc2","card":{"card":"VialFiller","source_path":"/Users/acfrazier/experiments/274bot/.worktrees/rs2b0t-multirevision/.superpowers/inputs/rs2b0t-8e7d965be2071d6ec65c3265e12af797082d720a/src/bot/scripts/VialFiller/VialFiller.ts","source_sha256":"58f95dca5a65bfc6048c1da6a3eda8a8153b90979c0a30c237e76ed437c8bd4c","compiled_sha256":"b5e83534ea1879e250bd8511577beffd8d153724e17bffc53a8ac79cd3fdc306","siblings":[{"module":"/rs2b0t/bot/scripts/bot/VialFillerLogic.js","compiled_sha256":"cab7a8d2ae274f32bb091f2da933660b0e4025e83f5c1f393524e832b58aa633"}],"settings":{"bank":"Falador East","buyVials":false,"buyEveryRuns":5.0,"buyQty":27.0,"coinsPerTrip":1000.0}},"account":"liveo85p33_0","engine_speed_ms":null}
[host-play] slot liveo85p33_0: thread up
274bot: loaded snapshot (4556 models, 336 anim records)
[host-play] slot liveo85p33_0: handshake begin reconnect=false
[host-play] slot liveo85p33_0: handshake ok
[host-play] slot liveo85p33_0: queued mainland tele+setvar (scene 2)
[host] slot liveo85p33_0: d_loop_us=10937 d_raster_us=0 d_observe_us=60647 max_observe_us=8864 d_paints=0 d_skips=50 d_ticks=5 window_ms=0
[host-play] slot liveo85p33_0: handshake begin reconnect=true
[host-play] slot liveo85p33_0: handshake ok
[host] slot liveo85p33_0: d_loop_us=4383 d_raster_us=0 d_observe_us=46945 max_observe_us=3652 d_paints=0 d_skips=50 d_ticks=1 window_ms=0
[host-play] slot liveo85p33_0: queued mainland tele+setvar (scene 2)
{"phase":"baseline-after-preparation","scenario":"vial_filler_east","account":"liveo85p33_0","observation":{"ingame":true,"scene_state":2,"player":"Liveo85p33 0","tile":[3013,3355,0],"tick":23,"items":{},"item_ids":{},"bank":{},"bank_ids":{},"bank_open":false,"bank_loaded":false,"bank_generation":2,"levels":{"-unused-":0,"agility":1,"attack":1,"cooking":1,"crafting":1,"defence":1,"firemaking":1,"fishing":1,"fletching":1,"herblore":1,"hitpoints":10,"magic":1,"mining":1,"prayer":1,"ranged":1,"runecraft":1,"slayer":1,"smithing":1,"strength":1,"thieving":1,"woodcutting":1},"xp":{"-unused-":0,"agility":0,"attack":0,"cooking":0,"crafting":0,"defence":0,"firemaking":0,"fishing":0,"fletching":0,"herblore":0,"hitpoints":1154,"magic":0,"mining":0,"prayer":0,"ranged":0,"runecraft":0,"slayer":0,"smithing":0,"strength":0,"thieving":0,"woodcutting":0},"chat":[[7,"Inventory wiped."],[6,"set tutorial: to 1000"],[5,"Welcome to RuneScape."]],"loc_facts":[],"equipment_ids":{},"main_modal":-1,"widget_ids":[3213,3214]}}
[script liveo85p33_0] start load
{"phase":"start","account":"liveo85p33_0","count":1}
[host] hitch liveo85p33_0: observe_us=107694 paints=0 skips=95 ticks=23
[script liveo85p33_0] VialFiller — Falador East bank -> Falador fountain
[script liveo85p33_0] interact OpenBooth { x: 3012, z: 3354, level: 0, id: 2213, name: Some("Bank booth"), action: Some("Use-quickly") }
[host] slot liveo85p33_0: d_loop_us=23128 d_raster_us=0 d_observe_us=224503 max_observe_us=107694 d_paints=0 d_skips=50 d_ticks=23 window_ms=13897
[host] hitch liveo85p33_0: observe_us=21378 paints=0 skips=116 ticks=25
[host] hitch liveo85p33_0: observe_us=17132 paints=0 skips=138 ticks=26
[host] slot liveo85p33_0: d_loop_us=1190 d_raster_us=0 d_observe_us=94894 max_observe_us=21378 d_paints=0 d_skips=50 d_ticks=2 window_ms=1339
[host] hitch liveo85p33_0: observe_us=18102 paints=0 skips=161 ticks=27
[host] slot liveo85p33_0: d_loop_us=1164 d_raster_us=0 d_observe_us=86535 max_observe_us=18102 d_paints=0 d_skips=50 d_ticks=2 window_ms=1287
[host] hitch liveo85p33_0: observe_us=18793 paints=0 skips=231 ticks=30
[host] slot liveo85p33_0: d_loop_us=1092 d_raster_us=0 d_observe_us=91599 max_observe_us=18793 d_paints=0 d_skips=50 d_ticks=2 window_ms=1288
[host] hitch liveo85p33_0: observe_us=21081 paints=0 skips=276 ticks=32
[script liveo85p33_0] interact Close
[shim-close] sent
[host] slot liveo85p33_0: d_loop_us=1132 d_raster_us=0 d_observe_us=105553 max_observe_us=21081 d_paints=0 d_skips=50 d_ticks=3 window_ms=1327
[host] hitch liveo85p33_0: observe_us=18328 paints=0 skips=300 ticks=33
[script liveo85p33_0] interact WalkNear { x: 2949, z: 3381, level: 0, radius: 3, allow_teleports: false }
[nav-follow] here=WorldTile { x: 3012, z: 3355, level: 0 } walk=true transport=false leg=0 hops=1 outcome=None
[host] hitch liveo85p33_0: observe_us=16122 paints=0 skips=323 ticks=34
[nav-walk] here=WorldTile { x: 3012, z: 3357, level: 0 } aim=WorldTile { x: 3001, z: 3365, level: 0 } radius=2 ticks_waited=0 sent_tile=Some(WorldTile { x: 3012, z: 3355, level: 0 })
[nav-follow] here=WorldTile { x: 3012, z: 3357, level: 0 } walk=true transport=false leg=0 hops=1 outcome=None
[host] hitch liveo85p33_0: observe_us=30320 paints=0 skips=345 ticks=35
[host] slot liveo85p33_0: d_loop_us=1134 d_raster_us=0 d_observe_us=118135 max_observe_us=30320 d_paints=0 d_skips=50 d_ticks=2 window_ms=1307
[nav-walk] here=WorldTile { x: 3012, z: 3359, level: 0 } aim=WorldTile { x: 3001, z: 3365, level: 0 } radius=2 ticks_waited=1 sent_tile=Some(WorldTile { x: 3012, z: 3355, level: 0 })
[nav-follow] here=WorldTile { x: 3012, z: 3359, level: 0 } walk=true transport=false leg=0 hops=1 outcome=None
[host] hitch liveo85p33_0: observe_us=25832 paints=0 skips=369 ticks=36
[nav-walk] here=WorldTile { x: 3010, z: 3359, level: 0 } aim=WorldTile { x: 3001, z: 3365, level: 0 } radius=2 ticks_waited=2 sent_tile=Some(WorldTile { x: 3012, z: 3355, level: 0 })
[nav-follow] here=WorldTile { x: 3010, z: 3359, level: 0 } walk=true transport=false leg=0 hops=1 outcome=None
[host] hitch liveo85p33_0: observe_us=22897 paints=0 skips=393 ticks=37
[host] slot liveo85p33_0: d_loop_us=987 d_raster_us=0 d_observe_us=96224 max_observe_us=25832 d_paints=0 d_skips=50 d_ticks=2 window_ms=1258
[nav-walk] here=WorldTile { x: 3008, z: 3359, level: 0 } aim=WorldTile { x: 3001, z: 3365, level: 0 } radius=2 ticks_waited=3 sent_tile=Some(WorldTile { x: 3012, z: 3355, level: 0 })
[nav-follow] here=WorldTile { x: 3008, z: 3359, level: 0 } walk=true transport=false leg=0 hops=1 outcome=None
[host] hitch liveo85p33_0: observe_us=32132 paints=0 skips=415 ticks=38
[nav-walk] here=WorldTile { x: 3006, z: 3360, level: 0 } aim=WorldTile { x: 3001, z: 3365, level: 0 } radius=2 ticks_waited=4 sent_tile=Some(WorldTile { x: 3012, z: 3355, level: 0 })
[nav-follow] here=WorldTile { x: 3006, z: 3360, level: 0 } walk=true transport=false leg=0 hops=1 outcome=None
[host] hitch liveo85p33_0: observe_us=27823 paints=0 skips=437 ticks=39
[host] slot liveo85p33_0: d_loop_us=1040 d_raster_us=0 d_observe_us=115590 max_observe_us=32132 d_paints=0 d_skips=50 d_ticks=2 window_ms=1372
[nav-walk] here=WorldTile { x: 3004, z: 3362, level: 0 } aim=WorldTile { x: 3001, z: 3365, level: 0 } radius=2 ticks_waited=5 sent_tile=Some(WorldTile { x: 3012, z: 3355, level: 0 })
[nav-follow] here=WorldTile { x: 3004, z: 3362, level: 0 } walk=true transport=false leg=0 hops=1 outcome=None
[host] hitch liveo85p33_0: observe_us=23806 paints=0 skips=460 ticks=40
[nav-walk] here=WorldTile { x: 3002, z: 3364, level: 0 } aim=WorldTile { x: 3001, z: 3365, level: 0 } radius=2 ticks_waited=6 sent_tile=Some(WorldTile { x: 3012, z: 3355, level: 0 })
[nav-follow] here=WorldTile { x: 3002, z: 3364, level: 0 } walk=true transport=false leg=0 hops=2 outcome=None
[host] hitch liveo85p33_0: observe_us=23263 paints=0 skips=482 ticks=41
[host] slot liveo85p33_0: d_loop_us=913 d_raster_us=0 d_observe_us=97272 max_observe_us=23806 d_paints=0 d_skips=50 d_ticks=2 window_ms=1324
[nav-walk] here=WorldTile { x: 3000, z: 3364, level: 0 } aim=WorldTile { x: 2985, z: 3375, level: 0 } radius=2 ticks_waited=0 sent_tile=Some(WorldTile { x: 3002, z: 3364, level: 0 })
[nav-follow] here=WorldTile { x: 3000, z: 3364, level: 0 } walk=true transport=false leg=0 hops=2 outcome=None
[host] hitch liveo85p33_0: observe_us=24948 paints=0 skips=505 ticks=42
[nav-walk] here=WorldTile { x: 2998, z: 3364, level: 0 } aim=WorldTile { x: 2985, z: 3375, level: 0 } radius=2 ticks_waited=1 sent_tile=Some(WorldTile { x: 3002, z: 3364, level: 0 })
[nav-follow] here=WorldTile { x: 2998, z: 3364, level: 0 } walk=true transport=false leg=0 hops=2 outcome=None
[host] hitch liveo85p33_0: observe_us=19689 paints=0 skips=527 ticks=43
[host] slot liveo85p33_0: d_loop_us=965 d_raster_us=0 d_observe_us=92570 max_observe_us=24948 d_paints=0 d_skips=50 d_ticks=3 window_ms=1314
[nav-walk] here=WorldTile { x: 2996, z: 3365, level: 0 } aim=WorldTile { x: 2985, z: 3375, level: 0 } radius=2 ticks_waited=2 sent_tile=Some(WorldTile { x: 3002, z: 3364, level: 0 })
[nav-follow] here=WorldTile { x: 2996, z: 3365, level: 0 } walk=true transport=false leg=0 hops=2 outcome=None
[host] hitch liveo85p33_0: observe_us=22613 paints=0 skips=550 ticks=44
[nav-walk] here=WorldTile { x: 2994, z: 3366, level: 0 } aim=WorldTile { x: 2985, z: 3375, level: 0 } radius=2 ticks_waited=3 sent_tile=Some(WorldTile { x: 3002, z: 3364, level: 0 })
[nav-follow] here=WorldTile { x: 2994, z: 3366, level: 0 } walk=true transport=false leg=0 hops=2 outcome=None
[host] hitch liveo85p33_0: observe_us=24962 paints=0 skips=573 ticks=45
[nav-walk] here=WorldTile { x: 2992, z: 3368, level: 0 } aim=WorldTile { x: 2985, z: 3375, level: 0 } radius=2 ticks_waited=4 sent_tile=Some(WorldTile { x: 3002, z: 3364, level: 0 })
[nav-follow] here=WorldTile { x: 2992, z: 3368, level: 0 } walk=true transport=false leg=0 hops=2 outcome=None
[host] hitch liveo85p33_0: observe_us=25526 paints=0 skips=595 ticks=46
[host] slot liveo85p33_0: d_loop_us=850 d_raster_us=0 d_observe_us=126096 max_observe_us=25526 d_paints=0 d_skips=50 d_ticks=2 window_ms=1318
[nav-walk] here=WorldTile { x: 2990, z: 3370, level: 0 } aim=WorldTile { x: 2985, z: 3375, level: 0 } radius=2 ticks_waited=5 sent_tile=Some(WorldTile { x: 3002, z: 3364, level: 0 })
[nav-follow] here=WorldTile { x: 2990, z: 3370, level: 0 } walk=true transport=false leg=0 hops=2 outcome=None
[host] hitch liveo85p33_0: observe_us=21233 paints=0 skips=617 ticks=47
[nav-walk] here=WorldTile { x: 2988, z: 3372, level: 0 } aim=WorldTile { x: 2985, z: 3375, level: 0 } radius=2 ticks_waited=6 sent_tile=Some(WorldTile { x: 3002, z: 3364, level: 0 })
[nav-follow] here=WorldTile { x: 2988, z: 3372, level: 0 } walk=true transport=false leg=0 hops=2 outcome=None
[host] hitch liveo85p33_0: observe_us=22569 paints=0 skips=640 ticks=48
[host] slot liveo85p33_0: d_loop_us=893 d_raster_us=0 d_observe_us=93815 max_observe_us=22569 d_paints=0 d_skips=50 d_ticks=2 window_ms=1333
[nav-walk] here=WorldTile { x: 2986, z: 3374, level: 0 } aim=WorldTile { x: 2985, z: 3375, level: 0 } radius=2 ticks_waited=7 sent_tile=Some(WorldTile { x: 3002, z: 3364, level: 0 })
[nav-follow] here=WorldTile { x: 2986, z: 3374, level: 0 } walk=true transport=false leg=0 hops=3 outcome=None
[host] hitch liveo85p33_0: observe_us=23935 paints=0 skips=663 ticks=49
[nav-walk] here=WorldTile { x: 2984, z: 3374, level: 0 } aim=WorldTile { x: 2969, z: 3381, level: 0 } radius=2 ticks_waited=0 sent_tile=Some(WorldTile { x: 2986, z: 3374, level: 0 })
[nav-follow] here=WorldTile { x: 2984, z: 3374, level: 0 } walk=true transport=false leg=0 hops=3 outcome=None
[host] hitch liveo85p33_0: observe_us=24359 paints=0 skips=687 ticks=50
[host] slot liveo85p33_0: d_loop_us=818 d_raster_us=0 d_observe_us=91756 max_observe_us=24359 d_paints=0 d_skips=50 d_ticks=2 window_ms=1299
[nav-walk] here=WorldTile { x: 2982, z: 3374, level: 0 } aim=WorldTile { x: 2969, z: 3381, level: 0 } radius=2 ticks_waited=1 sent_tile=Some(WorldTile { x: 2986, z: 3374, level: 0 })
[nav-follow] here=WorldTile { x: 2982, z: 3374, level: 0 } walk=true transport=false leg=0 hops=3 outcome=None
[host] hitch liveo85p33_0: observe_us=17324 paints=0 skips=710 ticks=51
[nav-walk] here=WorldTile { x: 2980, z: 3374, level: 0 } aim=WorldTile { x: 2969, z: 3381, level: 0 } radius=2 ticks_waited=2 sent_tile=Some(WorldTile { x: 2986, z: 3374, level: 0 })
[nav-follow] here=WorldTile { x: 2980, z: 3374, level: 0 } walk=true transport=false leg=0 hops=3 outcome=None
[host] hitch liveo85p33_0: observe_us=17809 paints=0 skips=732 ticks=52
[host] slot liveo85p33_0: d_loop_us=811 d_raster_us=0 d_observe_us=69238 max_observe_us=17809 d_paints=0 d_skips=50 d_ticks=2 window_ms=1302
[nav-walk] here=WorldTile { x: 2978, z: 3375, level: 0 } aim=WorldTile { x: 2969, z: 3381, level: 0 } radius=2 ticks_waited=3 sent_tile=Some(WorldTile { x: 2986, z: 3374, level: 0 })
[nav-follow] here=WorldTile { x: 2978, z: 3375, level: 0 } walk=true transport=false leg=0 hops=3 outcome=None
[host] hitch liveo85p33_0: observe_us=17031 paints=0 skips=756 ticks=53
[nav-walk] here=WorldTile { x: 2976, z: 3375, level: 0 } aim=WorldTile { x: 2969, z: 3381, level: 0 } radius=2 ticks_waited=4 sent_tile=Some(WorldTile { x: 2986, z: 3374, level: 0 })
[nav-follow] here=WorldTile { x: 2976, z: 3375, level: 0 } walk=true transport=false leg=0 hops=3 outcome=None
[host] hitch liveo85p33_0: observe_us=17294 paints=0 skips=779 ticks=54
[host] slot liveo85p33_0: d_loop_us=884 d_raster_us=0 d_observe_us=71176 max_observe_us=17294 d_paints=0 d_skips=50 d_ticks=2 window_ms=1308
[nav-walk] here=WorldTile { x: 2972, z: 3378, level: 0 } aim=WorldTile { x: 2969, z: 3381, level: 0 } radius=2 ticks_waited=5 sent_tile=Some(WorldTile { x: 2986, z: 3374, level: 0 })
[nav-follow] here=WorldTile { x: 2972, z: 3378, level: 0 } walk=true transport=false leg=0 hops=3 outcome=None
[nav-walk] here=WorldTile { x: 2970, z: 3380, level: 0 } aim=WorldTile { x: 2969, z: 3381, level: 0 } radius=2 ticks_waited=6 sent_tile=Some(WorldTile { x: 2986, z: 3374, level: 0 })
[nav-follow] here=WorldTile { x: 2970, z: 3380, level: 0 } walk=true transport=false leg=0 hops=4 outcome=None
[host] slot liveo85p33_0: d_loop_us=8484 d_raster_us=0 d_observe_us=90158 max_observe_us=15418 d_paints=0 d_skips=50 d_ticks=3 window_ms=1314
[nav-walk] here=WorldTile { x: 2968, z: 3380, level: 0 } aim=WorldTile { x: 2952, z: 3378, level: 0 } radius=0 ticks_waited=0 sent_tile=Some(WorldTile { x: 2970, z: 3380, level: 0 })
[nav-follow] here=WorldTile { x: 2968, z: 3380, level: 0 } walk=true transport=false leg=0 hops=4 outcome=None
[nav-walk] here=WorldTile { x: 2966, z: 3379, level: 0 } aim=WorldTile { x: 2952, z: 3378, level: 0 } radius=0 ticks_waited=1 sent_tile=Some(WorldTile { x: 2970, z: 3380, level: 0 })
[nav-follow] here=WorldTile { x: 2966, z: 3379, level: 0 } walk=true transport=false leg=0 hops=4 outcome=None
[host] hitch liveo85p33_0: observe_us=16654 paints=0 skips=893 ticks=59
[host] slot liveo85p33_0: d_loop_us=943 d_raster_us=0 d_observe_us=70594 max_observe_us=16654 d_paints=0 d_skips=50 d_ticks=2 window_ms=1310
[nav-walk] here=WorldTile { x: 2964, z: 3379, level: 0 } aim=WorldTile { x: 2952, z: 3378, level: 0 } radius=0 ticks_waited=2 sent_tile=Some(WorldTile { x: 2970, z: 3380, level: 0 })
[nav-follow] here=WorldTile { x: 2964, z: 3379, level: 0 } walk=true transport=false leg=0 hops=4 outcome=None
[nav-walk] here=WorldTile { x: 2962, z: 3379, level: 0 } aim=WorldTile { x: 2952, z: 3378, level: 0 } radius=0 ticks_waited=3 sent_tile=Some(WorldTile { x: 2970, z: 3380, level: 0 })
[nav-follow] here=WorldTile { x: 2962, z: 3379, level: 0 } walk=true transport=false leg=0 hops=4 outcome=None
[host] slot liveo85p33_0: d_loop_us=1065 d_raster_us=0 d_observe_us=64936 max_observe_us=15325 d_paints=0 d_skips=50 d_ticks=2 window_ms=1331
[nav-walk] here=WorldTile { x: 2960, z: 3379, level: 0 } aim=WorldTile { x: 2952, z: 3378, level: 0 } radius=0 ticks_waited=4 sent_tile=Some(WorldTile { x: 2970, z: 3380, level: 0 })
[nav-follow] here=WorldTile { x: 2960, z: 3379, level: 0 } walk=true transport=false leg=0 hops=4 outcome=None
[nav-walk] here=WorldTile { x: 2958, z: 3379, level: 0 } aim=WorldTile { x: 2952, z: 3378, level: 0 } radius=0 ticks_waited=5 sent_tile=Some(WorldTile { x: 2970, z: 3380, level: 0 })
[nav-follow] here=WorldTile { x: 2958, z: 3379, level: 0 } walk=true transport=false leg=0 hops=4 outcome=None
[host] hitch liveo85p33_0: observe_us=16432 paints=0 skips=985 ticks=63
[host] slot liveo85p33_0: d_loop_us=1179 d_raster_us=0 d_observe_us=70418 max_observe_us=16432 d_paints=0 d_skips=50 d_ticks=2 window_ms=1266
[nav-walk] here=WorldTile { x: 2956, z: 3379, level: 0 } aim=WorldTile { x: 2952, z: 3378, level: 0 } radius=0 ticks_waited=6 sent_tile=Some(WorldTile { x: 2970, z: 3380, level: 0 })
[nav-follow] here=WorldTile { x: 2956, z: 3379, level: 0 } walk=true transport=false leg=0 hops=4 outcome=None
[nav-walk] here=WorldTile { x: 2954, z: 3379, level: 0 } aim=WorldTile { x: 2952, z: 3378, level: 0 } radius=0 ticks_waited=7 sent_tile=Some(WorldTile { x: 2970, z: 3380, level: 0 })
[nav-follow] here=WorldTile { x: 2954, z: 3379, level: 0 } walk=true transport=false leg=0 hops=4 outcome=None
[host] slot liveo85p33_0: d_loop_us=1168 d_raster_us=0 d_observe_us=71438 max_observe_us=15753 d_paints=0 d_skips=50 d_ticks=2 window_ms=1303
[nav-walk] here=WorldTile { x: 2952, z: 3378, level: 0 } aim=WorldTile { x: 2952, z: 3378, level: 0 } radius=0 ticks_waited=8 sent_tile=Some(WorldTile { x: 2970, z: 3380, level: 0 })
[nav-follow] here=WorldTile { x: 2952, z: 3378, level: 0 } walk=false transport=false leg=1 hops=4 outcome=Some(Arrived { at: WorldTile { x: 2952, z: 3378, level: 0 } })
[script liveo85p33_0] interact UseOn { name: "Vial", kind: "loc", target_name: Some("Fountain"), x: 2949, z: 3381, level: 0, index: None, source_item_id: Some(229), source_item_slot: Some(0), target_item_id: None, target_item_slot: None }
[host] slot liveo85p33_0: d_loop_us=1165 d_raster_us=0 d_observe_us=66956 max_observe_us=15839 d_paints=0 d_skips=50 d_ticks=3 window_ms=1313
[script liveo85p33_0] interact UseOn { name: "Vial", kind: "loc", target_name: Some("Fountain"), x: 2949, z: 3381, level: 0, index: None, source_item_id: Some(229), source_item_slot: Some(1), target_item_id: None, target_item_slot: None }
[host] slot liveo85p33_0: d_loop_us=1153 d_raster_us=0 d_observe_us=65949 max_observe_us=11741 d_paints=0 d_skips=50 d_ticks=2 window_ms=1301
[script liveo85p33_0] interact UseOn { name: "Vial", kind: "loc", target_name: Some("Fountain"), x: 2949, z: 3381, level: 0, index: None, source_item_id: Some(229), source_item_slot: Some(2), target_item_id: None, target_item_slot: None }
[host] slot liveo85p33_0: d_loop_us=1225 d_raster_us=0 d_observe_us=53436 max_observe_us=10579 d_paints=0 d_skips=50 d_ticks=2 window_ms=1305
[script liveo85p33_0] interact UseOn { name: "Vial", kind: "loc", target_name: Some("Fountain"), x: 2949, z: 3381, level: 0, index: None, source_item_id: Some(229), source_item_slot: Some(3), target_item_id: None, target_item_slot: None }
[host] slot liveo85p33_0: d_loop_us=1135 d_raster_us=0 d_observe_us=50781 max_observe_us=9777 d_paints=0 d_skips=50 d_ticks=2 window_ms=1372
[script liveo85p33_0] interact UseOn { name: "Vial", kind: "loc", target_name: Some("Fountain"), x: 2949, z: 3381, level: 0, index: None, source_item_id: Some(229), source_item_slot: Some(4), target_item_id: None, target_item_slot: None }
[host] slot liveo85p33_0: d_loop_us=1106 d_raster_us=0 d_observe_us=53006 max_observe_us=10227 d_paints=0 d_skips=50 d_ticks=2 window_ms=1324
[script liveo85p33_0] interact UseOn { name: "Vial", kind: "loc", target_name: Some("Fountain"), x: 2949, z: 3381, level: 0, index: None, source_item_id: Some(229), source_item_slot: Some(5), target_item_id: None, target_item_slot: None }
test catalog_boundary_live has been running for over 60 seconds
[host] slot liveo85p33_0: d_loop_us=1119 d_raster_us=0 d_observe_us=57607 max_observe_us=10435 d_paints=0 d_skips=50 d_ticks=3 window_ms=1321
[script liveo85p33_0] interact UseOn { name: "Vial", kind: "loc", target_name: Some("Fountain"), x: 2949, z: 3381, level: 0, index: None, source_item_id: Some(229), source_item_slot: Some(6), target_item_id: None, target_item_slot: None }
[script liveo85p33_0] interact UseOn { name: "Vial", kind: "loc", target_name: Some("Fountain"), x: 2949, z: 3381, level: 0, index: None, source_item_id: Some(229), source_item_slot: Some(7), target_item_id: None, target_item_slot: None }
[host] slot liveo85p33_0: d_loop_us=1144 d_raster_us=0 d_observe_us=51182 max_observe_us=10747 d_paints=0 d_skips=50 d_ticks=2 window_ms=1329
[script liveo85p33_0] interact UseOn { name: "Vial", kind: "loc", target_name: Some("Fountain"), x: 2949, z: 3381, level: 0, index: None, source_item_id: Some(229), source_item_slot: Some(8), target_item_id: None, target_item_slot: None }
[host] slot liveo85p33_0: d_loop_us=1143 d_raster_us=0 d_observe_us=54605 max_observe_us=10855 d_paints=0 d_skips=50 d_ticks=2 window_ms=1310
[script liveo85p33_0] interact UseOn { name: "Vial", kind: "loc", target_name: Some("Fountain"), x: 2949, z: 3381, level: 0, index: None, source_item_id: Some(229), source_item_slot: Some(9), target_item_id: None, target_item_slot: None }
[host] slot liveo85p33_0: d_loop_us=1209 d_raster_us=0 d_observe_us=53367 max_observe_us=9972 d_paints=0 d_skips=50 d_ticks=2 window_ms=1333
[script liveo85p33_0] interact UseOn { name: "Vial", kind: "loc", target_name: Some("Fountain"), x: 2949, z: 3381, level: 0, index: None, source_item_id: Some(229), source_item_slot: Some(10), target_item_id: None, target_item_slot: None }
[host] slot liveo85p33_0: d_loop_us=1203 d_raster_us=0 d_observe_us=54147 max_observe_us=10521 d_paints=0 d_skips=50 d_ticks=2 window_ms=1295
[script liveo85p33_0] interact UseOn { name: "Vial", kind: "loc", target_name: Some("Fountain"), x: 2949, z: 3381, level: 0, index: None, source_item_id: Some(229), source_item_slot: Some(11), target_item_id: None, target_item_slot: None }
[host] slot liveo85p33_0: d_loop_us=1086 d_raster_us=0 d_observe_us=61530 max_observe_us=10449 d_paints=0 d_skips=50 d_ticks=3 window_ms=1340
[script liveo85p33_0] interact UseOn { name: "Vial", kind: "loc", target_name: Some("Fountain"), x: 2949, z: 3381, level: 0, index: None, source_item_id: Some(229), source_item_slot: Some(12), target_item_id: None, target_item_slot: None }
[host] slot liveo85p33_0: d_loop_us=1387 d_raster_us=0 d_observe_us=50128 max_observe_us=10063 d_paints=0 d_skips=50 d_ticks=2 window_ms=1288
[script liveo85p33_0] interact UseOn { name: "Vial", kind: "loc", target_name: Some("Fountain"), x: 2949, z: 3381, level: 0, index: None, source_item_id: Some(229), source_item_slot: Some(13), target_item_id: None, target_item_slot: None }
[host] slot liveo85p33_0: d_loop_us=1153 d_raster_us=0 d_observe_us=52857 max_observe_us=10652 d_paints=0 d_skips=50 d_ticks=2 window_ms=1342
[script liveo85p33_0] interact UseOn { name: "Vial", kind: "loc", target_name: Some("Fountain"), x: 2949, z: 3381, level: 0, index: None, source_item_id: Some(229), source_item_slot: Some(14), target_item_id: None, target_item_slot: None }
[host] slot liveo85p33_0: d_loop_us=1159 d_raster_us=0 d_observe_us=54425 max_observe_us=9262 d_paints=0 d_skips=50 d_ticks=2 window_ms=1263
[script liveo85p33_0] interact UseOn { name: "Vial", kind: "loc", target_name: Some("Fountain"), x: 2949, z: 3381, level: 0, index: None, source_item_id: Some(229), source_item_slot: Some(15), target_item_id: None, target_item_slot: None }
[host] slot liveo85p33_0: d_loop_us=1086 d_raster_us=0 d_observe_us=48865 max_observe_us=7593 d_paints=0 d_skips=50 d_ticks=2 window_ms=1341
[script liveo85p33_0] interact UseOn { name: "Vial", kind: "loc", target_name: Some("Fountain"), x: 2949, z: 3381, level: 0, index: None, source_item_id: Some(229), source_item_slot: Some(16), target_item_id: None, target_item_slot: None }
[host] slot liveo85p33_0: d_loop_us=1130 d_raster_us=0 d_observe_us=54974 max_observe_us=11128 d_paints=0 d_skips=50 d_ticks=3 window_ms=1321
[script liveo85p33_0] interact UseOn { name: "Vial", kind: "loc", target_name: Some("Fountain"), x: 2949, z: 3381, level: 0, index: None, source_item_id: Some(229), source_item_slot: Some(17), target_item_id: None, target_item_slot: None }
[host] slot liveo85p33_0: d_loop_us=1275 d_raster_us=0 d_observe_us=61762 max_observe_us=7920 d_paints=0 d_skips=50 d_ticks=2 window_ms=1304
[script liveo85p33_0] interact UseOn { name: "Vial", kind: "loc", target_name: Some("Fountain"), x: 2949, z: 3381, level: 0, index: None, source_item_id: Some(229), source_item_slot: Some(18), target_item_id: None, target_item_slot: None }
[host] slot liveo85p33_0: d_loop_us=1046 d_raster_us=0 d_observe_us=51447 max_observe_us=10081 d_paints=0 d_skips=50 d_ticks=2 window_ms=1310
[script liveo85p33_0] interact UseOn { name: "Vial", kind: "loc", target_name: Some("Fountain"), x: 2949, z: 3381, level: 0, index: None, source_item_id: Some(229), source_item_slot: Some(19), target_item_id: None, target_item_slot: None }
[host] slot liveo85p33_0: d_loop_us=1013 d_raster_us=0 d_observe_us=52154 max_observe_us=10002 d_paints=0 d_skips=50 d_ticks=2 window_ms=1275
[script liveo85p33_0] interact UseOn { name: "Vial", kind: "loc", target_name: Some("Fountain"), x: 2949, z: 3381, level: 0, index: None, source_item_id: Some(229), source_item_slot: Some(20), target_item_id: None, target_item_slot: None }
[host] slot liveo85p33_0: d_loop_us=1058 d_raster_us=0 d_observe_us=53916 max_observe_us=10924 d_paints=0 d_skips=50 d_ticks=2 window_ms=1304
[script liveo85p33_0] interact UseOn { name: "Vial", kind: "loc", target_name: Some("Fountain"), x: 2949, z: 3381, level: 0, index: None, source_item_id: Some(229), source_item_slot: Some(21), target_item_id: None, target_item_slot: None }
[host] slot liveo85p33_0: d_loop_us=1042 d_raster_us=0 d_observe_us=51064 max_observe_us=9797 d_paints=0 d_skips=50 d_ticks=2 window_ms=1328
[script liveo85p33_0] interact UseOn { name: "Vial", kind: "loc", target_name: Some("Fountain"), x: 2949, z: 3381, level: 0, index: None, source_item_id: Some(229), source_item_slot: Some(22), target_item_id: None, target_item_slot: None }
[host] slot liveo85p33_0: d_loop_us=1305 d_raster_us=0 d_observe_us=63405 max_observe_us=10000 d_paints=0 d_skips=50 d_ticks=3 window_ms=1322
[script liveo85p33_0] interact UseOn { name: "Vial", kind: "loc", target_name: Some("Fountain"), x: 2949, z: 3381, level: 0, index: None, source_item_id: Some(229), source_item_slot: Some(23), target_item_id: None, target_item_slot: None }
[host] slot liveo85p33_0: d_loop_us=1206 d_raster_us=0 d_observe_us=53399 max_observe_us=10134 d_paints=0 d_skips=50 d_ticks=2 window_ms=1309
[script liveo85p33_0] interact UseOn { name: "Vial", kind: "loc", target_name: Some("Fountain"), x: 2949, z: 3381, level: 0, index: None, source_item_id: Some(229), source_item_slot: Some(24), target_item_id: None, target_item_slot: None }
[host] slot liveo85p33_0: d_loop_us=1069 d_raster_us=0 d_observe_us=53876 max_observe_us=10014 d_paints=0 d_skips=50 d_ticks=2 window_ms=1301
[script liveo85p33_0] interact UseOn { name: "Vial", kind: "loc", target_name: Some("Fountain"), x: 2949, z: 3381, level: 0, index: None, source_item_id: Some(229), source_item_slot: Some(25), target_item_id: None, target_item_slot: None }
[host] slot liveo85p33_0: d_loop_us=1128 d_raster_us=0 d_observe_us=56553 max_observe_us=10716 d_paints=0 d_skips=50 d_ticks=2 window_ms=1283
[script liveo85p33_0] interact UseOn { name: "Vial", kind: "loc", target_name: Some("Fountain"), x: 2949, z: 3381, level: 0, index: None, source_item_id: Some(229), source_item_slot: Some(26), target_item_id: None, target_item_slot: None }
[host] slot liveo85p33_0: d_loop_us=1166 d_raster_us=0 d_observe_us=51781 max_observe_us=10439 d_paints=0 d_skips=50 d_ticks=2 window_ms=1320
[script liveo85p33_0] interact UseOn { name: "Vial", kind: "loc", target_name: Some("Fountain"), x: 2949, z: 3381, level: 0, index: None, source_item_id: Some(229), source_item_slot: Some(27), target_item_id: None, target_item_slot: None }
[host] slot liveo85p33_0: d_loop_us=1189 d_raster_us=0 d_observe_us=54925 max_observe_us=10541 d_paints=0 d_skips=50 d_ticks=2 window_ms=1308
[script liveo85p33_0] filled 28 Vial of water
[script liveo85p33_0] interact WalkNear { x: 3013, z: 3355, level: 0, radius: 3, allow_teleports: false }
[nav-follow] here=WorldTile { x: 2950, z: 3380, level: 0 } walk=true transport=false leg=0 hops=1 outcome=None
[host] slot liveo85p33_0: d_loop_us=1119 d_raster_us=0 d_observe_us=58432 max_observe_us=7979 d_paints=0 d_skips=50 d_ticks=3 window_ms=1288
[nav-walk] here=WorldTile { x: 2952, z: 3380, level: 0 } aim=WorldTile { x: 2965, z: 3385, level: 0 } radius=2 ticks_waited=0 sent_tile=Some(WorldTile { x: 2950, z: 3380, level: 0 })
[nav-follow] here=WorldTile { x: 2952, z: 3380, level: 0 } walk=true transport=false leg=0 hops=1 outcome=None
[nav-walk] here=WorldTile { x: 2954, z: 3380, level: 0 } aim=WorldTile { x: 2965, z: 3385, level: 0 } radius=2 ticks_waited=1 sent_tile=Some(WorldTile { x: 2950, z: 3380, level: 0 })
[nav-follow] here=WorldTile { x: 2954, z: 3380, level: 0 } walk=true transport=false leg=0 hops=1 outcome=None
[host] slot liveo85p33_0: d_loop_us=1172 d_raster_us=0 d_observe_us=66692 max_observe_us=15906 d_paints=0 d_skips=50 d_ticks=2 window_ms=1322
[nav-walk] here=WorldTile { x: 2956, z: 3380, level: 0 } aim=WorldTile { x: 2965, z: 3385, level: 0 } radius=2 ticks_waited=2 sent_tile=Some(WorldTile { x: 2950, z: 3380, level: 0 })
[nav-follow] here=WorldTile { x: 2956, z: 3380, level: 0 } walk=true transport=false leg=0 hops=1 outcome=None
[nav-walk] here=WorldTile { x: 2958, z: 3380, level: 0 } aim=WorldTile { x: 2965, z: 3385, level: 0 } radius=2 ticks_waited=3 sent_tile=Some(WorldTile { x: 2950, z: 3380, level: 0 })
[nav-follow] here=WorldTile { x: 2958, z: 3380, level: 0 } walk=true transport=false leg=0 hops=1 outcome=None
[host] slot liveo85p33_0: d_loop_us=1184 d_raster_us=0 d_observe_us=64168 max_observe_us=15158 d_paints=0 d_skips=50 d_ticks=2 window_ms=1321
[nav-walk] here=WorldTile { x: 2960, z: 3380, level: 0 } aim=WorldTile { x: 2965, z: 3385, level: 0 } radius=2 ticks_waited=4 sent_tile=Some(WorldTile { x: 2950, z: 3380, level: 0 })
[nav-follow] here=WorldTile { x: 2960, z: 3380, level: 0 } walk=true transport=false leg=0 hops=1 outcome=None
[host] hitch liveo85p33_0: observe_us=17147 paints=0 skips=2561 ticks=132
[nav-walk] here=WorldTile { x: 2962, z: 3382, level: 0 } aim=WorldTile { x: 2965, z: 3385, level: 0 } radius=2 ticks_waited=5 sent_tile=Some(WorldTile { x: 2950, z: 3380, level: 0 })
[nav-follow] here=WorldTile { x: 2962, z: 3382, level: 0 } walk=true transport=false leg=0 hops=1 outcome=None
[host] slot liveo85p33_0: d_loop_us=1166 d_raster_us=0 d_observe_us=70359 max_observe_us=17147 d_paints=0 d_skips=50 d_ticks=2 window_ms=1262
[nav-walk] here=WorldTile { x: 2964, z: 3384, level: 0 } aim=WorldTile { x: 2965, z: 3385, level: 0 } radius=2 ticks_waited=6 sent_tile=Some(WorldTile { x: 2950, z: 3380, level: 0 })
[nav-follow] here=WorldTile { x: 2964, z: 3384, level: 0 } walk=true transport=false leg=0 hops=2 outcome=None
[host] hitch liveo85p33_0: observe_us=16901 paints=0 skips=2609 ticks=134
[nav-walk] here=WorldTile { x: 2966, z: 3384, level: 0 } aim=WorldTile { x: 2981, z: 3379, level: 0 } radius=2 ticks_waited=0 sent_tile=Some(WorldTile { x: 2964, z: 3384, level: 0 })
[nav-follow] here=WorldTile { x: 2966, z: 3384, level: 0 } walk=true transport=false leg=0 hops=2 outcome=None
[host] slot liveo85p33_0: d_loop_us=1147 d_raster_us=0 d_observe_us=67957 max_observe_us=16901 d_paints=0 d_skips=50 d_ticks=2 window_ms=1274
[nav-walk] here=WorldTile { x: 2968, z: 3382, level: 0 } aim=WorldTile { x: 2981, z: 3379, level: 0 } radius=2 ticks_waited=1 sent_tile=Some(WorldTile { x: 2964, z: 3384, level: 0 })
[nav-follow] here=WorldTile { x: 2968, z: 3382, level: 0 } walk=true transport=false leg=0 hops=2 outcome=None
[host] hitch liveo85p33_0: observe_us=16362 paints=0 skips=2656 ticks=136
[nav-walk] here=WorldTile { x: 2970, z: 3380, level: 0 } aim=WorldTile { x: 2981, z: 3379, level: 0 } radius=2 ticks_waited=2 sent_tile=Some(WorldTile { x: 2964, z: 3384, level: 0 })
[nav-follow] here=WorldTile { x: 2970, z: 3380, level: 0 } walk=true transport=false leg=0 hops=2 outcome=None
[host] slot liveo85p33_0: d_loop_us=1086 d_raster_us=0 d_observe_us=67297 max_observe_us=16362 d_paints=0 d_skips=50 d_ticks=2 window_ms=1315
[nav-walk] here=WorldTile { x: 2972, z: 3380, level: 0 } aim=WorldTile { x: 2981, z: 3379, level: 0 } radius=2 ticks_waited=3 sent_tile=Some(WorldTile { x: 2964, z: 3384, level: 0 })
[nav-follow] here=WorldTile { x: 2972, z: 3380, level: 0 } walk=true transport=false leg=0 hops=2 outcome=None
[nav-walk] here=WorldTile { x: 2974, z: 3380, level: 0 } aim=WorldTile { x: 2981, z: 3379, level: 0 } radius=2 ticks_waited=4 sent_tile=Some(WorldTile { x: 2964, z: 3384, level: 0 })
[nav-follow] here=WorldTile { x: 2974, z: 3380, level: 0 } walk=true transport=false leg=0 hops=2 outcome=None
[nav-walk] here=WorldTile { x: 2976, z: 3380, level: 0 } aim=WorldTile { x: 2981, z: 3379, level: 0 } radius=2 ticks_waited=5 sent_tile=Some(WorldTile { x: 2964, z: 3384, level: 0 })
[nav-follow] here=WorldTile { x: 2976, z: 3380, level: 0 } walk=true transport=false leg=0 hops=2 outcome=None
[host] hitch liveo85p33_0: observe_us=16741 paints=0 skips=2748 ticks=140
[host] slot liveo85p33_0: d_loop_us=1045 d_raster_us=0 d_observe_us=80806 max_observe_us=16741 d_paints=0 d_skips=50 d_ticks=3 window_ms=1292
[nav-walk] here=WorldTile { x: 2978, z: 3380, level: 0 } aim=WorldTile { x: 2981, z: 3379, level: 0 } radius=2 ticks_waited=6 sent_tile=Some(WorldTile { x: 2964, z: 3384, level: 0 })
[nav-follow] here=WorldTile { x: 2978, z: 3380, level: 0 } walk=true transport=false leg=0 hops=2 outcome=None
[nav-walk] here=WorldTile { x: 2980, z: 3380, level: 0 } aim=WorldTile { x: 2981, z: 3379, level: 0 } radius=2 ticks_waited=7 sent_tile=Some(WorldTile { x: 2964, z: 3384, level: 0 })
[nav-follow] here=WorldTile { x: 2980, z: 3380, level: 0 } walk=true transport=false leg=0 hops=3 outcome=None
[host] slot liveo85p33_0: d_loop_us=875 d_raster_us=0 d_observe_us=68675 max_observe_us=15369 d_paints=0 d_skips=50 d_ticks=2 window_ms=1303
[nav-walk] here=WorldTile { x: 2982, z: 3378, level: 0 } aim=WorldTile { x: 2997, z: 3364, level: 0 } radius=2 ticks_waited=0 sent_tile=Some(WorldTile { x: 2980, z: 3380, level: 0 })
[nav-follow] here=WorldTile { x: 2982, z: 3378, level: 0 } walk=true transport=false leg=0 hops=3 outcome=None
[nav-walk] here=WorldTile { x: 2984, z: 3376, level: 0 } aim=WorldTile { x: 2997, z: 3364, level: 0 } radius=2 ticks_waited=1 sent_tile=Some(WorldTile { x: 2980, z: 3380, level: 0 })
[nav-follow] here=WorldTile { x: 2984, z: 3376, level: 0 } walk=true transport=false leg=0 hops=3 outcome=None
[host] hitch liveo85p33_0: observe_us=17027 paints=0 skips=2840 ticks=144
[host] slot liveo85p33_0: d_loop_us=959 d_raster_us=0 d_observe_us=67859 max_observe_us=17027 d_paints=0 d_skips=50 d_ticks=2 window_ms=1305
[nav-walk] here=WorldTile { x: 2986, z: 3374, level: 0 } aim=WorldTile { x: 2997, z: 3364, level: 0 } radius=2 ticks_waited=2 sent_tile=Some(WorldTile { x: 2980, z: 3380, level: 0 })
[nav-follow] here=WorldTile { x: 2986, z: 3374, level: 0 } walk=true transport=false leg=0 hops=3 outcome=None
[host] hitch liveo85p33_0: observe_us=16439 paints=0 skips=2863 ticks=145
[nav-walk] here=WorldTile { x: 2988, z: 3372, level: 0 } aim=WorldTile { x: 2997, z: 3364, level: 0 } radius=2 ticks_waited=3 sent_tile=Some(WorldTile { x: 2980, z: 3380, level: 0 })
[nav-follow] here=WorldTile { x: 2988, z: 3372, level: 0 } walk=true transport=false leg=0 hops=3 outcome=None
[host] slot liveo85p33_0: d_loop_us=853 d_raster_us=0 d_observe_us=66614 max_observe_us=16439 d_paints=0 d_skips=50 d_ticks=2 window_ms=1333
[nav-walk] here=WorldTile { x: 2990, z: 3371, level: 0 } aim=WorldTile { x: 2997, z: 3364, level: 0 } radius=2 ticks_waited=4 sent_tile=Some(WorldTile { x: 2980, z: 3380, level: 0 })
[nav-follow] here=WorldTile { x: 2990, z: 3371, level: 0 } walk=true transport=false leg=0 hops=3 outcome=None
[nav-walk] here=WorldTile { x: 2992, z: 3369, level: 0 } aim=WorldTile { x: 2997, z: 3364, level: 0 } radius=2 ticks_waited=5 sent_tile=Some(WorldTile { x: 2980, z: 3380, level: 0 })
[nav-follow] here=WorldTile { x: 2992, z: 3369, level: 0 } walk=true transport=false leg=0 hops=3 outcome=None
[host] hitch liveo85p33_0: observe_us=16781 paints=0 skips=2931 ticks=148
[host] slot liveo85p33_0: d_loop_us=809 d_raster_us=0 d_observe_us=68637 max_observe_us=16781 d_paints=0 d_skips=50 d_ticks=2 window_ms=1282
[nav-walk] here=WorldTile { x: 2994, z: 3367, level: 0 } aim=WorldTile { x: 2997, z: 3364, level: 0 } radius=2 ticks_waited=6 sent_tile=Some(WorldTile { x: 2980, z: 3380, level: 0 })
[nav-follow] here=WorldTile { x: 2994, z: 3367, level: 0 } walk=true transport=false leg=0 hops=3 outcome=None
[host] hitch liveo85p33_0: observe_us=17112 paints=0 skips=2954 ticks=149
[nav-walk] here=WorldTile { x: 2996, z: 3365, level: 0 } aim=WorldTile { x: 2997, z: 3364, level: 0 } radius=2 ticks_waited=7 sent_tile=Some(WorldTile { x: 2980, z: 3380, level: 0 })
[nav-follow] here=WorldTile { x: 2996, z: 3365, level: 0 } walk=true transport=false leg=0 hops=4 outcome=None
[host] slot liveo85p33_0: d_loop_us=990 d_raster_us=0 d_observe_us=71869 max_observe_us=17112 d_paints=0 d_skips=50 d_ticks=3 window_ms=1342
[nav-walk] here=WorldTile { x: 2997, z: 3363, level: 0 } aim=WorldTile { x: 3010, z: 3352, level: 0 } radius=0 ticks_waited=0 sent_tile=Some(WorldTile { x: 2996, z: 3365, level: 0 })
[nav-follow] here=WorldTile { x: 2997, z: 3363, level: 0 } walk=true transport=false leg=0 hops=4 outcome=None
[nav-walk] here=WorldTile { x: 2999, z: 3361, level: 0 } aim=WorldTile { x: 3010, z: 3352, level: 0 } radius=0 ticks_waited=1 sent_tile=Some(WorldTile { x: 2996, z: 3365, level: 0 })
[nav-follow] here=WorldTile { x: 2999, z: 3361, level: 0 } walk=true transport=false leg=0 hops=4 outcome=None
[nav-walk] here=WorldTile { x: 3000, z: 3359, level: 0 } aim=WorldTile { x: 3010, z: 3352, level: 0 } radius=0 ticks_waited=2 sent_tile=Some(WorldTile { x: 2996, z: 3365, level: 0 })
[nav-follow] here=WorldTile { x: 3000, z: 3359, level: 0 } walk=true transport=false leg=0 hops=4 outcome=None
[host] hitch liveo85p33_0: observe_us=16142 paints=0 skips=3046 ticks=153
[host] slot liveo85p33_0: d_loop_us=1017 d_raster_us=0 d_observe_us=87001 max_observe_us=16142 d_paints=0 d_skips=50 d_ticks=2 window_ms=1292
[nav-walk] here=WorldTile { x: 3002, z: 3358, level: 0 } aim=WorldTile { x: 3010, z: 3352, level: 0 } radius=0 ticks_waited=3 sent_tile=Some(WorldTile { x: 2996, z: 3365, level: 0 })
[nav-follow] here=WorldTile { x: 3002, z: 3358, level: 0 } walk=true transport=false leg=0 hops=4 outcome=None
[nav-walk] here=WorldTile { x: 3004, z: 3358, level: 0 } aim=WorldTile { x: 3010, z: 3352, level: 0 } radius=0 ticks_waited=4 sent_tile=Some(WorldTile { x: 2996, z: 3365, level: 0 })
[nav-follow] here=WorldTile { x: 3004, z: 3358, level: 0 } walk=true transport=false leg=0 hops=4 outcome=None
[host] slot liveo85p33_0: d_loop_us=869 d_raster_us=0 d_observe_us=63870 max_observe_us=15344 d_paints=0 d_skips=50 d_ticks=2 window_ms=1284
[nav-walk] here=WorldTile { x: 3004, z: 3356, level: 0 } aim=WorldTile { x: 3010, z: 3352, level: 0 } radius=0 ticks_waited=5 sent_tile=Some(WorldTile { x: 2996, z: 3365, level: 0 })
[nav-follow] here=WorldTile { x: 3004, z: 3356, level: 0 } walk=true transport=false leg=0 hops=4 outcome=None
[nav-walk] here=WorldTile { x: 3006, z: 3354, level: 0 } aim=WorldTile { x: 3010, z: 3352, level: 0 } radius=0 ticks_waited=6 sent_tile=Some(WorldTile { x: 2996, z: 3365, level: 0 })
[nav-follow] here=WorldTile { x: 3006, z: 3354, level: 0 } walk=true transport=false leg=0 hops=4 outcome=None
[host] slot liveo85p33_0: d_loop_us=1026 d_raster_us=0 d_observe_us=67181 max_observe_us=15195 d_paints=0 d_skips=50 d_ticks=2 window_ms=1284
[nav-walk] here=WorldTile { x: 3010, z: 3352, level: 0 } aim=WorldTile { x: 3010, z: 3352, level: 0 } radius=0 ticks_waited=7 sent_tile=Some(WorldTile { x: 2996, z: 3365, level: 0 })
[nav-follow] here=WorldTile { x: 3010, z: 3352, level: 0 } walk=false transport=false leg=1 hops=4 outcome=Some(Arrived { at: WorldTile { x: 3010, z: 3352, level: 0 } })
[host] hitch liveo85p33_0: observe_us=21342 paints=0 skips=3184 ticks=159
[script liveo85p33_0] interact WalkNear { x: 3011, z: 3354, level: 0, radius: 1, allow_teleports: false }
[host] slot liveo85p33_0: d_loop_us=9023 d_raster_us=0 d_observe_us=82932 max_observe_us=21342 d_paints=0 d_skips=50 d_ticks=2 window_ms=1353
[host] slot liveo85p33_0: d_loop_us=896 d_raster_us=0 d_observe_us=45700 max_observe_us=8728 d_paints=0 d_skips=50 d_ticks=2 window_ms=1318
[nav-follow] here=WorldTile { x: 3010, z: 3352, level: 0 } walk=true transport=false leg=0 hops=1 outcome=None
[nav-walk] here=WorldTile { x: 3008, z: 3352, level: 0 } aim=WorldTile { x: 3010, z: 3355, level: 0 } radius=0 ticks_waited=0 sent_tile=Some(WorldTile { x: 3010, z: 3352, level: 0 })
[nav-follow] here=WorldTile { x: 3008, z: 3352, level: 0 } walk=true transport=false leg=0 hops=1 outcome=None
[host] hitch liveo85p33_0: observe_us=16350 paints=0 skips=3296 ticks=164
[host] slot liveo85p33_0: d_loop_us=958 d_raster_us=0 d_observe_us=61851 max_observe_us=16350 d_paints=0 d_skips=50 d_ticks=3 window_ms=1349
[nav-walk] here=WorldTile { x: 3008, z: 3354, level: 0 } aim=WorldTile { x: 3010, z: 3355, level: 0 } radius=0 ticks_waited=1 sent_tile=Some(WorldTile { x: 3010, z: 3352, level: 0 })
[nav-follow] here=WorldTile { x: 3008, z: 3354, level: 0 } walk=true transport=false leg=0 hops=1 outcome=None
[host] hitch liveo85p33_0: observe_us=16863 paints=0 skips=3319 ticks=165
[nav-walk] here=WorldTile { x: 3008, z: 3356, level: 0 } aim=WorldTile { x: 3010, z: 3355, level: 0 } radius=0 ticks_waited=2 sent_tile=Some(WorldTile { x: 3010, z: 3352, level: 0 })
[nav-follow] here=WorldTile { x: 3008, z: 3356, level: 0 } walk=true transport=false leg=0 hops=1 outcome=None
[host] hitch liveo85p33_0: observe_us=17621 paints=0 skips=3342 ticks=166
[host] slot liveo85p33_0: d_loop_us=955 d_raster_us=0 d_observe_us=73150 max_observe_us=17621 d_paints=0 d_skips=50 d_ticks=2 window_ms=1299
[nav-walk] here=WorldTile { x: 3009, z: 3358, level: 0 } aim=WorldTile { x: 3010, z: 3355, level: 0 } radius=0 ticks_waited=3 sent_tile=Some(WorldTile { x: 3010, z: 3352, level: 0 })
[nav-follow] here=WorldTile { x: 3009, z: 3358, level: 0 } walk=true transport=false leg=0 hops=1 outcome=None
[host] hitch liveo85p33_0: observe_us=27369 paints=0 skips=3365 ticks=167
[nav-walk] here=WorldTile { x: 3011, z: 3359, level: 0 } aim=WorldTile { x: 3010, z: 3355, level: 0 } radius=0 ticks_waited=4 sent_tile=Some(WorldTile { x: 3010, z: 3352, level: 0 })
[nav-follow] here=WorldTile { x: 3011, z: 3359, level: 0 } walk=true transport=false leg=0 hops=1 outcome=None
[host] hitch liveo85p33_0: observe_us=17811 paints=0 skips=3388 ticks=168
[host] slot liveo85p33_0: d_loop_us=1021 d_raster_us=0 d_observe_us=85456 max_observe_us=27369 d_paints=0 d_skips=50 d_ticks=2 window_ms=1320
[nav-walk] here=WorldTile { x: 3012, z: 3358, level: 0 } aim=WorldTile { x: 3010, z: 3355, level: 0 } radius=0 ticks_waited=5 sent_tile=Some(WorldTile { x: 3010, z: 3352, level: 0 })
[nav-follow] here=WorldTile { x: 3012, z: 3358, level: 0 } walk=true transport=false leg=0 hops=1 outcome=None
[host] hitch liveo85p33_0: observe_us=17056 paints=0 skips=3411 ticks=169
[nav-walk] here=WorldTile { x: 3012, z: 3356, level: 0 } aim=WorldTile { x: 3010, z: 3355, level: 0 } radius=0 ticks_waited=6 sent_tile=Some(WorldTile { x: 3010, z: 3352, level: 0 })
[nav-follow] here=WorldTile { x: 3012, z: 3356, level: 0 } walk=true transport=false leg=0 hops=1 outcome=None
[host] hitch liveo85p33_0: observe_us=17602 paints=0 skips=3434 ticks=170
[host] slot liveo85p33_0: d_loop_us=976 d_raster_us=0 d_observe_us=70448 max_observe_us=17602 d_paints=0 d_skips=50 d_ticks=2 window_ms=1298
[nav-walk] here=WorldTile { x: 3010, z: 3355, level: 0 } aim=WorldTile { x: 3010, z: 3355, level: 0 } radius=0 ticks_waited=7 sent_tile=Some(WorldTile { x: 3010, z: 3352, level: 0 })
[nav-follow] here=WorldTile { x: 3010, z: 3355, level: 0 } walk=false transport=false leg=1 hops=1 outcome=Some(Arrived { at: WorldTile { x: 3010, z: 3355, level: 0 } })
[host] hitch liveo85p33_0: observe_us=17255 paints=0 skips=3457 ticks=171
[script liveo85p33_0] interact OpenBooth { x: 3011, z: 3354, level: 0, id: 2213, name: Some("Bank booth"), action: Some("Use-quickly") }
[host] hitch liveo85p33_0: observe_us=18250 paints=0 skips=3479 ticks=172
[host] slot liveo85p33_0: d_loop_us=975 d_raster_us=0 d_observe_us=70655 max_observe_us=18250 d_paints=0 d_skips=50 d_ticks=2 window_ms=1293
[host] slot liveo85p33_0: d_loop_us=1007 d_raster_us=0 d_observe_us=71188 max_observe_us=11163 d_paints=0 d_skips=50 d_ticks=3 window_ms=1326
[host] slot liveo85p33_0: d_loop_us=916 d_raster_us=0 d_observe_us=53824 max_observe_us=8617 d_paints=0 d_skips=50 d_ticks=2 window_ms=1327
[script liveo85p33_0] interact Close
[shim-close] sent
[host] slot liveo85p33_0: d_loop_us=978 d_raster_us=0 d_observe_us=62426 max_observe_us=11656 d_paints=0 d_skips=50 d_ticks=2 window_ms=1301
[script liveo85p33_0] interact WalkNear { x: 2949, z: 3381, level: 0, radius: 3, allow_teleports: false }
[nav-follow] here=WorldTile { x: 3011, z: 3355, level: 0 } walk=true transport=false leg=0 hops=1 outcome=None
[host] slot liveo85p33_0: d_loop_us=994 d_raster_us=0 d_observe_us=57605 max_observe_us=11544 d_paints=0 d_skips=50 d_ticks=2 window_ms=1328
[nav-walk] here=WorldTile { x: 3012, z: 3357, level: 0 } aim=WorldTile { x: 3001, z: 3365, level: 0 } radius=2 ticks_waited=0 sent_tile=Some(WorldTile { x: 3011, z: 3355, level: 0 })
[nav-follow] here=WorldTile { x: 3012, z: 3357, level: 0 } walk=true transport=false leg=0 hops=1 outcome=None
[host] hitch liveo85p33_0: observe_us=16771 paints=0 skips=3709 ticks=182
[nav-walk] here=WorldTile { x: 3012, z: 3359, level: 0 } aim=WorldTile { x: 3001, z: 3365, level: 0 } radius=2 ticks_waited=1 sent_tile=Some(WorldTile { x: 3011, z: 3355, level: 0 })
[nav-follow] here=WorldTile { x: 3012, z: 3359, level: 0 } walk=true transport=false leg=0 hops=1 outcome=None
[host] hitch liveo85p33_0: observe_us=17613 paints=0 skips=3731 ticks=183
[host] slot liveo85p33_0: d_loop_us=1066 d_raster_us=0 d_observe_us=68960 max_observe_us=17613 d_paints=0 d_skips=50 d_ticks=2 window_ms=1272
[nav-walk] here=WorldTile { x: 3010, z: 3359, level: 0 } aim=WorldTile { x: 3001, z: 3365, level: 0 } radius=2 ticks_waited=2 sent_tile=Some(WorldTile { x: 3011, z: 3355, level: 0 })
[nav-follow] here=WorldTile { x: 3010, z: 3359, level: 0 } walk=true transport=false leg=0 hops=1 outcome=None
[host] hitch liveo85p33_0: observe_us=17170 paints=0 skips=3755 ticks=184
[nav-walk] here=WorldTile { x: 3008, z: 3359, level: 0 } aim=WorldTile { x: 3001, z: 3365, level: 0 } radius=2 ticks_waited=3 sent_tile=Some(WorldTile { x: 3011, z: 3355, level: 0 })
[nav-follow] here=WorldTile { x: 3008, z: 3359, level: 0 } walk=true transport=false leg=0 hops=1 outcome=None
[host] hitch liveo85p33_0: observe_us=17017 paints=0 skips=3777 ticks=185
[host] slot liveo85p33_0: d_loop_us=1018 d_raster_us=0 d_observe_us=68543 max_observe_us=17170 d_paints=0 d_skips=50 d_ticks=3 window_ms=1333
[nav-walk] here=WorldTile { x: 3006, z: 3360, level: 0 } aim=WorldTile { x: 3001, z: 3365, level: 0 } radius=2 ticks_waited=4 sent_tile=Some(WorldTile { x: 3011, z: 3355, level: 0 })
[nav-follow] here=WorldTile { x: 3006, z: 3360, level: 0 } walk=true transport=false leg=0 hops=1 outcome=None
[host] hitch liveo85p33_0: observe_us=20672 paints=0 skips=3800 ticks=186
[nav-walk] here=WorldTile { x: 3004, z: 3362, level: 0 } aim=WorldTile { x: 3001, z: 3365, level: 0 } radius=2 ticks_waited=5 sent_tile=Some(WorldTile { x: 3011, z: 3355, level: 0 })
[nav-follow] here=WorldTile { x: 3004, z: 3362, level: 0 } walk=true transport=false leg=0 hops=1 outcome=None
[host] hitch liveo85p33_0: observe_us=16657 paints=0 skips=3823 ticks=187
[nav-walk] here=WorldTile { x: 3002, z: 3364, level: 0 } aim=WorldTile { x: 3001, z: 3365, level: 0 } radius=2 ticks_waited=6 sent_tile=Some(WorldTile { x: 3011, z: 3355, level: 0 })
[nav-follow] here=WorldTile { x: 3002, z: 3364, level: 0 } walk=true transport=false leg=0 hops=2 outcome=None
[host] hitch liveo85p33_0: observe_us=17237 paints=0 skips=3846 ticks=188
[host] slot liveo85p33_0: d_loop_us=997 d_raster_us=0 d_observe_us=95446 max_observe_us=20672 d_paints=0 d_skips=50 d_ticks=2 window_ms=1310
[nav-walk] here=WorldTile { x: 3000, z: 3364, level: 0 } aim=WorldTile { x: 2985, z: 3375, level: 0 } radius=2 ticks_waited=0 sent_tile=Some(WorldTile { x: 3002, z: 3364, level: 0 })
[nav-follow] here=WorldTile { x: 3000, z: 3364, level: 0 } walk=true transport=false leg=0 hops=2 outcome=None
[host] hitch liveo85p33_0: observe_us=17117 paints=0 skips=3868 ticks=189
[nav-walk] here=WorldTile { x: 2998, z: 3364, level: 0 } aim=WorldTile { x: 2985, z: 3375, level: 0 } radius=2 ticks_waited=1 sent_tile=Some(WorldTile { x: 3002, z: 3364, level: 0 })
[nav-follow] here=WorldTile { x: 2998, z: 3364, level: 0 } walk=true transport=false leg=0 hops=2 outcome=None
[host] hitch liveo85p33_0: observe_us=19467 paints=0 skips=3891 ticks=190
[host] slot liveo85p33_0: d_loop_us=1109 d_raster_us=0 d_observe_us=74371 max_observe_us=19467 d_paints=0 d_skips=50 d_ticks=2 window_ms=1310
[nav-walk] here=WorldTile { x: 2996, z: 3365, level: 0 } aim=WorldTile { x: 2985, z: 3375, level: 0 } radius=2 ticks_waited=2 sent_tile=Some(WorldTile { x: 3002, z: 3364, level: 0 })
[nav-follow] here=WorldTile { x: 2996, z: 3365, level: 0 } walk=true transport=false leg=0 hops=2 outcome=None
[host] hitch liveo85p33_0: observe_us=18272 paints=0 skips=3915 ticks=191
[nav-walk] here=WorldTile { x: 2994, z: 3366, level: 0 } aim=WorldTile { x: 2985, z: 3375, level: 0 } radius=2 ticks_waited=3 sent_tile=Some(WorldTile { x: 3002, z: 3364, level: 0 })
[nav-follow] here=WorldTile { x: 2994, z: 3366, level: 0 } walk=true transport=false leg=0 hops=2 outcome=None
[host] hitch liveo85p33_0: observe_us=17817 paints=0 skips=3938 ticks=192
[host] slot liveo85p33_0: d_loop_us=1031 d_raster_us=0 d_observe_us=69385 max_observe_us=18272 d_paints=0 d_skips=50 d_ticks=2 window_ms=1291
[nav-walk] here=WorldTile { x: 2992, z: 3368, level: 0 } aim=WorldTile { x: 2985, z: 3375, level: 0 } radius=2 ticks_waited=4 sent_tile=Some(WorldTile { x: 3002, z: 3364, level: 0 })
[nav-follow] here=WorldTile { x: 2992, z: 3368, level: 0 } walk=true transport=false leg=0 hops=2 outcome=None
[host] hitch liveo85p33_0: observe_us=20260 paints=0 skips=3961 ticks=193
[nav-walk] here=WorldTile { x: 2990, z: 3370, level: 0 } aim=WorldTile { x: 2985, z: 3375, level: 0 } radius=2 ticks_waited=5 sent_tile=Some(WorldTile { x: 3002, z: 3364, level: 0 })
[nav-follow] here=WorldTile { x: 2990, z: 3370, level: 0 } walk=true transport=false leg=0 hops=2 outcome=None
[host] hitch liveo85p33_0: observe_us=18892 paints=0 skips=3984 ticks=194
[host] slot liveo85p33_0: d_loop_us=813 d_raster_us=0 d_observe_us=76094 max_observe_us=20260 d_paints=0 d_skips=50 d_ticks=2 window_ms=1281
[nav-walk] here=WorldTile { x: 2988, z: 3372, level: 0 } aim=WorldTile { x: 2985, z: 3375, level: 0 } radius=2 ticks_waited=6 sent_tile=Some(WorldTile { x: 3002, z: 3364, level: 0 })
[nav-follow] here=WorldTile { x: 2988, z: 3372, level: 0 } walk=true transport=false leg=0 hops=2 outcome=None
[host] hitch liveo85p33_0: observe_us=18284 paints=0 skips=4008 ticks=195
[nav-walk] here=WorldTile { x: 2986, z: 3374, level: 0 } aim=WorldTile { x: 2985, z: 3375, level: 0 } radius=2 ticks_waited=7 sent_tile=Some(WorldTile { x: 3002, z: 3364, level: 0 })
[nav-follow] here=WorldTile { x: 2986, z: 3374, level: 0 } walk=true transport=false leg=0 hops=3 outcome=None
[host] hitch liveo85p33_0: observe_us=17846 paints=0 skips=4032 ticks=196
[host] slot liveo85p33_0: d_loop_us=834 d_raster_us=0 d_observe_us=73126 max_observe_us=18284 d_paints=0 d_skips=50 d_ticks=2 window_ms=1265
[nav-walk] here=WorldTile { x: 2984, z: 3374, level: 0 } aim=WorldTile { x: 2969, z: 3381, level: 0 } radius=2 ticks_waited=0 sent_tile=Some(WorldTile { x: 2986, z: 3374, level: 0 })
[nav-follow] here=WorldTile { x: 2984, z: 3374, level: 0 } walk=true transport=false leg=0 hops=3 outcome=None
[host] hitch liveo85p33_0: observe_us=18739 paints=0 skips=4055 ticks=197
[nav-walk] here=WorldTile { x: 2982, z: 3374, level: 0 } aim=WorldTile { x: 2969, z: 3381, level: 0 } radius=2 ticks_waited=1 sent_tile=Some(WorldTile { x: 2986, z: 3374, level: 0 })
[nav-follow] here=WorldTile { x: 2982, z: 3374, level: 0 } walk=true transport=false leg=0 hops=3 outcome=None
[host] hitch liveo85p33_0: observe_us=17900 paints=0 skips=4078 ticks=198
[host] slot liveo85p33_0: d_loop_us=879 d_raster_us=0 d_observe_us=73356 max_observe_us=18739 d_paints=0 d_skips=50 d_ticks=2 window_ms=1290
[nav-walk] here=WorldTile { x: 2980, z: 3374, level: 0 } aim=WorldTile { x: 2969, z: 3381, level: 0 } radius=2 ticks_waited=2 sent_tile=Some(WorldTile { x: 2986, z: 3374, level: 0 })
[nav-follow] here=WorldTile { x: 2980, z: 3374, level: 0 } walk=true transport=false leg=0 hops=3 outcome=None
[host] hitch liveo85p33_0: observe_us=17252 paints=0 skips=4102 ticks=199
[nav-walk] here=WorldTile { x: 2978, z: 3375, level: 0 } aim=WorldTile { x: 2969, z: 3381, level: 0 } radius=2 ticks_waited=3 sent_tile=Some(WorldTile { x: 2986, z: 3374, level: 0 })
[nav-follow] here=WorldTile { x: 2978, z: 3375, level: 0 } walk=true transport=false leg=0 hops=3 outcome=None
[host] hitch liveo85p33_0: observe_us=17487 paints=0 skips=4125 ticks=200
[nav-walk] here=WorldTile { x: 2976, z: 3375, level: 0 } aim=WorldTile { x: 2969, z: 3381, level: 0 } radius=2 ticks_waited=4 sent_tile=Some(WorldTile { x: 2986, z: 3374, level: 0 })
[nav-follow] here=WorldTile { x: 2976, z: 3375, level: 0 } walk=true transport=false leg=0 hops=3 outcome=None
[host] hitch liveo85p33_0: observe_us=17359 paints=0 skips=4148 ticks=201
[host] slot liveo85p33_0: d_loop_us=1146 d_raster_us=0 d_observe_us=88087 max_observe_us=17487 d_paints=0 d_skips=50 d_ticks=3 window_ms=1290
[nav-walk] here=WorldTile { x: 2972, z: 3378, level: 0 } aim=WorldTile { x: 2969, z: 3381, level: 0 } radius=2 ticks_waited=5 sent_tile=Some(WorldTile { x: 2986, z: 3374, level: 0 })
[nav-follow] here=WorldTile { x: 2972, z: 3378, level: 0 } walk=true transport=false leg=0 hops=3 outcome=None
[host] slot liveo85p33_0: d_loop_us=9112 d_raster_us=0 d_observe_us=79521 max_observe_us=14780 d_paints=0 d_skips=50 d_ticks=2 window_ms=1272
[nav-walk] here=WorldTile { x: 2970, z: 3380, level: 0 } aim=WorldTile { x: 2969, z: 3381, level: 0 } radius=2 ticks_waited=6 sent_tile=Some(WorldTile { x: 2986, z: 3374, level: 0 })
[nav-follow] here=WorldTile { x: 2970, z: 3380, level: 0 } walk=true transport=false leg=0 hops=4 outcome=None
[nav-walk] here=WorldTile { x: 2968, z: 3380, level: 0 } aim=WorldTile { x: 2952, z: 3378, level: 0 } radius=0 ticks_waited=0 sent_tile=Some(WorldTile { x: 2970, z: 3380, level: 0 })
[nav-follow] here=WorldTile { x: 2968, z: 3380, level: 0 } walk=true transport=false leg=0 hops=4 outcome=None
[host] slot liveo85p33_0: d_loop_us=1069 d_raster_us=0 d_observe_us=65671 max_observe_us=14862 d_paints=0 d_skips=50 d_ticks=2 window_ms=1285
[nav-walk] here=WorldTile { x: 2966, z: 3379, level: 0 } aim=WorldTile { x: 2952, z: 3378, level: 0 } radius=0 ticks_waited=1 sent_tile=Some(WorldTile { x: 2970, z: 3380, level: 0 })
[nav-follow] here=WorldTile { x: 2966, z: 3379, level: 0 } walk=true transport=false leg=0 hops=4 outcome=None
[host] hitch liveo85p33_0: observe_us=17268 paints=0 skips=4264 ticks=206
[nav-walk] here=WorldTile { x: 2964, z: 3379, level: 0 } aim=WorldTile { x: 2952, z: 3378, level: 0 } radius=0 ticks_waited=2 sent_tile=Some(WorldTile { x: 2970, z: 3380, level: 0 })
[nav-follow] here=WorldTile { x: 2964, z: 3379, level: 0 } walk=true transport=false leg=0 hops=4 outcome=None
[host] slot liveo85p33_0: d_loop_us=1222 d_raster_us=0 d_observe_us=67061 max_observe_us=17268 d_paints=0 d_skips=50 d_ticks=2 window_ms=1323
[nav-walk] here=WorldTile { x: 2962, z: 3379, level: 0 } aim=WorldTile { x: 2952, z: 3378, level: 0 } radius=0 ticks_waited=3 sent_tile=Some(WorldTile { x: 2970, z: 3380, level: 0 })
[nav-follow] here=WorldTile { x: 2962, z: 3379, level: 0 } walk=true transport=false leg=0 hops=4 outcome=None
[nav-walk] here=WorldTile { x: 2960, z: 3379, level: 0 } aim=WorldTile { x: 2952, z: 3378, level: 0 } radius=0 ticks_waited=4 sent_tile=Some(WorldTile { x: 2970, z: 3380, level: 0 })
[nav-follow] here=WorldTile { x: 2960, z: 3379, level: 0 } walk=true transport=false leg=0 hops=4 outcome=None
[host] slot liveo85p33_0: d_loop_us=1191 d_raster_us=0 d_observe_us=65245 max_observe_us=15648 d_paints=0 d_skips=50 d_ticks=2 window_ms=1317
[nav-walk] here=WorldTile { x: 2958, z: 3379, level: 0 } aim=WorldTile { x: 2952, z: 3378, level: 0 } radius=0 ticks_waited=5 sent_tile=Some(WorldTile { x: 2970, z: 3380, level: 0 })
[nav-follow] here=WorldTile { x: 2958, z: 3379, level: 0 } walk=true transport=false leg=0 hops=4 outcome=None
[host] hitch liveo85p33_0: observe_us=16827 paints=0 skips=4356 ticks=210
[nav-walk] here=WorldTile { x: 2956, z: 3379, level: 0 } aim=WorldTile { x: 2952, z: 3378, level: 0 } radius=0 ticks_waited=6 sent_tile=Some(WorldTile { x: 2970, z: 3380, level: 0 })
[nav-follow] here=WorldTile { x: 2956, z: 3379, level: 0 } walk=true transport=false leg=0 hops=4 outcome=None
[host] slot liveo85p33_0: d_loop_us=1152 d_raster_us=0 d_observe_us=67812 max_observe_us=16827 d_paints=0 d_skips=50 d_ticks=2 window_ms=1291
[nav-walk] here=WorldTile { x: 2954, z: 3379, level: 0 } aim=WorldTile { x: 2952, z: 3378, level: 0 } radius=0 ticks_waited=7 sent_tile=Some(WorldTile { x: 2970, z: 3380, level: 0 })
[nav-follow] here=WorldTile { x: 2954, z: 3379, level: 0 } walk=true transport=false leg=0 hops=4 outcome=None
[nav-walk] here=WorldTile { x: 2952, z: 3378, level: 0 } aim=WorldTile { x: 2952, z: 3378, level: 0 } radius=0 ticks_waited=8 sent_tile=Some(WorldTile { x: 2970, z: 3380, level: 0 })
[nav-follow] here=WorldTile { x: 2952, z: 3378, level: 0 } walk=false transport=false leg=1 hops=4 outcome=Some(Arrived { at: WorldTile { x: 2952, z: 3378, level: 0 } })
[script liveo85p33_0] interact UseOn { name: "Vial", kind: "loc", target_name: Some("Fountain"), x: 2949, z: 3381, level: 0, index: None, source_item_id: Some(229), source_item_slot: Some(0), target_item_id: None, target_item_slot: None }
[host] slot liveo85p33_0: d_loop_us=1064 d_raster_us=0 d_observe_us=80913 max_observe_us=15058 d_paints=0 d_skips=50 d_ticks=3 window_ms=1298
PASS: catalog_boundary_live: {"scenario":"vial_filler_east","runner":"Some(Evidence { scenario: \"vial_filler_east\", outcome: \"PASS\", predicate: \"has_item_id(227)>=1\", ticks: 261, elapsed_ms: 139532, message: None, tile: Some([2950, 3380, 0]), inv: [InvRow { id: 227, name: Some(\"Vial of water\"), count: 1 }, InvRow { id: 229, name: Some(\"Vial\"), count: 1 }, InvRow { id: 229, name: Some(\"Vial\"), count: 1 }, InvRow { id: 229, name: Some(\"Vial\"), count: 1 }, InvRow { id: 229, name: Some(\"Vial\"), count: 1 }, InvRow { id: 229, name: Some(\"Vial\"), count: 1 }, InvRow { id: 229, name: Some(\"Vial\"), count: 1 }, InvRow { id: 229, name: Some(\"Vial\"), count: 1 }, InvRow { id: 229, name: Some(\"Vial\"), count: 1 }, InvRow { id: 229, name: Some(\"Vial\"), count: 1 }, InvRow { id: 229, name: Some(\"Vial\"), count: 1 }, InvRow { id: 229, name: Some(\"Vial\"), count: 1 }, InvRow { id: 229, name: Some(\"Vial\"), count: 1 }, InvRow { id: 229, name: Some(\"Vial\"), count: 1 }, InvRow { id: 229, name: Some(\"Vial\"), count: 1 }, InvRow { id: 229, name: Some(\"Vial\"), count: 1 }, InvRow { id: 229, name: Some(\"Vial\"), count: 1 }, InvRow { id: 229, name: Some(\"Vial\"), count: 1 }, InvRow { id: 229, name: Some(\"Vial\"), count: 1 }, InvRow { id: 229, name: Some(\"Vial\"), count: 1 }, InvRow { id: 229, name: Some(\"Vial\"), count: 1 }, InvRow { id: 229, name: Some(\"Vial\"), count: 1 }, InvRow { id: 229, name: Some(\"Vial\"), count: 1 }, InvRow { id: 229, name: Some(\"Vial\"), count: 1 }, InvRow { id: 229, name: Some(\"Vial\"), count: 1 }, InvRow { id: 229, name: Some(\"Vial\"), count: 1 }, InvRow { id: 229, name: Some(\"Vial\"), count: 1 }, InvRow { id: 229, name: Some(\"Vial\"), count: 1 }], stat: Some(StatRow { runenergy: 32 }), chat: [ChatRow { text: \"You fill the vial from the fountain.\", username: None }, ChatRow { text: \"You fill the vial from the fountain.\", username: None }, ChatRow { text: \"You fill the vial from the fountain.\", username: None }, ChatRow { text: \"You fill the vial from the fountain.\", username: None }, ChatRow { text: \"You fill the vial from the fountain.\", username: None }, ChatRow { text: \"You fill the vial from the fountain.\", username: None }, ChatRow { text: \"You fill the vial from the fountain.\", username: None }, ChatRow { text: \"You fill the vial from the fountain.\", username: None }, ChatRow { text: \"You fill the vial from the fountain.\", username: None }, ChatRow { text: \"You fill the vial from the fountain.\", username: None }, ChatRow { text: \"You fill the vial from the fountain.\", username: None }, ChatRow { text: \"You fill the vial from the fountain.\", username: None }, ChatRow { text: \"You fill the vial from the fountain.\", username: None }, ChatRow { text: \"You fill the vial from the fountain.\", username: None }, ChatRow { text: \"You fill the vial from the fountain.\", username: None }, ChatRow { text: \"You fill the vial from the fountain.\", username: None }, ChatRow { text: \"You fill the vial from the fountain.\", username: None }, ChatRow { text: \"You fill the vial from the fountain.\", username: None }, ChatRow { text: \"You fill the vial from the fountain.\", username: None }, ChatRow { text: \"You fill the vial from the fountain.\", username: None }, ChatRow { text: \"You fill the vial from the fountain.\", username: None }, ChatRow { text: \"You fill the vial from the fountain.\", username: None }, ChatRow { text: \"You fill the vial from the fountain.\", username: None }, ChatRow { text: \"You fill the vial from the fountain.\", username: None }, ChatRow { text: \"You fill the vial from the fountain.\", username: None }, ChatRow { text: \"You fill the vial from the fountain.\", username: None }, ChatRow { text: \"You fill the vial from the fountain.\", username: None }, ChatRow { text: \"You fill the vial from the fountain.\", username: None }, ChatRow { text: \"You fill the vial from the fountain.\", username: None }, ChatRow { text: \"Inventory wiped.\", username: None }, ChatRow { text: \"set tutorial: to 1000\", username: None }, ChatRow { text: \"Welcome to RuneScape.\", username: None }], scene: 2 })","core":{"case":"vial_filler_east","baseline":{"ingame":true,"scene_state":2,"player":"Liveo85p33 0","tile":[3013,3355,0],"tick":23,"items":{},"item_ids":{},"bank":{},"bank_ids":{},"bank_open":false,"bank_loaded":false,"bank_generation":2,"levels":{"-unused-":0,"agility":1,"attack":1,"cooking":1,"crafting":1,"defence":1,"firemaking":1,"fishing":1,"fletching":1,"herblore":1,"hitpoints":10,"magic":1,"mining":1,"prayer":1,"ranged":1,"runecraft":1,"slayer":1,"smithing":1,"strength":1,"thieving":1,"woodcutting":1},"xp":{"-unused-":0,"agility":0,"attack":0,"cooking":0,"crafting":0,"defence":0,"firemaking":0,"fishing":0,"fletching":0,"herblore":0,"hitpoints":1154,"magic":0,"mining":0,"prayer":0,"ranged":0,"runecraft":0,"slayer":0,"smithing":0,"strength":0,"thieving":0,"woodcutting":0},"chat":[[7,"Inventory wiped."],[6,"set tutorial: to 1000"],[5,"Welcome to RuneScape."]],"loc_facts":[],"equipment_ids":{},"main_modal":-1,"widget_ids":[3213,3214]},"latest":{"ingame":true,"scene_state":2,"player":"Liveo85p33 0","tile":[2950,3380,0],"tick":215,"items":{"Vial":27,"Vial of water":1},"item_ids":{"227":1,"229":27},"bank":{},"bank_ids":{},"bank_open":false,"bank_loaded":false,"bank_generation":6,"levels":{"-unused-":0,"agility":1,"attack":1,"cooking":1,"crafting":1,"defence":1,"firemaking":1,"fishing":1,"fletching":1,"herblore":1,"hitpoints":10,"magic":1,"mining":1,"prayer":1,"ranged":1,"runecraft":1,"slayer":1,"smithing":1,"strength":1,"thieving":1,"woodcutting":1},"xp":{"-unused-":0,"agility":0,"attack":0,"cooking":0,"crafting":0,"defence":0,"firemaking":0,"fishing":0,"fletching":0,"herblore":0,"hitpoints":1154,"magic":0,"mining":0,"prayer":0,"ranged":0,"runecraft":0,"slayer":0,"smithing":0,"strength":0,"thieving":0,"woodcutting":0},"chat":[[36,"You fill the vial from the fountain."],[35,"You fill the vial from the fountain."],[34,"You fill the vial from the fountain."],[33,"You fill the vial from the fountain."],[32,"You fill the vial from the fountain."],[31,"You fill the vial from the fountain."],[30,"You fill the vial from the fountain."],[29,"You fill the vial from the fountain."],[28,"You fill the vial from the fountain."],[27,"You fill the vial from the fountain."],[26,"You fill the vial from the fountain."],[25,"You fill the vial from the fountain."],[24,"You fill the vial from the fountain."],[23,"You fill the vial from the fountain."],[22,"You fill the vial from the fountain."],[21,"You fill the vial from the fountain."],[20,"You fill the vial from the fountain."],[19,"You fill the vial from the fountain."],[18,"You fill the vial from the fountain."],[17,"You fill the vial from the fountain."],[16,"You fill the vial from the fountain."],[15,"You fill the vial from the fountain."],[14,"You fill the vial from the fountain."],[13,"You fill the vial from the fountain."],[12,"You fill the vial from the fountain."],[11,"You fill the vial from the fountain."],[10,"You fill the vial from the fountain."],[9,"You fill the vial from the fountain."],[8,"You fill the vial from the fountain."],[7,"Inventory wiped."],[6,"set tutorial: to 1000"],[5,"Welcome to RuneScape."]],"loc_facts":[{"id":1530,"x":2947,"z":3379,"level":0,"name":"Door","open":true},{"id":1531,"x":2950,"z":3385,"level":0,"name":"Door","open":false},{"id":1531,"x":2956,"z":3378,"level":0,"name":"Door","open":false},{"id":1531,"x":2958,"z":3385,"level":0,"name":"Door","open":false}],"equipment_ids":{},"main_modal":-1,"widget_ids":[3213,3214]},"max_items":{"Vial":28,"Vial of water":28},"max_xp":{"-unused-":0,"agility":0,"attack":0,"cooking":0,"crafting":0,"defence":0,"firemaking":0,"fishing":0,"fletching":0,"herblore":0,"hitpoints":1154,"magic":0,"mining":0,"prayer":0,"ranged":0,"runecraft":0,"slayer":0,"smithing":0,"strength":0,"thieving":0,"woodcutting":0},"saw_bury_chat":false,"post_start_observations":4364,"bone_bank_cycle":{"first_batch_buried":false,"opened":null,"withdrawn":null,"buried_after_withdrawal":false},"bank_fletcher_cycle":{"first_pack_created":false,"deposited":null,"withdrawn":null,"crafted_after_withdrawal":false},"bank_fletcher_string_cycle":{"initial_pairs_strung":false,"deposited":null,"withdrawn":null,"strung_after_withdrawal":false},"bank_fletcher_cut_string_cycle":{"cut_pair_created":false,"deposited":null,"withdrawn":null,"string_pair_created":false},"alcher_generated_custom_cycle":{"withdrawn":null,"consumed":false},"dart_fletcher_cycle":{"first":null,"further":false,"wrong_tier":false},"herb_cleaner_cycle":{"first_pack":false,"deposited":null,"withdrawn":null,"cleaned_after_withdrawal":false,"filter_violated":false},"gem_cutter_cycle":{"first_pack":false,"deposited":null,"withdrawn":null,"cut_after_withdrawal":false,"filter_violated":false},"door_opener_cycle":{"selected":null,"opened":false},"gnome_course_cycle":{"log":null,"ground_return":null,"pipe":null,"second_lap":false},"flax_picker_cycle":{"first_pack":false,"deposited":null,"returned":false,"further":false},"superheater_cycle":{"first_bars":false,"deposited":null,"withdrawn":null,"produced_after_withdrawal":false,"wrong_product":false,"wrong_staff":false},"chicken_killer_bank_cycle":{"combat_loot":false,"deposited":null,"returned":false,"further":false},"vial_filler_cycle":{"filled":{"ingame":true,"scene_state":2,"player":"Liveo85p33 0","tile":[2950,3380,0],"tick":68,"items":{"Vial":27,"Vial of water":1},"item_ids":{"227":1,"229":27},"bank":{},"bank_ids":{},"bank_open":false,"bank_loaded":false,"bank_generation":4,"levels":{"-unused-":0,"agility":1,"attack":1,"cooking":1,"crafting":1,"defence":1,"firemaking":1,"fishing":1,"fletching":1,"herblore":1,"hitpoints":10,"magic":1,"mining":1,"prayer":1,"ranged":1,"runecraft":1,"slayer":1,"smithing":1,"strength":1,"thieving":1,"woodcutting":1},"xp":{"-unused-":0,"agility":0,"attack":0,"cooking":0,"crafting":0,"defence":0,"firemaking":0,"fishing":0,"fletching":0,"herblore":0,"hitpoints":1154,"magic":0,"mining":0,"prayer":0,"ranged":0,"runecraft":0,"slayer":0,"smithing":0,"strength":0,"thieving":0,"woodcutting":0},"chat":[[8,"You fill the vial from the fountain."],[7,"Inventory wiped."],[6,"set tutorial: to 1000"],[5,"Welcome to RuneScape."]],"loc_facts":[{"id":1530,"x":2947,"z":3379,"level":0,"name":"Door","open":true},{"id":1531,"x":2950,"z":3385,"level":0,"name":"Door","open":false},{"id":1531,"x":2956,"z":3378,"level":0,"name":"Door","open":false},{"id":1531,"x":2958,"z":3385,"level":0,"name":"Door","open":false}],"equipment_ids":{},"main_modal":-1,"widget_ids":[3213,3214]},"deposited":{"ingame":true,"scene_state":2,"player":"Liveo85p33 0","tile":[3011,3355,0],"tick":175,"items":{},"item_ids":{},"bank":{"Vial":28,"Vial of water":28},"bank_ids":{"227":28,"229":28},"bank_open":true,"bank_loaded":true,"bank_generation":5,"levels":{"-unused-":0,"agility":1,"attack":1,"cooking":1,"crafting":1,"defence":1,"firemaking":1,"fishing":1,"fletching":1,"herblore":1,"hitpoints":10,"magic":1,"mining":1,"prayer":1,"ranged":1,"runecraft":1,"slayer":1,"smithing":1,"strength":1,"thieving":1,"woodcutting":1},"xp":{"-unused-":0,"agility":0,"attack":0,"cooking":0,"crafting":0,"defence":0,"firemaking":0,"fishing":0,"fletching":0,"herblore":0,"hitpoints":1154,"magic":0,"mining":0,"prayer":0,"ranged":0,"runecraft":0,"slayer":0,"smithing":0,"strength":0,"thieving":0,"woodcutting":0},"chat":[[35,"You fill the vial from the fountain."],[34,"You fill the vial from the fountain."],[33,"You fill the vial from the fountain."],[32,"You fill the vial from the fountain."],[31,"You fill the vial from the fountain."],[30,"You fill the vial from the fountain."],[29,"You fill the vial from the fountain."],[28,"You fill the vial from the fountain."],[27,"You fill the vial from the fountain."],[26,"You fill the vial from the fountain."],[25,"You fill the vial from the fountain."],[24,"You fill the vial from the fountain."],[23,"You fill the vial from the fountain."],[22,"You fill the vial from the fountain."],[21,"You fill the vial from the fountain."],[20,"You fill the vial from the fountain."],[19,"You fill the vial from the fountain."],[18,"You fill the vial from the fountain."],[17,"You fill the vial from the fountain."],[16,"You fill the vial from the fountain."],[15,"You fill the vial from the fountain."],[14,"You fill the vial from the fountain."],[13,"You fill the vial from the fountain."],[12,"You fill the vial from the fountain."],[11,"You fill the vial from the fountain."],[10,"You fill the vial from the fountain."],[9,"You fill the vial from the fountain."],[8,"You fill the vial from the fountain."],[7,"Inventory wiped."],[6,"set tutorial: to 1000"],[5,"Welcome to RuneScape."]],"loc_facts":[],"equipment_ids":{},"main_modal":5292,"widget_ids":[2005,2006,5292,5293,5294,5295,5296,5297,5298,5299,5300,5301,5302,5303,5304,5305,5306,5307,5308,5309,5310,5311,5312,5313,5314,5315,5316,5317,5318,5319,5320,5321,5322,5323,5324,5325,5326,5327,5328,5329,5330,5331,5332,5333,5334,5335,5336,5337,5338,5339,5340,5341,5342,5343,5344,5345,5346,5347,5348,5349,5350,5351,5352,5353,5354,5355,5356,5357,5358,5359,5360,5361,5362,5363,5364,5365,5366,5367,5368,5369,5370,5371,5372,5373,5374,5375,5376,5377,5378,5379,5380,5381,5382,5383,5384,5385,5386,5387,5388,5389,5390,5391,8130,8131,8132,8133]},"withdrawn":{"ingame":true,"scene_state":2,"player":"Liveo85p33 0","tile":[3011,3355,0],"tick":179,"items":{"Vial":28},"item_ids":{"229":28},"bank":{"Vial of water":28},"bank_ids":{"227":28},"bank_open":true,"bank_loaded":true,"bank_generation":5,"levels":{"-unused-":0,"agility":1,"attack":1,"cooking":1,"crafting":1,"defence":1,"firemaking":1,"fishing":1,"fletching":1,"herblore":1,"hitpoints":10,"magic":1,"mining":1,"prayer":1,"ranged":1,"runecraft":1,"slayer":1,"smithing":1,"strength":1,"thieving":1,"woodcutting":1},"xp":{"-unused-":0,"agility":0,"attack":0,"cooking":0,"crafting":0,"defence":0,"firemaking":0,"fishing":0,"fletching":0,"herblore":0,"hitpoints":1154,"magic":0,"mining":0,"prayer":0,"ranged":0,"runecraft":0,"slayer":0,"smithing":0,"strength":0,"thieving":0,"woodcutting":0},"chat":[[35,"You fill the vial from the fountain."],[34,"You fill the vial from the fountain."],[33,"You fill the vial from the fountain."],[32,"You fill the vial from the fountain."],[31,"You fill the vial from the fountain."],[30,"You fill the vial from the fountain."],[29,"You fill the vial from the fountain."],[28,"You fill the vial from the fountain."],[27,"You fill the vial from the fountain."],[26,"You fill the vial from the fountain."],[25,"You fill the vial from the fountain."],[24,"You fill the vial from the fountain."],[23,"You fill the vial from the fountain."],[22,"You fill the vial from the fountain."],[21,"You fill the vial from the fountain."],[20,"You fill the vial from the fountain."],[19,"You fill the vial from the fountain."],[18,"You fill the vial from the fountain."],[17,"You fill the vial from the fountain."],[16,"You fill the vial from the fountain."],[15,"You fill the vial from the fountain."],[14,"You fill the vial from the fountain."],[13,"You fill the vial from the fountain."],[12,"You fill the vial from the fountain."],[11,"You fill the vial from the fountain."],[10,"You fill the vial from the fountain."],[9,"You fill the vial from the fountain."],[8,"You fill the vial from the fountain."],[7,"Inventory wiped."],[6,"set tutorial: to 1000"],[5,"Welcome to RuneScape."]],"loc_facts":[],"equipment_ids":{},"main_modal":5292,"widget_ids":[2005,2006,5292,5293,5294,5295,5296,5297,5298,5299,5300,5301,5302,5303,5304,5305,5306,5307,5308,5309,5310,5311,5312,5313,5314,5315,5316,5317,5318,5319,5320,5321,5322,5323,5324,5325,5326,5327,5328,5329,5330,5331,5332,5333,5334,5335,5336,5337,5338,5339,5340,5341,5342,5343,5344,5345,5346,5347,5348,5349,5350,5351,5352,5353,5354,5355,5356,5357,5358,5359,5360,5361,5362,5363,5364,5365,5366,5367,5368,5369,5370,5371,5372,5373,5374,5375,5376,5377,5378,5379,5380,5381,5382,5383,5384,5385,5386,5387,5388,5389,5390,5391,8130,8131,8132,8133]},"returned":true,"further":true},"potion_maker_cycle":{"unfinished":null,"finished":null,"deposited":null,"withdrawn":null,"further":false,"wrong_product":false,"filter_violated":false},"tanner_bot_cycle":{"widget":null,"tanned":null,"deposited":null,"withdrawn":null,"returned":false,"further":false,"wrong_product":false,"shop":false},"rune_crafter_cycle":{"withdrawn":null,"entered":null,"crafted":null,"exited":null,"deposited":null,"restocked":null,"returned":false,"further":false,"wrong_product":false,"noted":false},"ordered_first_exhausted":false}}
test catalog_boundary_live ... ok

test result: ok. 1 passed; 0 failed; 0 ignored; 0 measured; 25 filtered out; finished in 142.70s

