
running 1 test
{"phase":"identity","revision":274,"profile":"local-274 · 127.0.0.1:43594 · revision 274","cache_id":"4aac9b63312dcb75d5de8f686772d083ba0808c57985438246edf21ef522be1c","nav_pack":"/Users/acfrazier/experiments/274bot/.worktrees/rs2b0t-multirevision/.superpowers/world-capabilities/274/274bot.navpack","nav_sha256":"05db24743e9f549ced16c1f00b87c30a390d3aaec391815da3f3563130b3bcd4","catalog_commit":"100adccc037d9f6898080e1cad58fcfc43364775","catalog_identity":"pre-289 frozen catalog","catalog_read_only_path":".superpowers/inputs/rs2b0t-100adccc037d9f6898080e1cad58fcfc43364775","catalog_root":"/Users/acfrazier/experiments/274bot/.worktrees/rs2b0t-multirevision/.superpowers/inputs/rs2b0t-100adccc037d9f6898080e1cad58fcfc43364775","registry_path":"/Users/acfrazier/experiments/274bot/.worktrees/rs2b0t-multirevision/.superpowers/inputs/rs2b0t-100adccc037d9f6898080e1cad58fcfc43364775/src/bot/scripts/index.ts","registry_sha256":"b614aedb3d5adfdfbac3760f082273f3cf5c33fffe4ced0f2b01490ae02d1bc2","card":{"card":"TannerBot","source_path":"/Users/acfrazier/experiments/274bot/.worktrees/rs2b0t-multirevision/.superpowers/inputs/rs2b0t-100adccc037d9f6898080e1cad58fcfc43364775/src/bot/scripts/TannerBot/TannerBot.ts","source_sha256":"b8038b17ac72eec3cf7b2e84f8323e4cd898f1975de7d210cfba333e552b8d7f","compiled_sha256":"a9da7b6f5c395ba28391685f84b0aa48ab35cfeeb4829cdc6082699fc4f82a39","siblings":[],"settings":{"hideType":"Soft leather","buyThread":false,"threadEveryRuns":5.0,"threadQty":100.0,"coinsPerTrip":2000.0}},"account":"live4dullf_0","engine_speed_ms":null}
[host-play] slot live4dullf_0: thread up
274bot: loaded snapshot (4556 models, 336 anim records)
[host-play] slot live4dullf_0: handshake begin reconnect=false
[host-play] slot live4dullf_0: handshake ok
[host-play] slot live4dullf_0: queued mainland tele+setvar (scene 2)
[host] slot live4dullf_0: d_loop_us=8501 d_raster_us=0 d_observe_us=33482 max_observe_us=3506 d_paints=0 d_skips=50 d_ticks=5 window_ms=0
[host-play] slot live4dullf_0: handshake begin reconnect=true
[host-play] slot live4dullf_0: handshake ok
[host] slot live4dullf_0: d_loop_us=1108 d_raster_us=0 d_observe_us=48863 max_observe_us=4141 d_paints=0 d_skips=50 d_ticks=1 window_ms=0
[host-play] slot live4dullf_0: queued mainland tele+setvar (scene 2)
[host] slot live4dullf_0: d_loop_us=24190 d_raster_us=0 d_observe_us=97537 max_observe_us=7629 d_paints=0 d_skips=50 d_ticks=25 window_ms=14917
{"phase":"baseline-after-preparation","scenario":"tanner_bot","account":"live4dullf_0","observation":{"ingame":true,"scene_state":2,"player":"Live4dullf 0","tile":[3269,3166,0],"tick":28,"items":{},"item_ids":{},"bank":{},"bank_ids":{},"bank_open":false,"bank_loaded":false,"bank_generation":2,"levels":{"-unused-":0,"agility":1,"attack":1,"cooking":1,"crafting":1,"defence":1,"firemaking":1,"fishing":1,"fletching":1,"herblore":1,"hitpoints":10,"magic":1,"mining":1,"prayer":1,"ranged":1,"runecraft":1,"slayer":1,"smithing":1,"strength":1,"thieving":1,"woodcutting":1},"xp":{"-unused-":0,"agility":0,"attack":0,"cooking":0,"crafting":0,"defence":0,"firemaking":0,"fishing":0,"fletching":0,"herblore":0,"hitpoints":1154,"magic":0,"mining":0,"prayer":0,"ranged":0,"runecraft":0,"slayer":0,"smithing":0,"strength":0,"thieving":0,"woodcutting":0},"chat":[[7,"Inventory wiped."],[6,"set tutorial: to 1000"],[5,"Welcome to RuneScape."]],"loc_facts":[],"equipment_ids":{},"main_modal":-1,"widget_ids":[3213,3214]}}
[script live4dullf_0] start load
{"phase":"start","account":"live4dullf_0","count":1}
[host] hitch live4dullf_0: observe_us=104512 paints=0 skips=103 ticks=28
[script live4dullf_0] TannerBot — Soft leather: Cow hide -> Leather
[script live4dullf_0] interact OpenBooth { x: 3268, z: 3166, level: 0, id: 2213, name: Some("Bank booth"), action: Some("Use-quickly") }
[host] slot live4dullf_0: d_loop_us=1272 d_raster_us=0 d_observe_us=204938 max_observe_us=104512 d_paints=0 d_skips=50 d_ticks=5 window_ms=3074
[host] slot live4dullf_0: d_loop_us=1001 d_raster_us=0 d_observe_us=68851 max_observe_us=12116 d_paints=0 d_skips=50 d_ticks=2 window_ms=1308
[host] slot live4dullf_0: d_loop_us=867 d_raster_us=0 d_observe_us=53211 max_observe_us=6379 d_paints=0 d_skips=50 d_ticks=2 window_ms=1283
[script live4dullf_0] interact InvButton { id: 1739, slot: 0, component: 5382, operation: 5, bank_generation: 3 }
[script live4dullf_0] interact AnswerCount { value: 27 }
[shim-count] 27 sent
[host] slot live4dullf_0: d_loop_us=783 d_raster_us=0 d_observe_us=53928 max_observe_us=9310 d_paints=0 d_skips=50 d_ticks=2 window_ms=1316
[script live4dullf_0] interact CloseModal
[script live4dullf_0] interact WalkNear { x: 3277, z: 3191, level: 0, radius: 3, allow_teleports: false }
[host] slot live4dullf_0: d_loop_us=899 d_raster_us=0 d_observe_us=55475 max_observe_us=9286 d_paints=0 d_skips=50 d_ticks=2 window_ms=1333
[nav-follow] here=WorldTile { x: 3269, z: 3166, level: 0 } walk=true transport=false leg=0 hops=1 outcome=None
[nav-walk] here=WorldTile { x: 3271, z: 3166, level: 0 } aim=WorldTile { x: 3280, z: 3178, level: 0 } radius=2 ticks_waited=0 sent_tile=Some(WorldTile { x: 3269, z: 3166, level: 0 })
[nav-follow] here=WorldTile { x: 3271, z: 3166, level: 0 } walk=true transport=false leg=0 hops=1 outcome=None
[host] slot live4dullf_0: d_loop_us=903 d_raster_us=0 d_observe_us=53201 max_observe_us=11952 d_paints=0 d_skips=50 d_ticks=3 window_ms=1298
[nav-walk] here=WorldTile { x: 3273, z: 3167, level: 0 } aim=WorldTile { x: 3280, z: 3178, level: 0 } radius=2 ticks_waited=1 sent_tile=Some(WorldTile { x: 3269, z: 3166, level: 0 })
[nav-follow] here=WorldTile { x: 3273, z: 3167, level: 0 } walk=true transport=false leg=0 hops=1 outcome=None
[nav-walk] here=WorldTile { x: 3273, z: 3169, level: 0 } aim=WorldTile { x: 3280, z: 3178, level: 0 } radius=2 ticks_waited=2 sent_tile=Some(WorldTile { x: 3269, z: 3166, level: 0 })
[nav-follow] here=WorldTile { x: 3273, z: 3169, level: 0 } walk=true transport=false leg=0 hops=1 outcome=None
[host] hitch live4dullf_0: observe_us=18375 paints=0 skips=423 ticks=43
[nav-walk] here=WorldTile { x: 3275, z: 3171, level: 0 } aim=WorldTile { x: 3280, z: 3178, level: 0 } radius=2 ticks_waited=3 sent_tile=Some(WorldTile { x: 3269, z: 3166, level: 0 })
[nav-follow] here=WorldTile { x: 3275, z: 3171, level: 0 } walk=true transport=false leg=0 hops=1 outcome=None
[host] slot live4dullf_0: d_loop_us=1011 d_raster_us=0 d_observe_us=87502 max_observe_us=18375 d_paints=0 d_skips=50 d_ticks=2 window_ms=1239
[nav-walk] here=WorldTile { x: 3275, z: 3173, level: 0 } aim=WorldTile { x: 3280, z: 3178, level: 0 } radius=2 ticks_waited=4 sent_tile=Some(WorldTile { x: 3269, z: 3166, level: 0 })
[nav-follow] here=WorldTile { x: 3275, z: 3173, level: 0 } walk=true transport=false leg=0 hops=1 outcome=None
[nav-walk] here=WorldTile { x: 3277, z: 3175, level: 0 } aim=WorldTile { x: 3280, z: 3178, level: 0 } radius=2 ticks_waited=5 sent_tile=Some(WorldTile { x: 3269, z: 3166, level: 0 })
[nav-follow] here=WorldTile { x: 3277, z: 3175, level: 0 } walk=true transport=false leg=0 hops=1 outcome=None
[host] slot live4dullf_0: d_loop_us=1016 d_raster_us=0 d_observe_us=64609 max_observe_us=14580 d_paints=0 d_skips=50 d_ticks=2 window_ms=1184
[nav-walk] here=WorldTile { x: 3279, z: 3177, level: 0 } aim=WorldTile { x: 3280, z: 3178, level: 0 } radius=2 ticks_waited=6 sent_tile=Some(WorldTile { x: 3269, z: 3166, level: 0 })
[nav-follow] here=WorldTile { x: 3279, z: 3177, level: 0 } walk=true transport=false leg=0 hops=2 outcome=None
[host] hitch live4dullf_0: observe_us=17333 paints=0 skips=524 ticks=47
[host] slot live4dullf_0: d_loop_us=1125 d_raster_us=0 d_observe_us=56193 max_observe_us=17333 d_paints=0 d_skips=50 d_ticks=2 window_ms=1167
[nav-walk] here=WorldTile { x: 3279, z: 3179, level: 0 } aim=WorldTile { x: 3274, z: 3188, level: 0 } radius=0 ticks_waited=0 sent_tile=Some(WorldTile { x: 3279, z: 3177, level: 0 })
[nav-follow] here=WorldTile { x: 3279, z: 3179, level: 0 } walk=true transport=false leg=0 hops=2 outcome=None
[nav-walk] here=WorldTile { x: 3279, z: 3181, level: 0 } aim=WorldTile { x: 3274, z: 3188, level: 0 } radius=0 ticks_waited=1 sent_tile=Some(WorldTile { x: 3279, z: 3177, level: 0 })
[nav-follow] here=WorldTile { x: 3279, z: 3181, level: 0 } walk=true transport=false leg=0 hops=2 outcome=None
[host] slot live4dullf_0: d_loop_us=1222 d_raster_us=0 d_observe_us=67590 max_observe_us=13783 d_paints=0 d_skips=50 d_ticks=1 window_ms=1178
[nav-walk] here=WorldTile { x: 3280, z: 3183, level: 0 } aim=WorldTile { x: 3274, z: 3188, level: 0 } radius=0 ticks_waited=2 sent_tile=Some(WorldTile { x: 3279, z: 3177, level: 0 })
[nav-follow] here=WorldTile { x: 3280, z: 3183, level: 0 } walk=true transport=false leg=0 hops=2 outcome=None
[host] hitch live4dullf_0: observe_us=17779 paints=0 skips=601 ticks=50
[nav-walk] here=WorldTile { x: 3280, z: 3185, level: 0 } aim=WorldTile { x: 3274, z: 3188, level: 0 } radius=0 ticks_waited=3 sent_tile=Some(WorldTile { x: 3279, z: 3177, level: 0 })
[nav-follow] here=WorldTile { x: 3280, z: 3185, level: 0 } walk=true transport=false leg=0 hops=2 outcome=None
[host] slot live4dullf_0: d_loop_us=1033 d_raster_us=0 d_observe_us=72357 max_observe_us=17779 d_paints=0 d_skips=50 d_ticks=2 window_ms=1174
[nav-walk] here=WorldTile { x: 3278, z: 3185, level: 0 } aim=WorldTile { x: 3274, z: 3188, level: 0 } radius=0 ticks_waited=4 sent_tile=Some(WorldTile { x: 3279, z: 3177, level: 0 })
[nav-follow] here=WorldTile { x: 3278, z: 3185, level: 0 } walk=true transport=false leg=0 hops=2 outcome=None
[host] hitch live4dullf_0: observe_us=16765 paints=0 skips=652 ticks=52
[nav-walk] here=WorldTile { x: 3276, z: 3185, level: 0 } aim=WorldTile { x: 3274, z: 3188, level: 0 } radius=0 ticks_waited=5 sent_tile=Some(WorldTile { x: 3279, z: 3177, level: 0 })
[nav-follow] here=WorldTile { x: 3276, z: 3185, level: 0 } walk=true transport=false leg=0 hops=2 outcome=None
[host] slot live4dullf_0: d_loop_us=1011 d_raster_us=0 d_observe_us=65586 max_observe_us=16765 d_paints=0 d_skips=50 d_ticks=2 window_ms=1189
[nav-walk] here=WorldTile { x: 3275, z: 3187, level: 0 } aim=WorldTile { x: 3274, z: 3188, level: 0 } radius=0 ticks_waited=6 sent_tile=Some(WorldTile { x: 3279, z: 3177, level: 0 })
[nav-follow] here=WorldTile { x: 3275, z: 3187, level: 0 } walk=true transport=false leg=0 hops=2 outcome=None
[nav-walk] here=WorldTile { x: 3274, z: 3188, level: 0 } aim=WorldTile { x: 3274, z: 3188, level: 0 } radius=0 ticks_waited=7 sent_tile=Some(WorldTile { x: 3279, z: 3177, level: 0 })
[nav-follow] here=WorldTile { x: 3274, z: 3188, level: 0 } walk=false transport=false leg=1 hops=2 outcome=Some(Arrived { at: WorldTile { x: 3274, z: 3188, level: 0 } })
[script live4dullf_0] interact Npc { name: "Tanner", action: "Trade", index: Some(225) }
[host] slot live4dullf_0: d_loop_us=1013 d_raster_us=0 d_observe_us=64254 max_observe_us=14261 d_paints=0 d_skips=50 d_ticks=2 window_ms=1191
[host] slot live4dullf_0: d_loop_us=895 d_raster_us=0 d_observe_us=64877 max_observe_us=14488 d_paints=0 d_skips=50 d_ticks=2 window_ms=1185
[host] slot live4dullf_0: d_loop_us=1109 d_raster_us=0 d_observe_us=67733 max_observe_us=14088 d_paints=0 d_skips=50 d_ticks=2 window_ms=1195
[host] slot live4dullf_0: d_loop_us=1141 d_raster_us=0 d_observe_us=65601 max_observe_us=13502 d_paints=0 d_skips=50 d_ticks=2 window_ms=1173
[host] slot live4dullf_0: d_loop_us=940 d_raster_us=0 d_observe_us=66540 max_observe_us=15718 d_paints=0 d_skips=50 d_ticks=2 window_ms=1193
[script live4dullf_0] tanner interface did not open — retrying
[script live4dullf_0] interact WalkNear { x: 3269, z: 3167, level: 0, radius: 3, allow_teleports: false }
[host] slot live4dullf_0: d_loop_us=1081 d_raster_us=0 d_observe_us=50223 max_observe_us=7750 d_paints=0 d_skips=50 d_ticks=2 window_ms=1185
[nav-follow] here=WorldTile { x: 3278, z: 3192, level: 0 } walk=true transport=false leg=0 hops=1 outcome=None
[host] slot live4dullf_0: d_loop_us=900 d_raster_us=0 d_observe_us=44144 max_observe_us=6609 d_paints=0 d_skips=50 d_ticks=2 window_ms=1177
[nav-walk] here=WorldTile { x: 3279, z: 3190, level: 0 } aim=WorldTile { x: 3280, z: 3177, level: 0 } radius=2 ticks_waited=0 sent_tile=Some(WorldTile { x: 3278, z: 3192, level: 0 })
[nav-follow] here=WorldTile { x: 3279, z: 3190, level: 0 } walk=true transport=false leg=0 hops=1 outcome=None
[nav-walk] here=WorldTile { x: 3280, z: 3188, level: 0 } aim=WorldTile { x: 3280, z: 3177, level: 0 } radius=2 ticks_waited=1 sent_tile=Some(WorldTile { x: 3278, z: 3192, level: 0 })
[nav-follow] here=WorldTile { x: 3280, z: 3188, level: 0 } walk=true transport=false leg=0 hops=1 outcome=None
[host] slot live4dullf_0: d_loop_us=977 d_raster_us=0 d_observe_us=69390 max_observe_us=15531 d_paints=0 d_skips=50 d_ticks=2 window_ms=1172
[nav-walk] here=WorldTile { x: 3280, z: 3186, level: 0 } aim=WorldTile { x: 3280, z: 3177, level: 0 } radius=2 ticks_waited=2 sent_tile=Some(WorldTile { x: 3278, z: 3192, level: 0 })
[nav-follow] here=WorldTile { x: 3280, z: 3186, level: 0 } walk=true transport=false leg=0 hops=1 outcome=None
[nav-walk] here=WorldTile { x: 3280, z: 3184, level: 0 } aim=WorldTile { x: 3280, z: 3177, level: 0 } radius=2 ticks_waited=3 sent_tile=Some(WorldTile { x: 3278, z: 3192, level: 0 })
[nav-follow] here=WorldTile { x: 3280, z: 3184, level: 0 } walk=true transport=false leg=0 hops=1 outcome=None
[host] slot live4dullf_0: d_loop_us=1201 d_raster_us=0 d_observe_us=64495 max_observe_us=14097 d_paints=0 d_skips=50 d_ticks=2 window_ms=1187
[nav-walk] here=WorldTile { x: 3280, z: 3182, level: 0 } aim=WorldTile { x: 3280, z: 3177, level: 0 } radius=2 ticks_waited=4 sent_tile=Some(WorldTile { x: 3278, z: 3192, level: 0 })
[nav-follow] here=WorldTile { x: 3280, z: 3182, level: 0 } walk=true transport=false leg=0 hops=1 outcome=None
[nav-walk] here=WorldTile { x: 3280, z: 3180, level: 0 } aim=WorldTile { x: 3280, z: 3177, level: 0 } radius=2 ticks_waited=5 sent_tile=Some(WorldTile { x: 3278, z: 3192, level: 0 })
[nav-follow] here=WorldTile { x: 3280, z: 3180, level: 0 } walk=true transport=false leg=0 hops=1 outcome=None
[host] slot live4dullf_0: d_loop_us=1073 d_raster_us=0 d_observe_us=67922 max_observe_us=14791 d_paints=0 d_skips=50 d_ticks=2 window_ms=1167
[nav-walk] here=WorldTile { x: 3280, z: 3178, level: 0 } aim=WorldTile { x: 3280, z: 3177, level: 0 } radius=2 ticks_waited=6 sent_tile=Some(WorldTile { x: 3278, z: 3192, level: 0 })
[nav-follow] here=WorldTile { x: 3280, z: 3178, level: 0 } walk=true transport=false leg=0 hops=2 outcome=None
[nav-walk] here=WorldTile { x: 3280, z: 3176, level: 0 } aim=WorldTile { x: 3269, z: 3170, level: 0 } radius=0 ticks_waited=0 sent_tile=Some(WorldTile { x: 3280, z: 3178, level: 0 })
[nav-follow] here=WorldTile { x: 3280, z: 3176, level: 0 } walk=true transport=false leg=0 hops=2 outcome=None
[host] slot live4dullf_0: d_loop_us=1175 d_raster_us=0 d_observe_us=63086 max_observe_us=14672 d_paints=0 d_skips=50 d_ticks=2 window_ms=1193
test catalog_boundary_live has been running for over 60 seconds
[nav-walk] here=WorldTile { x: 3278, z: 3174, level: 0 } aim=WorldTile { x: 3269, z: 3170, level: 0 } radius=0 ticks_waited=1 sent_tile=Some(WorldTile { x: 3280, z: 3178, level: 0 })
[nav-follow] here=WorldTile { x: 3278, z: 3174, level: 0 } walk=true transport=false leg=0 hops=2 outcome=None
[nav-walk] here=WorldTile { x: 3276, z: 3172, level: 0 } aim=WorldTile { x: 3269, z: 3170, level: 0 } radius=0 ticks_waited=2 sent_tile=Some(WorldTile { x: 3280, z: 3178, level: 0 })
[nav-follow] here=WorldTile { x: 3276, z: 3172, level: 0 } walk=true transport=false leg=0 hops=2 outcome=None
[host] slot live4dullf_0: d_loop_us=1163 d_raster_us=0 d_observe_us=66294 max_observe_us=14775 d_paints=0 d_skips=50 d_ticks=2 window_ms=1188
[nav-walk] here=WorldTile { x: 3276, z: 3170, level: 0 } aim=WorldTile { x: 3269, z: 3170, level: 0 } radius=0 ticks_waited=3 sent_tile=Some(WorldTile { x: 3280, z: 3178, level: 0 })
[nav-follow] here=WorldTile { x: 3276, z: 3170, level: 0 } walk=true transport=false leg=0 hops=2 outcome=None
[nav-walk] here=WorldTile { x: 3274, z: 3168, level: 0 } aim=WorldTile { x: 3269, z: 3170, level: 0 } radius=0 ticks_waited=4 sent_tile=Some(WorldTile { x: 3280, z: 3178, level: 0 })
[nav-follow] here=WorldTile { x: 3274, z: 3168, level: 0 } walk=true transport=false leg=0 hops=2 outcome=None
[host] slot live4dullf_0: d_loop_us=1047 d_raster_us=0 d_observe_us=63995 max_observe_us=14396 d_paints=0 d_skips=50 d_ticks=2 window_ms=1169
[nav-walk] here=WorldTile { x: 3272, z: 3167, level: 0 } aim=WorldTile { x: 3269, z: 3170, level: 0 } radius=0 ticks_waited=5 sent_tile=Some(WorldTile { x: 3280, z: 3178, level: 0 })
[nav-follow] here=WorldTile { x: 3272, z: 3167, level: 0 } walk=true transport=false leg=0 hops=2 outcome=None
[host] hitch live4dullf_0: observe_us=16241 paints=0 skips=1361 ticks=80
[script live4dullf_0] interact WalkNear { x: 3268, z: 3164, level: 0, radius: 1, allow_teleports: false }
[nav-follow] here=WorldTile { x: 3271, z: 3168, level: 0 } walk=true transport=false leg=0 hops=1 outcome=None
[host] slot live4dullf_0: d_loop_us=1114 d_raster_us=0 d_observe_us=73320 max_observe_us=16241 d_paints=0 d_skips=50 d_ticks=2 window_ms=1167
[nav-walk] here=WorldTile { x: 3271, z: 3166, level: 0 } aim=WorldTile { x: 3269, z: 3164, level: 0 } radius=0 ticks_waited=0 sent_tile=Some(WorldTile { x: 3271, z: 3168, level: 0 })
[nav-follow] here=WorldTile { x: 3271, z: 3166, level: 0 } walk=true transport=false leg=0 hops=1 outcome=None
[nav-walk] here=WorldTile { x: 3269, z: 3164, level: 0 } aim=WorldTile { x: 3269, z: 3164, level: 0 } radius=0 ticks_waited=1 sent_tile=Some(WorldTile { x: 3271, z: 3168, level: 0 })
[nav-follow] here=WorldTile { x: 3269, z: 3164, level: 0 } walk=false transport=false leg=1 hops=1 outcome=Some(Arrived { at: WorldTile { x: 3269, z: 3164, level: 0 } })
[script live4dullf_0] interact OpenBooth { x: 3268, z: 3164, level: 0, id: 2213, name: Some("Bank booth"), action: Some("Use-quickly") }
[host] slot live4dullf_0: d_loop_us=1032 d_raster_us=0 d_observe_us=66150 max_observe_us=15750 d_paints=0 d_skips=50 d_ticks=2 window_ms=1188
[host] slot live4dullf_0: d_loop_us=1002 d_raster_us=0 d_observe_us=61992 max_observe_us=10803 d_paints=0 d_skips=50 d_ticks=2 window_ms=1174
[script live4dullf_0] interact InvButton { id: 1739, slot: 0, component: 5382, operation: 5, bank_generation: 5 }
[script live4dullf_0] interact AnswerCount { value: 27 }
[shim-count] 27 sent
[host] slot live4dullf_0: d_loop_us=934 d_raster_us=0 d_observe_us=59202 max_observe_us=10601 d_paints=0 d_skips=50 d_ticks=2 window_ms=1184
[script live4dullf_0] interact CloseModal
[script live4dullf_0] interact WalkNear { x: 3277, z: 3191, level: 0, radius: 3, allow_teleports: false }
[host] slot live4dullf_0: d_loop_us=993 d_raster_us=0 d_observe_us=64453 max_observe_us=11490 d_paints=0 d_skips=50 d_ticks=2 window_ms=1168
[nav-follow] here=WorldTile { x: 3269, z: 3164, level: 0 } walk=true transport=false leg=0 hops=1 outcome=None
[nav-walk] here=WorldTile { x: 3271, z: 3166, level: 0 } aim=WorldTile { x: 3280, z: 3178, level: 0 } radius=2 ticks_waited=0 sent_tile=Some(WorldTile { x: 3269, z: 3164, level: 0 })
[nav-follow] here=WorldTile { x: 3271, z: 3166, level: 0 } walk=true transport=false leg=0 hops=1 outcome=None
[host] slot live4dullf_0: d_loop_us=1037 d_raster_us=0 d_observe_us=61173 max_observe_us=14365 d_paints=0 d_skips=50 d_ticks=2 window_ms=1188
[nav-walk] here=WorldTile { x: 3273, z: 3167, level: 0 } aim=WorldTile { x: 3280, z: 3178, level: 0 } radius=2 ticks_waited=1 sent_tile=Some(WorldTile { x: 3269, z: 3164, level: 0 })
[nav-follow] here=WorldTile { x: 3273, z: 3167, level: 0 } walk=true transport=false leg=0 hops=1 outcome=None
[nav-walk] here=WorldTile { x: 3273, z: 3169, level: 0 } aim=WorldTile { x: 3280, z: 3178, level: 0 } radius=2 ticks_waited=2 sent_tile=Some(WorldTile { x: 3269, z: 3164, level: 0 })
[nav-follow] here=WorldTile { x: 3273, z: 3169, level: 0 } walk=true transport=false leg=0 hops=1 outcome=None
[host] slot live4dullf_0: d_loop_us=1068 d_raster_us=0 d_observe_us=71442 max_observe_us=15775 d_paints=0 d_skips=50 d_ticks=2 window_ms=1193
[nav-walk] here=WorldTile { x: 3275, z: 3171, level: 0 } aim=WorldTile { x: 3280, z: 3178, level: 0 } radius=2 ticks_waited=3 sent_tile=Some(WorldTile { x: 3269, z: 3164, level: 0 })
[nav-follow] here=WorldTile { x: 3275, z: 3171, level: 0 } walk=true transport=false leg=0 hops=1 outcome=None
[nav-walk] here=WorldTile { x: 3275, z: 3173, level: 0 } aim=WorldTile { x: 3280, z: 3178, level: 0 } radius=2 ticks_waited=4 sent_tile=Some(WorldTile { x: 3269, z: 3164, level: 0 })
[nav-follow] here=WorldTile { x: 3275, z: 3173, level: 0 } walk=true transport=false leg=0 hops=1 outcome=None
[host] slot live4dullf_0: d_loop_us=1038 d_raster_us=0 d_observe_us=65420 max_observe_us=15492 d_paints=0 d_skips=50 d_ticks=2 window_ms=1184
[nav-walk] here=WorldTile { x: 3277, z: 3175, level: 0 } aim=WorldTile { x: 3280, z: 3178, level: 0 } radius=2 ticks_waited=5 sent_tile=Some(WorldTile { x: 3269, z: 3164, level: 0 })
[nav-follow] here=WorldTile { x: 3277, z: 3175, level: 0 } walk=true transport=false leg=0 hops=1 outcome=None
[nav-walk] here=WorldTile { x: 3279, z: 3177, level: 0 } aim=WorldTile { x: 3280, z: 3178, level: 0 } radius=2 ticks_waited=6 sent_tile=Some(WorldTile { x: 3269, z: 3164, level: 0 })
[nav-follow] here=WorldTile { x: 3279, z: 3177, level: 0 } walk=true transport=false leg=0 hops=2 outcome=None
[host] hitch live4dullf_0: observe_us=16863 paints=0 skips=1794 ticks=97
[host] slot live4dullf_0: d_loop_us=1096 d_raster_us=0 d_observe_us=69460 max_observe_us=16863 d_paints=0 d_skips=50 d_ticks=2 window_ms=1160
[nav-walk] here=WorldTile { x: 3279, z: 3179, level: 0 } aim=WorldTile { x: 3274, z: 3188, level: 0 } radius=0 ticks_waited=0 sent_tile=Some(WorldTile { x: 3279, z: 3177, level: 0 })
[nav-follow] here=WorldTile { x: 3279, z: 3179, level: 0 } walk=true transport=false leg=0 hops=2 outcome=None
[nav-walk] here=WorldTile { x: 3279, z: 3181, level: 0 } aim=WorldTile { x: 3274, z: 3188, level: 0 } radius=0 ticks_waited=1 sent_tile=Some(WorldTile { x: 3279, z: 3177, level: 0 })
[nav-follow] here=WorldTile { x: 3279, z: 3181, level: 0 } walk=true transport=false leg=0 hops=2 outcome=None
[host] slot live4dullf_0: d_loop_us=1144 d_raster_us=0 d_observe_us=59612 max_observe_us=13678 d_paints=0 d_skips=50 d_ticks=2 window_ms=1187
[nav-walk] here=WorldTile { x: 3280, z: 3183, level: 0 } aim=WorldTile { x: 3274, z: 3188, level: 0 } radius=0 ticks_waited=2 sent_tile=Some(WorldTile { x: 3279, z: 3177, level: 0 })
[nav-follow] here=WorldTile { x: 3280, z: 3183, level: 0 } walk=true transport=false leg=0 hops=2 outcome=None
[nav-walk] here=WorldTile { x: 3280, z: 3185, level: 0 } aim=WorldTile { x: 3274, z: 3188, level: 0 } radius=0 ticks_waited=3 sent_tile=Some(WorldTile { x: 3279, z: 3177, level: 0 })
[nav-follow] here=WorldTile { x: 3280, z: 3185, level: 0 } walk=true transport=false leg=0 hops=2 outcome=None
[host] hitch live4dullf_0: observe_us=16016 paints=0 skips=1895 ticks=101
[host] slot live4dullf_0: d_loop_us=1068 d_raster_us=0 d_observe_us=74524 max_observe_us=16016 d_paints=0 d_skips=50 d_ticks=2 window_ms=1181
[nav-walk] here=WorldTile { x: 3278, z: 3185, level: 0 } aim=WorldTile { x: 3274, z: 3188, level: 0 } radius=0 ticks_waited=4 sent_tile=Some(WorldTile { x: 3279, z: 3177, level: 0 })
[nav-follow] here=WorldTile { x: 3278, z: 3185, level: 0 } walk=true transport=false leg=0 hops=2 outcome=None
[nav-walk] here=WorldTile { x: 3276, z: 3185, level: 0 } aim=WorldTile { x: 3274, z: 3188, level: 0 } radius=0 ticks_waited=5 sent_tile=Some(WorldTile { x: 3279, z: 3177, level: 0 })
[nav-follow] here=WorldTile { x: 3276, z: 3185, level: 0 } walk=true transport=false leg=0 hops=2 outcome=None
[host] slot live4dullf_0: d_loop_us=1084 d_raster_us=0 d_observe_us=68552 max_observe_us=15065 d_paints=0 d_skips=50 d_ticks=2 window_ms=1184
[nav-walk] here=WorldTile { x: 3275, z: 3187, level: 0 } aim=WorldTile { x: 3274, z: 3188, level: 0 } radius=0 ticks_waited=6 sent_tile=Some(WorldTile { x: 3279, z: 3177, level: 0 })
[nav-follow] here=WorldTile { x: 3275, z: 3187, level: 0 } walk=true transport=false leg=0 hops=2 outcome=None
[nav-walk] here=WorldTile { x: 3274, z: 3188, level: 0 } aim=WorldTile { x: 3274, z: 3188, level: 0 } radius=0 ticks_waited=7 sent_tile=Some(WorldTile { x: 3279, z: 3177, level: 0 })
[nav-follow] here=WorldTile { x: 3274, z: 3188, level: 0 } walk=false transport=false leg=1 hops=2 outcome=Some(Arrived { at: WorldTile { x: 3274, z: 3188, level: 0 } })
[script live4dullf_0] interact Npc { name: "Tanner", action: "Trade", index: Some(225) }
[host] slot live4dullf_0: d_loop_us=1150 d_raster_us=0 d_observe_us=62384 max_observe_us=13969 d_paints=0 d_skips=50 d_ticks=2 window_ms=1179
[host] slot live4dullf_0: d_loop_us=993 d_raster_us=0 d_observe_us=62661 max_observe_us=14176 d_paints=0 d_skips=50 d_ticks=2 window_ms=1174
[host] slot live4dullf_0: d_loop_us=1141 d_raster_us=0 d_observe_us=65064 max_observe_us=14760 d_paints=0 d_skips=50 d_ticks=2 window_ms=1198
[host] slot live4dullf_0: d_loop_us=1200 d_raster_us=0 d_observe_us=55601 max_observe_us=14326 d_paints=0 d_skips=50 d_ticks=2 window_ms=1156
[host] slot live4dullf_0: d_loop_us=1074 d_raster_us=0 d_observe_us=63348 max_observe_us=14905 d_paints=0 d_skips=50 d_ticks=2 window_ms=1199
[script live4dullf_0] tanner interface did not open — retrying
[host] slot live4dullf_0: d_loop_us=901 d_raster_us=0 d_observe_us=59342 max_observe_us=12394 d_paints=0 d_skips=50 d_ticks=1 window_ms=1159
[script live4dullf_0] interact WalkNear { x: 3269, z: 3167, level: 0, radius: 3, allow_teleports: false }
[host] slot live4dullf_0: d_loop_us=935 d_raster_us=0 d_observe_us=63833 max_observe_us=14862 d_paints=0 d_skips=50 d_ticks=2 window_ms=1161
[nav-follow] here=WorldTile { x: 3276, z: 3193, level: 0 } walk=true transport=false leg=0 hops=1 outcome=None
[nav-walk] here=WorldTile { x: 3277, z: 3192, level: 0 } aim=WorldTile { x: 3282, z: 3181, level: 0 } radius=2 ticks_waited=0 sent_tile=Some(WorldTile { x: 3276, z: 3193, level: 0 })
[nav-follow] here=WorldTile { x: 3277, z: 3192, level: 0 } walk=true transport=false leg=0 hops=1 outcome=None
[host] slot live4dullf_0: d_loop_us=831 d_raster_us=0 d_observe_us=62796 max_observe_us=13650 d_paints=0 d_skips=50 d_ticks=2 window_ms=1179
[nav-walk] here=WorldTile { x: 3278, z: 3191, level: 0 } aim=WorldTile { x: 3282, z: 3181, level: 0 } radius=2 ticks_waited=1 sent_tile=Some(WorldTile { x: 3276, z: 3193, level: 0 })
[nav-follow] here=WorldTile { x: 3278, z: 3191, level: 0 } walk=true transport=false leg=0 hops=1 outcome=None
[nav-walk] here=WorldTile { x: 3279, z: 3190, level: 0 } aim=WorldTile { x: 3282, z: 3181, level: 0 } radius=2 ticks_waited=2 sent_tile=Some(WorldTile { x: 3276, z: 3193, level: 0 })
[nav-follow] here=WorldTile { x: 3279, z: 3190, level: 0 } walk=true transport=false leg=0 hops=1 outcome=None
[host] slot live4dullf_0: d_loop_us=898 d_raster_us=0 d_observe_us=60522 max_observe_us=14484 d_paints=0 d_skips=50 d_ticks=2 window_ms=1188
[nav-walk] here=WorldTile { x: 3280, z: 3188, level: 0 } aim=WorldTile { x: 3282, z: 3181, level: 0 } radius=2 ticks_waited=3 sent_tile=Some(WorldTile { x: 3276, z: 3193, level: 0 })
[nav-follow] here=WorldTile { x: 3280, z: 3188, level: 0 } walk=true transport=false leg=0 hops=1 outcome=None
[nav-walk] here=WorldTile { x: 3280, z: 3186, level: 0 } aim=WorldTile { x: 3282, z: 3181, level: 0 } radius=2 ticks_waited=4 sent_tile=Some(WorldTile { x: 3276, z: 3193, level: 0 })
[nav-follow] here=WorldTile { x: 3280, z: 3186, level: 0 } walk=true transport=false leg=0 hops=1 outcome=None
[host] hitch live4dullf_0: observe_us=17668 paints=0 skips=2429 ticks=122
[host] slot live4dullf_0: d_loop_us=989 d_raster_us=0 d_observe_us=67297 max_observe_us=17668 d_paints=0 d_skips=50 d_ticks=2 window_ms=1193
[nav-walk] here=WorldTile { x: 3280, z: 3184, level: 0 } aim=WorldTile { x: 3282, z: 3181, level: 0 } radius=2 ticks_waited=5 sent_tile=Some(WorldTile { x: 3276, z: 3193, level: 0 })
[nav-follow] here=WorldTile { x: 3280, z: 3184, level: 0 } walk=true transport=false leg=0 hops=1 outcome=None
[nav-walk] here=WorldTile { x: 3281, z: 3182, level: 0 } aim=WorldTile { x: 3282, z: 3181, level: 0 } radius=2 ticks_waited=6 sent_tile=Some(WorldTile { x: 3276, z: 3193, level: 0 })
[nav-follow] here=WorldTile { x: 3281, z: 3182, level: 0 } walk=true transport=false leg=0 hops=2 outcome=None
[host] slot live4dullf_0: d_loop_us=1148 d_raster_us=0 d_observe_us=67059 max_observe_us=15028 d_paints=0 d_skips=50 d_ticks=2 window_ms=1169
[nav-walk] here=WorldTile { x: 3281, z: 3180, level: 0 } aim=WorldTile { x: 3269, z: 3170, level: 0 } radius=0 ticks_waited=0 sent_tile=Some(WorldTile { x: 3281, z: 3182, level: 0 })
[nav-follow] here=WorldTile { x: 3281, z: 3180, level: 0 } walk=true transport=false leg=0 hops=2 outcome=None
[nav-walk] here=WorldTile { x: 3280, z: 3178, level: 0 } aim=WorldTile { x: 3269, z: 3170, level: 0 } radius=0 ticks_waited=1 sent_tile=Some(WorldTile { x: 3281, z: 3182, level: 0 })
[nav-follow] here=WorldTile { x: 3280, z: 3178, level: 0 } walk=true transport=false leg=0 hops=2 outcome=None
[host] slot live4dullf_0: d_loop_us=1048 d_raster_us=0 d_observe_us=64361 max_observe_us=14649 d_paints=0 d_skips=50 d_ticks=2 window_ms=1211
[nav-walk] here=WorldTile { x: 3280, z: 3176, level: 0 } aim=WorldTile { x: 3269, z: 3170, level: 0 } radius=0 ticks_waited=2 sent_tile=Some(WorldTile { x: 3281, z: 3182, level: 0 })
[nav-follow] here=WorldTile { x: 3280, z: 3176, level: 0 } walk=true transport=false leg=0 hops=2 outcome=None
[nav-walk] here=WorldTile { x: 3278, z: 3174, level: 0 } aim=WorldTile { x: 3269, z: 3170, level: 0 } radius=0 ticks_waited=3 sent_tile=Some(WorldTile { x: 3281, z: 3182, level: 0 })
[nav-follow] here=WorldTile { x: 3278, z: 3174, level: 0 } walk=true transport=false leg=0 hops=2 outcome=None
[host] hitch live4dullf_0: observe_us=16013 paints=0 skips=2581 ticks=128
[host] slot live4dullf_0: d_loop_us=1289 d_raster_us=0 d_observe_us=73217 max_observe_us=16013 d_paints=0 d_skips=50 d_ticks=2 window_ms=1155
[nav-walk] here=WorldTile { x: 3276, z: 3172, level: 0 } aim=WorldTile { x: 3269, z: 3170, level: 0 } radius=0 ticks_waited=4 sent_tile=Some(WorldTile { x: 3281, z: 3182, level: 0 })
[nav-follow] here=WorldTile { x: 3276, z: 3172, level: 0 } walk=true transport=false leg=0 hops=2 outcome=None
[nav-walk] here=WorldTile { x: 3276, z: 3170, level: 0 } aim=WorldTile { x: 3269, z: 3170, level: 0 } radius=0 ticks_waited=5 sent_tile=Some(WorldTile { x: 3281, z: 3182, level: 0 })
[nav-follow] here=WorldTile { x: 3276, z: 3170, level: 0 } walk=true transport=false leg=0 hops=2 outcome=None
[host] slot live4dullf_0: d_loop_us=1120 d_raster_us=0 d_observe_us=64126 max_observe_us=14145 d_paints=0 d_skips=50 d_ticks=2 window_ms=1155
[nav-walk] here=WorldTile { x: 3274, z: 3168, level: 0 } aim=WorldTile { x: 3269, z: 3170, level: 0 } radius=0 ticks_waited=6 sent_tile=Some(WorldTile { x: 3281, z: 3182, level: 0 })
[nav-follow] here=WorldTile { x: 3274, z: 3168, level: 0 } walk=true transport=false leg=0 hops=2 outcome=None
[nav-walk] here=WorldTile { x: 3273, z: 3167, level: 0 } aim=WorldTile { x: 3269, z: 3170, level: 0 } radius=0 ticks_waited=7 sent_tile=Some(WorldTile { x: 3281, z: 3182, level: 0 })
[nav-follow] here=WorldTile { x: 3273, z: 3167, level: 0 } walk=true transport=false leg=0 hops=2 outcome=None
[host] slot live4dullf_0: d_loop_us=1118 d_raster_us=0 d_observe_us=67413 max_observe_us=15691 d_paints=0 d_skips=50 d_ticks=2 window_ms=1185
[nav-walk] here=WorldTile { x: 3272, z: 3167, level: 0 } aim=WorldTile { x: 3269, z: 3170, level: 0 } radius=0 ticks_waited=8 sent_tile=Some(WorldTile { x: 3281, z: 3182, level: 0 })
[nav-follow] here=WorldTile { x: 3272, z: 3167, level: 0 } walk=true transport=false leg=0 hops=2 outcome=None
[script live4dullf_0] interact WalkNear { x: 3268, z: 3164, level: 0, radius: 1, allow_teleports: false }
[nav-follow] here=WorldTile { x: 3271, z: 3167, level: 0 } walk=true transport=false leg=0 hops=1 outcome=None
[host] hitch live4dullf_0: observe_us=16638 paints=0 skips=2736 ticks=134
[host] slot live4dullf_0: d_loop_us=1130 d_raster_us=0 d_observe_us=71687 max_observe_us=16638 d_paints=0 d_skips=50 d_ticks=2 window_ms=1169
[nav-walk] here=WorldTile { x: 3271, z: 3166, level: 0 } aim=WorldTile { x: 3269, z: 3164, level: 0 } radius=0 ticks_waited=0 sent_tile=Some(WorldTile { x: 3271, z: 3167, level: 0 })
[nav-follow] here=WorldTile { x: 3271, z: 3166, level: 0 } walk=true transport=false leg=0 hops=1 outcome=None
[nav-walk] here=WorldTile { x: 3270, z: 3165, level: 0 } aim=WorldTile { x: 3269, z: 3164, level: 0 } radius=0 ticks_waited=1 sent_tile=Some(WorldTile { x: 3271, z: 3167, level: 0 })
[nav-follow] here=WorldTile { x: 3270, z: 3165, level: 0 } walk=true transport=false leg=0 hops=1 outcome=None
[host] slot live4dullf_0: d_loop_us=1006 d_raster_us=0 d_observe_us=63136 max_observe_us=13817 d_paints=0 d_skips=50 d_ticks=2 window_ms=1167
[nav-walk] here=WorldTile { x: 3269, z: 3164, level: 0 } aim=WorldTile { x: 3269, z: 3164, level: 0 } radius=0 ticks_waited=2 sent_tile=Some(WorldTile { x: 3271, z: 3167, level: 0 })
[nav-follow] here=WorldTile { x: 3269, z: 3164, level: 0 } walk=false transport=false leg=1 hops=1 outcome=Some(Arrived { at: WorldTile { x: 3269, z: 3164, level: 0 } })
[script live4dullf_0] interact OpenBooth { x: 3268, z: 3164, level: 0, id: 2213, name: Some("Bank booth"), action: Some("Use-quickly") }
[host] slot live4dullf_0: d_loop_us=980 d_raster_us=0 d_observe_us=66109 max_observe_us=14548 d_paints=0 d_skips=50 d_ticks=2 window_ms=1163
[script live4dullf_0] interact InvButton { id: 1739, slot: 0, component: 5382, operation: 5, bank_generation: 9 }
[host] slot live4dullf_0: d_loop_us=1025 d_raster_us=0 d_observe_us=63009 max_observe_us=12262 d_paints=0 d_skips=50 d_ticks=2 window_ms=1177
[script live4dullf_0] interact AnswerCount { value: 27 }
[shim-count] 27 sent
[script live4dullf_0] interact CloseModal
[host] slot live4dullf_0: d_loop_us=887 d_raster_us=0 d_observe_us=63568 max_observe_us=12432 d_paints=0 d_skips=50 d_ticks=2 window_ms=1183
[script live4dullf_0] interact WalkNear { x: 3277, z: 3191, level: 0, radius: 3, allow_teleports: false }
[nav-follow] here=WorldTile { x: 3269, z: 3164, level: 0 } walk=true transport=false leg=0 hops=1 outcome=None
[host] slot live4dullf_0: d_loop_us=920 d_raster_us=0 d_observe_us=61150 max_observe_us=12093 d_paints=0 d_skips=50 d_ticks=2 window_ms=1172
[nav-walk] here=WorldTile { x: 3270, z: 3165, level: 0 } aim=WorldTile { x: 3280, z: 3178, level: 0 } radius=2 ticks_waited=0 sent_tile=Some(WorldTile { x: 3269, z: 3164, level: 0 })
[nav-follow] here=WorldTile { x: 3270, z: 3165, level: 0 } walk=true transport=false leg=0 hops=1 outcome=None
[nav-walk] here=WorldTile { x: 3271, z: 3166, level: 0 } aim=WorldTile { x: 3280, z: 3178, level: 0 } radius=2 ticks_waited=1 sent_tile=Some(WorldTile { x: 3269, z: 3164, level: 0 })
[nav-follow] here=WorldTile { x: 3271, z: 3166, level: 0 } walk=true transport=false leg=0 hops=1 outcome=None
[host] slot live4dullf_0: d_loop_us=884 d_raster_us=0 d_observe_us=66005 max_observe_us=14490 d_paints=0 d_skips=50 d_ticks=2 window_ms=1169
[nav-walk] here=WorldTile { x: 3272, z: 3166, level: 0 } aim=WorldTile { x: 3280, z: 3178, level: 0 } radius=2 ticks_waited=2 sent_tile=Some(WorldTile { x: 3269, z: 3164, level: 0 })
[nav-follow] here=WorldTile { x: 3272, z: 3166, level: 0 } walk=true transport=false leg=0 hops=1 outcome=None
[host] hitch live4dullf_0: observe_us=16580 paints=0 skips=3068 ticks=147
[nav-walk] here=WorldTile { x: 3273, z: 3167, level: 0 } aim=WorldTile { x: 3280, z: 3178, level: 0 } radius=2 ticks_waited=3 sent_tile=Some(WorldTile { x: 3269, z: 3164, level: 0 })
[nav-follow] here=WorldTile { x: 3273, z: 3167, level: 0 } walk=true transport=false leg=0 hops=1 outcome=None
[host] slot live4dullf_0: d_loop_us=1010 d_raster_us=0 d_observe_us=73274 max_observe_us=16580 d_paints=0 d_skips=50 d_ticks=2 window_ms=1176
[nav-walk] here=WorldTile { x: 3273, z: 3168, level: 0 } aim=WorldTile { x: 3280, z: 3178, level: 0 } radius=2 ticks_waited=4 sent_tile=Some(WorldTile { x: 3269, z: 3164, level: 0 })
[nav-follow] here=WorldTile { x: 3273, z: 3168, level: 0 } walk=true transport=false leg=0 hops=1 outcome=None
[nav-walk] here=WorldTile { x: 3273, z: 3169, level: 0 } aim=WorldTile { x: 3280, z: 3178, level: 0 } radius=2 ticks_waited=5 sent_tile=Some(WorldTile { x: 3269, z: 3164, level: 0 })
[nav-follow] here=WorldTile { x: 3273, z: 3169, level: 0 } walk=true transport=false leg=0 hops=1 outcome=None
[host] slot live4dullf_0: d_loop_us=1119 d_raster_us=0 d_observe_us=67608 max_observe_us=14715 d_paints=0 d_skips=50 d_ticks=2 window_ms=1141
FAIL: catalog_boundary_live: scenario failed: step 15 (watch cowhides become the selected leather at the Tanner): has_item_id(1741)>=1 not seen within 150 ticks; evidence=Some(Evidence { scenario: "tanner_bot", outcome: "FAIL", predicate: "has_item_id(1741)>=1", ticks: 219, elapsed_ms: 102015, message: Some("step 15 (watch cowhides become the selected leather at the Tanner): has_item_id(1741)>=1 not seen within 150 ticks"), tile: Some([3273, 3169, 0]), inv: [InvRow { id: 995, name: Some("Coins"), count: 2000 }, InvRow { id: 1739, name: Some("Cow hide"), count: 1 }, InvRow { id: 1739, name: Some("Cow hide"), count: 1 }, InvRow { id: 1739, name: Some("Cow hide"), count: 1 }, InvRow { id: 1739, name: Some("Cow hide"), count: 1 }, InvRow { id: 1739, name: Some("Cow hide"), count: 1 }, InvRow { id: 1739, name: Some("Cow hide"), count: 1 }, InvRow { id: 1739, name: Some("Cow hide"), count: 1 }, InvRow { id: 1739, name: Some("Cow hide"), count: 1 }, InvRow { id: 1739, name: Some("Cow hide"), count: 1 }, InvRow { id: 1739, name: Some("Cow hide"), count: 1 }, InvRow { id: 1739, name: Some("Cow hide"), count: 1 }, InvRow { id: 1739, name: Some("Cow hide"), count: 1 }, InvRow { id: 1739, name: Some("Cow hide"), count: 1 }, InvRow { id: 1739, name: Some("Cow hide"), count: 1 }, InvRow { id: 1739, name: Some("Cow hide"), count: 1 }, InvRow { id: 1739, name: Some("Cow hide"), count: 1 }, InvRow { id: 1739, name: Some("Cow hide"), count: 1 }, InvRow { id: 1739, name: Some("Cow hide"), count: 1 }, InvRow { id: 1739, name: Some("Cow hide"), count: 1 }, InvRow { id: 1739, name: Some("Cow hide"), count: 1 }, InvRow { id: 1739, name: Some("Cow hide"), count: 1 }, InvRow { id: 1739, name: Some("Cow hide"), count: 1 }, InvRow { id: 1739, name: Some("Cow hide"), count: 1 }, InvRow { id: 1739, name: Some("Cow hide"), count: 1 }, InvRow { id: 1739, name: Some("Cow hide"), count: 1 }, InvRow { id: 1739, name: Some("Cow hide"), count: 1 }, InvRow { id: 1739, name: Some("Cow hide"), count: 1 }], stat: Some(StatRow { runenergy: 1 }), chat: [ChatRow { text: "Inventory wiped.", username: None }, ChatRow { text: "set tutorial: to 1000", username: None }, ChatRow { text: "Welcome to RuneScape.", username: None }], scene: 2 }); core={"error":"tanner_bot core post-Start delta incomplete","witness":{"case":"tanner_bot","baseline":{"ingame":true,"scene_state":2,"player":"Live4dullf 0","tile":[3269,3166,0],"tick":28,"items":{},"item_ids":{},"bank":{},"bank_ids":{},"bank_open":false,"bank_loaded":false,"bank_generation":2,"levels":{"-unused-":0,"agility":1,"attack":1,"cooking":1,"crafting":1,"defence":1,"firemaking":1,"fishing":1,"fletching":1,"herblore":1,"hitpoints":10,"magic":1,"mining":1,"prayer":1,"ranged":1,"runecraft":1,"slayer":1,"smithing":1,"strength":1,"thieving":1,"woodcutting":1},"xp":{"-unused-":0,"agility":0,"attack":0,"cooking":0,"crafting":0,"defence":0,"firemaking":0,"fishing":0,"fletching":0,"herblore":0,"hitpoints":1154,"magic":0,"mining":0,"prayer":0,"ranged":0,"runecraft":0,"slayer":0,"smithing":0,"strength":0,"thieving":0,"woodcutting":0},"chat":[[7,"Inventory wiped."],[6,"set tutorial: to 1000"],[5,"Welcome to RuneScape."]],"loc_facts":[],"equipment_ids":{},"main_modal":-1,"widget_ids":[3213,3214]},"latest":{"ingame":true,"scene_state":2,"player":"Live4dullf 0","tile":[3273,3169,0],"tick":150,"items":{"Coins":2000,"Cow hide":27},"item_ids":{"995":2000,"1739":27},"bank":{},"bank_ids":{},"bank_open":false,"bank_loaded":false,"bank_generation":10,"levels":{"-unused-":0,"agility":1,"attack":1,"cooking":1,"crafting":1,"defence":1,"firemaking":1,"fishing":1,"fletching":1,"herblore":1,"hitpoints":10,"magic":1,"mining":1,"prayer":1,"ranged":1,"runecraft":1,"slayer":1,"smithing":1,"strength":1,"thieving":1,"woodcutting":1},"xp":{"-unused-":0,"agility":0,"attack":0,"cooking":0,"crafting":0,"defence":0,"firemaking":0,"fishing":0,"fletching":0,"herblore":0,"hitpoints":1154,"magic":0,"mining":0,"prayer":0,"ranged":0,"runecraft":0,"slayer":0,"smithing":0,"strength":0,"thieving":0,"woodcutting":0},"chat":[[7,"Inventory wiped."],[6,"set tutorial: to 1000"],[5,"Welcome to RuneScape."]],"loc_facts":[],"equipment_ids":{},"main_modal":-1,"widget_ids":[3213,3214]},"max_items":{"Coins":2000,"Cow hide":27},"max_xp":{"-unused-":0,"agility":0,"attack":0,"cooking":0,"crafting":0,"defence":0,"firemaking":0,"fishing":0,"fletching":0,"herblore":0,"hitpoints":1154,"magic":0,"mining":0,"prayer":0,"ranged":0,"runecraft":0,"slayer":0,"smithing":0,"strength":0,"thieving":0,"woodcutting":0},"saw_bury_chat":false,"post_start_observations":3068,"bone_bank_cycle":{"first_batch_buried":false,"opened":null,"withdrawn":null,"buried_after_withdrawal":false},"bank_fletcher_cycle":{"first_pack_created":false,"deposited":null,"withdrawn":null,"crafted_after_withdrawal":false},"bank_fletcher_string_cycle":{"initial_pairs_strung":false,"deposited":null,"withdrawn":null,"strung_after_withdrawal":false},"bank_fletcher_cut_string_cycle":{"cut_pair_created":false,"deposited":null,"withdrawn":null,"string_pair_created":false},"alcher_generated_custom_cycle":{"withdrawn":null,"consumed":false},"dart_fletcher_cycle":{"first":null,"further":false,"wrong_tier":false},"herb_cleaner_cycle":{"first_pack":false,"deposited":null,"withdrawn":null,"cleaned_after_withdrawal":false,"filter_violated":false},"gem_cutter_cycle":{"first_pack":false,"deposited":null,"withdrawn":null,"cut_after_withdrawal":false,"filter_violated":false},"door_opener_cycle":{"selected":null,"opened":false},"gnome_course_cycle":{"log":null,"ground_return":null,"pipe":null,"second_lap":false},"flax_picker_cycle":{"first_pack":false,"deposited":null,"returned":false,"further":false},"superheater_cycle":{"first_bars":false,"deposited":null,"withdrawn":null,"produced_after_withdrawal":false,"wrong_product":false,"wrong_staff":false},"chicken_killer_bank_cycle":{"combat_loot":false,"deposited":null,"returned":false,"further":false},"vial_filler_cycle":{"filled":null,"deposited":null,"withdrawn":null,"returned":false,"further":false},"potion_maker_cycle":{"unfinished":null,"finished":null,"deposited":null,"withdrawn":null,"further":false,"wrong_product":false,"filter_violated":false},"tanner_bot_cycle":{"widget":{"ingame":true,"scene_state":2,"player":"Live4dullf 0","tile":[3276,3193,0],"tick":115,"items":{"Coins":2000,"Cow hide":27},"item_ids":{"995":2000,"1739":27},"bank":{},"bank_ids":{},"bank_open":false,"bank_loaded":false,"bank_generation":7,"levels":{"-unused-":0,"agility":1,"attack":1,"cooking":1,"crafting":1,"defence":1,"firemaking":1,"fishing":1,"fletching":1,"herblore":1,"hitpoints":10,"magic":1,"mining":1,"prayer":1,"ranged":1,"runecraft":1,"slayer":1,"smithing":1,"strength":1,"thieving":1,"woodcutting":1},"xp":{"-unused-":0,"agility":0,"attack":0,"cooking":0,"crafting":0,"defence":0,"firemaking":0,"fishing":0,"fletching":0,"herblore":0,"hitpoints":1154,"magic":0,"mining":0,"prayer":0,"ranged":0,"runecraft":0,"slayer":0,"smithing":0,"strength":0,"thieving":0,"woodcutting":0},"chat":[[7,"Inventory wiped."],[6,"set tutorial: to 1000"],[5,"Welcome to RuneScape."]],"loc_facts":[{"id":1531,"x":3278,"z":3191,"level":0,"name":"Door","open":false},{"id":1531,"x":3279,"z":3185,"level":0,"name":"Door","open":false}],"equipment_ids":{},"main_modal":679,"widget_ids":[679,680,681,683,684,685,686,687,688,689,690,691,692,693,694,695,696,697,698,699,700,701,702,703,704,705,706,707,708,709,710,711,712,713,714,715,3213,3214,7377,7384,7385,7386,7387,7388,7389,7390,7391,7392,7393,7394,7395,7396,7397,7398,7399,7400,7401,7402,7403,7404,7405,7406,7407,7408,7409,7410,7411,7412,7413,7414,7415,7416,7417,7418,7419,7420,7421,7422,7423,7424,7425,7426,7427,7428,7429,7430,7431,7432,7433,7434,7435,7436,7437,7438,7439,7445,8685,8686,8687,8688,8689,8690,8691,8692,8693,8694,8695,8696,8697,8698,8699,8700,8701,8702,8703,8704,8705,8706,8707,8708,8709,8710,8711,8712,8713]},"tanned":null,"deposited":null,"withdrawn":null,"returned":false,"further":false,"wrong_product":false,"shop":false},"rune_crafter_cycle":{"withdrawn":null,"entered":null,"crafted":null,"exited":null,"deposited":null,"restocked":null,"returned":false,"further":false,"wrong_product":false,"noted":false},"ardy_cakes_cycle":{"stolen":null,"deposited":null,"returned":false,"further":false,"wrong_product":false,"noted":false},"ardy_thiever_cycle":{"pickpocketed":null,"deposited":null,"returned":false,"further":false},"ordered_first_exhausted":false}}
