
running 1 test
{"phase":"identity","revision":274,"profile":"local-274 · 127.0.0.1:43594 · revision 274","cache_id":"4aac9b63312dcb75d5de8f686772d083ba0808c57985438246edf21ef522be1c","nav_pack":"/Users/acfrazier/experiments/274bot/.worktrees/rs2b0t-multirevision/.superpowers/world-capabilities/274/274bot.navpack","nav_sha256":"05db24743e9f549ced16c1f00b87c30a390d3aaec391815da3f3563130b3bcd4","catalog_commit":"100adccc037d9f6898080e1cad58fcfc43364775","catalog_identity":"pre-289 frozen catalog","catalog_read_only_path":".superpowers/inputs/rs2b0t-100adccc037d9f6898080e1cad58fcfc43364775","catalog_root":"/Users/acfrazier/experiments/274bot/.worktrees/rs2b0t-multirevision/.superpowers/inputs/rs2b0t-100adccc037d9f6898080e1cad58fcfc43364775","registry_path":"/Users/acfrazier/experiments/274bot/.worktrees/rs2b0t-multirevision/.superpowers/inputs/rs2b0t-100adccc037d9f6898080e1cad58fcfc43364775/src/bot/scripts/index.ts","registry_sha256":"b614aedb3d5adfdfbac3760f082273f3cf5c33fffe4ced0f2b01490ae02d1bc2","card":{"card":"GreenDragon","source_path":"/Users/acfrazier/experiments/274bot/.worktrees/rs2b0t-multirevision/.superpowers/inputs/rs2b0t-100adccc037d9f6898080e1cad58fcfc43364775/src/bot/scripts/GreenDragon/GreenDragon.ts","source_sha256":"46b667c46e82ca8f4d4c7461b93f6be8af05b021bd18126e82784d4264bf1fe9","compiled_sha256":"3e59ec933ba470fe18f74b362011c69d5e5d0ce2b0e95df86ef40b578d82e0de","siblings":[{"module":"/rs2b0t/bot/scripts/bot/GreenDragonLogic.js","compiled_sha256":"87831d0da1ff0844fbd201fb75858ea42ea2bfeef3fe4cb2a02e328bdc84375e"}],"settings":{"combatStyle":"melee","meleeStyle":"strength","useSpecial":false,"weapon":"Rune scimitar","staff":"Staff of fire","spell":"Fire Strike","runesWithdraw":150.0,"shield":"Dragonfire shield","usePotions":false,"foodWithdraw":20.0,"panicHp":30.0,"foodReserve":4.0,"solveClues":false,"escape":"Flee to bank","buryBones":false,"bankCommonJunk":true,"logDetail":"Normal"}},"account":"livebgwu7b_0","engine_speed_ms":null}
[host-play] slot livebgwu7b_0: thread up
274bot: loaded snapshot (4556 models, 336 anim records)
[host-play] slot livebgwu7b_0: handshake begin reconnect=false
[host-play] slot livebgwu7b_0: handshake ok
[host-play] slot livebgwu7b_0: queued mainland tele+setvar (scene 2)
[host] slot livebgwu7b_0: d_loop_us=13379 d_raster_us=0 d_observe_us=55474 max_observe_us=5297 d_paints=0 d_skips=50 d_ticks=5 window_ms=0
[host-play] slot livebgwu7b_0: handshake begin reconnect=true
[host-play] slot livebgwu7b_0: handshake ok
[host] slot livebgwu7b_0: d_loop_us=1114 d_raster_us=0 d_observe_us=49358 max_observe_us=5377 d_paints=0 d_skips=50 d_ticks=1 window_ms=0
[host-play] slot livebgwu7b_0: queued mainland tele+setvar (scene 2)
[host] slot livebgwu7b_0: d_loop_us=29736 d_raster_us=0 d_observe_us=136002 max_observe_us=11266 d_paints=0 d_skips=50 d_ticks=22 window_ms=13127
{"phase":"baseline-after-preparation","scenario":"green_dragon","account":"livebgwu7b_0","observation":{"ingame":true,"scene_state":2,"player":"Livebgwu7b 0","tile":[3096,3814,0],"combat_level":36,"tick":25,"items":{"Lobster":12,"Rune scimitar":1},"item_ids":{"379":12,"1333":1},"bank":{},"bank_ids":{},"bank_open":false,"bank_loaded":false,"bank_generation":0,"levels":{"-unused-":0,"agility":1,"attack":40,"cooking":1,"crafting":1,"defence":1,"firemaking":1,"fishing":1,"fletching":1,"herblore":1,"hitpoints":40,"magic":1,"mining":1,"prayer":1,"ranged":1,"runecraft":1,"slayer":1,"smithing":1,"strength":40,"thieving":1,"woodcutting":1},"effective_levels":{"-unused-":0,"agility":1,"attack":40,"cooking":1,"crafting":1,"defence":1,"firemaking":1,"fishing":1,"fletching":1,"herblore":1,"hitpoints":37,"magic":1,"mining":1,"prayer":1,"ranged":1,"runecraft":1,"slayer":1,"smithing":1,"strength":40,"thieving":1,"woodcutting":1},"xp":{"-unused-":0,"agility":0,"attack":37224,"cooking":0,"crafting":0,"defence":0,"firemaking":0,"fishing":0,"fletching":0,"herblore":0,"hitpoints":37224,"magic":0,"mining":0,"prayer":0,"ranged":0,"runecraft":0,"slayer":0,"smithing":0,"strength":37224,"thieving":0,"woodcutting":0},"varps":{"108":0,"309":0},"chat":[[8,"Your shield absorbs most of the dragon fire!"],[7,"Inventory wiped."],[6,"set tutorial: to 1000"],[5,"Welcome to RuneScape."]],"loc_facts":[],"npc_facts":[{"index":4507,"name":"Green dragon","health":75,"total_health":75,"animation":84,"in_combat":true,"targeting_local":true,"tile":[3092,3810,0],"distance":4}],"ground_loot":[],"local_in_combat":true,"local_target_npc":4507,"local_health":37,"local_animation":422,"equipment_ids":{"1540":1},"main_modal":-1,"widget_ids":[193,194,195,196,3213,3214]}}
[script livebgwu7b_0] start load
{"phase":"start","account":"livebgwu7b_0","count":1}
[host] hitch livebgwu7b_0: observe_us=89727 paints=0 skips=105 ticks=25
[host] hitch livebgwu7b_0: observe_us=17286 paints=0 skips=129 ticks=27
[script livebgwu7b_0] GreenDragon — style melee w/ Rune scimitar + Dragonfire shield, food 'Lobster' (reserve 4), escape 'flee to bank', clues off, potions off, field (3096, 3814, 0), bank (3094, 3493, 0)
[host] slot livebgwu7b_0: d_loop_us=1890 d_raster_us=0 d_observe_us=181037 max_observe_us=89727 d_paints=0 d_skips=50 d_ticks=4 window_ms=2907
[host] hitch livebgwu7b_0: observe_us=16594 paints=0 skips=154 ticks=28
[host] hitch livebgwu7b_0: observe_us=16262 paints=0 skips=180 ticks=29
[host] slot livebgwu7b_0: d_loop_us=1735 d_raster_us=0 d_observe_us=108424 max_observe_us=16594 d_paints=0 d_skips=50 d_ticks=2 window_ms=1179
[host] slot livebgwu7b_0: d_loop_us=1615 d_raster_us=0 d_observe_us=81159 max_observe_us=14103 d_paints=0 d_skips=50 d_ticks=2 window_ms=1186
[host] hitch livebgwu7b_0: observe_us=17091 paints=0 skips=281 ticks=33
[host] slot livebgwu7b_0: d_loop_us=1475 d_raster_us=0 d_observe_us=97045 max_observe_us=17091 d_paints=0 d_skips=50 d_ticks=2 window_ms=1184
[host] hitch livebgwu7b_0: observe_us=16271 paints=0 skips=306 ticks=34
[host] hitch livebgwu7b_0: observe_us=16200 paints=0 skips=331 ticks=35
[host] slot livebgwu7b_0: d_loop_us=1793 d_raster_us=0 d_observe_us=105037 max_observe_us=16271 d_paints=0 d_skips=50 d_ticks=2 window_ms=1204
[host] hitch livebgwu7b_0: observe_us=16754 paints=0 skips=356 ticks=36
[host] hitch livebgwu7b_0: observe_us=16799 paints=0 skips=381 ticks=37
[host] slot livebgwu7b_0: d_loop_us=1744 d_raster_us=0 d_observe_us=97674 max_observe_us=16799 d_paints=0 d_skips=50 d_ticks=2 window_ms=1199
[host] slot livebgwu7b_0: d_loop_us=1644 d_raster_us=0 d_observe_us=88150 max_observe_us=14215 d_paints=0 d_skips=50 d_ticks=2 window_ms=1180
[host] hitch livebgwu7b_0: observe_us=16410 paints=0 skips=457 ticks=40
[host] slot livebgwu7b_0: d_loop_us=1655 d_raster_us=0 d_observe_us=109481 max_observe_us=16410 d_paints=0 d_skips=50 d_ticks=2 window_ms=1182
[host] hitch livebgwu7b_0: observe_us=17081 paints=0 skips=533 ticks=43
[host] slot livebgwu7b_0: d_loop_us=1568 d_raster_us=0 d_observe_us=93963 max_observe_us=17081 d_paints=0 d_skips=50 d_ticks=2 window_ms=1192
[host] slot livebgwu7b_0: d_loop_us=1725 d_raster_us=0 d_observe_us=80529 max_observe_us=11562 d_paints=0 d_skips=50 d_ticks=2 window_ms=1212
[host] hitch livebgwu7b_0: observe_us=17558 paints=0 skips=607 ticks=46
[host] slot livebgwu7b_0: d_loop_us=1642 d_raster_us=0 d_observe_us=100172 max_observe_us=17558 d_paints=0 d_skips=50 d_ticks=2 window_ms=1185
[host] hitch livebgwu7b_0: observe_us=17820 paints=0 skips=658 ticks=48
[host] slot livebgwu7b_0: d_loop_us=1782 d_raster_us=0 d_observe_us=104854 max_observe_us=17820 d_paints=0 d_skips=50 d_ticks=2 window_ms=1180
[host] hitch livebgwu7b_0: observe_us=16085 paints=0 skips=709 ticks=50
[host] slot livebgwu7b_0: d_loop_us=1844 d_raster_us=0 d_observe_us=88832 max_observe_us=16085 d_paints=0 d_skips=50 d_ticks=2 window_ms=1208
[host] hitch livebgwu7b_0: observe_us=16831 paints=0 skips=784 ticks=53
[host] slot livebgwu7b_0: d_loop_us=1768 d_raster_us=0 d_observe_us=95221 max_observe_us=16831 d_paints=0 d_skips=50 d_ticks=2 window_ms=1182
[host] hitch livebgwu7b_0: observe_us=16918 paints=0 skips=809 ticks=54
[host] hitch livebgwu7b_0: observe_us=17197 paints=0 skips=835 ticks=55
[host] slot livebgwu7b_0: d_loop_us=1962 d_raster_us=0 d_observe_us=103352 max_observe_us=17197 d_paints=0 d_skips=50 d_ticks=2 window_ms=1177
[host] hitch livebgwu7b_0: observe_us=18074 paints=0 skips=860 ticks=56
[host] hitch livebgwu7b_0: observe_us=17024 paints=0 skips=885 ticks=57
[host] slot livebgwu7b_0: d_loop_us=1857 d_raster_us=0 d_observe_us=110555 max_observe_us=18074 d_paints=0 d_skips=50 d_ticks=2 window_ms=1204
[host] slot livebgwu7b_0: d_loop_us=1687 d_raster_us=0 d_observe_us=86156 max_observe_us=14882 d_paints=0 d_skips=50 d_ticks=2 window_ms=1202
[host] hitch livebgwu7b_0: observe_us=16919 paints=0 skips=960 ticks=60
[host] hitch livebgwu7b_0: observe_us=16675 paints=0 skips=985 ticks=61
[host] slot livebgwu7b_0: d_loop_us=1786 d_raster_us=0 d_observe_us=106782 max_observe_us=16919 d_paints=0 d_skips=50 d_ticks=2 window_ms=1184
[host] hitch livebgwu7b_0: observe_us=16592 paints=0 skips=1010 ticks=62
[host] hitch livebgwu7b_0: observe_us=17330 paints=0 skips=1037 ticks=63
[host] slot livebgwu7b_0: d_loop_us=1798 d_raster_us=0 d_observe_us=111644 max_observe_us=17330 d_paints=0 d_skips=50 d_ticks=2 window_ms=1175
[host] slot livebgwu7b_0: d_loop_us=1816 d_raster_us=0 d_observe_us=81693 max_observe_us=11758 d_paints=0 d_skips=50 d_ticks=2 window_ms=1199
[host] hitch livebgwu7b_0: observe_us=17629 paints=0 skips=1112 ticks=66
[host] hitch livebgwu7b_0: observe_us=16411 paints=0 skips=1137 ticks=67
[host] slot livebgwu7b_0: d_loop_us=1704 d_raster_us=0 d_observe_us=108676 max_observe_us=17629 d_paints=0 d_skips=50 d_ticks=2 window_ms=1185
[host] slot livebgwu7b_0: d_loop_us=1404 d_raster_us=0 d_observe_us=82840 max_observe_us=15836 d_paints=0 d_skips=50 d_ticks=2 window_ms=1168
[host] hitch livebgwu7b_0: observe_us=17561 paints=0 skips=1213 ticks=70
[host] slot livebgwu7b_0: d_loop_us=1488 d_raster_us=0 d_observe_us=77888 max_observe_us=17561 d_paints=0 d_skips=50 d_ticks=2 window_ms=1201
[host] slot livebgwu7b_0: d_loop_us=7786 d_raster_us=0 d_observe_us=143605 max_observe_us=7257 d_paints=0 d_skips=50 d_ticks=3 window_ms=1522
[host] hitch livebgwu7b_0: observe_us=23913 paints=0 skips=1301 ticks=75
test catalog_boundary_live has been running for over 60 seconds
[host] slot livebgwu7b_0: d_loop_us=12225 d_raster_us=0 d_observe_us=105041 max_observe_us=23913 d_paints=0 d_skips=50 d_ticks=4 window_ms=2917
[host] slot livebgwu7b_0: d_loop_us=1830 d_raster_us=0 d_observe_us=82154 max_observe_us=14470 d_paints=0 d_skips=50 d_ticks=2 window_ms=1193
[host] hitch livebgwu7b_0: observe_us=16353 paints=0 skips=1429 ticks=82
[host] slot livebgwu7b_0: d_loop_us=1808 d_raster_us=0 d_observe_us=90140 max_observe_us=16353 d_paints=0 d_skips=50 d_ticks=2 window_ms=1184
[host] slot livebgwu7b_0: d_loop_us=1750 d_raster_us=0 d_observe_us=79881 max_observe_us=14299 d_paints=0 d_skips=50 d_ticks=2 window_ms=1198
[host] slot livebgwu7b_0: d_loop_us=1902 d_raster_us=0 d_observe_us=92171 max_observe_us=15029 d_paints=0 d_skips=50 d_ticks=2 window_ms=1193
[host] slot livebgwu7b_0: d_loop_us=1988 d_raster_us=0 d_observe_us=88623 max_observe_us=13715 d_paints=0 d_skips=50 d_ticks=2 window_ms=1176
[host] hitch livebgwu7b_0: observe_us=16014 paints=0 skips=1606 ticks=89
[host] slot livebgwu7b_0: d_loop_us=2058 d_raster_us=0 d_observe_us=94195 max_observe_us=16014 d_paints=0 d_skips=50 d_ticks=2 window_ms=1185
[host] slot livebgwu7b_0: d_loop_us=2065 d_raster_us=0 d_observe_us=82831 max_observe_us=13593 d_paints=0 d_skips=50 d_ticks=2 window_ms=1200
[host] slot livebgwu7b_0: d_loop_us=1946 d_raster_us=0 d_observe_us=86993 max_observe_us=14928 d_paints=0 d_skips=50 d_ticks=2 window_ms=1185
[host] slot livebgwu7b_0: d_loop_us=1795 d_raster_us=0 d_observe_us=90243 max_observe_us=14530 d_paints=0 d_skips=50 d_ticks=2 window_ms=1200
[host] slot livebgwu7b_0: d_loop_us=1802 d_raster_us=0 d_observe_us=81847 max_observe_us=15527 d_paints=0 d_skips=50 d_ticks=2 window_ms=1190
[host] slot livebgwu7b_0: d_loop_us=1961 d_raster_us=0 d_observe_us=86218 max_observe_us=13661 d_paints=0 d_skips=50 d_ticks=2 window_ms=1181
[host] hitch livebgwu7b_0: observe_us=16815 paints=0 skips=1908 ticks=101
[host] slot livebgwu7b_0: d_loop_us=2065 d_raster_us=0 d_observe_us=96259 max_observe_us=16815 d_paints=0 d_skips=50 d_ticks=2 window_ms=1190
[host] slot livebgwu7b_0: d_loop_us=1915 d_raster_us=0 d_observe_us=86507 max_observe_us=15687 d_paints=0 d_skips=50 d_ticks=2 window_ms=1182
[host] slot livebgwu7b_0: d_loop_us=1833 d_raster_us=0 d_observe_us=83333 max_observe_us=14447 d_paints=0 d_skips=50 d_ticks=2 window_ms=1195
[host] hitch livebgwu7b_0: observe_us=16575 paints=0 skips=2084 ticks=108
[host] slot livebgwu7b_0: d_loop_us=1901 d_raster_us=0 d_observe_us=93973 max_observe_us=16575 d_paints=0 d_skips=50 d_ticks=2 window_ms=1202
[host] hitch livebgwu7b_0: observe_us=16649 paints=0 skips=2135 ticks=110
[host] slot livebgwu7b_0: d_loop_us=1939 d_raster_us=0 d_observe_us=101343 max_observe_us=16649 d_paints=0 d_skips=50 d_ticks=2 window_ms=1179
[host] slot livebgwu7b_0: d_loop_us=2069 d_raster_us=0 d_observe_us=85814 max_observe_us=13580 d_paints=0 d_skips=50 d_ticks=2 window_ms=1214
[host] slot livebgwu7b_0: d_loop_us=2120 d_raster_us=0 d_observe_us=89564 max_observe_us=15220 d_paints=0 d_skips=50 d_ticks=2 window_ms=1177
[host] hitch livebgwu7b_0: observe_us=17825 paints=0 skips=2260 ticks=115
[host] hitch livebgwu7b_0: observe_us=16685 paints=0 skips=2286 ticks=116
[host] slot livebgwu7b_0: d_loop_us=2143 d_raster_us=0 d_observe_us=104995 max_observe_us=17825 d_paints=0 d_skips=50 d_ticks=2 window_ms=1166
[host] hitch livebgwu7b_0: observe_us=16709 paints=0 skips=2312 ticks=117
[host] slot livebgwu7b_0: d_loop_us=1952 d_raster_us=0 d_observe_us=91401 max_observe_us=16709 d_paints=0 d_skips=50 d_ticks=2 window_ms=1194
[host] slot livebgwu7b_0: d_loop_us=1922 d_raster_us=0 d_observe_us=73511 max_observe_us=11292 d_paints=0 d_skips=50 d_ticks=2 window_ms=1190
[host] slot livebgwu7b_0: d_loop_us=2028 d_raster_us=0 d_observe_us=88799 max_observe_us=15214 d_paints=0 d_skips=50 d_ticks=2 window_ms=1181
[host] slot livebgwu7b_0: d_loop_us=2160 d_raster_us=0 d_observe_us=96959 max_observe_us=15208 d_paints=0 d_skips=50 d_ticks=2 window_ms=1166
[host] slot livebgwu7b_0: d_loop_us=1669 d_raster_us=0 d_observe_us=79442 max_observe_us=13294 d_paints=0 d_skips=50 d_ticks=2 window_ms=1181
[host] hitch livebgwu7b_0: observe_us=16115 paints=0 skips=2565 ticks=127
[host] hitch livebgwu7b_0: observe_us=18219 paints=0 skips=2590 ticks=128
[host] slot livebgwu7b_0: d_loop_us=1851 d_raster_us=0 d_observe_us=96322 max_observe_us=18219 d_paints=0 d_skips=50 d_ticks=2 window_ms=1199
[host] hitch livebgwu7b_0: observe_us=17814 paints=0 skips=2615 ticks=129
[host] hitch livebgwu7b_0: observe_us=16701 paints=0 skips=2641 ticks=130
[host] slot livebgwu7b_0: d_loop_us=1948 d_raster_us=0 d_observe_us=99763 max_observe_us=17814 d_paints=0 d_skips=50 d_ticks=2 window_ms=1186
[host] slot livebgwu7b_0: d_loop_us=1911 d_raster_us=0 d_observe_us=91193 max_observe_us=14947 d_paints=0 d_skips=50 d_ticks=2 window_ms=1197
[host] slot livebgwu7b_0: d_loop_us=1867 d_raster_us=0 d_observe_us=89159 max_observe_us=15869 d_paints=0 d_skips=50 d_ticks=2 window_ms=1182
[host] slot livebgwu7b_0: d_loop_us=1638 d_raster_us=0 d_observe_us=75830 max_observe_us=13617 d_paints=0 d_skips=50 d_ticks=2 window_ms=1206
[host] slot livebgwu7b_0: d_loop_us=1934 d_raster_us=0 d_observe_us=86468 max_observe_us=13527 d_paints=0 d_skips=50 d_ticks=2 window_ms=1184
[host] hitch livebgwu7b_0: observe_us=16169 paints=0 skips=2867 ticks=139
[host] hitch livebgwu7b_0: observe_us=16944 paints=0 skips=2892 ticks=140
[host] slot livebgwu7b_0: d_loop_us=2511 d_raster_us=0 d_observe_us=112660 max_observe_us=16944 d_paints=0 d_skips=50 d_ticks=2 window_ms=1192
[host] slot livebgwu7b_0: d_loop_us=1844 d_raster_us=0 d_observe_us=86546 max_observe_us=12692 d_paints=0 d_skips=50 d_ticks=2 window_ms=1191
[host] slot livebgwu7b_0: d_loop_us=2361 d_raster_us=0 d_observe_us=91080 max_observe_us=12200 d_paints=0 d_skips=50 d_ticks=2 window_ms=1190
[host] hitch livebgwu7b_0: observe_us=16022 paints=0 skips=3043 ticks=146
[host] slot livebgwu7b_0: d_loop_us=2039 d_raster_us=0 d_observe_us=103692 max_observe_us=16022 d_paints=0 d_skips=50 d_ticks=2 window_ms=1193
[host] hitch livebgwu7b_0: observe_us=16338 paints=0 skips=3068 ticks=147
[host] hitch livebgwu7b_0: observe_us=16553 paints=0 skips=3093 ticks=148
[host] slot livebgwu7b_0: d_loop_us=2211 d_raster_us=0 d_observe_us=112597 max_observe_us=16553 d_paints=0 d_skips=50 d_ticks=2 window_ms=1190
[host] hitch livebgwu7b_0: observe_us=17015 paints=0 skips=3119 ticks=149
FAIL: catalog_boundary_live: scenario failed: step 17 (watch Strength XP from the selected melee style after Start): stat_xp_gain(2)>=1 not seen within 150 ticks; evidence=Some(Evidence { scenario: "green_dragon", outcome: "FAIL", predicate: "stat_xp_gain(2)>=1", ticks: 180, elapsed_ms: 100488, message: Some("step 17 (watch Strength XP from the selected melee style after Start): stat_xp_gain(2)>=1 not seen within 150 ticks"), tile: Some([3222, 3217, 0]), inv: [InvRow { id: 1333, name: Some("Rune scimitar"), count: 1 }, InvRow { id: 379, name: Some("Lobster"), count: 1 }, InvRow { id: 379, name: Some("Lobster"), count: 1 }], stat: Some(StatRow { runenergy: 100 }), chat: [ChatRow { text: "Oh dear you are dead!", username: None }, ChatRow { text: "Your shield absorbs most of the dragon fire!", username: None }, ChatRow { text: "Your shield absorbs most of the dragon fire!", username: None }, ChatRow { text: "Your shield absorbs most of the dragon fire!", username: None }, ChatRow { text: "Your shield absorbs most of the dragon fire!", username: None }, ChatRow { text: "Your shield absorbs most of the dragon fire!", username: None }, ChatRow { text: "Your shield absorbs most of the dragon fire!", username: None }, ChatRow { text: "Inventory wiped.", username: None }, ChatRow { text: "set tutorial: to 1000", username: None }, ChatRow { text: "Welcome to RuneScape.", username: None }], scene: 2 }); core={"error":"green_dragon core post-Start delta incomplete","witness":{"case":"green_dragon","baseline":{"ingame":true,"scene_state":2,"player":"Livebgwu7b 0","tile":[3096,3814,0],"combat_level":36,"tick":25,"items":{"Lobster":12,"Rune scimitar":1},"item_ids":{"379":12,"1333":1},"bank":{},"bank_ids":{},"bank_open":false,"bank_loaded":false,"bank_generation":0,"levels":{"-unused-":0,"agility":1,"attack":40,"cooking":1,"crafting":1,"defence":1,"firemaking":1,"fishing":1,"fletching":1,"herblore":1,"hitpoints":40,"magic":1,"mining":1,"prayer":1,"ranged":1,"runecraft":1,"slayer":1,"smithing":1,"strength":40,"thieving":1,"woodcutting":1},"effective_levels":{"-unused-":0,"agility":1,"attack":40,"cooking":1,"crafting":1,"defence":1,"firemaking":1,"fishing":1,"fletching":1,"herblore":1,"hitpoints":37,"magic":1,"mining":1,"prayer":1,"ranged":1,"runecraft":1,"slayer":1,"smithing":1,"strength":40,"thieving":1,"woodcutting":1},"xp":{"-unused-":0,"agility":0,"attack":37224,"cooking":0,"crafting":0,"defence":0,"firemaking":0,"fishing":0,"fletching":0,"herblore":0,"hitpoints":37224,"magic":0,"mining":0,"prayer":0,"ranged":0,"runecraft":0,"slayer":0,"smithing":0,"strength":37224,"thieving":0,"woodcutting":0},"varps":{"108":0,"309":0},"chat":[[8,"Your shield absorbs most of the dragon fire!"],[7,"Inventory wiped."],[6,"set tutorial: to 1000"],[5,"Welcome to RuneScape."]],"loc_facts":[],"npc_facts":[{"index":4507,"name":"Green dragon","health":75,"total_health":75,"animation":84,"in_combat":true,"targeting_local":true,"tile":[3092,3810,0],"distance":4}],"ground_loot":[],"local_in_combat":true,"local_target_npc":4507,"local_health":37,"local_animation":422,"equipment_ids":{"1540":1},"main_modal":-1,"widget_ids":[193,194,195,196,3213,3214]},"latest":{"ingame":true,"scene_state":2,"player":"Livebgwu7b 0","tile":[3222,3217,0],"combat_level":36,"tick":149,"items":{"Lobster":2,"Rune scimitar":1},"item_ids":{"379":2,"1333":1},"bank":{},"bank_ids":{},"bank_open":false,"bank_loaded":false,"bank_generation":0,"levels":{"-unused-":0,"agility":1,"attack":40,"cooking":1,"crafting":1,"defence":1,"firemaking":1,"fishing":1,"fletching":1,"herblore":1,"hitpoints":40,"magic":1,"mining":1,"prayer":1,"ranged":1,"runecraft":1,"slayer":1,"smithing":1,"strength":40,"thieving":1,"woodcutting":1},"effective_levels":{"-unused-":0,"agility":1,"attack":40,"cooking":1,"crafting":1,"defence":1,"firemaking":1,"fishing":1,"fletching":1,"herblore":1,"hitpoints":40,"magic":1,"mining":1,"prayer":1,"ranged":1,"runecraft":1,"slayer":1,"smithing":1,"strength":40,"thieving":1,"woodcutting":1},"xp":{"-unused-":0,"agility":0,"attack":37232,"cooking":0,"crafting":0,"defence":0,"firemaking":0,"fishing":0,"fletching":0,"herblore":0,"hitpoints":37226,"magic":0,"mining":0,"prayer":0,"ranged":0,"runecraft":0,"slayer":0,"smithing":0,"strength":37224,"thieving":0,"woodcutting":0},"varps":{"108":0,"309":0},"chat":[[14,"Oh dear you are dead!"],[13,"Your shield absorbs most of the dragon fire!"],[12,"Your shield absorbs most of the dragon fire!"],[11,"Your shield absorbs most of the dragon fire!"],[10,"Your shield absorbs most of the dragon fire!"],[9,"Your shield absorbs most of the dragon fire!"],[8,"Your shield absorbs most of the dragon fire!"],[7,"Inventory wiped."],[6,"set tutorial: to 1000"],[5,"Welcome to RuneScape."]],"loc_facts":[{"id":1536,"x":3215,"z":3211,"level":0,"name":"Door","open":true},{"id":1536,"x":3215,"z":3225,"level":0,"name":"Door","open":true},{"id":1516,"x":3217,"z":3218,"level":0,"name":"Large door","open":true},{"id":1519,"x":3217,"z":3219,"level":0,"name":"Large door","open":true},{"id":1530,"x":3226,"z":3214,"level":0,"name":"Door","open":true},{"id":1530,"x":3226,"z":3223,"level":0,"name":"Door","open":true}],"npc_facts":[],"ground_loot":[],"local_in_combat":false,"local_target_npc":null,"local_health":0,"local_animation":-1,"equipment_ids":{},"main_modal":-1,"widget_ids":[3213,3214]},"max_items":{"Lobster":12,"Rune scimitar":1},"max_xp":{"-unused-":0,"agility":0,"attack":37232,"cooking":0,"crafting":0,"defence":0,"firemaking":0,"fishing":0,"fletching":0,"herblore":0,"hitpoints":37226,"magic":0,"mining":0,"prayer":0,"ranged":0,"runecraft":0,"slayer":0,"smithing":0,"strength":37224,"thieving":0,"woodcutting":0},"saw_bury_chat":false,"post_start_observations":2998,"bone_bank_cycle":{"first_batch_buried":false,"opened":null,"withdrawn":null,"buried_after_withdrawal":false},"bank_fletcher_cycle":{"first_pack_created":false,"deposited":null,"withdrawn":null,"crafted_after_withdrawal":false},"bank_fletcher_option_cycle":{"first":null,"deposited":null,"restocked":null,"further":false},"bank_fletcher_string_cycle":{"initial_pairs_strung":false,"deposited":null,"withdrawn":null,"strung_after_withdrawal":false},"bank_fletcher_cut_string_cycle":{"cut_pair_created":false,"deposited":null,"withdrawn":null,"string_pair_created":false},"alcher_defaults_cycle":{"withdrawn":null,"consumed":false},"alcher_generated_custom_cycle":{"withdrawn":null,"consumed":false},"dart_fletcher_cycle":{"first":null,"further":false,"wrong_tier":false},"herb_cleaner_cycle":{"first_pack":false,"deposited":null,"withdrawn":null,"cleaned_after_withdrawal":false,"filter_violated":false},"gem_cutter_cycle":{"first_pack":false,"deposited":null,"withdrawn":null,"cut_after_withdrawal":false,"filter_violated":false},"door_opener_cycle":{"selected":null,"opened":false},"gnome_course_cycle":{"log":null,"ground_return":null,"pipe":null,"second_lap":false},"wildy_agility_cycle":{"ridge":null,"pipe":null,"rope":null,"stone":null,"log":null,"rocks":null,"further_pipe":false},"brimhaven_agility_cycle":{"paid":false,"entered":null,"moved":null,"first_tag":false,"ticket":null,"subsequent_work":false},"flax_picker_cycle":{"first_pack":false,"deposited":null,"returned":false,"further":false},"superheater_cycle":{"first_bars":false,"deposited":null,"withdrawn":null,"produced_after_withdrawal":false,"wrong_product":false,"wrong_staff":false},"chicken_killer_bank_cycle":{"combat_loot":false,"deposited":null,"returned":false,"further":false},"vial_filler_cycle":{"filled":null,"deposited":null,"withdrawn":null,"returned":false,"further":false},"potion_maker_cycle":{"unfinished":null,"finished":null,"deposited":null,"withdrawn":null,"further":false,"wrong_product":false,"filter_violated":false},"tanner_bot_cycle":{"widget":null,"tanned":null,"deposited":null,"withdrawn":null,"returned":false,"further":false,"wrong_product":false,"shop":false},"rune_crafter_cycle":{"withdrawn":null,"entered":null,"crafted":null,"exited":null,"deposited":null,"restocked":null,"returned":false,"further":false,"wrong_product":false,"noted":false},"ardy_cakes_cycle":{"stolen":null,"deposited":null,"returned":false,"further":false,"wrong_product":false,"noted":false},"ardy_thiever_cycle":{"pickpocketed":null,"deposited":null,"returned":false,"further":false},"gnome_chop_cycle":{"chopped":null,"deposited":null,"returned":false,"further":false,"wrong_product":false,"noted":false},"gnome_fletch_cycle":{"chopped":null,"fletched":null,"deposited":null,"returned":false,"further":false,"wrong_product":false,"noted":false},"coal_trucks_cycle":{"mined":null,"trucked":null,"further":false,"noted":false,"banked":false,"fixture_changed":false},"station_production_cycle":{"withdrawn":null,"produced":null,"deposited":null,"restocked":null,"returned":false,"further":false,"wrong_product":false,"noted":false},"flax_aio_cycle":{"picked":null,"produced":null,"deposited":null,"returned":false,"further":false,"wrong_product":false,"noted":false},"flax_aio_pick_cycle":{"first_pack":false,"deposited":null,"returned":false,"further":false,"wrong_product":false,"noted":false},"herblore_eggs_cycle":{"taken":false,"deposited":null,"returned":false,"further":false,"wrong_product":false,"noted":false},"herblore_newt_cycle":{"bought":false,"deposited":null,"returned":false,"further":false,"coins_spent":false,"coins_peak":0,"wrong_product":false,"noted":false},"combat_core_cycle":{"engagements":1,"defeats":0,"further_work":false,"style_xp":false,"autocast_armed":false,"mind_rune_consumed":false,"air_runes_consumed":false,"looted":false,"noted":false,"activated":false,"shield_worn":true,"stolen_food":false,"wrong_item":false,"dormant_indexes":[],"dormant_tiles":{},"last":{"4507":{"name":"Green dragon","health":73,"animation":-1,"tile":[3092,3810,0],"engaged":true,"defeated":false}},"currently_engaged":[4507],"previous_ground":[],"facts":[{"kind":"engage","index":4507,"name":"Green dragon","health":75,"animation":84,"loot_id":null,"zero_health":false}]},"ordered_first_exhausted":false}}; diagnostic={"observation":{"ingame":true,"scene_state":2,"player":"Livebgwu7b 0","tile":[3222,3217,0],"combat_level":36,"tick":149,"items":{"Lobster":2,"Rune scimitar":1},"item_ids":{"379":2,"1333":1},"bank":{},"bank_ids":{},"bank_open":false,"bank_loaded":false,"bank_generation":0,"levels":{"-unused-":0,"agility":1,"attack":40,"cooking":1,"crafting":1,"defence":1,"firemaking":1,"fishing":1,"fletching":1,"herblore":1,"hitpoints":40,"magic":1,"mining":1,"prayer":1,"ranged":1,"runecraft":1,"slayer":1,"smithing":1,"strength":40,"thieving":1,"woodcutting":1},"effective_levels":{"-unused-":0,"agility":1,"attack":40,"cooking":1,"crafting":1,"defence":1,"firemaking":1,"fishing":1,"fletching":1,"herblore":1,"hitpoints":40,"magic":1,"mining":1,"prayer":1,"ranged":1,"runecraft":1,"slayer":1,"smithing":1,"strength":40,"thieving":1,"woodcutting":1},"xp":{"-unused-":0,"agility":0,"attack":37232,"cooking":0,"crafting":0,"defence":0,"firemaking":0,"fishing":0,"fletching":0,"herblore":0,"hitpoints":37226,"magic":0,"mining":0,"prayer":0,"ranged":0,"runecraft":0,"slayer":0,"smithing":0,"strength":37224,"thieving":0,"woodcutting":0},"varps":{"108":0,"309":0},"chat":[[14,"Oh dear you are dead!"],[13,"Your shield absorbs most of the dragon fire!"],[12,"Your shield absorbs most of the dragon fire!"],[11,"Your shield absorbs most of the dragon fire!"],[10,"Your shield absorbs most of the dragon fire!"],[9,"Your shield absorbs most of the dragon fire!"],[8,"Your shield absorbs most of the dragon fire!"],[7,"Inventory wiped."],[6,"set tutorial: to 1000"],[5,"Welcome to RuneScape."]],"loc_facts":[{"id":1536,"x":3215,"z":3211,"level":0,"name":"Door","open":true},{"id":1536,"x":3215,"z":3225,"level":0,"name":"Door","open":true},{"id":1516,"x":3217,"z":3218,"level":0,"name":"Large door","open":true},{"id":1519,"x":3217,"z":3219,"level":0,"name":"Large door","open":true},{"id":1530,"x":3226,"z":3214,"level":0,"name":"Door","open":true},{"id":1530,"x":3226,"z":3223,"level":0,"name":"Door","open":true}],"npc_facts":[],"ground_loot":[],"local_in_combat":false,"local_target_npc":null,"local_health":0,"local_animation":-1,"equipment_ids":{},"main_modal":-1,"widget_ids":[3213,3214]},"flax_aio_pick":null}
