
running 1 test
{"phase":"identity","revision":274,"profile":"local-274 · 127.0.0.1:43594 · revision 274","cache_id":"4aac9b63312dcb75d5de8f686772d083ba0808c57985438246edf21ef522be1c","nav_pack":"/Users/acfrazier/experiments/274bot/.worktrees/rs2b0t-multirevision/.superpowers/world-capabilities/274/274bot.navpack","nav_sha256":"05db24743e9f549ced16c1f00b87c30a390d3aaec391815da3f3563130b3bcd4","catalog_commit":"100adccc037d9f6898080e1cad58fcfc43364775","catalog_identity":"pre-289 frozen catalog","catalog_read_only_path":".superpowers/inputs/rs2b0t-100adccc037d9f6898080e1cad58fcfc43364775","catalog_root":"/Users/acfrazier/experiments/274bot/.worktrees/rs2b0t-multirevision/.superpowers/inputs/rs2b0t-100adccc037d9f6898080e1cad58fcfc43364775","registry_path":"/Users/acfrazier/experiments/274bot/.worktrees/rs2b0t-multirevision/.superpowers/inputs/rs2b0t-100adccc037d9f6898080e1cad58fcfc43364775/src/bot/scripts/index.ts","registry_sha256":"b614aedb3d5adfdfbac3760f082273f3cf5c33fffe4ced0f2b01490ae02d1bc2","card":{"card":"ChickenKiller","source_path":"/Users/acfrazier/experiments/274bot/.worktrees/rs2b0t-multirevision/.superpowers/inputs/rs2b0t-100adccc037d9f6898080e1cad58fcfc43364775/src/bot/scripts/ChickenKiller/ChickenKiller.ts","source_sha256":"997caf51e5f409703f4523e74e52f9aa22d388059c36e2810358176b26f9087f","compiled_sha256":"1521855852ae0d0566aa67132be6f4ae2eb24ef45b15406127607733533e4d91","siblings":[],"settings":{"leashRadius":12.0,"fightHpGate":45.0,"restUntilHp":70.0,"targetName":"Chicken","lootMatch":"bones","buryBones":true,"combatStyle":"melee","meleeStyle":"strength","spell":"Wind Strike","runesWithdraw":100.0,"rangeStyle":"rapid","ammo":"Bronze arrow","ammoWithdraw":200.0,"bankStrategy":"Off","bankEveryItems":15.0,"bankEveryMinutes":10.0,"bankCommonJunk":true}},"account":"livewjiyd6_0","engine_speed_ms":null}
[host-play] slot livewjiyd6_0: thread up
274bot: loaded snapshot (4556 models, 336 anim records)
[host-play] slot livewjiyd6_0: handshake begin reconnect=false
[host-play] slot livewjiyd6_0: handshake ok
[host-play] slot livewjiyd6_0: queued mainland tele+setvar (scene 2)
[host] slot livewjiyd6_0: d_loop_us=12254 d_raster_us=0 d_observe_us=37845 max_observe_us=3156 d_paints=0 d_skips=50 d_ticks=4 window_ms=0
[host-play] slot livewjiyd6_0: handshake begin reconnect=true
[host-play] slot livewjiyd6_0: handshake ok
[host] slot livewjiyd6_0: d_loop_us=671 d_raster_us=0 d_observe_us=28000 max_observe_us=1888 d_paints=0 d_skips=50 d_ticks=1 window_ms=0
[host-play] slot livewjiyd6_0: queued mainland tele+setvar (scene 2)
{"phase":"baseline-after-preparation","scenario":"chicken_killer","account":"livewjiyd6_0","observation":{"ingame":true,"scene_state":2,"player":"Livewjiyd6 0","tile":[3235,3295,0],"tick":15,"items":{},"item_ids":{},"bank":{},"bank_ids":{},"bank_open":false,"bank_loaded":false,"bank_generation":0,"levels":{"-unused-":0,"agility":1,"attack":1,"cooking":1,"crafting":1,"defence":1,"firemaking":1,"fishing":1,"fletching":1,"herblore":1,"hitpoints":10,"magic":1,"mining":1,"prayer":1,"ranged":1,"runecraft":1,"slayer":1,"smithing":1,"strength":1,"thieving":1,"woodcutting":1},"xp":{"-unused-":0,"agility":0,"attack":0,"cooking":0,"crafting":0,"defence":0,"firemaking":0,"fishing":0,"fletching":0,"herblore":0,"hitpoints":1154,"magic":0,"mining":0,"prayer":0,"ranged":0,"runecraft":0,"slayer":0,"smithing":0,"strength":0,"thieving":0,"woodcutting":0},"chat":[[6,"set tutorial: to 1000"],[5,"Welcome to RuneScape."]],"loc_facts":[{"id":1530,"x":3230,"z":3291,"level":0,"name":"Door","open":true},{"id":1553,"x":3236,"z":3295,"level":0,"name":"Gate","open":true},{"id":1551,"x":3236,"z":3296,"level":0,"name":"Gate","open":true},{"id":1556,"x":3239,"z":3301,"level":0,"name":"Gate","open":false},{"id":1552,"x":3240,"z":3301,"level":0,"name":"Gate","open":false}]}}
[script livewjiyd6_0] start load
{"phase":"start","account":"livewjiyd6_0","count":1}
[host] hitch livewjiyd6_0: observe_us=92736 paints=0 skips=87 ticks=15
[script livewjiyd6_0] anchored at (3235, 3295, 0), hunting Chicken, leash 12, style melee (strength)
[script livewjiyd6_0] interact IfButton { component_id: 5862 }
[host] slot livewjiyd6_0: d_loop_us=22649 d_raster_us=0 d_observe_us=159898 max_observe_us=92736 d_paints=0 d_skips=50 d_ticks=15 window_ms=9306
[script livewjiyd6_0] combat style set to strength
[script livewjiyd6_0] interact Npc { name: "Chicken", action: "Attack", index: Some(2909) }
[host] slot livewjiyd6_0: d_loop_us=1330 d_raster_us=0 d_observe_us=51811 max_observe_us=3192 d_paints=0 d_skips=50 d_ticks=2 window_ms=1200
[host] slot livewjiyd6_0: d_loop_us=1397 d_raster_us=0 d_observe_us=52621 max_observe_us=2765 d_paints=0 d_skips=50 d_ticks=2 window_ms=1191
[host] slot livewjiyd6_0: d_loop_us=1477 d_raster_us=0 d_observe_us=61652 max_observe_us=5947 d_paints=0 d_skips=50 d_ticks=2 window_ms=1199
[host] slot livewjiyd6_0: d_loop_us=1636 d_raster_us=0 d_observe_us=66420 max_observe_us=5187 d_paints=0 d_skips=50 d_ticks=2 window_ms=1196
[host] slot livewjiyd6_0: d_loop_us=2912 d_raster_us=0 d_observe_us=52265 max_observe_us=2705 d_paints=0 d_skips=50 d_ticks=2 window_ms=1203
[host] slot livewjiyd6_0: d_loop_us=1482 d_raster_us=0 d_observe_us=58466 max_observe_us=4537 d_paints=0 d_skips=50 d_ticks=2 window_ms=1200
[host] slot livewjiyd6_0: d_loop_us=1266 d_raster_us=0 d_observe_us=48069 max_observe_us=2861 d_paints=0 d_skips=50 d_ticks=2 window_ms=1212
[host] slot livewjiyd6_0: d_loop_us=1405 d_raster_us=0 d_observe_us=50658 max_observe_us=2688 d_paints=0 d_skips=50 d_ticks=2 window_ms=1209
[host] slot livewjiyd6_0: d_loop_us=1353 d_raster_us=0 d_observe_us=65138 max_observe_us=6730 d_paints=0 d_skips=50 d_ticks=2 window_ms=1204
[host] slot livewjiyd6_0: d_loop_us=1460 d_raster_us=0 d_observe_us=60604 max_observe_us=4885 d_paints=0 d_skips=50 d_ticks=2 window_ms=1201
[host] slot livewjiyd6_0: d_loop_us=1555 d_raster_us=0 d_observe_us=50263 max_observe_us=3291 d_paints=0 d_skips=50 d_ticks=2 window_ms=1208
[host] slot livewjiyd6_0: d_loop_us=1753 d_raster_us=0 d_observe_us=49730 max_observe_us=3060 d_paints=0 d_skips=50 d_ticks=2 window_ms=1207
[host] slot livewjiyd6_0: d_loop_us=1727 d_raster_us=0 d_observe_us=62671 max_observe_us=4482 d_paints=0 d_skips=50 d_ticks=2 window_ms=1205
[host] slot livewjiyd6_0: d_loop_us=1547 d_raster_us=0 d_observe_us=64535 max_observe_us=4400 d_paints=0 d_skips=50 d_ticks=2 window_ms=1200
[host] slot livewjiyd6_0: d_loop_us=1245 d_raster_us=0 d_observe_us=56876 max_observe_us=4544 d_paints=0 d_skips=50 d_ticks=2 window_ms=1198
[host] slot livewjiyd6_0: d_loop_us=1316 d_raster_us=0 d_observe_us=45067 max_observe_us=3640 d_paints=0 d_skips=50 d_ticks=2 window_ms=1206
[host] slot livewjiyd6_0: d_loop_us=1182 d_raster_us=0 d_observe_us=38744 max_observe_us=2227 d_paints=0 d_skips=50 d_ticks=2 window_ms=1198
[host] slot livewjiyd6_0: d_loop_us=1406 d_raster_us=0 d_observe_us=53092 max_observe_us=4356 d_paints=0 d_skips=50 d_ticks=2 window_ms=1211
[host] slot livewjiyd6_0: d_loop_us=1174 d_raster_us=0 d_observe_us=40438 max_observe_us=1947 d_paints=0 d_skips=50 d_ticks=2 window_ms=1202
[host] slot livewjiyd6_0: d_loop_us=1230 d_raster_us=0 d_observe_us=47482 max_observe_us=4649 d_paints=0 d_skips=50 d_ticks=2 window_ms=1211
[host] slot livewjiyd6_0: d_loop_us=1495 d_raster_us=0 d_observe_us=62525 max_observe_us=4595 d_paints=0 d_skips=50 d_ticks=2 window_ms=1190
[host] slot livewjiyd6_0: d_loop_us=1774 d_raster_us=0 d_observe_us=40661 max_observe_us=2309 d_paints=0 d_skips=50 d_ticks=2 window_ms=1205
[host] slot livewjiyd6_0: d_loop_us=1409 d_raster_us=0 d_observe_us=49873 max_observe_us=3542 d_paints=0 d_skips=50 d_ticks=2 window_ms=1199
[script livewjiyd6_0] Chicken killed
[host] slot livewjiyd6_0: d_loop_us=1443 d_raster_us=0 d_observe_us=58774 max_observe_us=11219 d_paints=0 d_skips=50 d_ticks=2 window_ms=1205
[host] slot livewjiyd6_0: d_loop_us=1488 d_raster_us=0 d_observe_us=73933 max_observe_us=15526 d_paints=0 d_skips=50 d_ticks=2 window_ms=1211
[host] slot livewjiyd6_0: d_loop_us=1548 d_raster_us=0 d_observe_us=49573 max_observe_us=2960 d_paints=0 d_skips=50 d_ticks=2 window_ms=1212
[host] slot livewjiyd6_0: d_loop_us=1437 d_raster_us=0 d_observe_us=50594 max_observe_us=4459 d_paints=0 d_skips=50 d_ticks=2 window_ms=1207
[script livewjiyd6_0] interact Obj { x: 3231, z: 3294, level: 0, name: Some("Bones"), action: "Take" }
[script livewjiyd6_0] looted Bones
[host] slot livewjiyd6_0: d_loop_us=1474 d_raster_us=0 d_observe_us=55166 max_observe_us=7558 d_paints=0 d_skips=50 d_ticks=2 window_ms=1202
[script livewjiyd6_0] interact Held { name: "Bones", action: "Bury" }
[shim-held] Bones Bury slot=1 -> sent
[host] slot livewjiyd6_0: d_loop_us=1551 d_raster_us=0 d_observe_us=44884 max_observe_us=2367 d_paints=0 d_skips=50 d_ticks=2 window_ms=1209
PASS: catalog_boundary_live: {"scenario":"chicken_killer","runner":"Some(Evidence { scenario: \"chicken_killer\", outcome: \"PASS\", predicate: \"stat_xp_gain(2)>=1\", ticks: 49, elapsed_ms: 38695, message: None, tile: Some([3233, 3294, 0]), inv: [], stat: Some(StatRow { runenergy: 100 }), chat: [ChatRow { text: \"set tutorial: to 1000\", username: None }, ChatRow { text: \"Welcome to RuneScape.\", username: None }], scene: 2 })","core":{"case":"chicken_killer","baseline":{"ingame":true,"scene_state":2,"player":"Livewjiyd6 0","tile":[3235,3295,0],"tick":15,"items":{},"item_ids":{},"bank":{},"bank_ids":{},"bank_open":false,"bank_loaded":false,"bank_generation":0,"levels":{"-unused-":0,"agility":1,"attack":1,"cooking":1,"crafting":1,"defence":1,"firemaking":1,"fishing":1,"fletching":1,"herblore":1,"hitpoints":10,"magic":1,"mining":1,"prayer":1,"ranged":1,"runecraft":1,"slayer":1,"smithing":1,"strength":1,"thieving":1,"woodcutting":1},"xp":{"-unused-":0,"agility":0,"attack":0,"cooking":0,"crafting":0,"defence":0,"firemaking":0,"fishing":0,"fletching":0,"herblore":0,"hitpoints":1154,"magic":0,"mining":0,"prayer":0,"ranged":0,"runecraft":0,"slayer":0,"smithing":0,"strength":0,"thieving":0,"woodcutting":0},"chat":[[6,"set tutorial: to 1000"],[5,"Welcome to RuneScape."]],"loc_facts":[{"id":1530,"x":3230,"z":3291,"level":0,"name":"Door","open":true},{"id":1553,"x":3236,"z":3295,"level":0,"name":"Gate","open":true},{"id":1551,"x":3236,"z":3296,"level":0,"name":"Gate","open":true},{"id":1556,"x":3239,"z":3301,"level":0,"name":"Gate","open":false},{"id":1552,"x":3240,"z":3301,"level":0,"name":"Gate","open":false}]},"latest":{"ingame":true,"scene_state":2,"player":"Livewjiyd6 0","tile":[3231,3294,0],"tick":75,"items":{"Feather":5},"item_ids":{"314":5},"bank":{},"bank_ids":{},"bank_open":false,"bank_loaded":false,"bank_generation":0,"levels":{"-unused-":0,"agility":1,"attack":1,"cooking":1,"crafting":1,"defence":1,"firemaking":1,"fishing":1,"fletching":1,"herblore":1,"hitpoints":10,"magic":1,"mining":1,"prayer":1,"ranged":1,"runecraft":1,"slayer":1,"smithing":1,"strength":1,"thieving":1,"woodcutting":1},"xp":{"-unused-":0,"agility":0,"attack":0,"cooking":0,"crafting":0,"defence":0,"firemaking":0,"fishing":0,"fletching":0,"herblore":0,"hitpoints":1157,"magic":0,"mining":0,"prayer":4,"ranged":0,"runecraft":0,"slayer":0,"smithing":0,"strength":12,"thieving":0,"woodcutting":0},"chat":[[8,"You bury the bones."],[7,"You dig a hole in the ground..."],[6,"set tutorial: to 1000"],[5,"Welcome to RuneScape."]],"loc_facts":[{"id":1530,"x":3230,"z":3291,"level":0,"name":"Door","open":true},{"id":1553,"x":3236,"z":3295,"level":0,"name":"Gate","open":true},{"id":1551,"x":3236,"z":3296,"level":0,"name":"Gate","open":true},{"id":1556,"x":3239,"z":3301,"level":0,"name":"Gate","open":false}]},"max_items":{"Bones":1,"Feather":5},"max_xp":{"-unused-":0,"agility":0,"attack":0,"cooking":0,"crafting":0,"defence":0,"firemaking":0,"fishing":0,"fletching":0,"herblore":0,"hitpoints":1157,"magic":0,"mining":0,"prayer":4,"ranged":0,"runecraft":0,"slayer":0,"smithing":0,"strength":12,"thieving":0,"woodcutting":0},"saw_bury_chat":true,"post_start_observations":1469,"bone_bank_cycle":{"first_batch_buried":false,"opened":null,"withdrawn":null,"buried_after_withdrawal":false},"bank_fletcher_cycle":{"first_pack_created":false,"deposited":null,"withdrawn":null,"crafted_after_withdrawal":false},"bank_fletcher_string_cycle":{"initial_pairs_strung":false,"deposited":null,"withdrawn":null,"strung_after_withdrawal":false},"bank_fletcher_cut_string_cycle":{"cut_pair_created":false,"deposited":null,"withdrawn":null,"string_pair_created":false},"alcher_generated_custom_cycle":{"withdrawn":null,"consumed":false},"dart_fletcher_cycle":{"first":null,"further":false,"wrong_tier":false},"herb_cleaner_cycle":{"first_pack":false,"deposited":null,"withdrawn":null,"cleaned_after_withdrawal":false,"filter_violated":false},"gem_cutter_cycle":{"first_pack":false,"deposited":null,"withdrawn":null,"cut_after_withdrawal":false,"filter_violated":false},"door_opener_cycle":{"selected":null,"opened":false},"gnome_course_cycle":{"log":null,"ground_return":null,"pipe":null,"second_lap":false},"flax_picker_cycle":{"first_pack":false,"deposited":null,"returned":false,"further":false},"ordered_first_exhausted":false}}
test catalog_boundary_live ... ok

test result: ok. 1 passed; 0 failed; 0 ignored; 0 measured; 19 filtered out; finished in 58.64s

