
running 1 test
{"phase":"identity","revision":274,"profile":"local-274 · 127.0.0.1:43594 · revision 274","cache_id":"4aac9b63312dcb75d5de8f686772d083ba0808c57985438246edf21ef522be1c","nav_pack":"/Users/acfrazier/experiments/274bot/.worktrees/rs2b0t-multirevision/.superpowers/world-capabilities/274/274bot.navpack","nav_sha256":"05db24743e9f549ced16c1f00b87c30a390d3aaec391815da3f3563130b3bcd4","catalog_commit":"8e7d965be2071d6ec65c3265e12af797082d720a","catalog_identity":"289-updated frozen catalog","catalog_read_only_path":".superpowers/inputs/rs2b0t-8e7d965be2071d6ec65c3265e12af797082d720a","catalog_root":"/Users/acfrazier/experiments/274bot/.worktrees/rs2b0t-multirevision/.superpowers/inputs/rs2b0t-8e7d965be2071d6ec65c3265e12af797082d720a","registry_path":"/Users/acfrazier/experiments/274bot/.worktrees/rs2b0t-multirevision/.superpowers/inputs/rs2b0t-8e7d965be2071d6ec65c3265e12af797082d720a/src/bot/scripts/index.ts","registry_sha256":"b614aedb3d5adfdfbac3760f082273f3cf5c33fffe4ced0f2b01490ae02d1bc2","card":{"card":"GemCutter","source_path":"/Users/acfrazier/experiments/274bot/.worktrees/rs2b0t-multirevision/.superpowers/inputs/rs2b0t-8e7d965be2071d6ec65c3265e12af797082d720a/src/bot/scripts/GemCutter/GemCutter.ts","source_sha256":"8f42276e6c2c1f7d64aa71367e0b9a78662f67b4100567ff5295027e2277b6bb","compiled_sha256":"8c88e5ca1cd1e10f27a16baa7729a0176c202d38abb252b56c220caa8c6bb0f5","siblings":[{"module":"/rs2b0t/bot/scripts/bot/GemCutterLogic.js","compiled_sha256":"9b5ef8e13b91fe71f6b2b9a95acdc41d85cdb382a12cf20eda200bacd147e96a"}],"settings":{"gems":["Sapphire"]}},"account":"liveiagp9v_0","engine_speed_ms":null}
[host-play] slot liveiagp9v_0: thread up
274bot: loaded snapshot (4556 models, 336 anim records)
[host-play] slot liveiagp9v_0: handshake begin reconnect=false
[host-play] slot liveiagp9v_0: handshake ok
[host-play] slot liveiagp9v_0: queued mainland tele+setvar (scene 2)
[host] slot liveiagp9v_0: d_loop_us=7589 d_raster_us=0 d_observe_us=31738 max_observe_us=2711 d_paints=0 d_skips=50 d_ticks=5 window_ms=0
[host-play] slot liveiagp9v_0: handshake begin reconnect=true
[host-play] slot liveiagp9v_0: handshake ok
[host] slot liveiagp9v_0: d_loop_us=1144 d_raster_us=0 d_observe_us=47247 max_observe_us=4362 d_paints=0 d_skips=50 d_ticks=1 window_ms=0
[host-play] slot liveiagp9v_0: queued mainland tele+setvar (scene 2)
[host] slot liveiagp9v_0: d_loop_us=31513 d_raster_us=0 d_observe_us=101344 max_observe_us=12314 d_paints=0 d_skips=50 d_ticks=28 window_ms=16714
{"phase":"baseline-after-preparation","scenario":"gem_cutter_named","account":"liveiagp9v_0","observation":{"ingame":true,"scene_state":2,"player":"Liveiagp9v 0","tile":[3185,3440,0],"tick":32,"items":{},"item_ids":{},"bank":{},"bank_ids":{},"bank_open":false,"bank_loaded":false,"bank_generation":2,"levels":{"-unused-":0,"agility":1,"attack":1,"cooking":1,"crafting":20,"defence":1,"firemaking":1,"fishing":1,"fletching":1,"herblore":1,"hitpoints":10,"magic":1,"mining":1,"prayer":1,"ranged":1,"runecraft":1,"slayer":1,"smithing":1,"strength":1,"thieving":1,"woodcutting":1},"xp":{"-unused-":0,"agility":0,"attack":0,"cooking":0,"crafting":4470,"defence":0,"firemaking":0,"fishing":0,"fletching":0,"herblore":0,"hitpoints":1154,"magic":0,"mining":0,"prayer":0,"ranged":0,"runecraft":0,"slayer":0,"smithing":0,"strength":0,"thieving":0,"woodcutting":0},"chat":[[7,"Inventory wiped."],[6,"set tutorial: to 1000"],[5,"Welcome to RuneScape."]]}}
[script liveiagp9v_0] start load
{"phase":"start","account":"liveiagp9v_0","count":1}
[host] hitch liveiagp9v_0: observe_us=79701 paints=0 skips=104 ticks=32
[script liveiagp9v_0] GemCutter — cut Sapphire (Crafting 20)
[script liveiagp9v_0] interact OpenBooth { x: 3186, z: 3440, level: 0, id: 2213, name: None, action: None }
[host] slot liveiagp9v_0: d_loop_us=849 d_raster_us=0 d_observe_us=121882 max_observe_us=79701 d_paints=0 d_skips=50 d_ticks=5 window_ms=3527
[script liveiagp9v_0] bank opened, starting withdraw/deposit cycle
[script liveiagp9v_0] depositing inventory (keeping chisel)
[host] slot liveiagp9v_0: d_loop_us=936 d_raster_us=0 d_observe_us=44744 max_observe_us=5204 d_paints=0 d_skips=50 d_ticks=2 window_ms=1207
[script liveiagp9v_0] withdrawing chisel
[host] slot liveiagp9v_0: d_loop_us=1178 d_raster_us=0 d_observe_us=50595 max_observe_us=5685 d_paints=0 d_skips=50 d_ticks=2 window_ms=1206
[script liveiagp9v_0] got chisel
[script liveiagp9v_0] trying to withdraw 27 Sapphire (have 0)
[host] slot liveiagp9v_0: d_loop_us=1683 d_raster_us=0 d_observe_us=72395 max_observe_us=9034 d_paints=0 d_skips=50 d_ticks=2 window_ms=1201
[script liveiagp9v_0] withdrew 27 Sapphire
[script liveiagp9v_0] got gems, closing bank
[script liveiagp9v_0] interact Close
[shim-close] sent
[script liveiagp9v_0] banked @ Bank booth: gave 0 items, took 27 uncut gems
[host] slot liveiagp9v_0: d_loop_us=1396 d_raster_us=0 d_observe_us=63177 max_observe_us=10960 d_paints=0 d_skips=50 d_ticks=2 window_ms=1192
[script liveiagp9v_0] interact UseOn { name: "Chisel", kind: "inv", target_name: Some("Uncut sapphire"), x: 0, z: 0, level: 0, index: None, source_item_id: Some(1755), source_item_slot: Some(0), target_item_id: Some(1623), target_item_slot: Some(27) }
[script liveiagp9v_0] interact UseOn { name: "Chisel", kind: "inv", target_name: Some("Uncut sapphire"), x: 0, z: 0, level: 0, index: None, source_item_id: Some(1755), source_item_slot: Some(0), target_item_id: Some(1623), target_item_slot: Some(27) }
[script liveiagp9v_0] interact UseOn { name: "Chisel", kind: "inv", target_name: Some("Uncut sapphire"), x: 0, z: 0, level: 0, index: None, source_item_id: Some(1755), source_item_slot: Some(0), target_item_id: Some(1623), target_item_slot: Some(27) }
[script liveiagp9v_0] interact UseOn { name: "Chisel", kind: "inv", target_name: Some("Uncut sapphire"), x: 0, z: 0, level: 0, index: None, source_item_id: Some(1755), source_item_slot: Some(0), target_item_id: Some(1623), target_item_slot: Some(27) }
[script liveiagp9v_0] interact UseOn { name: "Chisel", kind: "inv", target_name: Some("Uncut sapphire"), x: 0, z: 0, level: 0, index: None, source_item_id: Some(1755), source_item_slot: Some(0), target_item_id: Some(1623), target_item_slot: Some(27) }
[script liveiagp9v_0] interact UseOn { name: "Chisel", kind: "inv", target_name: Some("Uncut sapphire"), x: 0, z: 0, level: 0, index: None, source_item_id: Some(1755), source_item_slot: Some(0), target_item_id: Some(1623), target_item_slot: Some(27) }
[script liveiagp9v_0] interact UseOn { name: "Chisel", kind: "inv", target_name: Some("Uncut sapphire"), x: 0, z: 0, level: 0, index: None, source_item_id: Some(1755), source_item_slot: Some(0), target_item_id: Some(1623), target_item_slot: Some(27) }
[script liveiagp9v_0] interact UseOn { name: "Chisel", kind: "inv", target_name: Some("Uncut sapphire"), x: 0, z: 0, level: 0, index: None, source_item_id: Some(1755), source_item_slot: Some(0), target_item_id: Some(1623), target_item_slot: Some(27) }
[script liveiagp9v_0] interact UseOn { name: "Chisel", kind: "inv", target_name: Some("Uncut sapphire"), x: 0, z: 0, level: 0, index: None, source_item_id: Some(1755), source_item_slot: Some(0), target_item_id: Some(1623), target_item_slot: Some(27) }
[script liveiagp9v_0] interact UseOn { name: "Chisel", kind: "inv", target_name: Some("Uncut sapphire"), x: 0, z: 0, level: 0, index: None, source_item_id: Some(1755), source_item_slot: Some(0), target_item_id: Some(1623), target_item_slot: Some(27) }
[script liveiagp9v_0] interact UseOn { name: "Chisel", kind: "inv", target_name: Some("Uncut sapphire"), x: 0, z: 0, level: 0, index: None, source_item_id: Some(1755), source_item_slot: Some(0), target_item_id: Some(1623), target_item_slot: Some(27) }
[script liveiagp9v_0] interact UseOn { name: "Chisel", kind: "inv", target_name: Some("Uncut sapphire"), x: 0, z: 0, level: 0, index: None, source_item_id: Some(1755), source_item_slot: Some(0), target_item_id: Some(1623), target_item_slot: Some(27) }
[script liveiagp9v_0] interact UseOn { name: "Chisel", kind: "inv", target_name: Some("Uncut sapphire"), x: 0, z: 0, level: 0, index: None, source_item_id: Some(1755), source_item_slot: Some(0), target_item_id: Some(1623), target_item_slot: Some(27) }
[script liveiagp9v_0] interact UseOn { name: "Chisel", kind: "inv", target_name: Some("Uncut sapphire"), x: 0, z: 0, level: 0, index: None, source_item_id: Some(1755), source_item_slot: Some(0), target_item_id: Some(1623), target_item_slot: Some(27) }
[script liveiagp9v_0] interact UseOn { name: "Chisel", kind: "inv", target_name: Some("Uncut sapphire"), x: 0, z: 0, level: 0, index: None, source_item_id: Some(1755), source_item_slot: Some(0), target_item_id: Some(1623), target_item_slot: Some(27) }
[script liveiagp9v_0] interact UseOn { name: "Chisel", kind: "inv", target_name: Some("Uncut sapphire"), x: 0, z: 0, level: 0, index: None, source_item_id: Some(1755), source_item_slot: Some(0), target_item_id: Some(1623), target_item_slot: Some(27) }
[script liveiagp9v_0] interact UseOn { name: "Chisel", kind: "inv", target_name: Some("Uncut sapphire"), x: 0, z: 0, level: 0, index: None, source_item_id: Some(1755), source_item_slot: Some(0), target_item_id: Some(1623), target_item_slot: Some(27) }
[script liveiagp9v_0] interact UseOn { name: "Chisel", kind: "inv", target_name: Some("Uncut sapphire"), x: 0, z: 0, level: 0, index: None, source_item_id: Some(1755), source_item_slot: Some(0), target_item_id: Some(1623), target_item_slot: Some(27) }
[script liveiagp9v_0] interact UseOn { name: "Chisel", kind: "inv", target_name: Some("Uncut sapphire"), x: 0, z: 0, level: 0, index: None, source_item_id: Some(1755), source_item_slot: Some(0), target_item_id: Some(1623), target_item_slot: Some(27) }
[script liveiagp9v_0] interact UseOn { name: "Chisel", kind: "inv", target_name: Some("Uncut sapphire"), x: 0, z: 0, level: 0, index: None, source_item_id: Some(1755), source_item_slot: Some(0), target_item_id: Some(1623), target_item_slot: Some(27) }
[script liveiagp9v_0] interact UseOn { name: "Chisel", kind: "inv", target_name: Some("Uncut sapphire"), x: 0, z: 0, level: 0, index: None, source_item_id: Some(1755), source_item_slot: Some(0), target_item_id: Some(1623), target_item_slot: Some(27) }
[script liveiagp9v_0] interact UseOn { name: "Chisel", kind: "inv", target_name: Some("Uncut sapphire"), x: 0, z: 0, level: 0, index: None, source_item_id: Some(1755), source_item_slot: Some(0), target_item_id: Some(1623), target_item_slot: Some(27) }
[script liveiagp9v_0] interact UseOn { name: "Chisel", kind: "inv", target_name: Some("Uncut sapphire"), x: 0, z: 0, level: 0, index: None, source_item_id: Some(1755), source_item_slot: Some(0), target_item_id: Some(1623), target_item_slot: Some(27) }
[script liveiagp9v_0] interact UseOn { name: "Chisel", kind: "inv", target_name: Some("Uncut sapphire"), x: 0, z: 0, level: 0, index: None, source_item_id: Some(1755), source_item_slot: Some(0), target_item_id: Some(1623), target_item_slot: Some(27) }
[script liveiagp9v_0] interact UseOn { name: "Chisel", kind: "inv", target_name: Some("Uncut sapphire"), x: 0, z: 0, level: 0, index: None, source_item_id: Some(1755), source_item_slot: Some(0), target_item_id: Some(1623), target_item_slot: Some(27) }
[script liveiagp9v_0] interact UseOn { name: "Chisel", kind: "inv", target_name: Some("Uncut sapphire"), x: 0, z: 0, level: 0, index: None, source_item_id: Some(1755), source_item_slot: Some(0), target_item_id: Some(1623), target_item_slot: Some(27) }
[script liveiagp9v_0] interact UseOn { name: "Chisel", kind: "inv", target_name: Some("Uncut sapphire"), x: 0, z: 0, level: 0, index: None, source_item_id: Some(1755), source_item_slot: Some(0), target_item_id: Some(1623), target_item_slot: Some(27) }
[script liveiagp9v_0] interact UseOn { name: "Chisel", kind: "inv", target_name: Some("Uncut sapphire"), x: 0, z: 0, level: 0, index: None, source_item_id: Some(1755), source_item_slot: Some(0), target_item_id: Some(1623), target_item_slot: Some(27) }
[script liveiagp9v_0] interact UseOn { name: "Chisel", kind: "inv", target_name: Some("Uncut sapphire"), x: 0, z: 0, level: 0, index: None, source_item_id: Some(1755), source_item_slot: Some(0), target_item_id: Some(1623), target_item_slot: Some(27) }
[script liveiagp9v_0] interact UseOn { name: "Chisel", kind: "inv", target_name: Some("Uncut sapphire"), x: 0, z: 0, level: 0, index: None, source_item_id: Some(1755), source_item_slot: Some(0), target_item_id: Some(1623), target_item_slot: Some(27) }
[script liveiagp9v_0] interact UseOn { name: "Chisel", kind: "inv", target_name: Some("Uncut sapphire"), x: 0, z: 0, level: 0, index: None, source_item_id: Some(1755), source_item_slot: Some(0), target_item_id: Some(1623), target_item_slot: Some(27) }
[script liveiagp9v_0] interact UseOn { name: "Chisel", kind: "inv", target_name: Some("Uncut sapphire"), x: 0, z: 0, level: 0, index: None, source_item_id: Some(1755), source_item_slot: Some(0), target_item_id: Some(1623), target_item_slot: Some(27) }
[script liveiagp9v_0] interact UseOn { name: "Chisel", kind: "inv", target_name: Some("Uncut sapphire"), x: 0, z: 0, level: 0, index: None, source_item_id: Some(1755), source_item_slot: Some(0), target_item_id: Some(1623), target_item_slot: Some(27) }
[script liveiagp9v_0] interact UseOn { name: "Chisel", kind: "inv", target_name: Some("Uncut sapphire"), x: 0, z: 0, level: 0, index: None, source_item_id: Some(1755), source_item_slot: Some(0), target_item_id: Some(1623), target_item_slot: Some(27) }
[script liveiagp9v_0] interact UseOn { name: "Chisel", kind: "inv", target_name: Some("Uncut sapphire"), x: 0, z: 0, level: 0, index: None, source_item_id: Some(1755), source_item_slot: Some(0), target_item_id: Some(1623), target_item_slot: Some(27) }
[script liveiagp9v_0] interact UseOn { name: "Chisel", kind: "inv", target_name: Some("Uncut sapphire"), x: 0, z: 0, level: 0, index: None, source_item_id: Some(1755), source_item_slot: Some(0), target_item_id: Some(1623), target_item_slot: Some(27) }
[script liveiagp9v_0] interact UseOn { name: "Chisel", kind: "inv", target_name: Some("Uncut sapphire"), x: 0, z: 0, level: 0, index: None, source_item_id: Some(1755), source_item_slot: Some(0), target_item_id: Some(1623), target_item_slot: Some(27) }
[script liveiagp9v_0] interact UseOn { name: "Chisel", kind: "inv", target_name: Some("Uncut sapphire"), x: 0, z: 0, level: 0, index: None, source_item_id: Some(1755), source_item_slot: Some(0), target_item_id: Some(1623), target_item_slot: Some(27) }
[script liveiagp9v_0] interact UseOn { name: "Chisel", kind: "inv", target_name: Some("Uncut sapphire"), x: 0, z: 0, level: 0, index: None, source_item_id: Some(1755), source_item_slot: Some(0), target_item_id: Some(1623), target_item_slot: Some(27) }
[script liveiagp9v_0] interact UseOn { name: "Chisel", kind: "inv", target_name: Some("Uncut sapphire"), x: 0, z: 0, level: 0, index: None, source_item_id: Some(1755), source_item_slot: Some(0), target_item_id: Some(1623), target_item_slot: Some(27) }
[script liveiagp9v_0] interact UseOn { name: "Chisel", kind: "inv", target_name: Some("Uncut sapphire"), x: 0, z: 0, level: 0, index: None, source_item_id: Some(1755), source_item_slot: Some(0), target_item_id: Some(1623), target_item_slot: Some(27) }
[script liveiagp9v_0] interact UseOn { name: "Chisel", kind: "inv", target_name: Some("Uncut sapphire"), x: 0, z: 0, level: 0, index: None, source_item_id: Some(1755), source_item_slot: Some(0), target_item_id: Some(1623), target_item_slot: Some(27) }
[script liveiagp9v_0] interact UseOn { name: "Chisel", kind: "inv", target_name: Some("Uncut sapphire"), x: 0, z: 0, level: 0, index: None, source_item_id: Some(1755), source_item_slot: Some(0), target_item_id: Some(1623), target_item_slot: Some(27) }
[script liveiagp9v_0] interact UseOn { name: "Chisel", kind: "inv", target_name: Some("Uncut sapphire"), x: 0, z: 0, level: 0, index: None, source_item_id: Some(1755), source_item_slot: Some(0), target_item_id: Some(1623), target_item_slot: Some(27) }
[script liveiagp9v_0] interact UseOn { name: "Chisel", kind: "inv", target_name: Some("Uncut sapphire"), x: 0, z: 0, level: 0, index: None, source_item_id: Some(1755), source_item_slot: Some(0), target_item_id: Some(1623), target_item_slot: Some(27) }
[script liveiagp9v_0] interact UseOn { name: "Chisel", kind: "inv", target_name: Some("Uncut sapphire"), x: 0, z: 0, level: 0, index: None, source_item_id: Some(1755), source_item_slot: Some(0), target_item_id: Some(1623), target_item_slot: Some(27) }
[script liveiagp9v_0] interact UseOn { name: "Chisel", kind: "inv", target_name: Some("Uncut sapphire"), x: 0, z: 0, level: 0, index: None, source_item_id: Some(1755), source_item_slot: Some(0), target_item_id: Some(1623), target_item_slot: Some(27) }
[script liveiagp9v_0] interact UseOn { name: "Chisel", kind: "inv", target_name: Some("Uncut sapphire"), x: 0, z: 0, level: 0, index: None, source_item_id: Some(1755), source_item_slot: Some(0), target_item_id: Some(1623), target_item_slot: Some(27) }
[script liveiagp9v_0] interact UseOn { name: "Chisel", kind: "inv", target_name: Some("Uncut sapphire"), x: 0, z: 0, level: 0, index: None, source_item_id: Some(1755), source_item_slot: Some(0), target_item_id: Some(1623), target_item_slot: Some(27) }
[script liveiagp9v_0] interact UseOn { name: "Chisel", kind: "inv", target_name: Some("Uncut sapphire"), x: 0, z: 0, level: 0, index: None, source_item_id: Some(1755), source_item_slot: Some(0), target_item_id: Some(1623), target_item_slot: Some(27) }
[script liveiagp9v_0] interact UseOn { name: "Chisel", kind: "inv", target_name: Some("Uncut sapphire"), x: 0, z: 0, level: 0, index: None, source_item_id: Some(1755), source_item_slot: Some(0), target_item_id: Some(1623), target_item_slot: Some(27) }
[script liveiagp9v_0] interact UseOn { name: "Chisel", kind: "inv", target_name: Some("Uncut sapphire"), x: 0, z: 0, level: 0, index: None, source_item_id: Some(1755), source_item_slot: Some(0), target_item_id: Some(1623), target_item_slot: Some(27) }
[script liveiagp9v_0] interact UseOn { name: "Chisel", kind: "inv", target_name: Some("Uncut sapphire"), x: 0, z: 0, level: 0, index: None, source_item_id: Some(1755), source_item_slot: Some(0), target_item_id: Some(1623), target_item_slot: Some(27) }
[script liveiagp9v_0] interact UseOn { name: "Chisel", kind: "inv", target_name: Some("Uncut sapphire"), x: 0, z: 0, level: 0, index: None, source_item_id: Some(1755), source_item_slot: Some(0), target_item_id: Some(1623), target_item_slot: Some(27) }
[script liveiagp9v_0] interact UseOn { name: "Chisel", kind: "inv", target_name: Some("Uncut sapphire"), x: 0, z: 0, level: 0, index: None, source_item_id: Some(1755), source_item_slot: Some(0), target_item_id: Some(1623), target_item_slot: Some(27) }
[script liveiagp9v_0] interact UseOn { name: "Chisel", kind: "inv", target_name: Some("Uncut sapphire"), x: 0, z: 0, level: 0, index: None, source_item_id: Some(1755), source_item_slot: Some(0), target_item_id: Some(1623), target_item_slot: Some(27) }
[script liveiagp9v_0] interact UseOn { name: "Chisel", kind: "inv", target_name: Some("Uncut sapphire"), x: 0, z: 0, level: 0, index: None, source_item_id: Some(1755), source_item_slot: Some(0), target_item_id: Some(1623), target_item_slot: Some(27) }
[script liveiagp9v_0] interact UseOn { name: "Chisel", kind: "inv", target_name: Some("Uncut sapphire"), x: 0, z: 0, level: 0, index: None, source_item_id: Some(1755), source_item_slot: Some(0), target_item_id: Some(1623), target_item_slot: Some(27) }
[script liveiagp9v_0] interact UseOn { name: "Chisel", kind: "inv", target_name: Some("Uncut sapphire"), x: 0, z: 0, level: 0, index: None, source_item_id: Some(1755), source_item_slot: Some(0), target_item_id: Some(1623), target_item_slot: Some(27) }
[script liveiagp9v_0] interact UseOn { name: "Chisel", kind: "inv", target_name: Some("Uncut sapphire"), x: 0, z: 0, level: 0, index: None, source_item_id: Some(1755), source_item_slot: Some(0), target_item_id: Some(1623), target_item_slot: Some(27) }
[host] slot liveiagp9v_0: d_loop_us=1399 d_raster_us=0 d_observe_us=71272 max_observe_us=8472 d_paints=0 d_skips=50 d_ticks=2 window_ms=1198
[script liveiagp9v_0] interact UseOn { name: "Chisel", kind: "inv", target_name: Some("Uncut sapphire"), x: 0, z: 0, level: 0, index: None, source_item_id: Some(1755), source_item_slot: Some(0), target_item_id: Some(1623), target_item_slot: Some(27) }
[script liveiagp9v_0] interact UseOn { name: "Chisel", kind: "inv", target_name: Some("Uncut sapphire"), x: 0, z: 0, level: 0, index: None, source_item_id: Some(1755), source_item_slot: Some(0), target_item_id: Some(1623), target_item_slot: Some(27) }
[script liveiagp9v_0] interact UseOn { name: "Chisel", kind: "inv", target_name: Some("Uncut sapphire"), x: 0, z: 0, level: 0, index: None, source_item_id: Some(1755), source_item_slot: Some(0), target_item_id: Some(1623), target_item_slot: Some(27) }
[script liveiagp9v_0] interact UseOn { name: "Chisel", kind: "inv", target_name: Some("Uncut sapphire"), x: 0, z: 0, level: 0, index: None, source_item_id: Some(1755), source_item_slot: Some(0), target_item_id: Some(1623), target_item_slot: Some(27) }
[script liveiagp9v_0] interact UseOn { name: "Chisel", kind: "inv", target_name: Some("Uncut sapphire"), x: 0, z: 0, level: 0, index: None, source_item_id: Some(1755), source_item_slot: Some(0), target_item_id: Some(1623), target_item_slot: Some(27) }
[script liveiagp9v_0] interact UseOn { name: "Chisel", kind: "inv", target_name: Some("Uncut sapphire"), x: 0, z: 0, level: 0, index: None, source_item_id: Some(1755), source_item_slot: Some(0), target_item_id: Some(1623), target_item_slot: Some(27) }
[script liveiagp9v_0] interact UseOn { name: "Chisel", kind: "inv", target_name: Some("Uncut sapphire"), x: 0, z: 0, level: 0, index: None, source_item_id: Some(1755), source_item_slot: Some(0), target_item_id: Some(1623), target_item_slot: Some(27) }
[script liveiagp9v_0] interact UseOn { name: "Chisel", kind: "inv", target_name: Some("Uncut sapphire"), x: 0, z: 0, level: 0, index: None, source_item_id: Some(1755), source_item_slot: Some(0), target_item_id: Some(1623), target_item_slot: Some(27) }
[script liveiagp9v_0] interact UseOn { name: "Chisel", kind: "inv", target_name: Some("Uncut sapphire"), x: 0, z: 0, level: 0, index: None, source_item_id: Some(1755), source_item_slot: Some(0), target_item_id: Some(1623), target_item_slot: Some(27) }
[script liveiagp9v_0] interact UseOn { name: "Chisel", kind: "inv", target_name: Some("Uncut sapphire"), x: 0, z: 0, level: 0, index: None, source_item_id: Some(1755), source_item_slot: Some(0), target_item_id: Some(1623), target_item_slot: Some(27) }
[script liveiagp9v_0] interact UseOn { name: "Chisel", kind: "inv", target_name: Some("Uncut sapphire"), x: 0, z: 0, level: 0, index: None, source_item_id: Some(1755), source_item_slot: Some(0), target_item_id: Some(1623), target_item_slot: Some(27) }
[script liveiagp9v_0] interact UseOn { name: "Chisel", kind: "inv", target_name: Some("Uncut sapphire"), x: 0, z: 0, level: 0, index: None, source_item_id: Some(1755), source_item_slot: Some(0), target_item_id: Some(1623), target_item_slot: Some(27) }
[script liveiagp9v_0] interact UseOn { name: "Chisel", kind: "inv", target_name: Some("Uncut sapphire"), x: 0, z: 0, level: 0, index: None, source_item_id: Some(1755), source_item_slot: Some(0), target_item_id: Some(1623), target_item_slot: Some(27) }
[script liveiagp9v_0] interact UseOn { name: "Chisel", kind: "inv", target_name: Some("Uncut sapphire"), x: 0, z: 0, level: 0, index: None, source_item_id: Some(1755), source_item_slot: Some(0), target_item_id: Some(1623), target_item_slot: Some(27) }
[script liveiagp9v_0] interact UseOn { name: "Chisel", kind: "inv", target_name: Some("Uncut sapphire"), x: 0, z: 0, level: 0, index: None, source_item_id: Some(1755), source_item_slot: Some(0), target_item_id: Some(1623), target_item_slot: Some(27) }
[script liveiagp9v_0] interact UseOn { name: "Chisel", kind: "inv", target_name: Some("Uncut sapphire"), x: 0, z: 0, level: 0, index: None, source_item_id: Some(1755), source_item_slot: Some(0), target_item_id: Some(1623), target_item_slot: Some(27) }
[script liveiagp9v_0] interact UseOn { name: "Chisel", kind: "inv", target_name: Some("Uncut sapphire"), x: 0, z: 0, level: 0, index: None, source_item_id: Some(1755), source_item_slot: Some(0), target_item_id: Some(1623), target_item_slot: Some(27) }
[script liveiagp9v_0] interact UseOn { name: "Chisel", kind: "inv", target_name: Some("Uncut sapphire"), x: 0, z: 0, level: 0, index: None, source_item_id: Some(1755), source_item_slot: Some(0), target_item_id: Some(1623), target_item_slot: Some(27) }
[script liveiagp9v_0] interact UseOn { name: "Chisel", kind: "inv", target_name: Some("Uncut sapphire"), x: 0, z: 0, level: 0, index: None, source_item_id: Some(1755), source_item_slot: Some(0), target_item_id: Some(1623), target_item_slot: Some(27) }
[script liveiagp9v_0] interact UseOn { name: "Chisel", kind: "inv", target_name: Some("Uncut sapphire"), x: 0, z: 0, level: 0, index: None, source_item_id: Some(1755), source_item_slot: Some(0), target_item_id: Some(1623), target_item_slot: Some(27) }
[script liveiagp9v_0] interact UseOn { name: "Chisel", kind: "inv", target_name: Some("Uncut sapphire"), x: 0, z: 0, level: 0, index: None, source_item_id: Some(1755), source_item_slot: Some(0), target_item_id: Some(1623), target_item_slot: Some(27) }
[script liveiagp9v_0] interact UseOn { name: "Chisel", kind: "inv", target_name: Some("Uncut sapphire"), x: 0, z: 0, level: 0, index: None, source_item_id: Some(1755), source_item_slot: Some(0), target_item_id: Some(1623), target_item_slot: Some(27) }
[script liveiagp9v_0] interact UseOn { name: "Chisel", kind: "inv", target_name: Some("Uncut sapphire"), x: 0, z: 0, level: 0, index: None, source_item_id: Some(1755), source_item_slot: Some(0), target_item_id: Some(1623), target_item_slot: Some(27) }
[script liveiagp9v_0] interact UseOn { name: "Chisel", kind: "inv", target_name: Some("Uncut sapphire"), x: 0, z: 0, level: 0, index: None, source_item_id: Some(1755), source_item_slot: Some(0), target_item_id: Some(1623), target_item_slot: Some(27) }
[script liveiagp9v_0] interact UseOn { name: "Chisel", kind: "inv", target_name: Some("Uncut sapphire"), x: 0, z: 0, level: 0, index: None, source_item_id: Some(1755), source_item_slot: Some(0), target_item_id: Some(1623), target_item_slot: Some(27) }
[script liveiagp9v_0] interact UseOn { name: "Chisel", kind: "inv", target_name: Some("Uncut sapphire"), x: 0, z: 0, level: 0, index: None, source_item_id: Some(1755), source_item_slot: Some(0), target_item_id: Some(1623), target_item_slot: Some(27) }
[script liveiagp9v_0] interact UseOn { name: "Chisel", kind: "inv", target_name: Some("Uncut sapphire"), x: 0, z: 0, level: 0, index: None, source_item_id: Some(1755), source_item_slot: Some(0), target_item_id: Some(1623), target_item_slot: Some(27) }
[script liveiagp9v_0] interact UseOn { name: "Chisel", kind: "inv", target_name: Some("Uncut sapphire"), x: 0, z: 0, level: 0, index: None, source_item_id: Some(1755), source_item_slot: Some(0), target_item_id: Some(1623), target_item_slot: Some(27) }
[script liveiagp9v_0] interact UseOn { name: "Chisel", kind: "inv", target_name: Some("Uncut sapphire"), x: 0, z: 0, level: 0, index: None, source_item_id: Some(1755), source_item_slot: Some(0), target_item_id: Some(1623), target_item_slot: Some(27) }
[script liveiagp9v_0] interact UseOn { name: "Chisel", kind: "inv", target_name: Some("Uncut sapphire"), x: 0, z: 0, level: 0, index: None, source_item_id: Some(1755), source_item_slot: Some(0), target_item_id: Some(1623), target_item_slot: Some(27) }
[script liveiagp9v_0] interact UseOn { name: "Chisel", kind: "inv", target_name: Some("Uncut sapphire"), x: 0, z: 0, level: 0, index: None, source_item_id: Some(1755), source_item_slot: Some(0), target_item_id: Some(1623), target_item_slot: Some(27) }
[script liveiagp9v_0] interact UseOn { name: "Chisel", kind: "inv", target_name: Some("Uncut sapphire"), x: 0, z: 0, level: 0, index: None, source_item_id: Some(1755), source_item_slot: Some(0), target_item_id: Some(1623), target_item_slot: Some(27) }
[script liveiagp9v_0] interact UseOn { name: "Chisel", kind: "inv", target_name: Some("Uncut sapphire"), x: 0, z: 0, level: 0, index: None, source_item_id: Some(1755), source_item_slot: Some(0), target_item_id: Some(1623), target_item_slot: Some(27) }
[script liveiagp9v_0] interact UseOn { name: "Chisel", kind: "inv", target_name: Some("Uncut sapphire"), x: 0, z: 0, level: 0, index: None, source_item_id: Some(1755), source_item_slot: Some(0), target_item_id: Some(1623), target_item_slot: Some(27) }
[script liveiagp9v_0] interact UseOn { name: "Chisel", kind: "inv", target_name: Some("Uncut sapphire"), x: 0, z: 0, level: 0, index: None, source_item_id: Some(1755), source_item_slot: Some(0), target_item_id: Some(1623), target_item_slot: Some(27) }
[script liveiagp9v_0] interact UseOn { name: "Chisel", kind: "inv", target_name: Some("Uncut sapphire"), x: 0, z: 0, level: 0, index: None, source_item_id: Some(1755), source_item_slot: Some(0), target_item_id: Some(1623), target_item_slot: Some(27) }
[script liveiagp9v_0] interact UseOn { name: "Chisel", kind: "inv", target_name: Some("Uncut sapphire"), x: 0, z: 0, level: 0, index: None, source_item_id: Some(1755), source_item_slot: Some(0), target_item_id: Some(1623), target_item_slot: Some(27) }
[script liveiagp9v_0] interact UseOn { name: "Chisel", kind: "inv", target_name: Some("Uncut sapphire"), x: 0, z: 0, level: 0, index: None, source_item_id: Some(1755), source_item_slot: Some(0), target_item_id: Some(1623), target_item_slot: Some(27) }
[script liveiagp9v_0] interact UseOn { name: "Chisel", kind: "inv", target_name: Some("Uncut sapphire"), x: 0, z: 0, level: 0, index: None, source_item_id: Some(1755), source_item_slot: Some(0), target_item_id: Some(1623), target_item_slot: Some(27) }
[script liveiagp9v_0] interact UseOn { name: "Chisel", kind: "inv", target_name: Some("Uncut sapphire"), x: 0, z: 0, level: 0, index: None, source_item_id: Some(1755), source_item_slot: Some(0), target_item_id: Some(1623), target_item_slot: Some(27) }
[script liveiagp9v_0] interact UseOn { name: "Chisel", kind: "inv", target_name: Some("Uncut sapphire"), x: 0, z: 0, level: 0, index: None, source_item_id: Some(1755), source_item_slot: Some(0), target_item_id: Some(1623), target_item_slot: Some(27) }
[script liveiagp9v_0] interact UseOn { name: "Chisel", kind: "inv", target_name: Some("Uncut sapphire"), x: 0, z: 0, level: 0, index: None, source_item_id: Some(1755), source_item_slot: Some(0), target_item_id: Some(1623), target_item_slot: Some(27) }
[script liveiagp9v_0] interact UseOn { name: "Chisel", kind: "inv", target_name: Some("Uncut sapphire"), x: 0, z: 0, level: 0, index: None, source_item_id: Some(1755), source_item_slot: Some(0), target_item_id: Some(1623), target_item_slot: Some(27) }
[script liveiagp9v_0] interact UseOn { name: "Chisel", kind: "inv", target_name: Some("Uncut sapphire"), x: 0, z: 0, level: 0, index: None, source_item_id: Some(1755), source_item_slot: Some(0), target_item_id: Some(1623), target_item_slot: Some(27) }
[script liveiagp9v_0] interact UseOn { name: "Chisel", kind: "inv", target_name: Some("Uncut sapphire"), x: 0, z: 0, level: 0, index: None, source_item_id: Some(1755), source_item_slot: Some(0), target_item_id: Some(1623), target_item_slot: Some(27) }
[script liveiagp9v_0] interact UseOn { name: "Chisel", kind: "inv", target_name: Some("Uncut sapphire"), x: 0, z: 0, level: 0, index: None, source_item_id: Some(1755), source_item_slot: Some(0), target_item_id: Some(1623), target_item_slot: Some(27) }
[script liveiagp9v_0] interact UseOn { name: "Chisel", kind: "inv", target_name: Some("Uncut sapphire"), x: 0, z: 0, level: 0, index: None, source_item_id: Some(1755), source_item_slot: Some(0), target_item_id: Some(1623), target_item_slot: Some(27) }
[script liveiagp9v_0] interact UseOn { name: "Chisel", kind: "inv", target_name: Some("Uncut sapphire"), x: 0, z: 0, level: 0, index: None, source_item_id: Some(1755), source_item_slot: Some(0), target_item_id: Some(1623), target_item_slot: Some(27) }
[script liveiagp9v_0] interact UseOn { name: "Chisel", kind: "inv", target_name: Some("Uncut sapphire"), x: 0, z: 0, level: 0, index: None, source_item_id: Some(1755), source_item_slot: Some(0), target_item_id: Some(1623), target_item_slot: Some(27) }
[script liveiagp9v_0] interact UseOn { name: "Chisel", kind: "inv", target_name: Some("Uncut sapphire"), x: 0, z: 0, level: 0, index: None, source_item_id: Some(1755), source_item_slot: Some(0), target_item_id: Some(1623), target_item_slot: Some(27) }
[script liveiagp9v_0] interact UseOn { name: "Chisel", kind: "inv", target_name: Some("Uncut sapphire"), x: 0, z: 0, level: 0, index: None, source_item_id: Some(1755), source_item_slot: Some(0), target_item_id: Some(1623), target_item_slot: Some(27) }
[script liveiagp9v_0] interact UseOn { name: "Chisel", kind: "inv", target_name: Some("Uncut sapphire"), x: 0, z: 0, level: 0, index: None, source_item_id: Some(1755), source_item_slot: Some(0), target_item_id: Some(1623), target_item_slot: Some(27) }
[script liveiagp9v_0] interact UseOn { name: "Chisel", kind: "inv", target_name: Some("Uncut sapphire"), x: 0, z: 0, level: 0, index: None, source_item_id: Some(1755), source_item_slot: Some(0), target_item_id: Some(1623), target_item_slot: Some(27) }
[script liveiagp9v_0] interact UseOn { name: "Chisel", kind: "inv", target_name: Some("Uncut sapphire"), x: 0, z: 0, level: 0, index: None, source_item_id: Some(1755), source_item_slot: Some(0), target_item_id: Some(1623), target_item_slot: Some(27) }
[script liveiagp9v_0] interact UseOn { name: "Chisel", kind: "inv", target_name: Some("Uncut sapphire"), x: 0, z: 0, level: 0, index: None, source_item_id: Some(1755), source_item_slot: Some(0), target_item_id: Some(1623), target_item_slot: Some(27) }
[script liveiagp9v_0] interact UseOn { name: "Chisel", kind: "inv", target_name: Some("Uncut sapphire"), x: 0, z: 0, level: 0, index: None, source_item_id: Some(1755), source_item_slot: Some(0), target_item_id: Some(1623), target_item_slot: Some(27) }
[script liveiagp9v_0] interact UseOn { name: "Chisel", kind: "inv", target_name: Some("Uncut sapphire"), x: 0, z: 0, level: 0, index: None, source_item_id: Some(1755), source_item_slot: Some(0), target_item_id: Some(1623), target_item_slot: Some(27) }
[script liveiagp9v_0] interact UseOn { name: "Chisel", kind: "inv", target_name: Some("Uncut sapphire"), x: 0, z: 0, level: 0, index: None, source_item_id: Some(1755), source_item_slot: Some(0), target_item_id: Some(1623), target_item_slot: Some(27) }
[script liveiagp9v_0] interact UseOn { name: "Chisel", kind: "inv", target_name: Some("Uncut sapphire"), x: 0, z: 0, level: 0, index: None, source_item_id: Some(1755), source_item_slot: Some(0), target_item_id: Some(1623), target_item_slot: Some(27) }
[script liveiagp9v_0] interact UseOn { name: "Chisel", kind: "inv", target_name: Some("Uncut sapphire"), x: 0, z: 0, level: 0, index: None, source_item_id: Some(1755), source_item_slot: Some(0), target_item_id: Some(1623), target_item_slot: Some(27) }
[host] slot liveiagp9v_0: d_loop_us=1492 d_raster_us=0 d_observe_us=73544 max_observe_us=12919 d_paints=0 d_skips=50 d_ticks=2 window_ms=1174
[host] slot liveiagp9v_0: d_loop_us=1648 d_raster_us=0 d_observe_us=80738 max_observe_us=12222 d_paints=0 d_skips=50 d_ticks=2 window_ms=1185
[script liveiagp9v_0] interact OpenBooth { x: 3186, z: 3440, level: 0, id: 2213, name: None, action: None }
[host] slot liveiagp9v_0: d_loop_us=1768 d_raster_us=0 d_observe_us=87138 max_observe_us=12646 d_paints=0 d_skips=50 d_ticks=2 window_ms=1174
[host] slot liveiagp9v_0: d_loop_us=1655 d_raster_us=0 d_observe_us=78770 max_observe_us=9039 d_paints=0 d_skips=50 d_ticks=2 window_ms=1180
[script liveiagp9v_0] bank opened, starting withdraw/deposit cycle
[script liveiagp9v_0] depositing inventory (keeping chisel)
[host] slot liveiagp9v_0: d_loop_us=1187 d_raster_us=0 d_observe_us=64697 max_observe_us=7251 d_paints=0 d_skips=50 d_ticks=2 window_ms=1194
[script liveiagp9v_0] trying to withdraw 27 Sapphire (have 0)
[host] slot liveiagp9v_0: d_loop_us=1341 d_raster_us=0 d_observe_us=82763 max_observe_us=15531 d_paints=0 d_skips=50 d_ticks=2 window_ms=1173
[script liveiagp9v_0] withdrew 1 Sapphire
[script liveiagp9v_0] got gems, closing bank
[script liveiagp9v_0] interact Close
[shim-close] sent
[script liveiagp9v_0] banked @ Bank booth: gave 0 items, took 1 uncut gems
[host] slot liveiagp9v_0: d_loop_us=1464 d_raster_us=0 d_observe_us=77596 max_observe_us=13557 d_paints=0 d_skips=50 d_ticks=2 window_ms=1172
[script liveiagp9v_0] interact UseOn { name: "Chisel", kind: "inv", target_name: Some("Uncut sapphire"), x: 0, z: 0, level: 0, index: None, source_item_id: Some(1755), source_item_slot: Some(0), target_item_id: Some(1623), target_item_slot: Some(1) }
[script liveiagp9v_0] interact UseOn { name: "Chisel", kind: "inv", target_name: Some("Uncut sapphire"), x: 0, z: 0, level: 0, index: None, source_item_id: Some(1755), source_item_slot: Some(0), target_item_id: Some(1623), target_item_slot: Some(1) }
[script liveiagp9v_0] interact UseOn { name: "Chisel", kind: "inv", target_name: Some("Uncut sapphire"), x: 0, z: 0, level: 0, index: None, source_item_id: Some(1755), source_item_slot: Some(0), target_item_id: Some(1623), target_item_slot: Some(1) }
[script liveiagp9v_0] interact UseOn { name: "Chisel", kind: "inv", target_name: Some("Uncut sapphire"), x: 0, z: 0, level: 0, index: None, source_item_id: Some(1755), source_item_slot: Some(0), target_item_id: Some(1623), target_item_slot: Some(1) }
[script liveiagp9v_0] interact UseOn { name: "Chisel", kind: "inv", target_name: Some("Uncut sapphire"), x: 0, z: 0, level: 0, index: None, source_item_id: Some(1755), source_item_slot: Some(0), target_item_id: Some(1623), target_item_slot: Some(1) }
[script liveiagp9v_0] interact UseOn { name: "Chisel", kind: "inv", target_name: Some("Uncut sapphire"), x: 0, z: 0, level: 0, index: None, source_item_id: Some(1755), source_item_slot: Some(0), target_item_id: Some(1623), target_item_slot: Some(1) }
[script liveiagp9v_0] interact UseOn { name: "Chisel", kind: "inv", target_name: Some("Uncut sapphire"), x: 0, z: 0, level: 0, index: None, source_item_id: Some(1755), source_item_slot: Some(0), target_item_id: Some(1623), target_item_slot: Some(1) }
[script liveiagp9v_0] interact UseOn { name: "Chisel", kind: "inv", target_name: Some("Uncut sapphire"), x: 0, z: 0, level: 0, index: None, source_item_id: Some(1755), source_item_slot: Some(0), target_item_id: Some(1623), target_item_slot: Some(1) }
[script liveiagp9v_0] interact UseOn { name: "Chisel", kind: "inv", target_name: Some("Uncut sapphire"), x: 0, z: 0, level: 0, index: None, source_item_id: Some(1755), source_item_slot: Some(0), target_item_id: Some(1623), target_item_slot: Some(1) }
[script liveiagp9v_0] interact UseOn { name: "Chisel", kind: "inv", target_name: Some("Uncut sapphire"), x: 0, z: 0, level: 0, index: None, source_item_id: Some(1755), source_item_slot: Some(0), target_item_id: Some(1623), target_item_slot: Some(1) }
[script liveiagp9v_0] interact UseOn { name: "Chisel", kind: "inv", target_name: Some("Uncut sapphire"), x: 0, z: 0, level: 0, index: None, source_item_id: Some(1755), source_item_slot: Some(0), target_item_id: Some(1623), target_item_slot: Some(1) }
[script liveiagp9v_0] interact UseOn { name: "Chisel", kind: "inv", target_name: Some("Uncut sapphire"), x: 0, z: 0, level: 0, index: None, source_item_id: Some(1755), source_item_slot: Some(0), target_item_id: Some(1623), target_item_slot: Some(1) }
[script liveiagp9v_0] interact UseOn { name: "Chisel", kind: "inv", target_name: Some("Uncut sapphire"), x: 0, z: 0, level: 0, index: None, source_item_id: Some(1755), source_item_slot: Some(0), target_item_id: Some(1623), target_item_slot: Some(1) }
[script liveiagp9v_0] interact UseOn { name: "Chisel", kind: "inv", target_name: Some("Uncut sapphire"), x: 0, z: 0, level: 0, index: None, source_item_id: Some(1755), source_item_slot: Some(0), target_item_id: Some(1623), target_item_slot: Some(1) }
[script liveiagp9v_0] interact UseOn { name: "Chisel", kind: "inv", target_name: Some("Uncut sapphire"), x: 0, z: 0, level: 0, index: None, source_item_id: Some(1755), source_item_slot: Some(0), target_item_id: Some(1623), target_item_slot: Some(1) }
[script liveiagp9v_0] interact UseOn { name: "Chisel", kind: "inv", target_name: Some("Uncut sapphire"), x: 0, z: 0, level: 0, index: None, source_item_id: Some(1755), source_item_slot: Some(0), target_item_id: Some(1623), target_item_slot: Some(1) }
[script liveiagp9v_0] interact UseOn { name: "Chisel", kind: "inv", target_name: Some("Uncut sapphire"), x: 0, z: 0, level: 0, index: None, source_item_id: Some(1755), source_item_slot: Some(0), target_item_id: Some(1623), target_item_slot: Some(1) }
[script liveiagp9v_0] interact UseOn { name: "Chisel", kind: "inv", target_name: Some("Uncut sapphire"), x: 0, z: 0, level: 0, index: None, source_item_id: Some(1755), source_item_slot: Some(0), target_item_id: Some(1623), target_item_slot: Some(1) }
[script liveiagp9v_0] interact UseOn { name: "Chisel", kind: "inv", target_name: Some("Uncut sapphire"), x: 0, z: 0, level: 0, index: None, source_item_id: Some(1755), source_item_slot: Some(0), target_item_id: Some(1623), target_item_slot: Some(1) }
[script liveiagp9v_0] interact UseOn { name: "Chisel", kind: "inv", target_name: Some("Uncut sapphire"), x: 0, z: 0, level: 0, index: None, source_item_id: Some(1755), source_item_slot: Some(0), target_item_id: Some(1623), target_item_slot: Some(1) }
[script liveiagp9v_0] interact UseOn { name: "Chisel", kind: "inv", target_name: Some("Uncut sapphire"), x: 0, z: 0, level: 0, index: None, source_item_id: Some(1755), source_item_slot: Some(0), target_item_id: Some(1623), target_item_slot: Some(1) }
[script liveiagp9v_0] interact UseOn { name: "Chisel", kind: "inv", target_name: Some("Uncut sapphire"), x: 0, z: 0, level: 0, index: None, source_item_id: Some(1755), source_item_slot: Some(0), target_item_id: Some(1623), target_item_slot: Some(1) }
[script liveiagp9v_0] interact UseOn { name: "Chisel", kind: "inv", target_name: Some("Uncut sapphire"), x: 0, z: 0, level: 0, index: None, source_item_id: Some(1755), source_item_slot: Some(0), target_item_id: Some(1623), target_item_slot: Some(1) }
[script liveiagp9v_0] interact UseOn { name: "Chisel", kind: "inv", target_name: Some("Uncut sapphire"), x: 0, z: 0, level: 0, index: None, source_item_id: Some(1755), source_item_slot: Some(0), target_item_id: Some(1623), target_item_slot: Some(1) }
[script liveiagp9v_0] interact UseOn { name: "Chisel", kind: "inv", target_name: Some("Uncut sapphire"), x: 0, z: 0, level: 0, index: None, source_item_id: Some(1755), source_item_slot: Some(0), target_item_id: Some(1623), target_item_slot: Some(1) }
[script liveiagp9v_0] interact UseOn { name: "Chisel", kind: "inv", target_name: Some("Uncut sapphire"), x: 0, z: 0, level: 0, index: None, source_item_id: Some(1755), source_item_slot: Some(0), target_item_id: Some(1623), target_item_slot: Some(1) }
[script liveiagp9v_0] interact UseOn { name: "Chisel", kind: "inv", target_name: Some("Uncut sapphire"), x: 0, z: 0, level: 0, index: None, source_item_id: Some(1755), source_item_slot: Some(0), target_item_id: Some(1623), target_item_slot: Some(1) }
[script liveiagp9v_0] interact UseOn { name: "Chisel", kind: "inv", target_name: Some("Uncut sapphire"), x: 0, z: 0, level: 0, index: None, source_item_id: Some(1755), source_item_slot: Some(0), target_item_id: Some(1623), target_item_slot: Some(1) }
[script liveiagp9v_0] interact UseOn { name: "Chisel", kind: "inv", target_name: Some("Uncut sapphire"), x: 0, z: 0, level: 0, index: None, source_item_id: Some(1755), source_item_slot: Some(0), target_item_id: Some(1623), target_item_slot: Some(1) }
[script liveiagp9v_0] interact UseOn { name: "Chisel", kind: "inv", target_name: Some("Uncut sapphire"), x: 0, z: 0, level: 0, index: None, source_item_id: Some(1755), source_item_slot: Some(0), target_item_id: Some(1623), target_item_slot: Some(1) }
[script liveiagp9v_0] interact UseOn { name: "Chisel", kind: "inv", target_name: Some("Uncut sapphire"), x: 0, z: 0, level: 0, index: None, source_item_id: Some(1755), source_item_slot: Some(0), target_item_id: Some(1623), target_item_slot: Some(1) }
[script liveiagp9v_0] interact UseOn { name: "Chisel", kind: "inv", target_name: Some("Uncut sapphire"), x: 0, z: 0, level: 0, index: None, source_item_id: Some(1755), source_item_slot: Some(0), target_item_id: Some(1623), target_item_slot: Some(1) }
[script liveiagp9v_0] interact UseOn { name: "Chisel", kind: "inv", target_name: Some("Uncut sapphire"), x: 0, z: 0, level: 0, index: None, source_item_id: Some(1755), source_item_slot: Some(0), target_item_id: Some(1623), target_item_slot: Some(1) }
[script liveiagp9v_0] interact UseOn { name: "Chisel", kind: "inv", target_name: Some("Uncut sapphire"), x: 0, z: 0, level: 0, index: None, source_item_id: Some(1755), source_item_slot: Some(0), target_item_id: Some(1623), target_item_slot: Some(1) }
[script liveiagp9v_0] interact UseOn { name: "Chisel", kind: "inv", target_name: Some("Uncut sapphire"), x: 0, z: 0, level: 0, index: None, source_item_id: Some(1755), source_item_slot: Some(0), target_item_id: Some(1623), target_item_slot: Some(1) }
[script liveiagp9v_0] interact UseOn { name: "Chisel", kind: "inv", target_name: Some("Uncut sapphire"), x: 0, z: 0, level: 0, index: None, source_item_id: Some(1755), source_item_slot: Some(0), target_item_id: Some(1623), target_item_slot: Some(1) }
[script liveiagp9v_0] interact UseOn { name: "Chisel", kind: "inv", target_name: Some("Uncut sapphire"), x: 0, z: 0, level: 0, index: None, source_item_id: Some(1755), source_item_slot: Some(0), target_item_id: Some(1623), target_item_slot: Some(1) }
[script liveiagp9v_0] interact UseOn { name: "Chisel", kind: "inv", target_name: Some("Uncut sapphire"), x: 0, z: 0, level: 0, index: None, source_item_id: Some(1755), source_item_slot: Some(0), target_item_id: Some(1623), target_item_slot: Some(1) }
[script liveiagp9v_0] interact UseOn { name: "Chisel", kind: "inv", target_name: Some("Uncut sapphire"), x: 0, z: 0, level: 0, index: None, source_item_id: Some(1755), source_item_slot: Some(0), target_item_id: Some(1623), target_item_slot: Some(1) }
[script liveiagp9v_0] interact UseOn { name: "Chisel", kind: "inv", target_name: Some("Uncut sapphire"), x: 0, z: 0, level: 0, index: None, source_item_id: Some(1755), source_item_slot: Some(0), target_item_id: Some(1623), target_item_slot: Some(1) }
[script liveiagp9v_0] interact UseOn { name: "Chisel", kind: "inv", target_name: Some("Uncut sapphire"), x: 0, z: 0, level: 0, index: None, source_item_id: Some(1755), source_item_slot: Some(0), target_item_id: Some(1623), target_item_slot: Some(1) }
[script liveiagp9v_0] interact UseOn { name: "Chisel", kind: "inv", target_name: Some("Uncut sapphire"), x: 0, z: 0, level: 0, index: None, source_item_id: Some(1755), source_item_slot: Some(0), target_item_id: Some(1623), target_item_slot: Some(1) }
[script liveiagp9v_0] interact UseOn { name: "Chisel", kind: "inv", target_name: Some("Uncut sapphire"), x: 0, z: 0, level: 0, index: None, source_item_id: Some(1755), source_item_slot: Some(0), target_item_id: Some(1623), target_item_slot: Some(1) }
[script liveiagp9v_0] interact UseOn { name: "Chisel", kind: "inv", target_name: Some("Uncut sapphire"), x: 0, z: 0, level: 0, index: None, source_item_id: Some(1755), source_item_slot: Some(0), target_item_id: Some(1623), target_item_slot: Some(1) }
[script liveiagp9v_0] interact UseOn { name: "Chisel", kind: "inv", target_name: Some("Uncut sapphire"), x: 0, z: 0, level: 0, index: None, source_item_id: Some(1755), source_item_slot: Some(0), target_item_id: Some(1623), target_item_slot: Some(1) }
[script liveiagp9v_0] interact UseOn { name: "Chisel", kind: "inv", target_name: Some("Uncut sapphire"), x: 0, z: 0, level: 0, index: None, source_item_id: Some(1755), source_item_slot: Some(0), target_item_id: Some(1623), target_item_slot: Some(1) }
[script liveiagp9v_0] interact UseOn { name: "Chisel", kind: "inv", target_name: Some("Uncut sapphire"), x: 0, z: 0, level: 0, index: None, source_item_id: Some(1755), source_item_slot: Some(0), target_item_id: Some(1623), target_item_slot: Some(1) }
[script liveiagp9v_0] interact UseOn { name: "Chisel", kind: "inv", target_name: Some("Uncut sapphire"), x: 0, z: 0, level: 0, index: None, source_item_id: Some(1755), source_item_slot: Some(0), target_item_id: Some(1623), target_item_slot: Some(1) }
[script liveiagp9v_0] interact UseOn { name: "Chisel", kind: "inv", target_name: Some("Uncut sapphire"), x: 0, z: 0, level: 0, index: None, source_item_id: Some(1755), source_item_slot: Some(0), target_item_id: Some(1623), target_item_slot: Some(1) }
[script liveiagp9v_0] interact UseOn { name: "Chisel", kind: "inv", target_name: Some("Uncut sapphire"), x: 0, z: 0, level: 0, index: None, source_item_id: Some(1755), source_item_slot: Some(0), target_item_id: Some(1623), target_item_slot: Some(1) }
[script liveiagp9v_0] interact UseOn { name: "Chisel", kind: "inv", target_name: Some("Uncut sapphire"), x: 0, z: 0, level: 0, index: None, source_item_id: Some(1755), source_item_slot: Some(0), target_item_id: Some(1623), target_item_slot: Some(1) }
[script liveiagp9v_0] interact UseOn { name: "Chisel", kind: "inv", target_name: Some("Uncut sapphire"), x: 0, z: 0, level: 0, index: None, source_item_id: Some(1755), source_item_slot: Some(0), target_item_id: Some(1623), target_item_slot: Some(1) }
[script liveiagp9v_0] interact UseOn { name: "Chisel", kind: "inv", target_name: Some("Uncut sapphire"), x: 0, z: 0, level: 0, index: None, source_item_id: Some(1755), source_item_slot: Some(0), target_item_id: Some(1623), target_item_slot: Some(1) }
[script liveiagp9v_0] interact UseOn { name: "Chisel", kind: "inv", target_name: Some("Uncut sapphire"), x: 0, z: 0, level: 0, index: None, source_item_id: Some(1755), source_item_slot: Some(0), target_item_id: Some(1623), target_item_slot: Some(1) }
[script liveiagp9v_0] interact UseOn { name: "Chisel", kind: "inv", target_name: Some("Uncut sapphire"), x: 0, z: 0, level: 0, index: None, source_item_id: Some(1755), source_item_slot: Some(0), target_item_id: Some(1623), target_item_slot: Some(1) }
[script liveiagp9v_0] interact UseOn { name: "Chisel", kind: "inv", target_name: Some("Uncut sapphire"), x: 0, z: 0, level: 0, index: None, source_item_id: Some(1755), source_item_slot: Some(0), target_item_id: Some(1623), target_item_slot: Some(1) }
[script liveiagp9v_0] interact UseOn { name: "Chisel", kind: "inv", target_name: Some("Uncut sapphire"), x: 0, z: 0, level: 0, index: None, source_item_id: Some(1755), source_item_slot: Some(0), target_item_id: Some(1623), target_item_slot: Some(1) }
[script liveiagp9v_0] interact UseOn { name: "Chisel", kind: "inv", target_name: Some("Uncut sapphire"), x: 0, z: 0, level: 0, index: None, source_item_id: Some(1755), source_item_slot: Some(0), target_item_id: Some(1623), target_item_slot: Some(1) }
[script liveiagp9v_0] interact UseOn { name: "Chisel", kind: "inv", target_name: Some("Uncut sapphire"), x: 0, z: 0, level: 0, index: None, source_item_id: Some(1755), source_item_slot: Some(0), target_item_id: Some(1623), target_item_slot: Some(1) }
[script liveiagp9v_0] interact UseOn { name: "Chisel", kind: "inv", target_name: Some("Uncut sapphire"), x: 0, z: 0, level: 0, index: None, source_item_id: Some(1755), source_item_slot: Some(0), target_item_id: Some(1623), target_item_slot: Some(1) }
PASS: catalog_boundary_live: {"scenario":"gem_cutter_named","runner":"Some(Evidence { scenario: \"gem_cutter_named\", outcome: \"PASS\", predicate: \"stat_xp_gain(12)>=2\", ticks: 79, elapsed_ms: 47179, message: None, tile: Some([3185, 3440, 0]), inv: [InvRow { id: 1755, name: Some(\"Chisel\"), count: 1 }, InvRow { id: 1607, name: Some(\"Sapphire\"), count: 1 }], stat: Some(StatRow { runenergy: 100 }), chat: [ChatRow { text: \"You cut the Sapphire.\", username: None }, ChatRow { text: \"You cut the Sapphire.\", username: None }, ChatRow { text: \"You cut the Sapphire.\", username: None }, ChatRow { text: \"Congratulations, you just advanced a crafting level.\", username: None }, ChatRow { text: \"You cut the Sapphire.\", username: None }, ChatRow { text: \"You cut the Sapphire.\", username: None }, ChatRow { text: \"You cut the Sapphire.\", username: None }, ChatRow { text: \"You cut the Sapphire.\", username: None }, ChatRow { text: \"You cut the Sapphire.\", username: None }, ChatRow { text: \"You cut the Sapphire.\", username: None }, ChatRow { text: \"You cut the Sapphire.\", username: None }, ChatRow { text: \"You cut the Sapphire.\", username: None }, ChatRow { text: \"You cut the Sapphire.\", username: None }, ChatRow { text: \"You cut the Sapphire.\", username: None }, ChatRow { text: \"Congratulations, you just advanced a crafting level.\", username: None }, ChatRow { text: \"You cut the Sapphire.\", username: None }, ChatRow { text: \"You cut the Sapphire.\", username: None }, ChatRow { text: \"You cut the Sapphire.\", username: None }, ChatRow { text: \"You cut the Sapphire.\", username: None }, ChatRow { text: \"You cut the Sapphire.\", username: None }, ChatRow { text: \"You cut the Sapphire.\", username: None }, ChatRow { text: \"You cut the Sapphire.\", username: None }, ChatRow { text: \"You cut the Sapphire.\", username: None }, ChatRow { text: \"You cut the Sapphire.\", username: None }, ChatRow { text: \"You cut the Sapphire.\", username: None }, ChatRow { text: \"You cut the Sapphire.\", username: None }, ChatRow { text: \"You cut the Sapphire.\", username: None }, ChatRow { text: \"You cut the Sapphire.\", username: None }, ChatRow { text: \"You cut the Sapphire.\", username: None }, ChatRow { text: \"You cut the Sapphire.\", username: None }, ChatRow { text: \"Inventory wiped.\", username: None }, ChatRow { text: \"set tutorial: to 1000\", username: None }, ChatRow { text: \"Welcome to RuneScape.\", username: None }], scene: 2 })","core":{"case":"gem_cutter_named","baseline":{"ingame":true,"scene_state":2,"player":"Liveiagp9v 0","tile":[3185,3440,0],"tick":32,"items":{},"item_ids":{},"bank":{},"bank_ids":{},"bank_open":false,"bank_loaded":false,"bank_generation":2,"levels":{"-unused-":0,"agility":1,"attack":1,"cooking":1,"crafting":20,"defence":1,"firemaking":1,"fishing":1,"fletching":1,"herblore":1,"hitpoints":10,"magic":1,"mining":1,"prayer":1,"ranged":1,"runecraft":1,"slayer":1,"smithing":1,"strength":1,"thieving":1,"woodcutting":1},"xp":{"-unused-":0,"agility":0,"attack":0,"cooking":0,"crafting":4470,"defence":0,"firemaking":0,"fishing":0,"fletching":0,"herblore":0,"hitpoints":1154,"magic":0,"mining":0,"prayer":0,"ranged":0,"runecraft":0,"slayer":0,"smithing":0,"strength":0,"thieving":0,"woodcutting":0},"chat":[[7,"Inventory wiped."],[6,"set tutorial: to 1000"],[5,"Welcome to RuneScape."]]},"latest":{"ingame":true,"scene_state":2,"player":"Liveiagp9v 0","tile":[3185,3440,0],"tick":60,"items":{"Chisel":1,"Sapphire":1},"item_ids":{"1607":1,"1755":1},"bank":{},"bank_ids":{},"bank_open":false,"bank_loaded":false,"bank_generation":6,"levels":{"-unused-":0,"agility":1,"attack":1,"cooking":1,"crafting":22,"defence":1,"firemaking":1,"fishing":1,"fletching":1,"herblore":1,"hitpoints":10,"magic":1,"mining":1,"prayer":1,"ranged":1,"runecraft":1,"slayer":1,"smithing":1,"strength":1,"thieving":1,"woodcutting":1},"xp":{"-unused-":0,"agility":0,"attack":0,"cooking":0,"crafting":5870,"defence":0,"firemaking":0,"fishing":0,"fletching":0,"herblore":0,"hitpoints":1154,"magic":0,"mining":0,"prayer":0,"ranged":0,"runecraft":0,"slayer":0,"smithing":0,"strength":0,"thieving":0,"woodcutting":0},"chat":[[37,"You cut the Sapphire."],[36,"You cut the Sapphire."],[35,"You cut the Sapphire."],[34,"Congratulations, you just advanced a crafting level."],[33,"You cut the Sapphire."],[32,"You cut the Sapphire."],[31,"You cut the Sapphire."],[30,"You cut the Sapphire."],[29,"You cut the Sapphire."],[28,"You cut the Sapphire."],[27,"You cut the Sapphire."],[26,"You cut the Sapphire."],[25,"You cut the Sapphire."],[24,"You cut the Sapphire."],[23,"Congratulations, you just advanced a crafting level."],[22,"You cut the Sapphire."],[21,"You cut the Sapphire."],[20,"You cut the Sapphire."],[19,"You cut the Sapphire."],[18,"You cut the Sapphire."],[17,"You cut the Sapphire."],[16,"You cut the Sapphire."],[15,"You cut the Sapphire."],[14,"You cut the Sapphire."],[13,"You cut the Sapphire."],[12,"You cut the Sapphire."],[11,"You cut the Sapphire."],[10,"You cut the Sapphire."],[9,"You cut the Sapphire."],[8,"You cut the Sapphire."],[7,"Inventory wiped."],[6,"set tutorial: to 1000"],[5,"Welcome to RuneScape."]]},"max_items":{"Chisel":1,"Sapphire":27,"Uncut sapphire":27},"max_xp":{"-unused-":0,"agility":0,"attack":0,"cooking":0,"crafting":5870,"defence":0,"firemaking":0,"fishing":0,"fletching":0,"herblore":0,"hitpoints":1154,"magic":0,"mining":0,"prayer":0,"ranged":0,"runecraft":0,"slayer":0,"smithing":0,"strength":0,"thieving":0,"woodcutting":0},"saw_bury_chat":false,"post_start_observations":683,"bone_bank_cycle":{"first_batch_buried":false,"opened":null,"withdrawn":null,"buried_after_withdrawal":false},"bank_fletcher_cycle":{"first_pack_created":false,"deposited":null,"withdrawn":null,"crafted_after_withdrawal":false},"bank_fletcher_string_cycle":{"initial_pairs_strung":false,"deposited":null,"withdrawn":null,"strung_after_withdrawal":false},"bank_fletcher_cut_string_cycle":{"cut_pair_created":false,"deposited":null,"withdrawn":null,"string_pair_created":false},"alcher_generated_custom_cycle":{"withdrawn":null,"consumed":false},"dart_fletcher_cycle":{"first":null,"further":false,"wrong_tier":false},"herb_cleaner_cycle":{"first_pack":false,"deposited":null,"withdrawn":null,"cleaned_after_withdrawal":false,"filter_violated":false},"gem_cutter_cycle":{"first_pack":true,"deposited":{"ingame":true,"scene_state":2,"player":"Liveiagp9v 0","tile":[3185,3440,0],"tick":55,"items":{"Chisel":1},"item_ids":{"1755":1},"bank":{"Sapphire":27,"Uncut opal":4,"Uncut sapphire":1},"bank_ids":{"1607":27,"1623":1,"1625":4},"bank_open":true,"bank_loaded":true,"bank_generation":5,"levels":{"-unused-":0,"agility":1,"attack":1,"cooking":1,"crafting":22,"defence":1,"firemaking":1,"fishing":1,"fletching":1,"herblore":1,"hitpoints":10,"magic":1,"mining":1,"prayer":1,"ranged":1,"runecraft":1,"slayer":1,"smithing":1,"strength":1,"thieving":1,"woodcutting":1},"xp":{"-unused-":0,"agility":0,"attack":0,"cooking":0,"crafting":5820,"defence":0,"firemaking":0,"fishing":0,"fletching":0,"herblore":0,"hitpoints":1154,"magic":0,"mining":0,"prayer":0,"ranged":0,"runecraft":0,"slayer":0,"smithing":0,"strength":0,"thieving":0,"woodcutting":0},"chat":[[36,"You cut the Sapphire."],[35,"You cut the Sapphire."],[34,"Congratulations, you just advanced a crafting level."],[33,"You cut the Sapphire."],[32,"You cut the Sapphire."],[31,"You cut the Sapphire."],[30,"You cut the Sapphire."],[29,"You cut the Sapphire."],[28,"You cut the Sapphire."],[27,"You cut the Sapphire."],[26,"You cut the Sapphire."],[25,"You cut the Sapphire."],[24,"You cut the Sapphire."],[23,"Congratulations, you just advanced a crafting level."],[22,"You cut the Sapphire."],[21,"You cut the Sapphire."],[20,"You cut the Sapphire."],[19,"You cut the Sapphire."],[18,"You cut the Sapphire."],[17,"You cut the Sapphire."],[16,"You cut the Sapphire."],[15,"You cut the Sapphire."],[14,"You cut the Sapphire."],[13,"You cut the Sapphire."],[12,"You cut the Sapphire."],[11,"You cut the Sapphire."],[10,"You cut the Sapphire."],[9,"You cut the Sapphire."],[8,"You cut the Sapphire."],[7,"Inventory wiped."],[6,"set tutorial: to 1000"],[5,"Welcome to RuneScape."]]},"withdrawn":{"ingame":true,"scene_state":2,"player":"Liveiagp9v 0","tile":[3185,3440,0],"tick":57,"items":{"Chisel":1,"Uncut sapphire":1},"item_ids":{"1623":1,"1755":1},"bank":{"Sapphire":27,"Uncut opal":4},"bank_ids":{"1607":27,"1625":4},"bank_open":true,"bank_loaded":true,"bank_generation":5,"levels":{"-unused-":0,"agility":1,"attack":1,"cooking":1,"crafting":22,"defence":1,"firemaking":1,"fishing":1,"fletching":1,"herblore":1,"hitpoints":10,"magic":1,"mining":1,"prayer":1,"ranged":1,"runecraft":1,"slayer":1,"smithing":1,"strength":1,"thieving":1,"woodcutting":1},"xp":{"-unused-":0,"agility":0,"attack":0,"cooking":0,"crafting":5820,"defence":0,"firemaking":0,"fishing":0,"fletching":0,"herblore":0,"hitpoints":1154,"magic":0,"mining":0,"prayer":0,"ranged":0,"runecraft":0,"slayer":0,"smithing":0,"strength":0,"thieving":0,"woodcutting":0},"chat":[[36,"You cut the Sapphire."],[35,"You cut the Sapphire."],[34,"Congratulations, you just advanced a crafting level."],[33,"You cut the Sapphire."],[32,"You cut the Sapphire."],[31,"You cut the Sapphire."],[30,"You cut the Sapphire."],[29,"You cut the Sapphire."],[28,"You cut the Sapphire."],[27,"You cut the Sapphire."],[26,"You cut the Sapphire."],[25,"You cut the Sapphire."],[24,"You cut the Sapphire."],[23,"Congratulations, you just advanced a crafting level."],[22,"You cut the Sapphire."],[21,"You cut the Sapphire."],[20,"You cut the Sapphire."],[19,"You cut the Sapphire."],[18,"You cut the Sapphire."],[17,"You cut the Sapphire."],[16,"You cut the Sapphire."],[15,"You cut the Sapphire."],[14,"You cut the Sapphire."],[13,"You cut the Sapphire."],[12,"You cut the Sapphire."],[11,"You cut the Sapphire."],[10,"You cut the Sapphire."],[9,"You cut the Sapphire."],[8,"You cut the Sapphire."],[7,"Inventory wiped."],[6,"set tutorial: to 1000"],[5,"Welcome to RuneScape."]]},"cut_after_withdrawal":true,"filter_violated":false},"ordered_first_exhausted":false}}
test catalog_boundary_live ... ok

test result: ok. 1 passed; 0 failed; 0 ignored; 0 measured; 16 filtered out; finished in 50.23s

