
running 1 test
{"phase":"identity","revision":274,"profile":"local-274 · 127.0.0.1:43594 · revision 274","cache_id":"4aac9b63312dcb75d5de8f686772d083ba0808c57985438246edf21ef522be1c","nav_pack":"/Users/acfrazier/experiments/274bot/.worktrees/rs2b0t-multirevision/.superpowers/world-capabilities/274/274bot.navpack","nav_sha256":"05db24743e9f549ced16c1f00b87c30a390d3aaec391815da3f3563130b3bcd4","catalog_commit":"100adccc037d9f6898080e1cad58fcfc43364775","catalog_identity":"pre-289 frozen catalog","catalog_read_only_path":".superpowers/inputs/rs2b0t-100adccc037d9f6898080e1cad58fcfc43364775","catalog_root":"/Users/acfrazier/experiments/274bot/.worktrees/rs2b0t-multirevision/.superpowers/inputs/rs2b0t-100adccc037d9f6898080e1cad58fcfc43364775","registry_path":"/Users/acfrazier/experiments/274bot/.worktrees/rs2b0t-multirevision/.superpowers/inputs/rs2b0t-100adccc037d9f6898080e1cad58fcfc43364775/src/bot/scripts/index.ts","registry_sha256":"b614aedb3d5adfdfbac3760f082273f3cf5c33fffe4ced0f2b01490ae02d1bc2","card":{"card":"FlaxAIO","source_path":"/Users/acfrazier/experiments/274bot/.worktrees/rs2b0t-multirevision/.superpowers/inputs/rs2b0t-100adccc037d9f6898080e1cad58fcfc43364775/src/bot/scripts/FlaxAIO/flaxaio.ts","source_sha256":"6fd81a87dc88822298f5f5557e3f6163a5dadf46480e7f686fc4892001b608a1","compiled_sha256":"6f1851aa49ce152da36147f1cfd9f6425eb1be80b6b850da0a87cfb9f6a125dc","siblings":[{"module":"/rs2b0t/bot/scripts/bot/spinning.js","compiled_sha256":"f12aafddc75ce425bb2cdc46d43b8d61175be4aa863bcd91f953d7a53f752886"},{"module":"/rs2b0t/bot/scripts/bot/walking.js","compiled_sha256":"68c71306942161e5273a147072f06585d83d54888864ab7d5df22ba0ebceb469"},{"module":"/rs2b0t/bot/scripts/bot/banking.js","compiled_sha256":"adb7045b3c0986451b9366292536f7a4043c28de05e42528add29b8d7454baff"},{"module":"/rs2b0t/bot/scripts/bot/picking.js","compiled_sha256":"ed7e6686b2e9d5a12dea3e1a95bde14053b381626fbef4e20ff2c4712e99a247"}],"settings":{"picking":true,"spinning":false}},"account":"live61grvn_0","engine_speed_ms":null}
[host-play] slot live61grvn_0: thread up
274bot: loaded snapshot (4556 models, 336 anim records)
[host-play] slot live61grvn_0: handshake begin reconnect=false
[host-play] slot live61grvn_0: handshake ok
[host-play] slot live61grvn_0: queued mainland tele+setvar (scene 2)
[host] slot live61grvn_0: d_loop_us=11260 d_raster_us=0 d_observe_us=44777 max_observe_us=6340 d_paints=0 d_skips=50 d_ticks=5 window_ms=0
[host-play] slot live61grvn_0: handshake begin reconnect=true
[host-play] slot live61grvn_0: handshake ok
[host] slot live61grvn_0: d_loop_us=634 d_raster_us=0 d_observe_us=32474 max_observe_us=2807 d_paints=0 d_skips=50 d_ticks=1 window_ms=0
[host-play] slot live61grvn_0: queued mainland tele+setvar (scene 2)
{"phase":"baseline-after-preparation","scenario":"flax_aio_pick","account":"live61grvn_0","observation":{"ingame":true,"scene_state":2,"player":"Live61grvn 0","tile":[2741,3444,0],"combat_level":3,"tick":18,"items":{},"item_ids":{},"bank":{},"bank_ids":{},"bank_open":false,"bank_loaded":false,"bank_generation":0,"levels":{"-unused-":0,"agility":1,"attack":1,"cooking":1,"crafting":1,"defence":1,"firemaking":1,"fishing":1,"fletching":1,"herblore":1,"hitpoints":10,"magic":1,"mining":1,"prayer":1,"ranged":1,"runecraft":1,"slayer":1,"smithing":1,"strength":1,"thieving":1,"woodcutting":1},"effective_levels":{"-unused-":0,"agility":1,"attack":1,"cooking":1,"crafting":1,"defence":1,"firemaking":1,"fishing":1,"fletching":1,"herblore":1,"hitpoints":10,"magic":1,"mining":1,"prayer":1,"ranged":1,"runecraft":1,"slayer":1,"smithing":1,"strength":1,"thieving":1,"woodcutting":1},"xp":{"-unused-":0,"agility":0,"attack":0,"cooking":0,"crafting":0,"defence":0,"firemaking":0,"fishing":0,"fletching":0,"herblore":0,"hitpoints":1154,"magic":0,"mining":0,"prayer":0,"ranged":0,"runecraft":0,"slayer":0,"smithing":0,"strength":0,"thieving":0,"woodcutting":0},"varps":{"108":0,"309":0},"chat":[[7,"Inventory wiped."],[6,"set tutorial: to 1000"],[5,"Welcome to RuneScape."]],"loc_facts":[],"npc_facts":[],"ground_loot":[],"local_in_combat":false,"local_target_npc":null,"local_health":0,"local_animation":-1,"equipment_ids":{},"main_modal":-1,"widget_ids":[3213,3214]}}
[script live61grvn_0] start load
{"phase":"start","account":"live61grvn_0","count":1}
[host] hitch live61grvn_0: observe_us=79933 paints=0 skips=88 ticks=18
[script live61grvn_0] FlaxAIO (pick) — flax 'Flax' at (2741, 3444, 0), wheel (2711, 3471, 1)
[script live61grvn_0] interact Loc { x: 2739, z: 3442, level: 0, action: "Pick", id: Some(2646) }
[host] slot live61grvn_0: d_loop_us=19592 d_raster_us=0 d_observe_us=150038 max_observe_us=79933 d_paints=0 d_skips=50 d_ticks=18 window_ms=11062
[host] hitch live61grvn_0: observe_us=16044 paints=0 skips=112 ticks=20
[host] slot live61grvn_0: d_loop_us=646 d_raster_us=0 d_observe_us=55206 max_observe_us=16044 d_paints=0 d_skips=50 d_ticks=2 window_ms=1206
[host] hitch live61grvn_0: observe_us=18837 paints=0 skips=162 ticks=22
[script live61grvn_0] interact Loc { x: 2738, z: 3441, level: 0, action: "Pick", id: Some(2646) }
[host] slot live61grvn_0: d_loop_us=576 d_raster_us=0 d_observe_us=61184 max_observe_us=18837 d_paints=0 d_skips=50 d_ticks=2 window_ms=1199
[host] hitch live61grvn_0: observe_us=16466 paints=0 skips=237 ticks=25
[script live61grvn_0] interact Loc { x: 2738, z: 3440, level: 0, action: "Pick", id: Some(2646) }
[host] slot live61grvn_0: d_loop_us=718 d_raster_us=0 d_observe_us=60393 max_observe_us=16466 d_paints=0 d_skips=50 d_ticks=2 window_ms=1175
[host] hitch live61grvn_0: observe_us=21231 paints=0 skips=264 ticks=26
[script live61grvn_0] interact Loc { x: 2737, z: 3440, level: 0, action: "Pick", id: Some(2646) }
[host] hitch live61grvn_0: observe_us=24219 paints=0 skips=289 ticks=27
[host] slot live61grvn_0: d_loop_us=813 d_raster_us=0 d_observe_us=83656 max_observe_us=24219 d_paints=0 d_skips=50 d_ticks=2 window_ms=1173
[host] hitch live61grvn_0: observe_us=16819 paints=0 skips=314 ticks=28
[host] hitch live61grvn_0: observe_us=16582 paints=0 skips=339 ticks=29
[script live61grvn_0] interact Loc { x: 2738, z: 3440, level: 0, action: "Pick", id: Some(2646) }
[host] slot live61grvn_0: d_loop_us=864 d_raster_us=0 d_observe_us=70985 max_observe_us=16819 d_paints=0 d_skips=50 d_ticks=2 window_ms=1192
[host] hitch live61grvn_0: observe_us=16031 paints=0 skips=364 ticks=30
[script live61grvn_0] interact Loc { x: 2738, z: 3440, level: 0, action: "Pick", id: Some(2646) }
[host] slot live61grvn_0: d_loop_us=771 d_raster_us=0 d_observe_us=60901 max_observe_us=16031 d_paints=0 d_skips=50 d_ticks=2 window_ms=1201
[host] hitch live61grvn_0: observe_us=17425 paints=0 skips=414 ticks=32
[script live61grvn_0] interact Loc { x: 2739, z: 3440, level: 0, action: "Pick", id: Some(2646) }
[host] hitch live61grvn_0: observe_us=16910 paints=0 skips=440 ticks=33
[script live61grvn_0] interact Loc { x: 2739, z: 3440, level: 0, action: "Pick", id: Some(2646) }
[host] slot live61grvn_0: d_loop_us=760 d_raster_us=0 d_observe_us=69959 max_observe_us=17425 d_paints=0 d_skips=50 d_ticks=2 window_ms=1174
[host] hitch live61grvn_0: observe_us=21041 paints=0 skips=491 ticks=35
[script live61grvn_0] interact Loc { x: 2738, z: 3439, level: 0, action: "Pick", id: Some(2646) }
[host] slot live61grvn_0: d_loop_us=831 d_raster_us=0 d_observe_us=65945 max_observe_us=21041 d_paints=0 d_skips=50 d_ticks=2 window_ms=1192
[host] slot live61grvn_0: d_loop_us=754 d_raster_us=0 d_observe_us=58977 max_observe_us=15047 d_paints=0 d_skips=50 d_ticks=2 window_ms=1208
[host] hitch live61grvn_0: observe_us=22332 paints=0 skips=565 ticks=38
[script live61grvn_0] interact Loc { x: 2739, z: 3439, level: 0, action: "Pick", id: Some(2646) }
[host] hitch live61grvn_0: observe_us=18402 paints=0 skips=590 ticks=39
[script live61grvn_0] interact Loc { x: 2739, z: 3439, level: 0, action: "Pick", id: Some(2646) }
[host] slot live61grvn_0: d_loop_us=978 d_raster_us=0 d_observe_us=80248 max_observe_us=22332 d_paints=0 d_skips=50 d_ticks=2 window_ms=1207
[script live61grvn_0] interact Loc { x: 2740, z: 3439, level: 0, action: "Pick", id: Some(2646) }
[host] slot live61grvn_0: d_loop_us=581 d_raster_us=0 d_observe_us=49104 max_observe_us=15816 d_paints=0 d_skips=50 d_ticks=2 window_ms=1208
[script live61grvn_0] interact Loc { x: 2740, z: 3439, level: 0, action: "Pick", id: Some(2646) }
[host] slot live61grvn_0: d_loop_us=565 d_raster_us=0 d_observe_us=46670 max_observe_us=14876 d_paints=0 d_skips=50 d_ticks=2 window_ms=1200
[host] hitch live61grvn_0: observe_us=18673 paints=0 skips=715 ticks=44
[script live61grvn_0] interact Loc { x: 2739, z: 3438, level: 0, action: "Pick", id: Some(2646) }
[host] hitch live61grvn_0: observe_us=17161 paints=0 skips=739 ticks=45
[host] slot live61grvn_0: d_loop_us=673 d_raster_us=0 d_observe_us=62446 max_observe_us=18673 d_paints=0 d_skips=50 d_ticks=2 window_ms=1207
[host] hitch live61grvn_0: observe_us=16733 paints=0 skips=764 ticks=46
[host] hitch live61grvn_0: observe_us=19257 paints=0 skips=789 ticks=47
[script live61grvn_0] interact Loc { x: 2739, z: 3442, level: 0, action: "Pick", id: Some(2646) }
[host] slot live61grvn_0: d_loop_us=663 d_raster_us=0 d_observe_us=59790 max_observe_us=19257 d_paints=0 d_skips=50 d_ticks=2 window_ms=1209
[host] hitch live61grvn_0: observe_us=16652 paints=0 skips=813 ticks=48
[host] hitch live61grvn_0: observe_us=16534 paints=0 skips=838 ticks=49
[host] slot live61grvn_0: d_loop_us=596 d_raster_us=0 d_observe_us=59967 max_observe_us=16652 d_paints=0 d_skips=50 d_ticks=2 window_ms=1216
[host] hitch live61grvn_0: observe_us=21958 paints=0 skips=863 ticks=50
[script live61grvn_0] interact Loc { x: 2738, z: 3441, level: 0, action: "Pick", id: Some(2646) }
[script live61grvn_0] interact Loc { x: 2738, z: 3441, level: 0, action: "Pick", id: Some(2646) }
[host] slot live61grvn_0: d_loop_us=827 d_raster_us=0 d_observe_us=69454 max_observe_us=21958 d_paints=0 d_skips=50 d_ticks=2 window_ms=1205
[host] hitch live61grvn_0: observe_us=22814 paints=0 skips=913 ticks=52
[script live61grvn_0] interact Loc { x: 2739, z: 3444, level: 0, action: "Pick", id: Some(2646) }
[host] hitch live61grvn_0: observe_us=17064 paints=0 skips=938 ticks=53
[host] slot live61grvn_0: d_loop_us=755 d_raster_us=0 d_observe_us=72337 max_observe_us=22814 d_paints=0 d_skips=50 d_ticks=2 window_ms=1193
[host] hitch live61grvn_0: observe_us=29887 paints=0 skips=989 ticks=55
[script live61grvn_0] interact Loc { x: 2737, z: 3440, level: 0, action: "Pick", id: Some(2646) }
[host] slot live61grvn_0: d_loop_us=1081 d_raster_us=0 d_observe_us=85671 max_observe_us=29887 d_paints=0 d_skips=50 d_ticks=2 window_ms=1207
[host] hitch live61grvn_0: observe_us=29728 paints=0 skips=1013 ticks=56
[script live61grvn_0] interact Loc { x: 2737, z: 3440, level: 0, action: "Pick", id: Some(2646) }
[host] hitch live61grvn_0: observe_us=20914 paints=0 skips=1038 ticks=57
[host] slot live61grvn_0: d_loop_us=1127 d_raster_us=0 d_observe_us=102413 max_observe_us=29728 d_paints=0 d_skips=50 d_ticks=2 window_ms=1204
[host] hitch live61grvn_0: observe_us=18792 paints=0 skips=1063 ticks=58
[script live61grvn_0] interact Loc { x: 2738, z: 3440, level: 0, action: "Pick", id: Some(2646) }
[host] hitch live61grvn_0: observe_us=19324 paints=0 skips=1088 ticks=59
[host] slot live61grvn_0: d_loop_us=914 d_raster_us=0 d_observe_us=89907 max_observe_us=19324 d_paints=0 d_skips=50 d_ticks=2 window_ms=1192
[host] hitch live61grvn_0: observe_us=30559 paints=0 skips=1139 ticks=61
[script live61grvn_0] interact Loc { x: 2739, z: 3440, level: 0, action: "Pick", id: Some(2646) }
[host] slot live61grvn_0: d_loop_us=1239 d_raster_us=0 d_observe_us=91311 max_observe_us=30559 d_paints=0 d_skips=50 d_ticks=2 window_ms=1194
[host] hitch live61grvn_0: observe_us=29734 paints=0 skips=1164 ticks=62
[script live61grvn_0] interact Loc { x: 2739, z: 3440, level: 0, action: "Pick", id: Some(2646) }
[host] slot live61grvn_0: d_loop_us=1064 d_raster_us=0 d_observe_us=85493 max_observe_us=29734 d_paints=0 d_skips=50 d_ticks=2 window_ms=1220
[host] hitch live61grvn_0: observe_us=33401 paints=0 skips=1213 ticks=64
[script live61grvn_0] interact Loc { x: 2738, z: 3439, level: 0, action: "Pick", id: Some(2646) }
[host] hitch live61grvn_0: observe_us=29459 paints=0 skips=1237 ticks=65
[host] slot live61grvn_0: d_loop_us=1088 d_raster_us=0 d_observe_us=119455 max_observe_us=33401 d_paints=0 d_skips=50 d_ticks=2 window_ms=1230
[host] hitch live61grvn_0: observe_us=18621 paints=0 skips=1261 ticks=66
[host] hitch live61grvn_0: observe_us=30463 paints=0 skips=1287 ticks=67
[script live61grvn_0] interact Loc { x: 2739, z: 3439, level: 0, action: "Pick", id: Some(2646) }
[host] slot live61grvn_0: d_loop_us=1148 d_raster_us=0 d_observe_us=109808 max_observe_us=30463 d_paints=0 d_skips=50 d_ticks=2 window_ms=1207
[host] hitch live61grvn_0: observe_us=30026 paints=0 skips=1311 ticks=68
[script live61grvn_0] interact Loc { x: 2739, z: 3439, level: 0, action: "Pick", id: Some(2646) }
[host] slot live61grvn_0: d_loop_us=898 d_raster_us=0 d_observe_us=80044 max_observe_us=30026 d_paints=0 d_skips=50 d_ticks=2 window_ms=1208
[host] hitch live61grvn_0: observe_us=29660 paints=0 skips=1361 ticks=70
[script live61grvn_0] interact Loc { x: 2740, z: 3439, level: 0, action: "Pick", id: Some(2646) }
[host] hitch live61grvn_0: observe_us=24450 paints=0 skips=1385 ticks=71
[host] slot live61grvn_0: d_loop_us=785 d_raster_us=0 d_observe_us=93640 max_observe_us=29660 d_paints=0 d_skips=50 d_ticks=2 window_ms=1217
[host] hitch live61grvn_0: observe_us=24530 paints=0 skips=1435 ticks=73
[script live61grvn_0] interact Loc { x: 2739, z: 3438, level: 0, action: "Pick", id: Some(2646) }
[host] slot live61grvn_0: d_loop_us=790 d_raster_us=0 d_observe_us=91621 max_observe_us=24530 d_paints=0 d_skips=50 d_ticks=2 window_ms=1199
[host] hitch live61grvn_0: observe_us=24803 paints=0 skips=1460 ticks=74
[script live61grvn_0] interact Loc { x: 2739, z: 3438, level: 0, action: "Pick", id: Some(2646) }
[host] hitch live61grvn_0: observe_us=17665 paints=0 skips=1485 ticks=75
[host] slot live61grvn_0: d_loop_us=746 d_raster_us=0 d_observe_us=80976 max_observe_us=24803 d_paints=0 d_skips=50 d_ticks=2 window_ms=1200
[host] hitch live61grvn_0: observe_us=23483 paints=0 skips=1510 ticks=76
[script live61grvn_0] interact Loc { x: 2739, z: 3442, level: 0, action: "Pick", id: Some(2646) }
test catalog_boundary_live has been running for over 60 seconds
[host] hitch live61grvn_0: observe_us=27668 paints=0 skips=1535 ticks=77
[host] slot live61grvn_0: d_loop_us=696 d_raster_us=0 d_observe_us=95858 max_observe_us=27668 d_paints=0 d_skips=50 d_ticks=2 window_ms=1187
[script live61grvn_0] interact Loc { x: 2738, z: 3441, level: 0, action: "Pick", id: Some(2646) }
[host] hitch live61grvn_0: observe_us=27491 paints=0 skips=1586 ticks=79
[script live61grvn_0] interact Loc { x: 2738, z: 3441, level: 0, action: "Pick", id: Some(2646) }
[host] slot live61grvn_0: d_loop_us=715 d_raster_us=0 d_observe_us=76927 max_observe_us=27491 d_paints=0 d_skips=50 d_ticks=2 window_ms=1201
[host] hitch live61grvn_0: observe_us=16338 paints=0 skips=1610 ticks=80
[host] hitch live61grvn_0: observe_us=24934 paints=0 skips=1635 ticks=81
[script live61grvn_0] interact Loc { x: 2739, z: 3444, level: 0, action: "Pick", id: Some(2646) }
[host] slot live61grvn_0: d_loop_us=871 d_raster_us=0 d_observe_us=87815 max_observe_us=24934 d_paints=0 d_skips=50 d_ticks=2 window_ms=1201
[host] hitch live61grvn_0: observe_us=25459 paints=0 skips=1660 ticks=82
[script live61grvn_0] interact Loc { x: 2739, z: 3444, level: 0, action: "Pick", id: Some(2646) }
[host] slot live61grvn_0: d_loop_us=678 d_raster_us=0 d_observe_us=68678 max_observe_us=25459 d_paints=0 d_skips=50 d_ticks=2 window_ms=1205
[host] hitch live61grvn_0: observe_us=24341 paints=0 skips=1710 ticks=84
[script live61grvn_0] interact Loc { x: 2737, z: 3440, level: 0, action: "Pick", id: Some(2646) }
[host] hitch live61grvn_0: observe_us=18442 paints=0 skips=1735 ticks=85
[script live61grvn_0] interact Loc { x: 2737, z: 3440, level: 0, action: "Pick", id: Some(2646) }
[host] slot live61grvn_0: d_loop_us=794 d_raster_us=0 d_observe_us=84540 max_observe_us=24341 d_paints=0 d_skips=50 d_ticks=2 window_ms=1209
[host] hitch live61grvn_0: observe_us=23862 paints=0 skips=1784 ticks=87
[script live61grvn_0] interact Loc { x: 2738, z: 3440, level: 0, action: "Pick", id: Some(2646) }
[host] slot live61grvn_0: d_loop_us=734 d_raster_us=0 d_observe_us=72874 max_observe_us=23862 d_paints=0 d_skips=50 d_ticks=2 window_ms=1206
[host] hitch live61grvn_0: observe_us=23880 paints=0 skips=1809 ticks=88
[script live61grvn_0] interact Loc { x: 2738, z: 3440, level: 0, action: "Pick", id: Some(2646) }
[host] slot live61grvn_0: d_loop_us=705 d_raster_us=0 d_observe_us=67477 max_observe_us=23880 d_paints=0 d_skips=50 d_ticks=2 window_ms=1217
[host] hitch live61grvn_0: observe_us=18676 paints=0 skips=1858 ticks=90
[script live61grvn_0] interact Loc { x: 2739, z: 3440, level: 0, action: "Pick", id: Some(2646) }
[host] hitch live61grvn_0: observe_us=18427 paints=0 skips=1883 ticks=91
[script live61grvn_0] interact Loc { x: 2739, z: 3440, level: 0, action: "Pick", id: Some(2646) }
[host] slot live61grvn_0: d_loop_us=467 d_raster_us=0 d_observe_us=68487 max_observe_us=18676 d_paints=0 d_skips=50 d_ticks=2 window_ms=1218
[host] hitch live61grvn_0: observe_us=18268 paints=0 skips=1932 ticks=93
[script live61grvn_0] interact Loc { x: 2738, z: 3439, level: 0, action: "Pick", id: Some(2646) }
[host] slot live61grvn_0: d_loop_us=452 d_raster_us=0 d_observe_us=58593 max_observe_us=18268 d_paints=0 d_skips=50 d_ticks=2 window_ms=1213
[host] hitch live61grvn_0: observe_us=19925 paints=0 skips=1957 ticks=94
[script live61grvn_0] interact Loc { x: 2738, z: 3439, level: 0, action: "Pick", id: Some(2646) }
[host] slot live61grvn_0: d_loop_us=643 d_raster_us=0 d_observe_us=60763 max_observe_us=19925 d_paints=0 d_skips=50 d_ticks=2 window_ms=1217
[host] hitch live61grvn_0: observe_us=17461 paints=0 skips=2006 ticks=96
[script live61grvn_0] interact Loc { x: 2739, z: 3439, level: 0, action: "Pick", id: Some(2646) }
[host] hitch live61grvn_0: observe_us=18074 paints=0 skips=2032 ticks=97
[script live61grvn_0] interact Loc { x: 2739, z: 3439, level: 0, action: "Pick", id: Some(2646) }
[host] slot live61grvn_0: d_loop_us=641 d_raster_us=0 d_observe_us=73859 max_observe_us=18074 d_paints=0 d_skips=50 d_ticks=2 window_ms=1189
[host] hitch live61grvn_0: observe_us=18702 paints=0 skips=2082 ticks=99
[script live61grvn_0] interact Loc { x: 2740, z: 3439, level: 0, action: "Pick", id: Some(2646) }
[host] slot live61grvn_0: d_loop_us=723 d_raster_us=0 d_observe_us=67617 max_observe_us=18702 d_paints=0 d_skips=50 d_ticks=2 window_ms=1203
[host] hitch live61grvn_0: observe_us=26579 paints=0 skips=2107 ticks=100
[script live61grvn_0] interact Loc { x: 2740, z: 3439, level: 0, action: "Pick", id: Some(2646) }
[host] hitch live61grvn_0: observe_us=16571 paints=0 skips=2132 ticks=101
[host] slot live61grvn_0: d_loop_us=995 d_raster_us=0 d_observe_us=85119 max_observe_us=26579 d_paints=0 d_skips=50 d_ticks=2 window_ms=1209
[host] hitch live61grvn_0: observe_us=24538 paints=0 skips=2156 ticks=102
[script live61grvn_0] interact Loc { x: 2739, z: 3438, level: 0, action: "Pick", id: Some(2646) }
[host] hitch live61grvn_0: observe_us=19363 paints=0 skips=2181 ticks=103
[host] slot live61grvn_0: d_loop_us=816 d_raster_us=0 d_observe_us=88149 max_observe_us=24538 d_paints=0 d_skips=50 d_ticks=2 window_ms=1206
[host] hitch live61grvn_0: observe_us=16994 paints=0 skips=2206 ticks=104
[script live61grvn_0] interact WalkTo { x: 2721, z: 3493, level: 0 }
[host] hitch live61grvn_0: observe_us=18094 paints=0 skips=2230 ticks=105
[host] slot live61grvn_0: d_loop_us=552 d_raster_us=0 d_observe_us=67280 max_observe_us=18094 d_paints=0 d_skips=50 d_ticks=2 window_ms=1214
[host] hitch live61grvn_0: observe_us=18622 paints=0 skips=2281 ticks=107
[script live61grvn_0] interact WalkTo { x: 2721, z: 3493, level: 0 }
[host] slot live61grvn_0: d_loop_us=777 d_raster_us=0 d_observe_us=69144 max_observe_us=18622 d_paints=0 d_skips=50 d_ticks=2 window_ms=1192
[host] hitch live61grvn_0: observe_us=18774 paints=0 skips=2306 ticks=108
[host] hitch live61grvn_0: observe_us=18141 paints=0 skips=2332 ticks=109
[host] slot live61grvn_0: d_loop_us=650 d_raster_us=0 d_observe_us=70101 max_observe_us=18774 d_paints=0 d_skips=50 d_ticks=2 window_ms=1175
[host] hitch live61grvn_0: observe_us=17927 paints=0 skips=2381 ticks=111
[script live61grvn_0] interact WalkTo { x: 2721, z: 3493, level: 0 }
[host] slot live61grvn_0: d_loop_us=595 d_raster_us=0 d_observe_us=65406 max_observe_us=17927 d_paints=0 d_skips=50 d_ticks=2 window_ms=1207
[host] hitch live61grvn_0: observe_us=17490 paints=0 skips=2406 ticks=112
[host] hitch live61grvn_0: observe_us=18426 paints=0 skips=2431 ticks=113
[host] slot live61grvn_0: d_loop_us=692 d_raster_us=0 d_observe_us=66287 max_observe_us=18426 d_paints=0 d_skips=50 d_ticks=2 window_ms=1180
[host] hitch live61grvn_0: observe_us=28402 paints=0 skips=2457 ticks=114
[script live61grvn_0] interact WalkTo { x: 2721, z: 3493, level: 0 }
[host] hitch live61grvn_0: observe_us=19454 paints=0 skips=2482 ticks=115
[host] slot live61grvn_0: d_loop_us=923 d_raster_us=0 d_observe_us=86766 max_observe_us=28402 d_paints=0 d_skips=50 d_ticks=2 window_ms=1202
[host] hitch live61grvn_0: observe_us=19257 paints=0 skips=2507 ticks=116
[host] hitch live61grvn_0: observe_us=29528 paints=0 skips=2533 ticks=117
[script live61grvn_0] interact WalkTo { x: 2721, z: 3493, level: 0 }
[host] slot live61grvn_0: d_loop_us=1639 d_raster_us=0 d_observe_us=112025 max_observe_us=29528 d_paints=0 d_skips=50 d_ticks=2 window_ms=1202
[host] hitch live61grvn_0: observe_us=31226 paints=0 skips=2558 ticks=118
[host] hitch live61grvn_0: observe_us=28410 paints=0 skips=2582 ticks=119
[host] slot live61grvn_0: d_loop_us=1809 d_raster_us=0 d_observe_us=120938 max_observe_us=31226 d_paints=0 d_skips=50 d_ticks=2 window_ms=1215
[host] hitch live61grvn_0: observe_us=26664 paints=0 skips=2607 ticks=120
[host] hitch live61grvn_0: observe_us=28513 paints=0 skips=2632 ticks=121
[script live61grvn_0] interact WalkTo { x: 2721, z: 3493, level: 0 }
[host] slot live61grvn_0: d_loop_us=1092 d_raster_us=0 d_observe_us=111697 max_observe_us=28513 d_paints=0 d_skips=50 d_ticks=2 window_ms=1205
[host] hitch live61grvn_0: observe_us=30609 paints=0 skips=2656 ticks=122
[host] hitch live61grvn_0: observe_us=28854 paints=0 skips=2682 ticks=123
[host] slot live61grvn_0: d_loop_us=1536 d_raster_us=0 d_observe_us=112074 max_observe_us=30609 d_paints=0 d_skips=50 d_ticks=2 window_ms=1188
[host] hitch live61grvn_0: observe_us=29266 paints=0 skips=2707 ticks=124
[host] slot live61grvn_0: d_loop_us=16635 d_raster_us=0 d_observe_us=131848 max_observe_us=29266 d_paints=0 d_skips=50 d_ticks=2 window_ms=1144
[host] hitch live61grvn_0: observe_us=31328 paints=0 skips=2759 ticks=126
[script live61grvn_0] interact WalkTo { x: 2721, z: 3493, level: 0 }
[host] hitch live61grvn_0: observe_us=29691 paints=0 skips=2784 ticks=127
[host] slot live61grvn_0: d_loop_us=1828 d_raster_us=0 d_observe_us=129080 max_observe_us=31328 d_paints=0 d_skips=50 d_ticks=2 window_ms=1207
[host] hitch live61grvn_0: observe_us=27529 paints=0 skips=2809 ticks=128
[host] hitch live61grvn_0: observe_us=31816 paints=0 skips=2834 ticks=129
[script live61grvn_0] interact WalkTo { x: 2721, z: 3493, level: 0 }
[host] slot live61grvn_0: d_loop_us=1373 d_raster_us=0 d_observe_us=124626 max_observe_us=31816 d_paints=0 d_skips=50 d_ticks=2 window_ms=1214
[host] hitch live61grvn_0: observe_us=28853 paints=0 skips=2859 ticks=130
[host] hitch live61grvn_0: observe_us=18819 paints=0 skips=2884 ticks=131
[host] slot live61grvn_0: d_loop_us=1661 d_raster_us=0 d_observe_us=127960 max_observe_us=28853 d_paints=0 d_skips=50 d_ticks=2 window_ms=1166
[host] hitch live61grvn_0: observe_us=19050 paints=0 skips=2909 ticks=132
[script live61grvn_0] interact OpenBooth { x: 2721, z: 3494, level: 0, id: 2213, name: Some("Bank booth"), action: Some("Use-quickly") }
[host] hitch live61grvn_0: observe_us=19987 paints=0 skips=2935 ticks=133
[host] slot live61grvn_0: d_loop_us=1484 d_raster_us=0 d_observe_us=111999 max_observe_us=19987 d_paints=0 d_skips=50 d_ticks=2 window_ms=1188
[host] hitch live61grvn_0: observe_us=17533 paints=0 skips=2960 ticks=134
[host] hitch live61grvn_0: observe_us=16123 paints=0 skips=2986 ticks=135
[host] slot live61grvn_0: d_loop_us=2278 d_raster_us=0 d_observe_us=113183 max_observe_us=17533 d_paints=0 d_skips=50 d_ticks=2 window_ms=1183
[host] hitch live61grvn_0: observe_us=17677 paints=0 skips=3010 ticks=136
[host] hitch live61grvn_0: observe_us=17476 paints=0 skips=3037 ticks=137
[host] slot live61grvn_0: d_loop_us=1806 d_raster_us=0 d_observe_us=109028 max_observe_us=17677 d_paints=0 d_skips=50 d_ticks=2 window_ms=1181
[host] slot live61grvn_0: d_loop_us=1946 d_raster_us=0 d_observe_us=120176 max_observe_us=15238 d_paints=0 d_skips=50 d_ticks=2 window_ms=1180
[script live61grvn_0] interact WalkTo { x: 2741, z: 3444, level: 0 }
[host] hitch live61grvn_0: observe_us=29329 paints=0 skips=3138 ticks=141
[host] slot live61grvn_0: d_loop_us=1471 d_raster_us=0 d_observe_us=124108 max_observe_us=29329 d_paints=0 d_skips=50 d_ticks=2 window_ms=1169
[host] hitch live61grvn_0: observe_us=23215 paints=0 skips=3164 ticks=142
[host] hitch live61grvn_0: observe_us=21379 paints=0 skips=3189 ticks=143
[script live61grvn_0] interact WalkTo { x: 2741, z: 3444, level: 0 }
[host] slot live61grvn_0: d_loop_us=1395 d_raster_us=0 d_observe_us=96290 max_observe_us=23215 d_paints=0 d_skips=50 d_ticks=2 window_ms=1172
[host] hitch live61grvn_0: observe_us=31188 paints=0 skips=3215 ticks=144
[host] hitch live61grvn_0: observe_us=29487 paints=0 skips=3240 ticks=145
[host] slot live61grvn_0: d_loop_us=1717 d_raster_us=0 d_observe_us=133199 max_observe_us=31188 d_paints=0 d_skips=50 d_ticks=2 window_ms=1200
[host] hitch live61grvn_0: observe_us=30318 paints=0 skips=3265 ticks=146
[script live61grvn_0] interact WalkTo { x: 2741, z: 3444, level: 0 }
[host] hitch live61grvn_0: observe_us=24064 paints=0 skips=3290 ticks=147
[host] slot live61grvn_0: d_loop_us=1579 d_raster_us=0 d_observe_us=121703 max_observe_us=30318 d_paints=0 d_skips=50 d_ticks=2 window_ms=1199
[host] hitch live61grvn_0: observe_us=30881 paints=0 skips=3315 ticks=148
[host] hitch live61grvn_0: observe_us=28653 paints=0 skips=3340 ticks=149
[script live61grvn_0] interact WalkTo { x: 2741, z: 3444, level: 0 }
[host] slot live61grvn_0: d_loop_us=1286 d_raster_us=0 d_observe_us=121575 max_observe_us=30881 d_paints=0 d_skips=50 d_ticks=2 window_ms=1209
[host] hitch live61grvn_0: observe_us=29744 paints=0 skips=3365 ticks=150
[host] hitch live61grvn_0: observe_us=18658 paints=0 skips=3389 ticks=151
[host] slot live61grvn_0: d_loop_us=1550 d_raster_us=0 d_observe_us=118547 max_observe_us=29744 d_paints=0 d_skips=50 d_ticks=2 window_ms=1207
[host] hitch live61grvn_0: observe_us=32626 paints=0 skips=3414 ticks=152
[host] hitch live61grvn_0: observe_us=33953 paints=0 skips=3439 ticks=153
[script live61grvn_0] interact WalkTo { x: 2741, z: 3444, level: 0 }
[host] slot live61grvn_0: d_loop_us=1405 d_raster_us=0 d_observe_us=153604 max_observe_us=33953 d_paints=0 d_skips=50 d_ticks=2 window_ms=1200
[host] hitch live61grvn_0: observe_us=18873 paints=0 skips=3464 ticks=154
[host] hitch live61grvn_0: observe_us=17268 paints=0 skips=3489 ticks=155
[host] slot live61grvn_0: d_loop_us=902 d_raster_us=0 d_observe_us=74033 max_observe_us=18873 d_paints=0 d_skips=50 d_ticks=2 window_ms=1182
[host] hitch live61grvn_0: observe_us=17806 paints=0 skips=3515 ticks=156
[script live61grvn_0] interact WalkTo { x: 2741, z: 3444, level: 0 }
[host] slot live61grvn_0: d_loop_us=1198 d_raster_us=0 d_observe_us=83761 max_observe_us=17806 d_paints=0 d_skips=50 d_ticks=2 window_ms=1187
[host] hitch live61grvn_0: observe_us=27923 paints=0 skips=3565 ticks=158
[host] hitch live61grvn_0: observe_us=27671 paints=0 skips=3590 ticks=159
[host] slot live61grvn_0: d_loop_us=1239 d_raster_us=0 d_observe_us=108353 max_observe_us=27923 d_paints=0 d_skips=50 d_ticks=2 window_ms=1197
[host] hitch live61grvn_0: observe_us=30481 paints=0 skips=3615 ticks=160
[script live61grvn_0] interact WalkTo { x: 2741, z: 3444, level: 0 }
[host] hitch live61grvn_0: observe_us=31301 paints=0 skips=3640 ticks=161
[host] slot live61grvn_0: d_loop_us=1327 d_raster_us=0 d_observe_us=132763 max_observe_us=31301 d_paints=0 d_skips=50 d_ticks=2 window_ms=1217
[host] hitch live61grvn_0: observe_us=23427 paints=0 skips=3664 ticks=162
[host] hitch live61grvn_0: observe_us=26222 paints=0 skips=3690 ticks=163
[script live61grvn_0] interact WalkTo { x: 2741, z: 3444, level: 0 }
[host] slot live61grvn_0: d_loop_us=1231 d_raster_us=0 d_observe_us=103474 max_observe_us=26222 d_paints=0 d_skips=50 d_ticks=2 window_ms=1204
[host] hitch live61grvn_0: observe_us=30200 paints=0 skips=3725 ticks=165
[host] hitch live61grvn_0: observe_us=22309 paints=0 skips=3726 ticks=166
[host] slot live61grvn_0: d_loop_us=9754 d_raster_us=0 d_observe_us=147267 max_observe_us=30200 d_paints=0 d_skips=50 d_ticks=3 window_ms=2129
[host] hitch live61grvn_0: observe_us=31545 paints=0 skips=3751 ticks=167
[host] hitch live61grvn_0: observe_us=23951 paints=0 skips=3776 ticks=168
[script live61grvn_0] interact Loc { x: 2739, z: 3442, level: 0, action: "Pick", id: Some(2646) }
[host] slot live61grvn_0: d_loop_us=1196 d_raster_us=0 d_observe_us=108436 max_observe_us=31545 d_paints=0 d_skips=50 d_ticks=3 window_ms=1217
[host] hitch live61grvn_0: observe_us=22583 paints=0 skips=3800 ticks=169
[host] slot live61grvn_0: d_loop_us=1025 d_raster_us=0 d_observe_us=86724 max_observe_us=22583 d_paints=0 d_skips=50 d_ticks=2 window_ms=1205
[host] hitch live61grvn_0: observe_us=23958 paints=0 skips=3850 ticks=171
PASS: catalog_boundary_live: {"scenario":"flax_aio_pick","runner":"Some(Evidence { scenario: \"flax_aio_pick\", outcome: \"PASS\", predicate: \"has_item_id(1779)>=1\", ticks: 244, elapsed_ms: 113762, message: None, tile: Some([2739, 3443, 0]), inv: [InvRow { id: 1779, name: Some(\"Flax\"), count: 1 }], stat: Some(StatRow { runenergy: 57 }), chat: [ChatRow { text: \"You pick some flax.\", username: None }, ChatRow { text: \"You can't carry any more flax.\", username: None }, ChatRow { text: \"You pick some flax.\", username: None }, ChatRow { text: \"You pick some flax.\", username: None }, ChatRow { text: \"You pick some flax.\", username: None }, ChatRow { text: \"You pick some flax.\", username: None }, ChatRow { text: \"You pick some flax.\", username: None }, ChatRow { text: \"You pick some flax.\", username: None }, ChatRow { text: \"You pick some flax.\", username: None }, ChatRow { text: \"You pick some flax.\", username: None }, ChatRow { text: \"You pick some flax.\", username: None }, ChatRow { text: \"You pick some flax.\", username: None }, ChatRow { text: \"You pick some flax.\", username: None }, ChatRow { text: \"You pick some flax.\", username: None }, ChatRow { text: \"You pick some flax.\", username: None }, ChatRow { text: \"You pick some flax.\", username: None }, ChatRow { text: \"You pick some flax.\", username: None }, ChatRow { text: \"You pick some flax.\", username: None }, ChatRow { text: \"You pick some flax.\", username: None }, ChatRow { text: \"You pick some flax.\", username: None }, ChatRow { text: \"You pick some flax.\", username: None }, ChatRow { text: \"You pick some flax.\", username: None }, ChatRow { text: \"You pick some flax.\", username: None }, ChatRow { text: \"You pick some flax.\", username: None }, ChatRow { text: \"You pick some flax.\", username: None }, ChatRow { text: \"You pick some flax.\", username: None }, ChatRow { text: \"You pick some flax.\", username: None }, ChatRow { text: \"You pick some flax.\", username: None }, ChatRow { text: \"You pick some flax.\", username: None }, ChatRow { text: \"You pick some flax.\", username: None }, ChatRow { text: \"Inventory wiped.\", username: None }, ChatRow { text: \"set tutorial: to 1000\", username: None }, ChatRow { text: \"Welcome to RuneScape.\", username: None }], scene: 2 })","core":{"case":"flax_aio_pick","baseline":{"ingame":true,"scene_state":2,"player":"Live61grvn 0","tile":[2741,3444,0],"combat_level":3,"tick":18,"items":{},"item_ids":{},"bank":{},"bank_ids":{},"bank_open":false,"bank_loaded":false,"bank_generation":0,"levels":{"-unused-":0,"agility":1,"attack":1,"cooking":1,"crafting":1,"defence":1,"firemaking":1,"fishing":1,"fletching":1,"herblore":1,"hitpoints":10,"magic":1,"mining":1,"prayer":1,"ranged":1,"runecraft":1,"slayer":1,"smithing":1,"strength":1,"thieving":1,"woodcutting":1},"effective_levels":{"-unused-":0,"agility":1,"attack":1,"cooking":1,"crafting":1,"defence":1,"firemaking":1,"fishing":1,"fletching":1,"herblore":1,"hitpoints":10,"magic":1,"mining":1,"prayer":1,"ranged":1,"runecraft":1,"slayer":1,"smithing":1,"strength":1,"thieving":1,"woodcutting":1},"xp":{"-unused-":0,"agility":0,"attack":0,"cooking":0,"crafting":0,"defence":0,"firemaking":0,"fishing":0,"fletching":0,"herblore":0,"hitpoints":1154,"magic":0,"mining":0,"prayer":0,"ranged":0,"runecraft":0,"slayer":0,"smithing":0,"strength":0,"thieving":0,"woodcutting":0},"varps":{"108":0,"309":0},"chat":[[7,"Inventory wiped."],[6,"set tutorial: to 1000"],[5,"Welcome to RuneScape."]],"loc_facts":[],"npc_facts":[],"ground_loot":[],"local_in_combat":false,"local_target_npc":null,"local_health":0,"local_animation":-1,"equipment_ids":{},"main_modal":-1,"widget_ids":[3213,3214]},"latest":{"ingame":true,"scene_state":2,"player":"Live61grvn 0","tile":[2739,3443,0],"combat_level":3,"tick":171,"items":{"Flax":1},"item_ids":{"1779":1},"bank":{},"bank_ids":{},"bank_open":false,"bank_loaded":false,"bank_generation":2,"levels":{"-unused-":0,"agility":1,"attack":1,"cooking":1,"crafting":1,"defence":1,"firemaking":1,"fishing":1,"fletching":1,"herblore":1,"hitpoints":10,"magic":1,"mining":1,"prayer":1,"ranged":1,"runecraft":1,"slayer":1,"smithing":1,"strength":1,"thieving":1,"woodcutting":1},"effective_levels":{"-unused-":0,"agility":1,"attack":1,"cooking":1,"crafting":1,"defence":1,"firemaking":1,"fishing":1,"fletching":1,"herblore":1,"hitpoints":10,"magic":1,"mining":1,"prayer":1,"ranged":1,"runecraft":1,"slayer":1,"smithing":1,"strength":1,"thieving":1,"woodcutting":1},"xp":{"-unused-":0,"agility":0,"attack":0,"cooking":0,"crafting":0,"defence":0,"firemaking":0,"fishing":0,"fletching":0,"herblore":0,"hitpoints":1154,"magic":0,"mining":0,"prayer":0,"ranged":0,"runecraft":0,"slayer":0,"smithing":0,"strength":0,"thieving":0,"woodcutting":0},"varps":{"108":0,"309":0},"chat":[[37,"You pick some flax."],[36,"You can't carry any more flax."],[35,"You pick some flax."],[34,"You pick some flax."],[33,"You pick some flax."],[32,"You pick some flax."],[31,"You pick some flax."],[30,"You pick some flax."],[29,"You pick some flax."],[28,"You pick some flax."],[27,"You pick some flax."],[26,"You pick some flax."],[25,"You pick some flax."],[24,"You pick some flax."],[23,"You pick some flax."],[22,"You pick some flax."],[21,"You pick some flax."],[20,"You pick some flax."],[19,"You pick some flax."],[18,"You pick some flax."],[17,"You pick some flax."],[16,"You pick some flax."],[15,"You pick some flax."],[14,"You pick some flax."],[13,"You pick some flax."],[12,"You pick some flax."],[11,"You pick some flax."],[10,"You pick some flax."],[9,"You pick some flax."],[8,"You pick some flax."],[7,"Inventory wiped."],[6,"set tutorial: to 1000"],[5,"Welcome to RuneScape."]],"loc_facts":[],"npc_facts":[],"ground_loot":[],"local_in_combat":false,"local_target_npc":null,"local_health":0,"local_animation":827,"equipment_ids":{},"main_modal":-1,"widget_ids":[3213,3214]},"max_items":{"Flax":28},"max_xp":{"-unused-":0,"agility":0,"attack":0,"cooking":0,"crafting":0,"defence":0,"firemaking":0,"fishing":0,"fletching":0,"herblore":0,"hitpoints":1154,"magic":0,"mining":0,"prayer":0,"ranged":0,"runecraft":0,"slayer":0,"smithing":0,"strength":0,"thieving":0,"woodcutting":0},"saw_bury_chat":false,"post_start_observations":3748,"bone_bank_cycle":{"first_batch_buried":false,"opened":null,"withdrawn":null,"buried_after_withdrawal":false},"bank_fletcher_cycle":{"first_pack_created":false,"deposited":null,"withdrawn":null,"crafted_after_withdrawal":false},"bank_fletcher_option_cycle":{"first":null,"deposited":null,"restocked":null,"further":false},"bank_fletcher_string_cycle":{"initial_pairs_strung":false,"deposited":null,"withdrawn":null,"strung_after_withdrawal":false},"bank_fletcher_cut_string_cycle":{"cut_pair_created":false,"deposited":null,"withdrawn":null,"string_pair_created":false},"alcher_defaults_cycle":{"withdrawn":null,"consumed":false},"alcher_generated_custom_cycle":{"withdrawn":null,"consumed":false},"dart_fletcher_cycle":{"first":null,"further":false,"wrong_tier":false},"herb_cleaner_cycle":{"first_pack":false,"deposited":null,"withdrawn":null,"cleaned_after_withdrawal":false,"filter_violated":false},"gem_cutter_cycle":{"first_pack":false,"deposited":null,"withdrawn":null,"cut_after_withdrawal":false,"filter_violated":false},"door_opener_cycle":{"selected":null,"opened":false},"gnome_course_cycle":{"log":null,"ground_return":null,"pipe":null,"second_lap":false},"wildy_agility_cycle":{"ridge":null,"pipe":null,"rope":null,"stone":null,"log":null,"rocks":null,"further_pipe":false},"brimhaven_agility_cycle":{"paid":false,"entered":null,"moved":null,"first_tag":false,"ticket":null,"subsequent_work":false},"flax_picker_cycle":{"first_pack":false,"deposited":null,"returned":false,"further":false},"superheater_cycle":{"first_bars":false,"deposited":null,"withdrawn":null,"produced_after_withdrawal":false,"wrong_product":false,"wrong_staff":false},"chicken_killer_bank_cycle":{"combat_loot":false,"deposited":null,"returned":false,"further":false},"vial_filler_cycle":{"filled":null,"deposited":null,"withdrawn":null,"returned":false,"further":false},"potion_maker_cycle":{"unfinished":null,"finished":null,"deposited":null,"withdrawn":null,"further":false,"wrong_product":false,"filter_violated":false},"tanner_bot_cycle":{"widget":null,"tanned":null,"deposited":null,"withdrawn":null,"returned":false,"further":false,"wrong_product":false,"shop":false},"rune_crafter_cycle":{"withdrawn":null,"entered":null,"crafted":null,"exited":null,"deposited":null,"restocked":null,"returned":false,"further":false,"wrong_product":false,"noted":false},"ardy_cakes_cycle":{"stolen":null,"deposited":null,"returned":false,"further":false,"wrong_product":false,"noted":false},"ardy_thiever_cycle":{"pickpocketed":null,"deposited":null,"returned":false,"further":false},"gnome_chop_cycle":{"chopped":null,"deposited":null,"returned":false,"further":false,"wrong_product":false,"noted":false},"gnome_fletch_cycle":{"chopped":null,"fletched":null,"deposited":null,"returned":false,"further":false,"wrong_product":false,"noted":false},"coal_trucks_cycle":{"mined":null,"trucked":null,"further":false,"noted":false,"banked":false,"fixture_changed":false},"station_production_cycle":{"withdrawn":null,"produced":null,"deposited":null,"restocked":null,"returned":false,"further":false,"wrong_product":false,"noted":false},"flax_aio_cycle":{"picked":null,"produced":null,"deposited":null,"returned":false,"further":false,"wrong_product":false,"noted":false},"flax_aio_pick_cycle":{"first_pack":true,"deposited":{"ingame":true,"scene_state":2,"player":"Live61grvn 0","tile":[2721,3493,0],"combat_level":3,"tick":135,"items":{},"item_ids":{},"bank":{"Flax":28},"bank_ids":{"1779":28},"bank_open":true,"bank_loaded":true,"bank_generation":1,"levels":{"-unused-":0,"agility":1,"attack":1,"cooking":1,"crafting":1,"defence":1,"firemaking":1,"fishing":1,"fletching":1,"herblore":1,"hitpoints":10,"magic":1,"mining":1,"prayer":1,"ranged":1,"runecraft":1,"slayer":1,"smithing":1,"strength":1,"thieving":1,"woodcutting":1},"effective_levels":{"-unused-":0,"agility":1,"attack":1,"cooking":1,"crafting":1,"defence":1,"firemaking":1,"fishing":1,"fletching":1,"herblore":1,"hitpoints":10,"magic":1,"mining":1,"prayer":1,"ranged":1,"runecraft":1,"slayer":1,"smithing":1,"strength":1,"thieving":1,"woodcutting":1},"xp":{"-unused-":0,"agility":0,"attack":0,"cooking":0,"crafting":0,"defence":0,"firemaking":0,"fishing":0,"fletching":0,"herblore":0,"hitpoints":1154,"magic":0,"mining":0,"prayer":0,"ranged":0,"runecraft":0,"slayer":0,"smithing":0,"strength":0,"thieving":0,"woodcutting":0},"varps":{"108":0,"309":0},"chat":[[36,"You can't carry any more flax."],[35,"You pick some flax."],[34,"You pick some flax."],[33,"You pick some flax."],[32,"You pick some flax."],[31,"You pick some flax."],[30,"You pick some flax."],[29,"You pick some flax."],[28,"You pick some flax."],[27,"You pick some flax."],[26,"You pick some flax."],[25,"You pick some flax."],[24,"You pick some flax."],[23,"You pick some flax."],[22,"You pick some flax."],[21,"You pick some flax."],[20,"You pick some flax."],[19,"You pick some flax."],[18,"You pick some flax."],[17,"You pick some flax."],[16,"You pick some flax."],[15,"You pick some flax."],[14,"You pick some flax."],[13,"You pick some flax."],[12,"You pick some flax."],[11,"You pick some flax."],[10,"You pick some flax."],[9,"You pick some flax."],[8,"You pick some flax."],[7,"Inventory wiped."],[6,"set tutorial: to 1000"],[5,"Welcome to RuneScape."]],"loc_facts":[],"npc_facts":[],"ground_loot":[],"local_in_combat":false,"local_target_npc":null,"local_health":0,"local_animation":-1,"equipment_ids":{},"main_modal":5292,"widget_ids":[2005,2006,5292,5293,5294,5295,5296,5297,5298,5299,5300,5301,5302,5303,5304,5305,5306,5307,5308,5309,5310,5311,5312,5313,5314,5315,5316,5317,5318,5319,5320,5321,5322,5323,5324,5325,5326,5327,5328,5329,5330,5331,5332,5333,5334,5335,5336,5337,5338,5339,5340,5341,5342,5343,5344,5345,5346,5347,5348,5349,5350,5351,5352,5353,5354,5355,5356,5357,5358,5359,5360,5361,5362,5363,5364,5365,5366,5367,5368,5369,5370,5371,5372,5373,5374,5375,5376,5377,5378,5379,5380,5381,5382,5383,5384,5385,5386,5387,5388,5389,5390,5391,8130,8131,8132,8133]},"returned":true,"further":true,"wrong_product":false,"noted":false},"herblore_eggs_cycle":{"taken":false,"deposited":null,"returned":false,"further":false,"wrong_product":false,"noted":false},"herblore_newt_cycle":{"bought":false,"deposited":null,"returned":false,"further":false,"coins_spent":false,"coins_peak":0,"wrong_product":false,"noted":false},"combat_core_cycle":{"engagements":0,"defeats":0,"further_work":false,"style_xp":false,"autocast_armed":false,"mind_rune_consumed":false,"air_runes_consumed":false,"looted":false,"noted":false,"activated":false,"shield_worn":false,"stolen_food":false,"wrong_item":false,"dormant_indexes":[],"dormant_tiles":{},"last":{},"currently_engaged":[],"previous_ground":[],"facts":[]},"ordered_first_exhausted":false}}
test catalog_boundary_live ... ok

test result: ok. 1 passed; 0 failed; 0 ignored; 0 measured; 49 filtered out; finished in 116.91s

