
running 1 test
{"phase":"identity","revision":274,"profile":"local-274 · 127.0.0.1:43594 · revision 274","cache_id":"4aac9b63312dcb75d5de8f686772d083ba0808c57985438246edf21ef522be1c","nav_pack":"/Users/acfrazier/experiments/274bot/.worktrees/rs2b0t-multirevision/.superpowers/world-capabilities/274/274bot.navpack","nav_sha256":"05db24743e9f549ced16c1f00b87c30a390d3aaec391815da3f3563130b3bcd4","catalog_commit":"100adccc037d9f6898080e1cad58fcfc43364775","catalog_identity":"pre-289 frozen catalog","catalog_read_only_path":".superpowers/inputs/rs2b0t-100adccc037d9f6898080e1cad58fcfc43364775","catalog_root":"/Users/acfrazier/experiments/274bot/.worktrees/rs2b0t-multirevision/.superpowers/inputs/rs2b0t-100adccc037d9f6898080e1cad58fcfc43364775","registry_path":"/Users/acfrazier/experiments/274bot/.worktrees/rs2b0t-multirevision/.superpowers/inputs/rs2b0t-100adccc037d9f6898080e1cad58fcfc43364775/src/bot/scripts/index.ts","registry_sha256":"b614aedb3d5adfdfbac3760f082273f3cf5c33fffe4ced0f2b01490ae02d1bc2","card":{"card":"SmelterBot","source_path":"/Users/acfrazier/experiments/274bot/.worktrees/rs2b0t-multirevision/.superpowers/inputs/rs2b0t-100adccc037d9f6898080e1cad58fcfc43364775/src/bot/scripts/SmelterBot/SmelterBot.ts","source_sha256":"328ba40736f5330e4b37beeded549f1b71c9dfaa994005646c1202bb62e2b809","compiled_sha256":"1d36812d789cfcc2d148598d0d242afa4e0304269c0e1d25c7c717db080be1ff","siblings":[{"module":"/rs2b0t/bot/scripts/bot/SmelterBotLogic.js","compiled_sha256":"b5feb159cfa3936b0b3836372c9aab2ba78da37605c230305e11157cd94dac2d"}],"settings":{"bar":"Bronze","furnaceName":"Furnace","bankBooth":"Bank booth","obstacle":"door, gate","leashRadius":8.0}},"account":"livevzaaae_0","engine_speed_ms":null}
[host-play] slot livevzaaae_0: thread up
274bot: loaded snapshot (4556 models, 336 anim records)
[host-play] slot livevzaaae_0: handshake begin reconnect=false
[host-play] slot livevzaaae_0: handshake ok
[host-play] slot livevzaaae_0: queued mainland tele+setvar (scene 2)
[host] slot livevzaaae_0: d_loop_us=11376 d_raster_us=0 d_observe_us=69023 max_observe_us=8071 d_paints=0 d_skips=50 d_ticks=2 window_ms=0
[host-play] slot livevzaaae_0: handshake begin reconnect=true
[host-play] slot livevzaaae_0: handshake ok
[host] slot livevzaaae_0: d_loop_us=1035 d_raster_us=0 d_observe_us=46292 max_observe_us=4068 d_paints=0 d_skips=50 d_ticks=1 window_ms=0
[host-play] slot livevzaaae_0: queued mainland tele+setvar (scene 2)
[host] slot livevzaaae_0: d_loop_us=28541 d_raster_us=0 d_observe_us=111629 max_observe_us=9554 d_paints=0 d_skips=50 d_ticks=26 window_ms=15523
{"phase":"baseline-after-preparation","scenario":"smelter_bot","account":"livevzaaae_0","observation":{"ingame":true,"scene_state":2,"player":"Livevzaaae 0","tile":[3269,3166,0],"tick":30,"items":{},"item_ids":{},"bank":{},"bank_ids":{},"bank_open":false,"bank_loaded":false,"bank_generation":2,"levels":{"-unused-":0,"agility":1,"attack":1,"cooking":1,"crafting":1,"defence":1,"firemaking":1,"fishing":1,"fletching":1,"herblore":1,"hitpoints":10,"magic":1,"mining":1,"prayer":1,"ranged":1,"runecraft":1,"slayer":1,"smithing":1,"strength":1,"thieving":1,"woodcutting":1},"xp":{"-unused-":0,"agility":0,"attack":0,"cooking":0,"crafting":0,"defence":0,"firemaking":0,"fishing":0,"fletching":0,"herblore":0,"hitpoints":1154,"magic":0,"mining":0,"prayer":0,"ranged":0,"runecraft":0,"slayer":0,"smithing":0,"strength":0,"thieving":0,"woodcutting":0},"chat":[[7,"Inventory wiped."],[6,"set tutorial: to 1000"],[5,"Welcome to RuneScape."]],"loc_facts":[],"equipment_ids":{},"main_modal":-1,"widget_ids":[3213,3214]}}
[script livevzaaae_0] start load
{"phase":"start","account":"livevzaaae_0","count":1}
[host] hitch livevzaaae_0: observe_us=101969 paints=0 skips=106 ticks=30
[script livevzaaae_0] SmelterBot smelting 'Bronze' (14 Copper ore + 14 Tin ore) — bank (3269, 3167, 0), furnace (3275, 3185, 0)
[script livevzaaae_0] interact Walk { x: 3269, z: 3167, level: 0, allow_teleports: false }
[nav-follow] here=WorldTile { x: 3269, z: 3166, level: 0 } walk=true transport=false leg=0 hops=1 outcome=None
[host] slot livevzaaae_0: d_loop_us=1367 d_raster_us=0 d_observe_us=188275 max_observe_us=101969 d_paints=0 d_skips=50 d_ticks=5 window_ms=3489
[nav-walk] here=WorldTile { x: 3269, z: 3167, level: 0 } aim=WorldTile { x: 3269, z: 3167, level: 0 } radius=0 ticks_waited=0 sent_tile=Some(WorldTile { x: 3269, z: 3166, level: 0 })
[nav-follow] here=WorldTile { x: 3269, z: 3167, level: 0 } walk=false transport=false leg=1 hops=1 outcome=Some(Arrived { at: WorldTile { x: 3269, z: 3167, level: 0 } })
[host] hitch livevzaaae_0: observe_us=19188 paints=0 skips=156 ticks=33
[script livevzaaae_0] interact OpenBooth { x: 3268, z: 3166, level: 0, id: 2213, name: Some("Bank booth"), action: Some("Use-quickly") }
[host] hitch livevzaaae_0: observe_us=23519 paints=0 skips=181 ticks=34
[host] slot livevzaaae_0: d_loop_us=1086 d_raster_us=0 d_observe_us=87646 max_observe_us=23519 d_paints=0 d_skips=50 d_ticks=2 window_ms=1172
[host] hitch livevzaaae_0: observe_us=18268 paints=0 skips=206 ticks=35
[host] slot livevzaaae_0: d_loop_us=1267 d_raster_us=0 d_observe_us=91007 max_observe_us=18268 d_paints=0 d_skips=50 d_ticks=2 window_ms=1177
[host] slot livevzaaae_0: d_loop_us=1510 d_raster_us=0 d_observe_us=94020 max_observe_us=15954 d_paints=0 d_skips=50 d_ticks=2 window_ms=1171
[host] slot livevzaaae_0: d_loop_us=1518 d_raster_us=0 d_observe_us=100925 max_observe_us=14402 d_paints=0 d_skips=50 d_ticks=2 window_ms=1185
[host] hitch livevzaaae_0: observe_us=16613 paints=0 skips=385 ticks=42
[host] slot livevzaaae_0: d_loop_us=1319 d_raster_us=0 d_observe_us=102615 max_observe_us=16613 d_paints=0 d_skips=50 d_ticks=2 window_ms=1174
[host] hitch livevzaaae_0: observe_us=18249 paints=0 skips=436 ticks=44
[host] slot livevzaaae_0: d_loop_us=1517 d_raster_us=0 d_observe_us=118237 max_observe_us=18249 d_paints=0 d_skips=50 d_ticks=2 window_ms=1172
[script livevzaaae_0] interact Walk { x: 3275, z: 3185, level: 0, allow_teleports: false }
[nav-follow] here=WorldTile { x: 3269, z: 3166, level: 0 } walk=true transport=false leg=0 hops=1 outcome=None
[host] slot livevzaaae_0: d_loop_us=1386 d_raster_us=0 d_observe_us=93879 max_observe_us=13891 d_paints=0 d_skips=50 d_ticks=2 window_ms=1187
[nav-walk] here=WorldTile { x: 3271, z: 3166, level: 0 } aim=WorldTile { x: 3275, z: 3185, level: 0 } radius=0 ticks_waited=0 sent_tile=Some(WorldTile { x: 3269, z: 3166, level: 0 })
[nav-follow] here=WorldTile { x: 3271, z: 3166, level: 0 } walk=true transport=false leg=0 hops=1 outcome=None
[host] hitch livevzaaae_0: observe_us=23608 paints=0 skips=512 ticks=47
[nav-walk] here=WorldTile { x: 3273, z: 3167, level: 0 } aim=WorldTile { x: 3275, z: 3185, level: 0 } radius=0 ticks_waited=1 sent_tile=Some(WorldTile { x: 3269, z: 3166, level: 0 })
[nav-follow] here=WorldTile { x: 3273, z: 3167, level: 0 } walk=true transport=false leg=0 hops=1 outcome=None
[host] hitch livevzaaae_0: observe_us=27479 paints=0 skips=537 ticks=48
[host] slot livevzaaae_0: d_loop_us=1493 d_raster_us=0 d_observe_us=117441 max_observe_us=27479 d_paints=0 d_skips=50 d_ticks=2 window_ms=1201
[nav-walk] here=WorldTile { x: 3273, z: 3169, level: 0 } aim=WorldTile { x: 3275, z: 3185, level: 0 } radius=0 ticks_waited=2 sent_tile=Some(WorldTile { x: 3269, z: 3166, level: 0 })
[nav-follow] here=WorldTile { x: 3273, z: 3169, level: 0 } walk=true transport=false leg=0 hops=1 outcome=None
[host] hitch livevzaaae_0: observe_us=26206 paints=0 skips=562 ticks=49
[nav-walk] here=WorldTile { x: 3275, z: 3171, level: 0 } aim=WorldTile { x: 3275, z: 3185, level: 0 } radius=0 ticks_waited=3 sent_tile=Some(WorldTile { x: 3269, z: 3166, level: 0 })
[nav-follow] here=WorldTile { x: 3275, z: 3171, level: 0 } walk=true transport=false leg=0 hops=1 outcome=None
[host] hitch livevzaaae_0: observe_us=21996 paints=0 skips=587 ticks=50
[host] slot livevzaaae_0: d_loop_us=1483 d_raster_us=0 d_observe_us=105674 max_observe_us=26206 d_paints=0 d_skips=50 d_ticks=2 window_ms=1197
[nav-walk] here=WorldTile { x: 3275, z: 3173, level: 0 } aim=WorldTile { x: 3275, z: 3185, level: 0 } radius=0 ticks_waited=4 sent_tile=Some(WorldTile { x: 3269, z: 3166, level: 0 })
[nav-follow] here=WorldTile { x: 3275, z: 3173, level: 0 } walk=true transport=false leg=0 hops=1 outcome=None
[host] hitch livevzaaae_0: observe_us=23136 paints=0 skips=612 ticks=51
[nav-walk] here=WorldTile { x: 3275, z: 3175, level: 0 } aim=WorldTile { x: 3275, z: 3185, level: 0 } radius=0 ticks_waited=5 sent_tile=Some(WorldTile { x: 3269, z: 3166, level: 0 })
[nav-follow] here=WorldTile { x: 3275, z: 3175, level: 0 } walk=true transport=false leg=0 hops=1 outcome=None
[host] hitch livevzaaae_0: observe_us=16760 paints=0 skips=636 ticks=52
[host] slot livevzaaae_0: d_loop_us=1315 d_raster_us=0 d_observe_us=88572 max_observe_us=23136 d_paints=0 d_skips=50 d_ticks=2 window_ms=1187
[nav-walk] here=WorldTile { x: 3275, z: 3177, level: 0 } aim=WorldTile { x: 3275, z: 3185, level: 0 } radius=0 ticks_waited=6 sent_tile=Some(WorldTile { x: 3269, z: 3166, level: 0 })
[nav-follow] here=WorldTile { x: 3275, z: 3177, level: 0 } walk=true transport=false leg=0 hops=1 outcome=None
[nav-walk] here=WorldTile { x: 3277, z: 3179, level: 0 } aim=WorldTile { x: 3275, z: 3185, level: 0 } radius=0 ticks_waited=7 sent_tile=Some(WorldTile { x: 3269, z: 3166, level: 0 })
[nav-follow] here=WorldTile { x: 3277, z: 3179, level: 0 } walk=true transport=false leg=0 hops=1 outcome=None
[host] slot livevzaaae_0: d_loop_us=1181 d_raster_us=0 d_observe_us=100178 max_observe_us=15511 d_paints=0 d_skips=50 d_ticks=2 window_ms=1180
[nav-walk] here=WorldTile { x: 3278, z: 3181, level: 0 } aim=WorldTile { x: 3275, z: 3185, level: 0 } radius=0 ticks_waited=8 sent_tile=Some(WorldTile { x: 3269, z: 3166, level: 0 })
[nav-follow] here=WorldTile { x: 3278, z: 3181, level: 0 } walk=true transport=false leg=0 hops=1 outcome=None
[nav-walk] here=WorldTile { x: 3280, z: 3183, level: 0 } aim=WorldTile { x: 3275, z: 3185, level: 0 } radius=0 ticks_waited=9 sent_tile=Some(WorldTile { x: 3269, z: 3166, level: 0 })
[nav-follow] here=WorldTile { x: 3280, z: 3183, level: 0 } walk=true transport=false leg=0 hops=1 outcome=None
[host] slot livevzaaae_0: d_loop_us=1070 d_raster_us=0 d_observe_us=83792 max_observe_us=14650 d_paints=0 d_skips=50 d_ticks=2 window_ms=1212
[nav-walk] here=WorldTile { x: 3280, z: 3185, level: 0 } aim=WorldTile { x: 3275, z: 3185, level: 0 } radius=0 ticks_waited=10 sent_tile=Some(WorldTile { x: 3269, z: 3166, level: 0 })
[nav-follow] here=WorldTile { x: 3280, z: 3185, level: 0 } walk=true transport=false leg=0 hops=1 outcome=None
[nav-walk] here=WorldTile { x: 3278, z: 3185, level: 0 } aim=WorldTile { x: 3275, z: 3185, level: 0 } radius=0 ticks_waited=11 sent_tile=Some(WorldTile { x: 3269, z: 3166, level: 0 })
[nav-follow] here=WorldTile { x: 3278, z: 3185, level: 0 } walk=true transport=false leg=0 hops=1 outcome=None
[host] hitch livevzaaae_0: observe_us=24598 paints=0 skips=788 ticks=58
[host] slot livevzaaae_0: d_loop_us=1139 d_raster_us=0 d_observe_us=114560 max_observe_us=24598 d_paints=0 d_skips=50 d_ticks=2 window_ms=1187
[nav-walk] here=WorldTile { x: 3276, z: 3185, level: 0 } aim=WorldTile { x: 3275, z: 3185, level: 0 } radius=0 ticks_waited=12 sent_tile=Some(WorldTile { x: 3269, z: 3166, level: 0 })
[nav-follow] here=WorldTile { x: 3276, z: 3185, level: 0 } walk=true transport=false leg=0 hops=1 outcome=None
[host] hitch livevzaaae_0: observe_us=25985 paints=0 skips=813 ticks=59
[nav-walk] here=WorldTile { x: 3275, z: 3185, level: 0 } aim=WorldTile { x: 3275, z: 3185, level: 0 } radius=0 ticks_waited=13 sent_tile=Some(WorldTile { x: 3269, z: 3166, level: 0 })
[nav-follow] here=WorldTile { x: 3275, z: 3185, level: 0 } walk=false transport=false leg=1 hops=1 outcome=Some(Arrived { at: WorldTile { x: 3275, z: 3185, level: 0 } })
[script livevzaaae_0] interact Loc { x: 3272, z: 3185, level: 0, action: "Smelt", id: Some(2781) }
[host] slot livevzaaae_0: d_loop_us=1248 d_raster_us=0 d_observe_us=98556 max_observe_us=25985 d_paints=0 d_skips=50 d_ticks=2 window_ms=1174
[script livevzaaae_0] interact IfButton { component_id: 2414 }
[host] slot livevzaaae_0: d_loop_us=1639 d_raster_us=0 d_observe_us=103064 max_observe_us=15887 d_paints=0 d_skips=50 d_ticks=2 window_ms=1175
[script livevzaaae_0] interact AnswerCount { value: 30 }
[shim-count] 30 sent
[host] slot livevzaaae_0: d_loop_us=1612 d_raster_us=0 d_observe_us=107072 max_observe_us=13845 d_paints=0 d_skips=50 d_ticks=2 window_ms=1177
[host] slot livevzaaae_0: d_loop_us=1744 d_raster_us=0 d_observe_us=91987 max_observe_us=13573 d_paints=0 d_skips=50 d_ticks=2 window_ms=1162
[host] slot livevzaaae_0: d_loop_us=1421 d_raster_us=0 d_observe_us=122905 max_observe_us=15889 d_paints=0 d_skips=50 d_ticks=2 window_ms=1174
[host] slot livevzaaae_0: d_loop_us=1499 d_raster_us=0 d_observe_us=94522 max_observe_us=15822 d_paints=0 d_skips=50 d_ticks=2 window_ms=1189
[host] slot livevzaaae_0: d_loop_us=1388 d_raster_us=0 d_observe_us=104647 max_observe_us=14196 d_paints=0 d_skips=50 d_ticks=2 window_ms=1193
[host] hitch livevzaaae_0: observe_us=18802 paints=0 skips=1169 ticks=73
[host] slot livevzaaae_0: d_loop_us=1404 d_raster_us=0 d_observe_us=98823 max_observe_us=18802 d_paints=0 d_skips=50 d_ticks=2 window_ms=1183
[host] slot livevzaaae_0: d_loop_us=1268 d_raster_us=0 d_observe_us=91904 max_observe_us=14252 d_paints=0 d_skips=50 d_ticks=2 window_ms=1202
[host] hitch livevzaaae_0: observe_us=19044 paints=0 skips=1295 ticks=78
[host] slot livevzaaae_0: d_loop_us=1615 d_raster_us=0 d_observe_us=105297 max_observe_us=19044 d_paints=0 d_skips=50 d_ticks=2 window_ms=1189
test catalog_boundary_live has been running for over 60 seconds
[host] slot livevzaaae_0: d_loop_us=1617 d_raster_us=0 d_observe_us=95951 max_observe_us=13944 d_paints=0 d_skips=50 d_ticks=2 window_ms=1183
[host] slot livevzaaae_0: d_loop_us=1764 d_raster_us=0 d_observe_us=106182 max_observe_us=14416 d_paints=0 d_skips=50 d_ticks=2 window_ms=1175
[host] slot livevzaaae_0: d_loop_us=1736 d_raster_us=0 d_observe_us=113431 max_observe_us=13543 d_paints=0 d_skips=50 d_ticks=2 window_ms=1185
[host] slot livevzaaae_0: d_loop_us=1588 d_raster_us=0 d_observe_us=94862 max_observe_us=13642 d_paints=0 d_skips=50 d_ticks=2 window_ms=1195
[host] hitch livevzaaae_0: observe_us=16323 paints=0 skips=1549 ticks=88
[host] slot livevzaaae_0: d_loop_us=1243 d_raster_us=0 d_observe_us=88419 max_observe_us=16323 d_paints=0 d_skips=50 d_ticks=2 window_ms=1182
[host] slot livevzaaae_0: d_loop_us=1387 d_raster_us=0 d_observe_us=80506 max_observe_us=12799 d_paints=0 d_skips=50 d_ticks=2 window_ms=1175
[host] slot livevzaaae_0: d_loop_us=1469 d_raster_us=0 d_observe_us=105410 max_observe_us=13606 d_paints=0 d_skips=50 d_ticks=1 window_ms=1182
[host] hitch livevzaaae_0: observe_us=16731 paints=0 skips=1676 ticks=93
[host] slot livevzaaae_0: d_loop_us=1781 d_raster_us=0 d_observe_us=92786 max_observe_us=16731 d_paints=0 d_skips=50 d_ticks=2 window_ms=1186
[host] slot livevzaaae_0: d_loop_us=1311 d_raster_us=0 d_observe_us=83264 max_observe_us=13044 d_paints=0 d_skips=50 d_ticks=2 window_ms=1186
[host] slot livevzaaae_0: d_loop_us=1676 d_raster_us=0 d_observe_us=104054 max_observe_us=14824 d_paints=0 d_skips=50 d_ticks=2 window_ms=1176
[host] hitch livevzaaae_0: observe_us=17208 paints=0 skips=1803 ticks=98
[host] slot livevzaaae_0: d_loop_us=1715 d_raster_us=0 d_observe_us=103530 max_observe_us=17208 d_paints=0 d_skips=50 d_ticks=2 window_ms=1166
[host] slot livevzaaae_0: d_loop_us=1395 d_raster_us=0 d_observe_us=90383 max_observe_us=13773 d_paints=0 d_skips=50 d_ticks=2 window_ms=1193
[host] hitch livevzaaae_0: observe_us=19101 paints=0 skips=1929 ticks=103
[host] slot livevzaaae_0: d_loop_us=1364 d_raster_us=0 d_observe_us=100565 max_observe_us=19101 d_paints=0 d_skips=50 d_ticks=2 window_ms=1175
[host] slot livevzaaae_0: d_loop_us=1570 d_raster_us=0 d_observe_us=90602 max_observe_us=14278 d_paints=0 d_skips=50 d_ticks=2 window_ms=1180
[host] slot livevzaaae_0: d_loop_us=1260 d_raster_us=0 d_observe_us=70066 max_observe_us=9997 d_paints=0 d_skips=50 d_ticks=2 window_ms=1205
[host] slot livevzaaae_0: d_loop_us=1258 d_raster_us=0 d_observe_us=75335 max_observe_us=13327 d_paints=0 d_skips=50 d_ticks=2 window_ms=1178
[host] slot livevzaaae_0: d_loop_us=1290 d_raster_us=0 d_observe_us=72583 max_observe_us=12702 d_paints=0 d_skips=50 d_ticks=2 window_ms=1185
[host] slot livevzaaae_0: d_loop_us=1400 d_raster_us=0 d_observe_us=92831 max_observe_us=13994 d_paints=0 d_skips=50 d_ticks=2 window_ms=1165
[host] slot livevzaaae_0: d_loop_us=1529 d_raster_us=0 d_observe_us=70639 max_observe_us=11742 d_paints=0 d_skips=50 d_ticks=2 window_ms=1188
[host] slot livevzaaae_0: d_loop_us=1984 d_raster_us=0 d_observe_us=109300 max_observe_us=13667 d_paints=0 d_skips=50 d_ticks=2 window_ms=1181
[host] hitch livevzaaae_0: observe_us=19386 paints=0 skips=2310 ticks=118
[host] slot livevzaaae_0: d_loop_us=1659 d_raster_us=0 d_observe_us=103773 max_observe_us=19386 d_paints=0 d_skips=50 d_ticks=2 window_ms=1180
[host] slot livevzaaae_0: d_loop_us=1242 d_raster_us=0 d_observe_us=76487 max_observe_us=13530 d_paints=0 d_skips=50 d_ticks=2 window_ms=1194
[host] hitch livevzaaae_0: observe_us=18520 paints=0 skips=2436 ticks=123
[host] slot livevzaaae_0: d_loop_us=1529 d_raster_us=0 d_observe_us=100738 max_observe_us=18520 d_paints=0 d_skips=50 d_ticks=2 window_ms=1188
[host] slot livevzaaae_0: d_loop_us=1314 d_raster_us=0 d_observe_us=67182 max_observe_us=11022 d_paints=0 d_skips=50 d_ticks=2 window_ms=1195
[host] slot livevzaaae_0: d_loop_us=1380 d_raster_us=0 d_observe_us=79877 max_observe_us=13860 d_paints=0 d_skips=50 d_ticks=2 window_ms=1176
[host] hitch livevzaaae_0: observe_us=17817 paints=0 skips=2562 ticks=128
[host] slot livevzaaae_0: d_loop_us=1481 d_raster_us=0 d_observe_us=104302 max_observe_us=17817 d_paints=0 d_skips=50 d_ticks=2 window_ms=1184
[host] slot livevzaaae_0: d_loop_us=1510 d_raster_us=0 d_observe_us=99424 max_observe_us=13780 d_paints=0 d_skips=50 d_ticks=2 window_ms=1184
[host] hitch livevzaaae_0: observe_us=16142 paints=0 skips=2690 ticks=133
[host] slot livevzaaae_0: d_loop_us=1774 d_raster_us=0 d_observe_us=101801 max_observe_us=16142 d_paints=0 d_skips=50 d_ticks=2 window_ms=1177
[script livevzaaae_0] interact ContinueDialog
[host] hitch livevzaaae_0: observe_us=16757 paints=0 skips=2740 ticks=135
[host] slot livevzaaae_0: d_loop_us=1913 d_raster_us=0 d_observe_us=102235 max_observe_us=16757 d_paints=0 d_skips=50 d_ticks=2 window_ms=1177
[script livevzaaae_0] interact ContinueDialog
[host] hitch livevzaaae_0: observe_us=18928 paints=0 skips=2791 ticks=137
[host] slot livevzaaae_0: d_loop_us=1701 d_raster_us=0 d_observe_us=90369 max_observe_us=18928 d_paints=0 d_skips=50 d_ticks=2 window_ms=1200
[script livevzaaae_0] interact Walk { x: 3269, z: 3167, level: 0, allow_teleports: false }
[nav-follow] here=WorldTile { x: 3275, z: 3185, level: 0 } walk=true transport=false leg=0 hops=1 outcome=None
[host] slot livevzaaae_0: d_loop_us=1138 d_raster_us=0 d_observe_us=71037 max_observe_us=11699 d_paints=0 d_skips=50 d_ticks=2 window_ms=1203
[nav-walk] here=WorldTile { x: 3277, z: 3185, level: 0 } aim=WorldTile { x: 3269, z: 3167, level: 0 } radius=0 ticks_waited=0 sent_tile=Some(WorldTile { x: 3275, z: 3185, level: 0 })
[nav-follow] here=WorldTile { x: 3277, z: 3185, level: 0 } walk=true transport=false leg=0 hops=1 outcome=None
[host] hitch livevzaaae_0: observe_us=23263 paints=0 skips=2866 ticks=140
[nav-walk] here=WorldTile { x: 3279, z: 3185, level: 0 } aim=WorldTile { x: 3269, z: 3167, level: 0 } radius=0 ticks_waited=1 sent_tile=Some(WorldTile { x: 3275, z: 3185, level: 0 })
[nav-follow] here=WorldTile { x: 3279, z: 3185, level: 0 } walk=true transport=false leg=0 hops=1 outcome=None
[host] hitch livevzaaae_0: observe_us=23737 paints=0 skips=2891 ticks=141
[host] slot livevzaaae_0: d_loop_us=1315 d_raster_us=0 d_observe_us=102050 max_observe_us=23737 d_paints=0 d_skips=50 d_ticks=2 window_ms=1182
[nav-walk] here=WorldTile { x: 3280, z: 3184, level: 0 } aim=WorldTile { x: 3269, z: 3167, level: 0 } radius=0 ticks_waited=2 sent_tile=Some(WorldTile { x: 3275, z: 3185, level: 0 })
[nav-follow] here=WorldTile { x: 3280, z: 3184, level: 0 } walk=true transport=false leg=0 hops=1 outcome=None
[host] hitch livevzaaae_0: observe_us=24775 paints=0 skips=2917 ticks=142
[nav-walk] here=WorldTile { x: 3280, z: 3182, level: 0 } aim=WorldTile { x: 3269, z: 3167, level: 0 } radius=0 ticks_waited=3 sent_tile=Some(WorldTile { x: 3275, z: 3185, level: 0 })
[nav-follow] here=WorldTile { x: 3280, z: 3182, level: 0 } walk=true transport=false leg=0 hops=1 outcome=None
[host] hitch livevzaaae_0: observe_us=23441 paints=0 skips=2942 ticks=143
[host] slot livevzaaae_0: d_loop_us=1471 d_raster_us=0 d_observe_us=120481 max_observe_us=24775 d_paints=0 d_skips=50 d_ticks=2 window_ms=1172
[nav-walk] here=WorldTile { x: 3280, z: 3180, level: 0 } aim=WorldTile { x: 3269, z: 3167, level: 0 } radius=0 ticks_waited=4 sent_tile=Some(WorldTile { x: 3275, z: 3185, level: 0 })
[nav-follow] here=WorldTile { x: 3280, z: 3180, level: 0 } walk=true transport=false leg=0 hops=1 outcome=None
[host] hitch livevzaaae_0: observe_us=21440 paints=0 skips=2968 ticks=144
[nav-walk] here=WorldTile { x: 3280, z: 3178, level: 0 } aim=WorldTile { x: 3269, z: 3167, level: 0 } radius=0 ticks_waited=5 sent_tile=Some(WorldTile { x: 3275, z: 3185, level: 0 })
[nav-follow] here=WorldTile { x: 3280, z: 3178, level: 0 } walk=true transport=false leg=0 hops=1 outcome=None
[host] hitch livevzaaae_0: observe_us=22384 paints=0 skips=2994 ticks=145
[host] slot livevzaaae_0: d_loop_us=1620 d_raster_us=0 d_observe_us=107661 max_observe_us=22384 d_paints=0 d_skips=50 d_ticks=2 window_ms=1175
[nav-walk] here=WorldTile { x: 3280, z: 3176, level: 0 } aim=WorldTile { x: 3269, z: 3167, level: 0 } radius=0 ticks_waited=6 sent_tile=Some(WorldTile { x: 3275, z: 3185, level: 0 })
[nav-follow] here=WorldTile { x: 3280, z: 3176, level: 0 } walk=true transport=false leg=0 hops=1 outcome=None
[nav-walk] here=WorldTile { x: 3278, z: 3174, level: 0 } aim=WorldTile { x: 3269, z: 3167, level: 0 } radius=0 ticks_waited=7 sent_tile=Some(WorldTile { x: 3275, z: 3185, level: 0 })
[nav-follow] here=WorldTile { x: 3278, z: 3174, level: 0 } walk=true transport=false leg=0 hops=1 outcome=None
[host] slot livevzaaae_0: d_loop_us=1293 d_raster_us=0 d_observe_us=75969 max_observe_us=13470 d_paints=0 d_skips=50 d_ticks=2 window_ms=1178
[nav-walk] here=WorldTile { x: 3276, z: 3172, level: 0 } aim=WorldTile { x: 3269, z: 3167, level: 0 } radius=0 ticks_waited=8 sent_tile=Some(WorldTile { x: 3275, z: 3185, level: 0 })
[nav-follow] here=WorldTile { x: 3276, z: 3172, level: 0 } walk=true transport=false leg=0 hops=1 outcome=None
[host] hitch livevzaaae_0: observe_us=22358 paints=0 skips=3070 ticks=148
[nav-walk] here=WorldTile { x: 3276, z: 3170, level: 0 } aim=WorldTile { x: 3269, z: 3167, level: 0 } radius=0 ticks_waited=9 sent_tile=Some(WorldTile { x: 3275, z: 3185, level: 0 })
[nav-follow] here=WorldTile { x: 3276, z: 3170, level: 0 } walk=true transport=false leg=0 hops=1 outcome=None
[host] hitch livevzaaae_0: observe_us=23233 paints=0 skips=3095 ticks=149
[host] slot livevzaaae_0: d_loop_us=1477 d_raster_us=0 d_observe_us=108106 max_observe_us=23233 d_paints=0 d_skips=50 d_ticks=2 window_ms=1188
[nav-walk] here=WorldTile { x: 3274, z: 3168, level: 0 } aim=WorldTile { x: 3269, z: 3167, level: 0 } radius=0 ticks_waited=10 sent_tile=Some(WorldTile { x: 3275, z: 3185, level: 0 })
[nav-follow] here=WorldTile { x: 3274, z: 3168, level: 0 } walk=true transport=false leg=0 hops=1 outcome=None
[host] hitch livevzaaae_0: observe_us=23755 paints=0 skips=3120 ticks=150
[nav-walk] here=WorldTile { x: 3272, z: 3167, level: 0 } aim=WorldTile { x: 3269, z: 3167, level: 0 } radius=0 ticks_waited=11 sent_tile=Some(WorldTile { x: 3275, z: 3185, level: 0 })
[nav-follow] here=WorldTile { x: 3272, z: 3167, level: 0 } walk=true transport=false leg=0 hops=1 outcome=None
[host] hitch livevzaaae_0: observe_us=24385 paints=0 skips=3145 ticks=151
[host] slot livevzaaae_0: d_loop_us=1695 d_raster_us=0 d_observe_us=118051 max_observe_us=24385 d_paints=0 d_skips=50 d_ticks=2 window_ms=1188
[nav-walk] here=WorldTile { x: 3270, z: 3167, level: 0 } aim=WorldTile { x: 3269, z: 3167, level: 0 } radius=0 ticks_waited=12 sent_tile=Some(WorldTile { x: 3275, z: 3185, level: 0 })
[nav-follow] here=WorldTile { x: 3270, z: 3167, level: 0 } walk=true transport=false leg=0 hops=1 outcome=None
[host] hitch livevzaaae_0: observe_us=25536 paints=0 skips=3171 ticks=152
[nav-walk] here=WorldTile { x: 3269, z: 3167, level: 0 } aim=WorldTile { x: 3269, z: 3167, level: 0 } radius=0 ticks_waited=13 sent_tile=Some(WorldTile { x: 3275, z: 3185, level: 0 })
[nav-follow] here=WorldTile { x: 3269, z: 3167, level: 0 } walk=false transport=false leg=1 hops=1 outcome=Some(Arrived { at: WorldTile { x: 3269, z: 3167, level: 0 } })
[host] hitch livevzaaae_0: observe_us=23637 paints=0 skips=3196 ticks=153
[script livevzaaae_0] interact OpenBooth { x: 3268, z: 3166, level: 0, id: 2213, name: Some("Bank booth"), action: Some("Use-quickly") }
[host] slot livevzaaae_0: d_loop_us=1513 d_raster_us=0 d_observe_us=116707 max_observe_us=25536 d_paints=0 d_skips=50 d_ticks=2 window_ms=1178
[host] hitch livevzaaae_0: observe_us=21548 paints=0 skips=3221 ticks=154
[host] hitch livevzaaae_0: observe_us=18410 paints=0 skips=3247 ticks=155
[host] slot livevzaaae_0: d_loop_us=1386 d_raster_us=0 d_observe_us=98922 max_observe_us=21548 d_paints=0 d_skips=50 d_ticks=2 window_ms=1183
[host] hitch livevzaaae_0: observe_us=18294 paints=0 skips=3298 ticks=157
[host] slot livevzaaae_0: d_loop_us=1721 d_raster_us=0 d_observe_us=102778 max_observe_us=18294 d_paints=0 d_skips=50 d_ticks=2 window_ms=1165
[host] slot livevzaaae_0: d_loop_us=1046 d_raster_us=0 d_observe_us=57471 max_observe_us=6505 d_paints=0 d_skips=50 d_ticks=2 window_ms=1189
[host] slot livevzaaae_0: d_loop_us=1350 d_raster_us=0 d_observe_us=73237 max_observe_us=14087 d_paints=0 d_skips=50 d_ticks=2 window_ms=1193
[host] slot livevzaaae_0: d_loop_us=1247 d_raster_us=0 d_observe_us=93346 max_observe_us=15870 d_paints=0 d_skips=50 d_ticks=2 window_ms=1204
[host] slot livevzaaae_0: d_loop_us=1467 d_raster_us=0 d_observe_us=81752 max_observe_us=11320 d_paints=0 d_skips=50 d_ticks=2 window_ms=1167
[host] hitch livevzaaae_0: observe_us=20070 paints=0 skips=3500 ticks=165
[script livevzaaae_0] interact Walk { x: 3275, z: 3185, level: 0, allow_teleports: false }
[host] slot livevzaaae_0: d_loop_us=1303 d_raster_us=0 d_observe_us=86564 max_observe_us=20070 d_paints=0 d_skips=50 d_ticks=1 window_ms=1180
[nav-follow] here=WorldTile { x: 3269, z: 3166, level: 0 } walk=true transport=false leg=0 hops=1 outcome=None
[nav-walk] here=WorldTile { x: 3271, z: 3166, level: 0 } aim=WorldTile { x: 3275, z: 3185, level: 0 } radius=0 ticks_waited=0 sent_tile=Some(WorldTile { x: 3269, z: 3166, level: 0 })
[nav-follow] here=WorldTile { x: 3271, z: 3166, level: 0 } walk=true transport=false leg=0 hops=1 outcome=None
[host] hitch livevzaaae_0: observe_us=23978 paints=0 skips=3577 ticks=168
[host] slot livevzaaae_0: d_loop_us=1571 d_raster_us=0 d_observe_us=111627 max_observe_us=23978 d_paints=0 d_skips=50 d_ticks=2 window_ms=1178
[nav-walk] here=WorldTile { x: 3273, z: 3167, level: 0 } aim=WorldTile { x: 3275, z: 3185, level: 0 } radius=0 ticks_waited=1 sent_tile=Some(WorldTile { x: 3269, z: 3166, level: 0 })
[nav-follow] here=WorldTile { x: 3273, z: 3167, level: 0 } walk=true transport=false leg=0 hops=1 outcome=None
[host] hitch livevzaaae_0: observe_us=25198 paints=0 skips=3602 ticks=169
[nav-walk] here=WorldTile { x: 3273, z: 3169, level: 0 } aim=WorldTile { x: 3275, z: 3185, level: 0 } radius=0 ticks_waited=2 sent_tile=Some(WorldTile { x: 3269, z: 3166, level: 0 })
[nav-follow] here=WorldTile { x: 3273, z: 3169, level: 0 } walk=true transport=false leg=0 hops=1 outcome=None
[host] hitch livevzaaae_0: observe_us=27921 paints=0 skips=3627 ticks=170
[host] slot livevzaaae_0: d_loop_us=1470 d_raster_us=0 d_observe_us=113529 max_observe_us=27921 d_paints=0 d_skips=50 d_ticks=2 window_ms=1201
[nav-walk] here=WorldTile { x: 3275, z: 3171, level: 0 } aim=WorldTile { x: 3275, z: 3185, level: 0 } radius=0 ticks_waited=3 sent_tile=Some(WorldTile { x: 3269, z: 3166, level: 0 })
[nav-follow] here=WorldTile { x: 3275, z: 3171, level: 0 } walk=true transport=false leg=0 hops=1 outcome=None
[host] hitch livevzaaae_0: observe_us=22293 paints=0 skips=3652 ticks=171
[nav-walk] here=WorldTile { x: 3275, z: 3173, level: 0 } aim=WorldTile { x: 3275, z: 3185, level: 0 } radius=0 ticks_waited=4 sent_tile=Some(WorldTile { x: 3269, z: 3166, level: 0 })
[nav-follow] here=WorldTile { x: 3275, z: 3173, level: 0 } walk=true transport=false leg=0 hops=1 outcome=None
[host] slot livevzaaae_0: d_loop_us=1617 d_raster_us=0 d_observe_us=89958 max_observe_us=22293 d_paints=0 d_skips=50 d_ticks=2 window_ms=1185
[nav-walk] here=WorldTile { x: 3275, z: 3175, level: 0 } aim=WorldTile { x: 3275, z: 3185, level: 0 } radius=0 ticks_waited=5 sent_tile=Some(WorldTile { x: 3269, z: 3166, level: 0 })
[nav-follow] here=WorldTile { x: 3275, z: 3175, level: 0 } walk=true transport=false leg=0 hops=1 outcome=None
[host] hitch livevzaaae_0: observe_us=21427 paints=0 skips=3702 ticks=173
[nav-walk] here=WorldTile { x: 3275, z: 3177, level: 0 } aim=WorldTile { x: 3275, z: 3185, level: 0 } radius=0 ticks_waited=6 sent_tile=Some(WorldTile { x: 3269, z: 3166, level: 0 })
[nav-follow] here=WorldTile { x: 3275, z: 3177, level: 0 } walk=true transport=false leg=0 hops=1 outcome=None
[host] hitch livevzaaae_0: observe_us=16205 paints=0 skips=3727 ticks=174
[host] slot livevzaaae_0: d_loop_us=1692 d_raster_us=0 d_observe_us=95123 max_observe_us=21427 d_paints=0 d_skips=50 d_ticks=2 window_ms=1196
[nav-walk] here=WorldTile { x: 3277, z: 3179, level: 0 } aim=WorldTile { x: 3275, z: 3185, level: 0 } radius=0 ticks_waited=7 sent_tile=Some(WorldTile { x: 3269, z: 3166, level: 0 })
[nav-follow] here=WorldTile { x: 3277, z: 3179, level: 0 } walk=true transport=false leg=0 hops=1 outcome=None
[host] hitch livevzaaae_0: observe_us=23290 paints=0 skips=3753 ticks=175
[nav-walk] here=WorldTile { x: 3278, z: 3181, level: 0 } aim=WorldTile { x: 3275, z: 3185, level: 0 } radius=0 ticks_waited=8 sent_tile=Some(WorldTile { x: 3269, z: 3166, level: 0 })
[nav-follow] here=WorldTile { x: 3278, z: 3181, level: 0 } walk=true transport=false leg=0 hops=1 outcome=None
[host] hitch livevzaaae_0: observe_us=23701 paints=0 skips=3778 ticks=176
[host] slot livevzaaae_0: d_loop_us=1441 d_raster_us=0 d_observe_us=109859 max_observe_us=23701 d_paints=0 d_skips=50 d_ticks=2 window_ms=1187
[nav-walk] here=WorldTile { x: 3280, z: 3183, level: 0 } aim=WorldTile { x: 3275, z: 3185, level: 0 } radius=0 ticks_waited=9 sent_tile=Some(WorldTile { x: 3269, z: 3166, level: 0 })
[nav-follow] here=WorldTile { x: 3280, z: 3183, level: 0 } walk=true transport=false leg=0 hops=1 outcome=None
[host] hitch livevzaaae_0: observe_us=24970 paints=0 skips=3803 ticks=177
[nav-walk] here=WorldTile { x: 3280, z: 3185, level: 0 } aim=WorldTile { x: 3275, z: 3185, level: 0 } radius=0 ticks_waited=10 sent_tile=Some(WorldTile { x: 3269, z: 3166, level: 0 })
[nav-follow] here=WorldTile { x: 3280, z: 3185, level: 0 } walk=true transport=false leg=0 hops=1 outcome=None
[host] hitch livevzaaae_0: observe_us=26008 paints=0 skips=3829 ticks=178
[host] slot livevzaaae_0: d_loop_us=1414 d_raster_us=0 d_observe_us=109732 max_observe_us=26008 d_paints=0 d_skips=50 d_ticks=2 window_ms=1191
[nav-walk] here=WorldTile { x: 3278, z: 3185, level: 0 } aim=WorldTile { x: 3275, z: 3185, level: 0 } radius=0 ticks_waited=11 sent_tile=Some(WorldTile { x: 3269, z: 3166, level: 0 })
[nav-follow] here=WorldTile { x: 3278, z: 3185, level: 0 } walk=true transport=false leg=0 hops=1 outcome=None
[host] hitch livevzaaae_0: observe_us=26173 paints=0 skips=3854 ticks=179
[nav-walk] here=WorldTile { x: 3276, z: 3185, level: 0 } aim=WorldTile { x: 3275, z: 3185, level: 0 } radius=0 ticks_waited=12 sent_tile=Some(WorldTile { x: 3269, z: 3166, level: 0 })
[nav-follow] here=WorldTile { x: 3276, z: 3185, level: 0 } walk=true transport=false leg=0 hops=1 outcome=None
[host] hitch livevzaaae_0: observe_us=19179 paints=0 skips=3878 ticks=180
[host] slot livevzaaae_0: d_loop_us=1470 d_raster_us=0 d_observe_us=104970 max_observe_us=26173 d_paints=0 d_skips=50 d_ticks=2 window_ms=1198
[nav-walk] here=WorldTile { x: 3275, z: 3185, level: 0 } aim=WorldTile { x: 3275, z: 3185, level: 0 } radius=0 ticks_waited=13 sent_tile=Some(WorldTile { x: 3269, z: 3166, level: 0 })
[nav-follow] here=WorldTile { x: 3275, z: 3185, level: 0 } walk=false transport=false leg=1 hops=1 outcome=Some(Arrived { at: WorldTile { x: 3275, z: 3185, level: 0 } })
[host] hitch livevzaaae_0: observe_us=19972 paints=0 skips=3903 ticks=181
[script livevzaaae_0] interact Loc { x: 3272, z: 3185, level: 0, action: "Smelt", id: Some(2781) }
[host] hitch livevzaaae_0: observe_us=16094 paints=0 skips=3930 ticks=182
[host] slot livevzaaae_0: d_loop_us=1398 d_raster_us=0 d_observe_us=109511 max_observe_us=19972 d_paints=0 d_skips=50 d_ticks=2 window_ms=1181
[script livevzaaae_0] interact IfButton { component_id: 2414 }
[script livevzaaae_0] interact AnswerCount { value: 30 }
[shim-count] 30 sent
[host] slot livevzaaae_0: d_loop_us=1738 d_raster_us=0 d_observe_us=112387 max_observe_us=14623 d_paints=0 d_skips=50 d_ticks=2 window_ms=1190
[host] slot livevzaaae_0: d_loop_us=1696 d_raster_us=0 d_observe_us=88362 max_observe_us=13097 d_paints=0 d_skips=50 d_ticks=2 window_ms=1199
[host] hitch livevzaaae_0: observe_us=16330 paints=0 skips=4055 ticks=187
[host] slot livevzaaae_0: d_loop_us=1617 d_raster_us=0 d_observe_us=103345 max_observe_us=16330 d_paints=0 d_skips=50 d_ticks=2 window_ms=1179
[host] hitch livevzaaae_0: observe_us=19637 paints=0 skips=4106 ticks=189
PASS: catalog_boundary_live: {"scenario":"smelter_bot","runner":"Some(Evidence { scenario: \"smelter_bot\", outcome: \"PASS\", predicate: \"has_item_id(2349)>=1\", ticks: 260, elapsed_ms: 123273, message: None, tile: Some([3275, 3185, 0]), inv: [InvRow { id: 2349, name: Some(\"Bronze bar\"), count: 1 }, InvRow { id: 436, name: Some(\"Copper ore\"), count: 1 }, InvRow { id: 436, name: Some(\"Copper ore\"), count: 1 }, InvRow { id: 436, name: Some(\"Copper ore\"), count: 1 }, InvRow { id: 436, name: Some(\"Copper ore\"), count: 1 }, InvRow { id: 436, name: Some(\"Copper ore\"), count: 1 }, InvRow { id: 436, name: Some(\"Copper ore\"), count: 1 }, InvRow { id: 436, name: Some(\"Copper ore\"), count: 1 }, InvRow { id: 436, name: Some(\"Copper ore\"), count: 1 }, InvRow { id: 436, name: Some(\"Copper ore\"), count: 1 }, InvRow { id: 436, name: Some(\"Copper ore\"), count: 1 }, InvRow { id: 436, name: Some(\"Copper ore\"), count: 1 }, InvRow { id: 436, name: Some(\"Copper ore\"), count: 1 }, InvRow { id: 436, name: Some(\"Copper ore\"), count: 1 }, InvRow { id: 438, name: Some(\"Tin ore\"), count: 1 }, InvRow { id: 438, name: Some(\"Tin ore\"), count: 1 }, InvRow { id: 438, name: Some(\"Tin ore\"), count: 1 }, InvRow { id: 438, name: Some(\"Tin ore\"), count: 1 }, InvRow { id: 438, name: Some(\"Tin ore\"), count: 1 }, InvRow { id: 438, name: Some(\"Tin ore\"), count: 1 }, InvRow { id: 438, name: Some(\"Tin ore\"), count: 1 }, InvRow { id: 438, name: Some(\"Tin ore\"), count: 1 }, InvRow { id: 438, name: Some(\"Tin ore\"), count: 1 }, InvRow { id: 438, name: Some(\"Tin ore\"), count: 1 }, InvRow { id: 438, name: Some(\"Tin ore\"), count: 1 }, InvRow { id: 438, name: Some(\"Tin ore\"), count: 1 }, InvRow { id: 438, name: Some(\"Tin ore\"), count: 1 }], stat: Some(StatRow { runenergy: 61 }), chat: [ChatRow { text: \"You retrieve a bar of bronze.\", username: None }, ChatRow { text: \"You smelt the copper and tin together in the furnace.\", username: None }, ChatRow { text: \"You have run out of ore to smelt into bronze.\", username: None }, ChatRow { text: \"Congratulations, you just advanced a smithing level.\", username: None }, ChatRow { text: \"You retrieve a bar of bronze.\", username: None }, ChatRow { text: \"You smelt the copper and tin together in the furnace.\", username: None }, ChatRow { text: \"You retrieve a bar of bronze.\", username: None }, ChatRow { text: \"You smelt the copper and tin together in the furnace.\", username: None }, ChatRow { text: \"You retrieve a bar of bronze.\", username: None }, ChatRow { text: \"You smelt the copper and tin together in the furnace.\", username: None }, ChatRow { text: \"You retrieve a bar of bronze.\", username: None }, ChatRow { text: \"You smelt the copper and tin together in the furnace.\", username: None }, ChatRow { text: \"You retrieve a bar of bronze.\", username: None }, ChatRow { text: \"You smelt the copper and tin together in the furnace.\", username: None }, ChatRow { text: \"You retrieve a bar of bronze.\", username: None }, ChatRow { text: \"You smelt the copper and tin together in the furnace.\", username: None }, ChatRow { text: \"You retrieve a bar of bronze.\", username: None }, ChatRow { text: \"You smelt the copper and tin together in the furnace.\", username: None }, ChatRow { text: \"You retrieve a bar of bronze.\", username: None }, ChatRow { text: \"You smelt the copper and tin together in the furnace.\", username: None }, ChatRow { text: \"You retrieve a bar of bronze.\", username: None }, ChatRow { text: \"You smelt the copper and tin together in the furnace.\", username: None }, ChatRow { text: \"You retrieve a bar of bronze.\", username: None }, ChatRow { text: \"You smelt the copper and tin together in the furnace.\", username: None }, ChatRow { text: \"You retrieve a bar of bronze.\", username: None }, ChatRow { text: \"You smelt the copper and tin together in the furnace.\", username: None }, ChatRow { text: \"You retrieve a bar of bronze.\", username: None }, ChatRow { text: \"You smelt the copper and tin together in the furnace.\", username: None }, ChatRow { text: \"You retrieve a bar of bronze.\", username: None }, ChatRow { text: \"You smelt the copper and tin together in the furnace.\", username: None }, ChatRow { text: \"You retrieve a bar of bronze.\", username: None }, ChatRow { text: \"You smelt the copper and tin together in the furnace.\", username: None }, ChatRow { text: \"Inventory wiped.\", username: None }, ChatRow { text: \"set tutorial: to 1000\", username: None }, ChatRow { text: \"Welcome to RuneScape.\", username: None }], scene: 2 })","core":{"case":"smelter_bot","baseline":{"ingame":true,"scene_state":2,"player":"Livevzaaae 0","tile":[3269,3166,0],"tick":30,"items":{},"item_ids":{},"bank":{},"bank_ids":{},"bank_open":false,"bank_loaded":false,"bank_generation":2,"levels":{"-unused-":0,"agility":1,"attack":1,"cooking":1,"crafting":1,"defence":1,"firemaking":1,"fishing":1,"fletching":1,"herblore":1,"hitpoints":10,"magic":1,"mining":1,"prayer":1,"ranged":1,"runecraft":1,"slayer":1,"smithing":1,"strength":1,"thieving":1,"woodcutting":1},"xp":{"-unused-":0,"agility":0,"attack":0,"cooking":0,"crafting":0,"defence":0,"firemaking":0,"fishing":0,"fletching":0,"herblore":0,"hitpoints":1154,"magic":0,"mining":0,"prayer":0,"ranged":0,"runecraft":0,"slayer":0,"smithing":0,"strength":0,"thieving":0,"woodcutting":0},"chat":[[7,"Inventory wiped."],[6,"set tutorial: to 1000"],[5,"Welcome to RuneScape."]],"loc_facts":[],"equipment_ids":{},"main_modal":-1,"widget_ids":[3213,3214]},"latest":{"ingame":true,"scene_state":2,"player":"Livevzaaae 0","tile":[3275,3185,0],"tick":189,"items":{"Bronze bar":1,"Copper ore":13,"Tin ore":13},"item_ids":{"436":13,"438":13,"2349":1},"bank":{},"bank_ids":{},"bank_open":false,"bank_loaded":false,"bank_generation":6,"levels":{"-unused-":0,"agility":1,"attack":1,"cooking":1,"crafting":1,"defence":1,"firemaking":1,"fishing":1,"fletching":1,"herblore":1,"hitpoints":10,"magic":1,"mining":1,"prayer":1,"ranged":1,"runecraft":1,"slayer":1,"smithing":2,"strength":1,"thieving":1,"woodcutting":1},"xp":{"-unused-":0,"agility":0,"attack":0,"cooking":0,"crafting":0,"defence":0,"firemaking":0,"fishing":0,"fletching":0,"herblore":0,"hitpoints":1154,"magic":0,"mining":0,"prayer":0,"ranged":0,"runecraft":0,"slayer":0,"smithing":93,"strength":0,"thieving":0,"woodcutting":0},"chat":[[39,"You retrieve a bar of bronze."],[38,"You smelt the copper and tin together in the furnace."],[37,"You have run out of ore to smelt into bronze."],[36,"Congratulations, you just advanced a smithing level."],[35,"You retrieve a bar of bronze."],[34,"You smelt the copper and tin together in the furnace."],[33,"You retrieve a bar of bronze."],[32,"You smelt the copper and tin together in the furnace."],[31,"You retrieve a bar of bronze."],[30,"You smelt the copper and tin together in the furnace."],[29,"You retrieve a bar of bronze."],[28,"You smelt the copper and tin together in the furnace."],[27,"You retrieve a bar of bronze."],[26,"You smelt the copper and tin together in the furnace."],[25,"You retrieve a bar of bronze."],[24,"You smelt the copper and tin together in the furnace."],[23,"You retrieve a bar of bronze."],[22,"You smelt the copper and tin together in the furnace."],[21,"You retrieve a bar of bronze."],[20,"You smelt the copper and tin together in the furnace."],[19,"You retrieve a bar of bronze."],[18,"You smelt the copper and tin together in the furnace."],[17,"You retrieve a bar of bronze."],[16,"You smelt the copper and tin together in the furnace."],[15,"You retrieve a bar of bronze."],[14,"You smelt the copper and tin together in the furnace."],[13,"You retrieve a bar of bronze."],[12,"You smelt the copper and tin together in the furnace."],[11,"You retrieve a bar of bronze."],[10,"You smelt the copper and tin together in the furnace."],[9,"You retrieve a bar of bronze."],[8,"You smelt the copper and tin together in the furnace."],[7,"Inventory wiped."],[6,"set tutorial: to 1000"],[5,"Welcome to RuneScape."]],"loc_facts":[{"id":1531,"x":3276,"z":3180,"level":0,"name":"Door","open":false},{"id":1531,"x":3278,"z":3191,"level":0,"name":"Door","open":false},{"id":1531,"x":3279,"z":3185,"level":0,"name":"Door","open":false}],"equipment_ids":{},"main_modal":-1,"widget_ids":[3213,3214]},"max_items":{"Bronze bar":14,"Copper ore":14,"Tin ore":14},"max_xp":{"-unused-":0,"agility":0,"attack":0,"cooking":0,"crafting":0,"defence":0,"firemaking":0,"fishing":0,"fletching":0,"herblore":0,"hitpoints":1154,"magic":0,"mining":0,"prayer":0,"ranged":0,"runecraft":0,"slayer":0,"smithing":93,"strength":0,"thieving":0,"woodcutting":0},"saw_bury_chat":false,"post_start_observations":4000,"bone_bank_cycle":{"first_batch_buried":false,"opened":null,"withdrawn":null,"buried_after_withdrawal":false},"bank_fletcher_cycle":{"first_pack_created":false,"deposited":null,"withdrawn":null,"crafted_after_withdrawal":false},"bank_fletcher_string_cycle":{"initial_pairs_strung":false,"deposited":null,"withdrawn":null,"strung_after_withdrawal":false},"bank_fletcher_cut_string_cycle":{"cut_pair_created":false,"deposited":null,"withdrawn":null,"string_pair_created":false},"alcher_generated_custom_cycle":{"withdrawn":null,"consumed":false},"dart_fletcher_cycle":{"first":null,"further":false,"wrong_tier":false},"herb_cleaner_cycle":{"first_pack":false,"deposited":null,"withdrawn":null,"cleaned_after_withdrawal":false,"filter_violated":false},"gem_cutter_cycle":{"first_pack":false,"deposited":null,"withdrawn":null,"cut_after_withdrawal":false,"filter_violated":false},"door_opener_cycle":{"selected":null,"opened":false},"gnome_course_cycle":{"log":null,"ground_return":null,"pipe":null,"second_lap":false},"flax_picker_cycle":{"first_pack":false,"deposited":null,"returned":false,"further":false},"superheater_cycle":{"first_bars":false,"deposited":null,"withdrawn":null,"produced_after_withdrawal":false,"wrong_product":false,"wrong_staff":false},"chicken_killer_bank_cycle":{"combat_loot":false,"deposited":null,"returned":false,"further":false},"vial_filler_cycle":{"filled":null,"deposited":null,"withdrawn":null,"returned":false,"further":false},"potion_maker_cycle":{"unfinished":null,"finished":null,"deposited":null,"withdrawn":null,"further":false,"wrong_product":false,"filter_violated":false},"tanner_bot_cycle":{"widget":null,"tanned":null,"deposited":null,"withdrawn":null,"returned":false,"further":false,"wrong_product":false,"shop":false},"rune_crafter_cycle":{"withdrawn":null,"entered":null,"crafted":null,"exited":null,"deposited":null,"restocked":null,"returned":false,"further":false,"wrong_product":false,"noted":false},"ardy_cakes_cycle":{"stolen":null,"deposited":null,"returned":false,"further":false,"wrong_product":false,"noted":false},"ardy_thiever_cycle":{"pickpocketed":null,"deposited":null,"returned":false,"further":false},"gnome_chop_cycle":{"chopped":null,"deposited":null,"returned":false,"further":false,"wrong_product":false,"noted":false},"gnome_fletch_cycle":{"chopped":null,"fletched":null,"deposited":null,"returned":false,"further":false,"wrong_product":false,"noted":false},"coal_trucks_cycle":{"mined":null,"trucked":null,"further":false,"noted":false,"banked":false},"station_production_cycle":{"withdrawn":{"ingame":true,"scene_state":2,"player":"Livevzaaae 0","tile":[3269,3166,0],"tick":44,"items":{"Copper ore":14,"Tin ore":14},"item_ids":{"436":14,"438":14},"bank":{"Copper ore":42,"Tin ore":42},"bank_ids":{"436":42,"438":42},"bank_open":true,"bank_loaded":true,"bank_generation":3,"levels":{"-unused-":0,"agility":1,"attack":1,"cooking":1,"crafting":1,"defence":1,"firemaking":1,"fishing":1,"fletching":1,"herblore":1,"hitpoints":10,"magic":1,"mining":1,"prayer":1,"ranged":1,"runecraft":1,"slayer":1,"smithing":1,"strength":1,"thieving":1,"woodcutting":1},"xp":{"-unused-":0,"agility":0,"attack":0,"cooking":0,"crafting":0,"defence":0,"firemaking":0,"fishing":0,"fletching":0,"herblore":0,"hitpoints":1154,"magic":0,"mining":0,"prayer":0,"ranged":0,"runecraft":0,"slayer":0,"smithing":0,"strength":0,"thieving":0,"woodcutting":0},"chat":[[7,"Inventory wiped."],[6,"set tutorial: to 1000"],[5,"Welcome to RuneScape."]],"loc_facts":[],"equipment_ids":{},"main_modal":5292,"widget_ids":[2005,2006,5292,5293,5294,5295,5296,5297,5298,5299,5300,5301,5302,5303,5304,5305,5306,5307,5308,5309,5310,5311,5312,5313,5314,5315,5316,5317,5318,5319,5320,5321,5322,5323,5324,5325,5326,5327,5328,5329,5330,5331,5332,5333,5334,5335,5336,5337,5338,5339,5340,5341,5342,5343,5344,5345,5346,5347,5348,5349,5350,5351,5352,5353,5354,5355,5356,5357,5358,5359,5360,5361,5362,5363,5364,5365,5366,5367,5368,5369,5370,5371,5372,5373,5374,5375,5376,5377,5378,5379,5380,5381,5382,5383,5384,5385,5386,5387,5388,5389,5390,5391,8130,8131,8132,8133]},"produced":{"ingame":true,"scene_state":2,"player":"Livevzaaae 0","tile":[3275,3185,0],"tick":68,"items":{"Bronze bar":1,"Copper ore":13,"Tin ore":13},"item_ids":{"436":13,"438":13,"2349":1},"bank":{},"bank_ids":{},"bank_open":false,"bank_loaded":false,"bank_generation":4,"levels":{"-unused-":0,"agility":1,"attack":1,"cooking":1,"crafting":1,"defence":1,"firemaking":1,"fishing":1,"fletching":1,"herblore":1,"hitpoints":10,"magic":1,"mining":1,"prayer":1,"ranged":1,"runecraft":1,"slayer":1,"smithing":1,"strength":1,"thieving":1,"woodcutting":1},"xp":{"-unused-":0,"agility":0,"attack":0,"cooking":0,"crafting":0,"defence":0,"firemaking":0,"fishing":0,"fletching":0,"herblore":0,"hitpoints":1154,"magic":0,"mining":0,"prayer":0,"ranged":0,"runecraft":0,"slayer":0,"smithing":6,"strength":0,"thieving":0,"woodcutting":0},"chat":[[9,"You retrieve a bar of bronze."],[8,"You smelt the copper and tin together in the furnace."],[7,"Inventory wiped."],[6,"set tutorial: to 1000"],[5,"Welcome to RuneScape."]],"loc_facts":[{"id":1531,"x":3276,"z":3180,"level":0,"name":"Door","open":false},{"id":1531,"x":3278,"z":3191,"level":0,"name":"Door","open":false},{"id":1531,"x":3279,"z":3185,"level":0,"name":"Door","open":false}],"equipment_ids":{},"main_modal":-1,"widget_ids":[3213,3214]},"deposited":{"ingame":true,"scene_state":2,"player":"Livevzaaae 0","tile":[3269,3166,0],"tick":157,"items":{},"item_ids":{},"bank":{"Bronze bar":14,"Copper ore":42,"Tin ore":42},"bank_ids":{"436":42,"438":42,"2349":14},"bank_open":true,"bank_loaded":true,"bank_generation":5,"levels":{"-unused-":0,"agility":1,"attack":1,"cooking":1,"crafting":1,"defence":1,"firemaking":1,"fishing":1,"fletching":1,"herblore":1,"hitpoints":10,"magic":1,"mining":1,"prayer":1,"ranged":1,"runecraft":1,"slayer":1,"smithing":2,"strength":1,"thieving":1,"woodcutting":1},"xp":{"-unused-":0,"agility":0,"attack":0,"cooking":0,"crafting":0,"defence":0,"firemaking":0,"fishing":0,"fletching":0,"herblore":0,"hitpoints":1154,"magic":0,"mining":0,"prayer":0,"ranged":0,"runecraft":0,"slayer":0,"smithing":86,"strength":0,"thieving":0,"woodcutting":0},"chat":[[37,"You have run out of ore to smelt into bronze."],[36,"Congratulations, you just advanced a smithing level."],[35,"You retrieve a bar of bronze."],[34,"You smelt the copper and tin together in the furnace."],[33,"You retrieve a bar of bronze."],[32,"You smelt the copper and tin together in the furnace."],[31,"You retrieve a bar of bronze."],[30,"You smelt the copper and tin together in the furnace."],[29,"You retrieve a bar of bronze."],[28,"You smelt the copper and tin together in the furnace."],[27,"You retrieve a bar of bronze."],[26,"You smelt the copper and tin together in the furnace."],[25,"You retrieve a bar of bronze."],[24,"You smelt the copper and tin together in the furnace."],[23,"You retrieve a bar of bronze."],[22,"You smelt the copper and tin together in the furnace."],[21,"You retrieve a bar of bronze."],[20,"You smelt the copper and tin together in the furnace."],[19,"You retrieve a bar of bronze."],[18,"You smelt the copper and tin together in the furnace."],[17,"You retrieve a bar of bronze."],[16,"You smelt the copper and tin together in the furnace."],[15,"You retrieve a bar of bronze."],[14,"You smelt the copper and tin together in the furnace."],[13,"You retrieve a bar of bronze."],[12,"You smelt the copper and tin together in the furnace."],[11,"You retrieve a bar of bronze."],[10,"You smelt the copper and tin together in the furnace."],[9,"You retrieve a bar of bronze."],[8,"You smelt the copper and tin together in the furnace."],[7,"Inventory wiped."],[6,"set tutorial: to 1000"],[5,"Welcome to RuneScape."]],"loc_facts":[],"equipment_ids":{},"main_modal":5292,"widget_ids":[2005,2006,5292,5293,5294,5295,5296,5297,5298,5299,5300,5301,5302,5303,5304,5305,5306,5307,5308,5309,5310,5311,5312,5313,5314,5315,5316,5317,5318,5319,5320,5321,5322,5323,5324,5325,5326,5327,5328,5329,5330,5331,5332,5333,5334,5335,5336,5337,5338,5339,5340,5341,5342,5343,5344,5345,5346,5347,5348,5349,5350,5351,5352,5353,5354,5355,5356,5357,5358,5359,5360,5361,5362,5363,5364,5365,5366,5367,5368,5369,5370,5371,5372,5373,5374,5375,5376,5377,5378,5379,5380,5381,5382,5383,5384,5385,5386,5387,5388,5389,5390,5391,8130,8131,8132,8133]},"restocked":{"ingame":true,"scene_state":2,"player":"Livevzaaae 0","tile":[3269,3166,0],"tick":165,"items":{"Copper ore":14,"Tin ore":14},"item_ids":{"436":14,"438":14},"bank":{"Bronze bar":14,"Copper ore":28,"Tin ore":28},"bank_ids":{"436":28,"438":28,"2349":14},"bank_open":true,"bank_loaded":true,"bank_generation":5,"levels":{"-unused-":0,"agility":1,"attack":1,"cooking":1,"crafting":1,"defence":1,"firemaking":1,"fishing":1,"fletching":1,"herblore":1,"hitpoints":10,"magic":1,"mining":1,"prayer":1,"ranged":1,"runecraft":1,"slayer":1,"smithing":2,"strength":1,"thieving":1,"woodcutting":1},"xp":{"-unused-":0,"agility":0,"attack":0,"cooking":0,"crafting":0,"defence":0,"firemaking":0,"fishing":0,"fletching":0,"herblore":0,"hitpoints":1154,"magic":0,"mining":0,"prayer":0,"ranged":0,"runecraft":0,"slayer":0,"smithing":86,"strength":0,"thieving":0,"woodcutting":0},"chat":[[37,"You have run out of ore to smelt into bronze."],[36,"Congratulations, you just advanced a smithing level."],[35,"You retrieve a bar of bronze."],[34,"You smelt the copper and tin together in the furnace."],[33,"You retrieve a bar of bronze."],[32,"You smelt the copper and tin together in the furnace."],[31,"You retrieve a bar of bronze."],[30,"You smelt the copper and tin together in the furnace."],[29,"You retrieve a bar of bronze."],[28,"You smelt the copper and tin together in the furnace."],[27,"You retrieve a bar of bronze."],[26,"You smelt the copper and tin together in the furnace."],[25,"You retrieve a bar of bronze."],[24,"You smelt the copper and tin together in the furnace."],[23,"You retrieve a bar of bronze."],[22,"You smelt the copper and tin together in the furnace."],[21,"You retrieve a bar of bronze."],[20,"You smelt the copper and tin together in the furnace."],[19,"You retrieve a bar of bronze."],[18,"You smelt the copper and tin together in the furnace."],[17,"You retrieve a bar of bronze."],[16,"You smelt the copper and tin together in the furnace."],[15,"You retrieve a bar of bronze."],[14,"You smelt the copper and tin together in the furnace."],[13,"You retrieve a bar of bronze."],[12,"You smelt the copper and tin together in the furnace."],[11,"You retrieve a bar of bronze."],[10,"You smelt the copper and tin together in the furnace."],[9,"You retrieve a bar of bronze."],[8,"You smelt the copper and tin together in the furnace."],[7,"Inventory wiped."],[6,"set tutorial: to 1000"],[5,"Welcome to RuneScape."]],"loc_facts":[],"equipment_ids":{},"main_modal":5292,"widget_ids":[2005,2006,5292,5293,5294,5295,5296,5297,5298,5299,5300,5301,5302,5303,5304,5305,5306,5307,5308,5309,5310,5311,5312,5313,5314,5315,5316,5317,5318,5319,5320,5321,5322,5323,5324,5325,5326,5327,5328,5329,5330,5331,5332,5333,5334,5335,5336,5337,5338,5339,5340,5341,5342,5343,5344,5345,5346,5347,5348,5349,5350,5351,5352,5353,5354,5355,5356,5357,5358,5359,5360,5361,5362,5363,5364,5365,5366,5367,5368,5369,5370,5371,5372,5373,5374,5375,5376,5377,5378,5379,5380,5381,5382,5383,5384,5385,5386,5387,5388,5389,5390,5391,8130,8131,8132,8133]},"returned":true,"further":true,"wrong_product":false,"noted":false},"ordered_first_exhausted":false}}
test catalog_boundary_live ... ok

test result: ok. 1 passed; 0 failed; 0 ignored; 0 measured; 32 filtered out; finished in 126.41s

