
running 1 test
{"phase":"identity","revision":289,"profile":"local-289 · 127.0.0.1:44594 · revision 289","cache_id":"c4d8ab36bcfd2a7907535b4f619e28623b0a22e98d496fd2a9620d544c5b5b09","nav_pack":"/Users/acfrazier/experiments/274bot/.worktrees/rs2b0t-multirevision/.superpowers/world-capabilities/289/274bot.navpack","nav_sha256":"131db92e32eddcb08148909d477589544320fe7e34a422e8004e97e888032924","catalog_commit":"100adccc037d9f6898080e1cad58fcfc43364775","catalog_identity":"pre-289 frozen catalog","catalog_read_only_path":".superpowers/inputs/rs2b0t-100adccc037d9f6898080e1cad58fcfc43364775","catalog_root":"/Users/acfrazier/experiments/274bot/.worktrees/rs2b0t-multirevision/.superpowers/inputs/rs2b0t-100adccc037d9f6898080e1cad58fcfc43364775","registry_path":"/Users/acfrazier/experiments/274bot/.worktrees/rs2b0t-multirevision/.superpowers/inputs/rs2b0t-100adccc037d9f6898080e1cad58fcfc43364775/src/bot/scripts/index.ts","registry_sha256":"b614aedb3d5adfdfbac3760f082273f3cf5c33fffe4ced0f2b01490ae02d1bc2","card":{"card":"GnomeMagicChopper","source_path":"/Users/acfrazier/experiments/274bot/.worktrees/rs2b0t-multirevision/.superpowers/inputs/rs2b0t-100adccc037d9f6898080e1cad58fcfc43364775/src/bot/scripts/GnomeMagicChopper/GnomeMagicChopper.ts","source_sha256":"3b0d034c761f9b98361561627817a6d806d359f659000cbccdf22e25772471e1","compiled_sha256":"ab343efb7a0a40f49793d87b2ab4ba07ecb563f9dd9687581414bf4620639218","siblings":[],"settings":{"fletchLogs":true}},"account":"liverjuibf_0","engine_speed_ms":null}
[host-play] slot liverjuibf_0: thread up
289bot: snapshot load skipped: read /Users/acfrazier/.274bot/unpack-289/37214163f1e6ceca/models.bin: No such file or directory (os error 2)
[host-play] slot liverjuibf_0: handshake begin reconnect=false
[host-play] slot liverjuibf_0: handshake ok
[host-play] slot liverjuibf_0: queued mainland tele+setvar (scene 2)
[host] slot liverjuibf_0: d_loop_us=10121 d_raster_us=0 d_observe_us=40838 max_observe_us=4187 d_paints=0 d_skips=50 d_ticks=1 window_ms=0
[host-play] slot liverjuibf_0: handshake begin reconnect=true
[host-play] slot liverjuibf_0: handshake ok
[host] slot liverjuibf_0: d_loop_us=1041 d_raster_us=0 d_observe_us=44662 max_observe_us=4593 d_paints=0 d_skips=50 d_ticks=1 window_ms=0
[host-play] slot liverjuibf_0: queued mainland tele+setvar (scene 2)
[host] slot liverjuibf_0: d_loop_us=19584 d_raster_us=0 d_observe_us=96396 max_observe_us=6384 d_paints=0 d_skips=50 d_ticks=25 window_ms=4918
{"phase":"baseline-after-preparation","scenario":"gnome_fletch_short","account":"liverjuibf_0","observation":{"ingame":true,"scene_state":2,"player":"Liverjuibf 0","tile":[2372,3425,0],"combat_level":3,"tick":40,"items":{"Knife":26,"Rune axe":1},"item_ids":{"946":26,"1359":1},"bank":{},"bank_ids":{},"bank_open":false,"bank_loaded":false,"bank_generation":0,"levels":{"-unused-":0,"agility":1,"attack":1,"cooking":1,"crafting":1,"defence":1,"firemaking":1,"fishing":1,"fletching":80,"herblore":1,"hitpoints":10,"magic":1,"mining":1,"prayer":1,"ranged":1,"runecraft":1,"slayer":1,"smithing":1,"strength":1,"thieving":1,"woodcutting":75},"xp":{"-unused-":0,"agility":0,"attack":0,"cooking":0,"crafting":0,"defence":0,"firemaking":0,"fishing":0,"fletching":1986068,"herblore":0,"hitpoints":1154,"magic":0,"mining":0,"prayer":0,"ranged":0,"runecraft":0,"slayer":0,"smithing":0,"strength":0,"thieving":0,"woodcutting":1210421},"varps":{"309":0},"chat":[[7,"Inventory wiped."],[6,"set tutorial: to 1000"],[5,"Welcome to RuneScape."]],"loc_facts":[],"npc_facts":[],"ground_loot":[],"local_in_combat":false,"local_target_npc":null,"local_health":0,"local_animation":-1,"equipment_ids":{},"main_modal":-1,"widget_ids":[3213,3214]}}
[script liverjuibf_0] start load
{"phase":"start","account":"liverjuibf_0","count":1}
[host] hitch liverjuibf_0: observe_us=97560 paints=0 skips=114 ticks=40
[script liverjuibf_0] GnomeMagicChopper, magics at 2372,3425 / 2433,3410 / 2491,3413, fletching 80 → Magic shortbow
[script liverjuibf_0] gear: opening gnome bank for best axe / knife
[script liverjuibf_0] walking to bank stairs 2444,3416 (only 2444,3416 or 2445,3443)
[script liverjuibf_0] interact WalkNear { x: 2444, z: 3416, level: 0, radius: 1, allow_teleports: false }
[nav-follow] here=WorldTile { x: 2372, z: 3425, level: 0 } walk=true transport=false leg=0 hops=1 outcome=None
[nav-walk] here=WorldTile { x: 2374, z: 3425, level: 0 } aim=WorldTile { x: 2379, z: 3424, level: 0 } radius=0 ticks_waited=0 sent_tile=Some(WorldTile { x: 2372, z: 3425, level: 0 })
[nav-follow] here=WorldTile { x: 2374, z: 3425, level: 0 } walk=true transport=false leg=0 hops=1 outcome=None
[nav-walk] here=WorldTile { x: 2376, z: 3425, level: 0 } aim=WorldTile { x: 2379, z: 3424, level: 0 } radius=0 ticks_waited=1 sent_tile=Some(WorldTile { x: 2372, z: 3425, level: 0 })
[nav-follow] here=WorldTile { x: 2376, z: 3425, level: 0 } walk=true transport=false leg=0 hops=1 outcome=None
[nav-walk] here=WorldTile { x: 2378, z: 3424, level: 0 } aim=WorldTile { x: 2379, z: 3424, level: 0 } radius=0 ticks_waited=2 sent_tile=Some(WorldTile { x: 2372, z: 3425, level: 0 })
[nav-follow] here=WorldTile { x: 2378, z: 3424, level: 0 } walk=true transport=false leg=0 hops=1 outcome=None
[host] hitch liverjuibf_0: observe_us=16039 paints=0 skips=146 ticks=45
[host] slot liverjuibf_0: d_loop_us=2663 d_raster_us=0 d_observe_us=204132 max_observe_us=97560 d_paints=0 d_skips=50 d_ticks=19 window_ms=3913
[nav-walk] here=WorldTile { x: 2379, z: 3424, level: 0 } aim=WorldTile { x: 2379, z: 3424, level: 0 } radius=0 ticks_waited=3 sent_tile=Some(WorldTile { x: 2372, z: 3425, level: 0 })
[nav-follow] here=WorldTile { x: 2379, z: 3424, level: 0 } walk=false transport=true leg=1 hops=1 outcome=None
[nav-transport] cheap hop walk-through to WorldTile { x: 2380, z: 3426, level: 0 }
[nav-follow] here=WorldTile { x: 2380, z: 3425, level: 0 } walk=false transport=true leg=1 hops=1 outcome=None
[nav-transport] here=WorldTile { x: 2380, z: 3426, level: 0 } to=WorldTile { x: 2380, z: 3426, level: 0 } troll=false ticks_waited=0 loc_id=1553 open=true
[nav-follow] here=WorldTile { x: 2380, z: 3426, level: 0 } walk=true transport=false leg=2 hops=2 outcome=None
[nav-walk] here=WorldTile { x: 2382, z: 3427, level: 0 } aim=WorldTile { x: 2395, z: 3431, level: 0 } radius=2 ticks_waited=0 sent_tile=Some(WorldTile { x: 2380, z: 3426, level: 0 })
[nav-follow] here=WorldTile { x: 2382, z: 3427, level: 0 } walk=true transport=false leg=2 hops=2 outcome=None
[nav-walk] here=WorldTile { x: 2384, z: 3427, level: 0 } aim=WorldTile { x: 2395, z: 3431, level: 0 } radius=2 ticks_waited=1 sent_tile=Some(WorldTile { x: 2380, z: 3426, level: 0 })
[nav-follow] here=WorldTile { x: 2384, z: 3427, level: 0 } walk=true transport=false leg=2 hops=2 outcome=None
[nav-walk] here=WorldTile { x: 2386, z: 3427, level: 0 } aim=WorldTile { x: 2395, z: 3431, level: 0 } radius=2 ticks_waited=2 sent_tile=Some(WorldTile { x: 2380, z: 3426, level: 0 })
[nav-follow] here=WorldTile { x: 2386, z: 3427, level: 0 } walk=true transport=false leg=2 hops=2 outcome=None
[host] slot liverjuibf_0: d_loop_us=2120 d_raster_us=0 d_observe_us=118363 max_observe_us=15191 d_paints=0 d_skips=50 d_ticks=6 window_ms=1184
[nav-walk] here=WorldTile { x: 2388, z: 3427, level: 0 } aim=WorldTile { x: 2395, z: 3431, level: 0 } radius=2 ticks_waited=3 sent_tile=Some(WorldTile { x: 2380, z: 3426, level: 0 })
[nav-follow] here=WorldTile { x: 2388, z: 3427, level: 0 } walk=true transport=false leg=2 hops=2 outcome=None
[nav-walk] here=WorldTile { x: 2390, z: 3427, level: 0 } aim=WorldTile { x: 2395, z: 3431, level: 0 } radius=2 ticks_waited=4 sent_tile=Some(WorldTile { x: 2380, z: 3426, level: 0 })
[nav-follow] here=WorldTile { x: 2390, z: 3427, level: 0 } walk=true transport=false leg=2 hops=2 outcome=None
[nav-walk] here=WorldTile { x: 2392, z: 3428, level: 0 } aim=WorldTile { x: 2395, z: 3431, level: 0 } radius=2 ticks_waited=5 sent_tile=Some(WorldTile { x: 2380, z: 3426, level: 0 })
[nav-follow] here=WorldTile { x: 2392, z: 3428, level: 0 } walk=true transport=false leg=2 hops=2 outcome=None
[nav-walk] here=WorldTile { x: 2394, z: 3430, level: 0 } aim=WorldTile { x: 2395, z: 3431, level: 0 } radius=2 ticks_waited=6 sent_tile=Some(WorldTile { x: 2380, z: 3426, level: 0 })
[nav-follow] here=WorldTile { x: 2394, z: 3430, level: 0 } walk=true transport=false leg=2 hops=3 outcome=None
[nav-walk] here=WorldTile { x: 2396, z: 3430, level: 0 } aim=WorldTile { x: 2411, z: 3435, level: 0 } radius=2 ticks_waited=0 sent_tile=Some(WorldTile { x: 2394, z: 3430, level: 0 })
[nav-follow] here=WorldTile { x: 2396, z: 3430, level: 0 } walk=true transport=false leg=2 hops=3 outcome=None
[nav-walk] here=WorldTile { x: 2398, z: 3430, level: 0 } aim=WorldTile { x: 2411, z: 3435, level: 0 } radius=2 ticks_waited=1 sent_tile=Some(WorldTile { x: 2394, z: 3430, level: 0 })
[nav-follow] here=WorldTile { x: 2398, z: 3430, level: 0 } walk=true transport=false leg=2 hops=3 outcome=None
[host] slot liverjuibf_0: d_loop_us=2284 d_raster_us=0 d_observe_us=124124 max_observe_us=15036 d_paints=0 d_skips=50 d_ticks=6 window_ms=1178
[nav-walk] here=WorldTile { x: 2400, z: 3430, level: 0 } aim=WorldTile { x: 2411, z: 3435, level: 0 } radius=2 ticks_waited=2 sent_tile=Some(WorldTile { x: 2394, z: 3430, level: 0 })
[nav-follow] here=WorldTile { x: 2400, z: 3430, level: 0 } walk=true transport=false leg=2 hops=3 outcome=None
[nav-walk] here=WorldTile { x: 2402, z: 3431, level: 0 } aim=WorldTile { x: 2411, z: 3435, level: 0 } radius=2 ticks_waited=3 sent_tile=Some(WorldTile { x: 2394, z: 3430, level: 0 })
[nav-follow] here=WorldTile { x: 2402, z: 3431, level: 0 } walk=true transport=false leg=2 hops=3 outcome=None
[nav-walk] here=WorldTile { x: 2404, z: 3433, level: 0 } aim=WorldTile { x: 2411, z: 3435, level: 0 } radius=2 ticks_waited=4 sent_tile=Some(WorldTile { x: 2394, z: 3430, level: 0 })
[nav-follow] here=WorldTile { x: 2404, z: 3433, level: 0 } walk=true transport=false leg=2 hops=3 outcome=None
[host] hitch liverjuibf_0: observe_us=16005 paints=0 skips=274 ticks=60
[nav-walk] here=WorldTile { x: 2406, z: 3435, level: 0 } aim=WorldTile { x: 2411, z: 3435, level: 0 } radius=2 ticks_waited=5 sent_tile=Some(WorldTile { x: 2394, z: 3430, level: 0 })
[nav-follow] here=WorldTile { x: 2406, z: 3435, level: 0 } walk=true transport=false leg=2 hops=3 outcome=None
[host] slot liverjuibf_0: d_loop_us=13046 d_raster_us=0 d_observe_us=127046 max_observe_us=16005 d_paints=0 d_skips=50 d_ticks=5 window_ms=1157
[nav-walk] here=WorldTile { x: 2410, z: 3436, level: 0 } aim=WorldTile { x: 2411, z: 3435, level: 0 } radius=2 ticks_waited=6 sent_tile=Some(WorldTile { x: 2394, z: 3430, level: 0 })
[nav-follow] here=WorldTile { x: 2410, z: 3436, level: 0 } walk=true transport=false leg=2 hops=4 outcome=None
[host] hitch liverjuibf_0: observe_us=16673 paints=0 skips=302 ticks=63
[nav-walk] here=WorldTile { x: 2412, z: 3434, level: 0 } aim=WorldTile { x: 2427, z: 3428, level: 0 } radius=2 ticks_waited=0 sent_tile=Some(WorldTile { x: 2410, z: 3436, level: 0 })
[nav-follow] here=WorldTile { x: 2412, z: 3434, level: 0 } walk=true transport=false leg=2 hops=4 outcome=None
[nav-walk] here=WorldTile { x: 2414, z: 3432, level: 0 } aim=WorldTile { x: 2427, z: 3428, level: 0 } radius=2 ticks_waited=1 sent_tile=Some(WorldTile { x: 2410, z: 3436, level: 0 })
[nav-follow] here=WorldTile { x: 2414, z: 3432, level: 0 } walk=true transport=false leg=2 hops=4 outcome=None
[nav-walk] here=WorldTile { x: 2416, z: 3431, level: 0 } aim=WorldTile { x: 2427, z: 3428, level: 0 } radius=2 ticks_waited=2 sent_tile=Some(WorldTile { x: 2410, z: 3436, level: 0 })
[nav-follow] here=WorldTile { x: 2416, z: 3431, level: 0 } walk=true transport=false leg=2 hops=4 outcome=None
[nav-walk] here=WorldTile { x: 2418, z: 3431, level: 0 } aim=WorldTile { x: 2427, z: 3428, level: 0 } radius=2 ticks_waited=3 sent_tile=Some(WorldTile { x: 2410, z: 3436, level: 0 })
[nav-follow] here=WorldTile { x: 2418, z: 3431, level: 0 } walk=true transport=false leg=2 hops=4 outcome=None
[host] hitch liverjuibf_0: observe_us=18129 paints=0 skips=334 ticks=67
[nav-walk] here=WorldTile { x: 2420, z: 3431, level: 0 } aim=WorldTile { x: 2427, z: 3428, level: 0 } radius=2 ticks_waited=4 sent_tile=Some(WorldTile { x: 2410, z: 3436, level: 0 })
[nav-follow] here=WorldTile { x: 2420, z: 3431, level: 0 } walk=true transport=false leg=2 hops=4 outcome=None
[host] hitch liverjuibf_0: observe_us=17478 paints=0 skips=343 ticks=68
[host] slot liverjuibf_0: d_loop_us=1552 d_raster_us=0 d_observe_us=144692 max_observe_us=18129 d_paints=0 d_skips=50 d_ticks=6 window_ms=1162
[nav-walk] here=WorldTile { x: 2422, z: 3429, level: 0 } aim=WorldTile { x: 2427, z: 3428, level: 0 } radius=2 ticks_waited=5 sent_tile=Some(WorldTile { x: 2410, z: 3436, level: 0 })
[nav-follow] here=WorldTile { x: 2422, z: 3429, level: 0 } walk=true transport=false leg=2 hops=4 outcome=None
[host] hitch liverjuibf_0: observe_us=17224 paints=0 skips=351 ticks=69
[nav-walk] here=WorldTile { x: 2424, z: 3428, level: 0 } aim=WorldTile { x: 2427, z: 3428, level: 0 } radius=2 ticks_waited=6 sent_tile=Some(WorldTile { x: 2410, z: 3436, level: 0 })
[nav-follow] here=WorldTile { x: 2424, z: 3428, level: 0 } walk=true transport=false leg=2 hops=4 outcome=None
[host] hitch liverjuibf_0: observe_us=19723 paints=0 skips=359 ticks=70
[nav-walk] here=WorldTile { x: 2426, z: 3428, level: 0 } aim=WorldTile { x: 2427, z: 3428, level: 0 } radius=2 ticks_waited=7 sent_tile=Some(WorldTile { x: 2410, z: 3436, level: 0 })
[nav-follow] here=WorldTile { x: 2426, z: 3428, level: 0 } walk=true transport=false leg=2 hops=5 outcome=None
[host] hitch liverjuibf_0: observe_us=18064 paints=0 skips=368 ticks=71
[nav-walk] here=WorldTile { x: 2428, z: 3427, level: 0 } aim=WorldTile { x: 2443, z: 3415, level: 0 } radius=0 ticks_waited=0 sent_tile=Some(WorldTile { x: 2426, z: 3428, level: 0 })
[nav-follow] here=WorldTile { x: 2428, z: 3427, level: 0 } walk=true transport=false leg=2 hops=5 outcome=None
[host] hitch liverjuibf_0: observe_us=17023 paints=0 skips=376 ticks=72
[nav-walk] here=WorldTile { x: 2430, z: 3425, level: 0 } aim=WorldTile { x: 2443, z: 3415, level: 0 } radius=0 ticks_waited=1 sent_tile=Some(WorldTile { x: 2426, z: 3428, level: 0 })
[nav-follow] here=WorldTile { x: 2430, z: 3425, level: 0 } walk=true transport=false leg=2 hops=5 outcome=None
[nav-walk] here=WorldTile { x: 2432, z: 3424, level: 0 } aim=WorldTile { x: 2443, z: 3415, level: 0 } radius=0 ticks_waited=2 sent_tile=Some(WorldTile { x: 2426, z: 3428, level: 0 })
[nav-follow] here=WorldTile { x: 2432, z: 3424, level: 0 } walk=true transport=false leg=2 hops=5 outcome=None
[host] hitch liverjuibf_0: observe_us=18138 paints=0 skips=393 ticks=74
[host] slot liverjuibf_0: d_loop_us=1956 d_raster_us=0 d_observe_us=147626 max_observe_us=19723 d_paints=0 d_skips=50 d_ticks=6 window_ms=1184
[nav-walk] here=WorldTile { x: 2434, z: 3423, level: 0 } aim=WorldTile { x: 2443, z: 3415, level: 0 } radius=0 ticks_waited=3 sent_tile=Some(WorldTile { x: 2426, z: 3428, level: 0 })
[nav-follow] here=WorldTile { x: 2434, z: 3423, level: 0 } walk=true transport=false leg=2 hops=5 outcome=None
[host] hitch liverjuibf_0: observe_us=19683 paints=0 skips=402 ticks=75
[nav-walk] here=WorldTile { x: 2436, z: 3422, level: 0 } aim=WorldTile { x: 2443, z: 3415, level: 0 } radius=0 ticks_waited=4 sent_tile=Some(WorldTile { x: 2426, z: 3428, level: 0 })
[nav-follow] here=WorldTile { x: 2436, z: 3422, level: 0 } walk=true transport=false leg=2 hops=5 outcome=None
[nav-walk] here=WorldTile { x: 2438, z: 3421, level: 0 } aim=WorldTile { x: 2443, z: 3415, level: 0 } radius=0 ticks_waited=5 sent_tile=Some(WorldTile { x: 2426, z: 3428, level: 0 })
[nav-follow] here=WorldTile { x: 2438, z: 3421, level: 0 } walk=true transport=false leg=2 hops=5 outcome=None
[host] hitch liverjuibf_0: observe_us=18384 paints=0 skips=419 ticks=77
[nav-walk] here=WorldTile { x: 2440, z: 3419, level: 0 } aim=WorldTile { x: 2443, z: 3415, level: 0 } radius=0 ticks_waited=6 sent_tile=Some(WorldTile { x: 2426, z: 3428, level: 0 })
[nav-follow] here=WorldTile { x: 2440, z: 3419, level: 0 } walk=true transport=false leg=2 hops=5 outcome=None
[host] hitch liverjuibf_0: observe_us=16359 paints=0 skips=427 ticks=78
[nav-walk] here=WorldTile { x: 2441, z: 3417, level: 0 } aim=WorldTile { x: 2443, z: 3415, level: 0 } radius=0 ticks_waited=7 sent_tile=Some(WorldTile { x: 2426, z: 3428, level: 0 })
[nav-follow] here=WorldTile { x: 2441, z: 3417, level: 0 } walk=true transport=false leg=2 hops=5 outcome=None
[host] hitch liverjuibf_0: observe_us=16691 paints=0 skips=436 ticks=79
[nav-walk] here=WorldTile { x: 2443, z: 3415, level: 0 } aim=WorldTile { x: 2443, z: 3415, level: 0 } radius=0 ticks_waited=8 sent_tile=Some(WorldTile { x: 2426, z: 3428, level: 0 })
[nav-follow] here=WorldTile { x: 2443, z: 3415, level: 0 } walk=false transport=false leg=3 hops=5 outcome=Some(Arrived { at: WorldTile { x: 2443, z: 3415, level: 0 } })
[host] hitch liverjuibf_0: observe_us=21751 paints=0 skips=445 ticks=80
[script liverjuibf_0] Climb-up Staircase @ 2444,3414 (bank stairs only)
[script liverjuibf_0] interact Loc { x: 2444, z: 3414, level: 0, action: "Climb-up", id: Some(1742) }
[host] slot liverjuibf_0: d_loop_us=1891 d_raster_us=0 d_observe_us=150969 max_observe_us=21751 d_paints=0 d_skips=50 d_ticks=6 window_ms=1167
[script liverjuibf_0] upstairs, walking to central booths 2445,3425
[script liverjuibf_0] walking to central bank booths 2445,3425,1
[script liverjuibf_0] interact WalkNear { x: 2445, z: 3425, level: 1, radius: 2, allow_teleports: false }
[nav-follow] here=WorldTile { x: 2445, z: 3416, level: 1 } walk=true transport=false leg=0 hops=1 outcome=None
[nav-walk] here=WorldTile { x: 2445, z: 3418, level: 1 } aim=WorldTile { x: 2445, z: 3423, level: 1 } radius=0 ticks_waited=0 sent_tile=Some(WorldTile { x: 2445, z: 3416, level: 1 })
[nav-follow] here=WorldTile { x: 2445, z: 3418, level: 1 } walk=true transport=false leg=0 hops=1 outcome=None
[nav-walk] here=WorldTile { x: 2445, z: 3420, level: 1 } aim=WorldTile { x: 2445, z: 3423, level: 1 } radius=0 ticks_waited=1 sent_tile=Some(WorldTile { x: 2445, z: 3416, level: 1 })
[nav-follow] here=WorldTile { x: 2445, z: 3420, level: 1 } walk=true transport=false leg=0 hops=1 outcome=None
[nav-walk] here=WorldTile { x: 2445, z: 3422, level: 1 } aim=WorldTile { x: 2445, z: 3423, level: 1 } radius=0 ticks_waited=2 sent_tile=Some(WorldTile { x: 2445, z: 3416, level: 1 })
[nav-follow] here=WorldTile { x: 2445, z: 3422, level: 1 } walk=true transport=false leg=0 hops=1 outcome=None
[host] slot liverjuibf_0: d_loop_us=6380 d_raster_us=0 d_observe_us=96713 max_observe_us=12882 d_paints=0 d_skips=50 d_ticks=6 window_ms=1194
[nav-walk] here=WorldTile { x: 2445, z: 3423, level: 1 } aim=WorldTile { x: 2445, z: 3423, level: 1 } radius=0 ticks_waited=3 sent_tile=Some(WorldTile { x: 2445, z: 3416, level: 1 })
[nav-follow] here=WorldTile { x: 2445, z: 3423, level: 1 } walk=false transport=false leg=1 hops=1 outcome=Some(Arrived { at: WorldTile { x: 2445, z: 3423, level: 1 } })
[script liverjuibf_0] Use-quickly Bank booth @ 2444,3424,1
[script liverjuibf_0] interact Loc { x: 2444, z: 3424, level: 1, action: "Use-quickly", id: Some(2213) }
[script liverjuibf_0] gear: depositing all except Knife
[host] slot liverjuibf_0: d_loop_us=1599 d_raster_us=0 d_observe_us=91986 max_observe_us=12059 d_paints=0 d_skips=50 d_ticks=6 window_ms=1170
[script liverjuibf_0] gear: withdrawing Rune axe
[script liverjuibf_0] interact Close
[shim-close] sent
[script liverjuibf_0] gear: keeping Rune axe in pack (Attack too low to wield)
[script liverjuibf_0] gear: ready, Rune axe
[script liverjuibf_0] walking to bank stairs 2444,3416 (only 2444,3416 or 2445,3443)
[script liverjuibf_0] interact WalkNear { x: 2444, z: 3416, level: 1, radius: 1, allow_teleports: false }
[host] slot liverjuibf_0: d_loop_us=1588 d_raster_us=0 d_observe_us=89238 max_observe_us=11689 d_paints=0 d_skips=50 d_ticks=6 window_ms=1183
[nav-follow] here=WorldTile { x: 2445, z: 3424, level: 1 } walk=true transport=false leg=0 hops=1 outcome=None
[nav-walk] here=WorldTile { x: 2445, z: 3422, level: 1 } aim=WorldTile { x: 2445, z: 3417, level: 1 } radius=0 ticks_waited=0 sent_tile=Some(WorldTile { x: 2445, z: 3424, level: 1 })
[nav-follow] here=WorldTile { x: 2445, z: 3422, level: 1 } walk=true transport=false leg=0 hops=1 outcome=None
[nav-walk] here=WorldTile { x: 2445, z: 3420, level: 1 } aim=WorldTile { x: 2445, z: 3417, level: 1 } radius=0 ticks_waited=1 sent_tile=Some(WorldTile { x: 2445, z: 3424, level: 1 })
[nav-follow] here=WorldTile { x: 2445, z: 3420, level: 1 } walk=true transport=false leg=0 hops=1 outcome=None
[nav-walk] here=WorldTile { x: 2445, z: 3418, level: 1 } aim=WorldTile { x: 2445, z: 3417, level: 1 } radius=0 ticks_waited=2 sent_tile=Some(WorldTile { x: 2445, z: 3424, level: 1 })
[nav-follow] here=WorldTile { x: 2445, z: 3418, level: 1 } walk=true transport=false leg=0 hops=1 outcome=None
[nav-walk] here=WorldTile { x: 2445, z: 3417, level: 1 } aim=WorldTile { x: 2445, z: 3417, level: 1 } radius=0 ticks_waited=3 sent_tile=Some(WorldTile { x: 2445, z: 3424, level: 1 })
[nav-follow] here=WorldTile { x: 2445, z: 3417, level: 1 } walk=false transport=false leg=1 hops=1 outcome=Some(Arrived { at: WorldTile { x: 2445, z: 3417, level: 1 } })
[script liverjuibf_0] climbing down allowed bank staircase
[script liverjuibf_0] Climb-down Staircase @ 2445,3415 (bank stairs only)
[script liverjuibf_0] interact Loc { x: 2445, z: 3415, level: 1, action: "Climb-down", id: Some(1744) }
[host] slot liverjuibf_0: d_loop_us=1672 d_raster_us=0 d_observe_us=100728 max_observe_us=13140 d_paints=0 d_skips=50 d_ticks=6 window_ms=1176
[host] hitch liverjuibf_0: observe_us=18935 paints=0 skips=656 ticks=105
[script liverjuibf_0] back on the ground, heading to magics
[script liverjuibf_0] running to Magic tree @ 2432,3410
[script liverjuibf_0] interact WalkNear { x: 2432, z: 3410, level: 0, radius: 2, allow_teleports: false }
[nav-follow] here=WorldTile { x: 2446, z: 3415, level: 0 } walk=true transport=false leg=0 hops=1 outcome=None
[nav-walk] here=WorldTile { x: 2446, z: 3413, level: 0 } aim=WorldTile { x: 2434, z: 3408, level: 0 } radius=0 ticks_waited=0 sent_tile=Some(WorldTile { x: 2446, z: 3415, level: 0 })
[nav-follow] here=WorldTile { x: 2446, z: 3413, level: 0 } walk=true transport=false leg=0 hops=1 outcome=None
[nav-walk] here=WorldTile { x: 2444, z: 3413, level: 0 } aim=WorldTile { x: 2434, z: 3408, level: 0 } radius=0 ticks_waited=1 sent_tile=Some(WorldTile { x: 2446, z: 3415, level: 0 })
[nav-follow] here=WorldTile { x: 2444, z: 3413, level: 0 } walk=true transport=false leg=0 hops=1 outcome=None
[host] hitch liverjuibf_0: observe_us=17724 paints=0 skips=699 ticks=110
[host] slot liverjuibf_0: d_loop_us=9693 d_raster_us=0 d_observe_us=144521 max_observe_us=18935 d_paints=0 d_skips=50 d_ticks=6 window_ms=1179
[nav-walk] here=WorldTile { x: 2442, z: 3413, level: 0 } aim=WorldTile { x: 2434, z: 3408, level: 0 } radius=0 ticks_waited=2 sent_tile=Some(WorldTile { x: 2446, z: 3415, level: 0 })
[nav-follow] here=WorldTile { x: 2442, z: 3413, level: 0 } walk=true transport=false leg=0 hops=1 outcome=None
[nav-walk] here=WorldTile { x: 2440, z: 3411, level: 0 } aim=WorldTile { x: 2434, z: 3408, level: 0 } radius=0 ticks_waited=3 sent_tile=Some(WorldTile { x: 2446, z: 3415, level: 0 })
[nav-follow] here=WorldTile { x: 2440, z: 3411, level: 0 } walk=true transport=false leg=0 hops=1 outcome=None
[nav-walk] here=WorldTile { x: 2438, z: 3411, level: 0 } aim=WorldTile { x: 2434, z: 3408, level: 0 } radius=0 ticks_waited=4 sent_tile=Some(WorldTile { x: 2446, z: 3415, level: 0 })
[nav-follow] here=WorldTile { x: 2438, z: 3411, level: 0 } walk=true transport=false leg=0 hops=1 outcome=None
[nav-walk] here=WorldTile { x: 2436, z: 3410, level: 0 } aim=WorldTile { x: 2434, z: 3408, level: 0 } radius=0 ticks_waited=5 sent_tile=Some(WorldTile { x: 2446, z: 3415, level: 0 })
[nav-follow] here=WorldTile { x: 2436, z: 3410, level: 0 } walk=true transport=false leg=0 hops=1 outcome=None
[host] hitch liverjuibf_0: observe_us=17743 paints=0 skips=733 ticks=114
[nav-walk] here=WorldTile { x: 2434, z: 3408, level: 0 } aim=WorldTile { x: 2434, z: 3408, level: 0 } radius=0 ticks_waited=6 sent_tile=Some(WorldTile { x: 2446, z: 3415, level: 0 })
[nav-follow] here=WorldTile { x: 2434, z: 3408, level: 0 } walk=false transport=false leg=1 hops=1 outcome=Some(Arrived { at: WorldTile { x: 2434, z: 3408, level: 0 } })
[host] slot liverjuibf_0: d_loop_us=1210 d_raster_us=0 d_observe_us=105209 max_observe_us=17743 d_paints=0 d_skips=50 d_ticks=5 window_ms=1152
[host] slot liverjuibf_0: d_loop_us=1537 d_raster_us=0 d_observe_us=128610 max_observe_us=15035 d_paints=0 d_skips=50 d_ticks=6 window_ms=1160
[script liverjuibf_0] chopping Magic tree @ 2432,3410
[script liverjuibf_0] interact Loc { x: 2432, z: 3410, level: 0, action: "Chop down", id: Some(1306) }
[host] hitch liverjuibf_0: observe_us=18891 paints=0 skips=845 ticks=127
[host] slot liverjuibf_0: d_loop_us=1228 d_raster_us=0 d_observe_us=132230 max_observe_us=18891 d_paints=0 d_skips=50 d_ticks=6 window_ms=1162
[host] slot liverjuibf_0: d_loop_us=1428 d_raster_us=0 d_observe_us=123991 max_observe_us=15388 d_paints=0 d_skips=50 d_ticks=6 window_ms=1191
[host] slot liverjuibf_0: d_loop_us=1678 d_raster_us=0 d_observe_us=131166 max_observe_us=15964 d_paints=0 d_skips=50 d_ticks=6 window_ms=1192
[host] hitch liverjuibf_0: observe_us=17410 paints=0 skips=981 ticks=143
[script liverjuibf_0] knife → magic logs (1 left) for Magic shortbow
[script liverjuibf_0] interact UseOn { name: "Knife", kind: "inv", target_name: Some("Magic logs"), x: 0, z: 0, level: 0, index: None, source_item_id: Some(946), source_item_slot: Some(1), target_item_id: Some(1513), target_item_slot: Some(27) }
[host] slot liverjuibf_0: d_loop_us=2055 d_raster_us=0 d_observe_us=142646 max_observe_us=17410 d_paints=0 d_skips=50 d_ticks=6 window_ms=1147
[script liverjuibf_0] selecting 'Magic shortbow' x1
[script liverjuibf_0] interact IfButton { component_id: 8871 }
[script liverjuibf_0] interact AnswerCount { value: 1 }
[shim-count] 1 sent
[host] slot liverjuibf_0: d_loop_us=1599 d_raster_us=0 d_observe_us=115769 max_observe_us=15380 d_paints=0 d_skips=50 d_ticks=6 window_ms=1171
[script liverjuibf_0] banking 1 Magic shortbow (fletching 80)
[script liverjuibf_0] walking to bank stairs 2444,3416 (only 2444,3416 or 2445,3443)
[script liverjuibf_0] interact WalkNear { x: 2444, z: 3416, level: 0, radius: 1, allow_teleports: false }
[nav-follow] here=WorldTile { x: 2433, z: 3409, level: 0 } walk=true transport=false leg=0 hops=1 outcome=None
[nav-walk] here=WorldTile { x: 2435, z: 3409, level: 0 } aim=WorldTile { x: 2443, z: 3415, level: 0 } radius=0 ticks_waited=0 sent_tile=Some(WorldTile { x: 2433, z: 3409, level: 0 })
[nav-follow] here=WorldTile { x: 2435, z: 3409, level: 0 } walk=true transport=false leg=0 hops=1 outcome=None
[nav-walk] here=WorldTile { x: 2437, z: 3410, level: 0 } aim=WorldTile { x: 2443, z: 3415, level: 0 } radius=0 ticks_waited=1 sent_tile=Some(WorldTile { x: 2433, z: 3409, level: 0 })
[nav-follow] here=WorldTile { x: 2437, z: 3410, level: 0 } walk=true transport=false leg=0 hops=1 outcome=None
[nav-walk] here=WorldTile { x: 2439, z: 3410, level: 0 } aim=WorldTile { x: 2443, z: 3415, level: 0 } radius=0 ticks_waited=2 sent_tile=Some(WorldTile { x: 2433, z: 3409, level: 0 })
[nav-follow] here=WorldTile { x: 2439, z: 3410, level: 0 } walk=true transport=false leg=0 hops=1 outcome=None
[host] hitch liverjuibf_0: observe_us=16037 paints=0 skips=1084 ticks=155
[nav-walk] here=WorldTile { x: 2440, z: 3412, level: 0 } aim=WorldTile { x: 2443, z: 3415, level: 0 } radius=0 ticks_waited=3 sent_tile=Some(WorldTile { x: 2433, z: 3409, level: 0 })
[nav-follow] here=WorldTile { x: 2440, z: 3412, level: 0 } walk=true transport=false leg=0 hops=1 outcome=None
[host] hitch liverjuibf_0: observe_us=16789 paints=0 skips=1093 ticks=156
[host] slot liverjuibf_0: d_loop_us=1735 d_raster_us=0 d_observe_us=114896 max_observe_us=16789 d_paints=0 d_skips=50 d_ticks=5 window_ms=1156
[nav-walk] here=WorldTile { x: 2442, z: 3414, level: 0 } aim=WorldTile { x: 2443, z: 3415, level: 0 } radius=0 ticks_waited=4 sent_tile=Some(WorldTile { x: 2433, z: 3409, level: 0 })
[nav-follow] here=WorldTile { x: 2442, z: 3414, level: 0 } walk=true transport=false leg=0 hops=1 outcome=None
[host] hitch liverjuibf_0: observe_us=17655 paints=0 skips=1101 ticks=157
[nav-walk] here=WorldTile { x: 2443, z: 3415, level: 0 } aim=WorldTile { x: 2443, z: 3415, level: 0 } radius=0 ticks_waited=5 sent_tile=Some(WorldTile { x: 2433, z: 3409, level: 0 })
[nav-follow] here=WorldTile { x: 2443, z: 3415, level: 0 } walk=false transport=false leg=1 hops=1 outcome=Some(Arrived { at: WorldTile { x: 2443, z: 3415, level: 0 } })
[host] hitch liverjuibf_0: observe_us=18817 paints=0 skips=1110 ticks=158
[script liverjuibf_0] Climb-up Staircase @ 2444,3414 (bank stairs only)
[script liverjuibf_0] interact Loc { x: 2444, z: 3414, level: 0, action: "Climb-up", id: Some(1742) }
[script liverjuibf_0] upstairs, walking to central booths 2445,3425
[script liverjuibf_0] walking to central bank booths 2445,3425,1
[script liverjuibf_0] interact WalkNear { x: 2445, z: 3425, level: 1, radius: 2, allow_teleports: false }
[nav-follow] here=WorldTile { x: 2445, z: 3416, level: 1 } walk=true transport=false leg=0 hops=1 outcome=None
[nav-walk] here=WorldTile { x: 2445, z: 3418, level: 1 } aim=WorldTile { x: 2445, z: 3423, level: 1 } radius=0 ticks_waited=0 sent_tile=Some(WorldTile { x: 2445, z: 3416, level: 1 })
[nav-follow] here=WorldTile { x: 2445, z: 3418, level: 1 } walk=true transport=false leg=0 hops=1 outcome=None
[host] slot liverjuibf_0: d_loop_us=6708 d_raster_us=0 d_observe_us=119080 max_observe_us=18817 d_paints=0 d_skips=50 d_ticks=6 window_ms=1171
[nav-walk] here=WorldTile { x: 2445, z: 3420, level: 1 } aim=WorldTile { x: 2445, z: 3423, level: 1 } radius=0 ticks_waited=1 sent_tile=Some(WorldTile { x: 2445, z: 3416, level: 1 })
[nav-follow] here=WorldTile { x: 2445, z: 3420, level: 1 } walk=true transport=false leg=0 hops=1 outcome=None
[nav-walk] here=WorldTile { x: 2445, z: 3422, level: 1 } aim=WorldTile { x: 2445, z: 3423, level: 1 } radius=0 ticks_waited=2 sent_tile=Some(WorldTile { x: 2445, z: 3416, level: 1 })
[nav-follow] here=WorldTile { x: 2445, z: 3422, level: 1 } walk=true transport=false leg=0 hops=1 outcome=None
[nav-walk] here=WorldTile { x: 2445, z: 3423, level: 1 } aim=WorldTile { x: 2445, z: 3423, level: 1 } radius=0 ticks_waited=3 sent_tile=Some(WorldTile { x: 2445, z: 3416, level: 1 })
[nav-follow] here=WorldTile { x: 2445, z: 3423, level: 1 } walk=false transport=false leg=1 hops=1 outcome=Some(Arrived { at: WorldTile { x: 2445, z: 3423, level: 1 } })
[script liverjuibf_0] Use-quickly Bank booth @ 2444,3424,1
[script liverjuibf_0] interact Loc { x: 2444, z: 3424, level: 1, action: "Use-quickly", id: Some(2213) }
[host] slot liverjuibf_0: d_loop_us=1841 d_raster_us=0 d_observe_us=113908 max_observe_us=15389 d_paints=0 d_skips=50 d_ticks=6 window_ms=1177
[script liverjuibf_0] interact Close
[shim-close] sent
[host] slot liverjuibf_0: d_loop_us=1635 d_raster_us=0 d_observe_us=81174 max_observe_us=9786 d_paints=0 d_skips=50 d_ticks=6 window_ms=1173
[script liverjuibf_0] walking to bank stairs 2444,3416 (only 2444,3416 or 2445,3443)
[script liverjuibf_0] interact WalkNear { x: 2444, z: 3416, level: 1, radius: 1, allow_teleports: false }
[nav-follow] here=WorldTile { x: 2445, z: 3424, level: 1 } walk=true transport=false leg=0 hops=1 outcome=None
[nav-walk] here=WorldTile { x: 2445, z: 3422, level: 1 } aim=WorldTile { x: 2445, z: 3417, level: 1 } radius=0 ticks_waited=0 sent_tile=Some(WorldTile { x: 2445, z: 3424, level: 1 })
[nav-follow] here=WorldTile { x: 2445, z: 3422, level: 1 } walk=true transport=false leg=0 hops=1 outcome=None
[nav-walk] here=WorldTile { x: 2445, z: 3420, level: 1 } aim=WorldTile { x: 2445, z: 3417, level: 1 } radius=0 ticks_waited=1 sent_tile=Some(WorldTile { x: 2445, z: 3424, level: 1 })
[nav-follow] here=WorldTile { x: 2445, z: 3420, level: 1 } walk=true transport=false leg=0 hops=1 outcome=None
[nav-walk] here=WorldTile { x: 2445, z: 3418, level: 1 } aim=WorldTile { x: 2445, z: 3417, level: 1 } radius=0 ticks_waited=2 sent_tile=Some(WorldTile { x: 2445, z: 3424, level: 1 })
[nav-follow] here=WorldTile { x: 2445, z: 3418, level: 1 } walk=true transport=false leg=0 hops=1 outcome=None
[nav-walk] here=WorldTile { x: 2445, z: 3417, level: 1 } aim=WorldTile { x: 2445, z: 3417, level: 1 } radius=0 ticks_waited=3 sent_tile=Some(WorldTile { x: 2445, z: 3424, level: 1 })
[nav-follow] here=WorldTile { x: 2445, z: 3417, level: 1 } walk=false transport=false leg=1 hops=1 outcome=Some(Arrived { at: WorldTile { x: 2445, z: 3417, level: 1 } })
[script liverjuibf_0] climbing down allowed bank staircase
[script liverjuibf_0] Climb-down Staircase @ 2445,3415 (bank stairs only)
[script liverjuibf_0] interact Loc { x: 2445, z: 3415, level: 1, action: "Climb-down", id: Some(1744) }
[host] slot liverjuibf_0: d_loop_us=902 d_raster_us=0 d_observe_us=58746 max_observe_us=7992 d_paints=0 d_skips=50 d_ticks=6 window_ms=1198
[script liverjuibf_0] back on the ground, heading to magics
[script liverjuibf_0] running to Magic tree @ 2432,3410
[script liverjuibf_0] interact WalkNear { x: 2432, z: 3410, level: 0, radius: 2, allow_teleports: false }
[nav-follow] here=WorldTile { x: 2446, z: 3415, level: 0 } walk=true transport=false leg=0 hops=1 outcome=None
[nav-walk] here=WorldTile { x: 2446, z: 3413, level: 0 } aim=WorldTile { x: 2434, z: 3408, level: 0 } radius=0 ticks_waited=0 sent_tile=Some(WorldTile { x: 2446, z: 3415, level: 0 })
[nav-follow] here=WorldTile { x: 2446, z: 3413, level: 0 } walk=true transport=false leg=0 hops=1 outcome=None
[host] slot liverjuibf_0: d_loop_us=4905 d_raster_us=0 d_observe_us=89861 max_observe_us=12555 d_paints=0 d_skips=50 d_ticks=6 window_ms=1177
[nav-walk] here=WorldTile { x: 2444, z: 3413, level: 0 } aim=WorldTile { x: 2434, z: 3408, level: 0 } radius=0 ticks_waited=1 sent_tile=Some(WorldTile { x: 2446, z: 3415, level: 0 })
[nav-follow] here=WorldTile { x: 2444, z: 3413, level: 0 } walk=true transport=false leg=0 hops=1 outcome=None
[nav-walk] here=WorldTile { x: 2442, z: 3413, level: 0 } aim=WorldTile { x: 2434, z: 3408, level: 0 } radius=0 ticks_waited=2 sent_tile=Some(WorldTile { x: 2446, z: 3415, level: 0 })
[nav-follow] here=WorldTile { x: 2442, z: 3413, level: 0 } walk=true transport=false leg=0 hops=1 outcome=None
[nav-walk] here=WorldTile { x: 2440, z: 3411, level: 0 } aim=WorldTile { x: 2434, z: 3408, level: 0 } radius=0 ticks_waited=3 sent_tile=Some(WorldTile { x: 2446, z: 3415, level: 0 })
[nav-follow] here=WorldTile { x: 2440, z: 3411, level: 0 } walk=true transport=false leg=0 hops=1 outcome=None
[nav-walk] here=WorldTile { x: 2438, z: 3411, level: 0 } aim=WorldTile { x: 2434, z: 3408, level: 0 } radius=0 ticks_waited=4 sent_tile=Some(WorldTile { x: 2446, z: 3415, level: 0 })
[nav-follow] here=WorldTile { x: 2438, z: 3411, level: 0 } walk=true transport=false leg=0 hops=1 outcome=None
[nav-walk] here=WorldTile { x: 2436, z: 3410, level: 0 } aim=WorldTile { x: 2434, z: 3408, level: 0 } radius=0 ticks_waited=5 sent_tile=Some(WorldTile { x: 2446, z: 3415, level: 0 })
[nav-follow] here=WorldTile { x: 2436, z: 3410, level: 0 } walk=true transport=false leg=0 hops=1 outcome=None
[nav-walk] here=WorldTile { x: 2434, z: 3408, level: 0 } aim=WorldTile { x: 2434, z: 3408, level: 0 } radius=0 ticks_waited=6 sent_tile=Some(WorldTile { x: 2446, z: 3415, level: 0 })
[nav-follow] here=WorldTile { x: 2434, z: 3408, level: 0 } walk=false transport=false leg=1 hops=1 outcome=Some(Arrived { at: WorldTile { x: 2434, z: 3408, level: 0 } })
[host] slot liverjuibf_0: d_loop_us=1141 d_raster_us=0 d_observe_us=99606 max_observe_us=12948 d_paints=0 d_skips=50 d_ticks=6 window_ms=1171
[host] slot liverjuibf_0: d_loop_us=1076 d_raster_us=0 d_observe_us=72113 max_observe_us=7893 d_paints=0 d_skips=50 d_ticks=6 window_ms=1192
[script liverjuibf_0] chopping Magic tree @ 2432,3410
[script liverjuibf_0] interact Loc { x: 2432, z: 3410, level: 0, action: "Chop down", id: Some(1306) }
[host] slot liverjuibf_0: d_loop_us=1213 d_raster_us=0 d_observe_us=69965 max_observe_us=10261 d_paints=0 d_skips=50 d_ticks=6 window_ms=1177
[host] hitch liverjuibf_0: observe_us=17295 paints=0 skips=1500 ticks=204
[host] hitch liverjuibf_0: observe_us=16281 paints=0 skips=1525 ticks=207
[host] slot liverjuibf_0: d_loop_us=1670 d_raster_us=0 d_observe_us=116633 max_observe_us=17295 d_paints=0 d_skips=50 d_ticks=6 window_ms=1180
[host] slot liverjuibf_0: d_loop_us=1424 d_raster_us=0 d_observe_us=93622 max_observe_us=9480 d_paints=0 d_skips=50 d_ticks=5 window_ms=1177
PASS: catalog_boundary_live: {"scenario":"gnome_fletch_short","runner":"Some(Evidence { scenario: \"gnome_fletch_short\", outcome: \"PASS\", predicate: \"has_item_id(1513)>=1\", ticks: 268, elapsed_ms: 51876, message: None, tile: Some([2433, 3409, 0]), inv: [InvRow { id: 1359, name: Some(\"Rune axe\"), count: 1 }, InvRow { id: 946, name: Some(\"Knife\"), count: 1 }, InvRow { id: 946, name: Some(\"Knife\"), count: 1 }, InvRow { id: 946, name: Some(\"Knife\"), count: 1 }, InvRow { id: 946, name: Some(\"Knife\"), count: 1 }, InvRow { id: 946, name: Some(\"Knife\"), count: 1 }, InvRow { id: 946, name: Some(\"Knife\"), count: 1 }, InvRow { id: 946, name: Some(\"Knife\"), count: 1 }, InvRow { id: 946, name: Some(\"Knife\"), count: 1 }, InvRow { id: 946, name: Some(\"Knife\"), count: 1 }, InvRow { id: 946, name: Some(\"Knife\"), count: 1 }, InvRow { id: 946, name: Some(\"Knife\"), count: 1 }, InvRow { id: 946, name: Some(\"Knife\"), count: 1 }, InvRow { id: 946, name: Some(\"Knife\"), count: 1 }, InvRow { id: 946, name: Some(\"Knife\"), count: 1 }, InvRow { id: 946, name: Some(\"Knife\"), count: 1 }, InvRow { id: 946, name: Some(\"Knife\"), count: 1 }, InvRow { id: 946, name: Some(\"Knife\"), count: 1 }, InvRow { id: 946, name: Some(\"Knife\"), count: 1 }, InvRow { id: 946, name: Some(\"Knife\"), count: 1 }, InvRow { id: 946, name: Some(\"Knife\"), count: 1 }, InvRow { id: 946, name: Some(\"Knife\"), count: 1 }, InvRow { id: 946, name: Some(\"Knife\"), count: 1 }, InvRow { id: 946, name: Some(\"Knife\"), count: 1 }, InvRow { id: 946, name: Some(\"Knife\"), count: 1 }, InvRow { id: 946, name: Some(\"Knife\"), count: 1 }, InvRow { id: 946, name: Some(\"Knife\"), count: 1 }, InvRow { id: 1513, name: Some(\"Magic logs\"), count: 1 }], stat: Some(StatRow { runenergy: 55 }), chat: [ChatRow { text: \"You get some magic logs.\", username: None }, ChatRow { text: \"You swing your axe at the tree.\", username: None }, ChatRow { text: \"You carefully cut the wood into a shortbow.\", username: None }, ChatRow { text: \"Your inventory is too full to hold any more logs.\", username: None }, ChatRow { text: \"You get some magic logs.\", username: None }, ChatRow { text: \"You swing your axe at the tree.\", username: None }, ChatRow { text: \"Inventory wiped.\", username: None }, ChatRow { text: \"set tutorial: to 1000\", username: None }, ChatRow { text: \"Welcome to RuneScape.\", username: None }], scene: 2 })","core":{"case":"gnome_fletch_short","baseline":{"ingame":true,"scene_state":2,"player":"Liverjuibf 0","tile":[2372,3425,0],"combat_level":3,"tick":40,"items":{"Knife":26,"Rune axe":1},"item_ids":{"946":26,"1359":1},"bank":{},"bank_ids":{},"bank_open":false,"bank_loaded":false,"bank_generation":0,"levels":{"-unused-":0,"agility":1,"attack":1,"cooking":1,"crafting":1,"defence":1,"firemaking":1,"fishing":1,"fletching":80,"herblore":1,"hitpoints":10,"magic":1,"mining":1,"prayer":1,"ranged":1,"runecraft":1,"slayer":1,"smithing":1,"strength":1,"thieving":1,"woodcutting":75},"xp":{"-unused-":0,"agility":0,"attack":0,"cooking":0,"crafting":0,"defence":0,"firemaking":0,"fishing":0,"fletching":1986068,"herblore":0,"hitpoints":1154,"magic":0,"mining":0,"prayer":0,"ranged":0,"runecraft":0,"slayer":0,"smithing":0,"strength":0,"thieving":0,"woodcutting":1210421},"varps":{"309":0},"chat":[[7,"Inventory wiped."],[6,"set tutorial: to 1000"],[5,"Welcome to RuneScape."]],"loc_facts":[],"npc_facts":[],"ground_loot":[],"local_in_combat":false,"local_target_npc":null,"local_health":0,"local_animation":-1,"equipment_ids":{},"main_modal":-1,"widget_ids":[3213,3214]},"latest":{"ingame":true,"scene_state":2,"player":"Liverjuibf 0","tile":[2433,3409,0],"combat_level":3,"tick":220,"items":{"Knife":26,"Magic logs":1,"Rune axe":1},"item_ids":{"946":26,"1359":1,"1513":1},"bank":{},"bank_ids":{},"bank_open":false,"bank_loaded":false,"bank_generation":4,"levels":{"-unused-":0,"agility":1,"attack":1,"cooking":1,"crafting":1,"defence":1,"firemaking":1,"fishing":1,"fletching":80,"herblore":1,"hitpoints":10,"magic":1,"mining":1,"prayer":1,"ranged":1,"runecraft":1,"slayer":1,"smithing":1,"strength":1,"thieving":1,"woodcutting":75},"xp":{"-unused-":0,"agility":0,"attack":0,"cooking":0,"crafting":0,"defence":0,"firemaking":0,"fishing":0,"fletching":1986151,"herblore":0,"hitpoints":1154,"magic":0,"mining":0,"prayer":0,"ranged":0,"runecraft":0,"slayer":0,"smithing":0,"strength":0,"thieving":0,"woodcutting":1210921},"varps":{"309":0},"chat":[[13,"You get some magic logs."],[12,"You swing your axe at the tree."],[11,"You carefully cut the wood into a shortbow."],[10,"Your inventory is too full to hold any more logs."],[9,"You get some magic logs."],[8,"You swing your axe at the tree."],[7,"Inventory wiped."],[6,"set tutorial: to 1000"],[5,"Welcome to RuneScape."]],"loc_facts":[],"npc_facts":[],"ground_loot":[],"local_in_combat":false,"local_target_npc":null,"local_health":0,"local_animation":867,"equipment_ids":{},"main_modal":-1,"widget_ids":[3213,3214]},"max_items":{"Knife":26,"Magic logs":1,"Magic shortbow":1,"Rune axe":1},"max_xp":{"-unused-":0,"agility":0,"attack":0,"cooking":0,"crafting":0,"defence":0,"firemaking":0,"fishing":0,"fletching":1986151,"herblore":0,"hitpoints":1154,"magic":0,"mining":0,"prayer":0,"ranged":0,"runecraft":0,"slayer":0,"smithing":0,"strength":0,"thieving":0,"woodcutting":1210921},"saw_bury_chat":false,"post_start_observations":1516,"bone_bank_cycle":{"first_batch_buried":false,"opened":null,"withdrawn":null,"buried_after_withdrawal":false},"bank_fletcher_cycle":{"first_pack_created":false,"deposited":null,"withdrawn":null,"crafted_after_withdrawal":false},"bank_fletcher_option_cycle":{"first":null,"deposited":null,"restocked":null,"further":false},"bank_fletcher_string_cycle":{"initial_pairs_strung":false,"deposited":null,"withdrawn":null,"strung_after_withdrawal":false},"bank_fletcher_cut_string_cycle":{"cut_pair_created":false,"deposited":null,"withdrawn":null,"string_pair_created":false},"alcher_defaults_cycle":{"withdrawn":null,"consumed":false},"alcher_generated_custom_cycle":{"withdrawn":null,"consumed":false},"dart_fletcher_cycle":{"first":null,"further":false,"wrong_tier":false},"herb_cleaner_cycle":{"first_pack":false,"deposited":null,"withdrawn":null,"cleaned_after_withdrawal":false,"filter_violated":false},"gem_cutter_cycle":{"first_pack":false,"deposited":null,"withdrawn":null,"cut_after_withdrawal":false,"filter_violated":false},"door_opener_cycle":{"selected":null,"opened":false},"gnome_course_cycle":{"log":null,"ground_return":null,"pipe":null,"second_lap":false},"wildy_agility_cycle":{"ridge":null,"pipe":null,"rope":null,"stone":null,"log":null,"rocks":null,"further_pipe":false},"brimhaven_agility_cycle":{"paid":false,"entered":null,"moved":null,"first_tag":false,"ticket":null,"subsequent_work":false},"flax_picker_cycle":{"first_pack":false,"deposited":null,"returned":false,"further":false},"superheater_cycle":{"first_bars":false,"deposited":null,"withdrawn":null,"produced_after_withdrawal":false,"wrong_product":false,"wrong_staff":false},"chicken_killer_bank_cycle":{"combat_loot":false,"deposited":null,"returned":false,"further":false},"vial_filler_cycle":{"filled":null,"deposited":null,"withdrawn":null,"returned":false,"further":false},"potion_maker_cycle":{"unfinished":null,"finished":null,"deposited":null,"withdrawn":null,"further":false,"wrong_product":false,"filter_violated":false},"tanner_bot_cycle":{"widget":null,"tanned":null,"deposited":null,"withdrawn":null,"returned":false,"further":false,"wrong_product":false,"shop":false},"rune_crafter_cycle":{"withdrawn":null,"entered":null,"crafted":null,"exited":null,"deposited":null,"restocked":null,"returned":false,"further":false,"wrong_product":false,"noted":false},"ardy_cakes_cycle":{"stolen":null,"deposited":null,"returned":false,"further":false,"wrong_product":false,"noted":false},"ardy_thiever_cycle":{"pickpocketed":null,"deposited":null,"returned":false,"further":false},"gnome_chop_cycle":{"chopped":null,"deposited":null,"returned":false,"further":false,"wrong_product":false,"noted":false},"gnome_fletch_cycle":{"chopped":{"ingame":true,"scene_state":2,"player":"Liverjuibf 0","tile":[2433,3409,0],"combat_level":3,"tick":143,"items":{"Knife":26,"Magic logs":1,"Rune axe":1},"item_ids":{"946":26,"1359":1,"1513":1},"bank":{},"bank_ids":{},"bank_open":false,"bank_loaded":false,"bank_generation":2,"levels":{"-unused-":0,"agility":1,"attack":1,"cooking":1,"crafting":1,"defence":1,"firemaking":1,"fishing":1,"fletching":80,"herblore":1,"hitpoints":10,"magic":1,"mining":1,"prayer":1,"ranged":1,"runecraft":1,"slayer":1,"smithing":1,"strength":1,"thieving":1,"woodcutting":75},"xp":{"-unused-":0,"agility":0,"attack":0,"cooking":0,"crafting":0,"defence":0,"firemaking":0,"fishing":0,"fletching":1986068,"herblore":0,"hitpoints":1154,"magic":0,"mining":0,"prayer":0,"ranged":0,"runecraft":0,"slayer":0,"smithing":0,"strength":0,"thieving":0,"woodcutting":1210671},"varps":{"309":0},"chat":[[9,"You get some magic logs."],[8,"You swing your axe at the tree."],[7,"Inventory wiped."],[6,"set tutorial: to 1000"],[5,"Welcome to RuneScape."]],"loc_facts":[],"npc_facts":[],"ground_loot":[],"local_in_combat":false,"local_target_npc":null,"local_health":0,"local_animation":867,"equipment_ids":{},"main_modal":-1,"widget_ids":[3213,3214]},"fletched":{"ingame":true,"scene_state":2,"player":"Liverjuibf 0","tile":[2433,3409,0],"combat_level":3,"tick":150,"items":{"Knife":26,"Magic shortbow":1,"Rune axe":1},"item_ids":{"72":1,"946":26,"1359":1},"bank":{},"bank_ids":{},"bank_open":false,"bank_loaded":false,"bank_generation":2,"levels":{"-unused-":0,"agility":1,"attack":1,"cooking":1,"crafting":1,"defence":1,"firemaking":1,"fishing":1,"fletching":80,"herblore":1,"hitpoints":10,"magic":1,"mining":1,"prayer":1,"ranged":1,"runecraft":1,"slayer":1,"smithing":1,"strength":1,"thieving":1,"woodcutting":75},"xp":{"-unused-":0,"agility":0,"attack":0,"cooking":0,"crafting":0,"defence":0,"firemaking":0,"fishing":0,"fletching":1986151,"herblore":0,"hitpoints":1154,"magic":0,"mining":0,"prayer":0,"ranged":0,"runecraft":0,"slayer":0,"smithing":0,"strength":0,"thieving":0,"woodcutting":1210671},"varps":{"309":0},"chat":[[11,"You carefully cut the wood into a shortbow."],[10,"Your inventory is too full to hold any more logs."],[9,"You get some magic logs."],[8,"You swing your axe at the tree."],[7,"Inventory wiped."],[6,"set tutorial: to 1000"],[5,"Welcome to RuneScape."]],"loc_facts":[],"npc_facts":[],"ground_loot":[],"local_in_combat":false,"local_target_npc":null,"local_health":0,"local_animation":-1,"equipment_ids":{},"main_modal":-1,"widget_ids":[3213,3214]},"deposited":{"ingame":true,"scene_state":2,"player":"Liverjuibf 0","tile":[2445,3424,1],"combat_level":3,"tick":171,"items":{"Knife":26,"Rune axe":1},"item_ids":{"946":26,"1359":1},"bank":{"Magic shortbow":1},"bank_ids":{"72":1},"bank_open":true,"bank_loaded":true,"bank_generation":3,"levels":{"-unused-":0,"agility":1,"attack":1,"cooking":1,"crafting":1,"defence":1,"firemaking":1,"fishing":1,"fletching":80,"herblore":1,"hitpoints":10,"magic":1,"mining":1,"prayer":1,"ranged":1,"runecraft":1,"slayer":1,"smithing":1,"strength":1,"thieving":1,"woodcutting":75},"xp":{"-unused-":0,"agility":0,"attack":0,"cooking":0,"crafting":0,"defence":0,"firemaking":0,"fishing":0,"fletching":1986151,"herblore":0,"hitpoints":1154,"magic":0,"mining":0,"prayer":0,"ranged":0,"runecraft":0,"slayer":0,"smithing":0,"strength":0,"thieving":0,"woodcutting":1210671},"varps":{"309":0},"chat":[[11,"You carefully cut the wood into a shortbow."],[10,"Your inventory is too full to hold any more logs."],[9,"You get some magic logs."],[8,"You swing your axe at the tree."],[7,"Inventory wiped."],[6,"set tutorial: to 1000"],[5,"Welcome to RuneScape."]],"loc_facts":[],"npc_facts":[],"ground_loot":[],"local_in_combat":false,"local_target_npc":null,"local_health":0,"local_animation":-1,"equipment_ids":{},"main_modal":5292,"widget_ids":[2005,2006,5292,5293,5294,5295,5296,5297,5298,5299,5300,5301,5302,5303,5304,5305,5306,5307,5308,5309,5310,5311,5312,5313,5314,5315,5316,5317,5318,5319,5320,5321,5322,5323,5324,5325,5326,5327,5328,5329,5330,5331,5332,5333,5334,5335,5336,5337,5338,5339,5340,5341,5342,5343,5344,5345,5346,5347,5348,5349,5350,5351,5352,5353,5354,5355,5356,5357,5358,5359,5360,5361,5362,5363,5364,5365,5366,5367,5368,5369,5370,5371,5372,5373,5374,5375,5376,5377,5378,5379,5380,5381,5382,5383,5384,5385,5386,5387,5388,5389,5390,5391,8130,8131,8132,8133]},"returned":true,"further":true,"wrong_product":false,"noted":false},"coal_trucks_cycle":{"mined":null,"trucked":null,"further":false,"noted":false,"banked":false},"station_production_cycle":{"withdrawn":null,"produced":null,"deposited":null,"restocked":null,"returned":false,"further":false,"wrong_product":false,"noted":false},"flax_aio_cycle":{"picked":null,"produced":null,"deposited":null,"returned":false,"further":false,"wrong_product":false,"noted":false},"flax_aio_pick_cycle":{"first_pack":false,"deposited":null,"returned":false,"further":false,"wrong_product":false,"noted":false},"herblore_eggs_cycle":{"taken":false,"deposited":null,"returned":false,"further":false,"wrong_product":false,"noted":false},"herblore_newt_cycle":{"bought":false,"deposited":null,"returned":false,"further":false,"coins_spent":false,"coins_peak":0,"wrong_product":false,"noted":false},"combat_core_cycle":{"engagements":0,"defeats":0,"style_xp":false,"looted":false,"noted":false,"activated":false,"shield_worn":false,"stolen_food":false,"wrong_item":false,"dormant_indexes":[],"dormant_tiles":{},"last":{},"currently_engaged":[],"facts":[]},"ordered_first_exhausted":false}}
test catalog_boundary_live ... ok

test result: ok. 1 passed; 0 failed; 0 ignored; 0 measured; 41 filtered out; finished in 55.04s

