
running 1 test
{"phase":"identity","revision":289,"profile":"local-289 · 127.0.0.1:44594 · revision 289","cache_id":"c4d8ab36bcfd2a7907535b4f619e28623b0a22e98d496fd2a9620d544c5b5b09","nav_pack":"/Users/acfrazier/experiments/274bot/.worktrees/rs2b0t-multirevision/.superpowers/world-capabilities/289/274bot.navpack","nav_sha256":"131db92e32eddcb08148909d477589544320fe7e34a422e8004e97e888032924","catalog_commit":"100adccc037d9f6898080e1cad58fcfc43364775","catalog_identity":"pre-289 frozen catalog","catalog_read_only_path":".superpowers/inputs/rs2b0t-100adccc037d9f6898080e1cad58fcfc43364775","catalog_root":"/Users/acfrazier/experiments/274bot/.worktrees/rs2b0t-multirevision/.superpowers/inputs/rs2b0t-100adccc037d9f6898080e1cad58fcfc43364775","registry_path":"/Users/acfrazier/experiments/274bot/.worktrees/rs2b0t-multirevision/.superpowers/inputs/rs2b0t-100adccc037d9f6898080e1cad58fcfc43364775/src/bot/scripts/index.ts","registry_sha256":"b614aedb3d5adfdfbac3760f082273f3cf5c33fffe4ced0f2b01490ae02d1bc2","card":{"card":"ChickenKiller","source_path":"/Users/acfrazier/experiments/274bot/.worktrees/rs2b0t-multirevision/.superpowers/inputs/rs2b0t-100adccc037d9f6898080e1cad58fcfc43364775/src/bot/scripts/ChickenKiller/ChickenKiller.ts","source_sha256":"997caf51e5f409703f4523e74e52f9aa22d388059c36e2810358176b26f9087f","compiled_sha256":"1521855852ae0d0566aa67132be6f4ae2eb24ef45b15406127607733533e4d91","siblings":[],"settings":{"leashRadius":12.0,"fightHpGate":45.0,"restUntilHp":70.0,"targetName":"Chicken","lootMatch":"bones","buryBones":true,"combatStyle":"melee","meleeStyle":"strength","spell":"Wind Strike","runesWithdraw":100.0,"rangeStyle":"rapid","ammo":"Bronze arrow","ammoWithdraw":200.0,"bankStrategy":"Off","bankEveryItems":15.0,"bankEveryMinutes":10.0,"bankCommonJunk":true}},"account":"live4w9l60_0","engine_speed_ms":null}
[host-play] slot live4w9l60_0: thread up
274bot: snapshot load skipped: read /Users/acfrazier/.274bot/unpack-289/37214163f1e6ceca/models.bin: No such file or directory (os error 2)
[host-play] slot live4w9l60_0: handshake begin reconnect=false
[host-play] slot live4w9l60_0: handshake ok
[host-play] slot live4w9l60_0: queued mainland tele+setvar (scene 2)
[host] slot live4w9l60_0: d_loop_us=10537 d_raster_us=0 d_observe_us=45726 max_observe_us=4468 d_paints=0 d_skips=50 d_ticks=1 window_ms=0
[host-play] slot live4w9l60_0: handshake begin reconnect=true
[host-play] slot live4w9l60_0: handshake ok
[host] slot live4w9l60_0: d_loop_us=1019 d_raster_us=0 d_observe_us=42238 max_observe_us=3436 d_paints=0 d_skips=50 d_ticks=1 window_ms=0
[host-play] slot live4w9l60_0: queued mainland tele+setvar (scene 2)
{"phase":"baseline-after-preparation","scenario":"chicken_killer","account":"live4w9l60_0","observation":{"ingame":true,"scene_state":2,"player":"Live4w9l60 0","tile":[3235,3295,0],"tick":16,"items":{},"item_ids":{},"bank":{},"bank_ids":{},"bank_open":false,"bank_loaded":false,"bank_generation":0,"levels":{"-unused-":0,"agility":1,"attack":1,"cooking":1,"crafting":1,"defence":1,"firemaking":1,"fishing":1,"fletching":1,"herblore":1,"hitpoints":10,"magic":1,"mining":1,"prayer":1,"ranged":1,"runecraft":1,"slayer":1,"smithing":1,"strength":1,"thieving":1,"woodcutting":1},"xp":{"-unused-":0,"agility":0,"attack":0,"cooking":0,"crafting":0,"defence":0,"firemaking":0,"fishing":0,"fletching":0,"herblore":0,"hitpoints":1154,"magic":0,"mining":0,"prayer":0,"ranged":0,"runecraft":0,"slayer":0,"smithing":0,"strength":0,"thieving":0,"woodcutting":0},"chat":[[6,"set tutorial: to 1000"],[5,"Welcome to RuneScape."]],"loc_facts":[{"id":1530,"x":3230,"z":3291,"level":0,"name":"Door","open":true},{"id":1553,"x":3236,"z":3295,"level":0,"name":"Gate","open":true},{"id":1551,"x":3236,"z":3296,"level":0,"name":"Gate","open":true},{"id":1556,"x":3239,"z":3301,"level":0,"name":"Gate","open":false},{"id":1552,"x":3240,"z":3301,"level":0,"name":"Gate","open":false}]}}
[script live4w9l60_0] start load
{"phase":"start","account":"live4w9l60_0","count":1}
[host] hitch live4w9l60_0: observe_us=92216 paints=0 skips=90 ticks=16
[script live4w9l60_0] anchored at (3235, 3295, 0), hunting Chicken, leash 12, style melee (strength)
[script live4w9l60_0] interact IfButton { component_id: 5862 }
[host] slot live4w9l60_0: d_loop_us=31662 d_raster_us=0 d_observe_us=184750 max_observe_us=92216 d_paints=0 d_skips=50 d_ticks=16 window_ms=9816
[script live4w9l60_0] combat style set to strength
[script live4w9l60_0] interact Npc { name: "Chicken", action: "Attack", index: Some(2926) }
[host] slot live4w9l60_0: d_loop_us=1165 d_raster_us=0 d_observe_us=45269 max_observe_us=2791 d_paints=0 d_skips=50 d_ticks=2 window_ms=1199
[host] slot live4w9l60_0: d_loop_us=1187 d_raster_us=0 d_observe_us=59585 max_observe_us=12025 d_paints=0 d_skips=50 d_ticks=2 window_ms=1206
[host] slot live4w9l60_0: d_loop_us=1466 d_raster_us=0 d_observe_us=53424 max_observe_us=3463 d_paints=0 d_skips=50 d_ticks=2 window_ms=1202
[host] slot live4w9l60_0: d_loop_us=1268 d_raster_us=0 d_observe_us=41666 max_observe_us=3254 d_paints=0 d_skips=50 d_ticks=2 window_ms=1200
[host] slot live4w9l60_0: d_loop_us=1558 d_raster_us=0 d_observe_us=41508 max_observe_us=2952 d_paints=0 d_skips=50 d_ticks=2 window_ms=1208
[host] slot live4w9l60_0: d_loop_us=1496 d_raster_us=0 d_observe_us=50604 max_observe_us=5412 d_paints=0 d_skips=50 d_ticks=2 window_ms=1197
[host] slot live4w9l60_0: d_loop_us=1318 d_raster_us=0 d_observe_us=36698 max_observe_us=2246 d_paints=0 d_skips=50 d_ticks=2 window_ms=1206
[host] slot live4w9l60_0: d_loop_us=1476 d_raster_us=0 d_observe_us=43123 max_observe_us=3441 d_paints=0 d_skips=50 d_ticks=2 window_ms=1200
[host] slot live4w9l60_0: d_loop_us=1449 d_raster_us=0 d_observe_us=44221 max_observe_us=3702 d_paints=0 d_skips=50 d_ticks=2 window_ms=1195
[host] slot live4w9l60_0: d_loop_us=1595 d_raster_us=0 d_observe_us=42121 max_observe_us=2895 d_paints=0 d_skips=50 d_ticks=2 window_ms=1203
[host] slot live4w9l60_0: d_loop_us=1763 d_raster_us=0 d_observe_us=48009 max_observe_us=3774 d_paints=0 d_skips=50 d_ticks=2 window_ms=1200
[host] slot live4w9l60_0: d_loop_us=1683 d_raster_us=0 d_observe_us=45447 max_observe_us=3784 d_paints=0 d_skips=50 d_ticks=2 window_ms=1208
[host] slot live4w9l60_0: d_loop_us=1696 d_raster_us=0 d_observe_us=42870 max_observe_us=2857 d_paints=0 d_skips=50 d_ticks=2 window_ms=1208
[host] slot live4w9l60_0: d_loop_us=4174 d_raster_us=0 d_observe_us=41290 max_observe_us=2737 d_paints=0 d_skips=50 d_ticks=2 window_ms=1191
[host] slot live4w9l60_0: d_loop_us=1320 d_raster_us=0 d_observe_us=32139 max_observe_us=2542 d_paints=0 d_skips=50 d_ticks=2 window_ms=1202
[host] slot live4w9l60_0: d_loop_us=1077 d_raster_us=0 d_observe_us=22865 max_observe_us=1211 d_paints=0 d_skips=50 d_ticks=2 window_ms=1223
[host] slot live4w9l60_0: d_loop_us=1087 d_raster_us=0 d_observe_us=31073 max_observe_us=5671 d_paints=0 d_skips=50 d_ticks=2 window_ms=1199
[host] slot live4w9l60_0: d_loop_us=1086 d_raster_us=0 d_observe_us=22559 max_observe_us=1546 d_paints=0 d_skips=50 d_ticks=2 window_ms=1211
[host] slot live4w9l60_0: d_loop_us=1139 d_raster_us=0 d_observe_us=22153 max_observe_us=1607 d_paints=0 d_skips=50 d_ticks=2 window_ms=1209
[host] slot live4w9l60_0: d_loop_us=1285 d_raster_us=0 d_observe_us=29206 max_observe_us=3005 d_paints=0 d_skips=50 d_ticks=2 window_ms=1211
[host] slot live4w9l60_0: d_loop_us=1688 d_raster_us=0 d_observe_us=48245 max_observe_us=5216 d_paints=0 d_skips=50 d_ticks=2 window_ms=1193
[script live4w9l60_0] Chicken killed
[host] slot live4w9l60_0: d_loop_us=1553 d_raster_us=0 d_observe_us=51856 max_observe_us=14640 d_paints=0 d_skips=50 d_ticks=2 window_ms=1216
[host] slot live4w9l60_0: d_loop_us=1704 d_raster_us=0 d_observe_us=49498 max_observe_us=7209 d_paints=0 d_skips=50 d_ticks=2 window_ms=1215
[script live4w9l60_0] interact Obj { x: 3228, z: 3301, level: 0, name: Some("Bones"), action: "Take" }
[script live4w9l60_0] looted Bones
[host] slot live4w9l60_0: d_loop_us=1785 d_raster_us=0 d_observe_us=64642 max_observe_us=15817 d_paints=0 d_skips=50 d_ticks=2 window_ms=1205
[script live4w9l60_0] interact Held { name: "Bones", action: "Bury" }
[shim-held] Bones Bury slot=1 -> sent
[host] slot live4w9l60_0: d_loop_us=1659 d_raster_us=0 d_observe_us=46144 max_observe_us=2883 d_paints=0 d_skips=50 d_ticks=2 window_ms=1208
[script live4w9l60_0] buried bones
PASS: catalog_boundary_live: {"scenario":"chicken_killer","runner":"Some(Evidence { scenario: \"chicken_killer\", outcome: \"PASS\", predicate: \"stat_xp_gain(2)>=1\", ticks: 25, elapsed_ms: 26665, message: None, tile: Some([3232, 3298, 0]), inv: [], stat: Some(StatRow { runenergy: 98 }), chat: [ChatRow { text: \"set tutorial: to 1000\", username: None }, ChatRow { text: \"Welcome to RuneScape.\", username: None }], scene: 2 })","core":{"case":"chicken_killer","baseline":{"ingame":true,"scene_state":2,"player":"Live4w9l60 0","tile":[3235,3295,0],"tick":16,"items":{},"item_ids":{},"bank":{},"bank_ids":{},"bank_open":false,"bank_loaded":false,"bank_generation":0,"levels":{"-unused-":0,"agility":1,"attack":1,"cooking":1,"crafting":1,"defence":1,"firemaking":1,"fishing":1,"fletching":1,"herblore":1,"hitpoints":10,"magic":1,"mining":1,"prayer":1,"ranged":1,"runecraft":1,"slayer":1,"smithing":1,"strength":1,"thieving":1,"woodcutting":1},"xp":{"-unused-":0,"agility":0,"attack":0,"cooking":0,"crafting":0,"defence":0,"firemaking":0,"fishing":0,"fletching":0,"herblore":0,"hitpoints":1154,"magic":0,"mining":0,"prayer":0,"ranged":0,"runecraft":0,"slayer":0,"smithing":0,"strength":0,"thieving":0,"woodcutting":0},"chat":[[6,"set tutorial: to 1000"],[5,"Welcome to RuneScape."]],"loc_facts":[{"id":1530,"x":3230,"z":3291,"level":0,"name":"Door","open":true},{"id":1553,"x":3236,"z":3295,"level":0,"name":"Gate","open":true},{"id":1551,"x":3236,"z":3296,"level":0,"name":"Gate","open":true},{"id":1556,"x":3239,"z":3301,"level":0,"name":"Gate","open":false},{"id":1552,"x":3240,"z":3301,"level":0,"name":"Gate","open":false}]},"latest":{"ingame":true,"scene_state":2,"player":"Live4w9l60 0","tile":[3228,3301,0],"tick":68,"items":{"Feather":5},"item_ids":{"314":5},"bank":{},"bank_ids":{},"bank_open":false,"bank_loaded":false,"bank_generation":0,"levels":{"-unused-":0,"agility":1,"attack":1,"cooking":1,"crafting":1,"defence":1,"firemaking":1,"fishing":1,"fletching":1,"herblore":1,"hitpoints":10,"magic":1,"mining":1,"prayer":1,"ranged":1,"runecraft":1,"slayer":1,"smithing":1,"strength":1,"thieving":1,"woodcutting":1},"xp":{"-unused-":0,"agility":0,"attack":0,"cooking":0,"crafting":0,"defence":0,"firemaking":0,"fishing":0,"fletching":0,"herblore":0,"hitpoints":1157,"magic":0,"mining":0,"prayer":4,"ranged":0,"runecraft":0,"slayer":0,"smithing":0,"strength":12,"thieving":0,"woodcutting":0},"chat":[[8,"You bury the bones."],[7,"You dig a hole in the ground..."],[6,"set tutorial: to 1000"],[5,"Welcome to RuneScape."]],"loc_facts":[{"id":1553,"x":3236,"z":3295,"level":0,"name":"Gate","open":true},{"id":1551,"x":3236,"z":3296,"level":0,"name":"Gate","open":true}]},"max_items":{"Bones":1,"Feather":5},"max_xp":{"-unused-":0,"agility":0,"attack":0,"cooking":0,"crafting":0,"defence":0,"firemaking":0,"fishing":0,"fletching":0,"herblore":0,"hitpoints":1157,"magic":0,"mining":0,"prayer":4,"ranged":0,"runecraft":0,"slayer":0,"smithing":0,"strength":12,"thieving":0,"woodcutting":0},"saw_bury_chat":true,"post_start_observations":1269,"bone_bank_cycle":{"first_batch_buried":false,"opened":null,"withdrawn":null,"buried_after_withdrawal":false},"bank_fletcher_cycle":{"first_pack_created":false,"deposited":null,"withdrawn":null,"crafted_after_withdrawal":false},"bank_fletcher_string_cycle":{"initial_pairs_strung":false,"deposited":null,"withdrawn":null,"strung_after_withdrawal":false},"bank_fletcher_cut_string_cycle":{"cut_pair_created":false,"deposited":null,"withdrawn":null,"string_pair_created":false},"alcher_generated_custom_cycle":{"withdrawn":null,"consumed":false},"dart_fletcher_cycle":{"first":null,"further":false,"wrong_tier":false},"herb_cleaner_cycle":{"first_pack":false,"deposited":null,"withdrawn":null,"cleaned_after_withdrawal":false,"filter_violated":false},"gem_cutter_cycle":{"first_pack":false,"deposited":null,"withdrawn":null,"cut_after_withdrawal":false,"filter_violated":false},"door_opener_cycle":{"selected":null,"opened":false},"gnome_course_cycle":{"log":null,"ground_return":null,"pipe":null,"second_lap":false},"flax_picker_cycle":{"first_pack":false,"deposited":null,"returned":false,"further":false},"ordered_first_exhausted":false}}
test catalog_boundary_live ... ok

test result: ok. 1 passed; 0 failed; 0 ignored; 0 measured; 19 filtered out; finished in 55.62s

