
running 1 test
{"phase":"identity","revision":289,"profile":"local-289 · 127.0.0.1:44594 · revision 289","cache_id":"c4d8ab36bcfd2a7907535b4f619e28623b0a22e98d496fd2a9620d544c5b5b09","nav_pack":"/Users/acfrazier/experiments/274bot/.worktrees/rs2b0t-multirevision/.superpowers/world-capabilities/289/274bot.navpack","nav_sha256":"131db92e32eddcb08148909d477589544320fe7e34a422e8004e97e888032924","catalog_commit":"100adccc037d9f6898080e1cad58fcfc43364775","catalog_identity":"pre-289 frozen catalog","catalog_read_only_path":".superpowers/inputs/rs2b0t-100adccc037d9f6898080e1cad58fcfc43364775","catalog_root":"/Users/acfrazier/experiments/274bot/.worktrees/rs2b0t-multirevision/.superpowers/inputs/rs2b0t-100adccc037d9f6898080e1cad58fcfc43364775","registry_path":"/Users/acfrazier/experiments/274bot/.worktrees/rs2b0t-multirevision/.superpowers/inputs/rs2b0t-100adccc037d9f6898080e1cad58fcfc43364775/src/bot/scripts/index.ts","registry_sha256":"b614aedb3d5adfdfbac3760f082273f3cf5c33fffe4ced0f2b01490ae02d1bc2","card":{"card":"WildyAgility","source_path":"/Users/acfrazier/experiments/274bot/.worktrees/rs2b0t-multirevision/.superpowers/inputs/rs2b0t-100adccc037d9f6898080e1cad58fcfc43364775/src/bot/scripts/WildyAgility/WildyAgility.ts","source_sha256":"71170d4bfe844161fe87d36e411ded9e99424ebadac875e11db9f781043c405f","compiled_sha256":"8acae5ba3a9bea9721e2ebe343807a88c3a06d00c9e21c0bf5e965fa987ec30d","siblings":[{"module":"/rs2b0t/bot/scripts/bot/WildyAgilityLogic.js","compiled_sha256":"429c43af809e3bb309458fb6dccc625f7ef36a6dfb8044b08eaa6318571787bb"}],"settings":{"loadout":"","food":"","foodWithdraw":20.0,"minFood":0.0,"acquireFoodAtStart":false,"obstacleTimeoutTicks":24.0}},"account":"livextwiq0_0","engine_speed_ms":null}
[host-play] slot livextwiq0_0: thread up
289bot: snapshot load skipped: read /Users/acfrazier/.274bot/unpack-289/37214163f1e6ceca/models.bin: No such file or directory (os error 2)
[host-play] slot livextwiq0_0: handshake begin reconnect=false
[host-play] slot livextwiq0_0: handshake ok
[host-play] slot livextwiq0_0: queued mainland tele+setvar (scene 2)
[host] slot livextwiq0_0: d_loop_us=10242 d_raster_us=0 d_observe_us=44013 max_observe_us=3630 d_paints=0 d_skips=50 d_ticks=1 window_ms=0
[host-play] slot livextwiq0_0: handshake begin reconnect=true
[host-play] slot livextwiq0_0: handshake ok
[host] slot livextwiq0_0: d_loop_us=1051 d_raster_us=0 d_observe_us=47523 max_observe_us=5898 d_paints=0 d_skips=50 d_ticks=1 window_ms=0
[host-play] slot livextwiq0_0: queued mainland tele+setvar (scene 2)
{"phase":"baseline-after-preparation","scenario":"wildy_agility","account":"livextwiq0_0","observation":{"ingame":true,"scene_state":2,"player":"Livextwiq0 0","tile":[2998,3916,0],"combat_level":3,"tick":21,"items":{"Lobster":5},"item_ids":{"379":5},"bank":{},"bank_ids":{},"bank_open":false,"bank_loaded":false,"bank_generation":0,"levels":{"-unused-":0,"agility":52,"attack":1,"cooking":1,"crafting":1,"defence":1,"firemaking":1,"fishing":1,"fletching":1,"herblore":1,"hitpoints":10,"magic":1,"mining":1,"prayer":1,"ranged":1,"runecraft":1,"slayer":1,"smithing":1,"strength":1,"thieving":1,"woodcutting":1},"xp":{"-unused-":0,"agility":123660,"attack":0,"cooking":0,"crafting":0,"defence":0,"firemaking":0,"fishing":0,"fletching":0,"herblore":0,"hitpoints":1154,"magic":0,"mining":0,"prayer":0,"ranged":0,"runecraft":0,"slayer":0,"smithing":0,"strength":0,"thieving":0,"woodcutting":0},"varps":{"309":0},"chat":[[7,"Congratulations, you just advanced an agility level."],[6,"set tutorial: to 1000"],[5,"Welcome to RuneScape."]],"loc_facts":[{"id":2309,"x":2998,"z":3917,"level":0,"name":"Door","open":true}],"npc_facts":[],"ground_loot":[{"id":526,"count":1,"tile":[2992,3920,0],"distance":6},{"id":526,"count":1,"tile":[2994,3924,0],"distance":8},{"id":526,"count":1,"tile":[2995,3922,0],"distance":6},{"id":526,"count":1,"tile":[3002,3922,0],"distance":6},{"id":526,"count":1,"tile":[3004,3923,0],"distance":7}],"local_in_combat":false,"local_target_npc":null,"local_health":0,"local_animation":-1,"equipment_ids":{},"main_modal":-1,"widget_ids":[193,194,195,196,3213,3214]}}
[script livextwiq0_0] start load
{"phase":"start","account":"livextwiq0_0","count":1}
[host] hitch livextwiq0_0: observe_us=78834 paints=0 skips=97 ticks=21
[script livextwiq0_0] Auto Retaliate turned off (comId: 151, result: true)
[script livextwiq0_0] WildyAgility starting — lap [obstacle pipe -> ropeswing -> stepping stone -> log balance -> rocks], food 'lobster' x5 (min 0, withdraw 20), bank 3094,3493, approach 2998,3916, timeout 24 ticks
[script livextwiq0_0] interact IfButton { component_id: 151 }
[script livextwiq0_0] interact Loc { x: 2998, z: 3917, level: 0, action: "Open", id: Some(2309) }
[host] slot livextwiq0_0: d_loop_us=28233 d_raster_us=0 d_observe_us=212121 max_observe_us=78834 d_paints=0 d_skips=50 d_ticks=21 window_ms=12618
[host] slot livextwiq0_0: d_loop_us=1184 d_raster_us=0 d_observe_us=73727 max_observe_us=14340 d_paints=0 d_skips=50 d_ticks=2 window_ms=1315
[host] hitch livextwiq0_0: observe_us=17927 paints=0 skips=187 ticks=26
[host] slot livextwiq0_0: d_loop_us=1453 d_raster_us=0 d_observe_us=93338 max_observe_us=17927 d_paints=0 d_skips=50 d_ticks=2 window_ms=1323
[host] slot livextwiq0_0: d_loop_us=1346 d_raster_us=0 d_observe_us=71064 max_observe_us=10965 d_paints=0 d_skips=50 d_ticks=2 window_ms=1297
[host] slot livextwiq0_0: d_loop_us=977 d_raster_us=0 d_observe_us=56188 max_observe_us=13237 d_paints=0 d_skips=50 d_ticks=2 window_ms=1329
[host] hitch livextwiq0_0: observe_us=17558 paints=0 skips=347 ticks=33
[host] slot livextwiq0_0: d_loop_us=1232 d_raster_us=0 d_observe_us=90322 max_observe_us=17558 d_paints=0 d_skips=50 d_ticks=3 window_ms=1324
[host] slot livextwiq0_0: d_loop_us=1300 d_raster_us=0 d_observe_us=73647 max_observe_us=13145 d_paints=0 d_skips=50 d_ticks=2 window_ms=1314
[host] hitch livextwiq0_0: observe_us=18137 paints=0 skips=438 ticks=37
[script livextwiq0_0] ridge crossed
[host] slot livextwiq0_0: d_loop_us=1234 d_raster_us=0 d_observe_us=73219 max_observe_us=18137 d_paints=0 d_skips=50 d_ticks=2 window_ms=1302
[script livextwiq0_0] Squeeze-through 'obstacle pipe' @ 3004,3938
[script livextwiq0_0] interact Loc { x: 3004, z: 3938, level: 0, action: "Squeeze-through", id: Some(2288) }
[host] slot livextwiq0_0: d_loop_us=838 d_raster_us=0 d_observe_us=43694 max_observe_us=8213 d_paints=0 d_skips=50 d_ticks=2 window_ms=1315
[host] slot livextwiq0_0: d_loop_us=1140 d_raster_us=0 d_observe_us=83642 max_observe_us=14921 d_paints=0 d_skips=50 d_ticks=2 window_ms=1287
[host] slot livextwiq0_0: d_loop_us=1261 d_raster_us=0 d_observe_us=73519 max_observe_us=12516 d_paints=0 d_skips=50 d_ticks=3 window_ms=1322
[host] slot livextwiq0_0: d_loop_us=1174 d_raster_us=0 d_observe_us=82681 max_observe_us=11592 d_paints=0 d_skips=50 d_ticks=2 window_ms=1294
[host] slot livextwiq0_0: d_loop_us=936 d_raster_us=0 d_observe_us=60625 max_observe_us=14625 d_paints=0 d_skips=50 d_ticks=2 window_ms=1287
[host] slot livextwiq0_0: d_loop_us=1061 d_raster_us=0 d_observe_us=83138 max_observe_us=13353 d_paints=0 d_skips=50 d_ticks=2 window_ms=1275
[host] slot livextwiq0_0: d_loop_us=1135 d_raster_us=0 d_observe_us=87311 max_observe_us=13937 d_paints=0 d_skips=50 d_ticks=2 window_ms=1307
[script livextwiq0_0] cleared 'obstacle pipe' in 15 ticks
[host] slot livextwiq0_0: d_loop_us=1072 d_raster_us=0 d_observe_us=75463 max_observe_us=13087 d_paints=0 d_skips=50 d_ticks=2 window_ms=1315
[host] slot livextwiq0_0: d_loop_us=940 d_raster_us=0 d_observe_us=71755 max_observe_us=13884 d_paints=0 d_skips=50 d_ticks=3 window_ms=1338
[script livextwiq0_0] Swing-on 'ropeswing' @ 3005,3952
[script livextwiq0_0] interact Loc { x: 3005, z: 3952, level: 0, action: "Swing-on", id: Some(2283) }
[host] slot livextwiq0_0: d_loop_us=955 d_raster_us=0 d_observe_us=73010 max_observe_us=14062 d_paints=0 d_skips=50 d_ticks=2 window_ms=1294
[host] slot livextwiq0_0: d_loop_us=7259 d_raster_us=0 d_observe_us=93643 max_observe_us=12377 d_paints=0 d_skips=50 d_ticks=2 window_ms=1594
[host] slot livextwiq0_0: d_loop_us=1170 d_raster_us=0 d_observe_us=86101 max_observe_us=10357 d_paints=0 d_skips=50 d_ticks=3 window_ms=1296
[script livextwiq0_0] cleared 'ropeswing' in 7 ticks
[host] slot livextwiq0_0: d_loop_us=869 d_raster_us=0 d_observe_us=59083 max_observe_us=7969 d_paints=0 d_skips=50 d_ticks=2 window_ms=1327
[script livextwiq0_0] Jump-from 'stepping stone' @ 3001,3960
[script livextwiq0_0] interact Loc { x: 3001, z: 3960, level: 0, action: "Jump-from", id: Some(2311) }
[host] slot livextwiq0_0: d_loop_us=768 d_raster_us=0 d_observe_us=56131 max_observe_us=8223 d_paints=0 d_skips=50 d_ticks=2 window_ms=1280
[host] slot livextwiq0_0: d_loop_us=644 d_raster_us=0 d_observe_us=40696 max_observe_us=7475 d_paints=0 d_skips=50 d_ticks=2 window_ms=1316
[host] slot livextwiq0_0: d_loop_us=629 d_raster_us=0 d_observe_us=38403 max_observe_us=6260 d_paints=0 d_skips=50 d_ticks=2 window_ms=1303
[host] slot livextwiq0_0: d_loop_us=559 d_raster_us=0 d_observe_us=38764 max_observe_us=7183 d_paints=0 d_skips=50 d_ticks=2 window_ms=1319
test catalog_boundary_live has been running for over 60 seconds
[host] slot livextwiq0_0: d_loop_us=616 d_raster_us=0 d_observe_us=44998 max_observe_us=7051 d_paints=0 d_skips=50 d_ticks=3 window_ms=1284
[host] slot livextwiq0_0: d_loop_us=845 d_raster_us=0 d_observe_us=64238 max_observe_us=12720 d_paints=0 d_skips=50 d_ticks=2 window_ms=1301
[host] slot livextwiq0_0: d_loop_us=804 d_raster_us=0 d_observe_us=57877 max_observe_us=9750 d_paints=0 d_skips=50 d_ticks=2 window_ms=1351
[script livextwiq0_0] cleared 'stepping stone' in 15 ticks
[host] slot livextwiq0_0: d_loop_us=530 d_raster_us=0 d_observe_us=35458 max_observe_us=4514 d_paints=0 d_skips=50 d_ticks=2 window_ms=1336
[script livextwiq0_0] Walk-across 'log balance' @ 3001,3945
[script livextwiq0_0] interact Loc { x: 3001, z: 3945, level: 0, action: "Walk-across", id: Some(2297) }
[host] slot livextwiq0_0: d_loop_us=580 d_raster_us=0 d_observe_us=37708 max_observe_us=4451 d_paints=0 d_skips=50 d_ticks=2 window_ms=1310
[host] slot livextwiq0_0: d_loop_us=701 d_raster_us=0 d_observe_us=47412 max_observe_us=7184 d_paints=0 d_skips=50 d_ticks=3 window_ms=1316
[host] slot livextwiq0_0: d_loop_us=705 d_raster_us=0 d_observe_us=46240 max_observe_us=7157 d_paints=0 d_skips=50 d_ticks=2 window_ms=1300
[host] slot livextwiq0_0: d_loop_us=638 d_raster_us=0 d_observe_us=48873 max_observe_us=7301 d_paints=0 d_skips=50 d_ticks=2 window_ms=1346
[host] slot livextwiq0_0: d_loop_us=738 d_raster_us=0 d_observe_us=51340 max_observe_us=8408 d_paints=0 d_skips=50 d_ticks=2 window_ms=1209
[host] slot livextwiq0_0: d_loop_us=2106 d_raster_us=0 d_observe_us=87724 max_observe_us=14135 d_paints=0 d_skips=50 d_ticks=2 window_ms=1185
[host] slot livextwiq0_0: d_loop_us=1203 d_raster_us=0 d_observe_us=76707 max_observe_us=7801 d_paints=0 d_skips=50 d_ticks=2 window_ms=1188
[host] slot livextwiq0_0: d_loop_us=1209 d_raster_us=0 d_observe_us=77110 max_observe_us=9931 d_paints=0 d_skips=50 d_ticks=2 window_ms=1174
[script livextwiq0_0] cleared 'log balance' in 17 ticks
[host] slot livextwiq0_0: d_loop_us=1512 d_raster_us=0 d_observe_us=95193 max_observe_us=12602 d_paints=0 d_skips=50 d_ticks=2 window_ms=1192
[host] slot livextwiq0_0: d_loop_us=1430 d_raster_us=0 d_observe_us=102456 max_observe_us=10513 d_paints=0 d_skips=50 d_ticks=2 window_ms=1175
[script livextwiq0_0] Climb 'rocks' @ 2993,3936
[script livextwiq0_0] interact Loc { x: 2993, z: 3936, level: 0, action: "Climb", id: Some(2328) }
[host] slot livextwiq0_0: d_loop_us=1119 d_raster_us=0 d_observe_us=71608 max_observe_us=9442 d_paints=0 d_skips=50 d_ticks=2 window_ms=1187
[host] slot livextwiq0_0: d_loop_us=1196 d_raster_us=0 d_observe_us=69656 max_observe_us=13470 d_paints=0 d_skips=50 d_ticks=2 window_ms=1193
[host] slot livextwiq0_0: d_loop_us=1444 d_raster_us=0 d_observe_us=70346 max_observe_us=11050 d_paints=0 d_skips=50 d_ticks=2 window_ms=1201
[host] slot livextwiq0_0: d_loop_us=1781 d_raster_us=0 d_observe_us=77698 max_observe_us=12172 d_paints=0 d_skips=50 d_ticks=2 window_ms=1192
[host] hitch livextwiq0_0: observe_us=16588 paints=0 skips=2241 ticks=114
[host] slot livextwiq0_0: d_loop_us=1783 d_raster_us=0 d_observe_us=92006 max_observe_us=16588 d_paints=0 d_skips=50 d_ticks=2 window_ms=1184
[script livextwiq0_0] cleared 'rocks' in 10 ticks
[script livextwiq0_0] lap 1 complete
[host] slot livextwiq0_0: d_loop_us=1766 d_raster_us=0 d_observe_us=106857 max_observe_us=14650 d_paints=0 d_skips=50 d_ticks=2 window_ms=1190
[host] slot livextwiq0_0: d_loop_us=1590 d_raster_us=0 d_observe_us=75631 max_observe_us=8073 d_paints=0 d_skips=50 d_ticks=2 window_ms=1182
[script livextwiq0_0] Squeeze-through 'obstacle pipe' @ 3004,3938
[script livextwiq0_0] interact Loc { x: 3004, z: 3938, level: 0, action: "Squeeze-through", id: Some(2288) }
[host] slot livextwiq0_0: d_loop_us=1816 d_raster_us=0 d_observe_us=84252 max_observe_us=12619 d_paints=0 d_skips=50 d_ticks=2 window_ms=1197
[host] slot livextwiq0_0: d_loop_us=1194 d_raster_us=0 d_observe_us=80640 max_observe_us=10815 d_paints=0 d_skips=50 d_ticks=2 window_ms=1196
[host] slot livextwiq0_0: d_loop_us=1565 d_raster_us=0 d_observe_us=91792 max_observe_us=10234 d_paints=0 d_skips=50 d_ticks=2 window_ms=1189
[host] slot livextwiq0_0: d_loop_us=771 d_raster_us=0 d_observe_us=39969 max_observe_us=6366 d_paints=0 d_skips=50 d_ticks=2 window_ms=1166
[host] slot livextwiq0_0: d_loop_us=623 d_raster_us=0 d_observe_us=39429 max_observe_us=7319 d_paints=0 d_skips=50 d_ticks=2 window_ms=1216
[host] slot livextwiq0_0: d_loop_us=584 d_raster_us=0 d_observe_us=36872 max_observe_us=6086 d_paints=0 d_skips=50 d_ticks=2 window_ms=1186
[host] slot livextwiq0_0: d_loop_us=565 d_raster_us=0 d_observe_us=38177 max_observe_us=7266 d_paints=0 d_skips=50 d_ticks=2 window_ms=1178
[host] slot livextwiq0_0: d_loop_us=739 d_raster_us=0 d_observe_us=49383 max_observe_us=8233 d_paints=0 d_skips=50 d_ticks=2 window_ms=1202
[host] slot livextwiq0_0: d_loop_us=615 d_raster_us=0 d_observe_us=46191 max_observe_us=6309 d_paints=0 d_skips=50 d_ticks=2 window_ms=1210
[script livextwiq0_0] cleared 'obstacle pipe' in 18 ticks
[host] slot livextwiq0_0: d_loop_us=709 d_raster_us=0 d_observe_us=50147 max_observe_us=8122 d_paints=0 d_skips=50 d_ticks=2 window_ms=1170
[host] slot livextwiq0_0: d_loop_us=706 d_raster_us=0 d_observe_us=50334 max_observe_us=6873 d_paints=0 d_skips=50 d_ticks=2 window_ms=1165
[script livextwiq0_0] Swing-on 'ropeswing' @ 3005,3952
[script livextwiq0_0] interact Loc { x: 3005, z: 3952, level: 0, action: "Swing-on", id: Some(2283) }
[host] slot livextwiq0_0: d_loop_us=804 d_raster_us=0 d_observe_us=51878 max_observe_us=8106 d_paints=0 d_skips=50 d_ticks=2 window_ms=1194
[host] slot livextwiq0_0: d_loop_us=634 d_raster_us=0 d_observe_us=50276 max_observe_us=9242 d_paints=0 d_skips=50 d_ticks=2 window_ms=1173
[host] slot livextwiq0_0: d_loop_us=604 d_raster_us=0 d_observe_us=43277 max_observe_us=4682 d_paints=0 d_skips=50 d_ticks=2 window_ms=1180
[host] slot livextwiq0_0: d_loop_us=664 d_raster_us=0 d_observe_us=45357 max_observe_us=7385 d_paints=0 d_skips=50 d_ticks=1 window_ms=1162
[script livextwiq0_0] cleared 'ropeswing' in 7 ticks
[host] slot livextwiq0_0: d_loop_us=700 d_raster_us=0 d_observe_us=51296 max_observe_us=7048 d_paints=0 d_skips=50 d_ticks=2 window_ms=1190
[script livextwiq0_0] Jump-from 'stepping stone' @ 3001,3960
[script livextwiq0_0] interact Loc { x: 3001, z: 3960, level: 0, action: "Jump-from", id: Some(2311) }
[host] slot livextwiq0_0: d_loop_us=638 d_raster_us=0 d_observe_us=45862 max_observe_us=5620 d_paints=0 d_skips=50 d_ticks=2 window_ms=1166
[host] slot livextwiq0_0: d_loop_us=675 d_raster_us=0 d_observe_us=52298 max_observe_us=9203 d_paints=0 d_skips=50 d_ticks=2 window_ms=1175
[host] slot livextwiq0_0: d_loop_us=666 d_raster_us=0 d_observe_us=50397 max_observe_us=8307 d_paints=0 d_skips=50 d_ticks=2 window_ms=1167
[host] slot livextwiq0_0: d_loop_us=671 d_raster_us=0 d_observe_us=50273 max_observe_us=8000 d_paints=0 d_skips=50 d_ticks=2 window_ms=1187
[host] slot livextwiq0_0: d_loop_us=742 d_raster_us=0 d_observe_us=48016 max_observe_us=7427 d_paints=0 d_skips=50 d_ticks=2 window_ms=1159
[host] slot livextwiq0_0: d_loop_us=678 d_raster_us=0 d_observe_us=48066 max_observe_us=7462 d_paints=0 d_skips=50 d_ticks=2 window_ms=1183
[host] slot livextwiq0_0: d_loop_us=740 d_raster_us=0 d_observe_us=49749 max_observe_us=8329 d_paints=0 d_skips=50 d_ticks=2 window_ms=1166
[host] slot livextwiq0_0: d_loop_us=756 d_raster_us=0 d_observe_us=51117 max_observe_us=7643 d_paints=0 d_skips=50 d_ticks=2 window_ms=1165
[script livextwiq0_0] cleared 'stepping stone' in 15 ticks
[host] slot livextwiq0_0: d_loop_us=738 d_raster_us=0 d_observe_us=45359 max_observe_us=5335 d_paints=0 d_skips=50 d_ticks=2 window_ms=1164
[script livextwiq0_0] Walk-across 'log balance' @ 3001,3945
[script livextwiq0_0] interact Loc { x: 3001, z: 3945, level: 0, action: "Walk-across", id: Some(2297) }
[host] slot livextwiq0_0: d_loop_us=760 d_raster_us=0 d_observe_us=48657 max_observe_us=5782 d_paints=0 d_skips=50 d_ticks=2 window_ms=1181
[host] slot livextwiq0_0: d_loop_us=771 d_raster_us=0 d_observe_us=49827 max_observe_us=7642 d_paints=0 d_skips=50 d_ticks=2 window_ms=1165
[host] slot livextwiq0_0: d_loop_us=806 d_raster_us=0 d_observe_us=47787 max_observe_us=7590 d_paints=0 d_skips=50 d_ticks=2 window_ms=1159
[host] slot livextwiq0_0: d_loop_us=883 d_raster_us=0 d_observe_us=57477 max_observe_us=9283 d_paints=0 d_skips=50 d_ticks=2 window_ms=1160
[host] slot livextwiq0_0: d_loop_us=738 d_raster_us=0 d_observe_us=50601 max_observe_us=8242 d_paints=0 d_skips=50 d_ticks=2 window_ms=1172
[host] slot livextwiq0_0: d_loop_us=745 d_raster_us=0 d_observe_us=49917 max_observe_us=8239 d_paints=0 d_skips=50 d_ticks=2 window_ms=1174
[host] slot livextwiq0_0: d_loop_us=812 d_raster_us=0 d_observe_us=50235 max_observe_us=7932 d_paints=0 d_skips=50 d_ticks=2 window_ms=1158
[host] slot livextwiq0_0: d_loop_us=787 d_raster_us=0 d_observe_us=51221 max_observe_us=8444 d_paints=0 d_skips=50 d_ticks=2 window_ms=1165
[host] slot livextwiq0_0: d_loop_us=904 d_raster_us=0 d_observe_us=55950 max_observe_us=9085 d_paints=0 d_skips=50 d_ticks=2 window_ms=1189
[script livextwiq0_0] cleared 'log balance' in 17 ticks
[host] slot livextwiq0_0: d_loop_us=910 d_raster_us=0 d_observe_us=50242 max_observe_us=5618 d_paints=0 d_skips=50 d_ticks=2 window_ms=1187
[host] slot livextwiq0_0: d_loop_us=824 d_raster_us=0 d_observe_us=43746 max_observe_us=5395 d_paints=0 d_skips=50 d_ticks=1 window_ms=1157
[script livextwiq0_0] Climb 'rocks' @ 2993,3936
[script livextwiq0_0] interact Loc { x: 2993, z: 3936, level: 0, action: "Climb", id: Some(2328) }
[host] slot livextwiq0_0: d_loop_us=816 d_raster_us=0 d_observe_us=52196 max_observe_us=6437 d_paints=0 d_skips=50 d_ticks=2 window_ms=1163
[host] slot livextwiq0_0: d_loop_us=993 d_raster_us=0 d_observe_us=57501 max_observe_us=9631 d_paints=0 d_skips=50 d_ticks=2 window_ms=1168
[host] slot livextwiq0_0: d_loop_us=935 d_raster_us=0 d_observe_us=52276 max_observe_us=8134 d_paints=0 d_skips=50 d_ticks=2 window_ms=1165
[host] slot livextwiq0_0: d_loop_us=941 d_raster_us=0 d_observe_us=44506 max_observe_us=6397 d_paints=0 d_skips=50 d_ticks=2 window_ms=1145
[host] slot livextwiq0_0: d_loop_us=975 d_raster_us=0 d_observe_us=49835 max_observe_us=8301 d_paints=0 d_skips=50 d_ticks=2 window_ms=1167
[script livextwiq0_0] cleared 'rocks' in 10 ticks
[script livextwiq0_0] lap 2 complete
[host] slot livextwiq0_0: d_loop_us=1028 d_raster_us=0 d_observe_us=51945 max_observe_us=10411 d_paints=0 d_skips=50 d_ticks=2 window_ms=1159
[host] slot livextwiq0_0: d_loop_us=960 d_raster_us=0 d_observe_us=44054 max_observe_us=5711 d_paints=0 d_skips=50 d_ticks=2 window_ms=1179
[script livextwiq0_0] Squeeze-through 'obstacle pipe' @ 3004,3938
[script livextwiq0_0] interact Loc { x: 3004, z: 3938, level: 0, action: "Squeeze-through", id: Some(2288) }
[host] slot livextwiq0_0: d_loop_us=942 d_raster_us=0 d_observe_us=48948 max_observe_us=7773 d_paints=0 d_skips=50 d_ticks=2 window_ms=1177
[host] slot livextwiq0_0: d_loop_us=923 d_raster_us=0 d_observe_us=52085 max_observe_us=7493 d_paints=0 d_skips=50 d_ticks=2 window_ms=1158
[host] slot livextwiq0_0: d_loop_us=940 d_raster_us=0 d_observe_us=57878 max_observe_us=9312 d_paints=0 d_skips=50 d_ticks=2 window_ms=1166
[host] slot livextwiq0_0: d_loop_us=830 d_raster_us=0 d_observe_us=47423 max_observe_us=6744 d_paints=0 d_skips=50 d_ticks=2 window_ms=1172
[host] slot livextwiq0_0: d_loop_us=853 d_raster_us=0 d_observe_us=53470 max_observe_us=9444 d_paints=0 d_skips=50 d_ticks=2 window_ms=1164
[host] slot livextwiq0_0: d_loop_us=845 d_raster_us=0 d_observe_us=45749 max_observe_us=5989 d_paints=0 d_skips=50 d_ticks=2 window_ms=1169
[host] slot livextwiq0_0: d_loop_us=861 d_raster_us=0 d_observe_us=45760 max_observe_us=7637 d_paints=0 d_skips=50 d_ticks=2 window_ms=1188
[host] slot livextwiq0_0: d_loop_us=741 d_raster_us=0 d_observe_us=45090 max_observe_us=7798 d_paints=0 d_skips=50 d_ticks=2 window_ms=1163
[host] slot livextwiq0_0: d_loop_us=708 d_raster_us=0 d_observe_us=41527 max_observe_us=6381 d_paints=0 d_skips=50 d_ticks=2 window_ms=1196
FAIL: catalog_boundary_live: scenario failed: step 16 (watch the selected log destination): arrived_near(2994,3945,1,3) not seen within 150 ticks; evidence=Some(Evidence { scenario: "wildy_agility", outcome: "FAIL", predicate: "arrived_near(2994,3945,1,3)", ticks: 272, elapsed_ms: 144234, message: Some("step 16 (watch the selected log destination): arrived_near(2994,3945,1,3) not seen within 150 ticks"), tile: Some([3004, 3950, 0]), inv: [InvRow { id: 379, name: Some("Lobster"), count: 1 }, InvRow { id: 379, name: Some("Lobster"), count: 1 }, InvRow { id: 379, name: Some("Lobster"), count: 1 }, InvRow { id: 379, name: Some("Lobster"), count: 1 }, InvRow { id: 379, name: Some("Lobster"), count: 1 }], stat: Some(StatRow { runenergy: 83 }), chat: [ChatRow { text: "You reach the top.", username: None }, ChatRow { text: "You skillfully edge across the gap.", username: None }, ChatRow { text: "You walk carefully across the slippery log...", username: None }, ChatRow { text: "...You safely cross to the other side.", username: None }, ChatRow { text: "You carefully start crossing the stepping stones...", username: None }, ChatRow { text: "You skillfully swing across.", username: None }, ChatRow { text: "You reach the top.", username: None }, ChatRow { text: "You skillfully edge across the gap.", username: None }, ChatRow { text: "You walk carefully across the slippery log...", username: None }, ChatRow { text: "...You safely cross to the other side.", username: None }, ChatRow { text: "You carefully start crossing the stepping stones...", username: None }, ChatRow { text: "You skillfully swing across.", username: None }, ChatRow { text: "You skillfully balance across the ridge...", username: None }, ChatRow { text: "You go through the gate and try to edge over the ridge...", username: None }, ChatRow { text: "Congratulations, you just advanced an agility level.", username: None }, ChatRow { text: "set tutorial: to 1000", username: None }, ChatRow { text: "Welcome to RuneScape.", username: None }], scene: 2 }); core={"error":"wildy_agility core post-Start delta incomplete","witness":{"case":"wildy_agility","baseline":{"ingame":true,"scene_state":2,"player":"Livextwiq0 0","tile":[2998,3916,0],"combat_level":3,"tick":21,"items":{"Lobster":5},"item_ids":{"379":5},"bank":{},"bank_ids":{},"bank_open":false,"bank_loaded":false,"bank_generation":0,"levels":{"-unused-":0,"agility":52,"attack":1,"cooking":1,"crafting":1,"defence":1,"firemaking":1,"fishing":1,"fletching":1,"herblore":1,"hitpoints":10,"magic":1,"mining":1,"prayer":1,"ranged":1,"runecraft":1,"slayer":1,"smithing":1,"strength":1,"thieving":1,"woodcutting":1},"xp":{"-unused-":0,"agility":123660,"attack":0,"cooking":0,"crafting":0,"defence":0,"firemaking":0,"fishing":0,"fletching":0,"herblore":0,"hitpoints":1154,"magic":0,"mining":0,"prayer":0,"ranged":0,"runecraft":0,"slayer":0,"smithing":0,"strength":0,"thieving":0,"woodcutting":0},"varps":{"309":0},"chat":[[7,"Congratulations, you just advanced an agility level."],[6,"set tutorial: to 1000"],[5,"Welcome to RuneScape."]],"loc_facts":[{"id":2309,"x":2998,"z":3917,"level":0,"name":"Door","open":true}],"npc_facts":[],"ground_loot":[{"id":526,"count":1,"tile":[2992,3920,0],"distance":6},{"id":526,"count":1,"tile":[2994,3924,0],"distance":8},{"id":526,"count":1,"tile":[2995,3922,0],"distance":6},{"id":526,"count":1,"tile":[3002,3922,0],"distance":6},{"id":526,"count":1,"tile":[3004,3923,0],"distance":7}],"local_in_combat":false,"local_target_npc":null,"local_health":0,"local_animation":-1,"equipment_ids":{},"main_modal":-1,"widget_ids":[193,194,195,196,3213,3214]},"latest":{"ingame":true,"scene_state":2,"player":"Livextwiq0 0","tile":[3004,3950,0],"combat_level":3,"tick":221,"items":{"Lobster":5},"item_ids":{"379":5},"bank":{},"bank_ids":{},"bank_open":false,"bank_loaded":false,"bank_generation":0,"levels":{"-unused-":0,"agility":52,"attack":1,"cooking":1,"crafting":1,"defence":1,"firemaking":1,"fishing":1,"fletching":1,"herblore":1,"hitpoints":10,"magic":1,"mining":1,"prayer":1,"ranged":1,"runecraft":1,"slayer":1,"smithing":1,"strength":1,"thieving":1,"woodcutting":1},"xp":{"-unused-":0,"agility":124830,"attack":0,"cooking":0,"crafting":0,"defence":0,"firemaking":0,"fishing":0,"fletching":0,"herblore":0,"hitpoints":1154,"magic":0,"mining":0,"prayer":0,"ranged":0,"runecraft":0,"slayer":0,"smithing":0,"strength":0,"thieving":0,"woodcutting":0},"varps":{"309":0},"chat":[[21,"You reach the top."],[20,"You skillfully edge across the gap."],[19,"You walk carefully across the slippery log..."],[18,"...You safely cross to the other side."],[17,"You carefully start crossing the stepping stones..."],[16,"You skillfully swing across."],[15,"You reach the top."],[14,"You skillfully edge across the gap."],[13,"You walk carefully across the slippery log..."],[12,"...You safely cross to the other side."],[11,"You carefully start crossing the stepping stones..."],[10,"You skillfully swing across."],[9,"You skillfully balance across the ridge..."],[8,"You go through the gate and try to edge over the ridge..."],[7,"Congratulations, you just advanced an agility level."],[6,"set tutorial: to 1000"],[5,"Welcome to RuneScape."]],"loc_facts":[],"npc_facts":[],"ground_loot":[],"local_in_combat":false,"local_target_npc":null,"local_health":0,"local_animation":749,"equipment_ids":{},"main_modal":-1,"widget_ids":[193,194,195,196,3213,3214]},"max_items":{"Lobster":5},"max_xp":{"-unused-":0,"agility":124830,"attack":0,"cooking":0,"crafting":0,"defence":0,"firemaking":0,"fishing":0,"fletching":0,"herblore":0,"hitpoints":1154,"magic":0,"mining":0,"prayer":0,"ranged":0,"runecraft":0,"slayer":0,"smithing":0,"strength":0,"thieving":0,"woodcutting":0},"saw_bury_chat":false,"post_start_observations":4866,"bone_bank_cycle":{"first_batch_buried":false,"opened":null,"withdrawn":null,"buried_after_withdrawal":false},"bank_fletcher_cycle":{"first_pack_created":false,"deposited":null,"withdrawn":null,"crafted_after_withdrawal":false},"bank_fletcher_option_cycle":{"first":null,"deposited":null,"restocked":null,"further":false},"bank_fletcher_string_cycle":{"initial_pairs_strung":false,"deposited":null,"withdrawn":null,"strung_after_withdrawal":false},"bank_fletcher_cut_string_cycle":{"cut_pair_created":false,"deposited":null,"withdrawn":null,"string_pair_created":false},"alcher_defaults_cycle":{"withdrawn":null,"consumed":false},"alcher_generated_custom_cycle":{"withdrawn":null,"consumed":false},"dart_fletcher_cycle":{"first":null,"further":false,"wrong_tier":false},"herb_cleaner_cycle":{"first_pack":false,"deposited":null,"withdrawn":null,"cleaned_after_withdrawal":false,"filter_violated":false},"gem_cutter_cycle":{"first_pack":false,"deposited":null,"withdrawn":null,"cut_after_withdrawal":false,"filter_violated":false},"door_opener_cycle":{"selected":null,"opened":false},"gnome_course_cycle":{"log":null,"ground_return":null,"pipe":null,"second_lap":false},"wildy_agility_cycle":{"ridge":{"ingame":true,"scene_state":2,"player":"Livextwiq0 0","tile":[3000,3933,0],"combat_level":3,"tick":39,"items":{"Lobster":5},"item_ids":{"379":5},"bank":{},"bank_ids":{},"bank_open":false,"bank_loaded":false,"bank_generation":0,"levels":{"-unused-":0,"agility":52,"attack":1,"cooking":1,"crafting":1,"defence":1,"firemaking":1,"fishing":1,"fletching":1,"herblore":1,"hitpoints":10,"magic":1,"mining":1,"prayer":1,"ranged":1,"runecraft":1,"slayer":1,"smithing":1,"strength":1,"thieving":1,"woodcutting":1},"xp":{"-unused-":0,"agility":123675,"attack":0,"cooking":0,"crafting":0,"defence":0,"firemaking":0,"fishing":0,"fletching":0,"herblore":0,"hitpoints":1154,"magic":0,"mining":0,"prayer":0,"ranged":0,"runecraft":0,"slayer":0,"smithing":0,"strength":0,"thieving":0,"woodcutting":0},"varps":{"309":0},"chat":[[9,"You skillfully balance across the ridge..."],[8,"You go through the gate and try to edge over the ridge..."],[7,"Congratulations, you just advanced an agility level."],[6,"set tutorial: to 1000"],[5,"Welcome to RuneScape."]],"loc_facts":[{"id":2308,"x":2997,"z":3931,"level":0,"name":"Gate","open":true},{"id":2307,"x":2998,"z":3931,"level":0,"name":"Gate","open":true}],"npc_facts":[],"ground_loot":[],"local_in_combat":false,"local_target_npc":null,"local_health":0,"local_animation":-1,"equipment_ids":{},"main_modal":-1,"widget_ids":[193,194,195,196,3213,3214]},"pipe":{"ingame":true,"scene_state":2,"player":"Livextwiq0 0","tile":[3004,3950,0],"combat_level":3,"tick":53,"items":{"Lobster":5},"item_ids":{"379":5},"bank":{},"bank_ids":{},"bank_open":false,"bank_loaded":false,"bank_generation":0,"levels":{"-unused-":0,"agility":52,"attack":1,"cooking":1,"crafting":1,"defence":1,"firemaking":1,"fishing":1,"fletching":1,"herblore":1,"hitpoints":10,"magic":1,"mining":1,"prayer":1,"ranged":1,"runecraft":1,"slayer":1,"smithing":1,"strength":1,"thieving":1,"woodcutting":1},"xp":{"-unused-":0,"agility":123687,"attack":0,"cooking":0,"crafting":0,"defence":0,"firemaking":0,"fishing":0,"fletching":0,"herblore":0,"hitpoints":1154,"magic":0,"mining":0,"prayer":0,"ranged":0,"runecraft":0,"slayer":0,"smithing":0,"strength":0,"thieving":0,"woodcutting":0},"varps":{"309":0},"chat":[[9,"You skillfully balance across the ridge..."],[8,"You go through the gate and try to edge over the ridge..."],[7,"Congratulations, you just advanced an agility level."],[6,"set tutorial: to 1000"],[5,"Welcome to RuneScape."]],"loc_facts":[],"npc_facts":[],"ground_loot":[],"local_in_combat":false,"local_target_npc":null,"local_health":0,"local_animation":749,"equipment_ids":{},"main_modal":-1,"widget_ids":[193,194,195,196,3213,3214]},"rope":{"ingame":true,"scene_state":2,"player":"Livextwiq0 0","tile":[3005,3958,0],"combat_level":3,"tick":64,"items":{"Lobster":5},"item_ids":{"379":5},"bank":{},"bank_ids":{},"bank_open":false,"bank_loaded":false,"bank_generation":0,"levels":{"-unused-":0,"agility":52,"attack":1,"cooking":1,"crafting":1,"defence":1,"firemaking":1,"fishing":1,"fletching":1,"herblore":1,"hitpoints":10,"magic":1,"mining":1,"prayer":1,"ranged":1,"runecraft":1,"slayer":1,"smithing":1,"strength":1,"thieving":1,"woodcutting":1},"xp":{"-unused-":0,"agility":123707,"attack":0,"cooking":0,"crafting":0,"defence":0,"firemaking":0,"fishing":0,"fletching":0,"herblore":0,"hitpoints":1154,"magic":0,"mining":0,"prayer":0,"ranged":0,"runecraft":0,"slayer":0,"smithing":0,"strength":0,"thieving":0,"woodcutting":0},"varps":{"309":0},"chat":[[10,"You skillfully swing across."],[9,"You skillfully balance across the ridge..."],[8,"You go through the gate and try to edge over the ridge..."],[7,"Congratulations, you just advanced an agility level."],[6,"set tutorial: to 1000"],[5,"Welcome to RuneScape."]],"loc_facts":[],"npc_facts":[],"ground_loot":[],"local_in_combat":false,"local_target_npc":null,"local_health":0,"local_animation":751,"equipment_ids":{},"main_modal":-1,"widget_ids":[193,194,195,196,3213,3214]},"stone":{"ingame":true,"scene_state":2,"player":"Livextwiq0 0","tile":[2996,3960,0],"combat_level":3,"tick":82,"items":{"Lobster":5},"item_ids":{"379":5},"bank":{},"bank_ids":{},"bank_open":false,"bank_loaded":false,"bank_generation":0,"levels":{"-unused-":0,"agility":52,"attack":1,"cooking":1,"crafting":1,"defence":1,"firemaking":1,"fishing":1,"fletching":1,"herblore":1,"hitpoints":10,"magic":1,"mining":1,"prayer":1,"ranged":1,"runecraft":1,"slayer":1,"smithing":1,"strength":1,"thieving":1,"woodcutting":1},"xp":{"-unused-":0,"agility":123727,"attack":0,"cooking":0,"crafting":0,"defence":0,"firemaking":0,"fishing":0,"fletching":0,"herblore":0,"hitpoints":1154,"magic":0,"mining":0,"prayer":0,"ranged":0,"runecraft":0,"slayer":0,"smithing":0,"strength":0,"thieving":0,"woodcutting":0},"varps":{"309":0},"chat":[[12,"...You safely cross to the other side."],[11,"You carefully start crossing the stepping stones..."],[10,"You skillfully swing across."],[9,"You skillfully balance across the ridge..."],[8,"You go through the gate and try to edge over the ridge..."],[7,"Congratulations, you just advanced an agility level."],[6,"set tutorial: to 1000"],[5,"Welcome to RuneScape."]],"loc_facts":[],"npc_facts":[],"ground_loot":[],"local_in_combat":false,"local_target_npc":null,"local_health":0,"local_animation":741,"equipment_ids":{},"main_modal":-1,"widget_ids":[193,194,195,196,3213,3214]},"log":null,"rocks":null,"further_pipe":false},"brimhaven_agility_cycle":{"paid":false,"entered":null,"moved":null,"first_tag":false,"ticket":null,"subsequent_work":false},"flax_picker_cycle":{"first_pack":false,"deposited":null,"returned":false,"further":false},"superheater_cycle":{"first_bars":false,"deposited":null,"withdrawn":null,"produced_after_withdrawal":false,"wrong_product":false,"wrong_staff":false},"chicken_killer_bank_cycle":{"combat_loot":false,"deposited":null,"returned":false,"further":false},"vial_filler_cycle":{"filled":null,"deposited":null,"withdrawn":null,"returned":false,"further":false},"potion_maker_cycle":{"unfinished":null,"finished":null,"deposited":null,"withdrawn":null,"further":false,"wrong_product":false,"filter_violated":false},"tanner_bot_cycle":{"widget":null,"tanned":null,"deposited":null,"withdrawn":null,"returned":false,"further":false,"wrong_product":false,"shop":false},"rune_crafter_cycle":{"withdrawn":null,"entered":null,"crafted":null,"exited":null,"deposited":null,"restocked":null,"returned":false,"further":false,"wrong_product":false,"noted":false},"ardy_cakes_cycle":{"stolen":null,"deposited":null,"returned":false,"further":false,"wrong_product":false,"noted":false},"ardy_thiever_cycle":{"pickpocketed":null,"deposited":null,"returned":false,"further":false},"gnome_chop_cycle":{"chopped":null,"deposited":null,"returned":false,"further":false,"wrong_product":false,"noted":false},"gnome_fletch_cycle":{"chopped":null,"fletched":null,"deposited":null,"returned":false,"further":false,"wrong_product":false,"noted":false},"coal_trucks_cycle":{"mined":null,"trucked":null,"further":false,"noted":false,"banked":false},"station_production_cycle":{"withdrawn":null,"produced":null,"deposited":null,"restocked":null,"returned":false,"further":false,"wrong_product":false,"noted":false},"flax_aio_cycle":{"picked":null,"produced":null,"deposited":null,"returned":false,"further":false,"wrong_product":false,"noted":false},"flax_aio_pick_cycle":{"first_pack":false,"deposited":null,"returned":false,"further":false,"wrong_product":false,"noted":false},"herblore_eggs_cycle":{"taken":false,"deposited":null,"returned":false,"further":false,"wrong_product":false,"noted":false},"herblore_newt_cycle":{"bought":false,"deposited":null,"returned":false,"further":false,"coins_spent":false,"coins_peak":0,"wrong_product":false,"noted":false},"combat_core_cycle":{"engagements":0,"defeats":0,"style_xp":false,"looted":false,"noted":false,"activated":false,"shield_worn":false,"stolen_food":false,"wrong_item":false,"dormant_indexes":[],"dormant_tiles":{},"last":{},"currently_engaged":[],"facts":[]},"ordered_first_exhausted":false}}
