
running 1 test
{"phase":"identity","revision":289,"profile":"local-289 · 127.0.0.1:44594 · revision 289","cache_id":"c4d8ab36bcfd2a7907535b4f619e28623b0a22e98d496fd2a9620d544c5b5b09","nav_pack":"/Users/acfrazier/experiments/274bot/.worktrees/rs2b0t-multirevision/.superpowers/world-capabilities/289/274bot.navpack","nav_sha256":"131db92e32eddcb08148909d477589544320fe7e34a422e8004e97e888032924","catalog_commit":"100adccc037d9f6898080e1cad58fcfc43364775","catalog_identity":"pre-289 frozen catalog","catalog_read_only_path":".superpowers/inputs/rs2b0t-100adccc037d9f6898080e1cad58fcfc43364775","catalog_root":"/Users/acfrazier/experiments/274bot/.worktrees/rs2b0t-multirevision/.superpowers/inputs/rs2b0t-100adccc037d9f6898080e1cad58fcfc43364775","registry_path":"/Users/acfrazier/experiments/274bot/.worktrees/rs2b0t-multirevision/.superpowers/inputs/rs2b0t-100adccc037d9f6898080e1cad58fcfc43364775/src/bot/scripts/index.ts","registry_sha256":"b614aedb3d5adfdfbac3760f082273f3cf5c33fffe4ced0f2b01490ae02d1bc2","card":{"card":"RockCrab","source_path":"/Users/acfrazier/experiments/274bot/.worktrees/rs2b0t-multirevision/.superpowers/inputs/rs2b0t-100adccc037d9f6898080e1cad58fcfc43364775/src/bot/scripts/RockCrab/RockCrab.ts","source_sha256":"7e12b775e0133353f5f45ab8bdca48c62eabe75adec7d09ade997f4f7c62a5ff","compiled_sha256":"62d9671cbc7d23eb6924ff7c6a8daa77439f0b1897df82a6e2aa432a3e582833","siblings":[{"module":"/rs2b0t/bot/scripts/bot/AmmoLogic.js","compiled_sha256":"e85e128548b38dd4f1e7808e2b39f6bd1b46016d06d2707ffd95edf8486e5f6b"},{"module":"/rs2b0t/bot/scripts/bot/RockCrabSpots.js","compiled_sha256":"46fdd03f94fa097d908cb780c4341381ca95614a6ac6c14b6796b7531f1cf0fe"}],"settings":{"combatStyle":"melee","meleeStyle":"strength","rangeStyle":"rapid","staff":"Staff of air","bow":"Maple shortbow","spell":"Wind Strike","runesWithdraw":150.0,"ammo":"Bronze arrow","ammoWithdraw":200.0,"minStack":1.0,"collectRange":12.0,"foodWithdraw":20.0,"fightHpGate":40.0,"restUntilHp":75.0,"fieldRadius":15.0,"stack":3.0,"loot":["half of a key","casket","clue scroll","small oyster pearls","oyster pearls","uncut sapphire","uncut emerald","uncut ruby","uncut diamond"],"solveClues":false,"bankStrategy":"Off"}},"account":"livevlhp16_0","engine_speed_ms":null}
[host-play] slot livevlhp16_0: thread up
289bot: snapshot load skipped: read /Users/acfrazier/.274bot/unpack-289/37214163f1e6ceca/models.bin: No such file or directory (os error 2)
[host-play] slot livevlhp16_0: handshake begin reconnect=false
[host-play] slot livevlhp16_0: handshake ok
[host] slot livevlhp16_0: d_loop_us=2089 d_raster_us=0 d_observe_us=24409 max_observe_us=1784 d_paints=0 d_skips=50 d_ticks=1 window_ms=0
[host-play] slot livevlhp16_0: queued mainland tele+setvar (scene 2)
[host-play] slot livevlhp16_0: handshake begin reconnect=true
[host-play] slot livevlhp16_0: handshake ok
[host] slot livevlhp16_0: d_loop_us=1043 d_raster_us=0 d_observe_us=44643 max_observe_us=3749 d_paints=0 d_skips=50 d_ticks=1 window_ms=0
[host-play] slot livevlhp16_0: queued mainland tele+setvar (scene 2)
[host] slot livevlhp16_0: d_loop_us=20704 d_raster_us=0 d_observe_us=132876 max_observe_us=11194 d_paints=0 d_skips=50 d_ticks=20 window_ms=12533
{"phase":"baseline-after-preparation","scenario":"rock_crab","account":"livevlhp16_0","observation":{"ingame":true,"scene_state":2,"player":"Livevlhp16 0","tile":[2704,3726,0],"combat_level":36,"tick":23,"items":{"Adamant scimitar":1,"Lobster":8},"item_ids":{"379":8,"1331":1},"bank":{},"bank_ids":{},"bank_open":false,"bank_loaded":false,"bank_generation":0,"levels":{"-unused-":0,"agility":1,"attack":40,"cooking":1,"crafting":1,"defence":1,"firemaking":1,"fishing":1,"fletching":1,"herblore":1,"hitpoints":40,"magic":1,"mining":1,"prayer":1,"ranged":1,"runecraft":1,"slayer":1,"smithing":1,"strength":40,"thieving":1,"woodcutting":1},"xp":{"-unused-":0,"agility":0,"attack":37228,"cooking":0,"crafting":0,"defence":0,"firemaking":0,"fishing":0,"fletching":0,"herblore":0,"hitpoints":37225,"magic":0,"mining":0,"prayer":0,"ranged":0,"runecraft":0,"slayer":0,"smithing":0,"strength":37224,"thieving":0,"woodcutting":0},"varps":{"309":0},"chat":[[7,"Inventory wiped."],[6,"set tutorial: to 1000"],[5,"Welcome to RuneScape."]],"loc_facts":[],"npc_facts":[{"index":7360,"name":"Rock Crab","health":49,"total_health":50,"animation":1313,"in_combat":true,"targeting_local":true,"tile":[2704,3727,0],"distance":1},{"index":7362,"name":"Rock Crab","health":0,"total_health":0,"animation":1312,"in_combat":false,"targeting_local":true,"tile":[2705,3725,0],"distance":1}],"ground_loot":[],"local_in_combat":true,"local_target_npc":7360,"local_health":40,"local_animation":422,"equipment_ids":{},"main_modal":-1,"widget_ids":[3213,3214]}}
[script livevlhp16_0] start load
{"phase":"start","account":"livevlhp16_0","count":1}
[host] hitch livevlhp16_0: observe_us=89231 paints=0 skips=104 ticks=23
[script livevlhp16_0] RockCrab starting — spots [2704,3726 | 2701,3719 | 2717,3720 | 2710,3717 | 2713,3727] starting at (2704, 3726, 0) r15, stack 3, food 'Lobster' (smart-eat), bank (2725, 3491, 0), style melee (strength)
[script livevlhp16_0] interact IfButton { component_id: 5862 }
[host] slot livevlhp16_0: d_loop_us=2219 d_raster_us=0 d_observe_us=173944 max_observe_us=89231 d_paints=0 d_skips=50 d_ticks=4 window_ms=2321
[script livevlhp16_0] combat style: strength
[script livevlhp16_0] interact WalkTo { x: 2701, z: 3728, level: 0 }
[host] slot livevlhp16_0: d_loop_us=1995 d_raster_us=0 d_observe_us=86497 max_observe_us=12098 d_paints=0 d_skips=50 d_ticks=2 window_ms=1190
[script livevlhp16_0] woke a rock crab — stack now 3
[host] slot livevlhp16_0: d_loop_us=1420 d_raster_us=0 d_observe_us=68692 max_observe_us=14900 d_paints=0 d_skips=50 d_ticks=2 window_ms=1204
[script livevlhp16_0] interact WalkTo { x: 2704, z: 3726, level: 0 }
[host] slot livevlhp16_0: d_loop_us=2116 d_raster_us=0 d_observe_us=84887 max_observe_us=14872 d_paints=0 d_skips=50 d_ticks=2 window_ms=1196
[host] hitch livevlhp16_0: observe_us=18244 paints=0 skips=304 ticks=32
[host] slot livevlhp16_0: d_loop_us=2073 d_raster_us=0 d_observe_us=105962 max_observe_us=18244 d_paints=0 d_skips=50 d_ticks=2 window_ms=1175
[host] slot livevlhp16_0: d_loop_us=1684 d_raster_us=0 d_observe_us=83787 max_observe_us=10874 d_paints=0 d_skips=50 d_ticks=2 window_ms=1198
[host] slot livevlhp16_0: d_loop_us=1857 d_raster_us=0 d_observe_us=76487 max_observe_us=11466 d_paints=0 d_skips=50 d_ticks=2 window_ms=1183
[host] slot livevlhp16_0: d_loop_us=1847 d_raster_us=0 d_observe_us=76128 max_observe_us=10202 d_paints=0 d_skips=50 d_ticks=2 window_ms=1175
[host] slot livevlhp16_0: d_loop_us=1655 d_raster_us=0 d_observe_us=82359 max_observe_us=11341 d_paints=0 d_skips=50 d_ticks=2 window_ms=1196
[host] slot livevlhp16_0: d_loop_us=2177 d_raster_us=0 d_observe_us=82652 max_observe_us=12676 d_paints=0 d_skips=50 d_ticks=2 window_ms=1185
[host] slot livevlhp16_0: d_loop_us=1807 d_raster_us=0 d_observe_us=69550 max_observe_us=9871 d_paints=0 d_skips=50 d_ticks=2 window_ms=1185
[host] slot livevlhp16_0: d_loop_us=1652 d_raster_us=0 d_observe_us=76639 max_observe_us=9301 d_paints=0 d_skips=50 d_ticks=2 window_ms=1177
[host] slot livevlhp16_0: d_loop_us=1733 d_raster_us=0 d_observe_us=84310 max_observe_us=10551 d_paints=0 d_skips=50 d_ticks=2 window_ms=1180
[host] slot livevlhp16_0: d_loop_us=1252 d_raster_us=0 d_observe_us=53614 max_observe_us=8987 d_paints=0 d_skips=50 d_ticks=2 window_ms=1164
[host] slot livevlhp16_0: d_loop_us=1204 d_raster_us=0 d_observe_us=55105 max_observe_us=8765 d_paints=0 d_skips=50 d_ticks=2 window_ms=1166
[host] slot livevlhp16_0: d_loop_us=1760 d_raster_us=0 d_observe_us=79342 max_observe_us=11642 d_paints=0 d_skips=50 d_ticks=2 window_ms=1173
[host] slot livevlhp16_0: d_loop_us=1371 d_raster_us=0 d_observe_us=62796 max_observe_us=8030 d_paints=0 d_skips=50 d_ticks=2 window_ms=1186
[host] slot livevlhp16_0: d_loop_us=1505 d_raster_us=0 d_observe_us=58003 max_observe_us=8982 d_paints=0 d_skips=50 d_ticks=2 window_ms=1183
[host] slot livevlhp16_0: d_loop_us=1781 d_raster_us=0 d_observe_us=75544 max_observe_us=12927 d_paints=0 d_skips=50 d_ticks=2 window_ms=1161
[host] slot livevlhp16_0: d_loop_us=1277 d_raster_us=0 d_observe_us=73998 max_observe_us=10414 d_paints=0 d_skips=50 d_ticks=2 window_ms=1175
[host] slot livevlhp16_0: d_loop_us=1317 d_raster_us=0 d_observe_us=74514 max_observe_us=10652 d_paints=0 d_skips=50 d_ticks=2 window_ms=1163
[host] slot livevlhp16_0: d_loop_us=1126 d_raster_us=0 d_observe_us=64584 max_observe_us=10466 d_paints=0 d_skips=50 d_ticks=2 window_ms=1197
[host] slot livevlhp16_0: d_loop_us=1246 d_raster_us=0 d_observe_us=57883 max_observe_us=7518 d_paints=0 d_skips=50 d_ticks=2 window_ms=1174
[host] slot livevlhp16_0: d_loop_us=1290 d_raster_us=0 d_observe_us=59776 max_observe_us=11788 d_paints=0 d_skips=50 d_ticks=2 window_ms=1175
[host] slot livevlhp16_0: d_loop_us=1508 d_raster_us=0 d_observe_us=65581 max_observe_us=10315 d_paints=0 d_skips=50 d_ticks=2 window_ms=1177
test catalog_boundary_live has been running for over 60 seconds
[host] slot livevlhp16_0: d_loop_us=1737 d_raster_us=0 d_observe_us=80107 max_observe_us=11994 d_paints=0 d_skips=50 d_ticks=2 window_ms=1197
[host] slot livevlhp16_0: d_loop_us=1844 d_raster_us=0 d_observe_us=79015 max_observe_us=11220 d_paints=0 d_skips=50 d_ticks=2 window_ms=1178
[host] slot livevlhp16_0: d_loop_us=1098 d_raster_us=0 d_observe_us=56924 max_observe_us=5679 d_paints=0 d_skips=50 d_ticks=2 window_ms=1182
[host] slot livevlhp16_0: d_loop_us=1138 d_raster_us=0 d_observe_us=49074 max_observe_us=5606 d_paints=0 d_skips=50 d_ticks=2 window_ms=1188
[host] slot livevlhp16_0: d_loop_us=1240 d_raster_us=0 d_observe_us=65712 max_observe_us=7644 d_paints=0 d_skips=50 d_ticks=2 window_ms=1200
[host] slot livevlhp16_0: d_loop_us=3209 d_raster_us=0 d_observe_us=84421 max_observe_us=10961 d_paints=0 d_skips=50 d_ticks=2 window_ms=1185
[host] slot livevlhp16_0: d_loop_us=1201 d_raster_us=0 d_observe_us=66424 max_observe_us=10685 d_paints=0 d_skips=50 d_ticks=1 window_ms=1168
[host] slot livevlhp16_0: d_loop_us=1216 d_raster_us=0 d_observe_us=66186 max_observe_us=10542 d_paints=0 d_skips=50 d_ticks=2 window_ms=1183
[host] slot livevlhp16_0: d_loop_us=1373 d_raster_us=0 d_observe_us=70751 max_observe_us=7576 d_paints=0 d_skips=50 d_ticks=2 window_ms=1187
[host] slot livevlhp16_0: d_loop_us=1212 d_raster_us=0 d_observe_us=62302 max_observe_us=6849 d_paints=0 d_skips=50 d_ticks=2 window_ms=1179
[host] slot livevlhp16_0: d_loop_us=1462 d_raster_us=0 d_observe_us=78583 max_observe_us=7896 d_paints=0 d_skips=50 d_ticks=2 window_ms=1197
[host] slot livevlhp16_0: d_loop_us=1663 d_raster_us=0 d_observe_us=80834 max_observe_us=10034 d_paints=0 d_skips=50 d_ticks=2 window_ms=1154
[host] slot livevlhp16_0: d_loop_us=1944 d_raster_us=0 d_observe_us=75057 max_observe_us=10621 d_paints=0 d_skips=50 d_ticks=2 window_ms=1180
[host] slot livevlhp16_0: d_loop_us=1626 d_raster_us=0 d_observe_us=74192 max_observe_us=12489 d_paints=0 d_skips=50 d_ticks=2 window_ms=1183
[host] slot livevlhp16_0: d_loop_us=1800 d_raster_us=0 d_observe_us=78130 max_observe_us=11926 d_paints=0 d_skips=50 d_ticks=2 window_ms=1188
[host] slot livevlhp16_0: d_loop_us=1513 d_raster_us=0 d_observe_us=80688 max_observe_us=11134 d_paints=0 d_skips=50 d_ticks=2 window_ms=1170
[host] slot livevlhp16_0: d_loop_us=900 d_raster_us=0 d_observe_us=37619 max_observe_us=5733 d_paints=0 d_skips=50 d_ticks=2 window_ms=1188
[host] slot livevlhp16_0: d_loop_us=1834 d_raster_us=0 d_observe_us=68415 max_observe_us=11827 d_paints=0 d_skips=50 d_ticks=2 window_ms=1177
[host] slot livevlhp16_0: d_loop_us=1647 d_raster_us=0 d_observe_us=81874 max_observe_us=11463 d_paints=0 d_skips=50 d_ticks=2 window_ms=1173
[host] slot livevlhp16_0: d_loop_us=1646 d_raster_us=0 d_observe_us=68043 max_observe_us=12023 d_paints=0 d_skips=50 d_ticks=2 window_ms=1197
[host] slot livevlhp16_0: d_loop_us=1215 d_raster_us=0 d_observe_us=69417 max_observe_us=8749 d_paints=0 d_skips=50 d_ticks=2 window_ms=1187
[host] slot livevlhp16_0: d_loop_us=1363 d_raster_us=0 d_observe_us=81519 max_observe_us=7878 d_paints=0 d_skips=50 d_ticks=2 window_ms=1152
[host] slot livevlhp16_0: d_loop_us=1510 d_raster_us=0 d_observe_us=79920 max_observe_us=10674 d_paints=0 d_skips=50 d_ticks=2 window_ms=1150
[host] slot livevlhp16_0: d_loop_us=1444 d_raster_us=0 d_observe_us=68776 max_observe_us=8989 d_paints=0 d_skips=50 d_ticks=2 window_ms=1152
[host] slot livevlhp16_0: d_loop_us=1938 d_raster_us=0 d_observe_us=80572 max_observe_us=13508 d_paints=0 d_skips=50 d_ticks=2 window_ms=1170
[host] slot livevlhp16_0: d_loop_us=1988 d_raster_us=0 d_observe_us=85729 max_observe_us=12508 d_paints=0 d_skips=50 d_ticks=2 window_ms=1160
[host] slot livevlhp16_0: d_loop_us=1643 d_raster_us=0 d_observe_us=71600 max_observe_us=9357 d_paints=0 d_skips=50 d_ticks=2 window_ms=1176
[host] slot livevlhp16_0: d_loop_us=1645 d_raster_us=0 d_observe_us=83406 max_observe_us=12191 d_paints=0 d_skips=50 d_ticks=2 window_ms=1185
[host] slot livevlhp16_0: d_loop_us=2023 d_raster_us=0 d_observe_us=85946 max_observe_us=12804 d_paints=0 d_skips=50 d_ticks=2 window_ms=1172
[host] slot livevlhp16_0: d_loop_us=1741 d_raster_us=0 d_observe_us=62079 max_observe_us=8593 d_paints=0 d_skips=50 d_ticks=2 window_ms=1155
[script livevlhp16_0] interact Held { name: "Lobster", action: "Eat" }
[shim-held] Lobster Eat slot=1 -> sent
[host] slot livevlhp16_0: d_loop_us=1613 d_raster_us=0 d_observe_us=84899 max_observe_us=11195 d_paints=0 d_skips=50 d_ticks=1 window_ms=1162
[host] slot livevlhp16_0: d_loop_us=1562 d_raster_us=0 d_observe_us=81721 max_observe_us=12138 d_paints=0 d_skips=50 d_ticks=2 window_ms=1163
[script livevlhp16_0] rock crab down — 1 kills total
[host] slot livevlhp16_0: d_loop_us=1763 d_raster_us=0 d_observe_us=82554 max_observe_us=10970 d_paints=0 d_skips=50 d_ticks=2 window_ms=1164
[host] slot livevlhp16_0: d_loop_us=1435 d_raster_us=0 d_observe_us=61854 max_observe_us=10593 d_paints=0 d_skips=50 d_ticks=2 window_ms=1187
[host] slot livevlhp16_0: d_loop_us=1507 d_raster_us=0 d_observe_us=70911 max_observe_us=9811 d_paints=0 d_skips=50 d_ticks=2 window_ms=1173
[host] slot livevlhp16_0: d_loop_us=1898 d_raster_us=0 d_observe_us=90046 max_observe_us=11510 d_paints=0 d_skips=50 d_ticks=2 window_ms=1164
[host] slot livevlhp16_0: d_loop_us=1801 d_raster_us=0 d_observe_us=86128 max_observe_us=13427 d_paints=0 d_skips=50 d_ticks=2 window_ms=1174
[host] slot livevlhp16_0: d_loop_us=1732 d_raster_us=0 d_observe_us=82010 max_observe_us=11891 d_paints=0 d_skips=50 d_ticks=2 window_ms=1165
[host] slot livevlhp16_0: d_loop_us=1257 d_raster_us=0 d_observe_us=56885 max_observe_us=8173 d_paints=0 d_skips=50 d_ticks=2 window_ms=1170
[host] slot livevlhp16_0: d_loop_us=1410 d_raster_us=0 d_observe_us=62568 max_observe_us=8193 d_paints=0 d_skips=50 d_ticks=2 window_ms=1196
[host] slot livevlhp16_0: d_loop_us=1682 d_raster_us=0 d_observe_us=95872 max_observe_us=15229 d_paints=0 d_skips=50 d_ticks=2 window_ms=1173
[host] slot livevlhp16_0: d_loop_us=1288 d_raster_us=0 d_observe_us=66949 max_observe_us=6994 d_paints=0 d_skips=50 d_ticks=2 window_ms=1165
[host] slot livevlhp16_0: d_loop_us=783 d_raster_us=0 d_observe_us=32938 max_observe_us=5325 d_paints=0 d_skips=50 d_ticks=2 window_ms=1216
[host] slot livevlhp16_0: d_loop_us=811 d_raster_us=0 d_observe_us=34712 max_observe_us=5773 d_paints=0 d_skips=50 d_ticks=2 window_ms=1184
[host] slot livevlhp16_0: d_loop_us=935 d_raster_us=0 d_observe_us=38033 max_observe_us=5840 d_paints=0 d_skips=50 d_ticks=2 window_ms=1174
[host] slot livevlhp16_0: d_loop_us=846 d_raster_us=0 d_observe_us=35607 max_observe_us=5661 d_paints=0 d_skips=50 d_ticks=2 window_ms=1197
[host] slot livevlhp16_0: d_loop_us=991 d_raster_us=0 d_observe_us=38637 max_observe_us=5649 d_paints=0 d_skips=50 d_ticks=2 window_ms=1177
[host] slot livevlhp16_0: d_loop_us=1266 d_raster_us=0 d_observe_us=56058 max_observe_us=10675 d_paints=0 d_skips=50 d_ticks=2 window_ms=1178
[host] slot livevlhp16_0: d_loop_us=1304 d_raster_us=0 d_observe_us=65385 max_observe_us=10623 d_paints=0 d_skips=50 d_ticks=2 window_ms=1182
[host] slot livevlhp16_0: d_loop_us=1220 d_raster_us=0 d_observe_us=53307 max_observe_us=9042 d_paints=0 d_skips=50 d_ticks=2 window_ms=1187
[host] slot livevlhp16_0: d_loop_us=1436 d_raster_us=0 d_observe_us=67125 max_observe_us=11865 d_paints=0 d_skips=50 d_ticks=2 window_ms=1215
[host] slot livevlhp16_0: d_loop_us=1422 d_raster_us=0 d_observe_us=59925 max_observe_us=9096 d_paints=0 d_skips=50 d_ticks=2 window_ms=1192
[host] slot livevlhp16_0: d_loop_us=1187 d_raster_us=0 d_observe_us=51993 max_observe_us=9470 d_paints=0 d_skips=50 d_ticks=2 window_ms=1192
[host] slot livevlhp16_0: d_loop_us=1233 d_raster_us=0 d_observe_us=58100 max_observe_us=5635 d_paints=0 d_skips=50 d_ticks=2 window_ms=1195
[host] slot livevlhp16_0: d_loop_us=1351 d_raster_us=0 d_observe_us=68275 max_observe_us=10686 d_paints=0 d_skips=50 d_ticks=2 window_ms=1178
[host] slot livevlhp16_0: d_loop_us=1435 d_raster_us=0 d_observe_us=56693 max_observe_us=9191 d_paints=0 d_skips=50 d_ticks=2 window_ms=1191
[host] slot livevlhp16_0: d_loop_us=1120 d_raster_us=0 d_observe_us=48010 max_observe_us=8311 d_paints=0 d_skips=50 d_ticks=2 window_ms=1186
[host] slot livevlhp16_0: d_loop_us=1597 d_raster_us=0 d_observe_us=67877 max_observe_us=10038 d_paints=0 d_skips=50 d_ticks=2 window_ms=1194
[host] slot livevlhp16_0: d_loop_us=1340 d_raster_us=0 d_observe_us=66215 max_observe_us=11651 d_paints=0 d_skips=50 d_ticks=2 window_ms=1168
[host] slot livevlhp16_0: d_loop_us=1270 d_raster_us=0 d_observe_us=69976 max_observe_us=12149 d_paints=0 d_skips=50 d_ticks=2 window_ms=1168
[host] slot livevlhp16_0: d_loop_us=1599 d_raster_us=0 d_observe_us=86512 max_observe_us=11050 d_paints=0 d_skips=50 d_ticks=2 window_ms=1158
[host] slot livevlhp16_0: d_loop_us=1384 d_raster_us=0 d_observe_us=83029 max_observe_us=13543 d_paints=0 d_skips=50 d_ticks=2 window_ms=1184
[host] slot livevlhp16_0: d_loop_us=1207 d_raster_us=0 d_observe_us=58272 max_observe_us=12780 d_paints=0 d_skips=50 d_ticks=1 window_ms=1167
[host] slot livevlhp16_0: d_loop_us=1346 d_raster_us=0 d_observe_us=68790 max_observe_us=14436 d_paints=0 d_skips=50 d_ticks=2 window_ms=1196
[host] slot livevlhp16_0: d_loop_us=1832 d_raster_us=0 d_observe_us=75346 max_observe_us=10171 d_paints=0 d_skips=50 d_ticks=2 window_ms=1191
[host] slot livevlhp16_0: d_loop_us=2108 d_raster_us=0 d_observe_us=68102 max_observe_us=9474 d_paints=0 d_skips=50 d_ticks=2 window_ms=1187
[host] slot livevlhp16_0: d_loop_us=1630 d_raster_us=0 d_observe_us=90251 max_observe_us=8900 d_paints=0 d_skips=50 d_ticks=2 window_ms=1149
[host] slot livevlhp16_0: d_loop_us=1174 d_raster_us=0 d_observe_us=66072 max_observe_us=8520 d_paints=0 d_skips=50 d_ticks=2 window_ms=1169
[host] slot livevlhp16_0: d_loop_us=1528 d_raster_us=0 d_observe_us=53737 max_observe_us=7469 d_paints=0 d_skips=50 d_ticks=2 window_ms=1184
[host] slot livevlhp16_0: d_loop_us=1360 d_raster_us=0 d_observe_us=79078 max_observe_us=10855 d_paints=0 d_skips=50 d_ticks=2 window_ms=1146
[host] slot livevlhp16_0: d_loop_us=2003 d_raster_us=0 d_observe_us=87388 max_observe_us=13992 d_paints=0 d_skips=50 d_ticks=2 window_ms=1167
[host] slot livevlhp16_0: d_loop_us=1483 d_raster_us=0 d_observe_us=69405 max_observe_us=9753 d_paints=0 d_skips=50 d_ticks=2 window_ms=1151
[host] slot livevlhp16_0: d_loop_us=1631 d_raster_us=0 d_observe_us=70514 max_observe_us=11088 d_paints=0 d_skips=50 d_ticks=2 window_ms=1147
[host] slot livevlhp16_0: d_loop_us=1633 d_raster_us=0 d_observe_us=78711 max_observe_us=10740 d_paints=0 d_skips=50 d_ticks=2 window_ms=1192
[host] slot livevlhp16_0: d_loop_us=1343 d_raster_us=0 d_observe_us=65407 max_observe_us=10238 d_paints=0 d_skips=50 d_ticks=2 window_ms=1168
[host] slot livevlhp16_0: d_loop_us=1413 d_raster_us=0 d_observe_us=64503 max_observe_us=10224 d_paints=0 d_skips=50 d_ticks=2 window_ms=1166
[host] slot livevlhp16_0: d_loop_us=1570 d_raster_us=0 d_observe_us=74912 max_observe_us=11701 d_paints=0 d_skips=50 d_ticks=2 window_ms=1177
[host] slot livevlhp16_0: d_loop_us=1922 d_raster_us=0 d_observe_us=83753 max_observe_us=12420 d_paints=0 d_skips=50 d_ticks=2 window_ms=1166
[script livevlhp16_0] interact Held { name: "Lobster", action: "Eat" }
[shim-held] Lobster Eat slot=2 -> sent
[host] slot livevlhp16_0: d_loop_us=1627 d_raster_us=0 d_observe_us=86938 max_observe_us=13946 d_paints=0 d_skips=50 d_ticks=2 window_ms=1179
[host] slot livevlhp16_0: d_loop_us=1645 d_raster_us=0 d_observe_us=64599 max_observe_us=12747 d_paints=0 d_skips=50 d_ticks=2 window_ms=1166
[host] slot livevlhp16_0: d_loop_us=1926 d_raster_us=0 d_observe_us=78269 max_observe_us=12448 d_paints=0 d_skips=50 d_ticks=2 window_ms=1181
[host] slot livevlhp16_0: d_loop_us=1846 d_raster_us=0 d_observe_us=75105 max_observe_us=11797 d_paints=0 d_skips=50 d_ticks=2 window_ms=1176
[host] slot livevlhp16_0: d_loop_us=1681 d_raster_us=0 d_observe_us=81234 max_observe_us=14134 d_paints=0 d_skips=50 d_ticks=2 window_ms=1195
[host] slot livevlhp16_0: d_loop_us=1662 d_raster_us=0 d_observe_us=79081 max_observe_us=12057 d_paints=0 d_skips=50 d_ticks=2 window_ms=1167
[host] slot livevlhp16_0: d_loop_us=1719 d_raster_us=0 d_observe_us=94207 max_observe_us=13792 d_paints=0 d_skips=50 d_ticks=2 window_ms=1258
[host] slot livevlhp16_0: d_loop_us=1742 d_raster_us=0 d_observe_us=69177 max_observe_us=10458 d_paints=0 d_skips=50 d_ticks=2 window_ms=1170
[host] hitch livevlhp16_0: observe_us=16186 paints=0 skips=5675 ticks=243
[host] slot livevlhp16_0: d_loop_us=1669 d_raster_us=0 d_observe_us=86534 max_observe_us=16186 d_paints=0 d_skips=50 d_ticks=2 window_ms=1176
[host] slot livevlhp16_0: d_loop_us=1196 d_raster_us=0 d_observe_us=88099 max_observe_us=11568 d_paints=0 d_skips=50 d_ticks=1 window_ms=1155
[host] slot livevlhp16_0: d_loop_us=1471 d_raster_us=0 d_observe_us=55103 max_observe_us=9456 d_paints=0 d_skips=50 d_ticks=2 window_ms=1181
[host] slot livevlhp16_0: d_loop_us=1795 d_raster_us=0 d_observe_us=84793 max_observe_us=12451 d_paints=0 d_skips=50 d_ticks=2 window_ms=1171
[host] slot livevlhp16_0: d_loop_us=2275 d_raster_us=0 d_observe_us=89264 max_observe_us=12107 d_paints=0 d_skips=50 d_ticks=2 window_ms=1180
[host] slot livevlhp16_0: d_loop_us=1693 d_raster_us=0 d_observe_us=74483 max_observe_us=11288 d_paints=0 d_skips=50 d_ticks=2 window_ms=1174
[host] slot livevlhp16_0: d_loop_us=1302 d_raster_us=0 d_observe_us=68413 max_observe_us=7308 d_paints=0 d_skips=50 d_ticks=2 window_ms=1199
[host] hitch livevlhp16_0: observe_us=17566 paints=0 skips=6006 ticks=256
[host] slot livevlhp16_0: d_loop_us=2022 d_raster_us=0 d_observe_us=87846 max_observe_us=17566 d_paints=0 d_skips=50 d_ticks=2 window_ms=1168
[host] slot livevlhp16_0: d_loop_us=1829 d_raster_us=0 d_observe_us=90219 max_observe_us=10292 d_paints=0 d_skips=50 d_ticks=2 window_ms=1181
[script livevlhp16_0] rock crab down — 2 kills total
[host] slot livevlhp16_0: d_loop_us=2037 d_raster_us=0 d_observe_us=72183 max_observe_us=11869 d_paints=0 d_skips=50 d_ticks=2 window_ms=1179
[host] slot livevlhp16_0: d_loop_us=2101 d_raster_us=0 d_observe_us=107546 max_observe_us=12857 d_paints=0 d_skips=50 d_ticks=2 window_ms=1181
[host] slot livevlhp16_0: d_loop_us=1860 d_raster_us=0 d_observe_us=86919 max_observe_us=12311 d_paints=0 d_skips=50 d_ticks=2 window_ms=1178
[host] slot livevlhp16_0: d_loop_us=1970 d_raster_us=0 d_observe_us=72927 max_observe_us=9994 d_paints=0 d_skips=50 d_ticks=2 window_ms=1168
[host] slot livevlhp16_0: d_loop_us=1995 d_raster_us=0 d_observe_us=81075 max_observe_us=13077 d_paints=0 d_skips=50 d_ticks=2 window_ms=1194
[host] slot livevlhp16_0: d_loop_us=1800 d_raster_us=0 d_observe_us=93068 max_observe_us=12583 d_paints=0 d_skips=50 d_ticks=2 window_ms=1158
[host] slot livevlhp16_0: d_loop_us=1708 d_raster_us=0 d_observe_us=71782 max_observe_us=10875 d_paints=0 d_skips=50 d_ticks=2 window_ms=1172
[host] slot livevlhp16_0: d_loop_us=1956 d_raster_us=0 d_observe_us=73488 max_observe_us=10162 d_paints=0 d_skips=50 d_ticks=2 window_ms=1156
[host] slot livevlhp16_0: d_loop_us=1825 d_raster_us=0 d_observe_us=74557 max_observe_us=12997 d_paints=0 d_skips=50 d_ticks=2 window_ms=1181
[host] slot livevlhp16_0: d_loop_us=1496 d_raster_us=0 d_observe_us=73378 max_observe_us=11541 d_paints=0 d_skips=50 d_ticks=2 window_ms=1169
[host] slot livevlhp16_0: d_loop_us=1405 d_raster_us=0 d_observe_us=87713 max_observe_us=12320 d_paints=0 d_skips=50 d_ticks=2 window_ms=1184
[host] slot livevlhp16_0: d_loop_us=1814 d_raster_us=0 d_observe_us=86550 max_observe_us=11990 d_paints=0 d_skips=50 d_ticks=2 window_ms=1180
[host] slot livevlhp16_0: d_loop_us=2038 d_raster_us=0 d_observe_us=81996 max_observe_us=10560 d_paints=0 d_skips=50 d_ticks=2 window_ms=1193
[host] slot livevlhp16_0: d_loop_us=1670 d_raster_us=0 d_observe_us=72939 max_observe_us=14440 d_paints=0 d_skips=50 d_ticks=2 window_ms=1183
[script livevlhp16_0] interact Held { name: "Lobster", action: "Eat" }
[shim-held] Lobster Eat slot=3 -> sent
[host] slot livevlhp16_0: d_loop_us=1904 d_raster_us=0 d_observe_us=78004 max_observe_us=11105 d_paints=0 d_skips=50 d_ticks=2 window_ms=1140
[host] slot livevlhp16_0: d_loop_us=2632 d_raster_us=0 d_observe_us=79553 max_observe_us=12762 d_paints=0 d_skips=50 d_ticks=2 window_ms=1165
FAIL: catalog_boundary_live: bounded timeout; runner=Passed; core={"error":"rock_crab core post-Start delta incomplete","witness":{"case":"rock_crab","baseline":{"ingame":true,"scene_state":2,"player":"Livevlhp16 0","tile":[2704,3726,0],"combat_level":36,"tick":23,"items":{"Adamant scimitar":1,"Lobster":8},"item_ids":{"379":8,"1331":1},"bank":{},"bank_ids":{},"bank_open":false,"bank_loaded":false,"bank_generation":0,"levels":{"-unused-":0,"agility":1,"attack":40,"cooking":1,"crafting":1,"defence":1,"firemaking":1,"fishing":1,"fletching":1,"herblore":1,"hitpoints":40,"magic":1,"mining":1,"prayer":1,"ranged":1,"runecraft":1,"slayer":1,"smithing":1,"strength":40,"thieving":1,"woodcutting":1},"xp":{"-unused-":0,"agility":0,"attack":37228,"cooking":0,"crafting":0,"defence":0,"firemaking":0,"fishing":0,"fletching":0,"herblore":0,"hitpoints":37225,"magic":0,"mining":0,"prayer":0,"ranged":0,"runecraft":0,"slayer":0,"smithing":0,"strength":37224,"thieving":0,"woodcutting":0},"varps":{"309":0},"chat":[[7,"Inventory wiped."],[6,"set tutorial: to 1000"],[5,"Welcome to RuneScape."]],"loc_facts":[],"npc_facts":[{"index":7360,"name":"Rock Crab","health":49,"total_health":50,"animation":1313,"in_combat":true,"targeting_local":true,"tile":[2704,3727,0],"distance":1},{"index":7362,"name":"Rock Crab","health":0,"total_health":0,"animation":1312,"in_combat":false,"targeting_local":true,"tile":[2705,3725,0],"distance":1}],"ground_loot":[],"local_in_combat":true,"local_target_npc":7360,"local_health":40,"local_animation":422,"equipment_ids":{},"main_modal":-1,"widget_ids":[3213,3214]},"latest":{"ingame":true,"scene_state":2,"player":"Livevlhp16 0","tile":[2704,3726,0],"combat_level":36,"tick":292,"items":{"Adamant scimitar":1,"Lobster":5},"item_ids":{"379":5,"1331":1},"bank":{},"bank_ids":{},"bank_open":false,"bank_loaded":false,"bank_generation":0,"levels":{"-unused-":0,"agility":1,"attack":40,"cooking":1,"crafting":1,"defence":1,"firemaking":1,"fishing":1,"fletching":1,"herblore":1,"hitpoints":40,"magic":1,"mining":1,"prayer":1,"ranged":1,"runecraft":1,"slayer":1,"smithing":1,"strength":40,"thieving":1,"woodcutting":1},"xp":{"-unused-":0,"agility":0,"attack":37228,"cooking":0,"crafting":0,"defence":0,"firemaking":0,"fishing":0,"fletching":0,"herblore":0,"hitpoints":37375,"magic":0,"mining":0,"prayer":0,"ranged":0,"runecraft":0,"slayer":0,"smithing":0,"strength":37680,"thieving":0,"woodcutting":0},"varps":{"309":0},"chat":[[13,"It heals some health."],[12,"You eat the lobster."],[11,"It heals some health."],[10,"You eat the lobster."],[9,"It heals some health."],[8,"You eat the lobster."],[7,"Inventory wiped."],[6,"set tutorial: to 1000"],[5,"Welcome to RuneScape."]],"loc_facts":[],"npc_facts":[{"index":7362,"name":"Rock Crab","health":37,"total_health":50,"animation":1312,"in_combat":true,"targeting_local":true,"tile":[2703,3726,0],"distance":1},{"index":7360,"name":"Rock Crab","health":0,"total_health":0,"animation":-1,"in_combat":false,"targeting_local":true,"tile":[2704,3727,0],"distance":1}],"ground_loot":[],"local_in_combat":true,"local_target_npc":7360,"local_health":40,"local_animation":424,"equipment_ids":{},"main_modal":-1,"widget_ids":[3213,3214]},"max_items":{"Adamant scimitar":1,"Lobster":8},"max_xp":{"-unused-":0,"agility":0,"attack":37228,"cooking":0,"crafting":0,"defence":0,"firemaking":0,"fishing":0,"fletching":0,"herblore":0,"hitpoints":37375,"magic":0,"mining":0,"prayer":0,"ranged":0,"runecraft":0,"slayer":0,"smithing":0,"strength":37680,"thieving":0,"woodcutting":0},"saw_bury_chat":false,"post_start_observations":6823,"bone_bank_cycle":{"first_batch_buried":false,"opened":null,"withdrawn":null,"buried_after_withdrawal":false},"bank_fletcher_cycle":{"first_pack_created":false,"deposited":null,"withdrawn":null,"crafted_after_withdrawal":false},"bank_fletcher_option_cycle":{"first":null,"deposited":null,"restocked":null,"further":false},"bank_fletcher_string_cycle":{"initial_pairs_strung":false,"deposited":null,"withdrawn":null,"strung_after_withdrawal":false},"bank_fletcher_cut_string_cycle":{"cut_pair_created":false,"deposited":null,"withdrawn":null,"string_pair_created":false},"alcher_defaults_cycle":{"withdrawn":null,"consumed":false},"alcher_generated_custom_cycle":{"withdrawn":null,"consumed":false},"dart_fletcher_cycle":{"first":null,"further":false,"wrong_tier":false},"herb_cleaner_cycle":{"first_pack":false,"deposited":null,"withdrawn":null,"cleaned_after_withdrawal":false,"filter_violated":false},"gem_cutter_cycle":{"first_pack":false,"deposited":null,"withdrawn":null,"cut_after_withdrawal":false,"filter_violated":false},"door_opener_cycle":{"selected":null,"opened":false},"gnome_course_cycle":{"log":null,"ground_return":null,"pipe":null,"second_lap":false},"wildy_agility_cycle":{"ridge":null,"pipe":null,"rope":null,"stone":null,"log":null,"rocks":null,"further_pipe":false},"brimhaven_agility_cycle":{"paid":false,"entered":null,"moved":null,"first_tag":false,"ticket":null,"subsequent_work":false},"flax_picker_cycle":{"first_pack":false,"deposited":null,"returned":false,"further":false},"superheater_cycle":{"first_bars":false,"deposited":null,"withdrawn":null,"produced_after_withdrawal":false,"wrong_product":false,"wrong_staff":false},"chicken_killer_bank_cycle":{"combat_loot":false,"deposited":null,"returned":false,"further":false},"vial_filler_cycle":{"filled":null,"deposited":null,"withdrawn":null,"returned":false,"further":false},"potion_maker_cycle":{"unfinished":null,"finished":null,"deposited":null,"withdrawn":null,"further":false,"wrong_product":false,"filter_violated":false},"tanner_bot_cycle":{"widget":null,"tanned":null,"deposited":null,"withdrawn":null,"returned":false,"further":false,"wrong_product":false,"shop":false},"rune_crafter_cycle":{"withdrawn":null,"entered":null,"crafted":null,"exited":null,"deposited":null,"restocked":null,"returned":false,"further":false,"wrong_product":false,"noted":false},"ardy_cakes_cycle":{"stolen":null,"deposited":null,"returned":false,"further":false,"wrong_product":false,"noted":false},"ardy_thiever_cycle":{"pickpocketed":null,"deposited":null,"returned":false,"further":false},"gnome_chop_cycle":{"chopped":null,"deposited":null,"returned":false,"further":false,"wrong_product":false,"noted":false},"gnome_fletch_cycle":{"chopped":null,"fletched":null,"deposited":null,"returned":false,"further":false,"wrong_product":false,"noted":false},"coal_trucks_cycle":{"mined":null,"trucked":null,"further":false,"noted":false,"banked":false},"station_production_cycle":{"withdrawn":null,"produced":null,"deposited":null,"restocked":null,"returned":false,"further":false,"wrong_product":false,"noted":false},"flax_aio_cycle":{"picked":null,"produced":null,"deposited":null,"returned":false,"further":false,"wrong_product":false,"noted":false},"flax_aio_pick_cycle":{"first_pack":false,"deposited":null,"returned":false,"further":false,"wrong_product":false,"noted":false},"herblore_eggs_cycle":{"taken":false,"deposited":null,"returned":false,"further":false,"wrong_product":false,"noted":false},"herblore_newt_cycle":{"bought":false,"deposited":null,"returned":false,"further":false,"coins_spent":false,"coins_peak":0,"wrong_product":false,"noted":false},"combat_core_cycle":{"engagements":3827,"defeats":3,"style_xp":true,"looted":false,"noted":false,"activated":false,"shield_worn":false,"stolen_food":false,"wrong_item":false,"dormant_indexes":[],"dormant_tiles":{},"last":{"7357":{"name":"Rock Crab","health":0,"animation":1314,"tile":[2704,3727,0],"engaged":true,"defeated":true},"7360":{"name":"Rock Crab","health":0,"animation":-1,"tile":[2704,3727,0],"engaged":true,"defeated":true},"7362":{"name":"Rock Crab","health":37,"animation":1312,"tile":[2703,3726,0],"engaged":true,"defeated":true}},"currently_engaged":[7357,7360,7362],"facts":[{"kind":"engage","index":7360,"name":"Rock Crab","health":49,"animation":1312,"loot_id":null,"zero_health":false},{"kind":"engage","index":7362,"name":"Rock Crab","health":0,"animation":1312,"loot_id":null,"zero_health":false},{"kind":"defeat","index":7362,"name":"Rock Crab","health":0,"animation":1312,"loot_id":null,"zero_health":true},{"kind":"engage","index":7362,"name":"Rock Crab","health":0,"animation":1312,"loot_id":null,"zero_health":false},{"kind":"engage","index":7357,"name":"Rock Crab","health":0,"animation":-1,"loot_id":null,"zero_health":false},{"kind":"defeat","index":7357,"name":"Rock Crab","health":0,"animation":-1,"loot_id":null,"zero_health":true},{"kind":"engage","index":7357,"name":"Rock Crab","health":0,"animation":-1,"loot_id":null,"zero_health":false},{"kind":"defeat","index":7360,"name":"Rock Crab","health":0,"animation":1313,"loot_id":null,"zero_health":true},{"kind":"engage","index":7360,"name":"Rock Crab","health":0,"animation":1313,"loot_id":null,"zero_health":false},{"kind":"engage","index":7357,"name":"Rock Crab","health":48,"animation":1313,"loot_id":null,"zero_health":false},{"kind":"engage","index":7357,"name":"Rock Crab","health":48,"animation":1313,"loot_id":null,"zero_health":false},{"kind":"engage","index":7357,"name":"Rock Crab","health":48,"animation":1313,"loot_id":null,"zero_health":false},{"kind":"engage","index":7357,"name":"Rock Crab","health":48,"animation":1313,"loot_id":null,"zero_health":false},{"kind":"engage","index":7357,"name":"Rock Crab","health":48,"animation":1313,"loot_id":null,"zero_health":false},{"kind":"engage","index":7357,"name":"Rock Crab","health":48,"animation":1313,"loot_id":null,"zero_health":false},{"kind":"engage","index":7357,"name":"Rock Crab","health":48,"animation":1313,"loot_id":null,"zero_health":false}]},"ordered_first_exhausted":false}}
