
running 1 test
{"phase":"identity","revision":289,"profile":"local-289 · 127.0.0.1:44594 · revision 289","cache_id":"c4d8ab36bcfd2a7907535b4f619e28623b0a22e98d496fd2a9620d544c5b5b09","nav_pack":"/Users/acfrazier/experiments/274bot/.worktrees/rs2b0t-multirevision/.superpowers/world-capabilities/289/274bot.navpack","nav_sha256":"131db92e32eddcb08148909d477589544320fe7e34a422e8004e97e888032924","catalog_commit":"8e7d965be2071d6ec65c3265e12af797082d720a","catalog_identity":"289-updated frozen catalog","catalog_read_only_path":".superpowers/inputs/rs2b0t-8e7d965be2071d6ec65c3265e12af797082d720a","catalog_root":"/Users/acfrazier/experiments/274bot/.worktrees/rs2b0t-multirevision/.superpowers/inputs/rs2b0t-8e7d965be2071d6ec65c3265e12af797082d720a","registry_path":"/Users/acfrazier/experiments/274bot/.worktrees/rs2b0t-multirevision/.superpowers/inputs/rs2b0t-8e7d965be2071d6ec65c3265e12af797082d720a/src/bot/scripts/index.ts","registry_sha256":"b614aedb3d5adfdfbac3760f082273f3cf5c33fffe4ced0f2b01490ae02d1bc2","card":{"card":"VialFiller","source_path":"/Users/acfrazier/experiments/274bot/.worktrees/rs2b0t-multirevision/.superpowers/inputs/rs2b0t-8e7d965be2071d6ec65c3265e12af797082d720a/src/bot/scripts/VialFiller/VialFiller.ts","source_sha256":"58f95dca5a65bfc6048c1da6a3eda8a8153b90979c0a30c237e76ed437c8bd4c","compiled_sha256":"b5e83534ea1879e250bd8511577beffd8d153724e17bffc53a8ac79cd3fdc306","siblings":[{"module":"/rs2b0t/bot/scripts/bot/VialFillerLogic.js","compiled_sha256":"cab7a8d2ae274f32bb091f2da933660b0e4025e83f5c1f393524e832b58aa633"}],"settings":{"bank":"Falador West","buyVials":false,"buyEveryRuns":5.0,"buyQty":27.0,"coinsPerTrip":1000.0}},"account":"livebla8g2_0","engine_speed_ms":null}
[host-play] slot livebla8g2_0: thread up
274bot: snapshot load skipped: read /Users/acfrazier/.274bot/unpack-289/37214163f1e6ceca/models.bin: No such file or directory (os error 2)
[host-play] slot livebla8g2_0: handshake begin reconnect=false
[host-play] slot livebla8g2_0: handshake ok
[host] slot livebla8g2_0: d_loop_us=3387 d_raster_us=0 d_observe_us=36097 max_observe_us=2841 d_paints=0 d_skips=50 d_ticks=1 window_ms=0
[host-play] slot livebla8g2_0: queued mainland tele+setvar (scene 2)
[host-play] slot livebla8g2_0: handshake begin reconnect=true
[host-play] slot livebla8g2_0: handshake ok
[host-play] slot livebla8g2_0: queued mainland tele+setvar (scene 2)
[host] slot livebla8g2_0: d_loop_us=10088 d_raster_us=0 d_observe_us=55320 max_observe_us=7570 d_paints=0 d_skips=50 d_ticks=1 window_ms=0
{"phase":"baseline-after-preparation","scenario":"vial_filler","account":"livebla8g2_0","observation":{"ingame":true,"scene_state":2,"player":"Livebla8g2 0","tile":[2946,3368,0],"tick":22,"items":{},"item_ids":{},"bank":{},"bank_ids":{},"bank_open":false,"bank_loaded":false,"bank_generation":2,"levels":{"-unused-":0,"agility":1,"attack":1,"cooking":1,"crafting":1,"defence":1,"firemaking":1,"fishing":1,"fletching":1,"herblore":1,"hitpoints":10,"magic":1,"mining":1,"prayer":1,"ranged":1,"runecraft":1,"slayer":1,"smithing":1,"strength":1,"thieving":1,"woodcutting":1},"xp":{"-unused-":0,"agility":0,"attack":0,"cooking":0,"crafting":0,"defence":0,"firemaking":0,"fishing":0,"fletching":0,"herblore":0,"hitpoints":1154,"magic":0,"mining":0,"prayer":0,"ranged":0,"runecraft":0,"slayer":0,"smithing":0,"strength":0,"thieving":0,"woodcutting":0},"chat":[[7,"Inventory wiped."],[6,"set tutorial: to 1000"],[5,"Welcome to RuneScape."]],"loc_facts":[],"equipment_ids":{},"main_modal":-1,"widget_ids":[3213,3214]}}
[script livebla8g2_0] start load
{"phase":"start","account":"livebla8g2_0","count":1}
[host] hitch livebla8g2_0: observe_us=104115 paints=0 skips=96 ticks=22
[script livebla8g2_0] VialFiller — Falador West bank -> Falador fountain
[script livebla8g2_0] interact OpenBooth { x: 2945, z: 3367, level: 0, id: 2213, name: Some("Bank booth"), action: Some("Use-quickly") }
[host] slot livebla8g2_0: d_loop_us=18855 d_raster_us=0 d_observe_us=218451 max_observe_us=104115 d_paints=0 d_skips=50 d_ticks=22 window_ms=13275
[host] hitch livebla8g2_0: observe_us=21132 paints=0 skips=117 ticks=24
[host] hitch livebla8g2_0: observe_us=17821 paints=0 skips=139 ticks=25
[host] slot livebla8g2_0: d_loop_us=1167 d_raster_us=0 d_observe_us=95713 max_observe_us=21132 d_paints=0 d_skips=50 d_ticks=2 window_ms=1326
[host] slot livebla8g2_0: d_loop_us=1038 d_raster_us=0 d_observe_us=73116 max_observe_us=10994 d_paints=0 d_skips=50 d_ticks=2 window_ms=1347
[host] slot livebla8g2_0: d_loop_us=1073 d_raster_us=0 d_observe_us=88316 max_observe_us=15094 d_paints=0 d_skips=50 d_ticks=2 window_ms=1331
[host] hitch livebla8g2_0: observe_us=16572 paints=0 skips=276 ticks=31
[script livebla8g2_0] interact Close
[shim-close] sent
[script livebla8g2_0] interact WalkNear { x: 2949, z: 3381, level: 0, radius: 3, allow_teleports: false }
[host] slot livebla8g2_0: d_loop_us=1138 d_raster_us=0 d_observe_us=97815 max_observe_us=16572 d_paints=0 d_skips=50 d_ticks=3 window_ms=1285
[nav-follow] here=WorldTile { x: 2945, z: 3368, level: 0 } walk=true transport=false leg=0 hops=1 outcome=None
[nav-walk] here=WorldTile { x: 2945, z: 3370, level: 0 } aim=WorldTile { x: 2948, z: 3379, level: 0 } radius=0 ticks_waited=0 sent_tile=Some(WorldTile { x: 2945, z: 3368, level: 0 })
[nav-follow] here=WorldTile { x: 2945, z: 3370, level: 0 } walk=true transport=false leg=0 hops=1 outcome=None
[host] hitch livebla8g2_0: observe_us=21852 paints=0 skips=344 ticks=34
[host] slot livebla8g2_0: d_loop_us=1133 d_raster_us=0 d_observe_us=79014 max_observe_us=21852 d_paints=0 d_skips=50 d_ticks=2 window_ms=1314
[nav-walk] here=WorldTile { x: 2945, z: 3372, level: 0 } aim=WorldTile { x: 2948, z: 3379, level: 0 } radius=0 ticks_waited=1 sent_tile=Some(WorldTile { x: 2945, z: 3368, level: 0 })
[nav-follow] here=WorldTile { x: 2945, z: 3372, level: 0 } walk=true transport=false leg=0 hops=1 outcome=None
[host] hitch livebla8g2_0: observe_us=25890 paints=0 skips=366 ticks=35
[nav-walk] here=WorldTile { x: 2945, z: 3374, level: 0 } aim=WorldTile { x: 2948, z: 3379, level: 0 } radius=0 ticks_waited=2 sent_tile=Some(WorldTile { x: 2945, z: 3368, level: 0 })
[nav-follow] here=WorldTile { x: 2945, z: 3374, level: 0 } walk=true transport=false leg=0 hops=1 outcome=None
[host] hitch livebla8g2_0: observe_us=27506 paints=0 skips=389 ticks=36
[host] slot livebla8g2_0: d_loop_us=1199 d_raster_us=0 d_observe_us=124444 max_observe_us=27506 d_paints=0 d_skips=50 d_ticks=2 window_ms=1329
[nav-walk] here=WorldTile { x: 2947, z: 3374, level: 0 } aim=WorldTile { x: 2948, z: 3379, level: 0 } radius=0 ticks_waited=3 sent_tile=Some(WorldTile { x: 2945, z: 3368, level: 0 })
[nav-follow] here=WorldTile { x: 2947, z: 3374, level: 0 } walk=true transport=false leg=0 hops=1 outcome=None
[host] hitch livebla8g2_0: observe_us=25209 paints=0 skips=411 ticks=37
[nav-walk] here=WorldTile { x: 2949, z: 3376, level: 0 } aim=WorldTile { x: 2948, z: 3379, level: 0 } radius=0 ticks_waited=4 sent_tile=Some(WorldTile { x: 2945, z: 3368, level: 0 })
[nav-follow] here=WorldTile { x: 2949, z: 3376, level: 0 } walk=true transport=false leg=0 hops=1 outcome=None
[host] hitch livebla8g2_0: observe_us=28661 paints=0 skips=433 ticks=38
[host] slot livebla8g2_0: d_loop_us=1287 d_raster_us=0 d_observe_us=109828 max_observe_us=28661 d_paints=0 d_skips=50 d_ticks=2 window_ms=1369
[nav-walk] here=WorldTile { x: 2949, z: 3378, level: 0 } aim=WorldTile { x: 2948, z: 3379, level: 0 } radius=0 ticks_waited=5 sent_tile=Some(WorldTile { x: 2945, z: 3368, level: 0 })
[nav-follow] here=WorldTile { x: 2949, z: 3378, level: 0 } walk=true transport=false leg=0 hops=1 outcome=None
[host] hitch livebla8g2_0: observe_us=24239 paints=0 skips=455 ticks=39
[script livebla8g2_0] interact UseOn { name: "Vial", kind: "loc", target_name: Some("Fountain"), x: 2949, z: 3381, level: 0, index: None, source_item_id: Some(229), source_item_slot: Some(0), target_item_id: None, target_item_slot: None }
[nav-walk] here=WorldTile { x: 2949, z: 3380, level: 0 } aim=WorldTile { x: 2948, z: 3379, level: 0 } radius=0 ticks_waited=6 sent_tile=Some(WorldTile { x: 2945, z: 3368, level: 0 })
[nav-follow] here=WorldTile { x: 2949, z: 3380, level: 0 } walk=true transport=false leg=0 hops=1 outcome=None
[host] hitch livebla8g2_0: observe_us=29018 paints=0 skips=477 ticks=40
[host] slot livebla8g2_0: d_loop_us=1247 d_raster_us=0 d_observe_us=113211 max_observe_us=29018 d_paints=0 d_skips=50 d_ticks=3 window_ms=1347
[nav-walk] here=WorldTile { x: 2949, z: 3380, level: 0 } aim=WorldTile { x: 2948, z: 3379, level: 0 } radius=0 ticks_waited=7 sent_tile=Some(WorldTile { x: 2945, z: 3368, level: 0 })
[nav-follow] here=WorldTile { x: 2949, z: 3380, level: 0 } walk=true transport=false leg=0 hops=1 outcome=None
[host] hitch livebla8g2_0: observe_us=22655 paints=0 skips=500 ticks=41
[nav-walk] here=WorldTile { x: 2949, z: 3380, level: 0 } aim=WorldTile { x: 2948, z: 3379, level: 0 } radius=0 ticks_waited=8 sent_tile=Some(WorldTile { x: 2945, z: 3368, level: 0 })
[nav-follow] here=WorldTile { x: 2949, z: 3380, level: 0 } walk=true transport=false leg=0 hops=1 outcome=None
[script livebla8g2_0] interact UseOn { name: "Vial", kind: "loc", target_name: Some("Fountain"), x: 2949, z: 3381, level: 0, index: None, source_item_id: Some(229), source_item_slot: Some(1), target_item_id: None, target_item_slot: None }
[nav-walk] here=WorldTile { x: 2949, z: 3380, level: 0 } aim=WorldTile { x: 2948, z: 3379, level: 0 } radius=0 ticks_waited=9 sent_tile=Some(WorldTile { x: 2945, z: 3368, level: 0 })
[nav-follow] here=WorldTile { x: 2949, z: 3380, level: 0 } walk=true transport=false leg=0 hops=1 outcome=None
[host] hitch livebla8g2_0: observe_us=18136 paints=0 skips=547 ticks=43
[host] slot livebla8g2_0: d_loop_us=1344 d_raster_us=0 d_observe_us=125209 max_observe_us=22655 d_paints=0 d_skips=50 d_ticks=2 window_ms=1265
[nav-walk] here=WorldTile { x: 2949, z: 3380, level: 0 } aim=WorldTile { x: 2948, z: 3379, level: 0 } radius=0 ticks_waited=10 sent_tile=Some(WorldTile { x: 2945, z: 3368, level: 0 })
[nav-follow] here=WorldTile { x: 2949, z: 3380, level: 0 } walk=true transport=false leg=0 hops=1 outcome=None
[script livebla8g2_0] interact UseOn { name: "Vial", kind: "loc", target_name: Some("Fountain"), x: 2949, z: 3381, level: 0, index: None, source_item_id: Some(229), source_item_slot: Some(2), target_item_id: None, target_item_slot: None }
[nav-walk] here=WorldTile { x: 2949, z: 3380, level: 0 } aim=WorldTile { x: 2948, z: 3379, level: 0 } radius=0 ticks_waited=11 sent_tile=Some(WorldTile { x: 2945, z: 3368, level: 0 })
[nav-follow] here=WorldTile { x: 2949, z: 3380, level: 0 } walk=true transport=false leg=0 hops=1 outcome=None
[host] hitch livebla8g2_0: observe_us=20213 paints=0 skips=592 ticks=45
[host] slot livebla8g2_0: d_loop_us=1119 d_raster_us=0 d_observe_us=79167 max_observe_us=20213 d_paints=0 d_skips=50 d_ticks=2 window_ms=1334
[nav-walk] here=WorldTile { x: 2949, z: 3380, level: 0 } aim=WorldTile { x: 2948, z: 3379, level: 0 } radius=0 ticks_waited=12 sent_tile=Some(WorldTile { x: 2945, z: 3368, level: 0 })
[nav-follow] here=WorldTile { x: 2949, z: 3380, level: 0 } walk=true transport=false leg=0 hops=1 outcome=None
[script livebla8g2_0] interact UseOn { name: "Vial", kind: "loc", target_name: Some("Fountain"), x: 2949, z: 3381, level: 0, index: None, source_item_id: Some(229), source_item_slot: Some(3), target_item_id: None, target_item_slot: None }
[nav-walk] here=WorldTile { x: 2949, z: 3380, level: 0 } aim=WorldTile { x: 2948, z: 3379, level: 0 } radius=0 ticks_waited=13 sent_tile=Some(WorldTile { x: 2945, z: 3368, level: 0 })
[nav-follow] here=WorldTile { x: 2949, z: 3380, level: 0 } walk=true transport=false leg=0 hops=1 outcome=None
[host] hitch livebla8g2_0: observe_us=16834 paints=0 skips=638 ticks=47
[host] slot livebla8g2_0: d_loop_us=1300 d_raster_us=0 d_observe_us=101720 max_observe_us=16834 d_paints=0 d_skips=50 d_ticks=2 window_ms=1309
[nav-walk] here=WorldTile { x: 2949, z: 3380, level: 0 } aim=WorldTile { x: 2948, z: 3379, level: 0 } radius=0 ticks_waited=14 sent_tile=Some(WorldTile { x: 2945, z: 3368, level: 0 })
[nav-follow] here=WorldTile { x: 2949, z: 3380, level: 0 } walk=true transport=false leg=0 hops=1 outcome=None
[script livebla8g2_0] interact UseOn { name: "Vial", kind: "loc", target_name: Some("Fountain"), x: 2949, z: 3381, level: 0, index: None, source_item_id: Some(229), source_item_slot: Some(4), target_item_id: None, target_item_slot: None }
[nav-walk] here=WorldTile { x: 2949, z: 3380, level: 0 } aim=WorldTile { x: 2948, z: 3379, level: 0 } radius=0 ticks_waited=15 sent_tile=Some(WorldTile { x: 2945, z: 3368, level: 0 })
[nav-follow] here=WorldTile { x: 2949, z: 3380, level: 0 } walk=true transport=false leg=0 hops=1 outcome=None
[host] slot livebla8g2_0: d_loop_us=1274 d_raster_us=0 d_observe_us=83265 max_observe_us=14642 d_paints=0 d_skips=50 d_ticks=2 window_ms=1365
[nav-walk] here=WorldTile { x: 2949, z: 3380, level: 0 } aim=WorldTile { x: 2948, z: 3379, level: 0 } radius=0 ticks_waited=16 sent_tile=Some(WorldTile { x: 2945, z: 3368, level: 0 })
[nav-follow] here=WorldTile { x: 2949, z: 3380, level: 0 } walk=true transport=false leg=0 hops=1 outcome=None
[script livebla8g2_0] interact UseOn { name: "Vial", kind: "loc", target_name: Some("Fountain"), x: 2949, z: 3381, level: 0, index: None, source_item_id: Some(229), source_item_slot: Some(5), target_item_id: None, target_item_slot: None }
[nav-walk] here=WorldTile { x: 2949, z: 3380, level: 0 } aim=WorldTile { x: 2948, z: 3379, level: 0 } radius=0 ticks_waited=17 sent_tile=Some(WorldTile { x: 2945, z: 3368, level: 0 })
[nav-follow] here=WorldTile { x: 2949, z: 3380, level: 0 } walk=true transport=false leg=0 hops=1 outcome=None
[host] hitch livebla8g2_0: observe_us=18560 paints=0 skips=728 ticks=51
[host] slot livebla8g2_0: d_loop_us=1500 d_raster_us=0 d_observe_us=94122 max_observe_us=18560 d_paints=0 d_skips=50 d_ticks=2 window_ms=1302
[nav-walk] here=WorldTile { x: 2949, z: 3380, level: 0 } aim=WorldTile { x: 2948, z: 3379, level: 0 } radius=0 ticks_waited=18 sent_tile=Some(WorldTile { x: 2945, z: 3368, level: 0 })
[nav-follow] here=WorldTile { x: 2949, z: 3380, level: 0 } walk=true transport=false leg=0 hops=1 outcome=None
[script livebla8g2_0] interact UseOn { name: "Vial", kind: "loc", target_name: Some("Fountain"), x: 2949, z: 3381, level: 0, index: None, source_item_id: Some(229), source_item_slot: Some(6), target_item_id: None, target_item_slot: None }
[nav-walk] here=WorldTile { x: 2949, z: 3380, level: 0 } aim=WorldTile { x: 2948, z: 3379, level: 0 } radius=0 ticks_waited=19 sent_tile=Some(WorldTile { x: 2945, z: 3368, level: 0 })
[nav-follow] here=WorldTile { x: 2949, z: 3380, level: 0 } walk=true transport=false leg=0 hops=1 outcome=None
[host] hitch livebla8g2_0: observe_us=19259 paints=0 skips=773 ticks=53
[nav-walk] here=WorldTile { x: 2949, z: 3380, level: 0 } aim=WorldTile { x: 2948, z: 3379, level: 0 } radius=0 ticks_waited=20 sent_tile=Some(WorldTile { x: 2945, z: 3368, level: 0 })
[nav-follow] here=WorldTile { x: 2949, z: 3380, level: 0 } walk=true transport=false leg=0 hops=1 outcome=None
[script livebla8g2_0] interact UseOn { name: "Vial", kind: "loc", target_name: Some("Fountain"), x: 2949, z: 3381, level: 0, index: None, source_item_id: Some(229), source_item_slot: Some(7), target_item_id: None, target_item_slot: None }
[host] slot livebla8g2_0: d_loop_us=1411 d_raster_us=0 d_observe_us=98354 max_observe_us=19259 d_paints=0 d_skips=50 d_ticks=3 window_ms=1289
[nav-walk] here=WorldTile { x: 2949, z: 3380, level: 0 } aim=WorldTile { x: 2948, z: 3379, level: 0 } radius=0 ticks_waited=21 sent_tile=Some(WorldTile { x: 2945, z: 3368, level: 0 })
[nav-follow] here=WorldTile { x: 2949, z: 3380, level: 0 } walk=true transport=false leg=0 hops=1 outcome=None
[host] hitch livebla8g2_0: observe_us=18762 paints=0 skips=820 ticks=55
[nav-walk] here=WorldTile { x: 2949, z: 3380, level: 0 } aim=WorldTile { x: 2948, z: 3379, level: 0 } radius=0 ticks_waited=22 sent_tile=Some(WorldTile { x: 2945, z: 3368, level: 0 })
[nav-follow] here=WorldTile { x: 2949, z: 3380, level: 0 } walk=true transport=false leg=0 hops=1 outcome=None
[script livebla8g2_0] interact UseOn { name: "Vial", kind: "loc", target_name: Some("Fountain"), x: 2949, z: 3381, level: 0, index: None, source_item_id: Some(229), source_item_slot: Some(8), target_item_id: None, target_item_slot: None }
[host] slot livebla8g2_0: d_loop_us=1341 d_raster_us=0 d_observe_us=86734 max_observe_us=18762 d_paints=0 d_skips=50 d_ticks=2 window_ms=1306
[nav-walk] here=WorldTile { x: 2949, z: 3380, level: 0 } aim=WorldTile { x: 2948, z: 3379, level: 0 } radius=0 ticks_waited=23 sent_tile=Some(WorldTile { x: 2945, z: 3368, level: 0 })
[nav-follow] here=WorldTile { x: 2949, z: 3380, level: 0 } walk=true transport=false leg=0 hops=1 outcome=None
[host] hitch livebla8g2_0: observe_us=17328 paints=0 skips=866 ticks=57
[nav-walk] here=WorldTile { x: 2949, z: 3380, level: 0 } aim=WorldTile { x: 2948, z: 3379, level: 0 } radius=0 ticks_waited=24 sent_tile=Some(WorldTile { x: 2945, z: 3368, level: 0 })
[nav-follow] here=WorldTile { x: 2949, z: 3380, level: 0 } walk=true transport=false leg=0 hops=1 outcome=None
[script livebla8g2_0] interact UseOn { name: "Vial", kind: "loc", target_name: Some("Fountain"), x: 2949, z: 3381, level: 0, index: None, source_item_id: Some(229), source_item_slot: Some(9), target_item_id: None, target_item_slot: None }
[host] slot livebla8g2_0: d_loop_us=1357 d_raster_us=0 d_observe_us=94833 max_observe_us=17328 d_paints=0 d_skips=50 d_ticks=2 window_ms=1324
[nav-walk] here=WorldTile { x: 2949, z: 3380, level: 0 } aim=WorldTile { x: 2948, z: 3379, level: 0 } radius=0 ticks_waited=25 sent_tile=Some(WorldTile { x: 2945, z: 3368, level: 0 })
[nav-follow] here=WorldTile { x: 2949, z: 3380, level: 0 } walk=true transport=false leg=0 hops=1 outcome=None
[host] hitch livebla8g2_0: observe_us=18636 paints=0 skips=911 ticks=59
[nav-walk] here=WorldTile { x: 2949, z: 3380, level: 0 } aim=WorldTile { x: 2948, z: 3379, level: 0 } radius=0 ticks_waited=26 sent_tile=Some(WorldTile { x: 2945, z: 3368, level: 0 })
[nav-follow] here=WorldTile { x: 2949, z: 3380, level: 0 } walk=true transport=false leg=0 hops=1 outcome=None
[host] hitch livebla8g2_0: observe_us=16314 paints=0 skips=934 ticks=60
[script livebla8g2_0] interact UseOn { name: "Vial", kind: "loc", target_name: Some("Fountain"), x: 2949, z: 3381, level: 0, index: None, source_item_id: Some(229), source_item_slot: Some(10), target_item_id: None, target_item_slot: None }
[host] slot livebla8g2_0: d_loop_us=1277 d_raster_us=0 d_observe_us=104783 max_observe_us=18636 d_paints=0 d_skips=50 d_ticks=2 window_ms=1301
[nav-walk] here=WorldTile { x: 2949, z: 3380, level: 0 } aim=WorldTile { x: 2948, z: 3379, level: 0 } radius=0 ticks_waited=27 sent_tile=Some(WorldTile { x: 2945, z: 3368, level: 0 })
[nav-follow] here=WorldTile { x: 2949, z: 3380, level: 0 } walk=true transport=false leg=0 hops=1 outcome=None
[host] hitch livebla8g2_0: observe_us=19816 paints=0 skips=957 ticks=61
[nav-walk] here=WorldTile { x: 2949, z: 3380, level: 0 } aim=WorldTile { x: 2948, z: 3379, level: 0 } radius=0 ticks_waited=28 sent_tile=Some(WorldTile { x: 2945, z: 3368, level: 0 })
[nav-follow] here=WorldTile { x: 2949, z: 3380, level: 0 } walk=true transport=false leg=0 hops=1 outcome=None
[script livebla8g2_0] interact UseOn { name: "Vial", kind: "loc", target_name: Some("Fountain"), x: 2949, z: 3381, level: 0, index: None, source_item_id: Some(229), source_item_slot: Some(11), target_item_id: None, target_item_slot: None }
[host] slot livebla8g2_0: d_loop_us=1294 d_raster_us=0 d_observe_us=103766 max_observe_us=19816 d_paints=0 d_skips=50 d_ticks=2 window_ms=1316
[nav-walk] here=WorldTile { x: 2949, z: 3380, level: 0 } aim=WorldTile { x: 2948, z: 3379, level: 0 } radius=0 ticks_waited=29 sent_tile=Some(WorldTile { x: 2945, z: 3368, level: 0 })
[nav-follow] here=WorldTile { x: 2949, z: 3380, level: 0 } walk=true transport=false leg=0 hops=1 outcome=None
[host] hitch livebla8g2_0: observe_us=22217 paints=0 skips=1003 ticks=63
[nav-walk] here=WorldTile { x: 2949, z: 3380, level: 0 } aim=WorldTile { x: 2948, z: 3379, level: 0 } radius=0 ticks_waited=30 sent_tile=Some(WorldTile { x: 2945, z: 3368, level: 0 })
[nav-follow] here=WorldTile { x: 2949, z: 3380, level: 0 } walk=true transport=false leg=0 hops=1 outcome=None
[script livebla8g2_0] interact UseOn { name: "Vial", kind: "loc", target_name: Some("Fountain"), x: 2949, z: 3381, level: 0, index: None, source_item_id: Some(229), source_item_slot: Some(12), target_item_id: None, target_item_slot: None }
[nav-walk] here=WorldTile { x: 2949, z: 3380, level: 0 } aim=WorldTile { x: 2948, z: 3379, level: 0 } radius=0 ticks_waited=31 sent_tile=Some(WorldTile { x: 2945, z: 3368, level: 0 })
[nav-follow] here=WorldTile { x: 2949, z: 3380, level: 0 } walk=true transport=false leg=0 hops=1 outcome=None
[host] hitch livebla8g2_0: observe_us=21133 paints=0 skips=1049 ticks=65
[host] slot livebla8g2_0: d_loop_us=1312 d_raster_us=0 d_observe_us=128782 max_observe_us=22217 d_paints=0 d_skips=50 d_ticks=3 window_ms=1312
[nav-walk] here=WorldTile { x: 2949, z: 3380, level: 0 } aim=WorldTile { x: 2948, z: 3379, level: 0 } radius=0 ticks_waited=32 sent_tile=Some(WorldTile { x: 2945, z: 3368, level: 0 })
[nav-follow] here=WorldTile { x: 2949, z: 3380, level: 0 } walk=true transport=false leg=0 hops=1 outcome=None
[script livebla8g2_0] interact UseOn { name: "Vial", kind: "loc", target_name: Some("Fountain"), x: 2949, z: 3381, level: 0, index: None, source_item_id: Some(229), source_item_slot: Some(13), target_item_id: None, target_item_slot: None }
[nav-walk] here=WorldTile { x: 2949, z: 3380, level: 0 } aim=WorldTile { x: 2948, z: 3379, level: 0 } radius=0 ticks_waited=33 sent_tile=Some(WorldTile { x: 2945, z: 3368, level: 0 })
[nav-follow] here=WorldTile { x: 2949, z: 3380, level: 0 } walk=true transport=false leg=0 hops=1 outcome=None
[host] slot livebla8g2_0: d_loop_us=1214 d_raster_us=0 d_observe_us=73915 max_observe_us=15060 d_paints=0 d_skips=50 d_ticks=2 window_ms=1292
[nav-walk] here=WorldTile { x: 2949, z: 3380, level: 0 } aim=WorldTile { x: 2948, z: 3379, level: 0 } radius=0 ticks_waited=34 sent_tile=Some(WorldTile { x: 2945, z: 3368, level: 0 })
[nav-follow] here=WorldTile { x: 2949, z: 3380, level: 0 } walk=true transport=false leg=0 hops=1 outcome=None
[script livebla8g2_0] interact UseOn { name: "Vial", kind: "loc", target_name: Some("Fountain"), x: 2949, z: 3381, level: 0, index: None, source_item_id: Some(229), source_item_slot: Some(14), target_item_id: None, target_item_slot: None }
[nav-walk] here=WorldTile { x: 2949, z: 3380, level: 0 } aim=WorldTile { x: 2948, z: 3379, level: 0 } radius=0 ticks_waited=35 sent_tile=Some(WorldTile { x: 2945, z: 3368, level: 0 })
[nav-follow] here=WorldTile { x: 2949, z: 3380, level: 0 } walk=true transport=false leg=0 hops=1 outcome=None
[host] slot livebla8g2_0: d_loop_us=1120 d_raster_us=0 d_observe_us=76230 max_observe_us=14775 d_paints=0 d_skips=50 d_ticks=2 window_ms=1337
[nav-walk] here=WorldTile { x: 2949, z: 3380, level: 0 } aim=WorldTile { x: 2948, z: 3379, level: 0 } radius=0 ticks_waited=36 sent_tile=Some(WorldTile { x: 2945, z: 3368, level: 0 })
[nav-follow] here=WorldTile { x: 2949, z: 3380, level: 0 } walk=true transport=false leg=0 hops=1 outcome=None
[script livebla8g2_0] interact UseOn { name: "Vial", kind: "loc", target_name: Some("Fountain"), x: 2949, z: 3381, level: 0, index: None, source_item_id: Some(229), source_item_slot: Some(15), target_item_id: None, target_item_slot: None }
[nav-walk] here=WorldTile { x: 2949, z: 3380, level: 0 } aim=WorldTile { x: 2948, z: 3379, level: 0 } radius=0 ticks_waited=37 sent_tile=Some(WorldTile { x: 2945, z: 3368, level: 0 })
[nav-follow] here=WorldTile { x: 2949, z: 3380, level: 0 } walk=true transport=false leg=0 hops=1 outcome=None
[host] hitch livebla8g2_0: observe_us=18434 paints=0 skips=1186 ticks=71
[host] slot livebla8g2_0: d_loop_us=1202 d_raster_us=0 d_observe_us=82851 max_observe_us=18434 d_paints=0 d_skips=50 d_ticks=2 window_ms=1304
[nav-walk] here=WorldTile { x: 2949, z: 3380, level: 0 } aim=WorldTile { x: 2948, z: 3379, level: 0 } radius=0 ticks_waited=38 sent_tile=Some(WorldTile { x: 2945, z: 3368, level: 0 })
[nav-follow] here=WorldTile { x: 2949, z: 3380, level: 0 } walk=true transport=false leg=0 hops=1 outcome=None
[script livebla8g2_0] interact UseOn { name: "Vial", kind: "loc", target_name: Some("Fountain"), x: 2949, z: 3381, level: 0, index: None, source_item_id: Some(229), source_item_slot: Some(16), target_item_id: None, target_item_slot: None }
[nav-walk] here=WorldTile { x: 2949, z: 3380, level: 0 } aim=WorldTile { x: 2948, z: 3379, level: 0 } radius=0 ticks_waited=39 sent_tile=Some(WorldTile { x: 2945, z: 3368, level: 0 })
[nav-follow] here=WorldTile { x: 2949, z: 3380, level: 0 } walk=true transport=false leg=0 hops=1 outcome=None
test catalog_boundary_live has been running for over 60 seconds
[host] slot livebla8g2_0: d_loop_us=1088 d_raster_us=0 d_observe_us=71692 max_observe_us=12283 d_paints=0 d_skips=50 d_ticks=2 window_ms=1317
[nav-walk] here=WorldTile { x: 2949, z: 3380, level: 0 } aim=WorldTile { x: 2948, z: 3379, level: 0 } radius=0 ticks_waited=40 sent_tile=Some(WorldTile { x: 2945, z: 3368, level: 0 })
[nav-follow] here=WorldTile { x: 2949, z: 3380, level: 0 } walk=true transport=false leg=0 hops=1 outcome=None
[nav-walk] here=WorldTile { x: 2949, z: 3380, level: 0 } aim=WorldTile { x: 2948, z: 3379, level: 0 } radius=0 ticks_waited=41 sent_tile=Some(WorldTile { x: 2945, z: 3368, level: 0 })
[nav-follow] here=WorldTile { x: 2949, z: 3380, level: 0 } walk=true transport=false leg=0 hops=1 outcome=None
[script livebla8g2_0] interact UseOn { name: "Vial", kind: "loc", target_name: Some("Fountain"), x: 2949, z: 3381, level: 0, index: None, source_item_id: Some(229), source_item_slot: Some(17), target_item_id: None, target_item_slot: None }
[host] slot livebla8g2_0: d_loop_us=899 d_raster_us=0 d_observe_us=47975 max_observe_us=6912 d_paints=0 d_skips=50 d_ticks=2 window_ms=1281
[nav-walk] here=WorldTile { x: 2949, z: 3380, level: 0 } aim=WorldTile { x: 2948, z: 3379, level: 0 } radius=0 ticks_waited=42 sent_tile=Some(WorldTile { x: 2945, z: 3368, level: 0 })
[nav-follow] here=WorldTile { x: 2949, z: 3380, level: 0 } walk=true transport=false leg=0 hops=1 outcome=None
[nav-walk] here=WorldTile { x: 2949, z: 3380, level: 0 } aim=WorldTile { x: 2948, z: 3379, level: 0 } radius=0 ticks_waited=43 sent_tile=Some(WorldTile { x: 2945, z: 3368, level: 0 })
[nav-follow] here=WorldTile { x: 2949, z: 3380, level: 0 } walk=true transport=false leg=0 hops=1 outcome=None
[script livebla8g2_0] interact UseOn { name: "Vial", kind: "loc", target_name: Some("Fountain"), x: 2949, z: 3381, level: 0, index: None, source_item_id: Some(229), source_item_slot: Some(18), target_item_id: None, target_item_slot: None }
[nav-walk] here=WorldTile { x: 2949, z: 3380, level: 0 } aim=WorldTile { x: 2948, z: 3379, level: 0 } radius=0 ticks_waited=44 sent_tile=Some(WorldTile { x: 2945, z: 3368, level: 0 })
[nav-follow] here=WorldTile { x: 2949, z: 3380, level: 0 } walk=true transport=false leg=0 hops=1 outcome=None
[host] hitch livebla8g2_0: observe_us=16980 paints=0 skips=1348 ticks=78
[host] slot livebla8g2_0: d_loop_us=1016 d_raster_us=0 d_observe_us=72094 max_observe_us=16980 d_paints=0 d_skips=50 d_ticks=3 window_ms=1282
[nav-walk] here=WorldTile { x: 2949, z: 3380, level: 0 } aim=WorldTile { x: 2948, z: 3379, level: 0 } radius=0 ticks_waited=45 sent_tile=Some(WorldTile { x: 2945, z: 3368, level: 0 })
[nav-follow] here=WorldTile { x: 2949, z: 3380, level: 0 } walk=true transport=false leg=0 hops=1 outcome=None
[script livebla8g2_0] interact UseOn { name: "Vial", kind: "loc", target_name: Some("Fountain"), x: 2949, z: 3381, level: 0, index: None, source_item_id: Some(229), source_item_slot: Some(19), target_item_id: None, target_item_slot: None }
[nav-walk] here=WorldTile { x: 2949, z: 3380, level: 0 } aim=WorldTile { x: 2948, z: 3379, level: 0 } radius=0 ticks_waited=46 sent_tile=Some(WorldTile { x: 2945, z: 3368, level: 0 })
[nav-follow] here=WorldTile { x: 2949, z: 3380, level: 0 } walk=true transport=false leg=0 hops=1 outcome=None
[host] slot livebla8g2_0: d_loop_us=1094 d_raster_us=0 d_observe_us=60858 max_observe_us=10256 d_paints=0 d_skips=50 d_ticks=2 window_ms=1289
[nav-walk] here=WorldTile { x: 2949, z: 3380, level: 0 } aim=WorldTile { x: 2948, z: 3379, level: 0 } radius=0 ticks_waited=47 sent_tile=Some(WorldTile { x: 2945, z: 3368, level: 0 })
[nav-follow] here=WorldTile { x: 2949, z: 3380, level: 0 } walk=true transport=false leg=0 hops=1 outcome=None
[script livebla8g2_0] interact UseOn { name: "Vial", kind: "loc", target_name: Some("Fountain"), x: 2949, z: 3381, level: 0, index: None, source_item_id: Some(229), source_item_slot: Some(20), target_item_id: None, target_item_slot: None }
[nav-walk] here=WorldTile { x: 2949, z: 3380, level: 0 } aim=WorldTile { x: 2948, z: 3379, level: 0 } radius=0 ticks_waited=48 sent_tile=Some(WorldTile { x: 2945, z: 3368, level: 0 })
[nav-follow] here=WorldTile { x: 2949, z: 3380, level: 0 } walk=true transport=false leg=0 hops=1 outcome=None
[host] hitch livebla8g2_0: observe_us=16221 paints=0 skips=1440 ticks=82
[host] slot livebla8g2_0: d_loop_us=1073 d_raster_us=0 d_observe_us=69216 max_observe_us=16221 d_paints=0 d_skips=50 d_ticks=2 window_ms=1320
[nav-walk] here=WorldTile { x: 2949, z: 3380, level: 0 } aim=WorldTile { x: 2948, z: 3379, level: 0 } radius=0 ticks_waited=49 sent_tile=Some(WorldTile { x: 2945, z: 3368, level: 0 })
[nav-follow] here=WorldTile { x: 2949, z: 3380, level: 0 } walk=true transport=false leg=0 hops=1 outcome=None
[script livebla8g2_0] interact UseOn { name: "Vial", kind: "loc", target_name: Some("Fountain"), x: 2949, z: 3381, level: 0, index: None, source_item_id: Some(229), source_item_slot: Some(21), target_item_id: None, target_item_slot: None }
[nav-walk] here=WorldTile { x: 2949, z: 3380, level: 0 } aim=WorldTile { x: 2948, z: 3379, level: 0 } radius=0 ticks_waited=50 sent_tile=Some(WorldTile { x: 2945, z: 3368, level: 0 })
[nav-follow] here=WorldTile { x: 2949, z: 3380, level: 0 } walk=true transport=false leg=0 hops=1 outcome=None
[host] hitch livebla8g2_0: observe_us=16770 paints=0 skips=1487 ticks=84
[host] slot livebla8g2_0: d_loop_us=1174 d_raster_us=0 d_observe_us=78724 max_observe_us=16770 d_paints=0 d_skips=50 d_ticks=2 window_ms=1291
[nav-walk] here=WorldTile { x: 2949, z: 3380, level: 0 } aim=WorldTile { x: 2948, z: 3379, level: 0 } radius=0 ticks_waited=51 sent_tile=Some(WorldTile { x: 2945, z: 3368, level: 0 })
[nav-follow] here=WorldTile { x: 2949, z: 3380, level: 0 } walk=true transport=false leg=0 hops=1 outcome=None
[script livebla8g2_0] interact UseOn { name: "Vial", kind: "loc", target_name: Some("Fountain"), x: 2949, z: 3381, level: 0, index: None, source_item_id: Some(229), source_item_slot: Some(22), target_item_id: None, target_item_slot: None }
[nav-walk] here=WorldTile { x: 2949, z: 3380, level: 0 } aim=WorldTile { x: 2948, z: 3379, level: 0 } radius=0 ticks_waited=52 sent_tile=Some(WorldTile { x: 2945, z: 3368, level: 0 })
[nav-follow] here=WorldTile { x: 2949, z: 3380, level: 0 } walk=true transport=false leg=0 hops=1 outcome=None
[host] hitch livebla8g2_0: observe_us=16933 paints=0 skips=1533 ticks=86
[host] slot livebla8g2_0: d_loop_us=1116 d_raster_us=0 d_observe_us=79887 max_observe_us=16933 d_paints=0 d_skips=50 d_ticks=2 window_ms=1272
[nav-walk] here=WorldTile { x: 2949, z: 3380, level: 0 } aim=WorldTile { x: 2948, z: 3379, level: 0 } radius=0 ticks_waited=53 sent_tile=Some(WorldTile { x: 2945, z: 3368, level: 0 })
[nav-follow] here=WorldTile { x: 2949, z: 3380, level: 0 } walk=true transport=false leg=0 hops=1 outcome=None
[script livebla8g2_0] interact UseOn { name: "Vial", kind: "loc", target_name: Some("Fountain"), x: 2949, z: 3381, level: 0, index: None, source_item_id: Some(229), source_item_slot: Some(23), target_item_id: None, target_item_slot: None }
[nav-walk] here=WorldTile { x: 2949, z: 3380, level: 0 } aim=WorldTile { x: 2948, z: 3379, level: 0 } radius=0 ticks_waited=54 sent_tile=Some(WorldTile { x: 2945, z: 3368, level: 0 })
[nav-follow] here=WorldTile { x: 2949, z: 3380, level: 0 } walk=true transport=false leg=0 hops=1 outcome=None
[host] hitch livebla8g2_0: observe_us=19038 paints=0 skips=1579 ticks=88
[host] slot livebla8g2_0: d_loop_us=1203 d_raster_us=0 d_observe_us=83574 max_observe_us=19038 d_paints=0 d_skips=50 d_ticks=2 window_ms=1293
[nav-walk] here=WorldTile { x: 2949, z: 3380, level: 0 } aim=WorldTile { x: 2948, z: 3379, level: 0 } radius=0 ticks_waited=55 sent_tile=Some(WorldTile { x: 2945, z: 3368, level: 0 })
[nav-follow] here=WorldTile { x: 2949, z: 3380, level: 0 } walk=true transport=false leg=0 hops=1 outcome=None
[script livebla8g2_0] interact UseOn { name: "Vial", kind: "loc", target_name: Some("Fountain"), x: 2949, z: 3381, level: 0, index: None, source_item_id: Some(229), source_item_slot: Some(24), target_item_id: None, target_item_slot: None }
[nav-walk] here=WorldTile { x: 2949, z: 3380, level: 0 } aim=WorldTile { x: 2948, z: 3379, level: 0 } radius=0 ticks_waited=56 sent_tile=Some(WorldTile { x: 2945, z: 3368, level: 0 })
[nav-follow] here=WorldTile { x: 2949, z: 3380, level: 0 } walk=true transport=false leg=0 hops=1 outcome=None
[host] hitch livebla8g2_0: observe_us=17807 paints=0 skips=1626 ticks=90
[nav-walk] here=WorldTile { x: 2949, z: 3380, level: 0 } aim=WorldTile { x: 2948, z: 3379, level: 0 } radius=0 ticks_waited=57 sent_tile=Some(WorldTile { x: 2945, z: 3368, level: 0 })
[nav-follow] here=WorldTile { x: 2949, z: 3380, level: 0 } walk=true transport=false leg=0 hops=1 outcome=None
[host] slot livebla8g2_0: d_loop_us=1122 d_raster_us=0 d_observe_us=83973 max_observe_us=17807 d_paints=0 d_skips=50 d_ticks=3 window_ms=1296
[script livebla8g2_0] interact UseOn { name: "Vial", kind: "loc", target_name: Some("Fountain"), x: 2949, z: 3381, level: 0, index: None, source_item_id: Some(229), source_item_slot: Some(25), target_item_id: None, target_item_slot: None }
[nav-walk] here=WorldTile { x: 2949, z: 3380, level: 0 } aim=WorldTile { x: 2948, z: 3379, level: 0 } radius=0 ticks_waited=58 sent_tile=Some(WorldTile { x: 2945, z: 3368, level: 0 })
[nav-follow] here=WorldTile { x: 2949, z: 3380, level: 0 } walk=true transport=false leg=0 hops=1 outcome=None
[nav-walk] here=WorldTile { x: 2949, z: 3380, level: 0 } aim=WorldTile { x: 2948, z: 3379, level: 0 } radius=0 ticks_waited=59 sent_tile=Some(WorldTile { x: 2945, z: 3368, level: 0 })
[nav-follow] here=WorldTile { x: 2949, z: 3380, level: 0 } walk=true transport=false leg=0 hops=1 outcome=None
[script livebla8g2_0] interact UseOn { name: "Vial", kind: "loc", target_name: Some("Fountain"), x: 2949, z: 3381, level: 0, index: None, source_item_id: Some(229), source_item_slot: Some(26), target_item_id: None, target_item_slot: None }
[host] slot livebla8g2_0: d_loop_us=999 d_raster_us=0 d_observe_us=51996 max_observe_us=10043 d_paints=0 d_skips=50 d_ticks=2 window_ms=1310
[nav-walk] here=WorldTile { x: 2949, z: 3380, level: 0 } aim=WorldTile { x: 2948, z: 3379, level: 0 } radius=0 ticks_waited=60 sent_tile=Some(WorldTile { x: 2945, z: 3368, level: 0 })
[nav-follow] here=WorldTile { x: 2949, z: 3380, level: 0 } walk=false transport=false leg=0 hops=1 outcome=Some(Stalled { at: WorldTile { x: 2949, z: 3380, level: 0 }, aiming: WorldTile { x: 2948, z: 3379, level: 0 }, why: Expired, tries: 1 })
[script livebla8g2_0] interact UseOn { name: "Vial", kind: "loc", target_name: Some("Fountain"), x: 2949, z: 3381, level: 0, index: None, source_item_id: Some(229), source_item_slot: Some(27), target_item_id: None, target_item_slot: None }
[host] slot livebla8g2_0: d_loop_us=995 d_raster_us=0 d_observe_us=49794 max_observe_us=9476 d_paints=0 d_skips=50 d_ticks=2 window_ms=1317
[script livebla8g2_0] filled 28 Vial of water
[host] slot livebla8g2_0: d_loop_us=971 d_raster_us=0 d_observe_us=49650 max_observe_us=10016 d_paints=0 d_skips=50 d_ticks=2 window_ms=1319
[script livebla8g2_0] interact WalkNear { x: 2946, z: 3369, level: 0, radius: 3, allow_teleports: false }
[nav-follow] here=WorldTile { x: 2949, z: 3380, level: 0 } walk=true transport=false leg=0 hops=1 outcome=None
[host] slot livebla8g2_0: d_loop_us=960 d_raster_us=0 d_observe_us=47850 max_observe_us=7030 d_paints=0 d_skips=50 d_ticks=2 window_ms=1266
[nav-walk] here=WorldTile { x: 2949, z: 3378, level: 0 } aim=WorldTile { x: 2943, z: 3372, level: 0 } radius=0 ticks_waited=0 sent_tile=Some(WorldTile { x: 2949, z: 3380, level: 0 })
[nav-follow] here=WorldTile { x: 2949, z: 3378, level: 0 } walk=true transport=false leg=0 hops=1 outcome=None
[nav-walk] here=WorldTile { x: 2949, z: 3376, level: 0 } aim=WorldTile { x: 2943, z: 3372, level: 0 } radius=0 ticks_waited=1 sent_tile=Some(WorldTile { x: 2949, z: 3380, level: 0 })
[nav-follow] here=WorldTile { x: 2949, z: 3376, level: 0 } walk=true transport=false leg=0 hops=1 outcome=None
[host] hitch livebla8g2_0: observe_us=17244 paints=0 skips=1879 ticks=101
[host] slot livebla8g2_0: d_loop_us=900 d_raster_us=0 d_observe_us=68146 max_observe_us=17244 d_paints=0 d_skips=50 d_ticks=2 window_ms=1303
[nav-walk] here=WorldTile { x: 2947, z: 3376, level: 0 } aim=WorldTile { x: 2943, z: 3372, level: 0 } radius=0 ticks_waited=2 sent_tile=Some(WorldTile { x: 2949, z: 3380, level: 0 })
[nav-follow] here=WorldTile { x: 2947, z: 3376, level: 0 } walk=true transport=false leg=0 hops=1 outcome=None
[host] hitch livebla8g2_0: observe_us=18299 paints=0 skips=1903 ticks=102
[nav-walk] here=WorldTile { x: 2945, z: 3376, level: 0 } aim=WorldTile { x: 2943, z: 3372, level: 0 } radius=0 ticks_waited=3 sent_tile=Some(WorldTile { x: 2949, z: 3380, level: 0 })
[nav-follow] here=WorldTile { x: 2945, z: 3376, level: 0 } walk=true transport=false leg=0 hops=1 outcome=None
[host] hitch livebla8g2_0: observe_us=18793 paints=0 skips=1925 ticks=103
[nav-walk] here=WorldTile { x: 2944, z: 3374, level: 0 } aim=WorldTile { x: 2943, z: 3372, level: 0 } radius=0 ticks_waited=4 sent_tile=Some(WorldTile { x: 2949, z: 3380, level: 0 })
[nav-follow] here=WorldTile { x: 2944, z: 3374, level: 0 } walk=true transport=false leg=0 hops=1 outcome=None
[host] hitch livebla8g2_0: observe_us=27592 paints=0 skips=1949 ticks=104
[host] slot livebla8g2_0: d_loop_us=1291 d_raster_us=0 d_observe_us=111081 max_observe_us=27592 d_paints=0 d_skips=50 d_ticks=3 window_ms=1308
[nav-walk] here=WorldTile { x: 2943, z: 3372, level: 0 } aim=WorldTile { x: 2943, z: 3372, level: 0 } radius=0 ticks_waited=5 sent_tile=Some(WorldTile { x: 2949, z: 3380, level: 0 })
[nav-follow] here=WorldTile { x: 2943, z: 3372, level: 0 } walk=false transport=false leg=1 hops=1 outcome=Some(Arrived { at: WorldTile { x: 2943, z: 3372, level: 0 } })
[host] hitch livebla8g2_0: observe_us=22626 paints=0 skips=1971 ticks=105
[script livebla8g2_0] interact WalkNear { x: 2945, z: 3367, level: 0, radius: 1, allow_teleports: false }
[nav-follow] here=WorldTile { x: 2943, z: 3372, level: 0 } walk=true transport=false leg=0 hops=1 outcome=None
[host] hitch livebla8g2_0: observe_us=18718 paints=0 skips=1994 ticks=106
[host] slot livebla8g2_0: d_loop_us=1070 d_raster_us=0 d_observe_us=101838 max_observe_us=22626 d_paints=0 d_skips=50 d_ticks=2 window_ms=1296
[nav-walk] here=WorldTile { x: 2943, z: 3370, level: 0 } aim=WorldTile { x: 2944, z: 3368, level: 0 } radius=0 ticks_waited=0 sent_tile=Some(WorldTile { x: 2943, z: 3372, level: 0 })
[nav-follow] here=WorldTile { x: 2943, z: 3370, level: 0 } walk=true transport=false leg=0 hops=1 outcome=None
[host] hitch livebla8g2_0: observe_us=24411 paints=0 skips=2018 ticks=107
[nav-walk] here=WorldTile { x: 2944, z: 3368, level: 0 } aim=WorldTile { x: 2944, z: 3368, level: 0 } radius=0 ticks_waited=1 sent_tile=Some(WorldTile { x: 2943, z: 3372, level: 0 })
[nav-follow] here=WorldTile { x: 2944, z: 3368, level: 0 } walk=false transport=false leg=1 hops=1 outcome=Some(Arrived { at: WorldTile { x: 2944, z: 3368, level: 0 } })
[host] hitch livebla8g2_0: observe_us=28329 paints=0 skips=2040 ticks=108
[script livebla8g2_0] interact OpenBooth { x: 2945, z: 3367, level: 0, id: 2213, name: Some("Bank booth"), action: Some("Use-quickly") }
[host] slot livebla8g2_0: d_loop_us=1036 d_raster_us=0 d_observe_us=100908 max_observe_us=28329 d_paints=0 d_skips=50 d_ticks=2 window_ms=1312
[host] hitch livebla8g2_0: observe_us=23529 paints=0 skips=2064 ticks=109
[host] hitch livebla8g2_0: observe_us=24921 paints=0 skips=2087 ticks=110
[host] slot livebla8g2_0: d_loop_us=1066 d_raster_us=0 d_observe_us=105523 max_observe_us=24921 d_paints=0 d_skips=50 d_ticks=2 window_ms=1257
[host] hitch livebla8g2_0: observe_us=22572 paints=0 skips=2110 ticks=111
[host] slot livebla8g2_0: d_loop_us=970 d_raster_us=0 d_observe_us=79507 max_observe_us=22572 d_paints=0 d_skips=50 d_ticks=2 window_ms=1309
[host] hitch livebla8g2_0: observe_us=21075 paints=0 skips=2157 ticks=113
[host] hitch livebla8g2_0: observe_us=25251 paints=0 skips=2179 ticks=114
[host] slot livebla8g2_0: d_loop_us=1056 d_raster_us=0 d_observe_us=98484 max_observe_us=25251 d_paints=0 d_skips=50 d_ticks=2 window_ms=1326
[host] hitch livebla8g2_0: observe_us=23247 paints=0 skips=2202 ticks=115
[host] hitch livebla8g2_0: observe_us=19432 paints=0 skips=2226 ticks=116
[host] hitch livebla8g2_0: observe_us=16398 paints=0 skips=2249 ticks=117
[host] slot livebla8g2_0: d_loop_us=930 d_raster_us=0 d_observe_us=94144 max_observe_us=23247 d_paints=0 d_skips=50 d_ticks=3 window_ms=1289
[script livebla8g2_0] could not open the bank — retrying
[host] slot livebla8g2_0: d_loop_us=1034 d_raster_us=0 d_observe_us=88859 max_observe_us=14184 d_paints=0 d_skips=50 d_ticks=2 window_ms=1285
[host] hitch livebla8g2_0: observe_us=17261 paints=0 skips=2318 ticks=120
[host] slot livebla8g2_0: d_loop_us=1011 d_raster_us=0 d_observe_us=85498 max_observe_us=17261 d_paints=0 d_skips=50 d_ticks=2 window_ms=1349
[host] slot livebla8g2_0: d_loop_us=1104 d_raster_us=0 d_observe_us=83149 max_observe_us=14048 d_paints=0 d_skips=50 d_ticks=2 window_ms=1296
[script livebla8g2_0] interact Close
[shim-close] sent
[host] slot livebla8g2_0: d_loop_us=986 d_raster_us=0 d_observe_us=75409 max_observe_us=11825 d_paints=0 d_skips=50 d_ticks=2 window_ms=1319
[script livebla8g2_0] interact WalkNear { x: 2949, z: 3381, level: 0, radius: 3, allow_teleports: false }
[nav-follow] here=WorldTile { x: 2945, z: 3368, level: 0 } walk=true transport=false leg=0 hops=1 outcome=None
[host] slot livebla8g2_0: d_loop_us=886 d_raster_us=0 d_observe_us=54871 max_observe_us=10162 d_paints=0 d_skips=50 d_ticks=3 window_ms=1300
[nav-walk] here=WorldTile { x: 2945, z: 3370, level: 0 } aim=WorldTile { x: 2948, z: 3379, level: 0 } radius=0 ticks_waited=0 sent_tile=Some(WorldTile { x: 2945, z: 3368, level: 0 })
[nav-follow] here=WorldTile { x: 2945, z: 3370, level: 0 } walk=true transport=false leg=0 hops=1 outcome=None
[nav-walk] here=WorldTile { x: 2945, z: 3372, level: 0 } aim=WorldTile { x: 2948, z: 3379, level: 0 } radius=0 ticks_waited=1 sent_tile=Some(WorldTile { x: 2945, z: 3368, level: 0 })
[nav-follow] here=WorldTile { x: 2945, z: 3372, level: 0 } walk=true transport=false leg=0 hops=1 outcome=None
[nav-walk] here=WorldTile { x: 2945, z: 3374, level: 0 } aim=WorldTile { x: 2948, z: 3379, level: 0 } radius=0 ticks_waited=2 sent_tile=Some(WorldTile { x: 2945, z: 3368, level: 0 })
[nav-follow] here=WorldTile { x: 2945, z: 3374, level: 0 } walk=true transport=false leg=0 hops=1 outcome=None
[host] slot livebla8g2_0: d_loop_us=883 d_raster_us=0 d_observe_us=73066 max_observe_us=13455 d_paints=0 d_skips=50 d_ticks=2 window_ms=1281
[nav-walk] here=WorldTile { x: 2947, z: 3374, level: 0 } aim=WorldTile { x: 2948, z: 3379, level: 0 } radius=0 ticks_waited=3 sent_tile=Some(WorldTile { x: 2945, z: 3368, level: 0 })
[nav-follow] here=WorldTile { x: 2947, z: 3374, level: 0 } walk=true transport=false leg=0 hops=1 outcome=None
[nav-walk] here=WorldTile { x: 2949, z: 3376, level: 0 } aim=WorldTile { x: 2948, z: 3379, level: 0 } radius=0 ticks_waited=4 sent_tile=Some(WorldTile { x: 2945, z: 3368, level: 0 })
[nav-follow] here=WorldTile { x: 2949, z: 3376, level: 0 } walk=true transport=false leg=0 hops=1 outcome=None
[host] slot livebla8g2_0: d_loop_us=959 d_raster_us=0 d_observe_us=63452 max_observe_us=15013 d_paints=0 d_skips=50 d_ticks=2 window_ms=1309
[nav-walk] here=WorldTile { x: 2949, z: 3378, level: 0 } aim=WorldTile { x: 2948, z: 3379, level: 0 } radius=0 ticks_waited=5 sent_tile=Some(WorldTile { x: 2945, z: 3368, level: 0 })
[nav-follow] here=WorldTile { x: 2949, z: 3378, level: 0 } walk=true transport=false leg=0 hops=1 outcome=None
[script livebla8g2_0] interact UseOn { name: "Vial", kind: "loc", target_name: Some("Fountain"), x: 2949, z: 3381, level: 0, index: None, source_item_id: Some(229), source_item_slot: Some(0), target_item_id: None, target_item_slot: None }
[nav-walk] here=WorldTile { x: 2949, z: 3380, level: 0 } aim=WorldTile { x: 2948, z: 3379, level: 0 } radius=0 ticks_waited=6 sent_tile=Some(WorldTile { x: 2945, z: 3368, level: 0 })
[nav-follow] here=WorldTile { x: 2949, z: 3380, level: 0 } walk=true transport=false leg=0 hops=1 outcome=None
[host] slot livebla8g2_0: d_loop_us=984 d_raster_us=0 d_observe_us=59086 max_observe_us=13208 d_paints=0 d_skips=50 d_ticks=2 window_ms=1342
[nav-walk] here=WorldTile { x: 2949, z: 3380, level: 0 } aim=WorldTile { x: 2948, z: 3379, level: 0 } radius=0 ticks_waited=7 sent_tile=Some(WorldTile { x: 2945, z: 3368, level: 0 })
[nav-follow] here=WorldTile { x: 2949, z: 3380, level: 0 } walk=true transport=false leg=0 hops=1 outcome=None
PASS: catalog_boundary_live: {"scenario":"vial_filler","runner":"Some(Evidence { scenario: \"vial_filler\", outcome: \"PASS\", predicate: \"has_item_id(227)>=1\", ticks: 160, elapsed_ms: 93872, message: None, tile: Some([2949, 3380, 0]), inv: [InvRow { id: 227, name: Some(\"Vial of water\"), count: 1 }, InvRow { id: 229, name: Some(\"Vial\"), count: 1 }, InvRow { id: 229, name: Some(\"Vial\"), count: 1 }, InvRow { id: 229, name: Some(\"Vial\"), count: 1 }, InvRow { id: 229, name: Some(\"Vial\"), count: 1 }, InvRow { id: 229, name: Some(\"Vial\"), count: 1 }, InvRow { id: 229, name: Some(\"Vial\"), count: 1 }, InvRow { id: 229, name: Some(\"Vial\"), count: 1 }, InvRow { id: 229, name: Some(\"Vial\"), count: 1 }, InvRow { id: 229, name: Some(\"Vial\"), count: 1 }, InvRow { id: 229, name: Some(\"Vial\"), count: 1 }, InvRow { id: 229, name: Some(\"Vial\"), count: 1 }, InvRow { id: 229, name: Some(\"Vial\"), count: 1 }, InvRow { id: 229, name: Some(\"Vial\"), count: 1 }, InvRow { id: 229, name: Some(\"Vial\"), count: 1 }, InvRow { id: 229, name: Some(\"Vial\"), count: 1 }, InvRow { id: 229, name: Some(\"Vial\"), count: 1 }, InvRow { id: 229, name: Some(\"Vial\"), count: 1 }, InvRow { id: 229, name: Some(\"Vial\"), count: 1 }, InvRow { id: 229, name: Some(\"Vial\"), count: 1 }, InvRow { id: 229, name: Some(\"Vial\"), count: 1 }, InvRow { id: 229, name: Some(\"Vial\"), count: 1 }, InvRow { id: 229, name: Some(\"Vial\"), count: 1 }, InvRow { id: 229, name: Some(\"Vial\"), count: 1 }, InvRow { id: 229, name: Some(\"Vial\"), count: 1 }, InvRow { id: 229, name: Some(\"Vial\"), count: 1 }, InvRow { id: 229, name: Some(\"Vial\"), count: 1 }, InvRow { id: 229, name: Some(\"Vial\"), count: 1 }], stat: Some(StatRow { runenergy: 84 }), chat: [ChatRow { text: \"You fill the vial from the fountain.\", username: None }, ChatRow { text: \"You fill the vial from the fountain.\", username: None }, ChatRow { text: \"You fill the vial from the fountain.\", username: None }, ChatRow { text: \"You fill the vial from the fountain.\", username: None }, ChatRow { text: \"You fill the vial from the fountain.\", username: None }, ChatRow { text: \"You fill the vial from the fountain.\", username: None }, ChatRow { text: \"You fill the vial from the fountain.\", username: None }, ChatRow { text: \"You fill the vial from the fountain.\", username: None }, ChatRow { text: \"You fill the vial from the fountain.\", username: None }, ChatRow { text: \"You fill the vial from the fountain.\", username: None }, ChatRow { text: \"You fill the vial from the fountain.\", username: None }, ChatRow { text: \"You fill the vial from the fountain.\", username: None }, ChatRow { text: \"You fill the vial from the fountain.\", username: None }, ChatRow { text: \"You fill the vial from the fountain.\", username: None }, ChatRow { text: \"You fill the vial from the fountain.\", username: None }, ChatRow { text: \"You fill the vial from the fountain.\", username: None }, ChatRow { text: \"You fill the vial from the fountain.\", username: None }, ChatRow { text: \"You fill the vial from the fountain.\", username: None }, ChatRow { text: \"You fill the vial from the fountain.\", username: None }, ChatRow { text: \"You fill the vial from the fountain.\", username: None }, ChatRow { text: \"You fill the vial from the fountain.\", username: None }, ChatRow { text: \"You fill the vial from the fountain.\", username: None }, ChatRow { text: \"You fill the vial from the fountain.\", username: None }, ChatRow { text: \"You fill the vial from the fountain.\", username: None }, ChatRow { text: \"You fill the vial from the fountain.\", username: None }, ChatRow { text: \"You fill the vial from the fountain.\", username: None }, ChatRow { text: \"You fill the vial from the fountain.\", username: None }, ChatRow { text: \"You fill the vial from the fountain.\", username: None }, ChatRow { text: \"You fill the vial from the fountain.\", username: None }, ChatRow { text: \"Inventory wiped.\", username: None }, ChatRow { text: \"set tutorial: to 1000\", username: None }, ChatRow { text: \"Welcome to RuneScape.\", username: None }], scene: 2 })","core":{"case":"vial_filler","baseline":{"ingame":true,"scene_state":2,"player":"Livebla8g2 0","tile":[2946,3368,0],"tick":22,"items":{},"item_ids":{},"bank":{},"bank_ids":{},"bank_open":false,"bank_loaded":false,"bank_generation":2,"levels":{"-unused-":0,"agility":1,"attack":1,"cooking":1,"crafting":1,"defence":1,"firemaking":1,"fishing":1,"fletching":1,"herblore":1,"hitpoints":10,"magic":1,"mining":1,"prayer":1,"ranged":1,"runecraft":1,"slayer":1,"smithing":1,"strength":1,"thieving":1,"woodcutting":1},"xp":{"-unused-":0,"agility":0,"attack":0,"cooking":0,"crafting":0,"defence":0,"firemaking":0,"fishing":0,"fletching":0,"herblore":0,"hitpoints":1154,"magic":0,"mining":0,"prayer":0,"ranged":0,"runecraft":0,"slayer":0,"smithing":0,"strength":0,"thieving":0,"woodcutting":0},"chat":[[7,"Inventory wiped."],[6,"set tutorial: to 1000"],[5,"Welcome to RuneScape."]],"loc_facts":[],"equipment_ids":{},"main_modal":-1,"widget_ids":[3213,3214]},"latest":{"ingame":true,"scene_state":2,"player":"Livebla8g2 0","tile":[2949,3380,0],"tick":135,"items":{"Vial":27,"Vial of water":1},"item_ids":{"227":1,"229":27},"bank":{},"bank_ids":{},"bank_open":false,"bank_loaded":false,"bank_generation":6,"levels":{"-unused-":0,"agility":1,"attack":1,"cooking":1,"crafting":1,"defence":1,"firemaking":1,"fishing":1,"fletching":1,"herblore":1,"hitpoints":10,"magic":1,"mining":1,"prayer":1,"ranged":1,"runecraft":1,"slayer":1,"smithing":1,"strength":1,"thieving":1,"woodcutting":1},"xp":{"-unused-":0,"agility":0,"attack":0,"cooking":0,"crafting":0,"defence":0,"firemaking":0,"fishing":0,"fletching":0,"herblore":0,"hitpoints":1154,"magic":0,"mining":0,"prayer":0,"ranged":0,"runecraft":0,"slayer":0,"smithing":0,"strength":0,"thieving":0,"woodcutting":0},"chat":[[36,"You fill the vial from the fountain."],[35,"You fill the vial from the fountain."],[34,"You fill the vial from the fountain."],[33,"You fill the vial from the fountain."],[32,"You fill the vial from the fountain."],[31,"You fill the vial from the fountain."],[30,"You fill the vial from the fountain."],[29,"You fill the vial from the fountain."],[28,"You fill the vial from the fountain."],[27,"You fill the vial from the fountain."],[26,"You fill the vial from the fountain."],[25,"You fill the vial from the fountain."],[24,"You fill the vial from the fountain."],[23,"You fill the vial from the fountain."],[22,"You fill the vial from the fountain."],[21,"You fill the vial from the fountain."],[20,"You fill the vial from the fountain."],[19,"You fill the vial from the fountain."],[18,"You fill the vial from the fountain."],[17,"You fill the vial from the fountain."],[16,"You fill the vial from the fountain."],[15,"You fill the vial from the fountain."],[14,"You fill the vial from the fountain."],[13,"You fill the vial from the fountain."],[12,"You fill the vial from the fountain."],[11,"You fill the vial from the fountain."],[10,"You fill the vial from the fountain."],[9,"You fill the vial from the fountain."],[8,"You fill the vial from the fountain."],[7,"Inventory wiped."],[6,"set tutorial: to 1000"],[5,"Welcome to RuneScape."]],"loc_facts":[{"id":1530,"x":2947,"z":3379,"level":0,"name":"Door","open":true},{"id":1531,"x":2950,"z":3385,"level":0,"name":"Door","open":false},{"id":1531,"x":2956,"z":3378,"level":0,"name":"Door","open":false}],"equipment_ids":{},"main_modal":-1,"widget_ids":[3213,3214]},"max_items":{"Vial":28,"Vial of water":28},"max_xp":{"-unused-":0,"agility":0,"attack":0,"cooking":0,"crafting":0,"defence":0,"firemaking":0,"fishing":0,"fletching":0,"herblore":0,"hitpoints":1154,"magic":0,"mining":0,"prayer":0,"ranged":0,"runecraft":0,"slayer":0,"smithing":0,"strength":0,"thieving":0,"woodcutting":0},"saw_bury_chat":false,"post_start_observations":2565,"bone_bank_cycle":{"first_batch_buried":false,"opened":null,"withdrawn":null,"buried_after_withdrawal":false},"bank_fletcher_cycle":{"first_pack_created":false,"deposited":null,"withdrawn":null,"crafted_after_withdrawal":false},"bank_fletcher_string_cycle":{"initial_pairs_strung":false,"deposited":null,"withdrawn":null,"strung_after_withdrawal":false},"bank_fletcher_cut_string_cycle":{"cut_pair_created":false,"deposited":null,"withdrawn":null,"string_pair_created":false},"alcher_generated_custom_cycle":{"withdrawn":null,"consumed":false},"dart_fletcher_cycle":{"first":null,"further":false,"wrong_tier":false},"herb_cleaner_cycle":{"first_pack":false,"deposited":null,"withdrawn":null,"cleaned_after_withdrawal":false,"filter_violated":false},"gem_cutter_cycle":{"first_pack":false,"deposited":null,"withdrawn":null,"cut_after_withdrawal":false,"filter_violated":false},"door_opener_cycle":{"selected":null,"opened":false},"gnome_course_cycle":{"log":null,"ground_return":null,"pipe":null,"second_lap":false},"flax_picker_cycle":{"first_pack":false,"deposited":null,"returned":false,"further":false},"superheater_cycle":{"first_bars":false,"deposited":null,"withdrawn":null,"produced_after_withdrawal":false,"wrong_product":false,"wrong_staff":false},"chicken_killer_bank_cycle":{"combat_loot":false,"deposited":null,"returned":false,"further":false},"vial_filler_cycle":{"filled":{"ingame":true,"scene_state":2,"player":"Livebla8g2 0","tile":[2949,3380,0],"tick":41,"items":{"Vial":27,"Vial of water":1},"item_ids":{"227":1,"229":27},"bank":{},"bank_ids":{},"bank_open":false,"bank_loaded":false,"bank_generation":4,"levels":{"-unused-":0,"agility":1,"attack":1,"cooking":1,"crafting":1,"defence":1,"firemaking":1,"fishing":1,"fletching":1,"herblore":1,"hitpoints":10,"magic":1,"mining":1,"prayer":1,"ranged":1,"runecraft":1,"slayer":1,"smithing":1,"strength":1,"thieving":1,"woodcutting":1},"xp":{"-unused-":0,"agility":0,"attack":0,"cooking":0,"crafting":0,"defence":0,"firemaking":0,"fishing":0,"fletching":0,"herblore":0,"hitpoints":1154,"magic":0,"mining":0,"prayer":0,"ranged":0,"runecraft":0,"slayer":0,"smithing":0,"strength":0,"thieving":0,"woodcutting":0},"chat":[[8,"You fill the vial from the fountain."],[7,"Inventory wiped."],[6,"set tutorial: to 1000"],[5,"Welcome to RuneScape."]],"loc_facts":[{"id":1530,"x":2947,"z":3379,"level":0,"name":"Door","open":true},{"id":1531,"x":2950,"z":3385,"level":0,"name":"Door","open":false},{"id":1531,"x":2956,"z":3378,"level":0,"name":"Door","open":false}],"equipment_ids":{},"main_modal":-1,"widget_ids":[3213,3214]},"deposited":{"ingame":true,"scene_state":2,"player":"Livebla8g2 0","tile":[2945,3368,0],"tick":120,"items":{},"item_ids":{},"bank":{"Vial":28,"Vial of water":28},"bank_ids":{"227":28,"229":28},"bank_open":true,"bank_loaded":true,"bank_generation":5,"levels":{"-unused-":0,"agility":1,"attack":1,"cooking":1,"crafting":1,"defence":1,"firemaking":1,"fishing":1,"fletching":1,"herblore":1,"hitpoints":10,"magic":1,"mining":1,"prayer":1,"ranged":1,"runecraft":1,"slayer":1,"smithing":1,"strength":1,"thieving":1,"woodcutting":1},"xp":{"-unused-":0,"agility":0,"attack":0,"cooking":0,"crafting":0,"defence":0,"firemaking":0,"fishing":0,"fletching":0,"herblore":0,"hitpoints":1154,"magic":0,"mining":0,"prayer":0,"ranged":0,"runecraft":0,"slayer":0,"smithing":0,"strength":0,"thieving":0,"woodcutting":0},"chat":[[35,"You fill the vial from the fountain."],[34,"You fill the vial from the fountain."],[33,"You fill the vial from the fountain."],[32,"You fill the vial from the fountain."],[31,"You fill the vial from the fountain."],[30,"You fill the vial from the fountain."],[29,"You fill the vial from the fountain."],[28,"You fill the vial from the fountain."],[27,"You fill the vial from the fountain."],[26,"You fill the vial from the fountain."],[25,"You fill the vial from the fountain."],[24,"You fill the vial from the fountain."],[23,"You fill the vial from the fountain."],[22,"You fill the vial from the fountain."],[21,"You fill the vial from the fountain."],[20,"You fill the vial from the fountain."],[19,"You fill the vial from the fountain."],[18,"You fill the vial from the fountain."],[17,"You fill the vial from the fountain."],[16,"You fill the vial from the fountain."],[15,"You fill the vial from the fountain."],[14,"You fill the vial from the fountain."],[13,"You fill the vial from the fountain."],[12,"You fill the vial from the fountain."],[11,"You fill the vial from the fountain."],[10,"You fill the vial from the fountain."],[9,"You fill the vial from the fountain."],[8,"You fill the vial from the fountain."],[7,"Inventory wiped."],[6,"set tutorial: to 1000"],[5,"Welcome to RuneScape."]],"loc_facts":[],"equipment_ids":{},"main_modal":5292,"widget_ids":[2005,2006,5292,5293,5294,5295,5296,5297,5298,5299,5300,5301,5302,5303,5304,5305,5306,5307,5308,5309,5310,5311,5312,5313,5314,5315,5316,5317,5318,5319,5320,5321,5322,5323,5324,5325,5326,5327,5328,5329,5330,5331,5332,5333,5334,5335,5336,5337,5338,5339,5340,5341,5342,5343,5344,5345,5346,5347,5348,5349,5350,5351,5352,5353,5354,5355,5356,5357,5358,5359,5360,5361,5362,5363,5364,5365,5366,5367,5368,5369,5370,5371,5372,5373,5374,5375,5376,5377,5378,5379,5380,5381,5382,5383,5384,5385,5386,5387,5388,5389,5390,5391,8130,8131,8132,8133]},"withdrawn":{"ingame":true,"scene_state":2,"player":"Livebla8g2 0","tile":[2945,3368,0],"tick":125,"items":{"Vial":28},"item_ids":{"229":28},"bank":{"Vial of water":28},"bank_ids":{"227":28},"bank_open":true,"bank_loaded":true,"bank_generation":5,"levels":{"-unused-":0,"agility":1,"attack":1,"cooking":1,"crafting":1,"defence":1,"firemaking":1,"fishing":1,"fletching":1,"herblore":1,"hitpoints":10,"magic":1,"mining":1,"prayer":1,"ranged":1,"runecraft":1,"slayer":1,"smithing":1,"strength":1,"thieving":1,"woodcutting":1},"xp":{"-unused-":0,"agility":0,"attack":0,"cooking":0,"crafting":0,"defence":0,"firemaking":0,"fishing":0,"fletching":0,"herblore":0,"hitpoints":1154,"magic":0,"mining":0,"prayer":0,"ranged":0,"runecraft":0,"slayer":0,"smithing":0,"strength":0,"thieving":0,"woodcutting":0},"chat":[[35,"You fill the vial from the fountain."],[34,"You fill the vial from the fountain."],[33,"You fill the vial from the fountain."],[32,"You fill the vial from the fountain."],[31,"You fill the vial from the fountain."],[30,"You fill the vial from the fountain."],[29,"You fill the vial from the fountain."],[28,"You fill the vial from the fountain."],[27,"You fill the vial from the fountain."],[26,"You fill the vial from the fountain."],[25,"You fill the vial from the fountain."],[24,"You fill the vial from the fountain."],[23,"You fill the vial from the fountain."],[22,"You fill the vial from the fountain."],[21,"You fill the vial from the fountain."],[20,"You fill the vial from the fountain."],[19,"You fill the vial from the fountain."],[18,"You fill the vial from the fountain."],[17,"You fill the vial from the fountain."],[16,"You fill the vial from the fountain."],[15,"You fill the vial from the fountain."],[14,"You fill the vial from the fountain."],[13,"You fill the vial from the fountain."],[12,"You fill the vial from the fountain."],[11,"You fill the vial from the fountain."],[10,"You fill the vial from the fountain."],[9,"You fill the vial from the fountain."],[8,"You fill the vial from the fountain."],[7,"Inventory wiped."],[6,"set tutorial: to 1000"],[5,"Welcome to RuneScape."]],"loc_facts":[],"equipment_ids":{},"main_modal":5292,"widget_ids":[2005,2006,5292,5293,5294,5295,5296,5297,5298,5299,5300,5301,5302,5303,5304,5305,5306,5307,5308,5309,5310,5311,5312,5313,5314,5315,5316,5317,5318,5319,5320,5321,5322,5323,5324,5325,5326,5327,5328,5329,5330,5331,5332,5333,5334,5335,5336,5337,5338,5339,5340,5341,5342,5343,5344,5345,5346,5347,5348,5349,5350,5351,5352,5353,5354,5355,5356,5357,5358,5359,5360,5361,5362,5363,5364,5365,5366,5367,5368,5369,5370,5371,5372,5373,5374,5375,5376,5377,5378,5379,5380,5381,5382,5383,5384,5385,5386,5387,5388,5389,5390,5391,8130,8131,8132,8133]},"returned":true,"further":true},"potion_maker_cycle":{"unfinished":null,"finished":null,"deposited":null,"withdrawn":null,"further":false,"wrong_product":false,"filter_violated":false},"tanner_bot_cycle":{"widget":null,"tanned":null,"deposited":null,"withdrawn":null,"returned":false,"further":false,"wrong_product":false,"shop":false},"rune_crafter_cycle":{"withdrawn":null,"entered":null,"crafted":null,"exited":null,"deposited":null,"restocked":null,"returned":false,"further":false,"wrong_product":false,"noted":false},"ordered_first_exhausted":false}}
test catalog_boundary_live ... ok

test result: ok. 1 passed; 0 failed; 0 ignored; 0 measured; 25 filtered out; finished in 97.01s

