
running 1 test
{"phase":"identity","revision":289,"profile":"local-289 · 127.0.0.1:44594 · revision 289","cache_id":"c4d8ab36bcfd2a7907535b4f619e28623b0a22e98d496fd2a9620d544c5b5b09","nav_pack":"/Users/acfrazier/experiments/274bot/.worktrees/rs2b0t-multirevision/.superpowers/world-capabilities/289/274bot.navpack","nav_sha256":"131db92e32eddcb08148909d477589544320fe7e34a422e8004e97e888032924","catalog_commit":"100adccc037d9f6898080e1cad58fcfc43364775","catalog_identity":"pre-289 frozen catalog","catalog_read_only_path":".superpowers/inputs/rs2b0t-100adccc037d9f6898080e1cad58fcfc43364775","catalog_root":"/Users/acfrazier/experiments/274bot/.worktrees/rs2b0t-multirevision/.superpowers/inputs/rs2b0t-100adccc037d9f6898080e1cad58fcfc43364775","registry_path":"/Users/acfrazier/experiments/274bot/.worktrees/rs2b0t-multirevision/.superpowers/inputs/rs2b0t-100adccc037d9f6898080e1cad58fcfc43364775/src/bot/scripts/index.ts","registry_sha256":"b614aedb3d5adfdfbac3760f082273f3cf5c33fffe4ced0f2b01490ae02d1bc2","card":{"card":"ArdyCakes","source_path":"/Users/acfrazier/experiments/274bot/.worktrees/rs2b0t-multirevision/.superpowers/inputs/rs2b0t-100adccc037d9f6898080e1cad58fcfc43364775/src/bot/scripts/ArdyCakes/ArdyCakes.ts","source_sha256":"f19ce19422c16e337fdc30678b93772054ee907a35297a1cd4a8f6fb062943d7","compiled_sha256":"5d93138a60f7176c0af7241018d5a83d5ea11951edd85e7827140df3bfafd529","siblings":[],"settings":{"guardResponse":"Flee","solveClues":false}},"account":"livei9z6k9_0","engine_speed_ms":null}
[host-play] slot livei9z6k9_0: thread up
274bot: snapshot load skipped: read /Users/acfrazier/.274bot/unpack-289/37214163f1e6ceca/models.bin: No such file or directory (os error 2)
[host-play] slot livei9z6k9_0: handshake begin reconnect=false
[host-play] slot livei9z6k9_0: handshake ok
[host] slot livei9z6k9_0: d_loop_us=2509 d_raster_us=0 d_observe_us=26484 max_observe_us=2538 d_paints=0 d_skips=50 d_ticks=1 window_ms=0
[host-play] slot livei9z6k9_0: queued mainland tele+setvar (scene 2)
[host-play] slot livei9z6k9_0: handshake begin reconnect=true
[host-play] slot livei9z6k9_0: handshake ok
[host] slot livei9z6k9_0: d_loop_us=1129 d_raster_us=0 d_observe_us=42880 max_observe_us=4571 d_paints=0 d_skips=50 d_ticks=1 window_ms=0
[host-play] slot livei9z6k9_0: queued mainland tele+setvar (scene 2)
{"phase":"baseline-after-preparation","scenario":"ardy_cakes","account":"livei9z6k9_0","observation":{"ingame":true,"scene_state":2,"player":"Livei9z6k9 0","tile":[2668,3312,0],"tick":19,"items":{},"item_ids":{},"bank":{},"bank_ids":{},"bank_open":false,"bank_loaded":false,"bank_generation":0,"levels":{"-unused-":0,"agility":1,"attack":1,"cooking":1,"crafting":1,"defence":1,"firemaking":1,"fishing":1,"fletching":1,"herblore":1,"hitpoints":40,"magic":1,"mining":1,"prayer":1,"ranged":1,"runecraft":1,"slayer":1,"smithing":1,"strength":1,"thieving":5,"woodcutting":1},"xp":{"-unused-":0,"agility":0,"attack":0,"cooking":0,"crafting":0,"defence":0,"firemaking":0,"fishing":0,"fletching":0,"herblore":0,"hitpoints":37224,"magic":0,"mining":0,"prayer":0,"ranged":0,"runecraft":0,"slayer":0,"smithing":0,"strength":0,"thieving":388,"woodcutting":0},"chat":[[7,"Inventory wiped."],[6,"set tutorial: to 1000"],[5,"Welcome to RuneScape."]],"loc_facts":[{"id":1530,"x":2669,"z":3316,"level":0,"name":"Door","open":true},{"id":1530,"x":2670,"z":3320,"level":0,"name":"Door","open":true},{"id":2551,"x":2674,"z":3304,"level":0,"name":"Door","open":true},{"id":2550,"x":2674,"z":3305,"level":0,"name":"Door","open":true}],"equipment_ids":{},"main_modal":-1,"widget_ids":[3213,3214]}}
[script livei9z6k9_0] start load
{"phase":"start","account":"livei9z6k9_0","count":1}
[host] hitch livei9z6k9_0: observe_us=95377 paints=0 skips=94 ticks=19
[script livei9z6k9_0] ArdyCakes starting — stand (2668, 3312, 0), bank (2655, 3286, 0), flee mode
[script livei9z6k9_0] interact Loc { x: 2667, z: 3310, level: 0, action: "Steal from", id: Some(2561) }
[host] slot livei9z6k9_0: d_loop_us=26910 d_raster_us=0 d_observe_us=188787 max_observe_us=95377 d_paints=0 d_skips=50 d_ticks=19 window_ms=11525
[host] hitch livei9z6k9_0: observe_us=34606 paints=0 skips=143 ticks=22
[host] slot livei9z6k9_0: d_loop_us=1459 d_raster_us=0 d_observe_us=98041 max_observe_us=34606 d_paints=0 d_skips=50 d_ticks=2 window_ms=1207
[script livei9z6k9_0] steal pass made no progress — re-entering
[script livei9z6k9_0] steal pass made no progress — re-entering
[host] slot livei9z6k9_0: d_loop_us=5804 d_raster_us=0 d_observe_us=66633 max_observe_us=12442 d_paints=0 d_skips=50 d_ticks=2 window_ms=1185
[script livei9z6k9_0] steal pass made no progress — re-entering
[script livei9z6k9_0] steal pass made no progress — re-entering
[host] slot livei9z6k9_0: d_loop_us=1376 d_raster_us=0 d_observe_us=78160 max_observe_us=15315 d_paints=0 d_skips=50 d_ticks=2 window_ms=1182
[script livei9z6k9_0] steal pass made no progress — re-entering
[host] hitch livei9z6k9_0: observe_us=31194 paints=0 skips=294 ticks=28
[script livei9z6k9_0] interact Loc { x: 2667, z: 3310, level: 0, action: "Steal from", id: Some(2561) }
[host] slot livei9z6k9_0: d_loop_us=1381 d_raster_us=0 d_observe_us=87143 max_observe_us=31194 d_paints=0 d_skips=50 d_ticks=2 window_ms=1199
[host] hitch livei9z6k9_0: observe_us=18183 paints=0 skips=318 ticks=29
[host] hitch livei9z6k9_0: observe_us=18974 paints=0 skips=344 ticks=30
[host] slot livei9z6k9_0: d_loop_us=1266 d_raster_us=0 d_observe_us=75314 max_observe_us=18974 d_paints=0 d_skips=50 d_ticks=2 window_ms=1190
[script livei9z6k9_0] steal pass made no progress — re-entering
[host] hitch livei9z6k9_0: observe_us=17357 paints=0 skips=395 ticks=32
[script livei9z6k9_0] steal pass made no progress — re-entering
[host] slot livei9z6k9_0: d_loop_us=1296 d_raster_us=0 d_observe_us=80851 max_observe_us=17357 d_paints=0 d_skips=50 d_ticks=2 window_ms=1179
[script livei9z6k9_0] steal pass made no progress — re-entering
[host] hitch livei9z6k9_0: observe_us=17061 paints=0 skips=446 ticks=34
[script livei9z6k9_0] steal pass made no progress — re-entering
[host] slot livei9z6k9_0: d_loop_us=1492 d_raster_us=0 d_observe_us=84447 max_observe_us=17061 d_paints=0 d_skips=50 d_ticks=2 window_ms=1162
[host] hitch livei9z6k9_0: observe_us=18616 paints=0 skips=472 ticks=35
[script livei9z6k9_0] steal pass made no progress — re-entering
[host] hitch livei9z6k9_0: observe_us=18450 paints=0 skips=497 ticks=36
[host] slot livei9z6k9_0: d_loop_us=1601 d_raster_us=0 d_observe_us=84565 max_observe_us=18616 d_paints=0 d_skips=50 d_ticks=2 window_ms=1185
[script livei9z6k9_0] interact Loc { x: 2667, z: 3310, level: 0, action: "Steal from", id: Some(2561) }
[host] hitch livei9z6k9_0: observe_us=35459 paints=0 skips=548 ticks=38
[host] slot livei9z6k9_0: d_loop_us=1286 d_raster_us=0 d_observe_us=88500 max_observe_us=35459 d_paints=0 d_skips=50 d_ticks=2 window_ms=1199
[script livei9z6k9_0] steal pass made no progress — re-entering
[host] hitch livei9z6k9_0: observe_us=19809 paints=0 skips=572 ticks=39
[script livei9z6k9_0] steal pass made no progress — re-entering
[script livei9z6k9_0] steal pass made no progress — re-entering
[host] slot livei9z6k9_0: d_loop_us=1359 d_raster_us=0 d_observe_us=81443 max_observe_us=19809 d_paints=0 d_skips=50 d_ticks=2 window_ms=1178
[host] hitch livei9z6k9_0: observe_us=16377 paints=0 skips=624 ticks=41
[script livei9z6k9_0] steal pass made no progress — re-entering
[host] hitch livei9z6k9_0: observe_us=16676 paints=0 skips=649 ticks=42
[host] slot livei9z6k9_0: d_loop_us=1597 d_raster_us=0 d_observe_us=97127 max_observe_us=16676 d_paints=0 d_skips=50 d_ticks=2 window_ms=1185
[script livei9z6k9_0] steal pass made no progress — re-entering
[host] hitch livei9z6k9_0: observe_us=19141 paints=0 skips=675 ticks=43
[script livei9z6k9_0] steal pass made no progress — re-entering
[host] slot livei9z6k9_0: d_loop_us=4899 d_raster_us=0 d_observe_us=81447 max_observe_us=19141 d_paints=0 d_skips=50 d_ticks=2 window_ms=1158
[host] hitch livei9z6k9_0: observe_us=23833 paints=0 skips=700 ticks=44
[script livei9z6k9_0] interact Loc { x: 2667, z: 3310, level: 0, action: "Steal from", id: Some(2561) }
[host] slot livei9z6k9_0: d_loop_us=1127 d_raster_us=0 d_observe_us=70639 max_observe_us=23833 d_paints=0 d_skips=50 d_ticks=2 window_ms=1198
[host] hitch livei9z6k9_0: observe_us=28354 paints=0 skips=750 ticks=46
[script livei9z6k9_0] steal pass made no progress — re-entering
[host] slot livei9z6k9_0: d_loop_us=1271 d_raster_us=0 d_observe_us=89115 max_observe_us=28354 d_paints=0 d_skips=50 d_ticks=1 window_ms=1191
[script livei9z6k9_0] steal pass made no progress — re-entering
[script livei9z6k9_0] steal pass made no progress — re-entering
[host] slot livei9z6k9_0: d_loop_us=1118 d_raster_us=0 d_observe_us=50653 max_observe_us=8410 d_paints=0 d_skips=50 d_ticks=2 window_ms=1193
[script livei9z6k9_0] steal pass made no progress — re-entering
[script livei9z6k9_0] steal pass made no progress — re-entering
[host] slot livei9z6k9_0: d_loop_us=1471 d_raster_us=0 d_observe_us=66901 max_observe_us=11229 d_paints=0 d_skips=50 d_ticks=3 window_ms=1211
[host] hitch livei9z6k9_0: observe_us=31578 paints=0 skips=900 ticks=52
[script livei9z6k9_0] interact Loc { x: 2667, z: 3310, level: 0, action: "Steal from", id: Some(2561) }
[host] hitch livei9z6k9_0: observe_us=16600 paints=0 skips=925 ticks=53
[host] slot livei9z6k9_0: d_loop_us=1489 d_raster_us=0 d_observe_us=90611 max_observe_us=31578 d_paints=0 d_skips=50 d_ticks=2 window_ms=1207
[host] hitch livei9z6k9_0: observe_us=29407 paints=0 skips=950 ticks=54
[script livei9z6k9_0] steal pass made no progress — re-entering
[host] slot livei9z6k9_0: d_loop_us=1363 d_raster_us=0 d_observe_us=88458 max_observe_us=29407 d_paints=0 d_skips=50 d_ticks=2 window_ms=1220
[script livei9z6k9_0] steal pass made no progress — re-entering
[script livei9z6k9_0] steal pass made no progress — re-entering
[host] slot livei9z6k9_0: d_loop_us=1068 d_raster_us=0 d_observe_us=37144 max_observe_us=7871 d_paints=0 d_skips=50 d_ticks=2 window_ms=1193
[script livei9z6k9_0] steal pass made no progress — re-entering
[script livei9z6k9_0] steal pass made no progress — re-entering
[host] slot livei9z6k9_0: d_loop_us=1313 d_raster_us=0 d_observe_us=68085 max_observe_us=14110 d_paints=0 d_skips=50 d_ticks=2 window_ms=1202
[host] hitch livei9z6k9_0: observe_us=32392 paints=0 skips=1100 ticks=60
[script livei9z6k9_0] interact Loc { x: 2667, z: 3310, level: 0, action: "Steal from", id: Some(2561) }
[host] hitch livei9z6k9_0: observe_us=17007 paints=0 skips=1124 ticks=61
[host] hitch livei9z6k9_0: observe_us=32503 paints=0 skips=1149 ticks=62
[host] slot livei9z6k9_0: d_loop_us=1270 d_raster_us=0 d_observe_us=129052 max_observe_us=32503 d_paints=0 d_skips=50 d_ticks=2 window_ms=1248
[host] hitch livei9z6k9_0: observe_us=20482 paints=0 skips=1173 ticks=63
[script livei9z6k9_0] steal pass made no progress — re-entering
[script livei9z6k9_0] steal pass made no progress — re-entering
[host] slot livei9z6k9_0: d_loop_us=1341 d_raster_us=0 d_observe_us=78532 max_observe_us=20482 d_paints=0 d_skips=50 d_ticks=2 window_ms=1183
[script livei9z6k9_0] steal pass made no progress — re-entering
[script livei9z6k9_0] steal pass made no progress — re-entering
[host] slot livei9z6k9_0: d_loop_us=1479 d_raster_us=0 d_observe_us=85841 max_observe_us=15996 d_paints=0 d_skips=50 d_ticks=2 window_ms=1204
[host] hitch livei9z6k9_0: observe_us=19175 paints=0 skips=1273 ticks=67
[script livei9z6k9_0] steal pass made no progress — re-entering
[host] hitch livei9z6k9_0: observe_us=31416 paints=0 skips=1298 ticks=68
[host] slot livei9z6k9_0: d_loop_us=1496 d_raster_us=0 d_observe_us=105397 max_observe_us=31416 d_paints=0 d_skips=50 d_ticks=2 window_ms=1208
[script livei9z6k9_0] interact Loc { x: 2667, z: 3310, level: 0, action: "Steal from", id: Some(2561) }
[host] hitch livei9z6k9_0: observe_us=25526 paints=0 skips=1348 ticks=70
[host] slot livei9z6k9_0: d_loop_us=1588 d_raster_us=0 d_observe_us=87786 max_observe_us=25526 d_paints=0 d_skips=50 d_ticks=2 window_ms=1197
[script livei9z6k9_0] steal pass made no progress — re-entering
[script livei9z6k9_0] steal pass made no progress — re-entering
[host] slot livei9z6k9_0: d_loop_us=1190 d_raster_us=0 d_observe_us=63756 max_observe_us=13440 d_paints=0 d_skips=50 d_ticks=2 window_ms=1191
test catalog_boundary_live has been running for over 60 seconds
[script livei9z6k9_0] steal pass made no progress — re-entering
[script livei9z6k9_0] steal pass made no progress — re-entering
[host] slot livei9z6k9_0: d_loop_us=1309 d_raster_us=0 d_observe_us=71546 max_observe_us=14435 d_paints=0 d_skips=50 d_ticks=2 window_ms=1199
[script livei9z6k9_0] steal pass made no progress — re-entering
[host] hitch livei9z6k9_0: observe_us=22507 paints=0 skips=1498 ticks=76
[host] slot livei9z6k9_0: d_loop_us=1320 d_raster_us=0 d_observe_us=69512 max_observe_us=22507 d_paints=0 d_skips=50 d_ticks=2 window_ms=1193
[script livei9z6k9_0] interact Loc { x: 2667, z: 3310, level: 0, action: "Steal from", id: Some(2561) }
[host] hitch livei9z6k9_0: observe_us=35286 paints=0 skips=1549 ticks=78
[host] slot livei9z6k9_0: d_loop_us=1146 d_raster_us=0 d_observe_us=85295 max_observe_us=35286 d_paints=0 d_skips=50 d_ticks=2 window_ms=1242
[script livei9z6k9_0] steal pass made no progress — re-entering
[script livei9z6k9_0] interact ContinueDialog
[host] slot livei9z6k9_0: d_loop_us=1258 d_raster_us=0 d_observe_us=73269 max_observe_us=15879 d_paints=0 d_skips=50 d_ticks=2 window_ms=1174
[script livei9z6k9_0] steal pass made no progress — re-entering
[script livei9z6k9_0] steal pass made no progress — re-entering
[host] slot livei9z6k9_0: d_loop_us=1390 d_raster_us=0 d_observe_us=76570 max_observe_us=15645 d_paints=0 d_skips=50 d_ticks=2 window_ms=1202
[host] hitch livei9z6k9_0: observe_us=17453 paints=0 skips=1672 ticks=83
[script livei9z6k9_0] steal pass made no progress — re-entering
[host] hitch livei9z6k9_0: observe_us=31985 paints=0 skips=1698 ticks=84
[host] slot livei9z6k9_0: d_loop_us=1301 d_raster_us=0 d_observe_us=107236 max_observe_us=31985 d_paints=0 d_skips=50 d_ticks=2 window_ms=1197
[script livei9z6k9_0] interact Loc { x: 2667, z: 3310, level: 0, action: "Steal from", id: Some(2561) }
[host] hitch livei9z6k9_0: observe_us=27951 paints=0 skips=1747 ticks=86
[host] slot livei9z6k9_0: d_loop_us=1427 d_raster_us=0 d_observe_us=92854 max_observe_us=27951 d_paints=0 d_skips=50 d_ticks=2 window_ms=1221
[host] hitch livei9z6k9_0: observe_us=17702 paints=0 skips=1772 ticks=87
[script livei9z6k9_0] steal pass made no progress — re-entering
[script livei9z6k9_0] steal pass made no progress — re-entering
[host] slot livei9z6k9_0: d_loop_us=1487 d_raster_us=0 d_observe_us=79025 max_observe_us=17702 d_paints=0 d_skips=50 d_ticks=2 window_ms=1204
[script livei9z6k9_0] steal pass made no progress — re-entering
[script livei9z6k9_0] steal pass made no progress — re-entering
[host] slot livei9z6k9_0: d_loop_us=1486 d_raster_us=0 d_observe_us=92338 max_observe_us=13497 d_paints=0 d_skips=50 d_ticks=2 window_ms=1180
[script livei9z6k9_0] steal pass made no progress — re-entering
[host] hitch livei9z6k9_0: observe_us=32424 paints=0 skips=1898 ticks=92
[host] slot livei9z6k9_0: d_loop_us=1541 d_raster_us=0 d_observe_us=102651 max_observe_us=32424 d_paints=0 d_skips=50 d_ticks=2 window_ms=1203
[script livei9z6k9_0] interact Loc { x: 2667, z: 3310, level: 0, action: "Steal from", id: Some(2561) }
[host] slot livei9z6k9_0: d_loop_us=1357 d_raster_us=0 d_observe_us=75725 max_observe_us=15682 d_paints=0 d_skips=50 d_ticks=2 window_ms=1201
[host] hitch livei9z6k9_0: observe_us=16299 paints=0 skips=1997 ticks=96
[script livei9z6k9_0] guard caught the steal — handling per guardResponse
[host] slot livei9z6k9_0: d_loop_us=1514 d_raster_us=0 d_observe_us=85710 max_observe_us=16299 d_paints=0 d_skips=50 d_ticks=2 window_ms=1192
[script livei9z6k9_0] combat — kiting the guard to 2655,3298
[script livei9z6k9_0] interact Walk { x: 2655, z: 3298, level: 0, allow_teleports: false }
[nav-follow] here=WorldTile { x: 2668, z: 3312, level: 0 } walk=true transport=false leg=0 hops=1 outcome=None
[host] slot livei9z6k9_0: d_loop_us=1303 d_raster_us=0 d_observe_us=65068 max_observe_us=13253 d_paints=0 d_skips=50 d_ticks=2 window_ms=1194
[nav-walk] here=WorldTile { x: 2666, z: 3312, level: 0 } aim=WorldTile { x: 2655, z: 3298, level: 0 } radius=0 ticks_waited=0 sent_tile=Some(WorldTile { x: 2668, z: 3312, level: 0 })
[nav-follow] here=WorldTile { x: 2666, z: 3312, level: 0 } walk=true transport=false leg=0 hops=1 outcome=None
[host] hitch livei9z6k9_0: observe_us=26933 paints=0 skips=2072 ticks=99
[nav-walk] here=WorldTile { x: 2666, z: 3310, level: 0 } aim=WorldTile { x: 2655, z: 3298, level: 0 } radius=0 ticks_waited=1 sent_tile=Some(WorldTile { x: 2668, z: 3312, level: 0 })
[nav-follow] here=WorldTile { x: 2666, z: 3310, level: 0 } walk=true transport=false leg=0 hops=1 outcome=None
[host] hitch livei9z6k9_0: observe_us=31545 paints=0 skips=2097 ticks=100
[host] slot livei9z6k9_0: d_loop_us=1382 d_raster_us=0 d_observe_us=113457 max_observe_us=31545 d_paints=0 d_skips=50 d_ticks=2 window_ms=1225
[nav-walk] here=WorldTile { x: 2665, z: 3308, level: 0 } aim=WorldTile { x: 2655, z: 3298, level: 0 } radius=0 ticks_waited=2 sent_tile=Some(WorldTile { x: 2668, z: 3312, level: 0 })
[nav-follow] here=WorldTile { x: 2665, z: 3308, level: 0 } walk=true transport=false leg=0 hops=1 outcome=None
[host] hitch livei9z6k9_0: observe_us=18127 paints=0 skips=2122 ticks=101
[nav-walk] here=WorldTile { x: 2663, z: 3306, level: 0 } aim=WorldTile { x: 2655, z: 3298, level: 0 } radius=0 ticks_waited=3 sent_tile=Some(WorldTile { x: 2668, z: 3312, level: 0 })
[nav-follow] here=WorldTile { x: 2663, z: 3306, level: 0 } walk=true transport=false leg=0 hops=1 outcome=None
[host] hitch livei9z6k9_0: observe_us=24257 paints=0 skips=2147 ticks=102
[host] slot livei9z6k9_0: d_loop_us=1259 d_raster_us=0 d_observe_us=80877 max_observe_us=24257 d_paints=0 d_skips=50 d_ticks=2 window_ms=1195
[nav-walk] here=WorldTile { x: 2661, z: 3304, level: 0 } aim=WorldTile { x: 2655, z: 3298, level: 0 } radius=0 ticks_waited=4 sent_tile=Some(WorldTile { x: 2668, z: 3312, level: 0 })
[nav-follow] here=WorldTile { x: 2661, z: 3304, level: 0 } walk=true transport=false leg=0 hops=1 outcome=None
[host] hitch livei9z6k9_0: observe_us=31139 paints=0 skips=2171 ticks=103
[nav-walk] here=WorldTile { x: 2659, z: 3302, level: 0 } aim=WorldTile { x: 2655, z: 3298, level: 0 } radius=0 ticks_waited=5 sent_tile=Some(WorldTile { x: 2668, z: 3312, level: 0 })
[nav-follow] here=WorldTile { x: 2659, z: 3302, level: 0 } walk=true transport=false leg=0 hops=1 outcome=None
[host] hitch livei9z6k9_0: observe_us=30617 paints=0 skips=2196 ticks=104
[host] slot livei9z6k9_0: d_loop_us=1526 d_raster_us=0 d_observe_us=104976 max_observe_us=31139 d_paints=0 d_skips=50 d_ticks=2 window_ms=1216
[nav-walk] here=WorldTile { x: 2657, z: 3300, level: 0 } aim=WorldTile { x: 2655, z: 3298, level: 0 } radius=0 ticks_waited=6 sent_tile=Some(WorldTile { x: 2668, z: 3312, level: 0 })
[nav-follow] here=WorldTile { x: 2657, z: 3300, level: 0 } walk=true transport=false leg=0 hops=1 outcome=None
[host] hitch livei9z6k9_0: observe_us=31180 paints=0 skips=2221 ticks=105
[nav-walk] here=WorldTile { x: 2655, z: 3298, level: 0 } aim=WorldTile { x: 2655, z: 3298, level: 0 } radius=0 ticks_waited=7 sent_tile=Some(WorldTile { x: 2668, z: 3312, level: 0 })
[nav-follow] here=WorldTile { x: 2655, z: 3298, level: 0 } walk=false transport=false leg=1 hops=1 outcome=Some(Arrived { at: WorldTile { x: 2655, z: 3298, level: 0 } })
[host] hitch livei9z6k9_0: observe_us=32741 paints=0 skips=2246 ticks=106
[host] slot livei9z6k9_0: d_loop_us=1529 d_raster_us=0 d_observe_us=110401 max_observe_us=32741 d_paints=0 d_skips=50 d_ticks=2 window_ms=1214
[host] slot livei9z6k9_0: d_loop_us=1417 d_raster_us=0 d_observe_us=67298 max_observe_us=14680 d_paints=0 d_skips=50 d_ticks=2 window_ms=1194
[host] hitch livei9z6k9_0: observe_us=17016 paints=0 skips=2346 ticks=110
[script livei9z6k9_0] steal pass made no progress — re-entering
[host] slot livei9z6k9_0: d_loop_us=1518 d_raster_us=0 d_observe_us=74261 max_observe_us=17016 d_paints=0 d_skips=50 d_ticks=2 window_ms=1191
[script livei9z6k9_0] steal pass made no progress — re-entering
[script livei9z6k9_0] steal pass made no progress — re-entering
[host] slot livei9z6k9_0: d_loop_us=1499 d_raster_us=0 d_observe_us=67920 max_observe_us=14868 d_paints=0 d_skips=50 d_ticks=2 window_ms=1213
[script livei9z6k9_0] steal pass made no progress — re-entering
[script livei9z6k9_0] steal pass made no progress — re-entering
[host] slot livei9z6k9_0: d_loop_us=1478 d_raster_us=0 d_observe_us=72497 max_observe_us=15113 d_paints=0 d_skips=50 d_ticks=2 window_ms=1203
[host] hitch livei9z6k9_0: observe_us=18011 paints=0 skips=2470 ticks=115
[script livei9z6k9_0] steal pass made no progress — re-entering
[host] hitch livei9z6k9_0: observe_us=18476 paints=0 skips=2495 ticks=116
[script livei9z6k9_0] steal pass made no progress — re-entering
[host] slot livei9z6k9_0: d_loop_us=1514 d_raster_us=0 d_observe_us=93164 max_observe_us=18476 d_paints=0 d_skips=50 d_ticks=2 window_ms=1199
[host] hitch livei9z6k9_0: observe_us=17134 paints=0 skips=2520 ticks=117
[script livei9z6k9_0] steal pass made no progress — re-entering
[host] hitch livei9z6k9_0: observe_us=16423 paints=0 skips=2545 ticks=118
[script livei9z6k9_0] steal pass made no progress — re-entering
[host] slot livei9z6k9_0: d_loop_us=1496 d_raster_us=0 d_observe_us=97469 max_observe_us=17134 d_paints=0 d_skips=50 d_ticks=2 window_ms=1191
[host] hitch livei9z6k9_0: observe_us=16413 paints=0 skips=2571 ticks=119
[script livei9z6k9_0] interact WalkTo { x: 2668, z: 3312, level: 0 }
[host] hitch livei9z6k9_0: observe_us=23080 paints=0 skips=2596 ticks=120
[host] slot livei9z6k9_0: d_loop_us=1483 d_raster_us=0 d_observe_us=91507 max_observe_us=23080 d_paints=0 d_skips=50 d_ticks=2 window_ms=1180
[host] hitch livei9z6k9_0: observe_us=16256 paints=0 skips=2622 ticks=121
[host] hitch livei9z6k9_0: observe_us=25262 paints=0 skips=2647 ticks=122
[host] slot livei9z6k9_0: d_loop_us=1299 d_raster_us=0 d_observe_us=74408 max_observe_us=25262 d_paints=0 d_skips=50 d_ticks=2 window_ms=1192
[host] hitch livei9z6k9_0: observe_us=19137 paints=0 skips=2671 ticks=123
[host] hitch livei9z6k9_0: observe_us=25679 paints=0 skips=2697 ticks=124
[host] slot livei9z6k9_0: d_loop_us=1337 d_raster_us=0 d_observe_us=79424 max_observe_us=25679 d_paints=0 d_skips=50 d_ticks=2 window_ms=1197
[host] hitch livei9z6k9_0: observe_us=28185 paints=0 skips=2722 ticks=125
[host] hitch livei9z6k9_0: observe_us=26157 paints=0 skips=2747 ticks=126
[host] slot livei9z6k9_0: d_loop_us=1419 d_raster_us=0 d_observe_us=98444 max_observe_us=28185 d_paints=0 d_skips=50 d_ticks=2 window_ms=1204
[host] hitch livei9z6k9_0: observe_us=25240 paints=0 skips=2771 ticks=127
[script livei9z6k9_0] interact Loc { x: 2667, z: 3310, level: 0, action: "Steal from", id: Some(2561) }
[host] slot livei9z6k9_0: d_loop_us=1392 d_raster_us=0 d_observe_us=77182 max_observe_us=25240 d_paints=0 d_skips=50 d_ticks=2 window_ms=1207
[host] slot livei9z6k9_0: d_loop_us=1499 d_raster_us=0 d_observe_us=69232 max_observe_us=12493 d_paints=0 d_skips=50 d_ticks=2 window_ms=1191
[script livei9z6k9_0] steal pass made no progress — re-entering
[host] slot livei9z6k9_0: d_loop_us=1412 d_raster_us=0 d_observe_us=67301 max_observe_us=12721 d_paints=0 d_skips=50 d_ticks=2 window_ms=1199
[script livei9z6k9_0] interact Loc { x: 2667, z: 3310, level: 0, action: "Steal from", id: Some(2561) }
[host] slot livei9z6k9_0: d_loop_us=1368 d_raster_us=0 d_observe_us=72174 max_observe_us=14267 d_paints=0 d_skips=50 d_ticks=2 window_ms=1200
[host] hitch livei9z6k9_0: observe_us=25972 paints=0 skips=2971 ticks=135
[script livei9z6k9_0] steal pass made no progress — re-entering
[host] slot livei9z6k9_0: d_loop_us=1324 d_raster_us=0 d_observe_us=82039 max_observe_us=25972 d_paints=0 d_skips=50 d_ticks=2 window_ms=1200
[script livei9z6k9_0] steal pass made no progress — re-entering
[script livei9z6k9_0] steal pass made no progress — re-entering
[host] slot livei9z6k9_0: d_loop_us=1412 d_raster_us=0 d_observe_us=65428 max_observe_us=13429 d_paints=0 d_skips=50 d_ticks=2 window_ms=1191
[script livei9z6k9_0] steal pass made no progress — re-entering
[script livei9z6k9_0] steal pass made no progress — re-entering
[host] slot livei9z6k9_0: d_loop_us=1277 d_raster_us=0 d_observe_us=65439 max_observe_us=13884 d_paints=0 d_skips=50 d_ticks=2 window_ms=1189
[host] hitch livei9z6k9_0: observe_us=24631 paints=0 skips=3123 ticks=141
[script livei9z6k9_0] interact Loc { x: 2667, z: 3310, level: 0, action: "Steal from", id: Some(2561) }
[host] slot livei9z6k9_0: d_loop_us=1368 d_raster_us=0 d_observe_us=78196 max_observe_us=24631 d_paints=0 d_skips=50 d_ticks=2 window_ms=1193
[host] hitch livei9z6k9_0: observe_us=18945 paints=0 skips=3172 ticks=143
[script livei9z6k9_0] steal pass made no progress — re-entering
[host] slot livei9z6k9_0: d_loop_us=1543 d_raster_us=0 d_observe_us=69896 max_observe_us=18945 d_paints=0 d_skips=50 d_ticks=2 window_ms=1196
[host] hitch livei9z6k9_0: observe_us=16190 paints=0 skips=3223 ticks=145
[script livei9z6k9_0] steal pass made no progress — re-entering
[host] hitch livei9z6k9_0: observe_us=16111 paints=0 skips=3248 ticks=146
[script livei9z6k9_0] steal pass made no progress — re-entering
[host] slot livei9z6k9_0: d_loop_us=1529 d_raster_us=0 d_observe_us=80780 max_observe_us=16190 d_paints=0 d_skips=50 d_ticks=2 window_ms=1190
FAIL: catalog_boundary_live: scenario failed: step 13 (watch arrival at the Ardougne bank after the stall fill): arrived_near(2655,3286,0,6) not seen within 150 ticks; evidence=Some(Evidence { scenario: "ardy_cakes", outcome: "FAIL", predicate: "arrived_near(2655,3286,0,6)", ticks: 169, elapsed_ms: 101608, message: Some("step 13 (watch arrival at the Ardougne bank after the stall fill): arrived_near(2655,3286,0,6) not seen within 150 ticks"), tile: Some([2668, 3312, 0]), inv: [InvRow { id: 1891, name: Some("Cake"), count: 1 }, InvRow { id: 1891, name: Some("Cake"), count: 1 }, InvRow { id: 1891, name: Some("Cake"), count: 1 }, InvRow { id: 1891, name: Some("Cake"), count: 1 }, InvRow { id: 1891, name: Some("Cake"), count: 1 }, InvRow { id: 1891, name: Some("Cake"), count: 1 }, InvRow { id: 1901, name: Some("Chocolate slice"), count: 1 }, InvRow { id: 1901, name: Some("Chocolate slice"), count: 1 }, InvRow { id: 1891, name: Some("Cake"), count: 1 }, InvRow { id: 2309, name: Some("Bread"), count: 1 }, InvRow { id: 1891, name: Some("Cake"), count: 1 }], stat: Some(StatRow { runenergy: 91 }), chat: [ChatRow { text: "You steal a cake.", username: None }, ChatRow { text: "You steal some bread.", username: None }, ChatRow { text: "You steal a cake.", username: None }, ChatRow { text: "Congratulations, you just advanced a thieving level.", username: None }, ChatRow { text: "You steal a chocolate slice.", username: None }, ChatRow { text: "You steal a chocolate slice.", username: None }, ChatRow { text: "You steal a cake.", username: None }, ChatRow { text: "You steal a cake.", username: None }, ChatRow { text: "You steal a cake.", username: None }, ChatRow { text: "You steal a cake.", username: None }, ChatRow { text: "You steal a cake.", username: None }, ChatRow { text: "You steal a cake.", username: None }, ChatRow { text: "Inventory wiped.", username: None }, ChatRow { text: "set tutorial: to 1000", username: None }, ChatRow { text: "Welcome to RuneScape.", username: None }], scene: 2 }); core={"error":"ardy_cakes core post-Start delta incomplete","witness":{"case":"ardy_cakes","baseline":{"ingame":true,"scene_state":2,"player":"Livei9z6k9 0","tile":[2668,3312,0],"tick":19,"items":{},"item_ids":{},"bank":{},"bank_ids":{},"bank_open":false,"bank_loaded":false,"bank_generation":0,"levels":{"-unused-":0,"agility":1,"attack":1,"cooking":1,"crafting":1,"defence":1,"firemaking":1,"fishing":1,"fletching":1,"herblore":1,"hitpoints":40,"magic":1,"mining":1,"prayer":1,"ranged":1,"runecraft":1,"slayer":1,"smithing":1,"strength":1,"thieving":5,"woodcutting":1},"xp":{"-unused-":0,"agility":0,"attack":0,"cooking":0,"crafting":0,"defence":0,"firemaking":0,"fishing":0,"fletching":0,"herblore":0,"hitpoints":37224,"magic":0,"mining":0,"prayer":0,"ranged":0,"runecraft":0,"slayer":0,"smithing":0,"strength":0,"thieving":388,"woodcutting":0},"chat":[[7,"Inventory wiped."],[6,"set tutorial: to 1000"],[5,"Welcome to RuneScape."]],"loc_facts":[{"id":1530,"x":2669,"z":3316,"level":0,"name":"Door","open":true},{"id":1530,"x":2670,"z":3320,"level":0,"name":"Door","open":true},{"id":2551,"x":2674,"z":3304,"level":0,"name":"Door","open":true},{"id":2550,"x":2674,"z":3305,"level":0,"name":"Door","open":true}],"equipment_ids":{},"main_modal":-1,"widget_ids":[3213,3214]},"latest":{"ingame":true,"scene_state":2,"player":"Livei9z6k9 0","tile":[2668,3312,0],"tick":147,"items":{"Bread":1,"Cake":8,"Chocolate slice":2},"item_ids":{"1891":8,"1901":2,"2309":1},"bank":{},"bank_ids":{},"bank_open":false,"bank_loaded":false,"bank_generation":0,"levels":{"-unused-":0,"agility":1,"attack":1,"cooking":1,"crafting":1,"defence":1,"firemaking":1,"fishing":1,"fletching":1,"herblore":1,"hitpoints":40,"magic":1,"mining":1,"prayer":1,"ranged":1,"runecraft":1,"slayer":1,"smithing":1,"strength":1,"thieving":6,"woodcutting":1},"xp":{"-unused-":0,"agility":0,"attack":0,"cooking":0,"crafting":0,"defence":0,"firemaking":0,"fishing":0,"fletching":0,"herblore":0,"hitpoints":37224,"magic":0,"mining":0,"prayer":0,"ranged":0,"runecraft":0,"slayer":0,"smithing":0,"strength":0,"thieving":564,"woodcutting":0},"chat":[[19,"You steal a cake."],[18,"You steal some bread."],[17,"You steal a cake."],[16,"Congratulations, you just advanced a thieving level."],[15,"You steal a chocolate slice."],[14,"You steal a chocolate slice."],[13,"You steal a cake."],[12,"You steal a cake."],[11,"You steal a cake."],[10,"You steal a cake."],[9,"You steal a cake."],[8,"You steal a cake."],[7,"Inventory wiped."],[6,"set tutorial: to 1000"],[5,"Welcome to RuneScape."]],"loc_facts":[{"id":1530,"x":2669,"z":3316,"level":0,"name":"Door","open":true},{"id":1530,"x":2670,"z":3320,"level":0,"name":"Door","open":true},{"id":2551,"x":2674,"z":3304,"level":0,"name":"Door","open":true},{"id":2550,"x":2674,"z":3305,"level":0,"name":"Door","open":true}],"equipment_ids":{},"main_modal":-1,"widget_ids":[3213,3214]},"max_items":{"Bread":1,"Cake":8,"Chocolate slice":2},"max_xp":{"-unused-":0,"agility":0,"attack":0,"cooking":0,"crafting":0,"defence":0,"firemaking":0,"fishing":0,"fletching":0,"herblore":0,"hitpoints":37224,"magic":0,"mining":0,"prayer":0,"ranged":0,"runecraft":0,"slayer":0,"smithing":0,"strength":0,"thieving":564,"woodcutting":0},"saw_bury_chat":false,"post_start_observations":3179,"bone_bank_cycle":{"first_batch_buried":false,"opened":null,"withdrawn":null,"buried_after_withdrawal":false},"bank_fletcher_cycle":{"first_pack_created":false,"deposited":null,"withdrawn":null,"crafted_after_withdrawal":false},"bank_fletcher_string_cycle":{"initial_pairs_strung":false,"deposited":null,"withdrawn":null,"strung_after_withdrawal":false},"bank_fletcher_cut_string_cycle":{"cut_pair_created":false,"deposited":null,"withdrawn":null,"string_pair_created":false},"alcher_generated_custom_cycle":{"withdrawn":null,"consumed":false},"dart_fletcher_cycle":{"first":null,"further":false,"wrong_tier":false},"herb_cleaner_cycle":{"first_pack":false,"deposited":null,"withdrawn":null,"cleaned_after_withdrawal":false,"filter_violated":false},"gem_cutter_cycle":{"first_pack":false,"deposited":null,"withdrawn":null,"cut_after_withdrawal":false,"filter_violated":false},"door_opener_cycle":{"selected":null,"opened":false},"gnome_course_cycle":{"log":null,"ground_return":null,"pipe":null,"second_lap":false},"flax_picker_cycle":{"first_pack":false,"deposited":null,"returned":false,"further":false},"superheater_cycle":{"first_bars":false,"deposited":null,"withdrawn":null,"produced_after_withdrawal":false,"wrong_product":false,"wrong_staff":false},"chicken_killer_bank_cycle":{"combat_loot":false,"deposited":null,"returned":false,"further":false},"vial_filler_cycle":{"filled":null,"deposited":null,"withdrawn":null,"returned":false,"further":false},"potion_maker_cycle":{"unfinished":null,"finished":null,"deposited":null,"withdrawn":null,"further":false,"wrong_product":false,"filter_violated":false},"tanner_bot_cycle":{"widget":null,"tanned":null,"deposited":null,"withdrawn":null,"returned":false,"further":false,"wrong_product":false,"shop":false},"rune_crafter_cycle":{"withdrawn":null,"entered":null,"crafted":null,"exited":null,"deposited":null,"restocked":null,"returned":false,"further":false,"wrong_product":false,"noted":false},"ardy_cakes_cycle":{"stolen":{"ingame":true,"scene_state":2,"player":"Livei9z6k9 0","tile":[2668,3312,0],"tick":22,"items":{"Cake":1},"item_ids":{"1891":1},"bank":{},"bank_ids":{},"bank_open":false,"bank_loaded":false,"bank_generation":0,"levels":{"-unused-":0,"agility":1,"attack":1,"cooking":1,"crafting":1,"defence":1,"firemaking":1,"fishing":1,"fletching":1,"herblore":1,"hitpoints":40,"magic":1,"mining":1,"prayer":1,"ranged":1,"runecraft":1,"slayer":1,"smithing":1,"strength":1,"thieving":5,"woodcutting":1},"xp":{"-unused-":0,"agility":0,"attack":0,"cooking":0,"crafting":0,"defence":0,"firemaking":0,"fishing":0,"fletching":0,"herblore":0,"hitpoints":37224,"magic":0,"mining":0,"prayer":0,"ranged":0,"runecraft":0,"slayer":0,"smithing":0,"strength":0,"thieving":404,"woodcutting":0},"chat":[[8,"You steal a cake."],[7,"Inventory wiped."],[6,"set tutorial: to 1000"],[5,"Welcome to RuneScape."]],"loc_facts":[{"id":1530,"x":2669,"z":3316,"level":0,"name":"Door","open":true},{"id":1530,"x":2670,"z":3320,"level":0,"name":"Door","open":true},{"id":2551,"x":2674,"z":3304,"level":0,"name":"Door","open":true},{"id":2550,"x":2674,"z":3305,"level":0,"name":"Door","open":true}],"equipment_ids":{},"main_modal":-1,"widget_ids":[3213,3214]},"deposited":null,"returned":false,"further":false,"wrong_product":false,"noted":false},"ardy_thiever_cycle":{"pickpocketed":null,"deposited":null,"returned":false,"further":false},"gnome_chop_cycle":{"chopped":null,"deposited":null,"returned":false,"further":false,"wrong_product":false,"noted":false},"gnome_fletch_cycle":{"chopped":null,"fletched":null,"deposited":null,"returned":false,"further":false,"wrong_product":false,"noted":false},"coal_trucks_cycle":{"mined":null,"trucked":null,"further":false,"noted":false,"banked":false},"station_production_cycle":{"withdrawn":null,"produced":null,"deposited":null,"restocked":null,"returned":false,"further":false,"wrong_product":false,"noted":false},"ordered_first_exhausted":false}}
