
running 1 test
{"phase":"identity","revision":289,"profile":"local-289 · 127.0.0.1:44594 · revision 289","cache_id":"c4d8ab36bcfd2a7907535b4f619e28623b0a22e98d496fd2a9620d544c5b5b09","nav_pack":"/Users/acfrazier/experiments/274bot/.worktrees/rs2b0t-multirevision/.superpowers/world-capabilities/289/274bot.navpack","nav_sha256":"131db92e32eddcb08148909d477589544320fe7e34a422e8004e97e888032924","catalog_commit":"8e7d965be2071d6ec65c3265e12af797082d720a","catalog_identity":"289-updated frozen catalog","catalog_read_only_path":".superpowers/inputs/rs2b0t-8e7d965be2071d6ec65c3265e12af797082d720a","catalog_root":"/Users/acfrazier/experiments/274bot/.worktrees/rs2b0t-multirevision/.superpowers/inputs/rs2b0t-8e7d965be2071d6ec65c3265e12af797082d720a","registry_path":"/Users/acfrazier/experiments/274bot/.worktrees/rs2b0t-multirevision/.superpowers/inputs/rs2b0t-8e7d965be2071d6ec65c3265e12af797082d720a/src/bot/scripts/index.ts","registry_sha256":"b614aedb3d5adfdfbac3760f082273f3cf5c33fffe4ced0f2b01490ae02d1bc2","card":{"card":"BoneBurier","source_path":"/Users/acfrazier/experiments/274bot/.worktrees/rs2b0t-multirevision/.superpowers/inputs/rs2b0t-8e7d965be2071d6ec65c3265e12af797082d720a/src/bot/scripts/BoneBurier/BoneBurier.ts","source_sha256":"3ef1a82250d39258972bf5aef243c42c289d32634f8fcee31185d9a06aacf1e7","compiled_sha256":"f85ba9aa3f44b08c7322690dac57fd12678fb3bf5dfeabe2b5100e42891e4cb4","siblings":[],"settings":{"boneName":"Bones"}},"account":"livehrm041_0","engine_speed_ms":null}
[host-play] slot livehrm041_0: thread up
289bot: snapshot load skipped: read /Users/acfrazier/.274bot/unpack-289/37214163f1e6ceca/models.bin: No such file or directory (os error 2)
[host-play] slot livehrm041_0: handshake begin reconnect=false
[host-play] slot livehrm041_0: handshake ok
[host] slot livehrm041_0: d_loop_us=2910 d_raster_us=0 d_observe_us=32010 max_observe_us=2168 d_paints=0 d_skips=50 d_ticks=1 window_ms=0
[host-play] slot livehrm041_0: queued mainland tele+setvar (scene 2)
[host-play] slot livehrm041_0: handshake begin reconnect=true
[host-play] slot livehrm041_0: handshake ok
[host] slot livehrm041_0: d_loop_us=778 d_raster_us=0 d_observe_us=37889 max_observe_us=3729 d_paints=0 d_skips=50 d_ticks=1 window_ms=0
[host-play] slot livehrm041_0: queued mainland tele+setvar (scene 2)
{"phase":"baseline-after-preparation","scenario":"bone_burier","account":"livehrm041_0","observation":{"ingame":true,"scene_state":2,"player":"Livehrm041 0","tile":[3220,3220,0],"combat_level":3,"tick":7,"items":{"Bones":5},"item_ids":{"526":5},"bank":{},"bank_ids":{},"bank_open":false,"bank_loaded":false,"bank_generation":0,"levels":{"-unused-":0,"agility":1,"attack":1,"cooking":1,"crafting":1,"defence":1,"firemaking":1,"fishing":1,"fletching":1,"herblore":1,"hitpoints":10,"magic":1,"mining":1,"prayer":1,"ranged":1,"runecraft":1,"slayer":1,"smithing":1,"strength":1,"thieving":1,"woodcutting":1},"xp":{"-unused-":0,"agility":0,"attack":0,"cooking":0,"crafting":0,"defence":0,"firemaking":0,"fishing":0,"fletching":0,"herblore":0,"hitpoints":1154,"magic":0,"mining":0,"prayer":0,"ranged":0,"runecraft":0,"slayer":0,"smithing":0,"strength":0,"thieving":0,"woodcutting":0},"varps":{"309":0},"chat":[[6,"set tutorial: to 1000"],[5,"Welcome to RuneScape."]],"loc_facts":[{"id":1516,"x":3213,"z":3220,"level":0,"name":"Large door","open":true},{"id":1519,"x":3213,"z":3221,"level":0,"name":"Large door","open":true},{"id":1536,"x":3215,"z":3225,"level":0,"name":"Door","open":true},{"id":1516,"x":3217,"z":3218,"level":0,"name":"Large door","open":true},{"id":1519,"x":3217,"z":3219,"level":0,"name":"Large door","open":true},{"id":1530,"x":3226,"z":3214,"level":0,"name":"Door","open":true},{"id":1530,"x":3226,"z":3223,"level":0,"name":"Door","open":true}],"npc_facts":[],"ground_loot":[],"local_in_combat":false,"local_target_npc":null,"local_health":0,"local_animation":-1,"equipment_ids":{},"main_modal":-1,"widget_ids":[3213,3214]}}
[script livehrm041_0] start load
{"phase":"start","account":"livehrm041_0","count":1}
[host] hitch livehrm041_0: observe_us=101936 paints=0 skips=65 ticks=7
[script livehrm041_0] BoneBurier — withdrawing and burying exact item 'Bones'
[script livehrm041_0] interact Held { name: "Bones", action: "Bury" }
[shim-held] Bones Bury slot=0 -> sent
[host] hitch livehrm041_0: observe_us=17361 paints=0 skips=86 ticks=9
[host] slot livehrm041_0: d_loop_us=10554 d_raster_us=0 d_observe_us=194880 max_observe_us=101936 d_paints=0 d_skips=50 d_ticks=8 window_ms=5116
[host] hitch livehrm041_0: observe_us=19154 paints=0 skips=108 ticks=10
[host] hitch livehrm041_0: observe_us=16705 paints=0 skips=131 ticks=11
[script livehrm041_0] interact Held { name: "Bones", action: "Bury" }
[shim-held] Bones Bury slot=1 -> sent
[host] slot livehrm041_0: d_loop_us=1690 d_raster_us=0 d_observe_us=98291 max_observe_us=19154 d_paints=0 d_skips=50 d_ticks=2 window_ms=1320
[host] hitch livehrm041_0: observe_us=18757 paints=0 skips=179 ticks=13
[host] slot livehrm041_0: d_loop_us=1622 d_raster_us=0 d_observe_us=98753 max_observe_us=18757 d_paints=0 d_skips=50 d_ticks=2 window_ms=1276
[script livehrm041_0] interact Held { name: "Bones", action: "Bury" }
[shim-held] Bones Bury slot=2 -> sent
[host] slot livehrm041_0: d_loop_us=1745 d_raster_us=0 d_observe_us=76819 max_observe_us=15404 d_paints=0 d_skips=50 d_ticks=3 window_ms=1314
[script livehrm041_0] interact Held { name: "Bones", action: "Bury" }
[shim-held] Bones Bury slot=3 -> sent
[host] slot livehrm041_0: d_loop_us=1291 d_raster_us=0 d_observe_us=58178 max_observe_us=10604 d_paints=0 d_skips=50 d_ticks=2 window_ms=1305
[script livehrm041_0] interact Held { name: "Bones", action: "Bury" }
[shim-held] Bones Bury slot=4 -> sent
[host] slot livehrm041_0: d_loop_us=1325 d_raster_us=0 d_observe_us=72668 max_observe_us=12654 d_paints=0 d_skips=50 d_ticks=2 window_ms=1342
[host] slot livehrm041_0: d_loop_us=1198 d_raster_us=0 d_observe_us=75575 max_observe_us=10061 d_paints=0 d_skips=50 d_ticks=2 window_ms=1330
[script livehrm041_0] slow tick 36: 60.124667ms
[script livehrm041_0] interact WalkNearestBank
[script livehrm041_0] slow tick 37: 61.910917ms
[host] slot livehrm041_0: d_loop_us=1058 d_raster_us=0 d_observe_us=45189 max_observe_us=7258 d_paints=0 d_skips=50 d_ticks=3 window_ms=1333
[script livehrm041_0] slow tick 38: 59.575708ms
[nav-follow] here=WorldTile { x: 3220, z: 3220, level: 0 } walk=true transport=false leg=0 hops=1 outcome=None
[script livehrm041_0] slow tick 39: 64.378917ms
[nav-walk] here=WorldTile { x: 3222, z: 3219, level: 0 } aim=WorldTile { x: 3235, z: 3222, level: 0 } radius=2 ticks_waited=0 sent_tile=Some(WorldTile { x: 3220, z: 3220, level: 0 })
[nav-follow] here=WorldTile { x: 3222, z: 3219, level: 0 } walk=true transport=false leg=0 hops=1 outcome=None
[script livehrm041_0] slow tick 40: 59.656333ms
[host] slot livehrm041_0: d_loop_us=1124 d_raster_us=0 d_observe_us=68675 max_observe_us=14890 d_paints=0 d_skips=50 d_ticks=2 window_ms=1333
[nav-walk] here=WorldTile { x: 3224, z: 3219, level: 0 } aim=WorldTile { x: 3235, z: 3222, level: 0 } radius=2 ticks_waited=1 sent_tile=Some(WorldTile { x: 3220, z: 3220, level: 0 })
[nav-follow] here=WorldTile { x: 3224, z: 3219, level: 0 } walk=true transport=false leg=0 hops=1 outcome=None
[host] hitch livehrm041_0: observe_us=17151 paints=0 skips=518 ticks=28
[script livehrm041_0] slow tick 41: 58.996917ms
[nav-walk] here=WorldTile { x: 3226, z: 3219, level: 0 } aim=WorldTile { x: 3235, z: 3222, level: 0 } radius=2 ticks_waited=2 sent_tile=Some(WorldTile { x: 3220, z: 3220, level: 0 })
[nav-follow] here=WorldTile { x: 3226, z: 3219, level: 0 } walk=true transport=false leg=0 hops=1 outcome=None
[host] hitch livehrm041_0: observe_us=18393 paints=0 skips=541 ticks=29
[script livehrm041_0] slow tick 42: 59.301125ms
[host] slot livehrm041_0: d_loop_us=1128 d_raster_us=0 d_observe_us=74795 max_observe_us=18393 d_paints=0 d_skips=50 d_ticks=2 window_ms=1321
[nav-walk] here=WorldTile { x: 3228, z: 3219, level: 0 } aim=WorldTile { x: 3235, z: 3222, level: 0 } radius=2 ticks_waited=3 sent_tile=Some(WorldTile { x: 3220, z: 3220, level: 0 })
[nav-follow] here=WorldTile { x: 3228, z: 3219, level: 0 } walk=true transport=false leg=0 hops=1 outcome=None
[host] hitch livehrm041_0: observe_us=18584 paints=0 skips=564 ticks=30
[script livehrm041_0] slow tick 43: 58.692709ms
[nav-walk] here=WorldTile { x: 3230, z: 3219, level: 0 } aim=WorldTile { x: 3235, z: 3222, level: 0 } radius=2 ticks_waited=4 sent_tile=Some(WorldTile { x: 3220, z: 3220, level: 0 })
[nav-follow] here=WorldTile { x: 3230, z: 3219, level: 0 } walk=true transport=false leg=0 hops=1 outcome=None
[host] hitch livehrm041_0: observe_us=18426 paints=0 skips=587 ticks=31
[script livehrm041_0] slow tick 44: 63.030084ms
[host] slot livehrm041_0: d_loop_us=1262 d_raster_us=0 d_observe_us=76692 max_observe_us=18584 d_paints=0 d_skips=50 d_ticks=2 window_ms=1303
[nav-walk] here=WorldTile { x: 3232, z: 3219, level: 0 } aim=WorldTile { x: 3235, z: 3222, level: 0 } radius=2 ticks_waited=5 sent_tile=Some(WorldTile { x: 3220, z: 3220, level: 0 })
[nav-follow] here=WorldTile { x: 3232, z: 3219, level: 0 } walk=true transport=false leg=0 hops=1 outcome=None
[host] hitch livehrm041_0: observe_us=17950 paints=0 skips=609 ticks=32
[script livehrm041_0] slow tick 45: 61.433417ms
[nav-walk] here=WorldTile { x: 3234, z: 3221, level: 0 } aim=WorldTile { x: 3235, z: 3222, level: 0 } radius=2 ticks_waited=6 sent_tile=Some(WorldTile { x: 3220, z: 3220, level: 0 })
[nav-follow] here=WorldTile { x: 3234, z: 3221, level: 0 } walk=true transport=false leg=0 hops=2 outcome=None
[host] hitch livehrm041_0: observe_us=17466 paints=0 skips=633 ticks=33
[script livehrm041_0] slow tick 46: 61.340041ms
[host] slot livehrm041_0: d_loop_us=1380 d_raster_us=0 d_observe_us=78913 max_observe_us=17950 d_paints=0 d_skips=50 d_ticks=2 window_ms=1292
[nav-walk] here=WorldTile { x: 3234, z: 3223, level: 0 } aim=WorldTile { x: 3233, z: 3238, level: 0 } radius=2 ticks_waited=0 sent_tile=Some(WorldTile { x: 3234, z: 3221, level: 0 })
[nav-follow] here=WorldTile { x: 3234, z: 3223, level: 0 } walk=true transport=false leg=0 hops=2 outcome=None
[host] hitch livehrm041_0: observe_us=17251 paints=0 skips=656 ticks=34
[script livehrm041_0] slow tick 47: 58.781792ms
[nav-walk] here=WorldTile { x: 3234, z: 3225, level: 0 } aim=WorldTile { x: 3233, z: 3238, level: 0 } radius=2 ticks_waited=1 sent_tile=Some(WorldTile { x: 3234, z: 3221, level: 0 })
[nav-follow] here=WorldTile { x: 3234, z: 3225, level: 0 } walk=true transport=false leg=0 hops=2 outcome=None
[host] hitch livehrm041_0: observe_us=20357 paints=0 skips=679 ticks=35
[script livehrm041_0] slow tick 48: 59.038125ms
[host] slot livehrm041_0: d_loop_us=1264 d_raster_us=0 d_observe_us=75669 max_observe_us=20357 d_paints=0 d_skips=50 d_ticks=2 window_ms=1298
[nav-walk] here=WorldTile { x: 3234, z: 3227, level: 0 } aim=WorldTile { x: 3233, z: 3238, level: 0 } radius=2 ticks_waited=2 sent_tile=Some(WorldTile { x: 3234, z: 3221, level: 0 })
[nav-follow] here=WorldTile { x: 3234, z: 3227, level: 0 } walk=true transport=false leg=0 hops=2 outcome=None
[script livehrm041_0] slow tick 49: 58.840291ms
[nav-walk] here=WorldTile { x: 3234, z: 3229, level: 0 } aim=WorldTile { x: 3233, z: 3238, level: 0 } radius=2 ticks_waited=3 sent_tile=Some(WorldTile { x: 3234, z: 3221, level: 0 })
[nav-follow] here=WorldTile { x: 3234, z: 3229, level: 0 } walk=true transport=false leg=0 hops=2 outcome=None
[script livehrm041_0] slow tick 50: 58.409041ms
[nav-walk] here=WorldTile { x: 3234, z: 3231, level: 0 } aim=WorldTile { x: 3233, z: 3238, level: 0 } radius=2 ticks_waited=4 sent_tile=Some(WorldTile { x: 3234, z: 3221, level: 0 })
[nav-follow] here=WorldTile { x: 3234, z: 3231, level: 0 } walk=true transport=false leg=0 hops=2 outcome=None
[host] slot livehrm041_0: d_loop_us=1334 d_raster_us=0 d_observe_us=77281 max_observe_us=15446 d_paints=0 d_skips=50 d_ticks=3 window_ms=1303
[script livehrm041_0] slow tick 51: 59.366542ms
[nav-walk] here=WorldTile { x: 3234, z: 3233, level: 0 } aim=WorldTile { x: 3233, z: 3238, level: 0 } radius=2 ticks_waited=5 sent_tile=Some(WorldTile { x: 3234, z: 3221, level: 0 })
[nav-follow] here=WorldTile { x: 3234, z: 3233, level: 0 } walk=true transport=false leg=0 hops=2 outcome=None
[host] hitch livehrm041_0: observe_us=17771 paints=0 skips=773 ticks=39
[script livehrm041_0] slow tick 52: 59.176959ms
[nav-walk] here=WorldTile { x: 3234, z: 3235, level: 0 } aim=WorldTile { x: 3233, z: 3238, level: 0 } radius=2 ticks_waited=6 sent_tile=Some(WorldTile { x: 3234, z: 3221, level: 0 })
[nav-follow] here=WorldTile { x: 3234, z: 3235, level: 0 } walk=true transport=false leg=0 hops=2 outcome=None
[host] hitch livehrm041_0: observe_us=18573 paints=0 skips=796 ticks=40
[host] slot livehrm041_0: d_loop_us=1505 d_raster_us=0 d_observe_us=74492 max_observe_us=18573 d_paints=0 d_skips=50 d_ticks=2 window_ms=1268
[script livehrm041_0] slow tick 53: 59.470417ms
[nav-walk] here=WorldTile { x: 3233, z: 3237, level: 0 } aim=WorldTile { x: 3233, z: 3238, level: 0 } radius=2 ticks_waited=7 sent_tile=Some(WorldTile { x: 3234, z: 3221, level: 0 })
[nav-follow] here=WorldTile { x: 3233, z: 3237, level: 0 } walk=true transport=false leg=0 hops=3 outcome=None
[host] hitch livehrm041_0: observe_us=17382 paints=0 skips=817 ticks=41
[script livehrm041_0] slow tick 54: 58.678125ms
[nav-walk] here=WorldTile { x: 3233, z: 3239, level: 0 } aim=WorldTile { x: 3231, z: 3254, level: 0 } radius=2 ticks_waited=0 sent_tile=Some(WorldTile { x: 3233, z: 3237, level: 0 })
[nav-follow] here=WorldTile { x: 3233, z: 3239, level: 0 } walk=true transport=false leg=0 hops=3 outcome=None
[host] hitch livehrm041_0: observe_us=17340 paints=0 skips=841 ticks=42
[script livehrm041_0] slow tick 55: 59.325792ms
[host] slot livehrm041_0: d_loop_us=1480 d_raster_us=0 d_observe_us=74196 max_observe_us=17382 d_paints=0 d_skips=50 d_ticks=2 window_ms=1342
[nav-walk] here=WorldTile { x: 3233, z: 3241, level: 0 } aim=WorldTile { x: 3231, z: 3254, level: 0 } radius=2 ticks_waited=1 sent_tile=Some(WorldTile { x: 3233, z: 3237, level: 0 })
[nav-follow] here=WorldTile { x: 3233, z: 3241, level: 0 } walk=true transport=false leg=0 hops=3 outcome=None
[script livehrm041_0] slow tick 56: 58.414708ms
[nav-walk] here=WorldTile { x: 3232, z: 3243, level: 0 } aim=WorldTile { x: 3231, z: 3254, level: 0 } radius=2 ticks_waited=2 sent_tile=Some(WorldTile { x: 3233, z: 3237, level: 0 })
[nav-follow] here=WorldTile { x: 3232, z: 3243, level: 0 } walk=true transport=false leg=0 hops=3 outcome=None
[host] hitch livehrm041_0: observe_us=18711 paints=0 skips=887 ticks=44
[script livehrm041_0] slow tick 57: 58.75125ms
[host] slot livehrm041_0: d_loop_us=1626 d_raster_us=0 d_observe_us=83053 max_observe_us=18711 d_paints=0 d_skips=50 d_ticks=2 window_ms=1318
[nav-walk] here=WorldTile { x: 3232, z: 3245, level: 0 } aim=WorldTile { x: 3231, z: 3254, level: 0 } radius=2 ticks_waited=3 sent_tile=Some(WorldTile { x: 3233, z: 3237, level: 0 })
[nav-follow] here=WorldTile { x: 3232, z: 3245, level: 0 } walk=true transport=false leg=0 hops=3 outcome=None
[host] hitch livehrm041_0: observe_us=17638 paints=0 skips=909 ticks=45
[script livehrm041_0] slow tick 58: 58.371583ms
[nav-walk] here=WorldTile { x: 3232, z: 3247, level: 0 } aim=WorldTile { x: 3231, z: 3254, level: 0 } radius=2 ticks_waited=4 sent_tile=Some(WorldTile { x: 3233, z: 3237, level: 0 })
[nav-follow] here=WorldTile { x: 3232, z: 3247, level: 0 } walk=true transport=false leg=0 hops=3 outcome=None
[host] hitch livehrm041_0: observe_us=18811 paints=0 skips=932 ticks=46
[script livehrm041_0] slow tick 59: 58.517542ms
[host] slot livehrm041_0: d_loop_us=1426 d_raster_us=0 d_observe_us=76966 max_observe_us=18811 d_paints=0 d_skips=50 d_ticks=2 window_ms=1317
[nav-walk] here=WorldTile { x: 3232, z: 3249, level: 0 } aim=WorldTile { x: 3231, z: 3254, level: 0 } radius=2 ticks_waited=5 sent_tile=Some(WorldTile { x: 3233, z: 3237, level: 0 })
[nav-follow] here=WorldTile { x: 3232, z: 3249, level: 0 } walk=true transport=false leg=0 hops=3 outcome=None
[host] hitch livehrm041_0: observe_us=19914 paints=0 skips=955 ticks=47
[script livehrm041_0] slow tick 60: 58.659333ms
[nav-walk] here=WorldTile { x: 3232, z: 3251, level: 0 } aim=WorldTile { x: 3231, z: 3254, level: 0 } radius=2 ticks_waited=6 sent_tile=Some(WorldTile { x: 3233, z: 3237, level: 0 })
[nav-follow] here=WorldTile { x: 3232, z: 3251, level: 0 } walk=true transport=false leg=0 hops=3 outcome=None
[host] hitch livehrm041_0: observe_us=19592 paints=0 skips=977 ticks=48
[script livehrm041_0] slow tick 61: 58.422292ms
[host] slot livehrm041_0: d_loop_us=1495 d_raster_us=0 d_observe_us=84783 max_observe_us=19914 d_paints=0 d_skips=50 d_ticks=2 window_ms=1299
[nav-walk] here=WorldTile { x: 3231, z: 3253, level: 0 } aim=WorldTile { x: 3231, z: 3254, level: 0 } radius=2 ticks_waited=7 sent_tile=Some(WorldTile { x: 3233, z: 3237, level: 0 })
[nav-follow] here=WorldTile { x: 3231, z: 3253, level: 0 } walk=true transport=false leg=0 hops=4 outcome=None
[host] hitch livehrm041_0: observe_us=20417 paints=0 skips=1001 ticks=49
[script livehrm041_0] slow tick 62: 58.433625ms
[nav-walk] here=WorldTile { x: 3231, z: 3255, level: 0 } aim=WorldTile { x: 3239, z: 3262, level: 0 } radius=2 ticks_waited=0 sent_tile=Some(WorldTile { x: 3231, z: 3253, level: 0 })
[nav-follow] here=WorldTile { x: 3231, z: 3255, level: 0 } walk=true transport=false leg=0 hops=4 outcome=None
[host] hitch livehrm041_0: observe_us=18640 paints=0 skips=1023 ticks=50
[script livehrm041_0] slow tick 63: 58.270666ms
[host] slot livehrm041_0: d_loop_us=4218 d_raster_us=0 d_observe_us=94009 max_observe_us=20417 d_paints=0 d_skips=50 d_ticks=3 window_ms=1284
[nav-walk] here=WorldTile { x: 3231, z: 3259, level: 0 } aim=WorldTile { x: 3239, z: 3262, level: 0 } radius=2 ticks_waited=1 sent_tile=Some(WorldTile { x: 3231, z: 3253, level: 0 })
[nav-follow] here=WorldTile { x: 3231, z: 3259, level: 0 } walk=true transport=false leg=0 hops=4 outcome=None
[script livehrm041_0] slow tick 65: 55.134ms
[nav-walk] here=WorldTile { x: 3230, z: 3261, level: 0 } aim=WorldTile { x: 3239, z: 3262, level: 0 } radius=2 ticks_waited=2 sent_tile=Some(WorldTile { x: 3231, z: 3253, level: 0 })
[nav-follow] here=WorldTile { x: 3230, z: 3261, level: 0 } walk=true transport=false leg=0 hops=4 outcome=None
[script livehrm041_0] slow tick 66: 54.105ms
[host] slot livehrm041_0: d_loop_us=7698 d_raster_us=0 d_observe_us=94108 max_observe_us=13482 d_paints=0 d_skips=50 d_ticks=2 window_ms=1316
[nav-walk] here=WorldTile { x: 3232, z: 3261, level: 0 } aim=WorldTile { x: 3239, z: 3262, level: 0 } radius=2 ticks_waited=3 sent_tile=Some(WorldTile { x: 3231, z: 3253, level: 0 })
[nav-follow] here=WorldTile { x: 3232, z: 3261, level: 0 } walk=true transport=false leg=0 hops=4 outcome=None
[host] hitch livehrm041_0: observe_us=21835 paints=0 skips=1116 ticks=54
[script livehrm041_0] slow tick 67: 56.3285ms
[nav-walk] here=WorldTile { x: 3234, z: 3261, level: 0 } aim=WorldTile { x: 3239, z: 3262, level: 0 } radius=2 ticks_waited=4 sent_tile=Some(WorldTile { x: 3231, z: 3253, level: 0 })
[nav-follow] here=WorldTile { x: 3234, z: 3261, level: 0 } walk=true transport=false leg=0 hops=4 outcome=None
[host] hitch livehrm041_0: observe_us=18943 paints=0 skips=1139 ticks=55
[script livehrm041_0] slow tick 68: 55.4385ms
[host] slot livehrm041_0: d_loop_us=1267 d_raster_us=0 d_observe_us=85773 max_observe_us=21835 d_paints=0 d_skips=50 d_ticks=2 window_ms=1308
[nav-walk] here=WorldTile { x: 3236, z: 3261, level: 0 } aim=WorldTile { x: 3239, z: 3262, level: 0 } radius=2 ticks_waited=5 sent_tile=Some(WorldTile { x: 3231, z: 3253, level: 0 })
[nav-follow] here=WorldTile { x: 3236, z: 3261, level: 0 } walk=true transport=false leg=0 hops=4 outcome=None
[script livehrm041_0] slow tick 69: 54.840792ms
[nav-walk] here=WorldTile { x: 3238, z: 3261, level: 0 } aim=WorldTile { x: 3239, z: 3262, level: 0 } radius=2 ticks_waited=6 sent_tile=Some(WorldTile { x: 3231, z: 3253, level: 0 })
[nav-follow] here=WorldTile { x: 3238, z: 3261, level: 0 } walk=true transport=false leg=0 hops=5 outcome=None
[host] hitch livehrm041_0: observe_us=16609 paints=0 skips=1184 ticks=57
[script livehrm041_0] slow tick 70: 55.79925ms
[host] slot livehrm041_0: d_loop_us=1077 d_raster_us=0 d_observe_us=71229 max_observe_us=16609 d_paints=0 d_skips=50 d_ticks=2 window_ms=1319
[nav-walk] here=WorldTile { x: 3240, z: 3262, level: 0 } aim=WorldTile { x: 3245, z: 3277, level: 0 } radius=2 ticks_waited=0 sent_tile=Some(WorldTile { x: 3238, z: 3261, level: 0 })
[nav-follow] here=WorldTile { x: 3240, z: 3262, level: 0 } walk=true transport=false leg=0 hops=5 outcome=None
[host] hitch livehrm041_0: observe_us=17156 paints=0 skips=1207 ticks=58
[script livehrm041_0] slow tick 71: 54.468292ms
[nav-walk] here=WorldTile { x: 3240, z: 3264, level: 0 } aim=WorldTile { x: 3245, z: 3277, level: 0 } radius=2 ticks_waited=1 sent_tile=Some(WorldTile { x: 3238, z: 3261, level: 0 })
[nav-follow] here=WorldTile { x: 3240, z: 3264, level: 0 } walk=true transport=false leg=0 hops=5 outcome=None
[host] hitch livehrm041_0: observe_us=18690 paints=0 skips=1230 ticks=59
[script livehrm041_0] slow tick 72: 54.0865ms
[host] slot livehrm041_0: d_loop_us=1325 d_raster_us=0 d_observe_us=83113 max_observe_us=18690 d_paints=0 d_skips=50 d_ticks=2 window_ms=1304
[nav-walk] here=WorldTile { x: 3240, z: 3266, level: 0 } aim=WorldTile { x: 3245, z: 3277, level: 0 } radius=2 ticks_waited=2 sent_tile=Some(WorldTile { x: 3238, z: 3261, level: 0 })
[nav-follow] here=WorldTile { x: 3240, z: 3266, level: 0 } walk=true transport=false leg=0 hops=5 outcome=None
[host] hitch livehrm041_0: observe_us=20282 paints=0 skips=1253 ticks=60
[script livehrm041_0] slow tick 73: 54.107292ms
[nav-walk] here=WorldTile { x: 3240, z: 3268, level: 0 } aim=WorldTile { x: 3245, z: 3277, level: 0 } radius=2 ticks_waited=3 sent_tile=Some(WorldTile { x: 3238, z: 3261, level: 0 })
[nav-follow] here=WorldTile { x: 3240, z: 3268, level: 0 } walk=true transport=false leg=0 hops=5 outcome=None
[host] hitch livehrm041_0: observe_us=17630 paints=0 skips=1276 ticks=61
[script livehrm041_0] slow tick 74: 54.561458ms
[nav-walk] here=WorldTile { x: 3240, z: 3270, level: 0 } aim=WorldTile { x: 3245, z: 3277, level: 0 } radius=2 ticks_waited=4 sent_tile=Some(WorldTile { x: 3238, z: 3261, level: 0 })
[nav-follow] here=WorldTile { x: 3240, z: 3270, level: 0 } walk=true transport=false leg=0 hops=5 outcome=None
[host] hitch livehrm041_0: observe_us=17949 paints=0 skips=1299 ticks=62
[host] slot livehrm041_0: d_loop_us=1104 d_raster_us=0 d_observe_us=97439 max_observe_us=20282 d_paints=0 d_skips=50 d_ticks=3 window_ms=1347
[script livehrm041_0] slow tick 75: 54.085583ms
[nav-walk] here=WorldTile { x: 3240, z: 3272, level: 0 } aim=WorldTile { x: 3245, z: 3277, level: 0 } radius=2 ticks_waited=5 sent_tile=Some(WorldTile { x: 3238, z: 3261, level: 0 })
[nav-follow] here=WorldTile { x: 3240, z: 3272, level: 0 } walk=true transport=false leg=0 hops=5 outcome=None
[host] hitch livehrm041_0: observe_us=19115 paints=0 skips=1322 ticks=63
[script livehrm041_0] slow tick 76: 54.513792ms
[nav-walk] here=WorldTile { x: 3242, z: 3274, level: 0 } aim=WorldTile { x: 3245, z: 3277, level: 0 } radius=2 ticks_waited=6 sent_tile=Some(WorldTile { x: 3238, z: 3261, level: 0 })
[nav-follow] here=WorldTile { x: 3242, z: 3274, level: 0 } walk=true transport=false leg=0 hops=5 outcome=None
[host] hitch livehrm041_0: observe_us=18364 paints=0 skips=1345 ticks=64
[script livehrm041_0] slow tick 77: 54.694083ms
[host] slot livehrm041_0: d_loop_us=1012 d_raster_us=0 d_observe_us=84999 max_observe_us=19115 d_paints=0 d_skips=50 d_ticks=2 window_ms=1268
[nav-walk] here=WorldTile { x: 3244, z: 3276, level: 0 } aim=WorldTile { x: 3245, z: 3277, level: 0 } radius=2 ticks_waited=7 sent_tile=Some(WorldTile { x: 3238, z: 3261, level: 0 })
[nav-follow] here=WorldTile { x: 3244, z: 3276, level: 0 } walk=true transport=false leg=0 hops=6 outcome=None
[script livehrm041_0] slow tick 78: 56.916625ms
[nav-walk] here=WorldTile { x: 3244, z: 3278, level: 0 } aim=WorldTile { x: 3240, z: 3293, level: 0 } radius=2 ticks_waited=0 sent_tile=Some(WorldTile { x: 3244, z: 3276, level: 0 })
[nav-follow] here=WorldTile { x: 3244, z: 3278, level: 0 } walk=true transport=false leg=0 hops=6 outcome=None
[host] hitch livehrm041_0: observe_us=17521 paints=0 skips=1390 ticks=66
[script livehrm041_0] slow tick 79: 57.860417ms
[host] slot livehrm041_0: d_loop_us=992 d_raster_us=0 d_observe_us=64275 max_observe_us=17521 d_paints=0 d_skips=50 d_ticks=2 window_ms=1317
[nav-walk] here=WorldTile { x: 3242, z: 3280, level: 0 } aim=WorldTile { x: 3240, z: 3293, level: 0 } radius=2 ticks_waited=1 sent_tile=Some(WorldTile { x: 3244, z: 3276, level: 0 })
[nav-follow] here=WorldTile { x: 3242, z: 3280, level: 0 } walk=true transport=false leg=0 hops=6 outcome=None
[host] hitch livehrm041_0: observe_us=21547 paints=0 skips=1413 ticks=67
[script livehrm041_0] slow tick 80: 57.294833ms
[nav-walk] here=WorldTile { x: 3240, z: 3282, level: 0 } aim=WorldTile { x: 3240, z: 3293, level: 0 } radius=2 ticks_waited=2 sent_tile=Some(WorldTile { x: 3244, z: 3276, level: 0 })
[nav-follow] here=WorldTile { x: 3240, z: 3282, level: 0 } walk=true transport=false leg=0 hops=6 outcome=None
[host] hitch livehrm041_0: observe_us=17332 paints=0 skips=1436 ticks=68
[script livehrm041_0] slow tick 81: 54.958ms
[host] slot livehrm041_0: d_loop_us=1229 d_raster_us=0 d_observe_us=83523 max_observe_us=21547 d_paints=0 d_skips=50 d_ticks=2 window_ms=1305
[nav-walk] here=WorldTile { x: 3240, z: 3284, level: 0 } aim=WorldTile { x: 3240, z: 3293, level: 0 } radius=2 ticks_waited=3 sent_tile=Some(WorldTile { x: 3244, z: 3276, level: 0 })
[nav-follow] here=WorldTile { x: 3240, z: 3284, level: 0 } walk=true transport=false leg=0 hops=6 outcome=None
[script livehrm041_0] slow tick 82: 58.104ms
[nav-walk] here=WorldTile { x: 3240, z: 3286, level: 0 } aim=WorldTile { x: 3240, z: 3293, level: 0 } radius=2 ticks_waited=4 sent_tile=Some(WorldTile { x: 3244, z: 3276, level: 0 })
[nav-follow] here=WorldTile { x: 3240, z: 3286, level: 0 } walk=true transport=false leg=0 hops=6 outcome=None
[host] hitch livehrm041_0: observe_us=19677 paints=0 skips=1481 ticks=70
[script livehrm041_0] slow tick 83: 54.331166ms
[host] slot livehrm041_0: d_loop_us=1254 d_raster_us=0 d_observe_us=75547 max_observe_us=19677 d_paints=0 d_skips=50 d_ticks=2 window_ms=1348
[nav-walk] here=WorldTile { x: 3240, z: 3288, level: 0 } aim=WorldTile { x: 3240, z: 3293, level: 0 } radius=2 ticks_waited=5 sent_tile=Some(WorldTile { x: 3244, z: 3276, level: 0 })
[nav-follow] here=WorldTile { x: 3240, z: 3288, level: 0 } walk=true transport=false leg=0 hops=6 outcome=None
[host] hitch livehrm041_0: observe_us=18337 paints=0 skips=1504 ticks=71
[script livehrm041_0] slow tick 84: 54.958166ms
[nav-walk] here=WorldTile { x: 3240, z: 3290, level: 0 } aim=WorldTile { x: 3240, z: 3293, level: 0 } radius=2 ticks_waited=6 sent_tile=Some(WorldTile { x: 3244, z: 3276, level: 0 })
[nav-follow] here=WorldTile { x: 3240, z: 3290, level: 0 } walk=true transport=false leg=0 hops=6 outcome=None
[script livehrm041_0] slow tick 85: 55.431208ms
[nav-walk] here=WorldTile { x: 3240, z: 3292, level: 0 } aim=WorldTile { x: 3240, z: 3293, level: 0 } radius=2 ticks_waited=7 sent_tile=Some(WorldTile { x: 3244, z: 3276, level: 0 })
[nav-follow] here=WorldTile { x: 3240, z: 3292, level: 0 } walk=true transport=false leg=0 hops=7 outcome=None
[host] slot livehrm041_0: d_loop_us=1147 d_raster_us=0 d_observe_us=77465 max_observe_us=18337 d_paints=0 d_skips=50 d_ticks=3 window_ms=1329
[script livehrm041_0] slow tick 86: 56.852458ms
test catalog_boundary_live has been running for over 60 seconds
[nav-walk] here=WorldTile { x: 3240, z: 3294, level: 0 } aim=WorldTile { x: 3240, z: 3300, level: 0 } radius=0 ticks_waited=0 sent_tile=Some(WorldTile { x: 3240, z: 3292, level: 0 })
[nav-follow] here=WorldTile { x: 3240, z: 3294, level: 0 } walk=true transport=false leg=0 hops=7 outcome=None
[host] hitch livehrm041_0: observe_us=17661 paints=0 skips=1571 ticks=74
[script livehrm041_0] slow tick 87: 55.328584ms
[host] slot livehrm041_0: d_loop_us=10896 d_raster_us=0 d_observe_us=73372 max_observe_us=17661 d_paints=0 d_skips=50 d_ticks=2 window_ms=1316
[nav-walk] here=WorldTile { x: 3240, z: 3298, level: 0 } aim=WorldTile { x: 3240, z: 3300, level: 0 } radius=0 ticks_waited=1 sent_tile=Some(WorldTile { x: 3240, z: 3292, level: 0 })
[nav-follow] here=WorldTile { x: 3240, z: 3298, level: 0 } walk=true transport=false leg=0 hops=7 outcome=None
[host] hitch livehrm041_0: observe_us=17025 paints=0 skips=1617 ticks=76
[nav-walk] here=WorldTile { x: 3240, z: 3300, level: 0 } aim=WorldTile { x: 3240, z: 3300, level: 0 } radius=0 ticks_waited=2 sent_tile=Some(WorldTile { x: 3240, z: 3292, level: 0 })
[nav-follow] here=WorldTile { x: 3240, z: 3300, level: 0 } walk=false transport=true leg=1 hops=7 outcome=None
[host] slot livehrm041_0: d_loop_us=1277 d_raster_us=0 d_observe_us=87623 max_observe_us=17025 d_paints=0 d_skips=50 d_ticks=2 window_ms=1326
[nav-transport] cheap hop walk-through to WorldTile { x: 3242, z: 3301, level: 0 }
[nav-follow] here=WorldTile { x: 3238, z: 3300, level: 0 } walk=false transport=true leg=1 hops=7 outcome=None
[host] hitch livehrm041_0: observe_us=18345 paints=0 skips=1662 ticks=78
[nav-transport] cheap hop walk-through to WorldTile { x: 3242, z: 3301, level: 0 }
[nav-follow] here=WorldTile { x: 3239, z: 3301, level: 0 } walk=false transport=true leg=1 hops=7 outcome=None
[host] hitch livehrm041_0: observe_us=16539 paints=0 skips=1684 ticks=79
[host] slot livehrm041_0: d_loop_us=1153 d_raster_us=0 d_observe_us=73816 max_observe_us=18345 d_paints=0 d_skips=50 d_ticks=2 window_ms=1362
[nav-transport] cheap hop walk-through to WorldTile { x: 3242, z: 3301, level: 0 }
[nav-follow] here=WorldTile { x: 3241, z: 3301, level: 0 } walk=false transport=true leg=1 hops=7 outcome=None
[nav-transport] here=WorldTile { x: 3242, z: 3301, level: 0 } to=WorldTile { x: 3242, z: 3301, level: 0 } troll=false ticks_waited=0 loc_id=1551 open=true
[nav-follow] here=WorldTile { x: 3242, z: 3301, level: 0 } walk=true transport=false leg=2 hops=8 outcome=None
[host] hitch livehrm041_0: observe_us=18062 paints=0 skips=1728 ticks=81
[host] slot livehrm041_0: d_loop_us=1223 d_raster_us=0 d_observe_us=76232 max_observe_us=18062 d_paints=0 d_skips=50 d_ticks=2 window_ms=1318
[nav-walk] here=WorldTile { x: 3242, z: 3303, level: 0 } aim=WorldTile { x: 3260, z: 3321, level: 0 } radius=0 ticks_waited=0 sent_tile=Some(WorldTile { x: 3242, z: 3301, level: 0 })
[nav-follow] here=WorldTile { x: 3242, z: 3303, level: 0 } walk=true transport=false leg=2 hops=8 outcome=None
[nav-walk] here=WorldTile { x: 3244, z: 3305, level: 0 } aim=WorldTile { x: 3260, z: 3321, level: 0 } radius=0 ticks_waited=1 sent_tile=Some(WorldTile { x: 3242, z: 3301, level: 0 })
[nav-follow] here=WorldTile { x: 3244, z: 3305, level: 0 } walk=true transport=false leg=2 hops=8 outcome=None
[host] hitch livehrm041_0: observe_us=19505 paints=0 skips=1774 ticks=83
[nav-walk] here=WorldTile { x: 3246, z: 3307, level: 0 } aim=WorldTile { x: 3260, z: 3321, level: 0 } radius=0 ticks_waited=2 sent_tile=Some(WorldTile { x: 3242, z: 3301, level: 0 })
[nav-follow] here=WorldTile { x: 3246, z: 3307, level: 0 } walk=true transport=false leg=2 hops=8 outcome=None
[host] slot livehrm041_0: d_loop_us=1136 d_raster_us=0 d_observe_us=91337 max_observe_us=19505 d_paints=0 d_skips=50 d_ticks=3 window_ms=1333
[nav-walk] here=WorldTile { x: 3248, z: 3309, level: 0 } aim=WorldTile { x: 3260, z: 3321, level: 0 } radius=0 ticks_waited=3 sent_tile=Some(WorldTile { x: 3242, z: 3301, level: 0 })
[nav-follow] here=WorldTile { x: 3248, z: 3309, level: 0 } walk=true transport=false leg=2 hops=8 outcome=None
[host] hitch livehrm041_0: observe_us=19323 paints=0 skips=1818 ticks=85
[nav-walk] here=WorldTile { x: 3250, z: 3311, level: 0 } aim=WorldTile { x: 3260, z: 3321, level: 0 } radius=0 ticks_waited=4 sent_tile=Some(WorldTile { x: 3242, z: 3301, level: 0 })
[nav-follow] here=WorldTile { x: 3250, z: 3311, level: 0 } walk=true transport=false leg=2 hops=8 outcome=None
[host] slot livehrm041_0: d_loop_us=965 d_raster_us=0 d_observe_us=73337 max_observe_us=19323 d_paints=0 d_skips=50 d_ticks=2 window_ms=1333
[nav-walk] here=WorldTile { x: 3252, z: 3313, level: 0 } aim=WorldTile { x: 3260, z: 3321, level: 0 } radius=0 ticks_waited=5 sent_tile=Some(WorldTile { x: 3242, z: 3301, level: 0 })
[nav-follow] here=WorldTile { x: 3252, z: 3313, level: 0 } walk=true transport=false leg=2 hops=8 outcome=None
[host] hitch livehrm041_0: observe_us=20714 paints=0 skips=1864 ticks=87
[nav-walk] here=WorldTile { x: 3254, z: 3315, level: 0 } aim=WorldTile { x: 3260, z: 3321, level: 0 } radius=0 ticks_waited=6 sent_tile=Some(WorldTile { x: 3242, z: 3301, level: 0 })
[nav-follow] here=WorldTile { x: 3254, z: 3315, level: 0 } walk=true transport=false leg=2 hops=8 outcome=None
[host] slot livehrm041_0: d_loop_us=905 d_raster_us=0 d_observe_us=76548 max_observe_us=20714 d_paints=0 d_skips=50 d_ticks=2 window_ms=1336
[nav-walk] here=WorldTile { x: 3256, z: 3317, level: 0 } aim=WorldTile { x: 3260, z: 3321, level: 0 } radius=0 ticks_waited=7 sent_tile=Some(WorldTile { x: 3242, z: 3301, level: 0 })
[nav-follow] here=WorldTile { x: 3256, z: 3317, level: 0 } walk=true transport=false leg=2 hops=8 outcome=None
[host] hitch livehrm041_0: observe_us=20883 paints=0 skips=1909 ticks=89
[nav-walk] here=WorldTile { x: 3258, z: 3319, level: 0 } aim=WorldTile { x: 3260, z: 3321, level: 0 } radius=0 ticks_waited=8 sent_tile=Some(WorldTile { x: 3242, z: 3301, level: 0 })
[nav-follow] here=WorldTile { x: 3258, z: 3319, level: 0 } walk=true transport=false leg=2 hops=8 outcome=None
[host] hitch livehrm041_0: observe_us=20465 paints=0 skips=1932 ticks=90
[host] slot livehrm041_0: d_loop_us=922 d_raster_us=0 d_observe_us=81537 max_observe_us=20883 d_paints=0 d_skips=50 d_ticks=2 window_ms=1309
[nav-walk] here=WorldTile { x: 3260, z: 3321, level: 0 } aim=WorldTile { x: 3260, z: 3321, level: 0 } radius=0 ticks_waited=9 sent_tile=Some(WorldTile { x: 3242, z: 3301, level: 0 })
[nav-follow] here=WorldTile { x: 3260, z: 3321, level: 0 } walk=false transport=true leg=3 hops=8 outcome=None
[host] hitch livehrm041_0: observe_us=20678 paints=0 skips=1955 ticks=91
[nav-transport] here=WorldTile { x: 3261, z: 3322, level: 0 } to=WorldTile { x: 3261, z: 3322, level: 0 } troll=false ticks_waited=0 loc_id=1551 open=true
[nav-follow] here=WorldTile { x: 3261, z: 3322, level: 0 } walk=true transport=false leg=4 hops=9 outcome=None
[host] slot livehrm041_0: d_loop_us=905 d_raster_us=0 d_observe_us=70210 max_observe_us=20678 d_paints=0 d_skips=50 d_ticks=2 window_ms=1295
[nav-walk] here=WorldTile { x: 3263, z: 3323, level: 0 } aim=WorldTile { x: 3276, z: 3333, level: 0 } radius=2 ticks_waited=0 sent_tile=Some(WorldTile { x: 3261, z: 3322, level: 0 })
[nav-follow] here=WorldTile { x: 3263, z: 3323, level: 0 } walk=true transport=false leg=4 hops=9 outcome=None
[host] hitch livehrm041_0: observe_us=19195 paints=0 skips=2001 ticks=93
[nav-walk] here=WorldTile { x: 3265, z: 3325, level: 0 } aim=WorldTile { x: 3276, z: 3333, level: 0 } radius=2 ticks_waited=1 sent_tile=Some(WorldTile { x: 3261, z: 3322, level: 0 })
[nav-follow] here=WorldTile { x: 3265, z: 3325, level: 0 } walk=true transport=false leg=4 hops=9 outcome=None
[host] hitch livehrm041_0: observe_us=20565 paints=0 skips=2023 ticks=94
[nav-walk] here=WorldTile { x: 3267, z: 3327, level: 0 } aim=WorldTile { x: 3276, z: 3333, level: 0 } radius=2 ticks_waited=2 sent_tile=Some(WorldTile { x: 3261, z: 3322, level: 0 })
[nav-follow] here=WorldTile { x: 3267, z: 3327, level: 0 } walk=true transport=false leg=4 hops=9 outcome=None
[host] hitch livehrm041_0: observe_us=18133 paints=0 skips=2046 ticks=95
[host] slot livehrm041_0: d_loop_us=907 d_raster_us=0 d_observe_us=99669 max_observe_us=20565 d_paints=0 d_skips=50 d_ticks=3 window_ms=1329
[nav-walk] here=WorldTile { x: 3269, z: 3329, level: 0 } aim=WorldTile { x: 3276, z: 3333, level: 0 } radius=2 ticks_waited=3 sent_tile=Some(WorldTile { x: 3261, z: 3322, level: 0 })
[nav-follow] here=WorldTile { x: 3269, z: 3329, level: 0 } walk=true transport=false leg=4 hops=9 outcome=None
[host] hitch livehrm041_0: observe_us=17183 paints=0 skips=2068 ticks=96
[nav-walk] here=WorldTile { x: 3271, z: 3330, level: 0 } aim=WorldTile { x: 3276, z: 3333, level: 0 } radius=2 ticks_waited=4 sent_tile=Some(WorldTile { x: 3261, z: 3322, level: 0 })
[nav-follow] here=WorldTile { x: 3271, z: 3330, level: 0 } walk=true transport=false leg=4 hops=9 outcome=None
[host] hitch livehrm041_0: observe_us=22080 paints=0 skips=2090 ticks=97
[host] slot livehrm041_0: d_loop_us=892 d_raster_us=0 d_observe_us=81286 max_observe_us=22080 d_paints=0 d_skips=50 d_ticks=2 window_ms=1354
[nav-walk] here=WorldTile { x: 3273, z: 3330, level: 0 } aim=WorldTile { x: 3276, z: 3333, level: 0 } radius=2 ticks_waited=5 sent_tile=Some(WorldTile { x: 3261, z: 3322, level: 0 })
[nav-follow] here=WorldTile { x: 3273, z: 3330, level: 0 } walk=true transport=false leg=4 hops=9 outcome=None
[host] hitch livehrm041_0: observe_us=17520 paints=0 skips=2114 ticks=98
[nav-walk] here=WorldTile { x: 3275, z: 3332, level: 0 } aim=WorldTile { x: 3276, z: 3333, level: 0 } radius=2 ticks_waited=6 sent_tile=Some(WorldTile { x: 3261, z: 3322, level: 0 })
[nav-follow] here=WorldTile { x: 3275, z: 3332, level: 0 } walk=true transport=false leg=4 hops=10 outcome=None
[host] slot livehrm041_0: d_loop_us=846 d_raster_us=0 d_observe_us=71777 max_observe_us=17520 d_paints=0 d_skips=50 d_ticks=2 window_ms=1308
[nav-walk] here=WorldTile { x: 3277, z: 3332, level: 0 } aim=WorldTile { x: 3288, z: 3317, level: 0 } radius=2 ticks_waited=0 sent_tile=Some(WorldTile { x: 3275, z: 3332, level: 0 })
[nav-follow] here=WorldTile { x: 3277, z: 3332, level: 0 } walk=true transport=false leg=4 hops=10 outcome=None
[host] hitch livehrm041_0: observe_us=18747 paints=0 skips=2159 ticks=100
[nav-walk] here=WorldTile { x: 3279, z: 3330, level: 0 } aim=WorldTile { x: 3288, z: 3317, level: 0 } radius=2 ticks_waited=1 sent_tile=Some(WorldTile { x: 3275, z: 3332, level: 0 })
[nav-follow] here=WorldTile { x: 3279, z: 3330, level: 0 } walk=true transport=false leg=4 hops=10 outcome=None
[host] hitch livehrm041_0: observe_us=16270 paints=0 skips=2182 ticks=101
[host] slot livehrm041_0: d_loop_us=805 d_raster_us=0 d_observe_us=78121 max_observe_us=18747 d_paints=0 d_skips=50 d_ticks=2 window_ms=1299
[nav-walk] here=WorldTile { x: 3283, z: 3326, level: 0 } aim=WorldTile { x: 3288, z: 3317, level: 0 } radius=2 ticks_waited=2 sent_tile=Some(WorldTile { x: 3275, z: 3332, level: 0 })
[nav-follow] here=WorldTile { x: 3283, z: 3326, level: 0 } walk=true transport=false leg=4 hops=10 outcome=None
[host] slot livehrm041_0: d_loop_us=10703 d_raster_us=0 d_observe_us=93488 max_observe_us=14344 d_paints=0 d_skips=50 d_ticks=2 window_ms=1308
[nav-walk] here=WorldTile { x: 3285, z: 3324, level: 0 } aim=WorldTile { x: 3288, z: 3317, level: 0 } radius=2 ticks_waited=3 sent_tile=Some(WorldTile { x: 3275, z: 3332, level: 0 })
[nav-follow] here=WorldTile { x: 3285, z: 3324, level: 0 } walk=true transport=false leg=4 hops=10 outcome=None
[host] hitch livehrm041_0: observe_us=20023 paints=0 skips=2251 ticks=104
[nav-walk] here=WorldTile { x: 3287, z: 3322, level: 0 } aim=WorldTile { x: 3288, z: 3317, level: 0 } radius=2 ticks_waited=4 sent_tile=Some(WorldTile { x: 3275, z: 3332, level: 0 })
[nav-follow] here=WorldTile { x: 3287, z: 3322, level: 0 } walk=true transport=false leg=4 hops=10 outcome=None
[nav-walk] here=WorldTile { x: 3288, z: 3320, level: 0 } aim=WorldTile { x: 3288, z: 3317, level: 0 } radius=2 ticks_waited=5 sent_tile=Some(WorldTile { x: 3275, z: 3332, level: 0 })
[nav-follow] here=WorldTile { x: 3288, z: 3320, level: 0 } walk=true transport=false leg=4 hops=10 outcome=None
[host] hitch livehrm041_0: observe_us=17627 paints=0 skips=2297 ticks=106
[host] slot livehrm041_0: d_loop_us=860 d_raster_us=0 d_observe_us=92845 max_observe_us=20023 d_paints=0 d_skips=50 d_ticks=3 window_ms=1299
[nav-walk] here=WorldTile { x: 3288, z: 3318, level: 0 } aim=WorldTile { x: 3288, z: 3317, level: 0 } radius=2 ticks_waited=6 sent_tile=Some(WorldTile { x: 3275, z: 3332, level: 0 })
[nav-follow] here=WorldTile { x: 3288, z: 3318, level: 0 } walk=true transport=false leg=4 hops=11 outcome=None
[nav-walk] here=WorldTile { x: 3288, z: 3316, level: 0 } aim=WorldTile { x: 3289, z: 3301, level: 0 } radius=2 ticks_waited=0 sent_tile=Some(WorldTile { x: 3288, z: 3318, level: 0 })
[nav-follow] here=WorldTile { x: 3288, z: 3316, level: 0 } walk=true transport=false leg=4 hops=11 outcome=None
[host] slot livehrm041_0: d_loop_us=819 d_raster_us=0 d_observe_us=65310 max_observe_us=15803 d_paints=0 d_skips=50 d_ticks=2 window_ms=1355
[nav-walk] here=WorldTile { x: 3287, z: 3314, level: 0 } aim=WorldTile { x: 3289, z: 3301, level: 0 } radius=2 ticks_waited=1 sent_tile=Some(WorldTile { x: 3288, z: 3318, level: 0 })
[nav-follow] here=WorldTile { x: 3287, z: 3314, level: 0 } walk=true transport=false leg=4 hops=11 outcome=None
[host] hitch livehrm041_0: observe_us=16942 paints=0 skips=2364 ticks=109
[nav-walk] here=WorldTile { x: 3287, z: 3312, level: 0 } aim=WorldTile { x: 3289, z: 3301, level: 0 } radius=2 ticks_waited=2 sent_tile=Some(WorldTile { x: 3288, z: 3318, level: 0 })
[nav-follow] here=WorldTile { x: 3287, z: 3312, level: 0 } walk=true transport=false leg=4 hops=11 outcome=None
[host] slot livehrm041_0: d_loop_us=974 d_raster_us=0 d_observe_us=67805 max_observe_us=16942 d_paints=0 d_skips=50 d_ticks=2 window_ms=1313
[nav-walk] here=WorldTile { x: 3287, z: 3310, level: 0 } aim=WorldTile { x: 3289, z: 3301, level: 0 } radius=2 ticks_waited=3 sent_tile=Some(WorldTile { x: 3288, z: 3318, level: 0 })
[nav-follow] here=WorldTile { x: 3287, z: 3310, level: 0 } walk=true transport=false leg=4 hops=11 outcome=None
[host] hitch livehrm041_0: observe_us=20788 paints=0 skips=2410 ticks=111
[nav-walk] here=WorldTile { x: 3287, z: 3308, level: 0 } aim=WorldTile { x: 3289, z: 3301, level: 0 } radius=2 ticks_waited=4 sent_tile=Some(WorldTile { x: 3288, z: 3318, level: 0 })
[nav-follow] here=WorldTile { x: 3287, z: 3308, level: 0 } walk=true transport=false leg=4 hops=11 outcome=None
[host] hitch livehrm041_0: observe_us=18530 paints=0 skips=2434 ticks=112
[host] slot livehrm041_0: d_loop_us=1085 d_raster_us=0 d_observe_us=85700 max_observe_us=20788 d_paints=0 d_skips=50 d_ticks=2 window_ms=1263
[nav-walk] here=WorldTile { x: 3287, z: 3306, level: 0 } aim=WorldTile { x: 3289, z: 3301, level: 0 } radius=2 ticks_waited=5 sent_tile=Some(WorldTile { x: 3288, z: 3318, level: 0 })
[nav-follow] here=WorldTile { x: 3287, z: 3306, level: 0 } walk=true transport=false leg=4 hops=11 outcome=None
[host] hitch livehrm041_0: observe_us=17314 paints=0 skips=2459 ticks=113
[nav-walk] here=WorldTile { x: 3287, z: 3304, level: 0 } aim=WorldTile { x: 3289, z: 3301, level: 0 } radius=2 ticks_waited=6 sent_tile=Some(WorldTile { x: 3288, z: 3318, level: 0 })
[nav-follow] here=WorldTile { x: 3287, z: 3304, level: 0 } walk=true transport=false leg=4 hops=11 outcome=None
[host] hitch livehrm041_0: observe_us=18456 paints=0 skips=2483 ticks=114
[host] slot livehrm041_0: d_loop_us=922 d_raster_us=0 d_observe_us=72478 max_observe_us=18456 d_paints=0 d_skips=50 d_ticks=2 window_ms=1232
[nav-walk] here=WorldTile { x: 3288, z: 3302, level: 0 } aim=WorldTile { x: 3289, z: 3301, level: 0 } radius=2 ticks_waited=7 sent_tile=Some(WorldTile { x: 3288, z: 3318, level: 0 })
[nav-follow] here=WorldTile { x: 3288, z: 3302, level: 0 } walk=true transport=false leg=4 hops=12 outcome=None
[host] hitch livehrm041_0: observe_us=18643 paints=0 skips=2507 ticks=115
[nav-walk] here=WorldTile { x: 3288, z: 3300, level: 0 } aim=WorldTile { x: 3289, z: 3285, level: 0 } radius=2 ticks_waited=0 sent_tile=Some(WorldTile { x: 3288, z: 3302, level: 0 })
[nav-follow] here=WorldTile { x: 3288, z: 3300, level: 0 } walk=true transport=false leg=4 hops=12 outcome=None
[host] hitch livehrm041_0: observe_us=17635 paints=0 skips=2530 ticks=116
[host] slot livehrm041_0: d_loop_us=982 d_raster_us=0 d_observe_us=75616 max_observe_us=18643 d_paints=0 d_skips=50 d_ticks=2 window_ms=1299
[nav-walk] here=WorldTile { x: 3288, z: 3298, level: 0 } aim=WorldTile { x: 3289, z: 3285, level: 0 } radius=2 ticks_waited=1 sent_tile=Some(WorldTile { x: 3288, z: 3302, level: 0 })
[nav-follow] here=WorldTile { x: 3288, z: 3298, level: 0 } walk=true transport=false leg=4 hops=12 outcome=None
[host] hitch livehrm041_0: observe_us=17548 paints=0 skips=2552 ticks=117
[nav-walk] here=WorldTile { x: 3288, z: 3296, level: 0 } aim=WorldTile { x: 3289, z: 3285, level: 0 } radius=2 ticks_waited=2 sent_tile=Some(WorldTile { x: 3288, z: 3302, level: 0 })
[nav-follow] here=WorldTile { x: 3288, z: 3296, level: 0 } walk=true transport=false leg=4 hops=12 outcome=None
[host] hitch livehrm041_0: observe_us=19858 paints=0 skips=2575 ticks=118
[host] slot livehrm041_0: d_loop_us=1265 d_raster_us=0 d_observe_us=88979 max_observe_us=19858 d_paints=0 d_skips=50 d_ticks=3 window_ms=1322
[nav-walk] here=WorldTile { x: 3288, z: 3292, level: 0 } aim=WorldTile { x: 3289, z: 3285, level: 0 } radius=2 ticks_waited=3 sent_tile=Some(WorldTile { x: 3288, z: 3302, level: 0 })
[nav-follow] here=WorldTile { x: 3288, z: 3292, level: 0 } walk=true transport=false leg=4 hops=12 outcome=None
[host] hitch livehrm041_0: observe_us=17283 paints=0 skips=2620 ticks=120
[nav-walk] here=WorldTile { x: 3288, z: 3290, level: 0 } aim=WorldTile { x: 3289, z: 3285, level: 0 } radius=2 ticks_waited=4 sent_tile=Some(WorldTile { x: 3288, z: 3302, level: 0 })
[nav-follow] here=WorldTile { x: 3288, z: 3290, level: 0 } walk=true transport=false leg=4 hops=12 outcome=None
[host] hitch livehrm041_0: observe_us=19704 paints=0 skips=2643 ticks=121
[host] slot livehrm041_0: d_loop_us=13814 d_raster_us=0 d_observe_us=106305 max_observe_us=19704 d_paints=0 d_skips=50 d_ticks=2 window_ms=1352
[nav-walk] here=WorldTile { x: 3288, z: 3288, level: 0 } aim=WorldTile { x: 3289, z: 3285, level: 0 } radius=2 ticks_waited=5 sent_tile=Some(WorldTile { x: 3288, z: 3302, level: 0 })
[nav-follow] here=WorldTile { x: 3288, z: 3288, level: 0 } walk=true transport=false leg=4 hops=12 outcome=None
[host] hitch livehrm041_0: observe_us=19011 paints=0 skips=2665 ticks=122
[nav-walk] here=WorldTile { x: 3288, z: 3286, level: 0 } aim=WorldTile { x: 3289, z: 3285, level: 0 } radius=2 ticks_waited=6 sent_tile=Some(WorldTile { x: 3288, z: 3302, level: 0 })
[nav-follow] here=WorldTile { x: 3288, z: 3286, level: 0 } walk=true transport=false leg=4 hops=13 outcome=None
[host] hitch livehrm041_0: observe_us=19580 paints=0 skips=2687 ticks=123
[script livehrm041_0] could not open a bank — retrying
[host] slot livehrm041_0: d_loop_us=1275 d_raster_us=0 d_observe_us=88515 max_observe_us=19580 d_paints=0 d_skips=50 d_ticks=2 window_ms=1331
[nav-walk] here=WorldTile { x: 3288, z: 3284, level: 0 } aim=WorldTile { x: 3295, z: 3269, level: 0 } radius=2 ticks_waited=0 sent_tile=Some(WorldTile { x: 3288, z: 3286, level: 0 })
[nav-follow] here=WorldTile { x: 3288, z: 3284, level: 0 } walk=true transport=false leg=4 hops=13 outcome=None
[host] hitch livehrm041_0: observe_us=16049 paints=0 skips=2710 ticks=124
[script livehrm041_0] interact WalkNearestBank
[nav-walk] here=WorldTile { x: 3288, z: 3282, level: 0 } aim=WorldTile { x: 3295, z: 3269, level: 0 } radius=2 ticks_waited=1 sent_tile=Some(WorldTile { x: 3288, z: 3286, level: 0 })
[nav-follow] here=WorldTile { x: 3288, z: 3282, level: 0 } walk=true transport=false leg=4 hops=13 outcome=None
[host] hitch livehrm041_0: observe_us=17938 paints=0 skips=2732 ticks=125
[host] slot livehrm041_0: d_loop_us=1099 d_raster_us=0 d_observe_us=85201 max_observe_us=17938 d_paints=0 d_skips=50 d_ticks=2 window_ms=1339
[nav-walk] here=WorldTile { x: 3288, z: 3280, level: 0 } aim=WorldTile { x: 3295, z: 3269, level: 0 } radius=2 ticks_waited=2 sent_tile=Some(WorldTile { x: 3288, z: 3286, level: 0 })
[nav-follow] here=WorldTile { x: 3288, z: 3280, level: 0 } walk=true transport=false leg=4 hops=13 outcome=None
[nav-walk] here=WorldTile { x: 3288, z: 3278, level: 0 } aim=WorldTile { x: 3295, z: 3269, level: 0 } radius=2 ticks_waited=3 sent_tile=Some(WorldTile { x: 3288, z: 3286, level: 0 })
[nav-follow] here=WorldTile { x: 3288, z: 3278, level: 0 } walk=true transport=false leg=4 hops=13 outcome=None
[host] slot livehrm041_0: d_loop_us=1282 d_raster_us=0 d_observe_us=81175 max_observe_us=15318 d_paints=0 d_skips=50 d_ticks=3 window_ms=1326
[nav-walk] here=WorldTile { x: 3288, z: 3276, level: 0 } aim=WorldTile { x: 3295, z: 3269, level: 0 } radius=2 ticks_waited=4 sent_tile=Some(WorldTile { x: 3288, z: 3286, level: 0 })
[nav-follow] here=WorldTile { x: 3288, z: 3276, level: 0 } walk=true transport=false leg=4 hops=13 outcome=None
[nav-walk] here=WorldTile { x: 3290, z: 3274, level: 0 } aim=WorldTile { x: 3295, z: 3269, level: 0 } radius=2 ticks_waited=5 sent_tile=Some(WorldTile { x: 3288, z: 3286, level: 0 })
[nav-follow] here=WorldTile { x: 3290, z: 3274, level: 0 } walk=true transport=false leg=4 hops=13 outcome=None
[nav-walk] here=WorldTile { x: 3292, z: 3272, level: 0 } aim=WorldTile { x: 3295, z: 3269, level: 0 } radius=2 ticks_waited=6 sent_tile=Some(WorldTile { x: 3288, z: 3286, level: 0 })
[nav-follow] here=WorldTile { x: 3292, z: 3272, level: 0 } walk=true transport=false leg=4 hops=13 outcome=None
[host] hitch livehrm041_0: observe_us=17715 paints=0 skips=2847 ticks=130
[host] slot livehrm041_0: d_loop_us=1132 d_raster_us=0 d_observe_us=95107 max_observe_us=17715 d_paints=0 d_skips=50 d_ticks=2 window_ms=1285
[nav-walk] here=WorldTile { x: 3294, z: 3270, level: 0 } aim=WorldTile { x: 3295, z: 3269, level: 0 } radius=2 ticks_waited=7 sent_tile=Some(WorldTile { x: 3288, z: 3286, level: 0 })
[nav-follow] here=WorldTile { x: 3294, z: 3270, level: 0 } walk=true transport=false leg=4 hops=14 outcome=None
[host] hitch livehrm041_0: observe_us=18952 paints=0 skips=2869 ticks=131
[nav-walk] here=WorldTile { x: 3294, z: 3268, level: 0 } aim=WorldTile { x: 3303, z: 3253, level: 0 } radius=2 ticks_waited=0 sent_tile=Some(WorldTile { x: 3294, z: 3270, level: 0 })
[nav-follow] here=WorldTile { x: 3294, z: 3268, level: 0 } walk=true transport=false leg=4 hops=14 outcome=None
[host] slot livehrm041_0: d_loop_us=1036 d_raster_us=0 d_observe_us=85005 max_observe_us=18952 d_paints=0 d_skips=50 d_ticks=2 window_ms=1341
[nav-walk] here=WorldTile { x: 3296, z: 3266, level: 0 } aim=WorldTile { x: 3303, z: 3253, level: 0 } radius=2 ticks_waited=1 sent_tile=Some(WorldTile { x: 3294, z: 3270, level: 0 })
[nav-follow] here=WorldTile { x: 3296, z: 3266, level: 0 } walk=true transport=false leg=4 hops=14 outcome=None
[host] hitch livehrm041_0: observe_us=16152 paints=0 skips=2913 ticks=133
[nav-walk] here=WorldTile { x: 3298, z: 3264, level: 0 } aim=WorldTile { x: 3303, z: 3253, level: 0 } radius=2 ticks_waited=2 sent_tile=Some(WorldTile { x: 3294, z: 3270, level: 0 })
[nav-follow] here=WorldTile { x: 3298, z: 3264, level: 0 } walk=true transport=false leg=4 hops=14 outcome=None
[host] slot livehrm041_0: d_loop_us=1025 d_raster_us=0 d_observe_us=77613 max_observe_us=16152 d_paints=0 d_skips=50 d_ticks=2 window_ms=1332
[nav-walk] here=WorldTile { x: 3300, z: 3262, level: 0 } aim=WorldTile { x: 3303, z: 3253, level: 0 } radius=2 ticks_waited=3 sent_tile=Some(WorldTile { x: 3294, z: 3270, level: 0 })
[nav-follow] here=WorldTile { x: 3300, z: 3262, level: 0 } walk=true transport=false leg=4 hops=14 outcome=None
[nav-walk] here=WorldTile { x: 3302, z: 3260, level: 0 } aim=WorldTile { x: 3303, z: 3253, level: 0 } radius=2 ticks_waited=4 sent_tile=Some(WorldTile { x: 3294, z: 3270, level: 0 })
[nav-follow] here=WorldTile { x: 3302, z: 3260, level: 0 } walk=true transport=false leg=4 hops=14 outcome=None
[host] slot livehrm041_0: d_loop_us=916 d_raster_us=0 d_observe_us=69133 max_observe_us=14574 d_paints=0 d_skips=50 d_ticks=2 window_ms=1283
[nav-walk] here=WorldTile { x: 3302, z: 3258, level: 0 } aim=WorldTile { x: 3303, z: 3253, level: 0 } radius=2 ticks_waited=5 sent_tile=Some(WorldTile { x: 3294, z: 3270, level: 0 })
[nav-follow] here=WorldTile { x: 3302, z: 3258, level: 0 } walk=true transport=false leg=4 hops=14 outcome=None
[host] hitch livehrm041_0: observe_us=16005 paints=0 skips=3005 ticks=137
[nav-walk] here=WorldTile { x: 3303, z: 3256, level: 0 } aim=WorldTile { x: 3303, z: 3253, level: 0 } radius=2 ticks_waited=6 sent_tile=Some(WorldTile { x: 3294, z: 3270, level: 0 })
[nav-follow] here=WorldTile { x: 3303, z: 3256, level: 0 } walk=true transport=false leg=4 hops=14 outcome=None
[host] slot livehrm041_0: d_loop_us=1017 d_raster_us=0 d_observe_us=75367 max_observe_us=16005 d_paints=0 d_skips=50 d_ticks=2 window_ms=1320
[nav-walk] here=WorldTile { x: 3303, z: 3253, level: 0 } aim=WorldTile { x: 3303, z: 3253, level: 0 } radius=2 ticks_waited=7 sent_tile=Some(WorldTile { x: 3294, z: 3270, level: 0 })
[nav-follow] here=WorldTile { x: 3303, z: 3253, level: 0 } walk=true transport=false leg=4 hops=15 outcome=None
[host] hitch livehrm041_0: observe_us=18927 paints=0 skips=3074 ticks=140
[nav-walk] here=WorldTile { x: 3303, z: 3251, level: 0 } aim=WorldTile { x: 3308, z: 3237, level: 0 } radius=2 ticks_waited=0 sent_tile=Some(WorldTile { x: 3303, z: 3253, level: 0 })
[nav-follow] here=WorldTile { x: 3303, z: 3251, level: 0 } walk=true transport=false leg=4 hops=15 outcome=None
[host] slot livehrm041_0: d_loop_us=12901 d_raster_us=0 d_observe_us=105140 max_observe_us=18927 d_paints=0 d_skips=50 d_ticks=3 window_ms=1347
[nav-walk] here=WorldTile { x: 3303, z: 3249, level: 0 } aim=WorldTile { x: 3308, z: 3237, level: 0 } radius=2 ticks_waited=1 sent_tile=Some(WorldTile { x: 3303, z: 3253, level: 0 })
[nav-follow] here=WorldTile { x: 3303, z: 3249, level: 0 } walk=true transport=false leg=4 hops=15 outcome=None
[host] hitch livehrm041_0: observe_us=16612 paints=0 skips=3118 ticks=142
[nav-walk] here=WorldTile { x: 3303, z: 3247, level: 0 } aim=WorldTile { x: 3308, z: 3237, level: 0 } radius=2 ticks_waited=2 sent_tile=Some(WorldTile { x: 3303, z: 3253, level: 0 })
[nav-follow] here=WorldTile { x: 3303, z: 3247, level: 0 } walk=true transport=false leg=4 hops=15 outcome=None
[host] hitch livehrm041_0: observe_us=17984 paints=0 skips=3141 ticks=143
[host] slot livehrm041_0: d_loop_us=928 d_raster_us=0 d_observe_us=74169 max_observe_us=17984 d_paints=0 d_skips=50 d_ticks=2 window_ms=1304
[nav-walk] here=WorldTile { x: 3303, z: 3245, level: 0 } aim=WorldTile { x: 3308, z: 3237, level: 0 } radius=2 ticks_waited=3 sent_tile=Some(WorldTile { x: 3303, z: 3253, level: 0 })
[nav-follow] here=WorldTile { x: 3303, z: 3245, level: 0 } walk=true transport=false leg=4 hops=15 outcome=None
[nav-walk] here=WorldTile { x: 3304, z: 3243, level: 0 } aim=WorldTile { x: 3308, z: 3237, level: 0 } radius=2 ticks_waited=4 sent_tile=Some(WorldTile { x: 3303, z: 3253, level: 0 })
[nav-follow] here=WorldTile { x: 3304, z: 3243, level: 0 } walk=true transport=false leg=4 hops=15 outcome=None
[host] hitch livehrm041_0: observe_us=18589 paints=0 skips=3187 ticks=145
[host] slot livehrm041_0: d_loop_us=920 d_raster_us=0 d_observe_us=76970 max_observe_us=18589 d_paints=0 d_skips=50 d_ticks=2 window_ms=1294
[nav-walk] here=WorldTile { x: 3304, z: 3241, level: 0 } aim=WorldTile { x: 3308, z: 3237, level: 0 } radius=2 ticks_waited=5 sent_tile=Some(WorldTile { x: 3303, z: 3253, level: 0 })
[nav-follow] here=WorldTile { x: 3304, z: 3241, level: 0 } walk=true transport=false leg=4 hops=15 outcome=None
[nav-walk] here=WorldTile { x: 3306, z: 3239, level: 0 } aim=WorldTile { x: 3308, z: 3237, level: 0 } radius=2 ticks_waited=6 sent_tile=Some(WorldTile { x: 3303, z: 3253, level: 0 })
[nav-follow] here=WorldTile { x: 3306, z: 3239, level: 0 } walk=true transport=false leg=4 hops=16 outcome=None
[host] hitch livehrm041_0: observe_us=16919 paints=0 skips=3234 ticks=147
[host] slot livehrm041_0: d_loop_us=967 d_raster_us=0 d_observe_us=75268 max_observe_us=16919 d_paints=0 d_skips=50 d_ticks=2 window_ms=1294
[nav-walk] here=WorldTile { x: 3306, z: 3237, level: 0 } aim=WorldTile { x: 3298, z: 3221, level: 0 } radius=2 ticks_waited=0 sent_tile=Some(WorldTile { x: 3306, z: 3239, level: 0 })
[nav-follow] here=WorldTile { x: 3306, z: 3237, level: 0 } walk=true transport=false leg=4 hops=16 outcome=None
[nav-walk] here=WorldTile { x: 3306, z: 3235, level: 0 } aim=WorldTile { x: 3298, z: 3221, level: 0 } radius=2 ticks_waited=1 sent_tile=Some(WorldTile { x: 3306, z: 3239, level: 0 })
[nav-follow] here=WorldTile { x: 3306, z: 3235, level: 0 } walk=true transport=false leg=4 hops=16 outcome=None
[host] hitch livehrm041_0: observe_us=17011 paints=0 skips=3279 ticks=149
[host] slot livehrm041_0: d_loop_us=851 d_raster_us=0 d_observe_us=70619 max_observe_us=17011 d_paints=0 d_skips=50 d_ticks=2 window_ms=1343
[nav-walk] here=WorldTile { x: 3304, z: 3233, level: 0 } aim=WorldTile { x: 3298, z: 3221, level: 0 } radius=2 ticks_waited=2 sent_tile=Some(WorldTile { x: 3306, z: 3239, level: 0 })
[nav-follow] here=WorldTile { x: 3304, z: 3233, level: 0 } walk=true transport=false leg=4 hops=16 outcome=None
[host] hitch livehrm041_0: observe_us=16933 paints=0 skips=3301 ticks=150
[nav-walk] here=WorldTile { x: 3302, z: 3231, level: 0 } aim=WorldTile { x: 3298, z: 3221, level: 0 } radius=2 ticks_waited=3 sent_tile=Some(WorldTile { x: 3306, z: 3239, level: 0 })
[nav-follow] here=WorldTile { x: 3302, z: 3231, level: 0 } walk=true transport=false leg=4 hops=16 outcome=None
[host] hitch livehrm041_0: observe_us=19324 paints=0 skips=3325 ticks=151
[nav-walk] here=WorldTile { x: 3300, z: 3229, level: 0 } aim=WorldTile { x: 3298, z: 3221, level: 0 } radius=2 ticks_waited=4 sent_tile=Some(WorldTile { x: 3306, z: 3239, level: 0 })
[nav-follow] here=WorldTile { x: 3300, z: 3229, level: 0 } walk=true transport=false leg=4 hops=16 outcome=None
[host] slot livehrm041_0: d_loop_us=1585 d_raster_us=0 d_observe_us=101251 max_observe_us=19324 d_paints=0 d_skips=50 d_ticks=3 window_ms=1298
[nav-walk] here=WorldTile { x: 3298, z: 3227, level: 0 } aim=WorldTile { x: 3298, z: 3221, level: 0 } radius=2 ticks_waited=5 sent_tile=Some(WorldTile { x: 3306, z: 3239, level: 0 })
[nav-follow] here=WorldTile { x: 3298, z: 3227, level: 0 } walk=true transport=false leg=4 hops=16 outcome=None
[nav-walk] here=WorldTile { x: 3297, z: 3225, level: 0 } aim=WorldTile { x: 3298, z: 3221, level: 0 } radius=2 ticks_waited=6 sent_tile=Some(WorldTile { x: 3306, z: 3239, level: 0 })
[nav-follow] here=WorldTile { x: 3297, z: 3225, level: 0 } walk=true transport=false leg=4 hops=16 outcome=None
[host] slot livehrm041_0: d_loop_us=915 d_raster_us=0 d_observe_us=71888 max_observe_us=14202 d_paints=0 d_skips=50 d_ticks=2 window_ms=1288
[nav-walk] here=WorldTile { x: 3297, z: 3223, level: 0 } aim=WorldTile { x: 3298, z: 3221, level: 0 } radius=2 ticks_waited=7 sent_tile=Some(WorldTile { x: 3306, z: 3239, level: 0 })
[nav-follow] here=WorldTile { x: 3297, z: 3223, level: 0 } walk=true transport=false leg=4 hops=17 outcome=None
[nav-walk] here=WorldTile { x: 3297, z: 3221, level: 0 } aim=WorldTile { x: 3284, z: 3205, level: 0 } radius=2 ticks_waited=0 sent_tile=Some(WorldTile { x: 3297, z: 3223, level: 0 })
[nav-follow] here=WorldTile { x: 3297, z: 3221, level: 0 } walk=true transport=false leg=4 hops=17 outcome=None
[host] hitch livehrm041_0: observe_us=16114 paints=0 skips=3440 ticks=156
[host] slot livehrm041_0: d_loop_us=921 d_raster_us=0 d_observe_us=66746 max_observe_us=16114 d_paints=0 d_skips=50 d_ticks=2 window_ms=1344
[nav-walk] here=WorldTile { x: 3296, z: 3219, level: 0 } aim=WorldTile { x: 3284, z: 3205, level: 0 } radius=2 ticks_waited=1 sent_tile=Some(WorldTile { x: 3297, z: 3223, level: 0 })
[nav-follow] here=WorldTile { x: 3296, z: 3219, level: 0 } walk=true transport=false leg=4 hops=17 outcome=None
[nav-walk] here=WorldTile { x: 3294, z: 3217, level: 0 } aim=WorldTile { x: 3284, z: 3205, level: 0 } radius=2 ticks_waited=2 sent_tile=Some(WorldTile { x: 3297, z: 3223, level: 0 })
[nav-follow] here=WorldTile { x: 3294, z: 3217, level: 0 } walk=true transport=false leg=4 hops=17 outcome=None
[host] slot livehrm041_0: d_loop_us=1099 d_raster_us=0 d_observe_us=74609 max_observe_us=15490 d_paints=0 d_skips=50 d_ticks=2 window_ms=1332
[nav-walk] here=WorldTile { x: 3291, z: 3213, level: 0 } aim=WorldTile { x: 3284, z: 3205, level: 0 } radius=2 ticks_waited=3 sent_tile=Some(WorldTile { x: 3297, z: 3223, level: 0 })
[nav-follow] here=WorldTile { x: 3291, z: 3213, level: 0 } walk=true transport=false leg=4 hops=17 outcome=None
[host] hitch livehrm041_0: observe_us=18410 paints=0 skips=3529 ticks=160
[script livehrm041_0] slow tick 173: 58.733375ms
[host] slot livehrm041_0: d_loop_us=12709 d_raster_us=0 d_observe_us=87238 max_observe_us=18410 d_paints=0 d_skips=50 d_ticks=2 window_ms=1299
[nav-walk] here=WorldTile { x: 3290, z: 3211, level: 0 } aim=WorldTile { x: 3284, z: 3205, level: 0 } radius=2 ticks_waited=4 sent_tile=Some(WorldTile { x: 3297, z: 3223, level: 0 })
[nav-follow] here=WorldTile { x: 3290, z: 3211, level: 0 } walk=true transport=false leg=4 hops=17 outcome=None
[host] hitch livehrm041_0: observe_us=17083 paints=0 skips=3553 ticks=161
[script livehrm041_0] slow tick 174: 58.736792ms
[nav-walk] here=WorldTile { x: 3288, z: 3209, level: 0 } aim=WorldTile { x: 3284, z: 3205, level: 0 } radius=2 ticks_waited=5 sent_tile=Some(WorldTile { x: 3297, z: 3223, level: 0 })
[nav-follow] here=WorldTile { x: 3288, z: 3209, level: 0 } walk=true transport=false leg=4 hops=17 outcome=None
[host] hitch livehrm041_0: observe_us=17210 paints=0 skips=3576 ticks=162
[script livehrm041_0] slow tick 175: 58.83ms
[host] slot livehrm041_0: d_loop_us=1089 d_raster_us=0 d_observe_us=70374 max_observe_us=17210 d_paints=0 d_skips=50 d_ticks=3 window_ms=1286
[nav-walk] here=WorldTile { x: 3286, z: 3207, level: 0 } aim=WorldTile { x: 3284, z: 3205, level: 0 } radius=2 ticks_waited=6 sent_tile=Some(WorldTile { x: 3297, z: 3223, level: 0 })
[nav-follow] here=WorldTile { x: 3286, z: 3207, level: 0 } walk=true transport=false leg=4 hops=18 outcome=None
[host] hitch livehrm041_0: observe_us=17842 paints=0 skips=3600 ticks=163
[script livehrm041_0] slow tick 176: 58.378792ms
[nav-walk] here=WorldTile { x: 3284, z: 3205, level: 0 } aim=WorldTile { x: 3284, z: 3189, level: 0 } radius=2 ticks_waited=0 sent_tile=Some(WorldTile { x: 3286, z: 3207, level: 0 })
[nav-follow] here=WorldTile { x: 3284, z: 3205, level: 0 } walk=true transport=false leg=4 hops=18 outcome=None
[host] hitch livehrm041_0: observe_us=17609 paints=0 skips=3623 ticks=164
[script livehrm041_0] slow tick 177: 60.093958ms
[nav-walk] here=WorldTile { x: 3282, z: 3203, level: 0 } aim=WorldTile { x: 3284, z: 3189, level: 0 } radius=2 ticks_waited=1 sent_tile=Some(WorldTile { x: 3286, z: 3207, level: 0 })
[nav-follow] here=WorldTile { x: 3282, z: 3203, level: 0 } walk=true transport=false leg=4 hops=18 outcome=None
[host] hitch livehrm041_0: observe_us=18349 paints=0 skips=3647 ticks=165
[host] slot livehrm041_0: d_loop_us=1130 d_raster_us=0 d_observe_us=93137 max_observe_us=18349 d_paints=0 d_skips=50 d_ticks=2 window_ms=1283
[script livehrm041_0] slow tick 178: 59.525459ms
[nav-walk] here=WorldTile { x: 3282, z: 3201, level: 0 } aim=WorldTile { x: 3284, z: 3189, level: 0 } radius=2 ticks_waited=2 sent_tile=Some(WorldTile { x: 3286, z: 3207, level: 0 })
[nav-follow] here=WorldTile { x: 3282, z: 3201, level: 0 } walk=true transport=false leg=4 hops=18 outcome=None
[host] hitch livehrm041_0: observe_us=16321 paints=0 skips=3668 ticks=166
[script livehrm041_0] slow tick 179: 58.665125ms
[nav-walk] here=WorldTile { x: 3282, z: 3199, level: 0 } aim=WorldTile { x: 3284, z: 3189, level: 0 } radius=2 ticks_waited=3 sent_tile=Some(WorldTile { x: 3286, z: 3207, level: 0 })
[nav-follow] here=WorldTile { x: 3282, z: 3199, level: 0 } walk=true transport=false leg=4 hops=18 outcome=None
[host] hitch livehrm041_0: observe_us=21331 paints=0 skips=3692 ticks=167
[script livehrm041_0] slow tick 180: 58.38275ms
[host] slot livehrm041_0: d_loop_us=1078 d_raster_us=0 d_observe_us=78027 max_observe_us=21331 d_paints=0 d_skips=50 d_ticks=2 window_ms=1331
[nav-walk] here=WorldTile { x: 3282, z: 3197, level: 0 } aim=WorldTile { x: 3284, z: 3189, level: 0 } radius=2 ticks_waited=4 sent_tile=Some(WorldTile { x: 3286, z: 3207, level: 0 })
[nav-follow] here=WorldTile { x: 3282, z: 3197, level: 0 } walk=true transport=false leg=4 hops=18 outcome=None
[host] hitch livehrm041_0: observe_us=20198 paints=0 skips=3714 ticks=168
[script livehrm041_0] slow tick 181: 60.562833ms
[nav-walk] here=WorldTile { x: 3282, z: 3195, level: 0 } aim=WorldTile { x: 3284, z: 3189, level: 0 } radius=2 ticks_waited=5 sent_tile=Some(WorldTile { x: 3286, z: 3207, level: 0 })
[nav-follow] here=WorldTile { x: 3282, z: 3195, level: 0 } walk=true transport=false leg=4 hops=18 outcome=None
[host] hitch livehrm041_0: observe_us=16361 paints=0 skips=3736 ticks=169
[script livehrm041_0] slow tick 182: 59.072084ms
[host] slot livehrm041_0: d_loop_us=1019 d_raster_us=0 d_observe_us=73604 max_observe_us=20198 d_paints=0 d_skips=50 d_ticks=2 window_ms=1326
[nav-walk] here=WorldTile { x: 3282, z: 3193, level: 0 } aim=WorldTile { x: 3284, z: 3189, level: 0 } radius=2 ticks_waited=6 sent_tile=Some(WorldTile { x: 3286, z: 3207, level: 0 })
[nav-follow] here=WorldTile { x: 3282, z: 3193, level: 0 } walk=true transport=false leg=4 hops=18 outcome=None
[host] hitch livehrm041_0: observe_us=17496 paints=0 skips=3759 ticks=170
[script livehrm041_0] slow tick 183: 59.447375ms
[nav-walk] here=WorldTile { x: 3282, z: 3191, level: 0 } aim=WorldTile { x: 3284, z: 3189, level: 0 } radius=2 ticks_waited=7 sent_tile=Some(WorldTile { x: 3286, z: 3207, level: 0 })
[nav-follow] here=WorldTile { x: 3282, z: 3191, level: 0 } walk=true transport=false leg=4 hops=19 outcome=None
[host] hitch livehrm041_0: observe_us=19294 paints=0 skips=3782 ticks=171
[script livehrm041_0] slow tick 184: 58.636792ms
[host] slot livehrm041_0: d_loop_us=1126 d_raster_us=0 d_observe_us=78431 max_observe_us=19294 d_paints=0 d_skips=50 d_ticks=2 window_ms=1300
[nav-walk] here=WorldTile { x: 3282, z: 3189, level: 0 } aim=WorldTile { x: 3277, z: 3173, level: 0 } radius=2 ticks_waited=0 sent_tile=Some(WorldTile { x: 3282, z: 3191, level: 0 })
[nav-follow] here=WorldTile { x: 3282, z: 3189, level: 0 } walk=true transport=false leg=4 hops=19 outcome=None
[host] hitch livehrm041_0: observe_us=19796 paints=0 skips=3806 ticks=172
[script livehrm041_0] slow tick 185: 60.270834ms
[nav-walk] here=WorldTile { x: 3282, z: 3187, level: 0 } aim=WorldTile { x: 3277, z: 3173, level: 0 } radius=2 ticks_waited=1 sent_tile=Some(WorldTile { x: 3282, z: 3191, level: 0 })
[nav-follow] here=WorldTile { x: 3282, z: 3187, level: 0 } walk=true transport=false leg=4 hops=19 outcome=None
[script livehrm041_0] slow tick 186: 58.679208ms
[host] slot livehrm041_0: d_loop_us=1067 d_raster_us=0 d_observe_us=72437 max_observe_us=19796 d_paints=0 d_skips=50 d_ticks=2 window_ms=1314
[nav-walk] here=WorldTile { x: 3282, z: 3185, level: 0 } aim=WorldTile { x: 3277, z: 3173, level: 0 } radius=2 ticks_waited=2 sent_tile=Some(WorldTile { x: 3282, z: 3191, level: 0 })
[nav-follow] here=WorldTile { x: 3282, z: 3185, level: 0 } walk=true transport=false leg=4 hops=19 outcome=None
[host] hitch livehrm041_0: observe_us=17963 paints=0 skips=3851 ticks=174
[script livehrm041_0] slow tick 187: 58.79875ms
[nav-walk] here=WorldTile { x: 3282, z: 3183, level: 0 } aim=WorldTile { x: 3277, z: 3173, level: 0 } radius=2 ticks_waited=3 sent_tile=Some(WorldTile { x: 3282, z: 3191, level: 0 })
[nav-follow] here=WorldTile { x: 3282, z: 3183, level: 0 } walk=true transport=false leg=4 hops=19 outcome=None
[host] hitch livehrm041_0: observe_us=17957 paints=0 skips=3873 ticks=175
[script livehrm041_0] slow tick 188: 58.610375ms
[nav-walk] here=WorldTile { x: 3282, z: 3181, level: 0 } aim=WorldTile { x: 3277, z: 3173, level: 0 } radius=2 ticks_waited=4 sent_tile=Some(WorldTile { x: 3282, z: 3191, level: 0 })
[nav-follow] here=WorldTile { x: 3282, z: 3181, level: 0 } walk=true transport=false leg=4 hops=19 outcome=None
[host] hitch livehrm041_0: observe_us=17156 paints=0 skips=3895 ticks=176
[script livehrm041_0] slow tick 189: 58.763917ms
[host] slot livehrm041_0: d_loop_us=1063 d_raster_us=0 d_observe_us=89700 max_observe_us=17963 d_paints=0 d_skips=50 d_ticks=3 window_ms=1355
[nav-walk] here=WorldTile { x: 3280, z: 3179, level: 0 } aim=WorldTile { x: 3277, z: 3173, level: 0 } radius=2 ticks_waited=5 sent_tile=Some(WorldTile { x: 3282, z: 3191, level: 0 })
[nav-follow] here=WorldTile { x: 3280, z: 3179, level: 0 } walk=true transport=false leg=4 hops=19 outcome=None
[script livehrm041_0] slow tick 190: 59.596625ms
[nav-walk] here=WorldTile { x: 3280, z: 3177, level: 0 } aim=WorldTile { x: 3277, z: 3173, level: 0 } radius=2 ticks_waited=6 sent_tile=Some(WorldTile { x: 3282, z: 3191, level: 0 })
[nav-follow] here=WorldTile { x: 3280, z: 3177, level: 0 } walk=true transport=false leg=4 hops=19 outcome=None
[script livehrm041_0] slow tick 191: 58.892375ms
[host] slot livehrm041_0: d_loop_us=1155 d_raster_us=0 d_observe_us=67425 max_observe_us=15521 d_paints=0 d_skips=50 d_ticks=2 window_ms=1328
[nav-walk] here=WorldTile { x: 3280, z: 3176, level: 0 } aim=WorldTile { x: 3277, z: 3173, level: 0 } radius=2 ticks_waited=7 sent_tile=Some(WorldTile { x: 3282, z: 3191, level: 0 })
[nav-follow] here=WorldTile { x: 3280, z: 3176, level: 0 } walk=true transport=false leg=4 hops=19 outcome=None
[script livehrm041_0] slow tick 192: 59.50975ms
[host] slot livehrm041_0: d_loop_us=7978 d_raster_us=0 d_observe_us=88511 max_observe_us=13566 d_paints=0 d_skips=50 d_ticks=2 window_ms=1287
[nav-walk] here=WorldTile { x: 3278, z: 3174, level: 0 } aim=WorldTile { x: 3277, z: 3173, level: 0 } radius=2 ticks_waited=8 sent_tile=Some(WorldTile { x: 3282, z: 3191, level: 0 })
[nav-follow] here=WorldTile { x: 3278, z: 3174, level: 0 } walk=true transport=false leg=4 hops=20 outcome=None
[host] hitch livehrm041_0: observe_us=19827 paints=0 skips=4010 ticks=181
[script livehrm041_0] slow tick 194: 52.013667ms
[nav-walk] here=WorldTile { x: 3277, z: 3173, level: 0 } aim=WorldTile { x: 3269, z: 3170, level: 0 } radius=0 ticks_waited=0 sent_tile=Some(WorldTile { x: 3278, z: 3174, level: 0 })
[nav-follow] here=WorldTile { x: 3277, z: 3173, level: 0 } walk=true transport=false leg=4 hops=20 outcome=None
[host] hitch livehrm041_0: observe_us=16462 paints=0 skips=4031 ticks=182
[script livehrm041_0] slow tick 195: 50.9555ms
[host] slot livehrm041_0: d_loop_us=1299 d_raster_us=0 d_observe_us=81820 max_observe_us=19827 d_paints=0 d_skips=50 d_ticks=2 window_ms=1350
[nav-walk] here=WorldTile { x: 3276, z: 3172, level: 0 } aim=WorldTile { x: 3269, z: 3170, level: 0 } radius=0 ticks_waited=1 sent_tile=Some(WorldTile { x: 3278, z: 3174, level: 0 })
[nav-follow] here=WorldTile { x: 3276, z: 3172, level: 0 } walk=true transport=false leg=4 hops=20 outcome=None
[script livehrm041_0] slow tick 196: 50.699208ms
[nav-walk] here=WorldTile { x: 3276, z: 3171, level: 0 } aim=WorldTile { x: 3269, z: 3170, level: 0 } radius=0 ticks_waited=2 sent_tile=Some(WorldTile { x: 3278, z: 3174, level: 0 })
[nav-follow] here=WorldTile { x: 3276, z: 3171, level: 0 } walk=true transport=false leg=4 hops=20 outcome=None
[host] hitch livehrm041_0: observe_us=16555 paints=0 skips=4077 ticks=184
[script livehrm041_0] slow tick 197: 50.265292ms
[nav-walk] here=WorldTile { x: 3276, z: 3170, level: 0 } aim=WorldTile { x: 3269, z: 3170, level: 0 } radius=0 ticks_waited=3 sent_tile=Some(WorldTile { x: 3278, z: 3174, level: 0 })
[nav-follow] here=WorldTile { x: 3276, z: 3170, level: 0 } walk=true transport=false leg=4 hops=20 outcome=None
[host] slot livehrm041_0: d_loop_us=1031 d_raster_us=0 d_observe_us=85216 max_observe_us=16555 d_paints=0 d_skips=50 d_ticks=3 window_ms=1342
[script livehrm041_0] slow tick 198: 52.672959ms
[nav-walk] here=WorldTile { x: 3275, z: 3169, level: 0 } aim=WorldTile { x: 3269, z: 3170, level: 0 } radius=0 ticks_waited=4 sent_tile=Some(WorldTile { x: 3278, z: 3174, level: 0 })
[nav-follow] here=WorldTile { x: 3275, z: 3169, level: 0 } walk=true transport=false leg=4 hops=20 outcome=None
[script livehrm041_0] slow tick 199: 50.787042ms
[nav-walk] here=WorldTile { x: 3274, z: 3168, level: 0 } aim=WorldTile { x: 3269, z: 3170, level: 0 } radius=0 ticks_waited=5 sent_tile=Some(WorldTile { x: 3278, z: 3174, level: 0 })
[nav-follow] here=WorldTile { x: 3274, z: 3168, level: 0 } walk=true transport=false leg=4 hops=20 outcome=None
[script livehrm041_0] slow tick 200: 53.102834ms
[host] slot livehrm041_0: d_loop_us=966 d_raster_us=0 d_observe_us=71438 max_observe_us=12620 d_paints=0 d_skips=50 d_ticks=2 window_ms=1329
[nav-walk] here=WorldTile { x: 3273, z: 3167, level: 0 } aim=WorldTile { x: 3269, z: 3170, level: 0 } radius=0 ticks_waited=6 sent_tile=Some(WorldTile { x: 3278, z: 3174, level: 0 })
[nav-follow] here=WorldTile { x: 3273, z: 3167, level: 0 } walk=true transport=false leg=4 hops=20 outcome=None
[host] hitch livehrm041_0: observe_us=18517 paints=0 skips=4167 ticks=188
[script livehrm041_0] slow tick 201: 50.321083ms
[nav-walk] here=WorldTile { x: 3272, z: 3167, level: 0 } aim=WorldTile { x: 3269, z: 3170, level: 0 } radius=0 ticks_waited=7 sent_tile=Some(WorldTile { x: 3278, z: 3174, level: 0 })
[nav-follow] here=WorldTile { x: 3272, z: 3167, level: 0 } walk=true transport=false leg=4 hops=20 outcome=None
[host] hitch livehrm041_0: observe_us=22531 paints=0 skips=4191 ticks=189
[script livehrm041_0] slow tick 202: 52.897875ms
[host] slot livehrm041_0: d_loop_us=1508 d_raster_us=0 d_observe_us=92227 max_observe_us=22531 d_paints=0 d_skips=50 d_ticks=2 window_ms=1290
[nav-walk] here=WorldTile { x: 3271, z: 3167, level: 0 } aim=WorldTile { x: 3269, z: 3170, level: 0 } radius=0 ticks_waited=8 sent_tile=Some(WorldTile { x: 3278, z: 3174, level: 0 })
[nav-follow] here=WorldTile { x: 3271, z: 3167, level: 0 } walk=true transport=false leg=4 hops=20 outcome=None
[host] hitch livehrm041_0: observe_us=19757 paints=0 skips=4213 ticks=190
[script livehrm041_0] slow tick 203: 53.816958ms
[nav-walk] here=WorldTile { x: 3271, z: 3168, level: 0 } aim=WorldTile { x: 3269, z: 3170, level: 0 } radius=0 ticks_waited=9 sent_tile=Some(WorldTile { x: 3278, z: 3174, level: 0 })
[nav-follow] here=WorldTile { x: 3271, z: 3168, level: 0 } walk=true transport=false leg=4 hops=20 outcome=None
[host] hitch livehrm041_0: observe_us=27279 paints=0 skips=4236 ticks=191
[script livehrm041_0] slow tick 204: 53.289916ms
[host] slot livehrm041_0: d_loop_us=1449 d_raster_us=0 d_observe_us=107437 max_observe_us=27279 d_paints=0 d_skips=50 d_ticks=2 window_ms=1362
[nav-walk] here=WorldTile { x: 3270, z: 3169, level: 0 } aim=WorldTile { x: 3269, z: 3170, level: 0 } radius=0 ticks_waited=10 sent_tile=Some(WorldTile { x: 3278, z: 3174, level: 0 })
[nav-follow] here=WorldTile { x: 3270, z: 3169, level: 0 } walk=true transport=false leg=4 hops=20 outcome=None
[host] hitch livehrm041_0: observe_us=24853 paints=0 skips=4257 ticks=192
[script livehrm041_0] slow tick 205: 53.612792ms
[nav-walk] here=WorldTile { x: 3269, z: 3170, level: 0 } aim=WorldTile { x: 3269, z: 3170, level: 0 } radius=0 ticks_waited=11 sent_tile=Some(WorldTile { x: 3278, z: 3174, level: 0 })
[nav-follow] here=WorldTile { x: 3269, z: 3170, level: 0 } walk=false transport=false leg=5 hops=20 outcome=Some(Arrived { at: WorldTile { x: 3269, z: 3170, level: 0 } })
[host] hitch livehrm041_0: observe_us=25168 paints=0 skips=4280 ticks=193
[script livehrm041_0] slow tick 206: 54.127375ms
[script livehrm041_0] interact OpenBooth { x: 3268, z: 3169, level: 0, id: 2213, name: None, action: None }
[host] slot livehrm041_0: d_loop_us=1400 d_raster_us=0 d_observe_us=105732 max_observe_us=25168 d_paints=0 d_skips=50 d_ticks=2 window_ms=1303
[host] hitch livehrm041_0: observe_us=24899 paints=0 skips=4303 ticks=194
[script livehrm041_0] slow tick 207: 53.76575ms
[host] hitch livehrm041_0: observe_us=18222 paints=0 skips=4327 ticks=195
[script livehrm041_0] slow tick 208: 59.16225ms
[host] slot livehrm041_0: d_loop_us=1437 d_raster_us=0 d_observe_us=111596 max_observe_us=24899 d_paints=0 d_skips=50 d_ticks=3 window_ms=1324
[script livehrm041_0] slow tick 209: 59.650458ms
[host] hitch livehrm041_0: observe_us=16497 paints=0 skips=4372 ticks=197
[host] slot livehrm041_0: d_loop_us=1474 d_raster_us=0 d_observe_us=103803 max_observe_us=16497 d_paints=0 d_skips=50 d_ticks=2 window_ms=1290
[host] slot livehrm041_0: d_loop_us=1415 d_raster_us=0 d_observe_us=93506 max_observe_us=14962 d_paints=0 d_skips=50 d_ticks=2 window_ms=1320
[script livehrm041_0] interact SetNoteMode { on: false }
[shim-note] on=false sent
[host] slot livehrm041_0: d_loop_us=778 d_raster_us=0 d_observe_us=43351 max_observe_us=6691 d_paints=0 d_skips=50 d_ticks=2 window_ms=1302
[script livehrm041_0] bank trip 1: withdrew 28 Bones
[host] slot livehrm041_0: d_loop_us=711 d_raster_us=0 d_observe_us=44899 max_observe_us=9749 d_paints=0 d_skips=50 d_ticks=2 window_ms=1333
[script livehrm041_0] interact CloseModal
[script livehrm041_0] interact Held { name: "Bones", action: "Bury" }
[shim-held] Bones Bury slot=0 -> sent
[host] slot livehrm041_0: d_loop_us=724 d_raster_us=0 d_observe_us=51027 max_observe_us=9255 d_paints=0 d_skips=50 d_ticks=3 window_ms=1347
PASS: catalog_boundary_live: {"scenario":"bone_burier","runner":"Some(Evidence { scenario: \"bone_burier\", outcome: \"PASS\", predicate: \"stat_xp_gain(5)>=27\", ticks: 245, elapsed_ms: 137691, message: None, tile: Some([3269, 3169, 0]), inv: [InvRow { id: 526, name: Some(\"Bones\"), count: 1 }, InvRow { id: 526, name: Some(\"Bones\"), count: 1 }, InvRow { id: 526, name: Some(\"Bones\"), count: 1 }, InvRow { id: 526, name: Some(\"Bones\"), count: 1 }, InvRow { id: 526, name: Some(\"Bones\"), count: 1 }, InvRow { id: 526, name: Some(\"Bones\"), count: 1 }, InvRow { id: 526, name: Some(\"Bones\"), count: 1 }, InvRow { id: 526, name: Some(\"Bones\"), count: 1 }, InvRow { id: 526, name: Some(\"Bones\"), count: 1 }, InvRow { id: 526, name: Some(\"Bones\"), count: 1 }, InvRow { id: 526, name: Some(\"Bones\"), count: 1 }, InvRow { id: 526, name: Some(\"Bones\"), count: 1 }, InvRow { id: 526, name: Some(\"Bones\"), count: 1 }, InvRow { id: 526, name: Some(\"Bones\"), count: 1 }, InvRow { id: 526, name: Some(\"Bones\"), count: 1 }, InvRow { id: 526, name: Some(\"Bones\"), count: 1 }, InvRow { id: 526, name: Some(\"Bones\"), count: 1 }, InvRow { id: 526, name: Some(\"Bones\"), count: 1 }, InvRow { id: 526, name: Some(\"Bones\"), count: 1 }, InvRow { id: 526, name: Some(\"Bones\"), count: 1 }, InvRow { id: 526, name: Some(\"Bones\"), count: 1 }, InvRow { id: 526, name: Some(\"Bones\"), count: 1 }, InvRow { id: 526, name: Some(\"Bones\"), count: 1 }, InvRow { id: 526, name: Some(\"Bones\"), count: 1 }, InvRow { id: 526, name: Some(\"Bones\"), count: 1 }, InvRow { id: 526, name: Some(\"Bones\"), count: 1 }, InvRow { id: 526, name: Some(\"Bones\"), count: 1 }], stat: Some(StatRow { runenergy: 2 }), chat: [ChatRow { text: \"You bury the bones.\", username: None }, ChatRow { text: \"You dig a hole in the ground...\", username: None }, ChatRow { text: \"You bury the bones.\", username: None }, ChatRow { text: \"You dig a hole in the ground...\", username: None }, ChatRow { text: \"You bury the bones.\", username: None }, ChatRow { text: \"You dig a hole in the ground...\", username: None }, ChatRow { text: \"You bury the bones.\", username: None }, ChatRow { text: \"You dig a hole in the ground...\", username: None }, ChatRow { text: \"You bury the bones.\", username: None }, ChatRow { text: \"You dig a hole in the ground...\", username: None }, ChatRow { text: \"You bury the bones.\", username: None }, ChatRow { text: \"You dig a hole in the ground...\", username: None }, ChatRow { text: \"set tutorial: to 1000\", username: None }, ChatRow { text: \"Welcome to RuneScape.\", username: None }], scene: 2 })","core":{"case":"bone_burier","baseline":{"ingame":true,"scene_state":2,"player":"Livehrm041 0","tile":[3220,3220,0],"combat_level":3,"tick":7,"items":{"Bones":5},"item_ids":{"526":5},"bank":{},"bank_ids":{},"bank_open":false,"bank_loaded":false,"bank_generation":0,"levels":{"-unused-":0,"agility":1,"attack":1,"cooking":1,"crafting":1,"defence":1,"firemaking":1,"fishing":1,"fletching":1,"herblore":1,"hitpoints":10,"magic":1,"mining":1,"prayer":1,"ranged":1,"runecraft":1,"slayer":1,"smithing":1,"strength":1,"thieving":1,"woodcutting":1},"xp":{"-unused-":0,"agility":0,"attack":0,"cooking":0,"crafting":0,"defence":0,"firemaking":0,"fishing":0,"fletching":0,"herblore":0,"hitpoints":1154,"magic":0,"mining":0,"prayer":0,"ranged":0,"runecraft":0,"slayer":0,"smithing":0,"strength":0,"thieving":0,"woodcutting":0},"varps":{"309":0},"chat":[[6,"set tutorial: to 1000"],[5,"Welcome to RuneScape."]],"loc_facts":[{"id":1516,"x":3213,"z":3220,"level":0,"name":"Large door","open":true},{"id":1519,"x":3213,"z":3221,"level":0,"name":"Large door","open":true},{"id":1536,"x":3215,"z":3225,"level":0,"name":"Door","open":true},{"id":1516,"x":3217,"z":3218,"level":0,"name":"Large door","open":true},{"id":1519,"x":3217,"z":3219,"level":0,"name":"Large door","open":true},{"id":1530,"x":3226,"z":3214,"level":0,"name":"Door","open":true},{"id":1530,"x":3226,"z":3223,"level":0,"name":"Door","open":true}],"npc_facts":[],"ground_loot":[],"local_in_combat":false,"local_target_npc":null,"local_health":0,"local_animation":-1,"equipment_ids":{},"main_modal":-1,"widget_ids":[3213,3214]},"latest":{"ingame":true,"scene_state":2,"player":"Livehrm041 0","tile":[3269,3169,0],"combat_level":3,"tick":208,"items":{"Bones":27},"item_ids":{"526":27},"bank":{},"bank_ids":{},"bank_open":false,"bank_loaded":false,"bank_generation":2,"levels":{"-unused-":0,"agility":1,"attack":1,"cooking":1,"crafting":1,"defence":1,"firemaking":1,"fishing":1,"fletching":1,"herblore":1,"hitpoints":10,"magic":1,"mining":1,"prayer":1,"ranged":1,"runecraft":1,"slayer":1,"smithing":1,"strength":1,"thieving":1,"woodcutting":1},"xp":{"-unused-":0,"agility":0,"attack":0,"cooking":0,"crafting":0,"defence":0,"firemaking":0,"fishing":0,"fletching":0,"herblore":0,"hitpoints":1154,"magic":0,"mining":0,"prayer":27,"ranged":0,"runecraft":0,"slayer":0,"smithing":0,"strength":0,"thieving":0,"woodcutting":0},"varps":{"309":0},"chat":[[18,"You bury the bones."],[17,"You dig a hole in the ground..."],[16,"You bury the bones."],[15,"You dig a hole in the ground..."],[14,"You bury the bones."],[13,"You dig a hole in the ground..."],[12,"You bury the bones."],[11,"You dig a hole in the ground..."],[10,"You bury the bones."],[9,"You dig a hole in the ground..."],[8,"You bury the bones."],[7,"You dig a hole in the ground..."],[6,"set tutorial: to 1000"],[5,"Welcome to RuneScape."]],"loc_facts":[],"npc_facts":[],"ground_loot":[],"local_in_combat":false,"local_target_npc":null,"local_health":0,"local_animation":827,"equipment_ids":{},"main_modal":-1,"widget_ids":[3213,3214]},"max_items":{"Bones":28},"max_xp":{"-unused-":0,"agility":0,"attack":0,"cooking":0,"crafting":0,"defence":0,"firemaking":0,"fishing":0,"fletching":0,"herblore":0,"hitpoints":1154,"magic":0,"mining":0,"prayer":27,"ranged":0,"runecraft":0,"slayer":0,"smithing":0,"strength":0,"thieving":0,"woodcutting":0},"saw_bury_chat":true,"post_start_observations":4522,"bone_bank_cycle":{"first_batch_buried":true,"opened":{"ingame":true,"scene_state":2,"player":"Livehrm041 0","tile":[3269,3169,0],"combat_level":3,"tick":195,"items":{},"item_ids":{},"bank":{"Bones":28},"bank_ids":{"526":28},"bank_open":true,"bank_loaded":true,"bank_generation":1,"levels":{"-unused-":0,"agility":1,"attack":1,"cooking":1,"crafting":1,"defence":1,"firemaking":1,"fishing":1,"fletching":1,"herblore":1,"hitpoints":10,"magic":1,"mining":1,"prayer":1,"ranged":1,"runecraft":1,"slayer":1,"smithing":1,"strength":1,"thieving":1,"woodcutting":1},"xp":{"-unused-":0,"agility":0,"attack":0,"cooking":0,"crafting":0,"defence":0,"firemaking":0,"fishing":0,"fletching":0,"herblore":0,"hitpoints":1154,"magic":0,"mining":0,"prayer":22,"ranged":0,"runecraft":0,"slayer":0,"smithing":0,"strength":0,"thieving":0,"woodcutting":0},"varps":{"309":0},"chat":[[16,"You bury the bones."],[15,"You dig a hole in the ground..."],[14,"You bury the bones."],[13,"You dig a hole in the ground..."],[12,"You bury the bones."],[11,"You dig a hole in the ground..."],[10,"You bury the bones."],[9,"You dig a hole in the ground..."],[8,"You bury the bones."],[7,"You dig a hole in the ground..."],[6,"set tutorial: to 1000"],[5,"Welcome to RuneScape."]],"loc_facts":[],"npc_facts":[],"ground_loot":[],"local_in_combat":false,"local_target_npc":null,"local_health":0,"local_animation":-1,"equipment_ids":{},"main_modal":5292,"widget_ids":[2005,2006,5292,5293,5294,5295,5296,5297,5298,5299,5300,5301,5302,5303,5304,5305,5306,5307,5308,5309,5310,5311,5312,5313,5314,5315,5316,5317,5318,5319,5320,5321,5322,5323,5324,5325,5326,5327,5328,5329,5330,5331,5332,5333,5334,5335,5336,5337,5338,5339,5340,5341,5342,5343,5344,5345,5346,5347,5348,5349,5350,5351,5352,5353,5354,5355,5356,5357,5358,5359,5360,5361,5362,5363,5364,5365,5366,5367,5368,5369,5370,5371,5372,5373,5374,5375,5376,5377,5378,5379,5380,5381,5382,5383,5384,5385,5386,5387,5388,5389,5390,5391,8130,8131,8132,8133]},"withdrawn":{"ingame":true,"scene_state":2,"player":"Livehrm041 0","tile":[3269,3169,0],"combat_level":3,"tick":203,"items":{"Bones":28},"item_ids":{"526":28},"bank":{},"bank_ids":{},"bank_open":true,"bank_loaded":true,"bank_generation":1,"levels":{"-unused-":0,"agility":1,"attack":1,"cooking":1,"crafting":1,"defence":1,"firemaking":1,"fishing":1,"fletching":1,"herblore":1,"hitpoints":10,"magic":1,"mining":1,"prayer":1,"ranged":1,"runecraft":1,"slayer":1,"smithing":1,"strength":1,"thieving":1,"woodcutting":1},"xp":{"-unused-":0,"agility":0,"attack":0,"cooking":0,"crafting":0,"defence":0,"firemaking":0,"fishing":0,"fletching":0,"herblore":0,"hitpoints":1154,"magic":0,"mining":0,"prayer":22,"ranged":0,"runecraft":0,"slayer":0,"smithing":0,"strength":0,"thieving":0,"woodcutting":0},"varps":{"309":0},"chat":[[16,"You bury the bones."],[15,"You dig a hole in the ground..."],[14,"You bury the bones."],[13,"You dig a hole in the ground..."],[12,"You bury the bones."],[11,"You dig a hole in the ground..."],[10,"You bury the bones."],[9,"You dig a hole in the ground..."],[8,"You bury the bones."],[7,"You dig a hole in the ground..."],[6,"set tutorial: to 1000"],[5,"Welcome to RuneScape."]],"loc_facts":[],"npc_facts":[],"ground_loot":[],"local_in_combat":false,"local_target_npc":null,"local_health":0,"local_animation":-1,"equipment_ids":{},"main_modal":5292,"widget_ids":[2005,2006,5292,5293,5294,5295,5296,5297,5298,5299,5300,5301,5302,5303,5304,5305,5306,5307,5308,5309,5310,5311,5312,5313,5314,5315,5316,5317,5318,5319,5320,5321,5322,5323,5324,5325,5326,5327,5328,5329,5330,5331,5332,5333,5334,5335,5336,5337,5338,5339,5340,5341,5342,5343,5344,5345,5346,5347,5348,5349,5350,5351,5352,5353,5354,5355,5356,5357,5358,5359,5360,5361,5362,5363,5364,5365,5366,5367,5368,5369,5370,5371,5372,5373,5374,5375,5376,5377,5378,5379,5380,5381,5382,5383,5384,5385,5386,5387,5388,5389,5390,5391,8130,8131,8132,8133]},"buried_after_withdrawal":true},"bank_fletcher_cycle":{"first_pack_created":false,"deposited":null,"withdrawn":null,"crafted_after_withdrawal":false},"bank_fletcher_option_cycle":{"first":null,"deposited":null,"restocked":null,"further":false},"bank_fletcher_string_cycle":{"initial_pairs_strung":false,"deposited":null,"withdrawn":null,"strung_after_withdrawal":false},"bank_fletcher_cut_string_cycle":{"cut_pair_created":false,"deposited":null,"withdrawn":null,"string_pair_created":false},"alcher_defaults_cycle":{"withdrawn":null,"consumed":false},"alcher_generated_custom_cycle":{"withdrawn":null,"consumed":false},"dart_fletcher_cycle":{"first":null,"further":false,"wrong_tier":false},"herb_cleaner_cycle":{"first_pack":false,"deposited":null,"withdrawn":null,"cleaned_after_withdrawal":false,"filter_violated":false},"gem_cutter_cycle":{"first_pack":false,"deposited":null,"withdrawn":null,"cut_after_withdrawal":false,"filter_violated":false},"door_opener_cycle":{"selected":null,"opened":false},"gnome_course_cycle":{"log":null,"ground_return":null,"pipe":null,"second_lap":false},"wildy_agility_cycle":{"ridge":null,"pipe":null,"rope":null,"stone":null,"log":null,"rocks":null,"further_pipe":false},"brimhaven_agility_cycle":{"paid":false,"entered":null,"moved":null,"first_tag":false,"ticket":null,"subsequent_work":false},"flax_picker_cycle":{"first_pack":false,"deposited":null,"returned":false,"further":false},"superheater_cycle":{"first_bars":false,"deposited":null,"withdrawn":null,"produced_after_withdrawal":false,"wrong_product":false,"wrong_staff":false},"chicken_killer_bank_cycle":{"combat_loot":false,"deposited":null,"returned":false,"further":false},"vial_filler_cycle":{"filled":null,"deposited":null,"withdrawn":null,"returned":false,"further":false},"potion_maker_cycle":{"unfinished":null,"finished":null,"deposited":null,"withdrawn":null,"further":false,"wrong_product":false,"filter_violated":false},"tanner_bot_cycle":{"widget":null,"tanned":null,"deposited":null,"withdrawn":null,"returned":false,"further":false,"wrong_product":false,"shop":false},"rune_crafter_cycle":{"withdrawn":null,"entered":null,"crafted":null,"exited":null,"deposited":null,"restocked":null,"returned":false,"further":false,"wrong_product":false,"noted":false},"ardy_cakes_cycle":{"stolen":null,"deposited":null,"returned":false,"further":false,"wrong_product":false,"noted":false},"ardy_thiever_cycle":{"pickpocketed":null,"deposited":null,"returned":false,"further":false},"gnome_chop_cycle":{"chopped":null,"deposited":null,"returned":false,"further":false,"wrong_product":false,"noted":false},"gnome_fletch_cycle":{"chopped":null,"fletched":null,"deposited":null,"returned":false,"further":false,"wrong_product":false,"noted":false},"coal_trucks_cycle":{"mined":null,"trucked":null,"further":false,"noted":false,"banked":false},"station_production_cycle":{"withdrawn":null,"produced":null,"deposited":null,"restocked":null,"returned":false,"further":false,"wrong_product":false,"noted":false},"flax_aio_cycle":{"picked":null,"produced":null,"deposited":null,"returned":false,"further":false,"wrong_product":false,"noted":false},"flax_aio_pick_cycle":{"first_pack":false,"deposited":null,"returned":false,"further":false,"wrong_product":false,"noted":false},"herblore_eggs_cycle":{"taken":false,"deposited":null,"returned":false,"further":false,"wrong_product":false,"noted":false},"herblore_newt_cycle":{"bought":false,"deposited":null,"returned":false,"further":false,"coins_spent":false,"coins_peak":0,"wrong_product":false,"noted":false},"combat_core_cycle":{"engagements":0,"defeats":0,"style_xp":false,"looted":false,"noted":false,"activated":false,"shield_worn":false,"stolen_food":false,"wrong_item":false,"dormant_indexes":[],"dormant_tiles":{},"last":{},"currently_engaged":[],"facts":[]},"ordered_first_exhausted":false}}
test catalog_boundary_live ... ok

test result: ok. 1 passed; 0 failed; 0 ignored; 0 measured; 40 filtered out; finished in 140.82s

