
running 1 test
{"phase":"identity","revision":289,"profile":"local-289 · 127.0.0.1:44594 · revision 289","cache_id":"c4d8ab36bcfd2a7907535b4f619e28623b0a22e98d496fd2a9620d544c5b5b09","nav_pack":"/Users/acfrazier/experiments/274bot/.worktrees/rs2b0t-multirevision/.superpowers/world-capabilities/289/274bot.navpack","nav_sha256":"131db92e32eddcb08148909d477589544320fe7e34a422e8004e97e888032924","catalog_commit":"100adccc037d9f6898080e1cad58fcfc43364775","catalog_identity":"pre-289 frozen catalog","catalog_read_only_path":".superpowers/inputs/rs2b0t-100adccc037d9f6898080e1cad58fcfc43364775","catalog_root":"/Users/acfrazier/experiments/274bot/.worktrees/rs2b0t-multirevision/.superpowers/inputs/rs2b0t-100adccc037d9f6898080e1cad58fcfc43364775","registry_path":"/Users/acfrazier/experiments/274bot/.worktrees/rs2b0t-multirevision/.superpowers/inputs/rs2b0t-100adccc037d9f6898080e1cad58fcfc43364775/src/bot/scripts/index.ts","registry_sha256":"b614aedb3d5adfdfbac3760f082273f3cf5c33fffe4ced0f2b01490ae02d1bc2","card":{"card":"HerbCleaner","source_path":"/Users/acfrazier/experiments/274bot/.worktrees/rs2b0t-multirevision/.superpowers/inputs/rs2b0t-100adccc037d9f6898080e1cad58fcfc43364775/src/bot/scripts/HerbCleaner/HerbCleaner.ts","source_sha256":"34f1f02c7c72d47d4936ab886df50a714ab94ff831c1054188c68f4d162ea0b6","compiled_sha256":"cf26c2aca0cfc280400342b8d9f5ddcde4a1ef275b1aa231a67808125489b031","siblings":[{"module":"/rs2b0t/bot/scripts/bot/HerbCleanerLogic.js","compiled_sha256":"07462ec17e2c681b524e4b9c19fc91937c7cab081fa8aa06cbab7917bd04287c"}],"settings":{"herbs":[]}},"account":"liveotmdvs_0","engine_speed_ms":null}
[host-play] slot liveotmdvs_0: thread up
274bot: snapshot load skipped: read /Users/acfrazier/.274bot/unpack-289/37214163f1e6ceca/models.bin: No such file or directory (os error 2)
[host-play] slot liveotmdvs_0: handshake begin reconnect=false
[host-play] slot liveotmdvs_0: handshake ok
[host] slot liveotmdvs_0: d_loop_us=8999 d_raster_us=0 d_observe_us=33377 max_observe_us=2451 d_paints=0 d_skips=50 d_ticks=1 window_ms=0
[host-play] slot liveotmdvs_0: queued mainland tele+setvar (scene 2)
[host-play] slot liveotmdvs_0: handshake begin reconnect=true
[host-play] slot liveotmdvs_0: handshake ok
[host] slot liveotmdvs_0: d_loop_us=1027 d_raster_us=0 d_observe_us=45199 max_observe_us=5878 d_paints=0 d_skips=50 d_ticks=1 window_ms=0
[host-play] slot liveotmdvs_0: queued mainland tele+setvar (scene 2)
[host] slot liveotmdvs_0: d_loop_us=28016 d_raster_us=0 d_observe_us=102734 max_observe_us=7648 d_paints=0 d_skips=50 d_ticks=24 window_ms=14344
{"phase":"baseline-after-preparation","scenario":"herb_cleaner","account":"liveotmdvs_0","observation":{"ingame":true,"scene_state":2,"player":"Liveotmdvs 0","tile":[3185,3440,0],"tick":26,"items":{},"item_ids":{},"bank":{},"bank_ids":{},"bank_open":false,"bank_loaded":false,"bank_generation":2,"levels":{"-unused-":0,"agility":1,"attack":1,"cooking":1,"crafting":1,"defence":1,"firemaking":1,"fishing":1,"fletching":1,"herblore":3,"hitpoints":10,"magic":1,"mining":1,"prayer":1,"ranged":1,"runecraft":1,"slayer":1,"smithing":1,"strength":1,"thieving":1,"woodcutting":1},"xp":{"-unused-":0,"agility":0,"attack":0,"cooking":0,"crafting":0,"defence":0,"firemaking":0,"fishing":0,"fletching":0,"herblore":174,"hitpoints":1154,"magic":0,"mining":0,"prayer":0,"ranged":0,"runecraft":0,"slayer":0,"smithing":0,"strength":0,"thieving":0,"woodcutting":0},"chat":[[7,"Inventory wiped."],[6,"set tutorial: to 1000"],[5,"Welcome to RuneScape."]]}}
[script liveotmdvs_0] start load
{"phase":"start","account":"liveotmdvs_0","count":1}
[host] hitch liveotmdvs_0: observe_us=103038 paints=0 skips=101 ticks=26
[script liveotmdvs_0] HerbCleaner — clean Guam leaf, Snake weed, Ardrigal, Sito foil, Volencia moss, Rogues purse (Herblore 3)
[script liveotmdvs_0] interact OpenBooth { x: 3186, z: 3440, level: 0, id: 2213, name: None, action: None }
[host] slot liveotmdvs_0: d_loop_us=1370 d_raster_us=0 d_observe_us=195455 max_observe_us=103038 d_paints=0 d_skips=50 d_ticks=4 window_ms=2420
[script liveotmdvs_0] bank opened, starting withdraw/deposit cycle
[script liveotmdvs_0] trying to withdraw 28 Guam leaf (have 0)
[host] slot liveotmdvs_0: d_loop_us=1517 d_raster_us=0 d_observe_us=71033 max_observe_us=4835 d_paints=0 d_skips=50 d_ticks=2 window_ms=1193
[script liveotmdvs_0] withdrew 28 Guam leaf
[script liveotmdvs_0] pack full, need to deposit before withdrawing Snake weed
[script liveotmdvs_0] got herbs, closing bank
[script liveotmdvs_0] interact Close
[shim-close] sent
[script liveotmdvs_0] banked @ Bank booth: gave 0 items, took 28 grimy herbs
[host] slot liveotmdvs_0: d_loop_us=1698 d_raster_us=0 d_observe_us=86724 max_observe_us=13464 d_paints=0 d_skips=50 d_ticks=2 window_ms=1179
[script liveotmdvs_0] interact Held { name: "Herb", action: "Identify" }
[script liveotmdvs_0] interact Held { name: "Herb", action: "Identify" }
[script liveotmdvs_0] interact Held { name: "Herb", action: "Identify" }
[script liveotmdvs_0] interact Held { name: "Herb", action: "Identify" }
[script liveotmdvs_0] interact Held { name: "Herb", action: "Identify" }
[script liveotmdvs_0] interact Held { name: "Herb", action: "Identify" }
[script liveotmdvs_0] interact Held { name: "Herb", action: "Identify" }
[script liveotmdvs_0] interact Held { name: "Herb", action: "Identify" }
[script liveotmdvs_0] interact Held { name: "Herb", action: "Identify" }
[script liveotmdvs_0] interact Held { name: "Herb", action: "Identify" }
[script liveotmdvs_0] interact Held { name: "Herb", action: "Identify" }
[script liveotmdvs_0] interact Held { name: "Herb", action: "Identify" }
[script liveotmdvs_0] interact Held { name: "Herb", action: "Identify" }
[script liveotmdvs_0] interact Held { name: "Herb", action: "Identify" }
[script liveotmdvs_0] interact Held { name: "Herb", action: "Identify" }
[script liveotmdvs_0] interact Held { name: "Herb", action: "Identify" }
[script liveotmdvs_0] interact Held { name: "Herb", action: "Identify" }
[script liveotmdvs_0] interact Held { name: "Herb", action: "Identify" }
[script liveotmdvs_0] interact Held { name: "Herb", action: "Identify" }
[script liveotmdvs_0] interact Held { name: "Herb", action: "Identify" }
[script liveotmdvs_0] interact Held { name: "Herb", action: "Identify" }
[script liveotmdvs_0] interact Held { name: "Herb", action: "Identify" }
[script liveotmdvs_0] interact Held { name: "Herb", action: "Identify" }
[script liveotmdvs_0] interact Held { name: "Herb", action: "Identify" }
[script liveotmdvs_0] interact Held { name: "Herb", action: "Identify" }
[script liveotmdvs_0] interact Held { name: "Herb", action: "Identify" }
[script liveotmdvs_0] interact Held { name: "Herb", action: "Identify" }
[script liveotmdvs_0] interact Held { name: "Herb", action: "Identify" }
[shim-held] Herb Identify slot=0 -> sent
[shim-held] Herb Identify slot=0 -> sent
[shim-held] Herb Identify slot=0 -> sent
[shim-held] Herb Identify slot=0 -> sent
[shim-held] Herb Identify slot=0 -> sent
[shim-held] Herb Identify slot=0 -> sent
[shim-held] Herb Identify slot=0 -> sent
[shim-held] Herb Identify slot=0 -> sent
[shim-held] Herb Identify slot=0 -> sent
[shim-held] Herb Identify slot=0 -> sent
[shim-held] Herb Identify slot=0 -> sent
[shim-held] Herb Identify slot=0 -> sent
[shim-held] Herb Identify slot=0 -> sent
[shim-held] Herb Identify slot=0 -> sent
[shim-held] Herb Identify slot=0 -> sent
[shim-held] Herb Identify slot=0 -> sent
[shim-held] Herb Identify slot=0 -> sent
[shim-held] Herb Identify slot=0 -> sent
[shim-held] Herb Identify slot=0 -> sent
[shim-held] Herb Identify slot=0 -> sent
[shim-held] Herb Identify slot=0 -> sent
[shim-held] Herb Identify slot=0 -> sent
[shim-held] Herb Identify slot=0 -> sent
[shim-held] Herb Identify slot=0 -> sent
[shim-held] Herb Identify slot=0 -> sent
[shim-held] Herb Identify slot=0 -> sent
[shim-held] Herb Identify slot=0 -> sent
[shim-held] Herb Identify slot=0 -> sent
[host] slot liveotmdvs_0: d_loop_us=1618 d_raster_us=0 d_observe_us=90858 max_observe_us=12185 d_paints=0 d_skips=50 d_ticks=1 window_ms=1184
[script liveotmdvs_0] interact Held { name: "Herb", action: "Identify" }
[script liveotmdvs_0] interact Held { name: "Herb", action: "Identify" }
[script liveotmdvs_0] interact Held { name: "Herb", action: "Identify" }
[script liveotmdvs_0] interact Held { name: "Herb", action: "Identify" }
[script liveotmdvs_0] interact Held { name: "Herb", action: "Identify" }
[script liveotmdvs_0] interact Held { name: "Herb", action: "Identify" }
[script liveotmdvs_0] interact Held { name: "Herb", action: "Identify" }
[script liveotmdvs_0] interact Held { name: "Herb", action: "Identify" }
[script liveotmdvs_0] interact Held { name: "Herb", action: "Identify" }
[script liveotmdvs_0] interact Held { name: "Herb", action: "Identify" }
[script liveotmdvs_0] interact Held { name: "Herb", action: "Identify" }
[script liveotmdvs_0] interact Held { name: "Herb", action: "Identify" }
[script liveotmdvs_0] interact Held { name: "Herb", action: "Identify" }
[script liveotmdvs_0] interact Held { name: "Herb", action: "Identify" }
[script liveotmdvs_0] interact Held { name: "Herb", action: "Identify" }
[script liveotmdvs_0] interact Held { name: "Herb", action: "Identify" }
[script liveotmdvs_0] interact Held { name: "Herb", action: "Identify" }
[script liveotmdvs_0] interact Held { name: "Herb", action: "Identify" }
[script liveotmdvs_0] interact Held { name: "Herb", action: "Identify" }
[script liveotmdvs_0] interact Held { name: "Herb", action: "Identify" }
[script liveotmdvs_0] interact Held { name: "Herb", action: "Identify" }
[script liveotmdvs_0] interact Held { name: "Herb", action: "Identify" }
[script liveotmdvs_0] interact Held { name: "Herb", action: "Identify" }
[script liveotmdvs_0] interact Held { name: "Herb", action: "Identify" }
[script liveotmdvs_0] interact Held { name: "Herb", action: "Identify" }
[script liveotmdvs_0] interact Held { name: "Herb", action: "Identify" }
[script liveotmdvs_0] interact Held { name: "Herb", action: "Identify" }
[shim-held] Herb Identify slot=1 -> sent
[shim-held] Herb Identify slot=1 -> sent
[shim-held] Herb Identify slot=1 -> sent
[shim-held] Herb Identify slot=1 -> sent
[shim-held] Herb Identify slot=1 -> sent
[shim-held] Herb Identify slot=1 -> sent
[shim-held] Herb Identify slot=1 -> sent
[shim-held] Herb Identify slot=1 -> sent
[shim-held] Herb Identify slot=1 -> sent
[shim-held] Herb Identify slot=1 -> sent
[shim-held] Herb Identify slot=1 -> sent
[shim-held] Herb Identify slot=1 -> sent
[shim-held] Herb Identify slot=1 -> sent
[shim-held] Herb Identify slot=1 -> sent
[shim-held] Herb Identify slot=1 -> sent
[shim-held] Herb Identify slot=1 -> sent
[shim-held] Herb Identify slot=1 -> sent
[shim-held] Herb Identify slot=1 -> sent
[shim-held] Herb Identify slot=1 -> sent
[shim-held] Herb Identify slot=1 -> sent
[shim-held] Herb Identify slot=1 -> sent
[shim-held] Herb Identify slot=1 -> sent
[shim-held] Herb Identify slot=1 -> sent
[shim-held] Herb Identify slot=1 -> sent
[shim-held] Herb Identify slot=1 -> sent
[shim-held] Herb Identify slot=1 -> sent
[shim-held] Herb Identify slot=1 -> sent
[host] slot liveotmdvs_0: d_loop_us=1762 d_raster_us=0 d_observe_us=84677 max_observe_us=9468 d_paints=0 d_skips=50 d_ticks=2 window_ms=1194
[host] slot liveotmdvs_0: d_loop_us=1594 d_raster_us=0 d_observe_us=81929 max_observe_us=13468 d_paints=0 d_skips=50 d_ticks=2 window_ms=1175
[script liveotmdvs_0] interact Held { name: "Herb", action: "Identify" }
[script liveotmdvs_0] interact Held { name: "Herb", action: "Identify" }
[script liveotmdvs_0] interact Held { name: "Herb", action: "Identify" }
[script liveotmdvs_0] interact Held { name: "Herb", action: "Identify" }
[script liveotmdvs_0] interact Held { name: "Herb", action: "Identify" }
[script liveotmdvs_0] interact Held { name: "Herb", action: "Identify" }
[script liveotmdvs_0] interact Held { name: "Herb", action: "Identify" }
[script liveotmdvs_0] interact Held { name: "Herb", action: "Identify" }
[script liveotmdvs_0] interact Held { name: "Herb", action: "Identify" }
[script liveotmdvs_0] interact Held { name: "Herb", action: "Identify" }
[script liveotmdvs_0] interact Held { name: "Herb", action: "Identify" }
[script liveotmdvs_0] interact Held { name: "Herb", action: "Identify" }
[script liveotmdvs_0] interact Held { name: "Herb", action: "Identify" }
[script liveotmdvs_0] interact Held { name: "Herb", action: "Identify" }
[script liveotmdvs_0] interact Held { name: "Herb", action: "Identify" }
[script liveotmdvs_0] interact Held { name: "Herb", action: "Identify" }
[script liveotmdvs_0] interact Held { name: "Herb", action: "Identify" }
[script liveotmdvs_0] interact Held { name: "Herb", action: "Identify" }
[script liveotmdvs_0] interact Held { name: "Herb", action: "Identify" }
[script liveotmdvs_0] interact Held { name: "Herb", action: "Identify" }
[script liveotmdvs_0] interact Held { name: "Herb", action: "Identify" }
[script liveotmdvs_0] interact Held { name: "Herb", action: "Identify" }
[script liveotmdvs_0] interact Held { name: "Herb", action: "Identify" }
[script liveotmdvs_0] interact Held { name: "Herb", action: "Identify" }
[script liveotmdvs_0] interact Held { name: "Herb", action: "Identify" }
[script liveotmdvs_0] interact Held { name: "Herb", action: "Identify" }
[shim-held] Herb Identify slot=2 -> sent
[shim-held] Herb Identify slot=2 -> sent
[shim-held] Herb Identify slot=2 -> sent
[shim-held] Herb Identify slot=2 -> sent
[shim-held] Herb Identify slot=2 -> sent
[shim-held] Herb Identify slot=2 -> sent
[shim-held] Herb Identify slot=2 -> sent
[shim-held] Herb Identify slot=2 -> sent
[shim-held] Herb Identify slot=2 -> sent
[shim-held] Herb Identify slot=2 -> sent
[shim-held] Herb Identify slot=2 -> sent
[shim-held] Herb Identify slot=2 -> sent
[shim-held] Herb Identify slot=2 -> sent
[shim-held] Herb Identify slot=2 -> sent
[shim-held] Herb Identify slot=2 -> sent
[shim-held] Herb Identify slot=2 -> sent
[shim-held] Herb Identify slot=2 -> sent
[shim-held] Herb Identify slot=2 -> sent
[shim-held] Herb Identify slot=2 -> sent
[shim-held] Herb Identify slot=2 -> sent
[shim-held] Herb Identify slot=2 -> sent
[shim-held] Herb Identify slot=2 -> sent
[shim-held] Herb Identify slot=2 -> sent
[shim-held] Herb Identify slot=2 -> sent
[shim-held] Herb Identify slot=2 -> sent
[shim-held] Herb Identify slot=2 -> sent
[host] slot liveotmdvs_0: d_loop_us=1731 d_raster_us=0 d_observe_us=98137 max_observe_us=14415 d_paints=0 d_skips=50 d_ticks=2 window_ms=1189
[script liveotmdvs_0] interact Held { name: "Herb", action: "Identify" }
[script liveotmdvs_0] interact Held { name: "Herb", action: "Identify" }
[script liveotmdvs_0] interact Held { name: "Herb", action: "Identify" }
[script liveotmdvs_0] interact Held { name: "Herb", action: "Identify" }
[script liveotmdvs_0] interact Held { name: "Herb", action: "Identify" }
[script liveotmdvs_0] interact Held { name: "Herb", action: "Identify" }
[script liveotmdvs_0] interact Held { name: "Herb", action: "Identify" }
[script liveotmdvs_0] interact Held { name: "Herb", action: "Identify" }
[script liveotmdvs_0] interact Held { name: "Herb", action: "Identify" }
[script liveotmdvs_0] interact Held { name: "Herb", action: "Identify" }
[script liveotmdvs_0] interact Held { name: "Herb", action: "Identify" }
[script liveotmdvs_0] interact Held { name: "Herb", action: "Identify" }
[script liveotmdvs_0] interact Held { name: "Herb", action: "Identify" }
[script liveotmdvs_0] interact Held { name: "Herb", action: "Identify" }
[script liveotmdvs_0] interact Held { name: "Herb", action: "Identify" }
[script liveotmdvs_0] interact Held { name: "Herb", action: "Identify" }
[script liveotmdvs_0] interact Held { name: "Herb", action: "Identify" }
[script liveotmdvs_0] interact Held { name: "Herb", action: "Identify" }
[script liveotmdvs_0] interact Held { name: "Herb", action: "Identify" }
[script liveotmdvs_0] interact Held { name: "Herb", action: "Identify" }
[script liveotmdvs_0] interact Held { name: "Herb", action: "Identify" }
[script liveotmdvs_0] interact Held { name: "Herb", action: "Identify" }
[script liveotmdvs_0] interact Held { name: "Herb", action: "Identify" }
[script liveotmdvs_0] interact Held { name: "Herb", action: "Identify" }
[script liveotmdvs_0] interact Held { name: "Herb", action: "Identify" }
[shim-held] Herb Identify slot=3 -> sent
[shim-held] Herb Identify slot=3 -> sent
[shim-held] Herb Identify slot=3 -> sent
[shim-held] Herb Identify slot=3 -> sent
[shim-held] Herb Identify slot=3 -> sent
[shim-held] Herb Identify slot=3 -> sent
[shim-held] Herb Identify slot=3 -> sent
[shim-held] Herb Identify slot=3 -> sent
[shim-held] Herb Identify slot=3 -> sent
[shim-held] Herb Identify slot=3 -> sent
[shim-held] Herb Identify slot=3 -> sent
[shim-held] Herb Identify slot=3 -> sent
[shim-held] Herb Identify slot=3 -> sent
[shim-held] Herb Identify slot=3 -> sent
[shim-held] Herb Identify slot=3 -> sent
[shim-held] Herb Identify slot=3 -> sent
[shim-held] Herb Identify slot=3 -> sent
[shim-held] Herb Identify slot=3 -> sent
[shim-held] Herb Identify slot=3 -> sent
[shim-held] Herb Identify slot=3 -> sent
[shim-held] Herb Identify slot=3 -> sent
[shim-held] Herb Identify slot=3 -> sent
[shim-held] Herb Identify slot=3 -> sent
[shim-held] Herb Identify slot=3 -> sent
[shim-held] Herb Identify slot=3 -> sent
[host] slot liveotmdvs_0: d_loop_us=1747 d_raster_us=0 d_observe_us=95592 max_observe_us=10115 d_paints=0 d_skips=50 d_ticks=2 window_ms=1168
[host] slot liveotmdvs_0: d_loop_us=1797 d_raster_us=0 d_observe_us=89080 max_observe_us=13630 d_paints=0 d_skips=50 d_ticks=2 window_ms=1201
[script liveotmdvs_0] interact Held { name: "Herb", action: "Identify" }
[script liveotmdvs_0] interact Held { name: "Herb", action: "Identify" }
[script liveotmdvs_0] interact Held { name: "Herb", action: "Identify" }
[script liveotmdvs_0] interact Held { name: "Herb", action: "Identify" }
[script liveotmdvs_0] interact Held { name: "Herb", action: "Identify" }
[script liveotmdvs_0] interact Held { name: "Herb", action: "Identify" }
[script liveotmdvs_0] interact Held { name: "Herb", action: "Identify" }
[script liveotmdvs_0] interact Held { name: "Herb", action: "Identify" }
[script liveotmdvs_0] interact Held { name: "Herb", action: "Identify" }
[script liveotmdvs_0] interact Held { name: "Herb", action: "Identify" }
[script liveotmdvs_0] interact Held { name: "Herb", action: "Identify" }
[script liveotmdvs_0] interact Held { name: "Herb", action: "Identify" }
[script liveotmdvs_0] interact Held { name: "Herb", action: "Identify" }
[script liveotmdvs_0] interact Held { name: "Herb", action: "Identify" }
[script liveotmdvs_0] interact Held { name: "Herb", action: "Identify" }
[script liveotmdvs_0] interact Held { name: "Herb", action: "Identify" }
[script liveotmdvs_0] interact Held { name: "Herb", action: "Identify" }
[script liveotmdvs_0] interact Held { name: "Herb", action: "Identify" }
[script liveotmdvs_0] interact Held { name: "Herb", action: "Identify" }
[script liveotmdvs_0] interact Held { name: "Herb", action: "Identify" }
[script liveotmdvs_0] interact Held { name: "Herb", action: "Identify" }
[script liveotmdvs_0] interact Held { name: "Herb", action: "Identify" }
[script liveotmdvs_0] interact Held { name: "Herb", action: "Identify" }
[script liveotmdvs_0] interact Held { name: "Herb", action: "Identify" }
[shim-held] Herb Identify slot=4 -> sent
[shim-held] Herb Identify slot=4 -> sent
[shim-held] Herb Identify slot=4 -> sent
[shim-held] Herb Identify slot=4 -> sent
[shim-held] Herb Identify slot=4 -> sent
[shim-held] Herb Identify slot=4 -> sent
[shim-held] Herb Identify slot=4 -> sent
[shim-held] Herb Identify slot=4 -> sent
[shim-held] Herb Identify slot=4 -> sent
[shim-held] Herb Identify slot=4 -> sent
[shim-held] Herb Identify slot=4 -> sent
[shim-held] Herb Identify slot=4 -> sent
[shim-held] Herb Identify slot=4 -> sent
[shim-held] Herb Identify slot=4 -> sent
[shim-held] Herb Identify slot=4 -> sent
[shim-held] Herb Identify slot=4 -> sent
[shim-held] Herb Identify slot=4 -> sent
[shim-held] Herb Identify slot=4 -> sent
[shim-held] Herb Identify slot=4 -> sent
[shim-held] Herb Identify slot=4 -> sent
[shim-held] Herb Identify slot=4 -> sent
[shim-held] Herb Identify slot=4 -> sent
[shim-held] Herb Identify slot=4 -> sent
[shim-held] Herb Identify slot=4 -> sent
[host] slot liveotmdvs_0: d_loop_us=1879 d_raster_us=0 d_observe_us=99552 max_observe_us=14133 d_paints=0 d_skips=50 d_ticks=2 window_ms=1187
[script liveotmdvs_0] interact Held { name: "Herb", action: "Identify" }
[script liveotmdvs_0] interact Held { name: "Herb", action: "Identify" }
[script liveotmdvs_0] interact Held { name: "Herb", action: "Identify" }
[script liveotmdvs_0] interact Held { name: "Herb", action: "Identify" }
[script liveotmdvs_0] interact Held { name: "Herb", action: "Identify" }
[script liveotmdvs_0] interact Held { name: "Herb", action: "Identify" }
[script liveotmdvs_0] interact Held { name: "Herb", action: "Identify" }
[script liveotmdvs_0] interact Held { name: "Herb", action: "Identify" }
[script liveotmdvs_0] interact Held { name: "Herb", action: "Identify" }
[script liveotmdvs_0] interact Held { name: "Herb", action: "Identify" }
[script liveotmdvs_0] interact Held { name: "Herb", action: "Identify" }
[script liveotmdvs_0] interact Held { name: "Herb", action: "Identify" }
[script liveotmdvs_0] interact Held { name: "Herb", action: "Identify" }
[script liveotmdvs_0] interact Held { name: "Herb", action: "Identify" }
[script liveotmdvs_0] interact Held { name: "Herb", action: "Identify" }
[script liveotmdvs_0] interact Held { name: "Herb", action: "Identify" }
[script liveotmdvs_0] interact Held { name: "Herb", action: "Identify" }
[script liveotmdvs_0] interact Held { name: "Herb", action: "Identify" }
[script liveotmdvs_0] interact Held { name: "Herb", action: "Identify" }
[script liveotmdvs_0] interact Held { name: "Herb", action: "Identify" }
[script liveotmdvs_0] interact Held { name: "Herb", action: "Identify" }
[script liveotmdvs_0] interact Held { name: "Herb", action: "Identify" }
[script liveotmdvs_0] interact Held { name: "Herb", action: "Identify" }
[shim-held] Herb Identify slot=5 -> sent
[shim-held] Herb Identify slot=5 -> sent
[shim-held] Herb Identify slot=5 -> sent
[shim-held] Herb Identify slot=5 -> sent
[shim-held] Herb Identify slot=5 -> sent
[shim-held] Herb Identify slot=5 -> sent
[shim-held] Herb Identify slot=5 -> sent
[shim-held] Herb Identify slot=5 -> sent
[shim-held] Herb Identify slot=5 -> sent
[shim-held] Herb Identify slot=5 -> sent
[shim-held] Herb Identify slot=5 -> sent
[shim-held] Herb Identify slot=5 -> sent
[shim-held] Herb Identify slot=5 -> sent
[shim-held] Herb Identify slot=5 -> sent
[shim-held] Herb Identify slot=5 -> sent
[shim-held] Herb Identify slot=5 -> sent
[shim-held] Herb Identify slot=5 -> sent
[shim-held] Herb Identify slot=5 -> sent
[shim-held] Herb Identify slot=5 -> sent
[shim-held] Herb Identify slot=5 -> sent
[shim-held] Herb Identify slot=5 -> sent
[shim-held] Herb Identify slot=5 -> sent
[shim-held] Herb Identify slot=5 -> sent
[host] slot liveotmdvs_0: d_loop_us=1632 d_raster_us=0 d_observe_us=93526 max_observe_us=9765 d_paints=0 d_skips=50 d_ticks=2 window_ms=1180
[host] slot liveotmdvs_0: d_loop_us=1312 d_raster_us=0 d_observe_us=77628 max_observe_us=13550 d_paints=0 d_skips=50 d_ticks=2 window_ms=1187
[script liveotmdvs_0] interact Held { name: "Herb", action: "Identify" }
[script liveotmdvs_0] interact Held { name: "Herb", action: "Identify" }
[script liveotmdvs_0] interact Held { name: "Herb", action: "Identify" }
[script liveotmdvs_0] interact Held { name: "Herb", action: "Identify" }
[script liveotmdvs_0] interact Held { name: "Herb", action: "Identify" }
[script liveotmdvs_0] interact Held { name: "Herb", action: "Identify" }
[script liveotmdvs_0] interact Held { name: "Herb", action: "Identify" }
[script liveotmdvs_0] interact Held { name: "Herb", action: "Identify" }
[script liveotmdvs_0] interact Held { name: "Herb", action: "Identify" }
[script liveotmdvs_0] interact Held { name: "Herb", action: "Identify" }
[script liveotmdvs_0] interact Held { name: "Herb", action: "Identify" }
[script liveotmdvs_0] interact Held { name: "Herb", action: "Identify" }
[script liveotmdvs_0] interact Held { name: "Herb", action: "Identify" }
[script liveotmdvs_0] interact Held { name: "Herb", action: "Identify" }
[script liveotmdvs_0] interact Held { name: "Herb", action: "Identify" }
[script liveotmdvs_0] interact Held { name: "Herb", action: "Identify" }
[script liveotmdvs_0] interact Held { name: "Herb", action: "Identify" }
[script liveotmdvs_0] interact Held { name: "Herb", action: "Identify" }
[script liveotmdvs_0] interact Held { name: "Herb", action: "Identify" }
[script liveotmdvs_0] interact Held { name: "Herb", action: "Identify" }
[script liveotmdvs_0] interact Held { name: "Herb", action: "Identify" }
[script liveotmdvs_0] interact Held { name: "Herb", action: "Identify" }
[shim-held] Herb Identify slot=6 -> sent
[shim-held] Herb Identify slot=6 -> sent
[shim-held] Herb Identify slot=6 -> sent
[shim-held] Herb Identify slot=6 -> sent
[shim-held] Herb Identify slot=6 -> sent
[shim-held] Herb Identify slot=6 -> sent
[shim-held] Herb Identify slot=6 -> sent
[shim-held] Herb Identify slot=6 -> sent
[shim-held] Herb Identify slot=6 -> sent
[shim-held] Herb Identify slot=6 -> sent
[shim-held] Herb Identify slot=6 -> sent
[shim-held] Herb Identify slot=6 -> sent
[shim-held] Herb Identify slot=6 -> sent
[shim-held] Herb Identify slot=6 -> sent
[shim-held] Herb Identify slot=6 -> sent
[shim-held] Herb Identify slot=6 -> sent
[shim-held] Herb Identify slot=6 -> sent
[shim-held] Herb Identify slot=6 -> sent
[shim-held] Herb Identify slot=6 -> sent
[shim-held] Herb Identify slot=6 -> sent
[shim-held] Herb Identify slot=6 -> sent
[shim-held] Herb Identify slot=6 -> sent
[host] slot liveotmdvs_0: d_loop_us=719 d_raster_us=0 d_observe_us=41233 max_observe_us=6457 d_paints=0 d_skips=50 d_ticks=2 window_ms=1191
[script liveotmdvs_0] interact Held { name: "Herb", action: "Identify" }
[script liveotmdvs_0] interact Held { name: "Herb", action: "Identify" }
[script liveotmdvs_0] interact Held { name: "Herb", action: "Identify" }
[script liveotmdvs_0] interact Held { name: "Herb", action: "Identify" }
[script liveotmdvs_0] interact Held { name: "Herb", action: "Identify" }
[script liveotmdvs_0] interact Held { name: "Herb", action: "Identify" }
[script liveotmdvs_0] interact Held { name: "Herb", action: "Identify" }
[script liveotmdvs_0] interact Held { name: "Herb", action: "Identify" }
[script liveotmdvs_0] interact Held { name: "Herb", action: "Identify" }
[script liveotmdvs_0] interact Held { name: "Herb", action: "Identify" }
[script liveotmdvs_0] interact Held { name: "Herb", action: "Identify" }
[script liveotmdvs_0] interact Held { name: "Herb", action: "Identify" }
[script liveotmdvs_0] interact Held { name: "Herb", action: "Identify" }
[script liveotmdvs_0] interact Held { name: "Herb", action: "Identify" }
[script liveotmdvs_0] interact Held { name: "Herb", action: "Identify" }
[script liveotmdvs_0] interact Held { name: "Herb", action: "Identify" }
[script liveotmdvs_0] interact Held { name: "Herb", action: "Identify" }
[script liveotmdvs_0] interact Held { name: "Herb", action: "Identify" }
[script liveotmdvs_0] interact Held { name: "Herb", action: "Identify" }
[script liveotmdvs_0] interact Held { name: "Herb", action: "Identify" }
[script liveotmdvs_0] interact Held { name: "Herb", action: "Identify" }
[shim-held] Herb Identify slot=7 -> sent
[shim-held] Herb Identify slot=7 -> sent
[shim-held] Herb Identify slot=7 -> sent
[shim-held] Herb Identify slot=7 -> sent
[shim-held] Herb Identify slot=7 -> sent
[shim-held] Herb Identify slot=7 -> sent
[shim-held] Herb Identify slot=7 -> sent
[shim-held] Herb Identify slot=7 -> sent
[shim-held] Herb Identify slot=7 -> sent
[shim-held] Herb Identify slot=7 -> sent
[shim-held] Herb Identify slot=7 -> sent
[shim-held] Herb Identify slot=7 -> sent
[shim-held] Herb Identify slot=7 -> sent
[shim-held] Herb Identify slot=7 -> sent
[shim-held] Herb Identify slot=7 -> sent
[shim-held] Herb Identify slot=7 -> sent
[shim-held] Herb Identify slot=7 -> sent
[shim-held] Herb Identify slot=7 -> sent
[shim-held] Herb Identify slot=7 -> sent
[shim-held] Herb Identify slot=7 -> sent
[shim-held] Herb Identify slot=7 -> sent
[host] slot liveotmdvs_0: d_loop_us=1371 d_raster_us=0 d_observe_us=68797 max_observe_us=9663 d_paints=0 d_skips=50 d_ticks=2 window_ms=1209
[host] slot liveotmdvs_0: d_loop_us=1479 d_raster_us=0 d_observe_us=82345 max_observe_us=13429 d_paints=0 d_skips=50 d_ticks=2 window_ms=1193
[script liveotmdvs_0] interact Held { name: "Herb", action: "Identify" }
[script liveotmdvs_0] interact Held { name: "Herb", action: "Identify" }
[script liveotmdvs_0] interact Held { name: "Herb", action: "Identify" }
[script liveotmdvs_0] interact Held { name: "Herb", action: "Identify" }
[script liveotmdvs_0] interact Held { name: "Herb", action: "Identify" }
[script liveotmdvs_0] interact Held { name: "Herb", action: "Identify" }
[script liveotmdvs_0] interact Held { name: "Herb", action: "Identify" }
[script liveotmdvs_0] interact Held { name: "Herb", action: "Identify" }
[script liveotmdvs_0] interact Held { name: "Herb", action: "Identify" }
[script liveotmdvs_0] interact Held { name: "Herb", action: "Identify" }
[script liveotmdvs_0] interact Held { name: "Herb", action: "Identify" }
[script liveotmdvs_0] interact Held { name: "Herb", action: "Identify" }
[script liveotmdvs_0] interact Held { name: "Herb", action: "Identify" }
[script liveotmdvs_0] interact Held { name: "Herb", action: "Identify" }
[script liveotmdvs_0] interact Held { name: "Herb", action: "Identify" }
[script liveotmdvs_0] interact Held { name: "Herb", action: "Identify" }
[script liveotmdvs_0] interact Held { name: "Herb", action: "Identify" }
[script liveotmdvs_0] interact Held { name: "Herb", action: "Identify" }
[script liveotmdvs_0] interact Held { name: "Herb", action: "Identify" }
[script liveotmdvs_0] interact Held { name: "Herb", action: "Identify" }
[shim-held] Herb Identify slot=8 -> sent
[shim-held] Herb Identify slot=8 -> sent
[shim-held] Herb Identify slot=8 -> sent
[shim-held] Herb Identify slot=8 -> sent
[shim-held] Herb Identify slot=8 -> sent
[shim-held] Herb Identify slot=8 -> sent
[shim-held] Herb Identify slot=8 -> sent
[shim-held] Herb Identify slot=8 -> sent
[shim-held] Herb Identify slot=8 -> sent
[shim-held] Herb Identify slot=8 -> sent
[shim-held] Herb Identify slot=8 -> sent
[shim-held] Herb Identify slot=8 -> sent
[shim-held] Herb Identify slot=8 -> sent
[shim-held] Herb Identify slot=8 -> sent
[shim-held] Herb Identify slot=8 -> sent
[shim-held] Herb Identify slot=8 -> sent
[shim-held] Herb Identify slot=8 -> sent
[shim-held] Herb Identify slot=8 -> sent
[shim-held] Herb Identify slot=8 -> sent
[shim-held] Herb Identify slot=8 -> sent
[host] slot liveotmdvs_0: d_loop_us=1445 d_raster_us=0 d_observe_us=66365 max_observe_us=9254 d_paints=0 d_skips=50 d_ticks=2 window_ms=1189
[script liveotmdvs_0] interact Held { name: "Herb", action: "Identify" }
[script liveotmdvs_0] interact Held { name: "Herb", action: "Identify" }
[script liveotmdvs_0] interact Held { name: "Herb", action: "Identify" }
[script liveotmdvs_0] interact Held { name: "Herb", action: "Identify" }
[script liveotmdvs_0] interact Held { name: "Herb", action: "Identify" }
[script liveotmdvs_0] interact Held { name: "Herb", action: "Identify" }
[script liveotmdvs_0] interact Held { name: "Herb", action: "Identify" }
[script liveotmdvs_0] interact Held { name: "Herb", action: "Identify" }
[script liveotmdvs_0] interact Held { name: "Herb", action: "Identify" }
[script liveotmdvs_0] interact Held { name: "Herb", action: "Identify" }
[script liveotmdvs_0] interact Held { name: "Herb", action: "Identify" }
[script liveotmdvs_0] interact Held { name: "Herb", action: "Identify" }
[script liveotmdvs_0] interact Held { name: "Herb", action: "Identify" }
[script liveotmdvs_0] interact Held { name: "Herb", action: "Identify" }
[script liveotmdvs_0] interact Held { name: "Herb", action: "Identify" }
[script liveotmdvs_0] interact Held { name: "Herb", action: "Identify" }
[script liveotmdvs_0] interact Held { name: "Herb", action: "Identify" }
[script liveotmdvs_0] interact Held { name: "Herb", action: "Identify" }
[script liveotmdvs_0] interact Held { name: "Herb", action: "Identify" }
[shim-held] Herb Identify slot=9 -> sent
[shim-held] Herb Identify slot=9 -> sent
[shim-held] Herb Identify slot=9 -> sent
[shim-held] Herb Identify slot=9 -> sent
[shim-held] Herb Identify slot=9 -> sent
[shim-held] Herb Identify slot=9 -> sent
[shim-held] Herb Identify slot=9 -> sent
[shim-held] Herb Identify slot=9 -> sent
[shim-held] Herb Identify slot=9 -> sent
[shim-held] Herb Identify slot=9 -> sent
[shim-held] Herb Identify slot=9 -> sent
[shim-held] Herb Identify slot=9 -> sent
[shim-held] Herb Identify slot=9 -> sent
[shim-held] Herb Identify slot=9 -> sent
[shim-held] Herb Identify slot=9 -> sent
[shim-held] Herb Identify slot=9 -> sent
[shim-held] Herb Identify slot=9 -> sent
[shim-held] Herb Identify slot=9 -> sent
[shim-held] Herb Identify slot=9 -> sent
[host] slot liveotmdvs_0: d_loop_us=1673 d_raster_us=0 d_observe_us=78087 max_observe_us=8872 d_paints=0 d_skips=50 d_ticks=2 window_ms=1198
[host] slot liveotmdvs_0: d_loop_us=1656 d_raster_us=0 d_observe_us=82444 max_observe_us=13290 d_paints=0 d_skips=50 d_ticks=2 window_ms=1195
[script liveotmdvs_0] interact Held { name: "Herb", action: "Identify" }
[script liveotmdvs_0] interact Held { name: "Herb", action: "Identify" }
[script liveotmdvs_0] interact Held { name: "Herb", action: "Identify" }
[script liveotmdvs_0] interact Held { name: "Herb", action: "Identify" }
[script liveotmdvs_0] interact Held { name: "Herb", action: "Identify" }
[script liveotmdvs_0] interact Held { name: "Herb", action: "Identify" }
[script liveotmdvs_0] interact Held { name: "Herb", action: "Identify" }
[script liveotmdvs_0] interact Held { name: "Herb", action: "Identify" }
[script liveotmdvs_0] interact Held { name: "Herb", action: "Identify" }
[script liveotmdvs_0] interact Held { name: "Herb", action: "Identify" }
[script liveotmdvs_0] interact Held { name: "Herb", action: "Identify" }
[script liveotmdvs_0] interact Held { name: "Herb", action: "Identify" }
[script liveotmdvs_0] interact Held { name: "Herb", action: "Identify" }
[script liveotmdvs_0] interact Held { name: "Herb", action: "Identify" }
[script liveotmdvs_0] interact Held { name: "Herb", action: "Identify" }
[script liveotmdvs_0] interact Held { name: "Herb", action: "Identify" }
[script liveotmdvs_0] interact Held { name: "Herb", action: "Identify" }
[script liveotmdvs_0] interact Held { name: "Herb", action: "Identify" }
[shim-held] Herb Identify slot=10 -> sent
[shim-held] Herb Identify slot=10 -> sent
[shim-held] Herb Identify slot=10 -> sent
[shim-held] Herb Identify slot=10 -> sent
[shim-held] Herb Identify slot=10 -> sent
[shim-held] Herb Identify slot=10 -> sent
[shim-held] Herb Identify slot=10 -> sent
[shim-held] Herb Identify slot=10 -> sent
[shim-held] Herb Identify slot=10 -> sent
[shim-held] Herb Identify slot=10 -> sent
[shim-held] Herb Identify slot=10 -> sent
[shim-held] Herb Identify slot=10 -> sent
[shim-held] Herb Identify slot=10 -> sent
[shim-held] Herb Identify slot=10 -> sent
[shim-held] Herb Identify slot=10 -> sent
[shim-held] Herb Identify slot=10 -> sent
[shim-held] Herb Identify slot=10 -> sent
[shim-held] Herb Identify slot=10 -> sent
[host] slot liveotmdvs_0: d_loop_us=1572 d_raster_us=0 d_observe_us=76294 max_observe_us=10766 d_paints=0 d_skips=50 d_ticks=2 window_ms=1202
[script liveotmdvs_0] interact Held { name: "Herb", action: "Identify" }
[script liveotmdvs_0] interact Held { name: "Herb", action: "Identify" }
[script liveotmdvs_0] interact Held { name: "Herb", action: "Identify" }
[script liveotmdvs_0] interact Held { name: "Herb", action: "Identify" }
[script liveotmdvs_0] interact Held { name: "Herb", action: "Identify" }
[script liveotmdvs_0] interact Held { name: "Herb", action: "Identify" }
[script liveotmdvs_0] interact Held { name: "Herb", action: "Identify" }
[script liveotmdvs_0] interact Held { name: "Herb", action: "Identify" }
[script liveotmdvs_0] interact Held { name: "Herb", action: "Identify" }
[script liveotmdvs_0] interact Held { name: "Herb", action: "Identify" }
[script liveotmdvs_0] interact Held { name: "Herb", action: "Identify" }
[script liveotmdvs_0] interact Held { name: "Herb", action: "Identify" }
[script liveotmdvs_0] interact Held { name: "Herb", action: "Identify" }
[script liveotmdvs_0] interact Held { name: "Herb", action: "Identify" }
[script liveotmdvs_0] interact Held { name: "Herb", action: "Identify" }
[script liveotmdvs_0] interact Held { name: "Herb", action: "Identify" }
[script liveotmdvs_0] interact Held { name: "Herb", action: "Identify" }
[shim-held] Herb Identify slot=11 -> sent
[shim-held] Herb Identify slot=11 -> sent
[shim-held] Herb Identify slot=11 -> sent
[shim-held] Herb Identify slot=11 -> sent
[shim-held] Herb Identify slot=11 -> sent
[shim-held] Herb Identify slot=11 -> sent
[shim-held] Herb Identify slot=11 -> sent
[shim-held] Herb Identify slot=11 -> sent
[shim-held] Herb Identify slot=11 -> sent
[shim-held] Herb Identify slot=11 -> sent
[shim-held] Herb Identify slot=11 -> sent
[shim-held] Herb Identify slot=11 -> sent
[shim-held] Herb Identify slot=11 -> sent
[shim-held] Herb Identify slot=11 -> sent
[shim-held] Herb Identify slot=11 -> sent
[shim-held] Herb Identify slot=11 -> sent
[shim-held] Herb Identify slot=11 -> sent
[host] slot liveotmdvs_0: d_loop_us=1603 d_raster_us=0 d_observe_us=74565 max_observe_us=11129 d_paints=0 d_skips=50 d_ticks=2 window_ms=1195
[host] slot liveotmdvs_0: d_loop_us=1846 d_raster_us=0 d_observe_us=87814 max_observe_us=14458 d_paints=0 d_skips=50 d_ticks=2 window_ms=1188
[script liveotmdvs_0] interact Held { name: "Herb", action: "Identify" }
[script liveotmdvs_0] interact Held { name: "Herb", action: "Identify" }
[script liveotmdvs_0] interact Held { name: "Herb", action: "Identify" }
[script liveotmdvs_0] interact Held { name: "Herb", action: "Identify" }
[script liveotmdvs_0] interact Held { name: "Herb", action: "Identify" }
[script liveotmdvs_0] interact Held { name: "Herb", action: "Identify" }
[script liveotmdvs_0] interact Held { name: "Herb", action: "Identify" }
[script liveotmdvs_0] interact Held { name: "Herb", action: "Identify" }
[script liveotmdvs_0] interact Held { name: "Herb", action: "Identify" }
[script liveotmdvs_0] interact Held { name: "Herb", action: "Identify" }
[script liveotmdvs_0] interact Held { name: "Herb", action: "Identify" }
[script liveotmdvs_0] interact Held { name: "Herb", action: "Identify" }
[script liveotmdvs_0] interact Held { name: "Herb", action: "Identify" }
[script liveotmdvs_0] interact Held { name: "Herb", action: "Identify" }
[script liveotmdvs_0] interact Held { name: "Herb", action: "Identify" }
[script liveotmdvs_0] interact Held { name: "Herb", action: "Identify" }
[shim-held] Herb Identify slot=12 -> sent
[shim-held] Herb Identify slot=12 -> sent
[shim-held] Herb Identify slot=12 -> sent
[shim-held] Herb Identify slot=12 -> sent
[shim-held] Herb Identify slot=12 -> sent
[shim-held] Herb Identify slot=12 -> sent
[shim-held] Herb Identify slot=12 -> sent
[shim-held] Herb Identify slot=12 -> sent
[shim-held] Herb Identify slot=12 -> sent
[shim-held] Herb Identify slot=12 -> sent
[shim-held] Herb Identify slot=12 -> sent
[shim-held] Herb Identify slot=12 -> sent
[shim-held] Herb Identify slot=12 -> sent
[shim-held] Herb Identify slot=12 -> sent
[shim-held] Herb Identify slot=12 -> sent
[shim-held] Herb Identify slot=12 -> sent
[host] slot liveotmdvs_0: d_loop_us=1575 d_raster_us=0 d_observe_us=82493 max_observe_us=13809 d_paints=0 d_skips=50 d_ticks=2 window_ms=1202
[script liveotmdvs_0] interact Held { name: "Herb", action: "Identify" }
[script liveotmdvs_0] interact Held { name: "Herb", action: "Identify" }
[script liveotmdvs_0] interact Held { name: "Herb", action: "Identify" }
[script liveotmdvs_0] interact Held { name: "Herb", action: "Identify" }
[script liveotmdvs_0] interact Held { name: "Herb", action: "Identify" }
[script liveotmdvs_0] interact Held { name: "Herb", action: "Identify" }
[script liveotmdvs_0] interact Held { name: "Herb", action: "Identify" }
[script liveotmdvs_0] interact Held { name: "Herb", action: "Identify" }
[script liveotmdvs_0] interact Held { name: "Herb", action: "Identify" }
[script liveotmdvs_0] interact Held { name: "Herb", action: "Identify" }
[script liveotmdvs_0] interact Held { name: "Herb", action: "Identify" }
[script liveotmdvs_0] interact Held { name: "Herb", action: "Identify" }
[script liveotmdvs_0] interact Held { name: "Herb", action: "Identify" }
[script liveotmdvs_0] interact Held { name: "Herb", action: "Identify" }
[script liveotmdvs_0] interact Held { name: "Herb", action: "Identify" }
[shim-held] Herb Identify slot=13 -> sent
[shim-held] Herb Identify slot=13 -> sent
[shim-held] Herb Identify slot=13 -> sent
[shim-held] Herb Identify slot=13 -> sent
[shim-held] Herb Identify slot=13 -> sent
[shim-held] Herb Identify slot=13 -> sent
[shim-held] Herb Identify slot=13 -> sent
[shim-held] Herb Identify slot=13 -> sent
[shim-held] Herb Identify slot=13 -> sent
[shim-held] Herb Identify slot=13 -> sent
[shim-held] Herb Identify slot=13 -> sent
[shim-held] Herb Identify slot=13 -> sent
[shim-held] Herb Identify slot=13 -> sent
[shim-held] Herb Identify slot=13 -> sent
[shim-held] Herb Identify slot=13 -> sent
[host] slot liveotmdvs_0: d_loop_us=1433 d_raster_us=0 d_observe_us=66082 max_observe_us=6581 d_paints=0 d_skips=50 d_ticks=2 window_ms=1191
[host] slot liveotmdvs_0: d_loop_us=1442 d_raster_us=0 d_observe_us=89140 max_observe_us=13547 d_paints=0 d_skips=50 d_ticks=2 window_ms=1183
[script liveotmdvs_0] interact Held { name: "Herb", action: "Identify" }
[script liveotmdvs_0] interact Held { name: "Herb", action: "Identify" }
[script liveotmdvs_0] interact Held { name: "Herb", action: "Identify" }
[script liveotmdvs_0] interact Held { name: "Herb", action: "Identify" }
[script liveotmdvs_0] interact Held { name: "Herb", action: "Identify" }
[script liveotmdvs_0] interact Held { name: "Herb", action: "Identify" }
[script liveotmdvs_0] interact Held { name: "Herb", action: "Identify" }
[script liveotmdvs_0] interact Held { name: "Herb", action: "Identify" }
[script liveotmdvs_0] interact Held { name: "Herb", action: "Identify" }
[script liveotmdvs_0] interact Held { name: "Herb", action: "Identify" }
[script liveotmdvs_0] interact Held { name: "Herb", action: "Identify" }
[script liveotmdvs_0] interact Held { name: "Herb", action: "Identify" }
[script liveotmdvs_0] interact Held { name: "Herb", action: "Identify" }
[script liveotmdvs_0] interact Held { name: "Herb", action: "Identify" }
[shim-held] Herb Identify slot=14 -> sent
[shim-held] Herb Identify slot=14 -> sent
[shim-held] Herb Identify slot=14 -> sent
[shim-held] Herb Identify slot=14 -> sent
[shim-held] Herb Identify slot=14 -> sent
[shim-held] Herb Identify slot=14 -> sent
[shim-held] Herb Identify slot=14 -> sent
[shim-held] Herb Identify slot=14 -> sent
[shim-held] Herb Identify slot=14 -> sent
[shim-held] Herb Identify slot=14 -> sent
[shim-held] Herb Identify slot=14 -> sent
[shim-held] Herb Identify slot=14 -> sent
[shim-held] Herb Identify slot=14 -> sent
[shim-held] Herb Identify slot=14 -> sent
test catalog_boundary_live has been running for over 60 seconds
[host] slot liveotmdvs_0: d_loop_us=1519 d_raster_us=0 d_observe_us=85548 max_observe_us=14269 d_paints=0 d_skips=50 d_ticks=2 window_ms=1192
[script liveotmdvs_0] interact Held { name: "Herb", action: "Identify" }
[script liveotmdvs_0] interact Held { name: "Herb", action: "Identify" }
[script liveotmdvs_0] interact Held { name: "Herb", action: "Identify" }
[script liveotmdvs_0] interact Held { name: "Herb", action: "Identify" }
[script liveotmdvs_0] interact Held { name: "Herb", action: "Identify" }
[script liveotmdvs_0] interact Held { name: "Herb", action: "Identify" }
[script liveotmdvs_0] interact Held { name: "Herb", action: "Identify" }
[script liveotmdvs_0] interact Held { name: "Herb", action: "Identify" }
[script liveotmdvs_0] interact Held { name: "Herb", action: "Identify" }
[script liveotmdvs_0] interact Held { name: "Herb", action: "Identify" }
[script liveotmdvs_0] interact Held { name: "Herb", action: "Identify" }
[script liveotmdvs_0] interact Held { name: "Herb", action: "Identify" }
[script liveotmdvs_0] interact Held { name: "Herb", action: "Identify" }
[shim-held] Herb Identify slot=15 -> sent
[shim-held] Herb Identify slot=15 -> sent
[shim-held] Herb Identify slot=15 -> sent
[shim-held] Herb Identify slot=15 -> sent
[shim-held] Herb Identify slot=15 -> sent
[shim-held] Herb Identify slot=15 -> sent
[shim-held] Herb Identify slot=15 -> sent
[shim-held] Herb Identify slot=15 -> sent
[shim-held] Herb Identify slot=15 -> sent
[shim-held] Herb Identify slot=15 -> sent
[shim-held] Herb Identify slot=15 -> sent
[shim-held] Herb Identify slot=15 -> sent
[shim-held] Herb Identify slot=15 -> sent
[host] slot liveotmdvs_0: d_loop_us=1335 d_raster_us=0 d_observe_us=65543 max_observe_us=7141 d_paints=0 d_skips=50 d_ticks=2 window_ms=1207
[host] slot liveotmdvs_0: d_loop_us=1732 d_raster_us=0 d_observe_us=83173 max_observe_us=12846 d_paints=0 d_skips=50 d_ticks=2 window_ms=1180
[script liveotmdvs_0] interact Held { name: "Herb", action: "Identify" }
[script liveotmdvs_0] interact Held { name: "Herb", action: "Identify" }
[script liveotmdvs_0] interact Held { name: "Herb", action: "Identify" }
[script liveotmdvs_0] interact Held { name: "Herb", action: "Identify" }
[script liveotmdvs_0] interact Held { name: "Herb", action: "Identify" }
[script liveotmdvs_0] interact Held { name: "Herb", action: "Identify" }
[script liveotmdvs_0] interact Held { name: "Herb", action: "Identify" }
[script liveotmdvs_0] interact Held { name: "Herb", action: "Identify" }
[script liveotmdvs_0] interact Held { name: "Herb", action: "Identify" }
[script liveotmdvs_0] interact Held { name: "Herb", action: "Identify" }
[script liveotmdvs_0] interact Held { name: "Herb", action: "Identify" }
[script liveotmdvs_0] interact Held { name: "Herb", action: "Identify" }
[shim-held] Herb Identify slot=16 -> sent
[shim-held] Herb Identify slot=16 -> sent
[shim-held] Herb Identify slot=16 -> sent
[shim-held] Herb Identify slot=16 -> sent
[shim-held] Herb Identify slot=16 -> sent
[shim-held] Herb Identify slot=16 -> sent
[shim-held] Herb Identify slot=16 -> sent
[shim-held] Herb Identify slot=16 -> sent
[shim-held] Herb Identify slot=16 -> sent
[shim-held] Herb Identify slot=16 -> sent
[shim-held] Herb Identify slot=16 -> sent
[shim-held] Herb Identify slot=16 -> sent
[host] slot liveotmdvs_0: d_loop_us=1697 d_raster_us=0 d_observe_us=80691 max_observe_us=11987 d_paints=0 d_skips=50 d_ticks=2 window_ms=1195
[script liveotmdvs_0] interact Held { name: "Herb", action: "Identify" }
[script liveotmdvs_0] interact Held { name: "Herb", action: "Identify" }
[script liveotmdvs_0] interact Held { name: "Herb", action: "Identify" }
[script liveotmdvs_0] interact Held { name: "Herb", action: "Identify" }
[script liveotmdvs_0] interact Held { name: "Herb", action: "Identify" }
[script liveotmdvs_0] interact Held { name: "Herb", action: "Identify" }
[script liveotmdvs_0] interact Held { name: "Herb", action: "Identify" }
[script liveotmdvs_0] interact Held { name: "Herb", action: "Identify" }
[script liveotmdvs_0] interact Held { name: "Herb", action: "Identify" }
[script liveotmdvs_0] interact Held { name: "Herb", action: "Identify" }
[script liveotmdvs_0] interact Held { name: "Herb", action: "Identify" }
[shim-held] Herb Identify slot=17 -> sent
[shim-held] Herb Identify slot=17 -> sent
[shim-held] Herb Identify slot=17 -> sent
[shim-held] Herb Identify slot=17 -> sent
[shim-held] Herb Identify slot=17 -> sent
[shim-held] Herb Identify slot=17 -> sent
[shim-held] Herb Identify slot=17 -> sent
[shim-held] Herb Identify slot=17 -> sent
[shim-held] Herb Identify slot=17 -> sent
[shim-held] Herb Identify slot=17 -> sent
[shim-held] Herb Identify slot=17 -> sent
[host] slot liveotmdvs_0: d_loop_us=1550 d_raster_us=0 d_observe_us=81734 max_observe_us=9573 d_paints=0 d_skips=50 d_ticks=2 window_ms=1189
[host] slot liveotmdvs_0: d_loop_us=1744 d_raster_us=0 d_observe_us=84197 max_observe_us=11047 d_paints=0 d_skips=50 d_ticks=2 window_ms=1201
[script liveotmdvs_0] interact Held { name: "Herb", action: "Identify" }
[script liveotmdvs_0] interact Held { name: "Herb", action: "Identify" }
[script liveotmdvs_0] interact Held { name: "Herb", action: "Identify" }
[script liveotmdvs_0] interact Held { name: "Herb", action: "Identify" }
[script liveotmdvs_0] interact Held { name: "Herb", action: "Identify" }
[script liveotmdvs_0] interact Held { name: "Herb", action: "Identify" }
[script liveotmdvs_0] interact Held { name: "Herb", action: "Identify" }
[script liveotmdvs_0] interact Held { name: "Herb", action: "Identify" }
[script liveotmdvs_0] interact Held { name: "Herb", action: "Identify" }
[script liveotmdvs_0] interact Held { name: "Herb", action: "Identify" }
[shim-held] Herb Identify slot=18 -> sent
[shim-held] Herb Identify slot=18 -> sent
[shim-held] Herb Identify slot=18 -> sent
[shim-held] Herb Identify slot=18 -> sent
[shim-held] Herb Identify slot=18 -> sent
[shim-held] Herb Identify slot=18 -> sent
[shim-held] Herb Identify slot=18 -> sent
[shim-held] Herb Identify slot=18 -> sent
[shim-held] Herb Identify slot=18 -> sent
[shim-held] Herb Identify slot=18 -> sent
[host] slot liveotmdvs_0: d_loop_us=1646 d_raster_us=0 d_observe_us=90799 max_observe_us=14124 d_paints=0 d_skips=50 d_ticks=2 window_ms=1182
[script liveotmdvs_0] interact Held { name: "Herb", action: "Identify" }
[script liveotmdvs_0] interact Held { name: "Herb", action: "Identify" }
[script liveotmdvs_0] interact Held { name: "Herb", action: "Identify" }
[script liveotmdvs_0] interact Held { name: "Herb", action: "Identify" }
[script liveotmdvs_0] interact Held { name: "Herb", action: "Identify" }
[script liveotmdvs_0] interact Held { name: "Herb", action: "Identify" }
[script liveotmdvs_0] interact Held { name: "Herb", action: "Identify" }
[script liveotmdvs_0] interact Held { name: "Herb", action: "Identify" }
[script liveotmdvs_0] interact Held { name: "Herb", action: "Identify" }
[shim-held] Herb Identify slot=19 -> sent
[shim-held] Herb Identify slot=19 -> sent
[shim-held] Herb Identify slot=19 -> sent
[shim-held] Herb Identify slot=19 -> sent
[shim-held] Herb Identify slot=19 -> sent
[shim-held] Herb Identify slot=19 -> sent
[shim-held] Herb Identify slot=19 -> sent
[shim-held] Herb Identify slot=19 -> sent
[shim-held] Herb Identify slot=19 -> sent
[host] slot liveotmdvs_0: d_loop_us=1598 d_raster_us=0 d_observe_us=82013 max_observe_us=9659 d_paints=0 d_skips=50 d_ticks=2 window_ms=1199
[host] slot liveotmdvs_0: d_loop_us=1565 d_raster_us=0 d_observe_us=69789 max_observe_us=10547 d_paints=0 d_skips=50 d_ticks=2 window_ms=1187
[script liveotmdvs_0] interact Held { name: "Herb", action: "Identify" }
[script liveotmdvs_0] interact Held { name: "Herb", action: "Identify" }
[script liveotmdvs_0] interact Held { name: "Herb", action: "Identify" }
[script liveotmdvs_0] interact Held { name: "Herb", action: "Identify" }
[script liveotmdvs_0] interact Held { name: "Herb", action: "Identify" }
[script liveotmdvs_0] interact Held { name: "Herb", action: "Identify" }
[script liveotmdvs_0] interact Held { name: "Herb", action: "Identify" }
[script liveotmdvs_0] interact Held { name: "Herb", action: "Identify" }
[shim-held] Herb Identify slot=20 -> sent
[shim-held] Herb Identify slot=20 -> sent
[shim-held] Herb Identify slot=20 -> sent
[shim-held] Herb Identify slot=20 -> sent
[shim-held] Herb Identify slot=20 -> sent
[shim-held] Herb Identify slot=20 -> sent
[shim-held] Herb Identify slot=20 -> sent
[shim-held] Herb Identify slot=20 -> sent
[host] slot liveotmdvs_0: d_loop_us=1555 d_raster_us=0 d_observe_us=84126 max_observe_us=14610 d_paints=0 d_skips=50 d_ticks=2 window_ms=1190
[script liveotmdvs_0] interact Held { name: "Herb", action: "Identify" }
[script liveotmdvs_0] interact Held { name: "Herb", action: "Identify" }
[script liveotmdvs_0] interact Held { name: "Herb", action: "Identify" }
[script liveotmdvs_0] interact Held { name: "Herb", action: "Identify" }
[script liveotmdvs_0] interact Held { name: "Herb", action: "Identify" }
[script liveotmdvs_0] interact Held { name: "Herb", action: "Identify" }
[script liveotmdvs_0] interact Held { name: "Herb", action: "Identify" }
[shim-held] Herb Identify slot=21 -> sent
[shim-held] Herb Identify slot=21 -> sent
[shim-held] Herb Identify slot=21 -> sent
[shim-held] Herb Identify slot=21 -> sent
[shim-held] Herb Identify slot=21 -> sent
[shim-held] Herb Identify slot=21 -> sent
[shim-held] Herb Identify slot=21 -> sent
[host] slot liveotmdvs_0: d_loop_us=1808 d_raster_us=0 d_observe_us=94829 max_observe_us=11960 d_paints=0 d_skips=50 d_ticks=2 window_ms=1190
[host] slot liveotmdvs_0: d_loop_us=1611 d_raster_us=0 d_observe_us=75850 max_observe_us=12448 d_paints=0 d_skips=50 d_ticks=2 window_ms=1189
[script liveotmdvs_0] interact Held { name: "Herb", action: "Identify" }
[script liveotmdvs_0] interact Held { name: "Herb", action: "Identify" }
[script liveotmdvs_0] interact Held { name: "Herb", action: "Identify" }
[script liveotmdvs_0] interact Held { name: "Herb", action: "Identify" }
[script liveotmdvs_0] interact Held { name: "Herb", action: "Identify" }
[script liveotmdvs_0] interact Held { name: "Herb", action: "Identify" }
[shim-held] Herb Identify slot=22 -> sent
[shim-held] Herb Identify slot=22 -> sent
[shim-held] Herb Identify slot=22 -> sent
[shim-held] Herb Identify slot=22 -> sent
[shim-held] Herb Identify slot=22 -> sent
[shim-held] Herb Identify slot=22 -> sent
[host] slot liveotmdvs_0: d_loop_us=1557 d_raster_us=0 d_observe_us=80087 max_observe_us=12915 d_paints=0 d_skips=50 d_ticks=2 window_ms=1176
[script liveotmdvs_0] interact Held { name: "Herb", action: "Identify" }
[script liveotmdvs_0] interact Held { name: "Herb", action: "Identify" }
[script liveotmdvs_0] interact Held { name: "Herb", action: "Identify" }
[script liveotmdvs_0] interact Held { name: "Herb", action: "Identify" }
[script liveotmdvs_0] interact Held { name: "Herb", action: "Identify" }
[shim-held] Herb Identify slot=23 -> sent
[shim-held] Herb Identify slot=23 -> sent
[shim-held] Herb Identify slot=23 -> sent
[shim-held] Herb Identify slot=23 -> sent
[shim-held] Herb Identify slot=23 -> sent
[host] slot liveotmdvs_0: d_loop_us=1594 d_raster_us=0 d_observe_us=84841 max_observe_us=9325 d_paints=0 d_skips=50 d_ticks=2 window_ms=1205
[host] slot liveotmdvs_0: d_loop_us=1633 d_raster_us=0 d_observe_us=87756 max_observe_us=13011 d_paints=0 d_skips=50 d_ticks=2 window_ms=1187
[script liveotmdvs_0] interact Held { name: "Herb", action: "Identify" }
[script liveotmdvs_0] interact Held { name: "Herb", action: "Identify" }
[script liveotmdvs_0] interact Held { name: "Herb", action: "Identify" }
[script liveotmdvs_0] interact Held { name: "Herb", action: "Identify" }
[shim-held] Herb Identify slot=24 -> sent
[shim-held] Herb Identify slot=24 -> sent
[shim-held] Herb Identify slot=24 -> sent
[shim-held] Herb Identify slot=24 -> sent
[host] slot liveotmdvs_0: d_loop_us=1569 d_raster_us=0 d_observe_us=76286 max_observe_us=12684 d_paints=0 d_skips=50 d_ticks=2 window_ms=1195
[script liveotmdvs_0] interact Held { name: "Herb", action: "Identify" }
[script liveotmdvs_0] interact Held { name: "Herb", action: "Identify" }
[script liveotmdvs_0] interact Held { name: "Herb", action: "Identify" }
[shim-held] Herb Identify slot=25 -> sent
[shim-held] Herb Identify slot=25 -> sent
[shim-held] Herb Identify slot=25 -> sent
[host] slot liveotmdvs_0: d_loop_us=1595 d_raster_us=0 d_observe_us=77574 max_observe_us=9753 d_paints=0 d_skips=50 d_ticks=2 window_ms=1185
[host] slot liveotmdvs_0: d_loop_us=1496 d_raster_us=0 d_observe_us=73276 max_observe_us=9990 d_paints=0 d_skips=50 d_ticks=2 window_ms=1201
[script liveotmdvs_0] interact Held { name: "Herb", action: "Identify" }
[script liveotmdvs_0] interact Held { name: "Herb", action: "Identify" }
[shim-held] Herb Identify slot=26 -> sent
[shim-held] Herb Identify slot=26 -> sent
[host] slot liveotmdvs_0: d_loop_us=1563 d_raster_us=0 d_observe_us=74156 max_observe_us=11038 d_paints=0 d_skips=50 d_ticks=2 window_ms=1198
[script liveotmdvs_0] interact Held { name: "Herb", action: "Identify" }
[shim-held] Herb Identify slot=27 -> sent
[host] slot liveotmdvs_0: d_loop_us=1639 d_raster_us=0 d_observe_us=87141 max_observe_us=9538 d_paints=0 d_skips=50 d_ticks=2 window_ms=1177
[host] slot liveotmdvs_0: d_loop_us=1678 d_raster_us=0 d_observe_us=90821 max_observe_us=14482 d_paints=0 d_skips=50 d_ticks=2 window_ms=1183
[script liveotmdvs_0] interact OpenBooth { x: 3186, z: 3440, level: 0, id: 2213, name: None, action: None }
[host] slot liveotmdvs_0: d_loop_us=1699 d_raster_us=0 d_observe_us=82517 max_observe_us=10362 d_paints=0 d_skips=50 d_ticks=2 window_ms=1191
[script liveotmdvs_0] bank opened, starting withdraw/deposit cycle
[script liveotmdvs_0] pack full, need to deposit before withdrawing Guam leaf
[script liveotmdvs_0] pack full, depositing everything
[host] slot liveotmdvs_0: d_loop_us=703 d_raster_us=0 d_observe_us=38088 max_observe_us=6415 d_paints=0 d_skips=50 d_ticks=2 window_ms=1223
[host] slot liveotmdvs_0: d_loop_us=649 d_raster_us=0 d_observe_us=32570 max_observe_us=3962 d_paints=0 d_skips=50 d_ticks=2 window_ms=1207
[script liveotmdvs_0] deposited 28 items
[script liveotmdvs_0] trying to withdraw 28 Guam leaf (have 0)
[host] slot liveotmdvs_0: d_loop_us=632 d_raster_us=0 d_observe_us=36157 max_observe_us=3999 d_paints=0 d_skips=50 d_ticks=2 window_ms=1217
[script liveotmdvs_0] withdrew 2 Guam leaf
[script liveotmdvs_0] trying to withdraw 26 Snake weed (have 0)
[script liveotmdvs_0] the bank snapshot has no Snake weed, marking it empty
[script liveotmdvs_0] Snake weed is empty in the bank, skipping it on later trips
[script liveotmdvs_0] trying to withdraw 26 Ardrigal (have 0)
[script liveotmdvs_0] the bank snapshot has no Ardrigal, marking it empty
[script liveotmdvs_0] Ardrigal is empty in the bank, skipping it on later trips
[script liveotmdvs_0] trying to withdraw 26 Sito foil (have 0)
[script liveotmdvs_0] the bank snapshot has no Sito foil, marking it empty
[script liveotmdvs_0] Sito foil is empty in the bank, skipping it on later trips
[script liveotmdvs_0] trying to withdraw 26 Volencia moss (have 0)
[script liveotmdvs_0] the bank snapshot has no Volencia moss, marking it empty
[script liveotmdvs_0] Volencia moss is empty in the bank, skipping it on later trips
[script liveotmdvs_0] trying to withdraw 26 Rogues purse (have 0)
[script liveotmdvs_0] the bank snapshot has no Rogues purse, marking it empty
[script liveotmdvs_0] Rogues purse is empty in the bank, skipping it on later trips
[script liveotmdvs_0] got herbs, closing bank
[script liveotmdvs_0] interact Close
[shim-close] sent
[script liveotmdvs_0] banked @ Bank booth: gave 28 items, took 2 grimy herbs
[host] slot liveotmdvs_0: d_loop_us=645 d_raster_us=0 d_observe_us=37132 max_observe_us=6410 d_paints=0 d_skips=50 d_ticks=2 window_ms=1222
[script liveotmdvs_0] interact Held { name: "Herb", action: "Identify" }
[script liveotmdvs_0] interact Held { name: "Herb", action: "Identify" }
[shim-held] Herb Identify slot=0 -> sent
[shim-held] Herb Identify slot=0 -> sent
PASS: catalog_boundary_live: {"scenario":"herb_cleaner","runner":"Some(Evidence { scenario: \"herb_cleaner\", outcome: \"PASS\", predicate: \"stat_xp_gain(15)>=2\", ticks: 163, elapsed_ms: 87929, message: None, tile: Some([3185, 3440, 0]), inv: [InvRow { id: 249, name: Some(\"Guam leaf\"), count: 1 }, InvRow { id: 199, name: Some(\"Herb\"), count: 1 }], stat: Some(StatRow { runenergy: 100 }), chat: [ChatRow { text: \"This herb is a Guam Leaf.\", username: None }, ChatRow { text: \"This herb is a Guam Leaf.\", username: None }, ChatRow { text: \"This herb is a Guam Leaf.\", username: None }, ChatRow { text: \"This herb is a Guam Leaf.\", username: None }, ChatRow { text: \"This herb is a Guam Leaf.\", username: None }, ChatRow { text: \"This herb is a Guam Leaf.\", username: None }, ChatRow { text: \"This herb is a Guam Leaf.\", username: None }, ChatRow { text: \"This herb is a Guam Leaf.\", username: None }, ChatRow { text: \"This herb is a Guam Leaf.\", username: None }, ChatRow { text: \"This herb is a Guam Leaf.\", username: None }, ChatRow { text: \"This herb is a Guam Leaf.\", username: None }, ChatRow { text: \"This herb is a Guam Leaf.\", username: None }, ChatRow { text: \"This herb is a Guam Leaf.\", username: None }, ChatRow { text: \"This herb is a Guam Leaf.\", username: None }, ChatRow { text: \"This herb is a Guam Leaf.\", username: None }, ChatRow { text: \"This herb is a Guam Leaf.\", username: None }, ChatRow { text: \"This herb is a Guam Leaf.\", username: None }, ChatRow { text: \"This herb is a Guam Leaf.\", username: None }, ChatRow { text: \"This herb is a Guam Leaf.\", username: None }, ChatRow { text: \"This herb is a Guam Leaf.\", username: None }, ChatRow { text: \"This herb is a Guam Leaf.\", username: None }, ChatRow { text: \"This herb is a Guam Leaf.\", username: None }, ChatRow { text: \"This herb is a Guam Leaf.\", username: None }, ChatRow { text: \"This herb is a Guam Leaf.\", username: None }, ChatRow { text: \"This herb is a Guam Leaf.\", username: None }, ChatRow { text: \"This herb is a Guam Leaf.\", username: None }, ChatRow { text: \"This herb is a Guam Leaf.\", username: None }, ChatRow { text: \"This herb is a Guam Leaf.\", username: None }, ChatRow { text: \"This herb is a Guam Leaf.\", username: None }, ChatRow { text: \"Inventory wiped.\", username: None }, ChatRow { text: \"set tutorial: to 1000\", username: None }, ChatRow { text: \"Welcome to RuneScape.\", username: None }], scene: 2 })","core":{"case":"herb_cleaner","baseline":{"ingame":true,"scene_state":2,"player":"Liveotmdvs 0","tile":[3185,3440,0],"tick":26,"items":{},"item_ids":{},"bank":{},"bank_ids":{},"bank_open":false,"bank_loaded":false,"bank_generation":2,"levels":{"-unused-":0,"agility":1,"attack":1,"cooking":1,"crafting":1,"defence":1,"firemaking":1,"fishing":1,"fletching":1,"herblore":3,"hitpoints":10,"magic":1,"mining":1,"prayer":1,"ranged":1,"runecraft":1,"slayer":1,"smithing":1,"strength":1,"thieving":1,"woodcutting":1},"xp":{"-unused-":0,"agility":0,"attack":0,"cooking":0,"crafting":0,"defence":0,"firemaking":0,"fishing":0,"fletching":0,"herblore":174,"hitpoints":1154,"magic":0,"mining":0,"prayer":0,"ranged":0,"runecraft":0,"slayer":0,"smithing":0,"strength":0,"thieving":0,"woodcutting":0},"chat":[[7,"Inventory wiped."],[6,"set tutorial: to 1000"],[5,"Welcome to RuneScape."]]},"latest":{"ingame":true,"scene_state":2,"player":"Liveotmdvs 0","tile":[3185,3440,0],"tick":128,"items":{"Guam leaf":1,"Herb":1},"item_ids":{"199":1,"249":1},"bank":{},"bank_ids":{},"bank_open":false,"bank_loaded":false,"bank_generation":6,"levels":{"-unused-":0,"agility":1,"attack":1,"cooking":1,"crafting":1,"defence":1,"firemaking":1,"fishing":1,"fletching":1,"herblore":3,"hitpoints":10,"magic":1,"mining":1,"prayer":1,"ranged":1,"runecraft":1,"slayer":1,"smithing":1,"strength":1,"thieving":1,"woodcutting":1},"xp":{"-unused-":0,"agility":0,"attack":0,"cooking":0,"crafting":0,"defence":0,"firemaking":0,"fishing":0,"fletching":0,"herblore":246,"hitpoints":1154,"magic":0,"mining":0,"prayer":0,"ranged":0,"runecraft":0,"slayer":0,"smithing":0,"strength":0,"thieving":0,"woodcutting":0},"chat":[[36,"This herb is a Guam Leaf."],[35,"This herb is a Guam Leaf."],[34,"This herb is a Guam Leaf."],[33,"This herb is a Guam Leaf."],[32,"This herb is a Guam Leaf."],[31,"This herb is a Guam Leaf."],[30,"This herb is a Guam Leaf."],[29,"This herb is a Guam Leaf."],[28,"This herb is a Guam Leaf."],[27,"This herb is a Guam Leaf."],[26,"This herb is a Guam Leaf."],[25,"This herb is a Guam Leaf."],[24,"This herb is a Guam Leaf."],[23,"This herb is a Guam Leaf."],[22,"This herb is a Guam Leaf."],[21,"This herb is a Guam Leaf."],[20,"This herb is a Guam Leaf."],[19,"This herb is a Guam Leaf."],[18,"This herb is a Guam Leaf."],[17,"This herb is a Guam Leaf."],[16,"This herb is a Guam Leaf."],[15,"This herb is a Guam Leaf."],[14,"This herb is a Guam Leaf."],[13,"This herb is a Guam Leaf."],[12,"This herb is a Guam Leaf."],[11,"This herb is a Guam Leaf."],[10,"This herb is a Guam Leaf."],[9,"This herb is a Guam Leaf."],[8,"This herb is a Guam Leaf."],[7,"Inventory wiped."],[6,"set tutorial: to 1000"],[5,"Welcome to RuneScape."]]},"max_items":{"Guam leaf":28,"Herb":28},"max_xp":{"-unused-":0,"agility":0,"attack":0,"cooking":0,"crafting":0,"defence":0,"firemaking":0,"fishing":0,"fletching":0,"herblore":246,"hitpoints":1154,"magic":0,"mining":0,"prayer":0,"ranged":0,"runecraft":0,"slayer":0,"smithing":0,"strength":0,"thieving":0,"woodcutting":0},"saw_bury_chat":false,"post_start_observations":2537,"bone_bank_cycle":{"first_batch_buried":false,"opened":null,"withdrawn":null,"buried_after_withdrawal":false},"bank_fletcher_cycle":{"first_pack_created":false,"deposited":null,"withdrawn":null,"crafted_after_withdrawal":false},"bank_fletcher_string_cycle":{"initial_pairs_strung":false,"deposited":null,"withdrawn":null,"strung_after_withdrawal":false},"bank_fletcher_cut_string_cycle":{"cut_pair_created":false,"deposited":null,"withdrawn":null,"string_pair_created":false},"alcher_generated_custom_cycle":{"withdrawn":null,"consumed":false},"dart_fletcher_cycle":{"first":null,"further":false,"wrong_tier":false},"herb_cleaner_cycle":{"first_pack":true,"deposited":{"ingame":true,"scene_state":2,"player":"Liveotmdvs 0","tile":[3185,3440,0],"tick":120,"items":{},"item_ids":{},"bank":{"Guam leaf":28,"Herb":2},"bank_ids":{"199":2,"249":28},"bank_open":true,"bank_loaded":true,"bank_generation":5,"levels":{"-unused-":0,"agility":1,"attack":1,"cooking":1,"crafting":1,"defence":1,"firemaking":1,"fishing":1,"fletching":1,"herblore":3,"hitpoints":10,"magic":1,"mining":1,"prayer":1,"ranged":1,"runecraft":1,"slayer":1,"smithing":1,"strength":1,"thieving":1,"woodcutting":1},"xp":{"-unused-":0,"agility":0,"attack":0,"cooking":0,"crafting":0,"defence":0,"firemaking":0,"fishing":0,"fletching":0,"herblore":244,"hitpoints":1154,"magic":0,"mining":0,"prayer":0,"ranged":0,"runecraft":0,"slayer":0,"smithing":0,"strength":0,"thieving":0,"woodcutting":0},"chat":[[35,"This herb is a Guam Leaf."],[34,"This herb is a Guam Leaf."],[33,"This herb is a Guam Leaf."],[32,"This herb is a Guam Leaf."],[31,"This herb is a Guam Leaf."],[30,"This herb is a Guam Leaf."],[29,"This herb is a Guam Leaf."],[28,"This herb is a Guam Leaf."],[27,"This herb is a Guam Leaf."],[26,"This herb is a Guam Leaf."],[25,"This herb is a Guam Leaf."],[24,"This herb is a Guam Leaf."],[23,"This herb is a Guam Leaf."],[22,"This herb is a Guam Leaf."],[21,"This herb is a Guam Leaf."],[20,"This herb is a Guam Leaf."],[19,"This herb is a Guam Leaf."],[18,"This herb is a Guam Leaf."],[17,"This herb is a Guam Leaf."],[16,"This herb is a Guam Leaf."],[15,"This herb is a Guam Leaf."],[14,"This herb is a Guam Leaf."],[13,"This herb is a Guam Leaf."],[12,"This herb is a Guam Leaf."],[11,"This herb is a Guam Leaf."],[10,"This herb is a Guam Leaf."],[9,"This herb is a Guam Leaf."],[8,"This herb is a Guam Leaf."],[7,"Inventory wiped."],[6,"set tutorial: to 1000"],[5,"Welcome to RuneScape."]]},"withdrawn":{"ingame":true,"scene_state":2,"player":"Liveotmdvs 0","tile":[3185,3440,0],"tick":125,"items":{"Herb":2},"item_ids":{"199":2},"bank":{"Guam leaf":28},"bank_ids":{"249":28},"bank_open":true,"bank_loaded":true,"bank_generation":5,"levels":{"-unused-":0,"agility":1,"attack":1,"cooking":1,"crafting":1,"defence":1,"firemaking":1,"fishing":1,"fletching":1,"herblore":3,"hitpoints":10,"magic":1,"mining":1,"prayer":1,"ranged":1,"runecraft":1,"slayer":1,"smithing":1,"strength":1,"thieving":1,"woodcutting":1},"xp":{"-unused-":0,"agility":0,"attack":0,"cooking":0,"crafting":0,"defence":0,"firemaking":0,"fishing":0,"fletching":0,"herblore":244,"hitpoints":1154,"magic":0,"mining":0,"prayer":0,"ranged":0,"runecraft":0,"slayer":0,"smithing":0,"strength":0,"thieving":0,"woodcutting":0},"chat":[[35,"This herb is a Guam Leaf."],[34,"This herb is a Guam Leaf."],[33,"This herb is a Guam Leaf."],[32,"This herb is a Guam Leaf."],[31,"This herb is a Guam Leaf."],[30,"This herb is a Guam Leaf."],[29,"This herb is a Guam Leaf."],[28,"This herb is a Guam Leaf."],[27,"This herb is a Guam Leaf."],[26,"This herb is a Guam Leaf."],[25,"This herb is a Guam Leaf."],[24,"This herb is a Guam Leaf."],[23,"This herb is a Guam Leaf."],[22,"This herb is a Guam Leaf."],[21,"This herb is a Guam Leaf."],[20,"This herb is a Guam Leaf."],[19,"This herb is a Guam Leaf."],[18,"This herb is a Guam Leaf."],[17,"This herb is a Guam Leaf."],[16,"This herb is a Guam Leaf."],[15,"This herb is a Guam Leaf."],[14,"This herb is a Guam Leaf."],[13,"This herb is a Guam Leaf."],[12,"This herb is a Guam Leaf."],[11,"This herb is a Guam Leaf."],[10,"This herb is a Guam Leaf."],[9,"This herb is a Guam Leaf."],[8,"This herb is a Guam Leaf."],[7,"Inventory wiped."],[6,"set tutorial: to 1000"],[5,"Welcome to RuneScape."]]},"cleaned_after_withdrawal":true,"filter_violated":false},"gem_cutter_cycle":{"first_pack":false,"deposited":null,"withdrawn":null,"cut_after_withdrawal":false,"filter_violated":false},"ordered_first_exhausted":false}}
test catalog_boundary_live ... ok

test result: ok. 1 passed; 0 failed; 0 ignored; 0 measured; 16 filtered out; finished in 91.05s

