
running 1 test
{"phase":"identity","revision":289,"profile":"local-289 · 127.0.0.1:44594 · revision 289","cache_id":"c4d8ab36bcfd2a7907535b4f619e28623b0a22e98d496fd2a9620d544c5b5b09","nav_pack":"/Users/acfrazier/experiments/274bot/.worktrees/rs2b0t-multirevision/.superpowers/world-capabilities/289/274bot.navpack","nav_sha256":"131db92e32eddcb08148909d477589544320fe7e34a422e8004e97e888032924","catalog_commit":"100adccc037d9f6898080e1cad58fcfc43364775","catalog_identity":"pre-289 frozen catalog","catalog_read_only_path":".superpowers/inputs/rs2b0t-100adccc037d9f6898080e1cad58fcfc43364775","catalog_root":"/Users/acfrazier/experiments/274bot/.worktrees/rs2b0t-multirevision/.superpowers/inputs/rs2b0t-100adccc037d9f6898080e1cad58fcfc43364775","registry_path":"/Users/acfrazier/experiments/274bot/.worktrees/rs2b0t-multirevision/.superpowers/inputs/rs2b0t-100adccc037d9f6898080e1cad58fcfc43364775/src/bot/scripts/index.ts","registry_sha256":"b614aedb3d5adfdfbac3760f082273f3cf5c33fffe4ced0f2b01490ae02d1bc2","card":{"card":"TannerBot","source_path":"/Users/acfrazier/experiments/274bot/.worktrees/rs2b0t-multirevision/.superpowers/inputs/rs2b0t-100adccc037d9f6898080e1cad58fcfc43364775/src/bot/scripts/TannerBot/TannerBot.ts","source_sha256":"b8038b17ac72eec3cf7b2e84f8323e4cd898f1975de7d210cfba333e552b8d7f","compiled_sha256":"a9da7b6f5c395ba28391685f84b0aa48ab35cfeeb4829cdc6082699fc4f82a39","siblings":[],"settings":{"hideType":"Soft leather","buyThread":false,"threadEveryRuns":5.0,"threadQty":100.0,"coinsPerTrip":2000.0}},"account":"livegubphq_0","engine_speed_ms":null}
[host-play] slot livegubphq_0: thread up
274bot: snapshot load skipped: read /Users/acfrazier/.274bot/unpack-289/37214163f1e6ceca/models.bin: No such file or directory (os error 2)
[host-play] slot livegubphq_0: handshake begin reconnect=false
[host-play] slot livegubphq_0: handshake ok
[host] slot livegubphq_0: d_loop_us=2495 d_raster_us=0 d_observe_us=25265 max_observe_us=1911 d_paints=0 d_skips=50 d_ticks=1 window_ms=0
[host-play] slot livegubphq_0: queued mainland tele+setvar (scene 2)
[host-play] slot livegubphq_0: handshake begin reconnect=true
[host-play] slot livegubphq_0: handshake ok
[host] slot livegubphq_0: d_loop_us=1031 d_raster_us=0 d_observe_us=43709 max_observe_us=3396 d_paints=0 d_skips=50 d_ticks=1 window_ms=0
[host-play] slot livegubphq_0: queued mainland tele+setvar (scene 2)
[host] slot livegubphq_0: d_loop_us=24794 d_raster_us=0 d_observe_us=88613 max_observe_us=8768 d_paints=0 d_skips=50 d_ticks=24 window_ms=14320
{"phase":"baseline-after-preparation","scenario":"tanner_bot","account":"livegubphq_0","observation":{"ingame":true,"scene_state":2,"player":"Livegubphq 0","tile":[3269,3166,0],"tick":27,"items":{},"item_ids":{},"bank":{},"bank_ids":{},"bank_open":false,"bank_loaded":false,"bank_generation":2,"levels":{"-unused-":0,"agility":1,"attack":1,"cooking":1,"crafting":1,"defence":1,"firemaking":1,"fishing":1,"fletching":1,"herblore":1,"hitpoints":10,"magic":1,"mining":1,"prayer":1,"ranged":1,"runecraft":1,"slayer":1,"smithing":1,"strength":1,"thieving":1,"woodcutting":1},"xp":{"-unused-":0,"agility":0,"attack":0,"cooking":0,"crafting":0,"defence":0,"firemaking":0,"fishing":0,"fletching":0,"herblore":0,"hitpoints":1154,"magic":0,"mining":0,"prayer":0,"ranged":0,"runecraft":0,"slayer":0,"smithing":0,"strength":0,"thieving":0,"woodcutting":0},"chat":[[7,"Inventory wiped."],[6,"set tutorial: to 1000"],[5,"Welcome to RuneScape."]],"loc_facts":[],"equipment_ids":{},"main_modal":-1,"widget_ids":[3213,3214]}}
[script livegubphq_0] start load
{"phase":"start","account":"livegubphq_0","count":1}
[host] hitch livegubphq_0: observe_us=78989 paints=0 skips=103 ticks=27
[script livegubphq_0] TannerBot — Soft leather: Cow hide -> Leather
[script livegubphq_0] interact OpenBooth { x: 3268, z: 3166, level: 0, id: 2213, name: Some("Bank booth"), action: Some("Use-quickly") }
[host] slot livegubphq_0: d_loop_us=1129 d_raster_us=0 d_observe_us=136656 max_observe_us=78989 d_paints=0 d_skips=50 d_ticks=5 window_ms=3070
[host] slot livegubphq_0: d_loop_us=987 d_raster_us=0 d_observe_us=47095 max_observe_us=6632 d_paints=0 d_skips=50 d_ticks=2 window_ms=1314
[host] slot livegubphq_0: d_loop_us=1066 d_raster_us=0 d_observe_us=61191 max_observe_us=15413 d_paints=0 d_skips=50 d_ticks=2 window_ms=1339
[script livegubphq_0] interact InvButton { id: 1739, slot: 0, component: 5382, operation: 5, bank_generation: 3 }
[script livegubphq_0] tick 50: not impl: reader.countDialogOpen
FAIL: catalog_boundary_live: script error: tick 50: not impl: reader.countDialogOpen
