
running 1 test
{"phase":"identity","revision":289,"profile":"local-289 · 127.0.0.1:44594 · revision 289","cache_id":"c4d8ab36bcfd2a7907535b4f619e28623b0a22e98d496fd2a9620d544c5b5b09","nav_pack":"/Users/acfrazier/experiments/274bot/.worktrees/rs2b0t-multirevision/.superpowers/world-capabilities/289/274bot.navpack","nav_sha256":"131db92e32eddcb08148909d477589544320fe7e34a422e8004e97e888032924","catalog_commit":"100adccc037d9f6898080e1cad58fcfc43364775","catalog_identity":"pre-289 frozen catalog","catalog_read_only_path":".superpowers/inputs/rs2b0t-100adccc037d9f6898080e1cad58fcfc43364775","catalog_root":"/Users/acfrazier/experiments/274bot/.worktrees/rs2b0t-multirevision/.superpowers/inputs/rs2b0t-100adccc037d9f6898080e1cad58fcfc43364775","registry_path":"/Users/acfrazier/experiments/274bot/.worktrees/rs2b0t-multirevision/.superpowers/inputs/rs2b0t-100adccc037d9f6898080e1cad58fcfc43364775/src/bot/scripts/index.ts","registry_sha256":"b614aedb3d5adfdfbac3760f082273f3cf5c33fffe4ced0f2b01490ae02d1bc2","card":{"card":"BrimhavenAgility","source_path":"/Users/acfrazier/experiments/274bot/.worktrees/rs2b0t-multirevision/.superpowers/inputs/rs2b0t-100adccc037d9f6898080e1cad58fcfc43364775/src/bot/scripts/BrimhavenAgility/BrimhavenAgility.ts","source_sha256":"771daff07bd4b3d6f2826ab1300d4fd66bcbae0f9d7a76e4a2ad07a4d050e859","compiled_sha256":"6dad11d337df2095a237becd02058b466200963f90a4a6c16c600de53d32d2bc","siblings":[{"module":"/rs2b0t/bot/scripts/bot/BrimhavenAgilityLogic.js","compiled_sha256":"bfc68726a47794b6dc457464acd6773536b4563954e6ba2ecabc9128a9eddbc1"}],"settings":{"loadout":"","stealRestock":false,"bankAtTickets":1000.0}},"account":"liveh076cs_0","engine_speed_ms":null}
[host-play] slot liveh076cs_0: thread up
289bot: snapshot load skipped: read /Users/acfrazier/.274bot/unpack-289/37214163f1e6ceca/models.bin: No such file or directory (os error 2)
[host-play] slot liveh076cs_0: handshake begin reconnect=false
[host-play] slot liveh076cs_0: handshake ok
[host] slot liveh076cs_0: d_loop_us=3447 d_raster_us=0 d_observe_us=35022 max_observe_us=3016 d_paints=0 d_skips=50 d_ticks=1 window_ms=0
[host-play] slot liveh076cs_0: queued mainland tele+setvar (scene 2)
[host-play] slot liveh076cs_0: handshake begin reconnect=true
[host-play] slot liveh076cs_0: handshake ok
[host-play] slot liveh076cs_0: queued mainland tele+setvar (scene 2)
[host] slot liveh076cs_0: d_loop_us=9745 d_raster_us=0 d_observe_us=47854 max_observe_us=2540 d_paints=0 d_skips=50 d_ticks=1 window_ms=0
[host] slot liveh076cs_0: d_loop_us=17479 d_raster_us=0 d_observe_us=107266 max_observe_us=9547 d_paints=0 d_skips=50 d_ticks=28 window_ms=5528
{"phase":"baseline-after-preparation","scenario":"brimhaven_agility","account":"liveh076cs_0","observation":{"ingame":true,"scene_state":2,"player":"Liveh076cs 0","tile":[2809,3194,0],"combat_level":3,"tick":34,"items":{"Coins":1000,"Lobster":10},"item_ids":{"379":10,"995":1000},"bank":{},"bank_ids":{},"bank_open":false,"bank_loaded":false,"bank_generation":0,"levels":{"-unused-":0,"agility":52,"attack":1,"cooking":1,"crafting":1,"defence":1,"firemaking":1,"fishing":1,"fletching":1,"herblore":1,"hitpoints":10,"magic":1,"mining":1,"prayer":1,"ranged":1,"runecraft":1,"slayer":1,"smithing":1,"strength":1,"thieving":1,"woodcutting":1},"effective_levels":{"-unused-":0,"agility":52,"attack":1,"cooking":1,"crafting":1,"defence":1,"firemaking":1,"fishing":1,"fletching":1,"herblore":1,"hitpoints":10,"magic":1,"mining":1,"prayer":1,"ranged":1,"runecraft":1,"slayer":1,"smithing":1,"strength":1,"thieving":1,"woodcutting":1},"xp":{"-unused-":0,"agility":123660,"attack":0,"cooking":0,"crafting":0,"defence":0,"firemaking":0,"fishing":0,"fletching":0,"herblore":0,"hitpoints":1154,"magic":0,"mining":0,"prayer":0,"ranged":0,"runecraft":0,"slayer":0,"smithing":0,"strength":0,"thieving":0,"woodcutting":0},"varps":{"309":0},"chat":[[7,"Congratulations, you just advanced an agility level."],[6,"set tutorial: to 1000"],[5,"Welcome to RuneScape."]],"loc_facts":[],"npc_facts":[],"ground_loot":[],"local_in_combat":false,"local_target_npc":null,"local_health":0,"local_animation":-1,"equipment_ids":{},"main_modal":-1,"widget_ids":[3213,3214]}}
[script liveh076cs_0] start load
{"phase":"start","account":"liveh076cs_0","count":1}
[host] hitch liveh076cs_0: observe_us=106798 paints=0 skips=105 ticks=34
[script liveh076cs_0] BrimhavenAgility — food 'Lobster' x25, bank@1000 tickets, eat@5hp, ticket cap 61/hr
[script liveh076cs_0] interact Npc { name: "Cap'n Izzy No-Beard", action: "Pay", index: Some(4584) }
[host] hitch liveh076cs_0: observe_us=16243 paints=0 skips=112 ticks=36
[script liveh076cs_0] paid 200 coins entrance
[script liveh076cs_0] interact Loc { x: 2809, z: 3194, level: 0, action: "Climb-Down", id: Some(3617) }
[host] hitch liveh076cs_0: observe_us=20509 paints=0 skips=120 ticks=37
[host] slot liveh076cs_0: d_loop_us=8164 d_raster_us=0 d_observe_us=231452 max_observe_us=106798 d_paints=0 d_skips=50 d_ticks=10 window_ms=2189
[script liveh076cs_0] crossing plank 24→23 (goal 17)
[script liveh076cs_0]   stage 2804,9590 before plank 24→23
[script liveh076cs_0] interact WalkTo { x: 2804, z: 9590, level: 3 }
[script liveh076cs_0]   Walk-on Plank @ 2802,9590
[script liveh076cs_0] interact Loc { x: 2802, z: 9590, level: 3, action: "Walk-on", id: Some(3572) }
[host] hitch liveh076cs_0: observe_us=21354 paints=0 skips=193 ticks=45
[host] slot liveh076cs_0: d_loop_us=1065 d_raster_us=0 d_observe_us=115761 max_observe_us=21354 d_paints=0 d_skips=50 d_ticks=6 window_ms=1168
[host] hitch liveh076cs_0: observe_us=19470 paints=0 skips=201 ticks=46
[host] hitch liveh076cs_0: observe_us=19160 paints=0 skips=210 ticks=47
[host] hitch liveh076cs_0: observe_us=18583 paints=0 skips=219 ticks=48
[script liveh076cs_0]   settled fallen platform -1 (from 24, want 23) anim=true pit=true
[script liveh076cs_0] fell into the pit (falls 1) — avoiding hop to 23
[script liveh076cs_0] climbing rope at 2805,9591 (Climb)
[script liveh076cs_0] interact Loc { x: 2805, z: 9591, level: 0, action: "Climb", id: Some(3610) }
[host] slot liveh076cs_0: d_loop_us=7865 d_raster_us=0 d_observe_us=147291 max_observe_us=19470 d_paints=0 d_skips=50 d_ticks=6 window_ms=1149
[host] slot liveh076cs_0: d_loop_us=3025 d_raster_us=0 d_observe_us=114021 max_observe_us=11854 d_paints=0 d_skips=50 d_ticks=6 window_ms=1140
[host] slot liveh076cs_0: d_loop_us=1188 d_raster_us=0 d_observe_us=88530 max_observe_us=10957 d_paints=0 d_skips=50 d_ticks=6 window_ms=1160
[host] slot liveh076cs_0: d_loop_us=1074 d_raster_us=0 d_observe_us=88030 max_observe_us=12456 d_paints=0 d_skips=50 d_ticks=6 window_ms=1176
[host] slot liveh076cs_0: d_loop_us=1541 d_raster_us=0 d_observe_us=119844 max_observe_us=11965 d_paints=0 d_skips=50 d_ticks=5 window_ms=1168
[host] slot liveh076cs_0: d_loop_us=943 d_raster_us=0 d_observe_us=73914 max_observe_us=8427 d_paints=0 d_skips=50 d_ticks=6 window_ms=1200
[host] slot liveh076cs_0: d_loop_us=953 d_raster_us=0 d_observe_us=85631 max_observe_us=9527 d_paints=0 d_skips=50 d_ticks=6 window_ms=1184
[script liveh076cs_0] still in the pit after climbing rope
[script liveh076cs_0] climbing rope at 2805,9591 (Climb)
[script liveh076cs_0] interact Loc { x: 2805, z: 9591, level: 0, action: "Climb", id: Some(3610) }
[host] slot liveh076cs_0: d_loop_us=1052 d_raster_us=0 d_observe_us=91066 max_observe_us=10986 d_paints=0 d_skips=50 d_ticks=6 window_ms=1179
[host] slot liveh076cs_0: d_loop_us=881 d_raster_us=0 d_observe_us=80385 max_observe_us=13093 d_paints=0 d_skips=50 d_ticks=6 window_ms=1195
[host] slot liveh076cs_0: d_loop_us=4889 d_raster_us=0 d_observe_us=86381 max_observe_us=13643 d_paints=0 d_skips=50 d_ticks=6 window_ms=1182
[script liveh076cs_0] hint → pillar 17
[script liveh076cs_0] crossing plank 24→23 (goal 17)
[script liveh076cs_0]   stage 2804,9590 before plank 24→23
[script liveh076cs_0] interact WalkTo { x: 2804, z: 9590, level: 3 }
[script liveh076cs_0]   Walk-on Plank @ 2802,9590
[script liveh076cs_0] interact Loc { x: 2802, z: 9590, level: 3, action: "Walk-on", id: Some(3572) }
[host] hitch liveh076cs_0: observe_us=16603 paints=0 skips=722 ticks=107
[host] slot liveh076cs_0: d_loop_us=1116 d_raster_us=0 d_observe_us=114155 max_observe_us=16603 d_paints=0 d_skips=50 d_ticks=6 window_ms=1174
[host] hitch liveh076cs_0: observe_us=17172 paints=0 skips=764 ticks=112
[script liveh076cs_0]   settled fallen platform -1 (from 24, want 23) anim=true pit=true
[script liveh076cs_0] fell into the pit (falls 2) — avoiding hop to 23
[script liveh076cs_0] climbing rope at 2805,9591 (Climb)
[script liveh076cs_0] interact Loc { x: 2805, z: 9591, level: 0, action: "Climb", id: Some(3610) }
[host] slot liveh076cs_0: d_loop_us=7092 d_raster_us=0 d_observe_us=103596 max_observe_us=17172 d_paints=0 d_skips=50 d_ticks=6 window_ms=1177
[host] slot liveh076cs_0: d_loop_us=1806 d_raster_us=0 d_observe_us=89472 max_observe_us=9460 d_paints=0 d_skips=50 d_ticks=6 window_ms=1175
[host] slot liveh076cs_0: d_loop_us=1342 d_raster_us=0 d_observe_us=83824 max_observe_us=8799 d_paints=0 d_skips=50 d_ticks=6 window_ms=1158
[host] slot liveh076cs_0: d_loop_us=1046 d_raster_us=0 d_observe_us=91499 max_observe_us=8433 d_paints=0 d_skips=50 d_ticks=5 window_ms=1174
[host] slot liveh076cs_0: d_loop_us=1133 d_raster_us=0 d_observe_us=113448 max_observe_us=10393 d_paints=0 d_skips=50 d_ticks=6 window_ms=1147
[host] slot liveh076cs_0: d_loop_us=1171 d_raster_us=0 d_observe_us=103553 max_observe_us=8908 d_paints=0 d_skips=50 d_ticks=6 window_ms=1154
[host] slot liveh076cs_0: d_loop_us=1042 d_raster_us=0 d_observe_us=95356 max_observe_us=11100 d_paints=0 d_skips=50 d_ticks=6 window_ms=1158
[script liveh076cs_0] still in the pit after climbing rope
[script liveh076cs_0] climbing rope at 2805,9591 (Climb)
[script liveh076cs_0] interact Loc { x: 2805, z: 9591, level: 0, action: "Climb", id: Some(3610) }
[host] slot liveh076cs_0: d_loop_us=1218 d_raster_us=0 d_observe_us=90602 max_observe_us=11493 d_paints=0 d_skips=50 d_ticks=5 window_ms=1158
[host] slot liveh076cs_0: d_loop_us=1468 d_raster_us=0 d_observe_us=86913 max_observe_us=14966 d_paints=0 d_skips=50 d_ticks=6 window_ms=1188
[host] slot liveh076cs_0: d_loop_us=3911 d_raster_us=0 d_observe_us=100485 max_observe_us=13372 d_paints=0 d_skips=50 d_ticks=6 window_ms=1168
[script liveh076cs_0] crossing plank 24→23 (goal 20)
[script liveh076cs_0]   stage 2804,9590 before plank 24→23
[script liveh076cs_0] interact WalkTo { x: 2804, z: 9590, level: 3 }
[script liveh076cs_0]   Walk-on Plank @ 2802,9590
[script liveh076cs_0] interact Loc { x: 2802, z: 9590, level: 3, action: "Walk-on", id: Some(3572) }
[host] slot liveh076cs_0: d_loop_us=1277 d_raster_us=0 d_observe_us=113244 max_observe_us=15749 d_paints=0 d_skips=50 d_ticks=6 window_ms=1163
[script liveh076cs_0]   settled fallen platform -1 (from 24, want 23) anim=true pit=true
[script liveh076cs_0] fell into the pit (falls 3) — avoiding hop to 23
[script liveh076cs_0] climbing rope at 2805,9591 (Climb)
[script liveh076cs_0] interact Loc { x: 2805, z: 9591, level: 0, action: "Climb", id: Some(3610) }
[host] slot liveh076cs_0: d_loop_us=5664 d_raster_us=0 d_observe_us=101493 max_observe_us=11826 d_paints=0 d_skips=50 d_ticks=6 window_ms=1180
[host] slot liveh076cs_0: d_loop_us=1051 d_raster_us=0 d_observe_us=81019 max_observe_us=9099 d_paints=0 d_skips=50 d_ticks=6 window_ms=1182
[host] slot liveh076cs_0: d_loop_us=1007 d_raster_us=0 d_observe_us=88469 max_observe_us=10473 d_paints=0 d_skips=50 d_ticks=6 window_ms=1155
FAIL: catalog_boundary_live: scenario failed: step 12 (watch obstacle XP from a real hop before the first Tag): stat_xp_gain(16)>=1 not seen within 150 ticks; evidence=Some(Evidence { scenario: "brimhaven_agility", outcome: "FAIL", predicate: "stat_xp_gain(16)>=1", ticks: 228, elapsed_ms: 47697, message: Some("step 12 (watch obstacle XP from a real hop before the first Tag): stat_xp_gain(16)>=1 not seen within 150 ticks"), tile: Some([2802, 9590, 0]), inv: [InvRow { id: 995, name: Some("Coins"), count: 800 }, InvRow { id: 379, name: Some("Lobster"), count: 1 }, InvRow { id: 379, name: Some("Lobster"), count: 1 }, InvRow { id: 379, name: Some("Lobster"), count: 1 }, InvRow { id: 379, name: Some("Lobster"), count: 1 }, InvRow { id: 379, name: Some("Lobster"), count: 1 }, InvRow { id: 379, name: Some("Lobster"), count: 1 }, InvRow { id: 379, name: Some("Lobster"), count: 1 }, InvRow { id: 379, name: Some("Lobster"), count: 1 }, InvRow { id: 379, name: Some("Lobster"), count: 1 }, InvRow { id: 379, name: Some("Lobster"), count: 1 }], stat: Some(StatRow { runenergy: 100 }), chat: [ChatRow { text: "You stepped on a broken piece of plank!", username: None }, ChatRow { text: "You stepped on a broken piece of plank!", username: None }, ChatRow { text: "You stepped on a broken piece of plank!", username: None }, ChatRow { text: "You give Cap'n Izzy the 200 coin entrance fee.", username: None }, ChatRow { text: "Congratulations, you just advanced an agility level.", username: None }, ChatRow { text: "set tutorial: to 1000", username: None }, ChatRow { text: "Welcome to RuneScape.", username: None }], scene: 2 }); core={"error":"brimhaven_agility core post-Start delta incomplete","witness":{"case":"brimhaven_agility","baseline":{"ingame":true,"scene_state":2,"player":"Liveh076cs 0","tile":[2809,3194,0],"combat_level":3,"tick":34,"items":{"Coins":1000,"Lobster":10},"item_ids":{"379":10,"995":1000},"bank":{},"bank_ids":{},"bank_open":false,"bank_loaded":false,"bank_generation":0,"levels":{"-unused-":0,"agility":52,"attack":1,"cooking":1,"crafting":1,"defence":1,"firemaking":1,"fishing":1,"fletching":1,"herblore":1,"hitpoints":10,"magic":1,"mining":1,"prayer":1,"ranged":1,"runecraft":1,"slayer":1,"smithing":1,"strength":1,"thieving":1,"woodcutting":1},"effective_levels":{"-unused-":0,"agility":52,"attack":1,"cooking":1,"crafting":1,"defence":1,"firemaking":1,"fishing":1,"fletching":1,"herblore":1,"hitpoints":10,"magic":1,"mining":1,"prayer":1,"ranged":1,"runecraft":1,"slayer":1,"smithing":1,"strength":1,"thieving":1,"woodcutting":1},"xp":{"-unused-":0,"agility":123660,"attack":0,"cooking":0,"crafting":0,"defence":0,"firemaking":0,"fishing":0,"fletching":0,"herblore":0,"hitpoints":1154,"magic":0,"mining":0,"prayer":0,"ranged":0,"runecraft":0,"slayer":0,"smithing":0,"strength":0,"thieving":0,"woodcutting":0},"varps":{"309":0},"chat":[[7,"Congratulations, you just advanced an agility level."],[6,"set tutorial: to 1000"],[5,"Welcome to RuneScape."]],"loc_facts":[],"npc_facts":[],"ground_loot":[],"local_in_combat":false,"local_target_npc":null,"local_health":0,"local_animation":-1,"equipment_ids":{},"main_modal":-1,"widget_ids":[3213,3214]},"latest":{"ingame":true,"scene_state":2,"player":"Liveh076cs 0","tile":[2802,9590,0],"combat_level":3,"tick":195,"items":{"Coins":800,"Lobster":10},"item_ids":{"379":10,"995":800},"bank":{},"bank_ids":{},"bank_open":false,"bank_loaded":false,"bank_generation":0,"levels":{"-unused-":0,"agility":52,"attack":1,"cooking":1,"crafting":1,"defence":1,"firemaking":1,"fishing":1,"fletching":1,"herblore":1,"hitpoints":10,"magic":1,"mining":1,"prayer":1,"ranged":1,"runecraft":1,"slayer":1,"smithing":1,"strength":1,"thieving":1,"woodcutting":1},"effective_levels":{"-unused-":0,"agility":52,"attack":1,"cooking":1,"crafting":1,"defence":1,"firemaking":1,"fishing":1,"fletching":1,"herblore":1,"hitpoints":5,"magic":1,"mining":1,"prayer":1,"ranged":1,"runecraft":1,"slayer":1,"smithing":1,"strength":1,"thieving":1,"woodcutting":1},"xp":{"-unused-":0,"agility":123660,"attack":0,"cooking":0,"crafting":0,"defence":0,"firemaking":0,"fishing":0,"fletching":0,"herblore":0,"hitpoints":1154,"magic":0,"mining":0,"prayer":0,"ranged":0,"runecraft":0,"slayer":0,"smithing":0,"strength":0,"thieving":0,"woodcutting":0},"varps":{"309":2},"chat":[[11,"You stepped on a broken piece of plank!"],[10,"You stepped on a broken piece of plank!"],[9,"You stepped on a broken piece of plank!"],[8,"You give Cap'n Izzy the 200 coin entrance fee."],[7,"Congratulations, you just advanced an agility level."],[6,"set tutorial: to 1000"],[5,"Welcome to RuneScape."]],"loc_facts":[],"npc_facts":[],"ground_loot":[],"local_in_combat":true,"local_target_npc":null,"local_health":5,"local_animation":-1,"equipment_ids":{},"main_modal":-1,"widget_ids":[3213,3214,8287,8288,8289,8290,8291]},"max_items":{"Coins":1000,"Lobster":10},"max_xp":{"-unused-":0,"agility":123660,"attack":0,"cooking":0,"crafting":0,"defence":0,"firemaking":0,"fishing":0,"fletching":0,"herblore":0,"hitpoints":1154,"magic":0,"mining":0,"prayer":0,"ranged":0,"runecraft":0,"slayer":0,"smithing":0,"strength":0,"thieving":0,"woodcutting":0},"saw_bury_chat":false,"post_start_observations":1364,"bone_bank_cycle":{"first_batch_buried":false,"opened":null,"withdrawn":null,"buried_after_withdrawal":false},"bank_fletcher_cycle":{"first_pack_created":false,"deposited":null,"withdrawn":null,"crafted_after_withdrawal":false},"bank_fletcher_option_cycle":{"first":null,"deposited":null,"restocked":null,"further":false},"bank_fletcher_string_cycle":{"initial_pairs_strung":false,"deposited":null,"withdrawn":null,"strung_after_withdrawal":false},"bank_fletcher_cut_string_cycle":{"cut_pair_created":false,"deposited":null,"withdrawn":null,"string_pair_created":false},"alcher_defaults_cycle":{"withdrawn":null,"consumed":false},"alcher_generated_custom_cycle":{"withdrawn":null,"consumed":false},"dart_fletcher_cycle":{"first":null,"further":false,"wrong_tier":false},"herb_cleaner_cycle":{"first_pack":false,"deposited":null,"withdrawn":null,"cleaned_after_withdrawal":false,"filter_violated":false},"gem_cutter_cycle":{"first_pack":false,"deposited":null,"withdrawn":null,"cut_after_withdrawal":false,"filter_violated":false},"door_opener_cycle":{"selected":null,"opened":false},"gnome_course_cycle":{"log":null,"ground_return":null,"pipe":null,"second_lap":false},"wildy_agility_cycle":{"ridge":null,"pipe":null,"rope":null,"stone":null,"log":null,"rocks":null,"further_pipe":false},"brimhaven_agility_cycle":{"paid":true,"entered":[24,{"ingame":true,"scene_state":2,"player":"Liveh076cs 0","tile":[2805,9589,3],"combat_level":3,"tick":39,"items":{"Coins":800,"Lobster":10},"item_ids":{"379":10,"995":800},"bank":{},"bank_ids":{},"bank_open":false,"bank_loaded":false,"bank_generation":0,"levels":{"-unused-":0,"agility":52,"attack":1,"cooking":1,"crafting":1,"defence":1,"firemaking":1,"fishing":1,"fletching":1,"herblore":1,"hitpoints":10,"magic":1,"mining":1,"prayer":1,"ranged":1,"runecraft":1,"slayer":1,"smithing":1,"strength":1,"thieving":1,"woodcutting":1},"effective_levels":{"-unused-":0,"agility":52,"attack":1,"cooking":1,"crafting":1,"defence":1,"firemaking":1,"fishing":1,"fletching":1,"herblore":1,"hitpoints":10,"magic":1,"mining":1,"prayer":1,"ranged":1,"runecraft":1,"slayer":1,"smithing":1,"strength":1,"thieving":1,"woodcutting":1},"xp":{"-unused-":0,"agility":123660,"attack":0,"cooking":0,"crafting":0,"defence":0,"firemaking":0,"fishing":0,"fletching":0,"herblore":0,"hitpoints":1154,"magic":0,"mining":0,"prayer":0,"ranged":0,"runecraft":0,"slayer":0,"smithing":0,"strength":0,"thieving":0,"woodcutting":0},"varps":{"309":2},"chat":[[8,"You give Cap'n Izzy the 200 coin entrance fee."],[7,"Congratulations, you just advanced an agility level."],[6,"set tutorial: to 1000"],[5,"Welcome to RuneScape."]],"loc_facts":[],"npc_facts":[],"ground_loot":[],"local_in_combat":false,"local_target_npc":null,"local_health":0,"local_animation":827,"equipment_ids":{},"main_modal":-1,"widget_ids":[3213,3214]}],"moved":null,"first_tag":false,"ticket":null,"subsequent_work":false},"flax_picker_cycle":{"first_pack":false,"deposited":null,"returned":false,"further":false},"superheater_cycle":{"first_bars":false,"deposited":null,"withdrawn":null,"produced_after_withdrawal":false,"wrong_product":false,"wrong_staff":false},"chicken_killer_bank_cycle":{"combat_loot":false,"deposited":null,"returned":false,"further":false},"vial_filler_cycle":{"filled":null,"deposited":null,"withdrawn":null,"returned":false,"further":false},"potion_maker_cycle":{"unfinished":null,"finished":null,"deposited":null,"withdrawn":null,"further":false,"wrong_product":false,"filter_violated":false},"tanner_bot_cycle":{"widget":null,"tanned":null,"deposited":null,"withdrawn":null,"returned":false,"further":false,"wrong_product":false,"shop":false},"rune_crafter_cycle":{"withdrawn":null,"entered":null,"crafted":null,"exited":null,"deposited":null,"restocked":null,"returned":false,"further":false,"wrong_product":false,"noted":false},"ardy_cakes_cycle":{"stolen":null,"deposited":null,"returned":false,"further":false,"wrong_product":false,"noted":false},"ardy_thiever_cycle":{"pickpocketed":null,"deposited":null,"returned":false,"further":false},"gnome_chop_cycle":{"chopped":null,"deposited":null,"returned":false,"further":false,"wrong_product":false,"noted":false},"gnome_fletch_cycle":{"chopped":null,"fletched":null,"deposited":null,"returned":false,"further":false,"wrong_product":false,"noted":false},"coal_trucks_cycle":{"mined":null,"trucked":null,"further":false,"noted":false,"banked":false},"station_production_cycle":{"withdrawn":null,"produced":null,"deposited":null,"restocked":null,"returned":false,"further":false,"wrong_product":false,"noted":false},"flax_aio_cycle":{"picked":null,"produced":null,"deposited":null,"returned":false,"further":false,"wrong_product":false,"noted":false},"flax_aio_pick_cycle":{"first_pack":false,"deposited":null,"returned":false,"further":false,"wrong_product":false,"noted":false},"herblore_eggs_cycle":{"taken":false,"deposited":null,"returned":false,"further":false,"wrong_product":false,"noted":false},"herblore_newt_cycle":{"bought":false,"deposited":null,"returned":false,"further":false,"coins_spent":false,"coins_peak":0,"wrong_product":false,"noted":false},"combat_core_cycle":{"engagements":0,"defeats":0,"style_xp":false,"looted":false,"noted":false,"activated":false,"shield_worn":false,"stolen_food":false,"wrong_item":false,"dormant_indexes":[],"dormant_tiles":{},"last":{},"currently_engaged":[],"facts":[]},"ordered_first_exhausted":false}}; diagnostic={"observation":{"ingame":true,"scene_state":2,"player":"Liveh076cs 0","tile":[2802,9590,0],"combat_level":3,"tick":195,"items":{"Coins":800,"Lobster":10},"item_ids":{"379":10,"995":800},"bank":{},"bank_ids":{},"bank_open":false,"bank_loaded":false,"bank_generation":0,"levels":{"-unused-":0,"agility":52,"attack":1,"cooking":1,"crafting":1,"defence":1,"firemaking":1,"fishing":1,"fletching":1,"herblore":1,"hitpoints":10,"magic":1,"mining":1,"prayer":1,"ranged":1,"runecraft":1,"slayer":1,"smithing":1,"strength":1,"thieving":1,"woodcutting":1},"effective_levels":{"-unused-":0,"agility":52,"attack":1,"cooking":1,"crafting":1,"defence":1,"firemaking":1,"fishing":1,"fletching":1,"herblore":1,"hitpoints":5,"magic":1,"mining":1,"prayer":1,"ranged":1,"runecraft":1,"slayer":1,"smithing":1,"strength":1,"thieving":1,"woodcutting":1},"xp":{"-unused-":0,"agility":123660,"attack":0,"cooking":0,"crafting":0,"defence":0,"firemaking":0,"fishing":0,"fletching":0,"herblore":0,"hitpoints":1154,"magic":0,"mining":0,"prayer":0,"ranged":0,"runecraft":0,"slayer":0,"smithing":0,"strength":0,"thieving":0,"woodcutting":0},"varps":{"309":2},"chat":[[11,"You stepped on a broken piece of plank!"],[10,"You stepped on a broken piece of plank!"],[9,"You stepped on a broken piece of plank!"],[8,"You give Cap'n Izzy the 200 coin entrance fee."],[7,"Congratulations, you just advanced an agility level."],[6,"set tutorial: to 1000"],[5,"Welcome to RuneScape."]],"loc_facts":[],"npc_facts":[],"ground_loot":[],"local_in_combat":true,"local_target_npc":null,"local_health":5,"local_animation":-1,"equipment_ids":{},"main_modal":-1,"widget_ids":[3213,3214,8287,8288,8289,8290,8291]},"flax_aio_pick":null}
