
running 1 test
{"phase":"identity","revision":289,"profile":"local-289 · 127.0.0.1:44594 · revision 289","cache_id":"c4d8ab36bcfd2a7907535b4f619e28623b0a22e98d496fd2a9620d544c5b5b09","nav_pack":"/Users/acfrazier/experiments/274bot/.worktrees/rs2b0t-multirevision/.superpowers/world-capabilities/289/274bot.navpack","nav_sha256":"131db92e32eddcb08148909d477589544320fe7e34a422e8004e97e888032924","catalog_commit":"8e7d965be2071d6ec65c3265e12af797082d720a","catalog_identity":"289-updated frozen catalog","catalog_read_only_path":".superpowers/inputs/rs2b0t-8e7d965be2071d6ec65c3265e12af797082d720a","catalog_root":"/Users/acfrazier/experiments/274bot/.worktrees/rs2b0t-multirevision/.superpowers/inputs/rs2b0t-8e7d965be2071d6ec65c3265e12af797082d720a","registry_path":"/Users/acfrazier/experiments/274bot/.worktrees/rs2b0t-multirevision/.superpowers/inputs/rs2b0t-8e7d965be2071d6ec65c3265e12af797082d720a/src/bot/scripts/index.ts","registry_sha256":"b614aedb3d5adfdfbac3760f082273f3cf5c33fffe4ced0f2b01490ae02d1bc2","card":{"card":"RuneCrafter","source_path":"/Users/acfrazier/experiments/274bot/.worktrees/rs2b0t-multirevision/.superpowers/inputs/rs2b0t-8e7d965be2071d6ec65c3265e12af797082d720a/src/bot/scripts/RuneCrafter/RuneCrafter.ts","source_sha256":"a944049b42ee5adf882aaf119fb7b7f4604b63e2d07ff34e2db6dbf9e3954843","compiled_sha256":"58a0b8a615ed0d4c1b043c3d83c966316c208f03b327667a08e4ea89e68703d5","siblings":[],"settings":{"rune":"Earth runes","mode":"Solo","partner":""}},"account":"livept2pjs_0","engine_speed_ms":null}
[host-play] slot livept2pjs_0: thread up
274bot: snapshot load skipped: read /Users/acfrazier/.274bot/unpack-289/37214163f1e6ceca/models.bin: No such file or directory (os error 2)
[host-play] slot livept2pjs_0: handshake begin reconnect=false
[host-play] slot livept2pjs_0: handshake ok
[host] slot livept2pjs_0: d_loop_us=2678 d_raster_us=0 d_observe_us=28867 max_observe_us=2274 d_paints=0 d_skips=50 d_ticks=1 window_ms=0
[host-play] slot livept2pjs_0: queued mainland tele+setvar (scene 2)
[host-play] slot livept2pjs_0: handshake begin reconnect=true
[host-play] slot livept2pjs_0: handshake ok
[host] slot livept2pjs_0: d_loop_us=1236 d_raster_us=0 d_observe_us=41868 max_observe_us=3750 d_paints=0 d_skips=50 d_ticks=1 window_ms=0
[host-play] slot livept2pjs_0: queued mainland tele+setvar (scene 2)
[host] slot livept2pjs_0: d_loop_us=37053 d_raster_us=0 d_observe_us=97385 max_observe_us=7239 d_paints=0 d_skips=50 d_ticks=23 window_ms=13732
{"phase":"baseline-after-preparation","scenario":"rune_crafter_earth","account":"livept2pjs_0","observation":{"ingame":true,"scene_state":2,"player":"Livept2pjs 0","tile":[3252,3420,0],"tick":32,"items":{},"item_ids":{},"bank":{},"bank_ids":{},"bank_open":false,"bank_loaded":false,"bank_generation":2,"levels":{"-unused-":0,"agility":1,"attack":1,"cooking":1,"crafting":1,"defence":1,"firemaking":1,"fishing":1,"fletching":1,"herblore":1,"hitpoints":10,"magic":1,"mining":1,"prayer":1,"ranged":1,"runecraft":9,"slayer":1,"smithing":1,"strength":1,"thieving":1,"woodcutting":1},"xp":{"-unused-":0,"agility":0,"attack":0,"cooking":0,"crafting":0,"defence":0,"firemaking":0,"fishing":0,"fletching":0,"herblore":0,"hitpoints":1154,"magic":0,"mining":0,"prayer":0,"ranged":0,"runecraft":969,"slayer":0,"smithing":0,"strength":0,"thieving":0,"woodcutting":0},"chat":[[7,"Inventory wiped."],[6,"set tutorial: to 1000"],[5,"Welcome to RuneScape."]],"loc_facts":[],"equipment_ids":{},"main_modal":-1,"widget_ids":[3213,3214]}}
[script livept2pjs_0] start load
{"phase":"start","account":"livept2pjs_0","count":1}
[host] hitch livept2pjs_0: observe_us=104525 paints=0 skips=110 ticks=32
[script livept2pjs_0] RuneCrafter starting — Earth runes, ruins (3303, 3477, 0), bank (3253, 3420, 0)
[script livept2pjs_0] heading to the bank
[script livept2pjs_0] interact OpenBooth { x: 3252, z: 3419, level: 0, id: 2213, name: Some("Bank booth"), action: Some("Use-quickly") }
[host] slot livept2pjs_0: d_loop_us=1470 d_raster_us=0 d_observe_us=195805 max_observe_us=104525 d_paints=0 d_skips=50 d_ticks=10 window_ms=6392
[script livept2pjs_0] interact SetNoteMode { on: false }
[shim-note] on=false sent
[host] slot livept2pjs_0: d_loop_us=1143 d_raster_us=0 d_observe_us=70339 max_observe_us=10958 d_paints=0 d_skips=50 d_ticks=2 window_ms=1191
[host] hitch livept2pjs_0: observe_us=20280 paints=0 skips=234 ticks=38
[host] slot livept2pjs_0: d_loop_us=950 d_raster_us=0 d_observe_us=78596 max_observe_us=20280 d_paints=0 d_skips=50 d_ticks=2 window_ms=1192
[host] hitch livept2pjs_0: observe_us=16921 paints=0 skips=260 ticks=39
[host] slot livept2pjs_0: d_loop_us=1025 d_raster_us=0 d_observe_us=106352 max_observe_us=16921 d_paints=0 d_skips=50 d_ticks=2 window_ms=1184
[script livept2pjs_0] withdrew a Earth talisman
[host] slot livept2pjs_0: d_loop_us=991 d_raster_us=0 d_observe_us=82128 max_observe_us=15915 d_paints=0 d_skips=50 d_ticks=2 window_ms=1182
[host] hitch livept2pjs_0: observe_us=17266 paints=0 skips=361 ticks=43
[host] hitch livept2pjs_0: observe_us=17857 paints=0 skips=387 ticks=44
[script livept2pjs_0] withdrew 27 rune essence (trip 1)
[host] slot livept2pjs_0: d_loop_us=902 d_raster_us=0 d_observe_us=89641 max_observe_us=17857 d_paints=0 d_skips=50 d_ticks=2 window_ms=1173
[script livept2pjs_0] heading to the mysterious ruins
[script livept2pjs_0] interact WalkNear { x: 3303, z: 3477, level: 0, radius: 1, allow_teleports: false }
[nav-follow] here=WorldTile { x: 3252, z: 3420, level: 0 } walk=true transport=false leg=0 hops=1 outcome=None
[host] hitch livept2pjs_0: observe_us=17581 paints=0 skips=438 ticks=46
[host] slot livept2pjs_0: d_loop_us=899 d_raster_us=0 d_observe_us=86505 max_observe_us=17581 d_paints=0 d_skips=50 d_ticks=2 window_ms=1184
[nav-walk] here=WorldTile { x: 3253, z: 3422, level: 0 } aim=WorldTile { x: 3261, z: 3430, level: 0 } radius=2 ticks_waited=0 sent_tile=Some(WorldTile { x: 3252, z: 3420, level: 0 })
[nav-follow] here=WorldTile { x: 3253, z: 3422, level: 0 } walk=true transport=false leg=0 hops=1 outcome=None
[host] hitch livept2pjs_0: observe_us=32061 paints=0 skips=463 ticks=47
[nav-walk] here=WorldTile { x: 3253, z: 3424, level: 0 } aim=WorldTile { x: 3261, z: 3430, level: 0 } radius=2 ticks_waited=1 sent_tile=Some(WorldTile { x: 3252, z: 3420, level: 0 })
[nav-follow] here=WorldTile { x: 3253, z: 3424, level: 0 } walk=true transport=false leg=0 hops=1 outcome=None
[host] hitch livept2pjs_0: observe_us=35667 paints=0 skips=487 ticks=48
[host] slot livept2pjs_0: d_loop_us=1103 d_raster_us=0 d_observe_us=128227 max_observe_us=35667 d_paints=0 d_skips=50 d_ticks=2 window_ms=1216
[nav-walk] here=WorldTile { x: 3253, z: 3426, level: 0 } aim=WorldTile { x: 3261, z: 3430, level: 0 } radius=2 ticks_waited=2 sent_tile=Some(WorldTile { x: 3252, z: 3420, level: 0 })
[nav-follow] here=WorldTile { x: 3253, z: 3426, level: 0 } walk=true transport=false leg=0 hops=1 outcome=None
[host] hitch livept2pjs_0: observe_us=34414 paints=0 skips=512 ticks=49
[nav-walk] here=WorldTile { x: 3254, z: 3428, level: 0 } aim=WorldTile { x: 3261, z: 3430, level: 0 } radius=2 ticks_waited=3 sent_tile=Some(WorldTile { x: 3252, z: 3420, level: 0 })
[nav-follow] here=WorldTile { x: 3254, z: 3428, level: 0 } walk=true transport=false leg=0 hops=1 outcome=None
[host] hitch livept2pjs_0: observe_us=31802 paints=0 skips=537 ticks=50
[host] slot livept2pjs_0: d_loop_us=981 d_raster_us=0 d_observe_us=110101 max_observe_us=34414 d_paints=0 d_skips=50 d_ticks=2 window_ms=1191
[nav-walk] here=WorldTile { x: 3256, z: 3428, level: 0 } aim=WorldTile { x: 3261, z: 3430, level: 0 } radius=2 ticks_waited=4 sent_tile=Some(WorldTile { x: 3252, z: 3420, level: 0 })
[nav-follow] here=WorldTile { x: 3256, z: 3428, level: 0 } walk=true transport=false leg=0 hops=1 outcome=None
[host] hitch livept2pjs_0: observe_us=36212 paints=0 skips=562 ticks=51
[nav-walk] here=WorldTile { x: 3258, z: 3428, level: 0 } aim=WorldTile { x: 3261, z: 3430, level: 0 } radius=2 ticks_waited=5 sent_tile=Some(WorldTile { x: 3252, z: 3420, level: 0 })
[nav-follow] here=WorldTile { x: 3258, z: 3428, level: 0 } walk=true transport=false leg=0 hops=1 outcome=None
[host] hitch livept2pjs_0: observe_us=33479 paints=0 skips=587 ticks=52
[host] slot livept2pjs_0: d_loop_us=944 d_raster_us=0 d_observe_us=115526 max_observe_us=36212 d_paints=0 d_skips=50 d_ticks=2 window_ms=1208
[nav-walk] here=WorldTile { x: 3260, z: 3429, level: 0 } aim=WorldTile { x: 3261, z: 3430, level: 0 } radius=2 ticks_waited=6 sent_tile=Some(WorldTile { x: 3252, z: 3420, level: 0 })
[nav-follow] here=WorldTile { x: 3260, z: 3429, level: 0 } walk=true transport=false leg=0 hops=2 outcome=None
[host] hitch livept2pjs_0: observe_us=27754 paints=0 skips=612 ticks=53
[nav-walk] here=WorldTile { x: 3262, z: 3429, level: 0 } aim=WorldTile { x: 3276, z: 3434, level: 0 } radius=2 ticks_waited=0 sent_tile=Some(WorldTile { x: 3260, z: 3429, level: 0 })
[nav-follow] here=WorldTile { x: 3262, z: 3429, level: 0 } walk=true transport=false leg=0 hops=2 outcome=None
[host] hitch livept2pjs_0: observe_us=34716 paints=0 skips=637 ticks=54
[host] slot livept2pjs_0: d_loop_us=946 d_raster_us=0 d_observe_us=101707 max_observe_us=34716 d_paints=0 d_skips=50 d_ticks=2 window_ms=1213
[nav-walk] here=WorldTile { x: 3264, z: 3429, level: 0 } aim=WorldTile { x: 3276, z: 3434, level: 0 } radius=2 ticks_waited=1 sent_tile=Some(WorldTile { x: 3260, z: 3429, level: 0 })
[nav-follow] here=WorldTile { x: 3264, z: 3429, level: 0 } walk=true transport=false leg=0 hops=2 outcome=None
[host] hitch livept2pjs_0: observe_us=25603 paints=0 skips=662 ticks=55
[nav-walk] here=WorldTile { x: 3266, z: 3429, level: 0 } aim=WorldTile { x: 3276, z: 3434, level: 0 } radius=2 ticks_waited=2 sent_tile=Some(WorldTile { x: 3260, z: 3429, level: 0 })
[nav-follow] here=WorldTile { x: 3266, z: 3429, level: 0 } walk=true transport=false leg=0 hops=2 outcome=None
[host] hitch livept2pjs_0: observe_us=35475 paints=0 skips=687 ticks=56
[host] slot livept2pjs_0: d_loop_us=996 d_raster_us=0 d_observe_us=101815 max_observe_us=35475 d_paints=0 d_skips=50 d_ticks=2 window_ms=1192
[nav-walk] here=WorldTile { x: 3268, z: 3429, level: 0 } aim=WorldTile { x: 3276, z: 3434, level: 0 } radius=2 ticks_waited=3 sent_tile=Some(WorldTile { x: 3260, z: 3429, level: 0 })
[nav-follow] here=WorldTile { x: 3268, z: 3429, level: 0 } walk=true transport=false leg=0 hops=2 outcome=None
[host] hitch livept2pjs_0: observe_us=32018 paints=0 skips=712 ticks=57
[nav-walk] here=WorldTile { x: 3270, z: 3429, level: 0 } aim=WorldTile { x: 3276, z: 3434, level: 0 } radius=2 ticks_waited=4 sent_tile=Some(WorldTile { x: 3260, z: 3429, level: 0 })
[nav-follow] here=WorldTile { x: 3270, z: 3429, level: 0 } walk=true transport=false leg=0 hops=2 outcome=None
[host] hitch livept2pjs_0: observe_us=32177 paints=0 skips=736 ticks=58
[host] slot livept2pjs_0: d_loop_us=938 d_raster_us=0 d_observe_us=108175 max_observe_us=32177 d_paints=0 d_skips=50 d_ticks=2 window_ms=1212
[nav-walk] here=WorldTile { x: 3272, z: 3429, level: 0 } aim=WorldTile { x: 3276, z: 3434, level: 0 } radius=2 ticks_waited=5 sent_tile=Some(WorldTile { x: 3260, z: 3429, level: 0 })
[nav-follow] here=WorldTile { x: 3272, z: 3429, level: 0 } walk=true transport=false leg=0 hops=2 outcome=None
[host] hitch livept2pjs_0: observe_us=37636 paints=0 skips=761 ticks=59
[nav-walk] here=WorldTile { x: 3274, z: 3431, level: 0 } aim=WorldTile { x: 3276, z: 3434, level: 0 } radius=2 ticks_waited=6 sent_tile=Some(WorldTile { x: 3260, z: 3429, level: 0 })
[nav-follow] here=WorldTile { x: 3274, z: 3431, level: 0 } walk=true transport=false leg=0 hops=2 outcome=None
[host] hitch livept2pjs_0: observe_us=31317 paints=0 skips=785 ticks=60
[host] slot livept2pjs_0: d_loop_us=786 d_raster_us=0 d_observe_us=111397 max_observe_us=37636 d_paints=0 d_skips=50 d_ticks=2 window_ms=1221
[nav-walk] here=WorldTile { x: 3275, z: 3433, level: 0 } aim=WorldTile { x: 3276, z: 3434, level: 0 } radius=2 ticks_waited=7 sent_tile=Some(WorldTile { x: 3260, z: 3429, level: 0 })
[nav-follow] here=WorldTile { x: 3275, z: 3433, level: 0 } walk=true transport=false leg=0 hops=3 outcome=None
[host] hitch livept2pjs_0: observe_us=27682 paints=0 skips=810 ticks=61
[nav-walk] here=WorldTile { x: 3275, z: 3435, level: 0 } aim=WorldTile { x: 3284, z: 3447, level: 0 } radius=2 ticks_waited=0 sent_tile=Some(WorldTile { x: 3275, z: 3433, level: 0 })
[nav-follow] here=WorldTile { x: 3275, z: 3435, level: 0 } walk=true transport=false leg=0 hops=3 outcome=None
[host] hitch livept2pjs_0: observe_us=33901 paints=0 skips=835 ticks=62
[host] slot livept2pjs_0: d_loop_us=764 d_raster_us=0 d_observe_us=106106 max_observe_us=33901 d_paints=0 d_skips=50 d_ticks=2 window_ms=1199
[nav-walk] here=WorldTile { x: 3275, z: 3437, level: 0 } aim=WorldTile { x: 3284, z: 3447, level: 0 } radius=2 ticks_waited=1 sent_tile=Some(WorldTile { x: 3275, z: 3433, level: 0 })
[nav-follow] here=WorldTile { x: 3275, z: 3437, level: 0 } walk=true transport=false leg=0 hops=3 outcome=None
[host] hitch livept2pjs_0: observe_us=26353 paints=0 skips=860 ticks=63
[nav-walk] here=WorldTile { x: 3275, z: 3439, level: 0 } aim=WorldTile { x: 3284, z: 3447, level: 0 } radius=2 ticks_waited=2 sent_tile=Some(WorldTile { x: 3275, z: 3433, level: 0 })
[nav-follow] here=WorldTile { x: 3275, z: 3439, level: 0 } walk=true transport=false leg=0 hops=3 outcome=None
[host] hitch livept2pjs_0: observe_us=32995 paints=0 skips=886 ticks=64
[host] slot livept2pjs_0: d_loop_us=897 d_raster_us=0 d_observe_us=102650 max_observe_us=32995 d_paints=0 d_skips=50 d_ticks=2 window_ms=1180
[nav-walk] here=WorldTile { x: 3277, z: 3439, level: 0 } aim=WorldTile { x: 3284, z: 3447, level: 0 } radius=2 ticks_waited=3 sent_tile=Some(WorldTile { x: 3275, z: 3433, level: 0 })
[nav-follow] here=WorldTile { x: 3277, z: 3439, level: 0 } walk=true transport=false leg=0 hops=3 outcome=None
[host] hitch livept2pjs_0: observe_us=31107 paints=0 skips=911 ticks=65
[nav-walk] here=WorldTile { x: 3279, z: 3440, level: 0 } aim=WorldTile { x: 3284, z: 3447, level: 0 } radius=2 ticks_waited=4 sent_tile=Some(WorldTile { x: 3275, z: 3433, level: 0 })
[nav-follow] here=WorldTile { x: 3279, z: 3440, level: 0 } walk=true transport=false leg=0 hops=3 outcome=None
[host] hitch livept2pjs_0: observe_us=36582 paints=0 skips=936 ticks=66
[host] slot livept2pjs_0: d_loop_us=874 d_raster_us=0 d_observe_us=112433 max_observe_us=36582 d_paints=0 d_skips=50 d_ticks=2 window_ms=1212
[nav-walk] here=WorldTile { x: 3279, z: 3442, level: 0 } aim=WorldTile { x: 3284, z: 3447, level: 0 } radius=2 ticks_waited=5 sent_tile=Some(WorldTile { x: 3275, z: 3433, level: 0 })
[nav-follow] here=WorldTile { x: 3279, z: 3442, level: 0 } walk=true transport=false leg=0 hops=3 outcome=None
[host] hitch livept2pjs_0: observe_us=32465 paints=0 skips=961 ticks=67
[nav-walk] here=WorldTile { x: 3281, z: 3444, level: 0 } aim=WorldTile { x: 3284, z: 3447, level: 0 } radius=2 ticks_waited=6 sent_tile=Some(WorldTile { x: 3275, z: 3433, level: 0 })
[nav-follow] here=WorldTile { x: 3281, z: 3444, level: 0 } walk=true transport=false leg=0 hops=3 outcome=None
[host] hitch livept2pjs_0: observe_us=32305 paints=0 skips=985 ticks=68
[host] slot livept2pjs_0: d_loop_us=1000 d_raster_us=0 d_observe_us=108509 max_observe_us=32465 d_paints=0 d_skips=50 d_ticks=2 window_ms=1208
[nav-walk] here=WorldTile { x: 3283, z: 3446, level: 0 } aim=WorldTile { x: 3284, z: 3447, level: 0 } radius=2 ticks_waited=7 sent_tile=Some(WorldTile { x: 3275, z: 3433, level: 0 })
[nav-follow] here=WorldTile { x: 3283, z: 3446, level: 0 } walk=true transport=false leg=0 hops=4 outcome=None
[host] hitch livept2pjs_0: observe_us=30502 paints=0 skips=1010 ticks=69
[nav-walk] here=WorldTile { x: 3283, z: 3448, level: 0 } aim=WorldTile { x: 3296, z: 3463, level: 0 } radius=2 ticks_waited=0 sent_tile=Some(WorldTile { x: 3283, z: 3446, level: 0 })
[nav-follow] here=WorldTile { x: 3283, z: 3448, level: 0 } walk=true transport=false leg=0 hops=4 outcome=None
[host] hitch livept2pjs_0: observe_us=33817 paints=0 skips=1033 ticks=70
[host] slot livept2pjs_0: d_loop_us=685 d_raster_us=0 d_observe_us=109773 max_observe_us=33817 d_paints=0 d_skips=50 d_ticks=2 window_ms=1300
[nav-walk] here=WorldTile { x: 3283, z: 3450, level: 0 } aim=WorldTile { x: 3296, z: 3463, level: 0 } radius=2 ticks_waited=1 sent_tile=Some(WorldTile { x: 3283, z: 3446, level: 0 })
[nav-follow] here=WorldTile { x: 3283, z: 3450, level: 0 } walk=true transport=false leg=0 hops=4 outcome=None
[host] hitch livept2pjs_0: observe_us=22342 paints=0 skips=1056 ticks=71
[nav-walk] here=WorldTile { x: 3285, z: 3452, level: 0 } aim=WorldTile { x: 3296, z: 3463, level: 0 } radius=2 ticks_waited=2 sent_tile=Some(WorldTile { x: 3283, z: 3446, level: 0 })
[nav-follow] here=WorldTile { x: 3285, z: 3452, level: 0 } walk=true transport=false leg=0 hops=4 outcome=None
[host] hitch livept2pjs_0: observe_us=19061 paints=0 skips=1078 ticks=72
[host] slot livept2pjs_0: d_loop_us=673 d_raster_us=0 d_observe_us=83575 max_observe_us=22342 d_paints=0 d_skips=50 d_ticks=2 window_ms=1292
[nav-walk] here=WorldTile { x: 3287, z: 3454, level: 0 } aim=WorldTile { x: 3296, z: 3463, level: 0 } radius=2 ticks_waited=3 sent_tile=Some(WorldTile { x: 3283, z: 3446, level: 0 })
[nav-follow] here=WorldTile { x: 3287, z: 3454, level: 0 } walk=true transport=false leg=0 hops=4 outcome=None
[host] hitch livept2pjs_0: observe_us=19686 paints=0 skips=1102 ticks=73
test catalog_boundary_live has been running for over 60 seconds
[nav-walk] here=WorldTile { x: 3291, z: 3458, level: 0 } aim=WorldTile { x: 3296, z: 3463, level: 0 } radius=2 ticks_waited=4 sent_tile=Some(WorldTile { x: 3283, z: 3446, level: 0 })
[nav-follow] here=WorldTile { x: 3291, z: 3458, level: 0 } walk=true transport=false leg=0 hops=4 outcome=None
[host] hitch livept2pjs_0: observe_us=29827 paints=0 skips=1147 ticks=75
[host] slot livept2pjs_0: d_loop_us=8499 d_raster_us=0 d_observe_us=123632 max_observe_us=29827 d_paints=0 d_skips=50 d_ticks=3 window_ms=1323
[nav-walk] here=WorldTile { x: 3293, z: 3460, level: 0 } aim=WorldTile { x: 3296, z: 3463, level: 0 } radius=2 ticks_waited=5 sent_tile=Some(WorldTile { x: 3283, z: 3446, level: 0 })
[nav-follow] here=WorldTile { x: 3293, z: 3460, level: 0 } walk=true transport=false leg=0 hops=4 outcome=None
[host] hitch livept2pjs_0: observe_us=21393 paints=0 skips=1170 ticks=76
[nav-walk] here=WorldTile { x: 3295, z: 3462, level: 0 } aim=WorldTile { x: 3296, z: 3463, level: 0 } radius=2 ticks_waited=6 sent_tile=Some(WorldTile { x: 3283, z: 3446, level: 0 })
[nav-follow] here=WorldTile { x: 3295, z: 3462, level: 0 } walk=true transport=false leg=0 hops=5 outcome=None
[host] hitch livept2pjs_0: observe_us=26612 paints=0 skips=1193 ticks=77
[host] slot livept2pjs_0: d_loop_us=685 d_raster_us=0 d_observe_us=98297 max_observe_us=26612 d_paints=0 d_skips=50 d_ticks=2 window_ms=1300
[nav-walk] here=WorldTile { x: 3295, z: 3464, level: 0 } aim=WorldTile { x: 3304, z: 3476, level: 0 } radius=0 ticks_waited=0 sent_tile=Some(WorldTile { x: 3295, z: 3462, level: 0 })
[nav-follow] here=WorldTile { x: 3295, z: 3464, level: 0 } walk=true transport=false leg=0 hops=5 outcome=None
[host] hitch livept2pjs_0: observe_us=31243 paints=0 skips=1216 ticks=78
[nav-walk] here=WorldTile { x: 3297, z: 3466, level: 0 } aim=WorldTile { x: 3304, z: 3476, level: 0 } radius=0 ticks_waited=1 sent_tile=Some(WorldTile { x: 3295, z: 3462, level: 0 })
[nav-follow] here=WorldTile { x: 3297, z: 3466, level: 0 } walk=true transport=false leg=0 hops=5 outcome=None
[host] hitch livept2pjs_0: observe_us=28496 paints=0 skips=1239 ticks=79
[host] slot livept2pjs_0: d_loop_us=744 d_raster_us=0 d_observe_us=116113 max_observe_us=31243 d_paints=0 d_skips=50 d_ticks=2 window_ms=1316
[nav-walk] here=WorldTile { x: 3299, z: 3468, level: 0 } aim=WorldTile { x: 3304, z: 3476, level: 0 } radius=0 ticks_waited=2 sent_tile=Some(WorldTile { x: 3295, z: 3462, level: 0 })
[nav-follow] here=WorldTile { x: 3299, z: 3468, level: 0 } walk=true transport=false leg=0 hops=5 outcome=None
[host] hitch livept2pjs_0: observe_us=28867 paints=0 skips=1262 ticks=80
[nav-walk] here=WorldTile { x: 3300, z: 3470, level: 0 } aim=WorldTile { x: 3304, z: 3476, level: 0 } radius=0 ticks_waited=3 sent_tile=Some(WorldTile { x: 3295, z: 3462, level: 0 })
[nav-follow] here=WorldTile { x: 3300, z: 3470, level: 0 } walk=true transport=false leg=0 hops=5 outcome=None
[host] hitch livept2pjs_0: observe_us=22142 paints=0 skips=1286 ticks=81
[host] slot livept2pjs_0: d_loop_us=698 d_raster_us=0 d_observe_us=95010 max_observe_us=28867 d_paints=0 d_skips=50 d_ticks=2 window_ms=1302
[nav-walk] here=WorldTile { x: 3300, z: 3472, level: 0 } aim=WorldTile { x: 3304, z: 3476, level: 0 } radius=0 ticks_waited=4 sent_tile=Some(WorldTile { x: 3295, z: 3462, level: 0 })
[nav-follow] here=WorldTile { x: 3300, z: 3472, level: 0 } walk=true transport=false leg=0 hops=5 outcome=None
[host] hitch livept2pjs_0: observe_us=29182 paints=0 skips=1308 ticks=82
[nav-walk] here=WorldTile { x: 3301, z: 3473, level: 0 } aim=WorldTile { x: 3304, z: 3476, level: 0 } radius=0 ticks_waited=5 sent_tile=Some(WorldTile { x: 3295, z: 3462, level: 0 })
[nav-follow] here=WorldTile { x: 3301, z: 3473, level: 0 } walk=true transport=false leg=0 hops=5 outcome=None
[host] hitch livept2pjs_0: observe_us=26034 paints=0 skips=1330 ticks=83
[host] slot livept2pjs_0: d_loop_us=1024 d_raster_us=0 d_observe_us=109358 max_observe_us=29182 d_paints=0 d_skips=50 d_ticks=2 window_ms=1321
[nav-walk] here=WorldTile { x: 3302, z: 3474, level: 0 } aim=WorldTile { x: 3304, z: 3476, level: 0 } radius=0 ticks_waited=6 sent_tile=Some(WorldTile { x: 3295, z: 3462, level: 0 })
[nav-follow] here=WorldTile { x: 3302, z: 3474, level: 0 } walk=true transport=false leg=0 hops=5 outcome=None
[host] hitch livept2pjs_0: observe_us=26148 paints=0 skips=1353 ticks=84
[nav-walk] here=WorldTile { x: 3304, z: 3474, level: 0 } aim=WorldTile { x: 3304, z: 3476, level: 0 } radius=0 ticks_waited=7 sent_tile=Some(WorldTile { x: 3295, z: 3462, level: 0 })
[nav-follow] here=WorldTile { x: 3304, z: 3474, level: 0 } walk=true transport=false leg=0 hops=5 outcome=None
[host] hitch livept2pjs_0: observe_us=29969 paints=0 skips=1375 ticks=85
[nav-walk] here=WorldTile { x: 3304, z: 3476, level: 0 } aim=WorldTile { x: 3304, z: 3476, level: 0 } radius=0 ticks_waited=8 sent_tile=Some(WorldTile { x: 3295, z: 3462, level: 0 })
[nav-follow] here=WorldTile { x: 3304, z: 3476, level: 0 } walk=false transport=false leg=1 hops=5 outcome=Some(Arrived { at: WorldTile { x: 3304, z: 3476, level: 0 } })
[host] hitch livept2pjs_0: observe_us=27266 paints=0 skips=1398 ticks=86
[host] slot livept2pjs_0: d_loop_us=736 d_raster_us=0 d_observe_us=132064 max_observe_us=29969 d_paints=0 d_skips=50 d_ticks=3 window_ms=1336
[script livept2pjs_0] using the Earth talisman on the mysterious ruins
[script livept2pjs_0] interact UseOn { name: "Earth talisman", kind: "loc", target_name: Some("Mysterious ruins"), x: 3305, z: 3473, level: 0, index: None, source_item_id: Some(1440), source_item_slot: Some(0), target_item_id: None, target_item_slot: None }
[host] hitch livept2pjs_0: observe_us=24366 paints=0 skips=1421 ticks=87
[host] hitch livept2pjs_0: observe_us=16363 paints=0 skips=1443 ticks=88
[host] slot livept2pjs_0: d_loop_us=824 d_raster_us=0 d_observe_us=92940 max_observe_us=24366 d_paints=0 d_skips=50 d_ticks=2 window_ms=1339
[host] slot livept2pjs_0: d_loop_us=10372 d_raster_us=0 d_observe_us=118600 max_observe_us=13945 d_paints=0 d_skips=50 d_ticks=3 window_ms=1617
[host] hitch livept2pjs_0: observe_us=18611 paints=0 skips=1500 ticks=91
[script livept2pjs_0] entered the altar
[script livept2pjs_0] crafting 27 essence at the altar
[script livept2pjs_0] interact Loc { x: 2657, z: 4840, level: 0, action: "Craft-rune", id: Some(2481) }
[host] hitch livept2pjs_0: observe_us=18228 paints=0 skips=1526 ticks=94
[host] hitch livept2pjs_0: observe_us=16019 paints=0 skips=1548 ticks=95
[host] slot livept2pjs_0: d_loop_us=962 d_raster_us=0 d_observe_us=131818 max_observe_us=18611 d_paints=0 d_skips=50 d_ticks=4 window_ms=2440
[host] slot livept2pjs_0: d_loop_us=921 d_raster_us=0 d_observe_us=80605 max_observe_us=13789 d_paints=0 d_skips=50 d_ticks=2 window_ms=1296
[script livept2pjs_0] crafted 27 Earth runes
[script livept2pjs_0] taking the portal back to the ruins
[script livept2pjs_0] interact Loc { x: 2655, z: 4829, level: 0, action: "Use", id: Some(2468) }
[host] slot livept2pjs_0: d_loop_us=733 d_raster_us=0 d_observe_us=72278 max_observe_us=13158 d_paints=0 d_skips=50 d_ticks=2 window_ms=1336
[script livept2pjs_0] interact Loc { x: 2655, z: 4829, level: 0, action: "Use", id: Some(2468) }
[script livept2pjs_0] interact Loc { x: 2655, z: 4829, level: 0, action: "Use", id: Some(2468) }
[host] slot livept2pjs_0: d_loop_us=880 d_raster_us=0 d_observe_us=76402 max_observe_us=11079 d_paints=0 d_skips=50 d_ticks=2 window_ms=1326
[script livept2pjs_0] interact Loc { x: 2655, z: 4829, level: 0, action: "Use", id: Some(2468) }
[script livept2pjs_0] interact Loc { x: 2655, z: 4829, level: 0, action: "Use", id: Some(2468) }
[host] slot livept2pjs_0: d_loop_us=911 d_raster_us=0 d_observe_us=96248 max_observe_us=12615 d_paints=0 d_skips=50 d_ticks=2 window_ms=1319
[script livept2pjs_0] interact Loc { x: 2655, z: 4829, level: 0, action: "Use", id: Some(2468) }
[host] hitch livept2pjs_0: observe_us=20641 paints=0 skips=1777 ticks=105
[script livept2pjs_0] interact Loc { x: 2655, z: 4829, level: 0, action: "Use", id: Some(2468) }
[host] hitch livept2pjs_0: observe_us=17076 paints=0 skips=1799 ticks=106
[host] slot livept2pjs_0: d_loop_us=1051 d_raster_us=0 d_observe_us=110898 max_observe_us=20641 d_paints=0 d_skips=50 d_ticks=3 window_ms=1313
[script livept2pjs_0] interact Loc { x: 2655, z: 4829, level: 0, action: "Use", id: Some(2468) }
[host] hitch livept2pjs_0: observe_us=16687 paints=0 skips=1822 ticks=107
[script livept2pjs_0] interact Loc { x: 2655, z: 4829, level: 0, action: "Use", id: Some(2468) }
[script livept2pjs_0] interact Loc { x: 2655, z: 4829, level: 0, action: "Use", id: Some(2468) }
[host] slot livept2pjs_0: d_loop_us=859 d_raster_us=0 d_observe_us=81359 max_observe_us=16687 d_paints=0 d_skips=50 d_ticks=2 window_ms=1299
[host] hitch livept2pjs_0: observe_us=29747 paints=0 skips=1893 ticks=110
[script livept2pjs_0] back at the mysterious ruins
[host] slot livept2pjs_0: d_loop_us=15512 d_raster_us=0 d_observe_us=110684 max_observe_us=29747 d_paints=0 d_skips=50 d_ticks=2 window_ms=1233
[host] hitch livept2pjs_0: observe_us=16011 paints=0 skips=1916 ticks=111
[script livept2pjs_0] heading to the bank
[script livept2pjs_0] interact WalkNear { x: 3253, z: 3420, level: 0, radius: 3, allow_teleports: false }
[nav-follow] here=WorldTile { x: 3303, z: 3477, level: 0 } walk=true transport=false leg=0 hops=1 outcome=None
[host] slot livept2pjs_0: d_loop_us=797 d_raster_us=0 d_observe_us=86508 max_observe_us=16011 d_paints=0 d_skips=50 d_ticks=2 window_ms=1318
[nav-walk] here=WorldTile { x: 3304, z: 3476, level: 0 } aim=WorldTile { x: 3300, z: 3467, level: 0 } radius=2 ticks_waited=0 sent_tile=Some(WorldTile { x: 3303, z: 3477, level: 0 })
[nav-follow] here=WorldTile { x: 3304, z: 3476, level: 0 } walk=true transport=false leg=0 hops=1 outcome=None
[host] hitch livept2pjs_0: observe_us=24567 paints=0 skips=1962 ticks=113
[nav-walk] here=WorldTile { x: 3304, z: 3474, level: 0 } aim=WorldTile { x: 3300, z: 3467, level: 0 } radius=2 ticks_waited=1 sent_tile=Some(WorldTile { x: 3303, z: 3477, level: 0 })
[nav-follow] here=WorldTile { x: 3304, z: 3474, level: 0 } walk=true transport=false leg=0 hops=1 outcome=None
[host] slot livept2pjs_0: d_loop_us=816 d_raster_us=0 d_observe_us=87043 max_observe_us=24567 d_paints=0 d_skips=50 d_ticks=2 window_ms=1273
[nav-walk] here=WorldTile { x: 3302, z: 3474, level: 0 } aim=WorldTile { x: 3300, z: 3467, level: 0 } radius=2 ticks_waited=2 sent_tile=Some(WorldTile { x: 3303, z: 3477, level: 0 })
[nav-follow] here=WorldTile { x: 3302, z: 3474, level: 0 } walk=true transport=false leg=0 hops=1 outcome=None
[host] hitch livept2pjs_0: observe_us=26712 paints=0 skips=2009 ticks=115
[nav-walk] here=WorldTile { x: 3301, z: 3473, level: 0 } aim=WorldTile { x: 3300, z: 3467, level: 0 } radius=2 ticks_waited=3 sent_tile=Some(WorldTile { x: 3303, z: 3477, level: 0 })
[nav-follow] here=WorldTile { x: 3301, z: 3473, level: 0 } walk=true transport=false leg=0 hops=1 outcome=None
[host] hitch livept2pjs_0: observe_us=24337 paints=0 skips=2032 ticks=116
[host] slot livept2pjs_0: d_loop_us=825 d_raster_us=0 d_observe_us=115284 max_observe_us=26712 d_paints=0 d_skips=50 d_ticks=2 window_ms=1307
[nav-walk] here=WorldTile { x: 3300, z: 3472, level: 0 } aim=WorldTile { x: 3300, z: 3467, level: 0 } radius=2 ticks_waited=4 sent_tile=Some(WorldTile { x: 3303, z: 3477, level: 0 })
[nav-follow] here=WorldTile { x: 3300, z: 3472, level: 0 } walk=true transport=false leg=0 hops=1 outcome=None
[host] hitch livept2pjs_0: observe_us=23587 paints=0 skips=2055 ticks=117
[nav-walk] here=WorldTile { x: 3300, z: 3470, level: 0 } aim=WorldTile { x: 3300, z: 3467, level: 0 } radius=2 ticks_waited=5 sent_tile=Some(WorldTile { x: 3303, z: 3477, level: 0 })
[nav-follow] here=WorldTile { x: 3300, z: 3470, level: 0 } walk=true transport=false leg=0 hops=1 outcome=None
[host] slot livept2pjs_0: d_loop_us=809 d_raster_us=0 d_observe_us=88475 max_observe_us=23587 d_paints=0 d_skips=50 d_ticks=2 window_ms=1265
[nav-walk] here=WorldTile { x: 3300, z: 3468, level: 0 } aim=WorldTile { x: 3300, z: 3467, level: 0 } radius=2 ticks_waited=6 sent_tile=Some(WorldTile { x: 3303, z: 3477, level: 0 })
[nav-follow] here=WorldTile { x: 3300, z: 3468, level: 0 } walk=true transport=false leg=0 hops=2 outcome=None
[host] hitch livept2pjs_0: observe_us=26874 paints=0 skips=2102 ticks=119
[nav-walk] here=WorldTile { x: 3299, z: 3466, level: 0 } aim=WorldTile { x: 3288, z: 3451, level: 0 } radius=2 ticks_waited=0 sent_tile=Some(WorldTile { x: 3300, z: 3468, level: 0 })
[nav-follow] here=WorldTile { x: 3299, z: 3466, level: 0 } walk=true transport=false leg=0 hops=2 outcome=None
[host] hitch livept2pjs_0: observe_us=20146 paints=0 skips=2124 ticks=120
[nav-walk] here=WorldTile { x: 3297, z: 3464, level: 0 } aim=WorldTile { x: 3288, z: 3451, level: 0 } radius=2 ticks_waited=1 sent_tile=Some(WorldTile { x: 3300, z: 3468, level: 0 })
[nav-follow] here=WorldTile { x: 3297, z: 3464, level: 0 } walk=true transport=false leg=0 hops=2 outcome=None
[host] hitch livept2pjs_0: observe_us=23214 paints=0 skips=2147 ticks=121
[host] slot livept2pjs_0: d_loop_us=770 d_raster_us=0 d_observe_us=122383 max_observe_us=26874 d_paints=0 d_skips=50 d_ticks=3 window_ms=1333
[nav-walk] here=WorldTile { x: 3295, z: 3462, level: 0 } aim=WorldTile { x: 3288, z: 3451, level: 0 } radius=2 ticks_waited=2 sent_tile=Some(WorldTile { x: 3300, z: 3468, level: 0 })
[nav-follow] here=WorldTile { x: 3295, z: 3462, level: 0 } walk=true transport=false leg=0 hops=2 outcome=None
[host] hitch livept2pjs_0: observe_us=18668 paints=0 skips=2170 ticks=122
[nav-walk] here=WorldTile { x: 3294, z: 3460, level: 0 } aim=WorldTile { x: 3288, z: 3451, level: 0 } radius=2 ticks_waited=3 sent_tile=Some(WorldTile { x: 3300, z: 3468, level: 0 })
[nav-follow] here=WorldTile { x: 3294, z: 3460, level: 0 } walk=true transport=false leg=0 hops=2 outcome=None
[host] hitch livept2pjs_0: observe_us=21945 paints=0 skips=2192 ticks=123
[host] slot livept2pjs_0: d_loop_us=691 d_raster_us=0 d_observe_us=88280 max_observe_us=21945 d_paints=0 d_skips=50 d_ticks=2 window_ms=1297
[nav-walk] here=WorldTile { x: 3292, z: 3458, level: 0 } aim=WorldTile { x: 3288, z: 3451, level: 0 } radius=2 ticks_waited=4 sent_tile=Some(WorldTile { x: 3300, z: 3468, level: 0 })
[nav-follow] here=WorldTile { x: 3292, z: 3458, level: 0 } walk=true transport=false leg=0 hops=2 outcome=None
[host] hitch livept2pjs_0: observe_us=24486 paints=0 skips=2216 ticks=124
[nav-walk] here=WorldTile { x: 3290, z: 3456, level: 0 } aim=WorldTile { x: 3288, z: 3451, level: 0 } radius=2 ticks_waited=5 sent_tile=Some(WorldTile { x: 3300, z: 3468, level: 0 })
[nav-follow] here=WorldTile { x: 3290, z: 3456, level: 0 } walk=true transport=false leg=0 hops=2 outcome=None
[host] hitch livept2pjs_0: observe_us=26196 paints=0 skips=2238 ticks=125
[host] slot livept2pjs_0: d_loop_us=717 d_raster_us=0 d_observe_us=93882 max_observe_us=26196 d_paints=0 d_skips=50 d_ticks=2 window_ms=1330
[nav-walk] here=WorldTile { x: 3288, z: 3454, level: 0 } aim=WorldTile { x: 3288, z: 3451, level: 0 } radius=2 ticks_waited=6 sent_tile=Some(WorldTile { x: 3300, z: 3468, level: 0 })
[nav-follow] here=WorldTile { x: 3288, z: 3454, level: 0 } walk=true transport=false leg=0 hops=2 outcome=None
[host] hitch livept2pjs_0: observe_us=26993 paints=0 skips=2262 ticks=126
[nav-walk] here=WorldTile { x: 3288, z: 3452, level: 0 } aim=WorldTile { x: 3288, z: 3451, level: 0 } radius=2 ticks_waited=7 sent_tile=Some(WorldTile { x: 3300, z: 3468, level: 0 })
[nav-follow] here=WorldTile { x: 3288, z: 3452, level: 0 } walk=true transport=false leg=0 hops=3 outcome=None
[host] hitch livept2pjs_0: observe_us=28444 paints=0 skips=2283 ticks=127
[host] slot livept2pjs_0: d_loop_us=770 d_raster_us=0 d_observe_us=107576 max_observe_us=28444 d_paints=0 d_skips=50 d_ticks=2 window_ms=1372
[nav-walk] here=WorldTile { x: 3287, z: 3450, level: 0 } aim=WorldTile { x: 3275, z: 3438, level: 0 } radius=2 ticks_waited=0 sent_tile=Some(WorldTile { x: 3288, z: 3452, level: 0 })
[nav-follow] here=WorldTile { x: 3287, z: 3450, level: 0 } walk=true transport=false leg=0 hops=3 outcome=None
[host] hitch livept2pjs_0: observe_us=26043 paints=0 skips=2305 ticks=128
[nav-walk] here=WorldTile { x: 3285, z: 3448, level: 0 } aim=WorldTile { x: 3275, z: 3438, level: 0 } radius=2 ticks_waited=1 sent_tile=Some(WorldTile { x: 3288, z: 3452, level: 0 })
[nav-follow] here=WorldTile { x: 3285, z: 3448, level: 0 } walk=true transport=false leg=0 hops=3 outcome=None
[host] hitch livept2pjs_0: observe_us=24500 paints=0 skips=2328 ticks=129
[host] slot livept2pjs_0: d_loop_us=874 d_raster_us=0 d_observe_us=100199 max_observe_us=26043 d_paints=0 d_skips=50 d_ticks=3 window_ms=1321
[nav-walk] here=WorldTile { x: 3283, z: 3446, level: 0 } aim=WorldTile { x: 3275, z: 3438, level: 0 } radius=2 ticks_waited=2 sent_tile=Some(WorldTile { x: 3288, z: 3452, level: 0 })
[nav-follow] here=WorldTile { x: 3283, z: 3446, level: 0 } walk=true transport=false leg=0 hops=3 outcome=None
[host] hitch livept2pjs_0: observe_us=24647 paints=0 skips=2350 ticks=130
[nav-walk] here=WorldTile { x: 3281, z: 3444, level: 0 } aim=WorldTile { x: 3275, z: 3438, level: 0 } radius=2 ticks_waited=3 sent_tile=Some(WorldTile { x: 3288, z: 3452, level: 0 })
[nav-follow] here=WorldTile { x: 3281, z: 3444, level: 0 } walk=true transport=false leg=0 hops=3 outcome=None
[host] hitch livept2pjs_0: observe_us=23891 paints=0 skips=2373 ticks=131
[nav-walk] here=WorldTile { x: 3280, z: 3442, level: 0 } aim=WorldTile { x: 3275, z: 3438, level: 0 } radius=2 ticks_waited=4 sent_tile=Some(WorldTile { x: 3288, z: 3452, level: 0 })
[nav-follow] here=WorldTile { x: 3280, z: 3442, level: 0 } walk=true transport=false leg=0 hops=3 outcome=None
[host] hitch livept2pjs_0: observe_us=22369 paints=0 skips=2396 ticks=132
[host] slot livept2pjs_0: d_loop_us=824 d_raster_us=0 d_observe_us=119013 max_observe_us=24647 d_paints=0 d_skips=50 d_ticks=2 window_ms=1309
[nav-walk] here=WorldTile { x: 3279, z: 3440, level: 0 } aim=WorldTile { x: 3275, z: 3438, level: 0 } radius=2 ticks_waited=5 sent_tile=Some(WorldTile { x: 3288, z: 3452, level: 0 })
[nav-follow] here=WorldTile { x: 3279, z: 3440, level: 0 } walk=true transport=false leg=0 hops=3 outcome=None
[host] hitch livept2pjs_0: observe_us=26941 paints=0 skips=2418 ticks=133
[host] slot livept2pjs_0: d_loop_us=13730 d_raster_us=0 d_observe_us=115977 max_observe_us=26941 d_paints=0 d_skips=50 d_ticks=2 window_ms=1327
[nav-walk] here=WorldTile { x: 3275, z: 3439, level: 0 } aim=WorldTile { x: 3275, z: 3438, level: 0 } radius=2 ticks_waited=6 sent_tile=Some(WorldTile { x: 3288, z: 3452, level: 0 })
[nav-follow] here=WorldTile { x: 3275, z: 3439, level: 0 } walk=true transport=false leg=0 hops=4 outcome=None
[host] hitch livept2pjs_0: observe_us=30335 paints=0 skips=2464 ticks=135
[nav-walk] here=WorldTile { x: 3275, z: 3437, level: 0 } aim=WorldTile { x: 3265, z: 3430, level: 0 } radius=2 ticks_waited=0 sent_tile=Some(WorldTile { x: 3275, z: 3439, level: 0 })
[nav-follow] here=WorldTile { x: 3275, z: 3437, level: 0 } walk=true transport=false leg=0 hops=4 outcome=None
[host] hitch livept2pjs_0: observe_us=28893 paints=0 skips=2487 ticks=136
[host] slot livept2pjs_0: d_loop_us=838 d_raster_us=0 d_observe_us=111206 max_observe_us=30335 d_paints=0 d_skips=50 d_ticks=2 window_ms=1313
[nav-walk] here=WorldTile { x: 3275, z: 3435, level: 0 } aim=WorldTile { x: 3265, z: 3430, level: 0 } radius=2 ticks_waited=1 sent_tile=Some(WorldTile { x: 3275, z: 3439, level: 0 })
[nav-follow] here=WorldTile { x: 3275, z: 3435, level: 0 } walk=true transport=false leg=0 hops=4 outcome=None
[host] hitch livept2pjs_0: observe_us=30447 paints=0 skips=2510 ticks=137
[nav-walk] here=WorldTile { x: 3275, z: 3433, level: 0 } aim=WorldTile { x: 3265, z: 3430, level: 0 } radius=2 ticks_waited=2 sent_tile=Some(WorldTile { x: 3275, z: 3439, level: 0 })
[nav-follow] here=WorldTile { x: 3275, z: 3433, level: 0 } walk=true transport=false leg=0 hops=4 outcome=None
[host] hitch livept2pjs_0: observe_us=21315 paints=0 skips=2531 ticks=138
[host] slot livept2pjs_0: d_loop_us=808 d_raster_us=0 d_observe_us=92437 max_observe_us=30447 d_paints=0 d_skips=50 d_ticks=2 window_ms=1375
[nav-walk] here=WorldTile { x: 3274, z: 3431, level: 0 } aim=WorldTile { x: 3265, z: 3430, level: 0 } radius=2 ticks_waited=3 sent_tile=Some(WorldTile { x: 3275, z: 3439, level: 0 })
[nav-follow] here=WorldTile { x: 3274, z: 3431, level: 0 } walk=true transport=false leg=0 hops=4 outcome=None
[host] hitch livept2pjs_0: observe_us=32172 paints=0 skips=2553 ticks=139
[nav-walk] here=WorldTile { x: 3272, z: 3431, level: 0 } aim=WorldTile { x: 3265, z: 3430, level: 0 } radius=2 ticks_waited=4 sent_tile=Some(WorldTile { x: 3275, z: 3439, level: 0 })
[nav-follow] here=WorldTile { x: 3272, z: 3431, level: 0 } walk=true transport=false leg=0 hops=4 outcome=None
[host] hitch livept2pjs_0: observe_us=30013 paints=0 skips=2575 ticks=140
[nav-walk] here=WorldTile { x: 3270, z: 3431, level: 0 } aim=WorldTile { x: 3265, z: 3430, level: 0 } radius=2 ticks_waited=5 sent_tile=Some(WorldTile { x: 3275, z: 3439, level: 0 })
[nav-follow] here=WorldTile { x: 3270, z: 3431, level: 0 } walk=true transport=false leg=0 hops=4 outcome=None
[host] hitch livept2pjs_0: observe_us=29743 paints=0 skips=2597 ticks=141
[host] slot livept2pjs_0: d_loop_us=994 d_raster_us=0 d_observe_us=141219 max_observe_us=32172 d_paints=0 d_skips=50 d_ticks=3 window_ms=1357
[nav-walk] here=WorldTile { x: 3268, z: 3430, level: 0 } aim=WorldTile { x: 3265, z: 3430, level: 0 } radius=2 ticks_waited=6 sent_tile=Some(WorldTile { x: 3275, z: 3439, level: 0 })
[nav-follow] here=WorldTile { x: 3268, z: 3430, level: 0 } walk=true transport=false leg=0 hops=4 outcome=None
[host] hitch livept2pjs_0: observe_us=22546 paints=0 skips=2621 ticks=142
[nav-walk] here=WorldTile { x: 3266, z: 3430, level: 0 } aim=WorldTile { x: 3265, z: 3430, level: 0 } radius=2 ticks_waited=7 sent_tile=Some(WorldTile { x: 3275, z: 3439, level: 0 })
[nav-follow] here=WorldTile { x: 3266, z: 3430, level: 0 } walk=true transport=false leg=0 hops=5 outcome=None
[host] hitch livept2pjs_0: observe_us=23028 paints=0 skips=2647 ticks=143
[host] slot livept2pjs_0: d_loop_us=996 d_raster_us=0 d_observe_us=86888 max_observe_us=23028 d_paints=0 d_skips=50 d_ticks=2 window_ms=1192
[nav-walk] here=WorldTile { x: 3264, z: 3430, level: 0 } aim=WorldTile { x: 3250, z: 3423, level: 0 } radius=0 ticks_waited=0 sent_tile=Some(WorldTile { x: 3266, z: 3430, level: 0 })
[nav-follow] here=WorldTile { x: 3264, z: 3430, level: 0 } walk=true transport=false leg=0 hops=5 outcome=None
[host] hitch livept2pjs_0: observe_us=19750 paints=0 skips=2672 ticks=144
[nav-walk] here=WorldTile { x: 3262, z: 3430, level: 0 } aim=WorldTile { x: 3250, z: 3423, level: 0 } radius=0 ticks_waited=1 sent_tile=Some(WorldTile { x: 3266, z: 3430, level: 0 })
[nav-follow] here=WorldTile { x: 3262, z: 3430, level: 0 } walk=true transport=false leg=0 hops=5 outcome=None
[host] hitch livept2pjs_0: observe_us=32744 paints=0 skips=2697 ticks=145
[host] slot livept2pjs_0: d_loop_us=1022 d_raster_us=0 d_observe_us=94114 max_observe_us=32744 d_paints=0 d_skips=50 d_ticks=2 window_ms=1196
[nav-walk] here=WorldTile { x: 3260, z: 3430, level: 0 } aim=WorldTile { x: 3250, z: 3423, level: 0 } radius=0 ticks_waited=2 sent_tile=Some(WorldTile { x: 3266, z: 3430, level: 0 })
[nav-follow] here=WorldTile { x: 3260, z: 3430, level: 0 } walk=true transport=false leg=0 hops=5 outcome=None
[host] hitch livept2pjs_0: observe_us=26817 paints=0 skips=2722 ticks=146
[nav-walk] here=WorldTile { x: 3258, z: 3430, level: 0 } aim=WorldTile { x: 3250, z: 3423, level: 0 } radius=0 ticks_waited=3 sent_tile=Some(WorldTile { x: 3266, z: 3430, level: 0 })
[nav-follow] here=WorldTile { x: 3258, z: 3430, level: 0 } walk=true transport=false leg=0 hops=5 outcome=None
[host] hitch livept2pjs_0: observe_us=27643 paints=0 skips=2746 ticks=147
[host] slot livept2pjs_0: d_loop_us=1000 d_raster_us=0 d_observe_us=100679 max_observe_us=27643 d_paints=0 d_skips=50 d_ticks=2 window_ms=1213
[nav-walk] here=WorldTile { x: 3256, z: 3430, level: 0 } aim=WorldTile { x: 3250, z: 3423, level: 0 } radius=0 ticks_waited=4 sent_tile=Some(WorldTile { x: 3266, z: 3430, level: 0 })
[nav-follow] here=WorldTile { x: 3256, z: 3430, level: 0 } walk=true transport=false leg=0 hops=5 outcome=None
[host] hitch livept2pjs_0: observe_us=28846 paints=0 skips=2771 ticks=148
[nav-walk] here=WorldTile { x: 3254, z: 3428, level: 0 } aim=WorldTile { x: 3250, z: 3423, level: 0 } radius=0 ticks_waited=5 sent_tile=Some(WorldTile { x: 3266, z: 3430, level: 0 })
[nav-follow] here=WorldTile { x: 3254, z: 3428, level: 0 } walk=true transport=false leg=0 hops=5 outcome=None
[host] hitch livept2pjs_0: observe_us=28696 paints=0 skips=2796 ticks=149
[host] slot livept2pjs_0: d_loop_us=951 d_raster_us=0 d_observe_us=103726 max_observe_us=28846 d_paints=0 d_skips=50 d_ticks=2 window_ms=1204
[nav-walk] here=WorldTile { x: 3254, z: 3426, level: 0 } aim=WorldTile { x: 3250, z: 3423, level: 0 } radius=0 ticks_waited=6 sent_tile=Some(WorldTile { x: 3266, z: 3430, level: 0 })
[nav-follow] here=WorldTile { x: 3254, z: 3426, level: 0 } walk=true transport=false leg=0 hops=5 outcome=None
[host] hitch livept2pjs_0: observe_us=29411 paints=0 skips=2821 ticks=150
[nav-walk] here=WorldTile { x: 3254, z: 3424, level: 0 } aim=WorldTile { x: 3250, z: 3423, level: 0 } radius=0 ticks_waited=7 sent_tile=Some(WorldTile { x: 3266, z: 3430, level: 0 })
[nav-follow] here=WorldTile { x: 3254, z: 3424, level: 0 } walk=true transport=false leg=0 hops=5 outcome=None
[host] hitch livept2pjs_0: observe_us=25203 paints=0 skips=2846 ticks=151
[host] slot livept2pjs_0: d_loop_us=1058 d_raster_us=0 d_observe_us=96924 max_observe_us=29411 d_paints=0 d_skips=50 d_ticks=2 window_ms=1199
[nav-walk] here=WorldTile { x: 3253, z: 3422, level: 0 } aim=WorldTile { x: 3250, z: 3423, level: 0 } radius=0 ticks_waited=8 sent_tile=Some(WorldTile { x: 3266, z: 3430, level: 0 })
[nav-follow] here=WorldTile { x: 3253, z: 3422, level: 0 } walk=true transport=false leg=0 hops=5 outcome=None
[host] hitch livept2pjs_0: observe_us=23767 paints=0 skips=2871 ticks=152
[script livept2pjs_0] interact WalkNear { x: 3253, z: 3420, level: 0, radius: 1, allow_teleports: false }
[nav-follow] here=WorldTile { x: 3251, z: 3422, level: 0 } walk=true transport=false leg=0 hops=1 outcome=None
[host] hitch livept2pjs_0: observe_us=30010 paints=0 skips=2897 ticks=153
[host] slot livept2pjs_0: d_loop_us=980 d_raster_us=0 d_observe_us=101611 max_observe_us=30010 d_paints=0 d_skips=50 d_ticks=2 window_ms=1185
[nav-walk] here=WorldTile { x: 3252, z: 3421, level: 0 } aim=WorldTile { x: 3252, z: 3421, level: 0 } radius=0 ticks_waited=0 sent_tile=Some(WorldTile { x: 3251, z: 3422, level: 0 })
[nav-follow] here=WorldTile { x: 3252, z: 3421, level: 0 } walk=false transport=false leg=1 hops=1 outcome=Some(Arrived { at: WorldTile { x: 3252, z: 3421, level: 0 } })
[host] hitch livept2pjs_0: observe_us=28598 paints=0 skips=2922 ticks=154
[script livept2pjs_0] interact OpenBooth { x: 3252, z: 3419, level: 0, id: 2213, name: Some("Bank booth"), action: Some("Use-quickly") }
[host] hitch livept2pjs_0: observe_us=27808 paints=0 skips=2947 ticks=155
[host] slot livept2pjs_0: d_loop_us=904 d_raster_us=0 d_observe_us=98918 max_observe_us=28598 d_paints=0 d_skips=50 d_ticks=2 window_ms=1189
[host] hitch livept2pjs_0: observe_us=16877 paints=0 skips=2997 ticks=157
[host] slot livept2pjs_0: d_loop_us=979 d_raster_us=0 d_observe_us=82681 max_observe_us=16877 d_paints=0 d_skips=50 d_ticks=2 window_ms=1192
[host] slot livept2pjs_0: d_loop_us=934 d_raster_us=0 d_observe_us=68983 max_observe_us=13801 d_paints=0 d_skips=50 d_ticks=2 window_ms=1179
[host] slot livept2pjs_0: d_loop_us=1007 d_raster_us=0 d_observe_us=78329 max_observe_us=15991 d_paints=0 d_skips=50 d_ticks=2 window_ms=1192
[host] hitch livept2pjs_0: observe_us=16523 paints=0 skips=3124 ticks=162
[host] slot livept2pjs_0: d_loop_us=1178 d_raster_us=0 d_observe_us=74755 max_observe_us=16523 d_paints=0 d_skips=50 d_ticks=2 window_ms=1187
[script livept2pjs_0] interact OpenBooth { x: 3252, z: 3419, level: 0, id: 2213, name: Some("Bank booth"), action: Some("Use-quickly") }
[host] hitch livept2pjs_0: observe_us=16223 paints=0 skips=3175 ticks=164
[host] slot livept2pjs_0: d_loop_us=912 d_raster_us=0 d_observe_us=91649 max_observe_us=16223 d_paints=0 d_skips=50 d_ticks=2 window_ms=1182
[script livept2pjs_0] interact SetNoteMode { on: false }
[shim-note] on=false sent
[host] slot livept2pjs_0: d_loop_us=952 d_raster_us=0 d_observe_us=91823 max_observe_us=15667 d_paints=0 d_skips=50 d_ticks=1 window_ms=1178
[host] hitch livept2pjs_0: observe_us=18994 paints=0 skips=3251 ticks=167
[host] hitch livept2pjs_0: observe_us=16680 paints=0 skips=3276 ticks=168
[script livept2pjs_0] deposited 27 Earth runes
[host] slot livept2pjs_0: d_loop_us=988 d_raster_us=0 d_observe_us=92681 max_observe_us=18994 d_paints=0 d_skips=50 d_ticks=2 window_ms=1181
[host] hitch livept2pjs_0: observe_us=20192 paints=0 skips=3302 ticks=169
[script livept2pjs_0] withdrew 27 rune essence (trip 2)
[host] slot livept2pjs_0: d_loop_us=1071 d_raster_us=0 d_observe_us=89172 max_observe_us=20192 d_paints=0 d_skips=50 d_ticks=2 window_ms=1173
[script livept2pjs_0] heading to the mysterious ruins
[script livept2pjs_0] interact WalkNear { x: 3303, z: 3477, level: 0, radius: 1, allow_teleports: false }
[nav-follow] here=WorldTile { x: 3252, z: 3420, level: 0 } walk=true transport=false leg=0 hops=1 outcome=None
[host] slot livept2pjs_0: d_loop_us=865 d_raster_us=0 d_observe_us=70636 max_observe_us=14979 d_paints=0 d_skips=50 d_ticks=2 window_ms=1188
[nav-walk] here=WorldTile { x: 3253, z: 3422, level: 0 } aim=WorldTile { x: 3261, z: 3430, level: 0 } radius=2 ticks_waited=0 sent_tile=Some(WorldTile { x: 3252, z: 3420, level: 0 })
[nav-follow] here=WorldTile { x: 3253, z: 3422, level: 0 } walk=true transport=false leg=0 hops=1 outcome=None
[host] hitch livept2pjs_0: observe_us=17480 paints=0 skips=3403 ticks=173
[nav-walk] here=WorldTile { x: 3253, z: 3424, level: 0 } aim=WorldTile { x: 3261, z: 3430, level: 0 } radius=2 ticks_waited=1 sent_tile=Some(WorldTile { x: 3252, z: 3420, level: 0 })
[nav-follow] here=WorldTile { x: 3253, z: 3424, level: 0 } walk=true transport=false leg=0 hops=1 outcome=None
[host] hitch livept2pjs_0: observe_us=32133 paints=0 skips=3428 ticks=174
[host] slot livept2pjs_0: d_loop_us=1035 d_raster_us=0 d_observe_us=108245 max_observe_us=32133 d_paints=0 d_skips=50 d_ticks=2 window_ms=1194
[nav-walk] here=WorldTile { x: 3253, z: 3426, level: 0 } aim=WorldTile { x: 3261, z: 3430, level: 0 } radius=2 ticks_waited=2 sent_tile=Some(WorldTile { x: 3252, z: 3420, level: 0 })
[nav-follow] here=WorldTile { x: 3253, z: 3426, level: 0 } walk=true transport=false leg=0 hops=1 outcome=None
[host] hitch livept2pjs_0: observe_us=28021 paints=0 skips=3453 ticks=175
[nav-walk] here=WorldTile { x: 3254, z: 3428, level: 0 } aim=WorldTile { x: 3261, z: 3430, level: 0 } radius=2 ticks_waited=3 sent_tile=Some(WorldTile { x: 3252, z: 3420, level: 0 })
[nav-follow] here=WorldTile { x: 3254, z: 3428, level: 0 } walk=true transport=false leg=0 hops=1 outcome=None
[host] hitch livept2pjs_0: observe_us=17518 paints=0 skips=3478 ticks=176
[host] slot livept2pjs_0: d_loop_us=742 d_raster_us=0 d_observe_us=81974 max_observe_us=28021 d_paints=0 d_skips=50 d_ticks=2 window_ms=1204
[nav-walk] here=WorldTile { x: 3256, z: 3428, level: 0 } aim=WorldTile { x: 3261, z: 3430, level: 0 } radius=2 ticks_waited=4 sent_tile=Some(WorldTile { x: 3252, z: 3420, level: 0 })
[nav-follow] here=WorldTile { x: 3256, z: 3428, level: 0 } walk=true transport=false leg=0 hops=1 outcome=None
[host] hitch livept2pjs_0: observe_us=23067 paints=0 skips=3503 ticks=177
[nav-walk] here=WorldTile { x: 3258, z: 3428, level: 0 } aim=WorldTile { x: 3261, z: 3430, level: 0 } radius=2 ticks_waited=5 sent_tile=Some(WorldTile { x: 3252, z: 3420, level: 0 })
[nav-follow] here=WorldTile { x: 3258, z: 3428, level: 0 } walk=true transport=false leg=0 hops=1 outcome=None
[host] hitch livept2pjs_0: observe_us=17282 paints=0 skips=3528 ticks=178
[host] slot livept2pjs_0: d_loop_us=801 d_raster_us=0 d_observe_us=81439 max_observe_us=23067 d_paints=0 d_skips=50 d_ticks=2 window_ms=1208
[nav-walk] here=WorldTile { x: 3260, z: 3429, level: 0 } aim=WorldTile { x: 3261, z: 3430, level: 0 } radius=2 ticks_waited=6 sent_tile=Some(WorldTile { x: 3252, z: 3420, level: 0 })
[nav-follow] here=WorldTile { x: 3260, z: 3429, level: 0 } walk=true transport=false leg=0 hops=2 outcome=None
[host] hitch livept2pjs_0: observe_us=29683 paints=0 skips=3553 ticks=179
[nav-walk] here=WorldTile { x: 3262, z: 3429, level: 0 } aim=WorldTile { x: 3276, z: 3434, level: 0 } radius=2 ticks_waited=0 sent_tile=Some(WorldTile { x: 3260, z: 3429, level: 0 })
[nav-follow] here=WorldTile { x: 3262, z: 3429, level: 0 } walk=true transport=false leg=0 hops=2 outcome=None
[host] hitch livept2pjs_0: observe_us=28077 paints=0 skips=3578 ticks=180
[host] slot livept2pjs_0: d_loop_us=990 d_raster_us=0 d_observe_us=99910 max_observe_us=29683 d_paints=0 d_skips=50 d_ticks=2 window_ms=1192
[nav-walk] here=WorldTile { x: 3264, z: 3429, level: 0 } aim=WorldTile { x: 3276, z: 3434, level: 0 } radius=2 ticks_waited=1 sent_tile=Some(WorldTile { x: 3260, z: 3429, level: 0 })
[nav-follow] here=WorldTile { x: 3264, z: 3429, level: 0 } walk=true transport=false leg=0 hops=2 outcome=None
[host] hitch livept2pjs_0: observe_us=32727 paints=0 skips=3603 ticks=181
[nav-walk] here=WorldTile { x: 3266, z: 3429, level: 0 } aim=WorldTile { x: 3276, z: 3434, level: 0 } radius=2 ticks_waited=2 sent_tile=Some(WorldTile { x: 3260, z: 3429, level: 0 })
[nav-follow] here=WorldTile { x: 3266, z: 3429, level: 0 } walk=true transport=false leg=0 hops=2 outcome=None
[host] hitch livept2pjs_0: observe_us=27691 paints=0 skips=3628 ticks=182
[host] slot livept2pjs_0: d_loop_us=998 d_raster_us=0 d_observe_us=114657 max_observe_us=32727 d_paints=0 d_skips=50 d_ticks=2 window_ms=1211
[nav-walk] here=WorldTile { x: 3268, z: 3429, level: 0 } aim=WorldTile { x: 3276, z: 3434, level: 0 } radius=2 ticks_waited=3 sent_tile=Some(WorldTile { x: 3260, z: 3429, level: 0 })
[nav-follow] here=WorldTile { x: 3268, z: 3429, level: 0 } walk=true transport=false leg=0 hops=2 outcome=None
[host] hitch livept2pjs_0: observe_us=30155 paints=0 skips=3653 ticks=183
[nav-walk] here=WorldTile { x: 3270, z: 3429, level: 0 } aim=WorldTile { x: 3276, z: 3434, level: 0 } radius=2 ticks_waited=4 sent_tile=Some(WorldTile { x: 3260, z: 3429, level: 0 })
[nav-follow] here=WorldTile { x: 3270, z: 3429, level: 0 } walk=true transport=false leg=0 hops=2 outcome=None
[host] hitch livept2pjs_0: observe_us=27966 paints=0 skips=3678 ticks=184
[host] slot livept2pjs_0: d_loop_us=927 d_raster_us=0 d_observe_us=100485 max_observe_us=30155 d_paints=0 d_skips=50 d_ticks=2 window_ms=1209
[nav-walk] here=WorldTile { x: 3272, z: 3429, level: 0 } aim=WorldTile { x: 3276, z: 3434, level: 0 } radius=2 ticks_waited=5 sent_tile=Some(WorldTile { x: 3260, z: 3429, level: 0 })
[nav-follow] here=WorldTile { x: 3272, z: 3429, level: 0 } walk=true transport=false leg=0 hops=2 outcome=None
[host] hitch livept2pjs_0: observe_us=24037 paints=0 skips=3702 ticks=185
[nav-walk] here=WorldTile { x: 3274, z: 3431, level: 0 } aim=WorldTile { x: 3276, z: 3434, level: 0 } radius=2 ticks_waited=6 sent_tile=Some(WorldTile { x: 3260, z: 3429, level: 0 })
[nav-follow] here=WorldTile { x: 3274, z: 3431, level: 0 } walk=true transport=false leg=0 hops=2 outcome=None
[host] hitch livept2pjs_0: observe_us=33942 paints=0 skips=3727 ticks=186
[host] slot livept2pjs_0: d_loop_us=801 d_raster_us=0 d_observe_us=101163 max_observe_us=33942 d_paints=0 d_skips=50 d_ticks=2 window_ms=1215
[nav-walk] here=WorldTile { x: 3275, z: 3433, level: 0 } aim=WorldTile { x: 3276, z: 3434, level: 0 } radius=2 ticks_waited=7 sent_tile=Some(WorldTile { x: 3260, z: 3429, level: 0 })
[nav-follow] here=WorldTile { x: 3275, z: 3433, level: 0 } walk=true transport=false leg=0 hops=3 outcome=None
[host] hitch livept2pjs_0: observe_us=32290 paints=0 skips=3752 ticks=187
[nav-walk] here=WorldTile { x: 3275, z: 3435, level: 0 } aim=WorldTile { x: 3284, z: 3447, level: 0 } radius=2 ticks_waited=0 sent_tile=Some(WorldTile { x: 3275, z: 3433, level: 0 })
[nav-follow] here=WorldTile { x: 3275, z: 3435, level: 0 } walk=true transport=false leg=0 hops=3 outcome=None
[host] hitch livept2pjs_0: observe_us=27863 paints=0 skips=3777 ticks=188
[host] slot livept2pjs_0: d_loop_us=831 d_raster_us=0 d_observe_us=105053 max_observe_us=32290 d_paints=0 d_skips=50 d_ticks=2 window_ms=1205
[nav-walk] here=WorldTile { x: 3275, z: 3437, level: 0 } aim=WorldTile { x: 3284, z: 3447, level: 0 } radius=2 ticks_waited=1 sent_tile=Some(WorldTile { x: 3275, z: 3433, level: 0 })
[nav-follow] here=WorldTile { x: 3275, z: 3437, level: 0 } walk=true transport=false leg=0 hops=3 outcome=None
[host] hitch livept2pjs_0: observe_us=24466 paints=0 skips=3801 ticks=189
[nav-walk] here=WorldTile { x: 3275, z: 3439, level: 0 } aim=WorldTile { x: 3284, z: 3447, level: 0 } radius=2 ticks_waited=2 sent_tile=Some(WorldTile { x: 3275, z: 3433, level: 0 })
[nav-follow] here=WorldTile { x: 3275, z: 3439, level: 0 } walk=true transport=false leg=0 hops=3 outcome=None
[host] hitch livept2pjs_0: observe_us=17458 paints=0 skips=3826 ticks=190
[host] slot livept2pjs_0: d_loop_us=715 d_raster_us=0 d_observe_us=75145 max_observe_us=24466 d_paints=0 d_skips=50 d_ticks=2 window_ms=1194
[nav-walk] here=WorldTile { x: 3277, z: 3439, level: 0 } aim=WorldTile { x: 3284, z: 3447, level: 0 } radius=2 ticks_waited=3 sent_tile=Some(WorldTile { x: 3275, z: 3433, level: 0 })
[nav-follow] here=WorldTile { x: 3277, z: 3439, level: 0 } walk=true transport=false leg=0 hops=3 outcome=None
[host] hitch livept2pjs_0: observe_us=18065 paints=0 skips=3852 ticks=191
[nav-walk] here=WorldTile { x: 3279, z: 3440, level: 0 } aim=WorldTile { x: 3284, z: 3447, level: 0 } radius=2 ticks_waited=4 sent_tile=Some(WorldTile { x: 3275, z: 3433, level: 0 })
[nav-follow] here=WorldTile { x: 3279, z: 3440, level: 0 } walk=true transport=false leg=0 hops=3 outcome=None
[host] hitch livept2pjs_0: observe_us=21979 paints=0 skips=3876 ticks=192
[host] slot livept2pjs_0: d_loop_us=1018 d_raster_us=0 d_observe_us=86803 max_observe_us=21979 d_paints=0 d_skips=50 d_ticks=2 window_ms=1203
[nav-walk] here=WorldTile { x: 3279, z: 3442, level: 0 } aim=WorldTile { x: 3284, z: 3447, level: 0 } radius=2 ticks_waited=5 sent_tile=Some(WorldTile { x: 3275, z: 3433, level: 0 })
[nav-follow] here=WorldTile { x: 3279, z: 3442, level: 0 } walk=true transport=false leg=0 hops=3 outcome=None
[host] hitch livept2pjs_0: observe_us=17144 paints=0 skips=3901 ticks=193
[nav-walk] here=WorldTile { x: 3281, z: 3444, level: 0 } aim=WorldTile { x: 3284, z: 3447, level: 0 } radius=2 ticks_waited=6 sent_tile=Some(WorldTile { x: 3275, z: 3433, level: 0 })
[nav-follow] here=WorldTile { x: 3281, z: 3444, level: 0 } walk=true transport=false leg=0 hops=3 outcome=None
[host] hitch livept2pjs_0: observe_us=19530 paints=0 skips=3926 ticks=194
[host] slot livept2pjs_0: d_loop_us=1043 d_raster_us=0 d_observe_us=80702 max_observe_us=19530 d_paints=0 d_skips=50 d_ticks=2 window_ms=1202
[nav-walk] here=WorldTile { x: 3283, z: 3446, level: 0 } aim=WorldTile { x: 3284, z: 3447, level: 0 } radius=2 ticks_waited=7 sent_tile=Some(WorldTile { x: 3275, z: 3433, level: 0 })
[nav-follow] here=WorldTile { x: 3283, z: 3446, level: 0 } walk=true transport=false leg=0 hops=4 outcome=None
[host] hitch livept2pjs_0: observe_us=17838 paints=0 skips=3951 ticks=195
[nav-walk] here=WorldTile { x: 3283, z: 3448, level: 0 } aim=WorldTile { x: 3296, z: 3463, level: 0 } radius=2 ticks_waited=0 sent_tile=Some(WorldTile { x: 3283, z: 3446, level: 0 })
[nav-follow] here=WorldTile { x: 3283, z: 3448, level: 0 } walk=true transport=false leg=0 hops=4 outcome=None
[host] hitch livept2pjs_0: observe_us=23316 paints=0 skips=3976 ticks=196
[host] slot livept2pjs_0: d_loop_us=624 d_raster_us=0 d_observe_us=90486 max_observe_us=23316 d_paints=0 d_skips=50 d_ticks=3 window_ms=1217
[nav-walk] here=WorldTile { x: 3283, z: 3450, level: 0 } aim=WorldTile { x: 3296, z: 3463, level: 0 } radius=2 ticks_waited=1 sent_tile=Some(WorldTile { x: 3283, z: 3446, level: 0 })
[nav-follow] here=WorldTile { x: 3283, z: 3450, level: 0 } walk=true transport=false leg=0 hops=4 outcome=None
[host] hitch livept2pjs_0: observe_us=16573 paints=0 skips=4000 ticks=197
[nav-walk] here=WorldTile { x: 3285, z: 3452, level: 0 } aim=WorldTile { x: 3296, z: 3463, level: 0 } radius=2 ticks_waited=2 sent_tile=Some(WorldTile { x: 3283, z: 3446, level: 0 })
[nav-follow] here=WorldTile { x: 3285, z: 3452, level: 0 } walk=true transport=false leg=0 hops=4 outcome=None
[host] hitch livept2pjs_0: observe_us=19277 paints=0 skips=4025 ticks=198
[host] slot livept2pjs_0: d_loop_us=550 d_raster_us=0 d_observe_us=78737 max_observe_us=19277 d_paints=0 d_skips=50 d_ticks=2 window_ms=1205
[nav-walk] here=WorldTile { x: 3287, z: 3454, level: 0 } aim=WorldTile { x: 3296, z: 3463, level: 0 } radius=2 ticks_waited=3 sent_tile=Some(WorldTile { x: 3283, z: 3446, level: 0 })
[nav-follow] here=WorldTile { x: 3287, z: 3454, level: 0 } walk=true transport=false leg=0 hops=4 outcome=None
[host] hitch livept2pjs_0: observe_us=18058 paints=0 skips=4050 ticks=199
[nav-walk] here=WorldTile { x: 3289, z: 3456, level: 0 } aim=WorldTile { x: 3296, z: 3463, level: 0 } radius=2 ticks_waited=4 sent_tile=Some(WorldTile { x: 3283, z: 3446, level: 0 })
[nav-follow] here=WorldTile { x: 3289, z: 3456, level: 0 } walk=true transport=false leg=0 hops=4 outcome=None
[host] hitch livept2pjs_0: observe_us=19935 paints=0 skips=4074 ticks=200
[host] slot livept2pjs_0: d_loop_us=628 d_raster_us=0 d_observe_us=85241 max_observe_us=19935 d_paints=0 d_skips=50 d_ticks=2 window_ms=1215
[nav-walk] here=WorldTile { x: 3291, z: 3458, level: 0 } aim=WorldTile { x: 3296, z: 3463, level: 0 } radius=2 ticks_waited=5 sent_tile=Some(WorldTile { x: 3283, z: 3446, level: 0 })
[nav-follow] here=WorldTile { x: 3291, z: 3458, level: 0 } walk=true transport=false leg=0 hops=4 outcome=None
[host] hitch livept2pjs_0: observe_us=18694 paints=0 skips=4100 ticks=201
[nav-walk] here=WorldTile { x: 3293, z: 3460, level: 0 } aim=WorldTile { x: 3296, z: 3463, level: 0 } radius=2 ticks_waited=6 sent_tile=Some(WorldTile { x: 3283, z: 3446, level: 0 })
[nav-follow] here=WorldTile { x: 3293, z: 3460, level: 0 } walk=true transport=false leg=0 hops=4 outcome=None
[host] hitch livept2pjs_0: observe_us=23783 paints=0 skips=4124 ticks=202
[nav-walk] here=WorldTile { x: 3295, z: 3462, level: 0 } aim=WorldTile { x: 3296, z: 3463, level: 0 } radius=2 ticks_waited=7 sent_tile=Some(WorldTile { x: 3283, z: 3446, level: 0 })
[nav-follow] here=WorldTile { x: 3295, z: 3462, level: 0 } walk=true transport=false leg=0 hops=5 outcome=None
[host] hitch livept2pjs_0: observe_us=16696 paints=0 skips=4148 ticks=203
[host] slot livept2pjs_0: d_loop_us=583 d_raster_us=0 d_observe_us=93215 max_observe_us=23783 d_paints=0 d_skips=50 d_ticks=2 window_ms=1221
[nav-walk] here=WorldTile { x: 3295, z: 3464, level: 0 } aim=WorldTile { x: 3304, z: 3476, level: 0 } radius=0 ticks_waited=0 sent_tile=Some(WorldTile { x: 3295, z: 3462, level: 0 })
[nav-follow] here=WorldTile { x: 3295, z: 3464, level: 0 } walk=true transport=false leg=0 hops=5 outcome=None
[host] hitch livept2pjs_0: observe_us=16717 paints=0 skips=4173 ticks=204
[nav-walk] here=WorldTile { x: 3297, z: 3466, level: 0 } aim=WorldTile { x: 3304, z: 3476, level: 0 } radius=0 ticks_waited=1 sent_tile=Some(WorldTile { x: 3295, z: 3462, level: 0 })
[nav-follow] here=WorldTile { x: 3297, z: 3466, level: 0 } walk=true transport=false leg=0 hops=5 outcome=None
[host] hitch livept2pjs_0: observe_us=18864 paints=0 skips=4197 ticks=205
[host] slot livept2pjs_0: d_loop_us=692 d_raster_us=0 d_observe_us=75907 max_observe_us=18864 d_paints=0 d_skips=50 d_ticks=2 window_ms=1224
[nav-walk] here=WorldTile { x: 3299, z: 3468, level: 0 } aim=WorldTile { x: 3304, z: 3476, level: 0 } radius=0 ticks_waited=2 sent_tile=Some(WorldTile { x: 3295, z: 3462, level: 0 })
[nav-follow] here=WorldTile { x: 3299, z: 3468, level: 0 } walk=true transport=false leg=0 hops=5 outcome=None
[host] hitch livept2pjs_0: observe_us=18009 paints=0 skips=4222 ticks=206
[nav-walk] here=WorldTile { x: 3300, z: 3470, level: 0 } aim=WorldTile { x: 3304, z: 3476, level: 0 } radius=0 ticks_waited=3 sent_tile=Some(WorldTile { x: 3295, z: 3462, level: 0 })
[nav-follow] here=WorldTile { x: 3300, z: 3470, level: 0 } walk=true transport=false leg=0 hops=5 outcome=None
[host] hitch livept2pjs_0: observe_us=16898 paints=0 skips=4247 ticks=207
[host] slot livept2pjs_0: d_loop_us=629 d_raster_us=0 d_observe_us=73214 max_observe_us=18009 d_paints=0 d_skips=50 d_ticks=2 window_ms=1213
[nav-walk] here=WorldTile { x: 3301, z: 3473, level: 0 } aim=WorldTile { x: 3304, z: 3476, level: 0 } radius=0 ticks_waited=4 sent_tile=Some(WorldTile { x: 3295, z: 3462, level: 0 })
[nav-follow] here=WorldTile { x: 3301, z: 3473, level: 0 } walk=true transport=false leg=0 hops=5 outcome=None
[host] slot livept2pjs_0: d_loop_us=11573 d_raster_us=0 d_observe_us=82462 max_observe_us=15841 d_paints=0 d_skips=50 d_ticks=2 window_ms=1187
[nav-walk] here=WorldTile { x: 3302, z: 3474, level: 0 } aim=WorldTile { x: 3304, z: 3476, level: 0 } radius=0 ticks_waited=5 sent_tile=Some(WorldTile { x: 3295, z: 3462, level: 0 })
[nav-follow] here=WorldTile { x: 3302, z: 3474, level: 0 } walk=true transport=false leg=0 hops=5 outcome=None
[host] hitch livept2pjs_0: observe_us=25778 paints=0 skips=4323 ticks=210
[nav-walk] here=WorldTile { x: 3304, z: 3474, level: 0 } aim=WorldTile { x: 3304, z: 3476, level: 0 } radius=0 ticks_waited=6 sent_tile=Some(WorldTile { x: 3295, z: 3462, level: 0 })
[nav-follow] here=WorldTile { x: 3304, z: 3474, level: 0 } walk=true transport=false leg=0 hops=5 outcome=None
[host] slot livept2pjs_0: d_loop_us=731 d_raster_us=0 d_observe_us=80446 max_observe_us=25778 d_paints=0 d_skips=50 d_ticks=2 window_ms=1199
[nav-walk] here=WorldTile { x: 3304, z: 3476, level: 0 } aim=WorldTile { x: 3304, z: 3476, level: 0 } radius=0 ticks_waited=7 sent_tile=Some(WorldTile { x: 3295, z: 3462, level: 0 })
[nav-follow] here=WorldTile { x: 3304, z: 3476, level: 0 } walk=false transport=false leg=1 hops=5 outcome=Some(Arrived { at: WorldTile { x: 3304, z: 3476, level: 0 } })
[host] hitch livept2pjs_0: observe_us=23857 paints=0 skips=4373 ticks=212
[script livept2pjs_0] using the Earth talisman on the mysterious ruins
[script livept2pjs_0] interact UseOn { name: "Earth talisman", kind: "loc", target_name: Some("Mysterious ruins"), x: 3305, z: 3473, level: 0, index: None, source_item_id: Some(1440), source_item_slot: Some(0), target_item_id: None, target_item_slot: None }
[host] hitch livept2pjs_0: observe_us=24520 paints=0 skips=4398 ticks=213
[host] slot livept2pjs_0: d_loop_us=795 d_raster_us=0 d_observe_us=89546 max_observe_us=24520 d_paints=0 d_skips=50 d_ticks=2 window_ms=1199
[host] slot livept2pjs_0: d_loop_us=848 d_raster_us=0 d_observe_us=63913 max_observe_us=12751 d_paints=0 d_skips=50 d_ticks=2 window_ms=1192
[script livept2pjs_0] entered the altar
[host] slot livept2pjs_0: d_loop_us=6159 d_raster_us=0 d_observe_us=68277 max_observe_us=7801 d_paints=0 d_skips=50 d_ticks=2 window_ms=1494
[script livept2pjs_0] crafting 27 essence at the altar
[script livept2pjs_0] interact Loc { x: 2657, z: 4840, level: 0, action: "Craft-rune", id: Some(2481) }
[host] slot livept2pjs_0: d_loop_us=929 d_raster_us=0 d_observe_us=65880 max_observe_us=8375 d_paints=0 d_skips=50 d_ticks=2 window_ms=1202
[host] slot livept2pjs_0: d_loop_us=752 d_raster_us=0 d_observe_us=65196 max_observe_us=12721 d_paints=0 d_skips=50 d_ticks=2 window_ms=1199
[host] slot livept2pjs_0: d_loop_us=1007 d_raster_us=0 d_observe_us=64658 max_observe_us=15061 d_paints=0 d_skips=50 d_ticks=2 window_ms=1206
[script livept2pjs_0] crafted 27 Earth runes
[script livept2pjs_0] taking the portal back to the ruins
[script livept2pjs_0] interact Loc { x: 2655, z: 4829, level: 0, action: "Use", id: Some(2468) }
PASS: catalog_boundary_live: {"scenario":"rune_crafter_earth","runner":"Some(Evidence { scenario: \"rune_crafter_earth\", outcome: \"PASS\", predicate: \"has_item_id(557)>=1\", ticks: 269, elapsed_ms: 146701, message: None, tile: Some([2658, 4839, 0]), inv: [InvRow { id: 1440, name: Some(\"Earth talisman\"), count: 1 }, InvRow { id: 557, name: Some(\"Earth rune\"), count: 27 }], stat: Some(StatRow { runenergy: 13 }), chat: [ChatRow { text: \"You bind the temple's power into Earth Runes.\", username: None }, ChatRow { text: \"You feel a powerful force take hold of you...\", username: None }, ChatRow { text: \"You hold the Earth Talisman towards the mysterious ruins.\", username: None }, ChatRow { text: \"You don't have enough inventory space to withdraw that many.\", username: None }, ChatRow { text: \"You step through the portal...\", username: None }, ChatRow { text: \"You bind the temple's power into Earth Runes.\", username: None }, ChatRow { text: \"You feel a powerful force take hold of you...\", username: None }, ChatRow { text: \"You hold the Earth Talisman towards the mysterious ruins.\", username: None }, ChatRow { text: \"You don't have enough inventory space to withdraw that many.\", username: None }, ChatRow { text: \"Inventory wiped.\", username: None }, ChatRow { text: \"set tutorial: to 1000\", username: None }, ChatRow { text: \"Welcome to RuneScape.\", username: None }], scene: 2 })","core":{"case":"rune_crafter_earth","baseline":{"ingame":true,"scene_state":2,"player":"Livept2pjs 0","tile":[3252,3420,0],"tick":32,"items":{},"item_ids":{},"bank":{},"bank_ids":{},"bank_open":false,"bank_loaded":false,"bank_generation":2,"levels":{"-unused-":0,"agility":1,"attack":1,"cooking":1,"crafting":1,"defence":1,"firemaking":1,"fishing":1,"fletching":1,"herblore":1,"hitpoints":10,"magic":1,"mining":1,"prayer":1,"ranged":1,"runecraft":9,"slayer":1,"smithing":1,"strength":1,"thieving":1,"woodcutting":1},"xp":{"-unused-":0,"agility":0,"attack":0,"cooking":0,"crafting":0,"defence":0,"firemaking":0,"fishing":0,"fletching":0,"herblore":0,"hitpoints":1154,"magic":0,"mining":0,"prayer":0,"ranged":0,"runecraft":969,"slayer":0,"smithing":0,"strength":0,"thieving":0,"woodcutting":0},"chat":[[7,"Inventory wiped."],[6,"set tutorial: to 1000"],[5,"Welcome to RuneScape."]],"loc_facts":[],"equipment_ids":{},"main_modal":-1,"widget_ids":[3213,3214]},"latest":{"ingame":true,"scene_state":2,"player":"Livept2pjs 0","tile":[2658,4839,0],"tick":224,"items":{"Earth rune":27,"Earth talisman":1},"item_ids":{"557":27,"1440":1},"bank":{},"bank_ids":{},"bank_open":false,"bank_loaded":false,"bank_generation":6,"levels":{"-unused-":0,"agility":1,"attack":1,"cooking":1,"crafting":1,"defence":1,"firemaking":1,"fishing":1,"fletching":1,"herblore":1,"hitpoints":10,"magic":1,"mining":1,"prayer":1,"ranged":1,"runecraft":10,"slayer":1,"smithing":1,"strength":1,"thieving":1,"woodcutting":1},"xp":{"-unused-":0,"agility":0,"attack":0,"cooking":0,"crafting":0,"defence":0,"firemaking":0,"fishing":0,"fletching":0,"herblore":0,"hitpoints":1154,"magic":0,"mining":0,"prayer":0,"ranged":0,"runecraft":1320,"slayer":0,"smithing":0,"strength":0,"thieving":0,"woodcutting":0},"chat":[[16,"You bind the temple's power into Earth Runes."],[15,"You feel a powerful force take hold of you..."],[14,"You hold the Earth Talisman towards the mysterious ruins."],[13,"You don't have enough inventory space to withdraw that many."],[12,"You step through the portal..."],[11,"You bind the temple's power into Earth Runes."],[10,"You feel a powerful force take hold of you..."],[9,"You hold the Earth Talisman towards the mysterious ruins."],[8,"You don't have enough inventory space to withdraw that many."],[7,"Inventory wiped."],[6,"set tutorial: to 1000"],[5,"Welcome to RuneScape."]],"loc_facts":[],"equipment_ids":{},"main_modal":-1,"widget_ids":[3213,3214]},"max_items":{"Earth rune":27,"Earth talisman":1,"Rune essence":27},"max_xp":{"-unused-":0,"agility":0,"attack":0,"cooking":0,"crafting":0,"defence":0,"firemaking":0,"fishing":0,"fletching":0,"herblore":0,"hitpoints":1154,"magic":0,"mining":0,"prayer":0,"ranged":0,"runecraft":1320,"slayer":0,"smithing":0,"strength":0,"thieving":0,"woodcutting":0},"saw_bury_chat":false,"post_start_observations":4511,"bone_bank_cycle":{"first_batch_buried":false,"opened":null,"withdrawn":null,"buried_after_withdrawal":false},"bank_fletcher_cycle":{"first_pack_created":false,"deposited":null,"withdrawn":null,"crafted_after_withdrawal":false},"bank_fletcher_string_cycle":{"initial_pairs_strung":false,"deposited":null,"withdrawn":null,"strung_after_withdrawal":false},"bank_fletcher_cut_string_cycle":{"cut_pair_created":false,"deposited":null,"withdrawn":null,"string_pair_created":false},"alcher_generated_custom_cycle":{"withdrawn":null,"consumed":false},"dart_fletcher_cycle":{"first":null,"further":false,"wrong_tier":false},"herb_cleaner_cycle":{"first_pack":false,"deposited":null,"withdrawn":null,"cleaned_after_withdrawal":false,"filter_violated":false},"gem_cutter_cycle":{"first_pack":false,"deposited":null,"withdrawn":null,"cut_after_withdrawal":false,"filter_violated":false},"door_opener_cycle":{"selected":null,"opened":false},"gnome_course_cycle":{"log":null,"ground_return":null,"pipe":null,"second_lap":false},"flax_picker_cycle":{"first_pack":false,"deposited":null,"returned":false,"further":false},"superheater_cycle":{"first_bars":false,"deposited":null,"withdrawn":null,"produced_after_withdrawal":false,"wrong_product":false,"wrong_staff":false},"chicken_killer_bank_cycle":{"combat_loot":false,"deposited":null,"returned":false,"further":false},"vial_filler_cycle":{"filled":null,"deposited":null,"withdrawn":null,"returned":false,"further":false},"potion_maker_cycle":{"unfinished":null,"finished":null,"deposited":null,"withdrawn":null,"further":false,"wrong_product":false,"filter_violated":false},"tanner_bot_cycle":{"widget":null,"tanned":null,"deposited":null,"withdrawn":null,"returned":false,"further":false,"wrong_product":false,"shop":false},"rune_crafter_cycle":{"withdrawn":{"ingame":true,"scene_state":2,"player":"Livept2pjs 0","tile":[3252,3420,0],"tick":43,"items":{"Earth talisman":1,"Rune essence":27},"item_ids":{"1436":27,"1440":1},"bank":{"Rune essence":173},"bank_ids":{"1436":173},"bank_open":true,"bank_loaded":true,"bank_generation":3,"levels":{"-unused-":0,"agility":1,"attack":1,"cooking":1,"crafting":1,"defence":1,"firemaking":1,"fishing":1,"fletching":1,"herblore":1,"hitpoints":10,"magic":1,"mining":1,"prayer":1,"ranged":1,"runecraft":9,"slayer":1,"smithing":1,"strength":1,"thieving":1,"woodcutting":1},"xp":{"-unused-":0,"agility":0,"attack":0,"cooking":0,"crafting":0,"defence":0,"firemaking":0,"fishing":0,"fletching":0,"herblore":0,"hitpoints":1154,"magic":0,"mining":0,"prayer":0,"ranged":0,"runecraft":969,"slayer":0,"smithing":0,"strength":0,"thieving":0,"woodcutting":0},"chat":[[8,"You don't have enough inventory space to withdraw that many."],[7,"Inventory wiped."],[6,"set tutorial: to 1000"],[5,"Welcome to RuneScape."]],"loc_facts":[],"equipment_ids":{},"main_modal":5292,"widget_ids":[2005,2006,5292,5293,5294,5295,5296,5297,5298,5299,5300,5301,5302,5303,5304,5305,5306,5307,5308,5309,5310,5311,5312,5313,5314,5315,5316,5317,5318,5319,5320,5321,5322,5323,5324,5325,5326,5327,5328,5329,5330,5331,5332,5333,5334,5335,5336,5337,5338,5339,5340,5341,5342,5343,5344,5345,5346,5347,5348,5349,5350,5351,5352,5353,5354,5355,5356,5357,5358,5359,5360,5361,5362,5363,5364,5365,5366,5367,5368,5369,5370,5371,5372,5373,5374,5375,5376,5377,5378,5379,5380,5381,5382,5383,5384,5385,5386,5387,5388,5389,5390,5391,8130,8131,8132,8133]},"entered":{"ingame":true,"scene_state":2,"player":"Livept2pjs 0","tile":[2657,4830,0],"tick":91,"items":{"Earth talisman":1,"Rune essence":27},"item_ids":{"1436":27,"1440":1},"bank":{},"bank_ids":{},"bank_open":false,"bank_loaded":false,"bank_generation":4,"levels":{"-unused-":0,"agility":1,"attack":1,"cooking":1,"crafting":1,"defence":1,"firemaking":1,"fishing":1,"fletching":1,"herblore":1,"hitpoints":10,"magic":1,"mining":1,"prayer":1,"ranged":1,"runecraft":9,"slayer":1,"smithing":1,"strength":1,"thieving":1,"woodcutting":1},"xp":{"-unused-":0,"agility":0,"attack":0,"cooking":0,"crafting":0,"defence":0,"firemaking":0,"fishing":0,"fletching":0,"herblore":0,"hitpoints":1154,"magic":0,"mining":0,"prayer":0,"ranged":0,"runecraft":969,"slayer":0,"smithing":0,"strength":0,"thieving":0,"woodcutting":0},"chat":[[10,"You feel a powerful force take hold of you..."],[9,"You hold the Earth Talisman towards the mysterious ruins."],[8,"You don't have enough inventory space to withdraw that many."],[7,"Inventory wiped."],[6,"set tutorial: to 1000"],[5,"Welcome to RuneScape."]],"loc_facts":[],"equipment_ids":{},"main_modal":-1,"widget_ids":[3213,3214]},"crafted":{"ingame":true,"scene_state":2,"player":"Livept2pjs 0","tile":[2658,4839,0],"tick":99,"items":{"Earth rune":27,"Earth talisman":1},"item_ids":{"557":27,"1440":1},"bank":{},"bank_ids":{},"bank_open":false,"bank_loaded":false,"bank_generation":4,"levels":{"-unused-":0,"agility":1,"attack":1,"cooking":1,"crafting":1,"defence":1,"firemaking":1,"fishing":1,"fletching":1,"herblore":1,"hitpoints":10,"magic":1,"mining":1,"prayer":1,"ranged":1,"runecraft":9,"slayer":1,"smithing":1,"strength":1,"thieving":1,"woodcutting":1},"xp":{"-unused-":0,"agility":0,"attack":0,"cooking":0,"crafting":0,"defence":0,"firemaking":0,"fishing":0,"fletching":0,"herblore":0,"hitpoints":1154,"magic":0,"mining":0,"prayer":0,"ranged":0,"runecraft":1144,"slayer":0,"smithing":0,"strength":0,"thieving":0,"woodcutting":0},"chat":[[11,"You bind the temple's power into Earth Runes."],[10,"You feel a powerful force take hold of you..."],[9,"You hold the Earth Talisman towards the mysterious ruins."],[8,"You don't have enough inventory space to withdraw that many."],[7,"Inventory wiped."],[6,"set tutorial: to 1000"],[5,"Welcome to RuneScape."]],"loc_facts":[],"equipment_ids":{},"main_modal":-1,"widget_ids":[3213,3214]},"exited":{"ingame":true,"scene_state":2,"player":"Livept2pjs 0","tile":[3303,3477,0],"tick":109,"items":{"Earth rune":27,"Earth talisman":1},"item_ids":{"557":27,"1440":1},"bank":{},"bank_ids":{},"bank_open":false,"bank_loaded":false,"bank_generation":4,"levels":{"-unused-":0,"agility":1,"attack":1,"cooking":1,"crafting":1,"defence":1,"firemaking":1,"fishing":1,"fletching":1,"herblore":1,"hitpoints":10,"magic":1,"mining":1,"prayer":1,"ranged":1,"runecraft":9,"slayer":1,"smithing":1,"strength":1,"thieving":1,"woodcutting":1},"xp":{"-unused-":0,"agility":0,"attack":0,"cooking":0,"crafting":0,"defence":0,"firemaking":0,"fishing":0,"fletching":0,"herblore":0,"hitpoints":1154,"magic":0,"mining":0,"prayer":0,"ranged":0,"runecraft":1144,"slayer":0,"smithing":0,"strength":0,"thieving":0,"woodcutting":0},"chat":[[12,"You step through the portal..."],[11,"You bind the temple's power into Earth Runes."],[10,"You feel a powerful force take hold of you..."],[9,"You hold the Earth Talisman towards the mysterious ruins."],[8,"You don't have enough inventory space to withdraw that many."],[7,"Inventory wiped."],[6,"set tutorial: to 1000"],[5,"Welcome to RuneScape."]],"loc_facts":[],"equipment_ids":{},"main_modal":-1,"widget_ids":[3213,3214]},"deposited":{"ingame":true,"scene_state":2,"player":"Livept2pjs 0","tile":[3252,3420,0],"tick":167,"items":{"Earth talisman":1},"item_ids":{"1440":1},"bank":{"Earth rune":27,"Rune essence":173},"bank_ids":{"557":27,"1436":173},"bank_open":true,"bank_loaded":true,"bank_generation":5,"levels":{"-unused-":0,"agility":1,"attack":1,"cooking":1,"crafting":1,"defence":1,"firemaking":1,"fishing":1,"fletching":1,"herblore":1,"hitpoints":10,"magic":1,"mining":1,"prayer":1,"ranged":1,"runecraft":9,"slayer":1,"smithing":1,"strength":1,"thieving":1,"woodcutting":1},"xp":{"-unused-":0,"agility":0,"attack":0,"cooking":0,"crafting":0,"defence":0,"firemaking":0,"fishing":0,"fletching":0,"herblore":0,"hitpoints":1154,"magic":0,"mining":0,"prayer":0,"ranged":0,"runecraft":1144,"slayer":0,"smithing":0,"strength":0,"thieving":0,"woodcutting":0},"chat":[[12,"You step through the portal..."],[11,"You bind the temple's power into Earth Runes."],[10,"You feel a powerful force take hold of you..."],[9,"You hold the Earth Talisman towards the mysterious ruins."],[8,"You don't have enough inventory space to withdraw that many."],[7,"Inventory wiped."],[6,"set tutorial: to 1000"],[5,"Welcome to RuneScape."]],"loc_facts":[],"equipment_ids":{},"main_modal":5292,"widget_ids":[2005,2006,5292,5293,5294,5295,5296,5297,5298,5299,5300,5301,5302,5303,5304,5305,5306,5307,5308,5309,5310,5311,5312,5313,5314,5315,5316,5317,5318,5319,5320,5321,5322,5323,5324,5325,5326,5327,5328,5329,5330,5331,5332,5333,5334,5335,5336,5337,5338,5339,5340,5341,5342,5343,5344,5345,5346,5347,5348,5349,5350,5351,5352,5353,5354,5355,5356,5357,5358,5359,5360,5361,5362,5363,5364,5365,5366,5367,5368,5369,5370,5371,5372,5373,5374,5375,5376,5377,5378,5379,5380,5381,5382,5383,5384,5385,5386,5387,5388,5389,5390,5391,8130,8131,8132,8133]},"restocked":{"ingame":true,"scene_state":2,"player":"Livept2pjs 0","tile":[3252,3420,0],"tick":169,"items":{"Earth talisman":1,"Rune essence":27},"item_ids":{"1436":27,"1440":1},"bank":{"Earth rune":27,"Rune essence":146},"bank_ids":{"557":27,"1436":146},"bank_open":true,"bank_loaded":true,"bank_generation":5,"levels":{"-unused-":0,"agility":1,"attack":1,"cooking":1,"crafting":1,"defence":1,"firemaking":1,"fishing":1,"fletching":1,"herblore":1,"hitpoints":10,"magic":1,"mining":1,"prayer":1,"ranged":1,"runecraft":9,"slayer":1,"smithing":1,"strength":1,"thieving":1,"woodcutting":1},"xp":{"-unused-":0,"agility":0,"attack":0,"cooking":0,"crafting":0,"defence":0,"firemaking":0,"fishing":0,"fletching":0,"herblore":0,"hitpoints":1154,"magic":0,"mining":0,"prayer":0,"ranged":0,"runecraft":1144,"slayer":0,"smithing":0,"strength":0,"thieving":0,"woodcutting":0},"chat":[[13,"You don't have enough inventory space to withdraw that many."],[12,"You step through the portal..."],[11,"You bind the temple's power into Earth Runes."],[10,"You feel a powerful force take hold of you..."],[9,"You hold the Earth Talisman towards the mysterious ruins."],[8,"You don't have enough inventory space to withdraw that many."],[7,"Inventory wiped."],[6,"set tutorial: to 1000"],[5,"Welcome to RuneScape."]],"loc_facts":[],"equipment_ids":{},"main_modal":5292,"widget_ids":[2005,2006,5292,5293,5294,5295,5296,5297,5298,5299,5300,5301,5302,5303,5304,5305,5306,5307,5308,5309,5310,5311,5312,5313,5314,5315,5316,5317,5318,5319,5320,5321,5322,5323,5324,5325,5326,5327,5328,5329,5330,5331,5332,5333,5334,5335,5336,5337,5338,5339,5340,5341,5342,5343,5344,5345,5346,5347,5348,5349,5350,5351,5352,5353,5354,5355,5356,5357,5358,5359,5360,5361,5362,5363,5364,5365,5366,5367,5368,5369,5370,5371,5372,5373,5374,5375,5376,5377,5378,5379,5380,5381,5382,5383,5384,5385,5386,5387,5388,5389,5390,5391,8130,8131,8132,8133]},"returned":true,"further":true,"wrong_product":false,"noted":false},"ardy_cakes_cycle":{"stolen":null,"deposited":null,"returned":false,"further":false,"wrong_product":false,"noted":false},"ardy_thiever_cycle":{"pickpocketed":null,"deposited":null,"returned":false,"further":false},"ordered_first_exhausted":false}}
test catalog_boundary_live ... ok

test result: ok. 1 passed; 0 failed; 0 ignored; 0 measured; 28 filtered out; finished in 149.85s

