
running 1 test
{"phase":"identity","revision":289,"profile":"local-289 · 127.0.0.1:44594 · revision 289","cache_id":"c4d8ab36bcfd2a7907535b4f619e28623b0a22e98d496fd2a9620d544c5b5b09","nav_pack":"/Users/acfrazier/experiments/274bot/.worktrees/rs2b0t-multirevision/.superpowers/world-capabilities/289/274bot.navpack","nav_sha256":"131db92e32eddcb08148909d477589544320fe7e34a422e8004e97e888032924","catalog_commit":"100adccc037d9f6898080e1cad58fcfc43364775","catalog_identity":"pre-289 frozen catalog","catalog_read_only_path":".superpowers/inputs/rs2b0t-100adccc037d9f6898080e1cad58fcfc43364775","catalog_root":"/Users/acfrazier/experiments/274bot/.worktrees/rs2b0t-multirevision/.superpowers/inputs/rs2b0t-100adccc037d9f6898080e1cad58fcfc43364775","registry_path":"/Users/acfrazier/experiments/274bot/.worktrees/rs2b0t-multirevision/.superpowers/inputs/rs2b0t-100adccc037d9f6898080e1cad58fcfc43364775/src/bot/scripts/index.ts","registry_sha256":"b614aedb3d5adfdfbac3760f082273f3cf5c33fffe4ced0f2b01490ae02d1bc2","card":{"card":"GnomeCourse","source_path":"/Users/acfrazier/experiments/274bot/.worktrees/rs2b0t-multirevision/.superpowers/inputs/rs2b0t-100adccc037d9f6898080e1cad58fcfc43364775/src/bot/scripts/AgilityBot/AgilityBot.ts","source_sha256":"dee7c8885685724b0453097a0cf6a66d36a4d081e24157f29d35c742c518028f","compiled_sha256":"362ade4092203b516513739a42132b75695f8f8b336f63bae601a7ce64660c24","siblings":[],"settings":{"obstacles":"Log balance,Obstacle net,Tree branch,Balancing rope,Tree branch,Obstacle net,Obstacle pipe","searchRadius":20.0}},"account":"livexdsvfa_0","engine_speed_ms":null}
[host-play] slot livexdsvfa_0: thread up
274bot: snapshot load skipped: read /Users/acfrazier/.274bot/unpack-289/37214163f1e6ceca/models.bin: No such file or directory (os error 2)
[host-play] slot livexdsvfa_0: handshake begin reconnect=false
[host-play] slot livexdsvfa_0: handshake ok
[host] slot livexdsvfa_0: d_loop_us=2212 d_raster_us=0 d_observe_us=25150 max_observe_us=1830 d_paints=0 d_skips=50 d_ticks=1 window_ms=0
[host-play] slot livexdsvfa_0: queued mainland tele+setvar (scene 2)
[host-play] slot livexdsvfa_0: handshake begin reconnect=true
[host-play] slot livexdsvfa_0: handshake ok
[host] slot livexdsvfa_0: d_loop_us=905 d_raster_us=0 d_observe_us=32727 max_observe_us=2144 d_paints=0 d_skips=50 d_ticks=1 window_ms=0
[host-play] slot livexdsvfa_0: queued mainland tele+setvar (scene 2)
{"phase":"baseline-after-preparation","scenario":"gnome_course","account":"livexdsvfa_0","observation":{"ingame":true,"scene_state":2,"player":"Livexdsvfa 0","tile":[2474,3436,0],"tick":15,"items":{},"item_ids":{},"bank":{},"bank_ids":{},"bank_open":false,"bank_loaded":false,"bank_generation":0,"levels":{"-unused-":0,"agility":1,"attack":1,"cooking":1,"crafting":1,"defence":1,"firemaking":1,"fishing":1,"fletching":1,"herblore":1,"hitpoints":10,"magic":1,"mining":1,"prayer":1,"ranged":1,"runecraft":1,"slayer":1,"smithing":1,"strength":1,"thieving":1,"woodcutting":1},"xp":{"-unused-":0,"agility":0,"attack":0,"cooking":0,"crafting":0,"defence":0,"firemaking":0,"fishing":0,"fletching":0,"herblore":0,"hitpoints":1154,"magic":0,"mining":0,"prayer":0,"ranged":0,"runecraft":0,"slayer":0,"smithing":0,"strength":0,"thieving":0,"woodcutting":0},"chat":[[6,"set tutorial: to 1000"],[5,"Welcome to RuneScape."]],"loc_facts":[],"equipment_ids":{}}}
[script livexdsvfa_0] start load
{"phase":"start","account":"livexdsvfa_0","count":1}
[host] hitch livexdsvfa_0: observe_us=85267 paints=0 skips=85 ticks=15
[script livexdsvfa_0] running agility course: [log balance -> obstacle net -> tree branch -> balancing rope -> tree branch -> obstacle net -> obstacle pipe] within 20 tiles
[script livexdsvfa_0] interact Loc { x: 2474, z: 3435, level: 0, action: "Walk-across" }
[host] slot livexdsvfa_0: d_loop_us=19742 d_raster_us=0 d_observe_us=161384 max_observe_us=85267 d_paints=0 d_skips=50 d_ticks=15 window_ms=9345
[host] slot livexdsvfa_0: d_loop_us=1100 d_raster_us=0 d_observe_us=55636 max_observe_us=12819 d_paints=0 d_skips=50 d_ticks=2 window_ms=1191
[host] slot livexdsvfa_0: d_loop_us=1221 d_raster_us=0 d_observe_us=52681 max_observe_us=10132 d_paints=0 d_skips=50 d_ticks=2 window_ms=1190
[host] slot livexdsvfa_0: d_loop_us=1172 d_raster_us=0 d_observe_us=62305 max_observe_us=13556 d_paints=0 d_skips=50 d_ticks=2 window_ms=1184
[host] slot livexdsvfa_0: d_loop_us=1090 d_raster_us=0 d_observe_us=54387 max_observe_us=13105 d_paints=0 d_skips=50 d_ticks=2 window_ms=1190
[host] slot livexdsvfa_0: d_loop_us=1082 d_raster_us=0 d_observe_us=49656 max_observe_us=8862 d_paints=0 d_skips=50 d_ticks=2 window_ms=1175
[script livexdsvfa_0] interact Loc { x: 2471, z: 3425, level: 0, action: "Climb-over" }
[host] slot livexdsvfa_0: d_loop_us=1003 d_raster_us=0 d_observe_us=52679 max_observe_us=11416 d_paints=0 d_skips=50 d_ticks=2 window_ms=1199
[host] slot livexdsvfa_0: d_loop_us=1072 d_raster_us=0 d_observe_us=57359 max_observe_us=13471 d_paints=0 d_skips=50 d_ticks=2 window_ms=1165
[host] slot livexdsvfa_0: d_loop_us=4675 d_raster_us=0 d_observe_us=63376 max_observe_us=10246 d_paints=0 d_skips=50 d_ticks=2 window_ms=1186
[host] slot livexdsvfa_0: d_loop_us=843 d_raster_us=0 d_observe_us=37894 max_observe_us=5499 d_paints=0 d_skips=50 d_ticks=2 window_ms=1189
[script livexdsvfa_0] interact Loc { x: 2473, z: 3422, level: 1, action: "Climb" }
[host] slot livexdsvfa_0: d_loop_us=837 d_raster_us=0 d_observe_us=40790 max_observe_us=9580 d_paints=0 d_skips=50 d_ticks=2 window_ms=1197
[host] slot livexdsvfa_0: d_loop_us=892 d_raster_us=0 d_observe_us=34324 max_observe_us=5447 d_paints=0 d_skips=50 d_ticks=2 window_ms=1185
[host] slot livexdsvfa_0: d_loop_us=3589 d_raster_us=0 d_observe_us=47515 max_observe_us=7908 d_paints=0 d_skips=50 d_ticks=2 window_ms=1190
[script livexdsvfa_0] interact Loc { x: 2478, z: 3420, level: 2, action: "Walk-on" }
[host] slot livexdsvfa_0: d_loop_us=734 d_raster_us=0 d_observe_us=32891 max_observe_us=5870 d_paints=0 d_skips=50 d_ticks=2 window_ms=1179
[host] slot livexdsvfa_0: d_loop_us=770 d_raster_us=0 d_observe_us=37977 max_observe_us=7102 d_paints=0 d_skips=50 d_ticks=2 window_ms=1179
[host] slot livexdsvfa_0: d_loop_us=803 d_raster_us=0 d_observe_us=38836 max_observe_us=6796 d_paints=0 d_skips=50 d_ticks=2 window_ms=1183
[host] slot livexdsvfa_0: d_loop_us=914 d_raster_us=0 d_observe_us=42925 max_observe_us=7442 d_paints=0 d_skips=50 d_ticks=2 window_ms=1166
[host] slot livexdsvfa_0: d_loop_us=740 d_raster_us=0 d_observe_us=38086 max_observe_us=6699 d_paints=0 d_skips=50 d_ticks=2 window_ms=1180
[host] slot livexdsvfa_0: d_loop_us=873 d_raster_us=0 d_observe_us=40296 max_observe_us=7336 d_paints=0 d_skips=50 d_ticks=2 window_ms=1164
[host] slot livexdsvfa_0: d_loop_us=698 d_raster_us=0 d_observe_us=36427 max_observe_us=4898 d_paints=0 d_skips=50 d_ticks=2 window_ms=1180
[script livexdsvfa_0] interact Loc { x: 2486, z: 3419, level: 2, action: "Climb-down" }
[host] slot livexdsvfa_0: d_loop_us=793 d_raster_us=0 d_observe_us=31730 max_observe_us=5060 d_paints=0 d_skips=50 d_ticks=2 window_ms=1205
[host] slot livexdsvfa_0: d_loop_us=740 d_raster_us=0 d_observe_us=38461 max_observe_us=5886 d_paints=0 d_skips=50 d_ticks=2 window_ms=1162
[host] slot livexdsvfa_0: d_loop_us=6098 d_raster_us=0 d_observe_us=65129 max_observe_us=15099 d_paints=0 d_skips=50 d_ticks=2 window_ms=1166
[host] slot livexdsvfa_0: d_loop_us=858 d_raster_us=0 d_observe_us=47598 max_observe_us=8353 d_paints=0 d_skips=50 d_ticks=1 window_ms=1185
[script livexdsvfa_0] interact Loc { x: 2483, z: 3426, level: 0, action: "Climb-over" }
[host] slot livexdsvfa_0: d_loop_us=896 d_raster_us=0 d_observe_us=54553 max_observe_us=11817 d_paints=0 d_skips=50 d_ticks=2 window_ms=1178
[host] slot livexdsvfa_0: d_loop_us=868 d_raster_us=0 d_observe_us=57251 max_observe_us=12864 d_paints=0 d_skips=50 d_ticks=2 window_ms=1191
[host] slot livexdsvfa_0: d_loop_us=913 d_raster_us=0 d_observe_us=50541 max_observe_us=9873 d_paints=0 d_skips=50 d_ticks=2 window_ms=1185
[host] slot livexdsvfa_0: d_loop_us=864 d_raster_us=0 d_observe_us=56954 max_observe_us=13759 d_paints=0 d_skips=50 d_ticks=2 window_ms=1189
[script livexdsvfa_0] interact Loc { x: 2484, z: 3431, level: 0, action: "Squeeze-through" }
[host] slot livexdsvfa_0: d_loop_us=896 d_raster_us=0 d_observe_us=54604 max_observe_us=12017 d_paints=0 d_skips=50 d_ticks=2 window_ms=1183
test catalog_boundary_live has been running for over 60 seconds
[host] slot livexdsvfa_0: d_loop_us=877 d_raster_us=0 d_observe_us=55515 max_observe_us=13553 d_paints=0 d_skips=50 d_ticks=2 window_ms=1192
[host] slot livexdsvfa_0: d_loop_us=1008 d_raster_us=0 d_observe_us=55069 max_observe_us=11889 d_paints=0 d_skips=50 d_ticks=2 window_ms=1191
[host] slot livexdsvfa_0: d_loop_us=938 d_raster_us=0 d_observe_us=50255 max_observe_us=11209 d_paints=0 d_skips=50 d_ticks=2 window_ms=1191
[host] slot livexdsvfa_0: d_loop_us=857 d_raster_us=0 d_observe_us=46217 max_observe_us=6308 d_paints=0 d_skips=50 d_ticks=2 window_ms=1183
[host] slot livexdsvfa_0: d_loop_us=946 d_raster_us=0 d_observe_us=51729 max_observe_us=9738 d_paints=0 d_skips=50 d_ticks=2 window_ms=1181
[host] slot livexdsvfa_0: d_loop_us=1008 d_raster_us=0 d_observe_us=57595 max_observe_us=14458 d_paints=0 d_skips=50 d_ticks=2 window_ms=1201
[host] slot livexdsvfa_0: d_loop_us=981 d_raster_us=0 d_observe_us=54871 max_observe_us=10720 d_paints=0 d_skips=50 d_ticks=2 window_ms=1186
[host] slot livexdsvfa_0: d_loop_us=1049 d_raster_us=0 d_observe_us=67251 max_observe_us=12937 d_paints=0 d_skips=50 d_ticks=2 window_ms=1143
[script livexdsvfa_0] lap 1 complete
[script livexdsvfa_0] interact ContinueDialog
[host] slot livexdsvfa_0: d_loop_us=923 d_raster_us=0 d_observe_us=53663 max_observe_us=10095 d_paints=0 d_skips=50 d_ticks=2 window_ms=1155
[script livexdsvfa_0] interact Loc { x: 2474, z: 3435, level: 0, action: "Walk-across" }
[host] slot livexdsvfa_0: d_loop_us=926 d_raster_us=0 d_observe_us=56650 max_observe_us=12908 d_paints=0 d_skips=50 d_ticks=2 window_ms=1183
[host] slot livexdsvfa_0: d_loop_us=987 d_raster_us=0 d_observe_us=59766 max_observe_us=13246 d_paints=0 d_skips=50 d_ticks=2 window_ms=1187
[host] slot livexdsvfa_0: d_loop_us=984 d_raster_us=0 d_observe_us=64412 max_observe_us=14281 d_paints=0 d_skips=50 d_ticks=2 window_ms=1183
[host] slot livexdsvfa_0: d_loop_us=1078 d_raster_us=0 d_observe_us=54790 max_observe_us=13182 d_paints=0 d_skips=50 d_ticks=2 window_ms=1171
[host] slot livexdsvfa_0: d_loop_us=1139 d_raster_us=0 d_observe_us=54761 max_observe_us=12121 d_paints=0 d_skips=50 d_ticks=2 window_ms=1161
[host] slot livexdsvfa_0: d_loop_us=1108 d_raster_us=0 d_observe_us=52725 max_observe_us=9682 d_paints=0 d_skips=50 d_ticks=2 window_ms=1184
[host] slot livexdsvfa_0: d_loop_us=963 d_raster_us=0 d_observe_us=52097 max_observe_us=11108 d_paints=0 d_skips=50 d_ticks=2 window_ms=1181
PASS: catalog_boundary_live: {"scenario":"gnome_course","runner":"Some(Evidence { scenario: \"gnome_course\", outcome: \"PASS\", predicate: \"stat_xp_gain(16)>=94\", ticks: 157, elapsed_ms: 75915, message: None, tile: Some([2474, 3429, 0]), inv: [], stat: Some(StatRow { runenergy: 94 }), chat: [ChatRow { text: \"...You make it safely to the other side.\", username: None }, ChatRow { text: \"You walk carefully across the slippery log...\", username: None }, ChatRow { text: \"Congratulations, you just advanced an agility level.\", username: None }, ChatRow { text: \"You climb the netting...\", username: None }, ChatRow { text: \"You land on the ground.\", username: None }, ChatRow { text: \"You climb down the tree...\", username: None }, ChatRow { text: \"You carefully cross the tightrope.\", username: None }, ChatRow { text: \"...To the platform above.\", username: None }, ChatRow { text: \"You climb the tree..\", username: None }, ChatRow { text: \"You climb the netting...\", username: None }, ChatRow { text: \"...You make it safely to the other side.\", username: None }, ChatRow { text: \"You walk carefully across the slippery log...\", username: None }, ChatRow { text: \"set tutorial: to 1000\", username: None }, ChatRow { text: \"Welcome to RuneScape.\", username: None }], scene: 2 })","core":{"case":"gnome_course","baseline":{"ingame":true,"scene_state":2,"player":"Livexdsvfa 0","tile":[2474,3436,0],"tick":15,"items":{},"item_ids":{},"bank":{},"bank_ids":{},"bank_open":false,"bank_loaded":false,"bank_generation":0,"levels":{"-unused-":0,"agility":1,"attack":1,"cooking":1,"crafting":1,"defence":1,"firemaking":1,"fishing":1,"fletching":1,"herblore":1,"hitpoints":10,"magic":1,"mining":1,"prayer":1,"ranged":1,"runecraft":1,"slayer":1,"smithing":1,"strength":1,"thieving":1,"woodcutting":1},"xp":{"-unused-":0,"agility":0,"attack":0,"cooking":0,"crafting":0,"defence":0,"firemaking":0,"fishing":0,"fletching":0,"herblore":0,"hitpoints":1154,"magic":0,"mining":0,"prayer":0,"ranged":0,"runecraft":0,"slayer":0,"smithing":0,"strength":0,"thieving":0,"woodcutting":0},"chat":[[6,"set tutorial: to 1000"],[5,"Welcome to RuneScape."]],"loc_facts":[],"equipment_ids":{}},"latest":{"ingame":true,"scene_state":2,"player":"Livexdsvfa 0","tile":[2474,3429,0],"tick":105,"items":{},"item_ids":{},"bank":{},"bank_ids":{},"bank_open":false,"bank_loaded":false,"bank_generation":0,"levels":{"-unused-":0,"agility":2,"attack":1,"cooking":1,"crafting":1,"defence":1,"firemaking":1,"fishing":1,"fletching":1,"herblore":1,"hitpoints":10,"magic":1,"mining":1,"prayer":1,"ranged":1,"runecraft":1,"slayer":1,"smithing":1,"strength":1,"thieving":1,"woodcutting":1},"xp":{"-unused-":0,"agility":94,"attack":0,"cooking":0,"crafting":0,"defence":0,"firemaking":0,"fishing":0,"fletching":0,"herblore":0,"hitpoints":1154,"magic":0,"mining":0,"prayer":0,"ranged":0,"runecraft":0,"slayer":0,"smithing":0,"strength":0,"thieving":0,"woodcutting":0},"chat":[[18,"...You make it safely to the other side."],[17,"You walk carefully across the slippery log..."],[16,"Congratulations, you just advanced an agility level."],[15,"You climb the netting..."],[14,"You land on the ground."],[13,"You climb down the tree..."],[12,"You carefully cross the tightrope."],[11,"...To the platform above."],[10,"You climb the tree.."],[9,"You climb the netting..."],[8,"...You make it safely to the other side."],[7,"You walk carefully across the slippery log..."],[6,"set tutorial: to 1000"],[5,"Welcome to RuneScape."]],"loc_facts":[],"equipment_ids":{}},"max_items":{},"max_xp":{"-unused-":0,"agility":94,"attack":0,"cooking":0,"crafting":0,"defence":0,"firemaking":0,"fishing":0,"fletching":0,"herblore":0,"hitpoints":1154,"magic":0,"mining":0,"prayer":0,"ranged":0,"runecraft":0,"slayer":0,"smithing":0,"strength":0,"thieving":0,"woodcutting":0},"saw_bury_chat":false,"post_start_observations":2258,"bone_bank_cycle":{"first_batch_buried":false,"opened":null,"withdrawn":null,"buried_after_withdrawal":false},"bank_fletcher_cycle":{"first_pack_created":false,"deposited":null,"withdrawn":null,"crafted_after_withdrawal":false},"bank_fletcher_string_cycle":{"initial_pairs_strung":false,"deposited":null,"withdrawn":null,"strung_after_withdrawal":false},"bank_fletcher_cut_string_cycle":{"cut_pair_created":false,"deposited":null,"withdrawn":null,"string_pair_created":false},"alcher_generated_custom_cycle":{"withdrawn":null,"consumed":false},"dart_fletcher_cycle":{"first":null,"further":false,"wrong_tier":false},"herb_cleaner_cycle":{"first_pack":false,"deposited":null,"withdrawn":null,"cleaned_after_withdrawal":false,"filter_violated":false},"gem_cutter_cycle":{"first_pack":false,"deposited":null,"withdrawn":null,"cut_after_withdrawal":false,"filter_violated":false},"door_opener_cycle":{"selected":null,"opened":false},"gnome_course_cycle":{"log":{"ingame":true,"scene_state":2,"player":"Livexdsvfa 0","tile":[2474,3429,0],"tick":24,"items":{},"item_ids":{},"bank":{},"bank_ids":{},"bank_open":false,"bank_loaded":false,"bank_generation":0,"levels":{"-unused-":0,"agility":1,"attack":1,"cooking":1,"crafting":1,"defence":1,"firemaking":1,"fishing":1,"fletching":1,"herblore":1,"hitpoints":10,"magic":1,"mining":1,"prayer":1,"ranged":1,"runecraft":1,"slayer":1,"smithing":1,"strength":1,"thieving":1,"woodcutting":1},"xp":{"-unused-":0,"agility":7,"attack":0,"cooking":0,"crafting":0,"defence":0,"firemaking":0,"fishing":0,"fletching":0,"herblore":0,"hitpoints":1154,"magic":0,"mining":0,"prayer":0,"ranged":0,"runecraft":0,"slayer":0,"smithing":0,"strength":0,"thieving":0,"woodcutting":0},"chat":[[8,"...You make it safely to the other side."],[7,"You walk carefully across the slippery log..."],[6,"set tutorial: to 1000"],[5,"Welcome to RuneScape."]],"loc_facts":[],"equipment_ids":{}},"ground_return":{"ingame":true,"scene_state":2,"player":"Livexdsvfa 0","tile":[2487,3420,0],"tick":59,"items":{},"item_ids":{},"bank":{},"bank_ids":{},"bank_open":false,"bank_loaded":false,"bank_generation":0,"levels":{"-unused-":0,"agility":1,"attack":1,"cooking":1,"crafting":1,"defence":1,"firemaking":1,"fishing":1,"fletching":1,"herblore":1,"hitpoints":10,"magic":1,"mining":1,"prayer":1,"ranged":1,"runecraft":1,"slayer":1,"smithing":1,"strength":1,"thieving":1,"woodcutting":1},"xp":{"-unused-":0,"agility":27,"attack":0,"cooking":0,"crafting":0,"defence":0,"firemaking":0,"fishing":0,"fletching":0,"herblore":0,"hitpoints":1154,"magic":0,"mining":0,"prayer":0,"ranged":0,"runecraft":0,"slayer":0,"smithing":0,"strength":0,"thieving":0,"woodcutting":0},"chat":[[14,"You land on the ground."],[13,"You climb down the tree..."],[12,"You carefully cross the tightrope."],[11,"...To the platform above."],[10,"You climb the tree.."],[9,"You climb the netting..."],[8,"...You make it safely to the other side."],[7,"You walk carefully across the slippery log..."],[6,"set tutorial: to 1000"],[5,"Welcome to RuneScape."]],"loc_facts":[],"equipment_ids":{}},"pipe":{"ingame":true,"scene_state":2,"player":"Livexdsvfa 0","tile":[2484,3425,0],"tick":65,"items":{},"item_ids":{},"bank":{},"bank_ids":{},"bank_open":false,"bank_loaded":false,"bank_generation":0,"levels":{"-unused-":0,"agility":1,"attack":1,"cooking":1,"crafting":1,"defence":1,"firemaking":1,"fishing":1,"fletching":1,"herblore":1,"hitpoints":10,"magic":1,"mining":1,"prayer":1,"ranged":1,"runecraft":1,"slayer":1,"smithing":1,"strength":1,"thieving":1,"woodcutting":1},"xp":{"-unused-":0,"agility":32,"attack":0,"cooking":0,"crafting":0,"defence":0,"firemaking":0,"fishing":0,"fletching":0,"herblore":0,"hitpoints":1154,"magic":0,"mining":0,"prayer":0,"ranged":0,"runecraft":0,"slayer":0,"smithing":0,"strength":0,"thieving":0,"woodcutting":0},"chat":[[14,"You land on the ground."],[13,"You climb down the tree..."],[12,"You carefully cross the tightrope."],[11,"...To the platform above."],[10,"You climb the tree.."],[9,"You climb the netting..."],[8,"...You make it safely to the other side."],[7,"You walk carefully across the slippery log..."],[6,"set tutorial: to 1000"],[5,"Welcome to RuneScape."]],"loc_facts":[],"equipment_ids":{}},"second_lap":true},"flax_picker_cycle":{"first_pack":false,"deposited":null,"returned":false,"further":false},"superheater_cycle":{"first_bars":false,"deposited":null,"withdrawn":null,"produced_after_withdrawal":false,"wrong_product":false,"wrong_staff":false},"chicken_killer_bank_cycle":{"combat_loot":false,"deposited":null,"returned":false,"further":false},"vial_filler_cycle":{"filled":null,"deposited":null,"withdrawn":null,"returned":false,"further":false},"potion_maker_cycle":{"unfinished":null,"finished":null,"deposited":null,"withdrawn":null,"further":false,"wrong_product":false,"filter_violated":false},"ordered_first_exhausted":false}}
test catalog_boundary_live ... ok

test result: ok. 1 passed; 0 failed; 0 ignored; 0 measured; 23 filtered out; finished in 79.11s

