
running 1 test
{"phase":"identity","revision":289,"profile":"local-289 · 127.0.0.1:44594 · revision 289","cache_id":"c4d8ab36bcfd2a7907535b4f619e28623b0a22e98d496fd2a9620d544c5b5b09","nav_pack":"/Users/acfrazier/experiments/274bot/.worktrees/rs2b0t-multirevision/.superpowers/world-capabilities/289/274bot.navpack","nav_sha256":"131db92e32eddcb08148909d477589544320fe7e34a422e8004e97e888032924","catalog_commit":"8e7d965be2071d6ec65c3265e12af797082d720a","catalog_identity":"289-updated frozen catalog","catalog_read_only_path":".superpowers/inputs/rs2b0t-8e7d965be2071d6ec65c3265e12af797082d720a","catalog_root":"/Users/acfrazier/experiments/274bot/.worktrees/rs2b0t-multirevision/.superpowers/inputs/rs2b0t-8e7d965be2071d6ec65c3265e12af797082d720a","registry_path":"/Users/acfrazier/experiments/274bot/.worktrees/rs2b0t-multirevision/.superpowers/inputs/rs2b0t-8e7d965be2071d6ec65c3265e12af797082d720a/src/bot/scripts/index.ts","registry_sha256":"b614aedb3d5adfdfbac3760f082273f3cf5c33fffe4ced0f2b01490ae02d1bc2","card":{"card":"RuneCrafter","source_path":"/Users/acfrazier/experiments/274bot/.worktrees/rs2b0t-multirevision/.superpowers/inputs/rs2b0t-8e7d965be2071d6ec65c3265e12af797082d720a/src/bot/scripts/RuneCrafter/RuneCrafter.ts","source_sha256":"a944049b42ee5adf882aaf119fb7b7f4604b63e2d07ff34e2db6dbf9e3954843","compiled_sha256":"58a0b8a615ed0d4c1b043c3d83c966316c208f03b327667a08e4ea89e68703d5","siblings":[],"settings":{"rune":"Air runes","mode":"Solo","partner":""}},"account":"livedibike_0","engine_speed_ms":null}
[host-play] slot livedibike_0: thread up
274bot: snapshot load skipped: read /Users/acfrazier/.274bot/unpack-289/37214163f1e6ceca/models.bin: No such file or directory (os error 2)
[host-play] slot livedibike_0: handshake begin reconnect=false
[host-play] slot livedibike_0: handshake ok
[host] slot livedibike_0: d_loop_us=3017 d_raster_us=0 d_observe_us=30625 max_observe_us=2534 d_paints=0 d_skips=50 d_ticks=1 window_ms=0
[host-play] slot livedibike_0: queued mainland tele+setvar (scene 2)
[host-play] slot livedibike_0: handshake begin reconnect=true
[host-play] slot livedibike_0: handshake ok
[host] slot livedibike_0: d_loop_us=3923 d_raster_us=0 d_observe_us=30947 max_observe_us=2238 d_paints=0 d_skips=50 d_ticks=1 window_ms=0
[host-play] slot livedibike_0: queued mainland tele+setvar (scene 2)
[host] slot livedibike_0: d_loop_us=16294 d_raster_us=0 d_observe_us=72886 max_observe_us=4793 d_paints=0 d_skips=50 d_ticks=24 window_ms=14341
{"phase":"baseline-after-preparation","scenario":"rune_crafter","account":"livedibike_0","observation":{"ingame":true,"scene_state":2,"player":"Livedibike 0","tile":[3012,3355,0],"tick":29,"items":{},"item_ids":{},"bank":{},"bank_ids":{},"bank_open":false,"bank_loaded":false,"bank_generation":2,"levels":{"-unused-":0,"agility":1,"attack":1,"cooking":1,"crafting":1,"defence":1,"firemaking":1,"fishing":1,"fletching":1,"herblore":1,"hitpoints":10,"magic":1,"mining":1,"prayer":1,"ranged":1,"runecraft":1,"slayer":1,"smithing":1,"strength":1,"thieving":1,"woodcutting":1},"xp":{"-unused-":0,"agility":0,"attack":0,"cooking":0,"crafting":0,"defence":0,"firemaking":0,"fishing":0,"fletching":0,"herblore":0,"hitpoints":1154,"magic":0,"mining":0,"prayer":0,"ranged":0,"runecraft":0,"slayer":0,"smithing":0,"strength":0,"thieving":0,"woodcutting":0},"chat":[[7,"Inventory wiped."],[6,"set tutorial: to 1000"],[5,"Welcome to RuneScape."]],"loc_facts":[],"equipment_ids":{},"main_modal":-1,"widget_ids":[3213,3214]}}
[script livedibike_0] start load
{"phase":"start","account":"livedibike_0","count":1}
[host] hitch livedibike_0: observe_us=92677 paints=0 skips=105 ticks=29
[script livedibike_0] RuneCrafter starting — Air runes, ruins (2988, 3294, 0), bank (3013, 3355, 0)
[script livedibike_0] heading to the bank
[script livedibike_0] interact OpenBooth { x: 3011, z: 3354, level: 0, id: 2213, name: Some("Bank booth"), action: Some("Use-quickly") }
[host] hitch livedibike_0: observe_us=20176 paints=0 skips=129 ticks=31
[host] slot livedibike_0: d_loop_us=1117 d_raster_us=0 d_observe_us=163499 max_observe_us=92677 d_paints=0 d_skips=50 d_ticks=6 window_ms=4116
[script livedibike_0] interact SetNoteMode { on: false }
[shim-note] on=false sent
[host] slot livedibike_0: d_loop_us=916 d_raster_us=0 d_observe_us=65010 max_observe_us=13882 d_paints=0 d_skips=50 d_ticks=2 window_ms=1196
[host] slot livedibike_0: d_loop_us=928 d_raster_us=0 d_observe_us=58916 max_observe_us=11243 d_paints=0 d_skips=50 d_ticks=2 window_ms=1207
[host] slot livedibike_0: d_loop_us=875 d_raster_us=0 d_observe_us=59348 max_observe_us=10994 d_paints=0 d_skips=50 d_ticks=2 window_ms=1189
[host] slot livedibike_0: d_loop_us=808 d_raster_us=0 d_observe_us=60946 max_observe_us=13534 d_paints=0 d_skips=50 d_ticks=2 window_ms=1207
[script livedibike_0] withdrew a Air talisman
[host] slot livedibike_0: d_loop_us=977 d_raster_us=0 d_observe_us=65673 max_observe_us=13390 d_paints=0 d_skips=50 d_ticks=2 window_ms=1194
[script livedibike_0] withdrew 27 rune essence (trip 1)
[script livedibike_0] heading to the mysterious ruins
[script livedibike_0] interact WalkNear { x: 2988, z: 3294, level: 0, radius: 1, allow_teleports: false }
[host] slot livedibike_0: d_loop_us=834 d_raster_us=0 d_observe_us=58001 max_observe_us=10295 d_paints=0 d_skips=50 d_ticks=2 window_ms=1198
[nav-follow] here=WorldTile { x: 3011, z: 3355, level: 0 } walk=true transport=false leg=0 hops=1 outcome=None
[nav-walk] here=WorldTile { x: 3012, z: 3357, level: 0 } aim=WorldTile { x: 3010, z: 3350, level: 0 } radius=2 ticks_waited=0 sent_tile=Some(WorldTile { x: 3011, z: 3355, level: 0 })
[nav-follow] here=WorldTile { x: 3012, z: 3357, level: 0 } walk=true transport=false leg=0 hops=1 outcome=None
[host] hitch livedibike_0: observe_us=20421 paints=0 skips=480 ticks=45
[host] slot livedibike_0: d_loop_us=795 d_raster_us=0 d_observe_us=71396 max_observe_us=20421 d_paints=0 d_skips=50 d_ticks=2 window_ms=1187
[nav-walk] here=WorldTile { x: 3012, z: 3359, level: 0 } aim=WorldTile { x: 3010, z: 3350, level: 0 } radius=2 ticks_waited=1 sent_tile=Some(WorldTile { x: 3011, z: 3355, level: 0 })
[nav-follow] here=WorldTile { x: 3012, z: 3359, level: 0 } walk=true transport=false leg=0 hops=1 outcome=None
[host] hitch livedibike_0: observe_us=20735 paints=0 skips=505 ticks=46
[nav-walk] here=WorldTile { x: 3010, z: 3359, level: 0 } aim=WorldTile { x: 3010, z: 3350, level: 0 } radius=2 ticks_waited=2 sent_tile=Some(WorldTile { x: 3011, z: 3355, level: 0 })
[nav-follow] here=WorldTile { x: 3010, z: 3359, level: 0 } walk=true transport=false leg=0 hops=1 outcome=None
[host] hitch livedibike_0: observe_us=18085 paints=0 skips=530 ticks=47
[host] slot livedibike_0: d_loop_us=856 d_raster_us=0 d_observe_us=73714 max_observe_us=20735 d_paints=0 d_skips=50 d_ticks=2 window_ms=1192
[nav-walk] here=WorldTile { x: 3008, z: 3357, level: 0 } aim=WorldTile { x: 3010, z: 3350, level: 0 } radius=2 ticks_waited=3 sent_tile=Some(WorldTile { x: 3011, z: 3355, level: 0 })
[nav-follow] here=WorldTile { x: 3008, z: 3357, level: 0 } walk=true transport=false leg=0 hops=1 outcome=None
[host] hitch livedibike_0: observe_us=20690 paints=0 skips=555 ticks=48
[nav-walk] here=WorldTile { x: 3008, z: 3355, level: 0 } aim=WorldTile { x: 3010, z: 3350, level: 0 } radius=2 ticks_waited=4 sent_tile=Some(WorldTile { x: 3011, z: 3355, level: 0 })
[nav-follow] here=WorldTile { x: 3008, z: 3355, level: 0 } walk=true transport=false leg=0 hops=1 outcome=None
[host] hitch livedibike_0: observe_us=16769 paints=0 skips=580 ticks=49
[host] slot livedibike_0: d_loop_us=810 d_raster_us=0 d_observe_us=68736 max_observe_us=20690 d_paints=0 d_skips=50 d_ticks=2 window_ms=1204
[nav-walk] here=WorldTile { x: 3008, z: 3353, level: 0 } aim=WorldTile { x: 3010, z: 3350, level: 0 } radius=2 ticks_waited=5 sent_tile=Some(WorldTile { x: 3011, z: 3355, level: 0 })
[nav-follow] here=WorldTile { x: 3008, z: 3353, level: 0 } walk=true transport=false leg=0 hops=1 outcome=None
[host] hitch livedibike_0: observe_us=17349 paints=0 skips=605 ticks=50
[nav-walk] here=WorldTile { x: 3009, z: 3351, level: 0 } aim=WorldTile { x: 3010, z: 3350, level: 0 } radius=2 ticks_waited=6 sent_tile=Some(WorldTile { x: 3011, z: 3355, level: 0 })
[nav-follow] here=WorldTile { x: 3009, z: 3351, level: 0 } walk=true transport=false leg=0 hops=2 outcome=None
[host] hitch livedibike_0: observe_us=27998 paints=0 skips=630 ticks=51
[host] slot livedibike_0: d_loop_us=1116 d_raster_us=0 d_observe_us=84951 max_observe_us=27998 d_paints=0 d_skips=50 d_ticks=2 window_ms=1200
[nav-walk] here=WorldTile { x: 3009, z: 3349, level: 0 } aim=WorldTile { x: 3008, z: 3334, level: 0 } radius=2 ticks_waited=0 sent_tile=Some(WorldTile { x: 3009, z: 3351, level: 0 })
[nav-follow] here=WorldTile { x: 3009, z: 3349, level: 0 } walk=true transport=false leg=0 hops=2 outcome=None
[host] hitch livedibike_0: observe_us=27420 paints=0 skips=655 ticks=52
[nav-walk] here=WorldTile { x: 3009, z: 3347, level: 0 } aim=WorldTile { x: 3008, z: 3334, level: 0 } radius=2 ticks_waited=1 sent_tile=Some(WorldTile { x: 3009, z: 3351, level: 0 })
[nav-follow] here=WorldTile { x: 3009, z: 3347, level: 0 } walk=true transport=false leg=0 hops=2 outcome=None
[host] hitch livedibike_0: observe_us=28575 paints=0 skips=680 ticks=53
[host] slot livedibike_0: d_loop_us=1068 d_raster_us=0 d_observe_us=95531 max_observe_us=28575 d_paints=0 d_skips=50 d_ticks=2 window_ms=1200
[nav-walk] here=WorldTile { x: 3009, z: 3345, level: 0 } aim=WorldTile { x: 3008, z: 3334, level: 0 } radius=2 ticks_waited=2 sent_tile=Some(WorldTile { x: 3009, z: 3351, level: 0 })
[nav-follow] here=WorldTile { x: 3009, z: 3345, level: 0 } walk=true transport=false leg=0 hops=2 outcome=None
[host] hitch livedibike_0: observe_us=28506 paints=0 skips=705 ticks=54
[nav-walk] here=WorldTile { x: 3008, z: 3343, level: 0 } aim=WorldTile { x: 3008, z: 3334, level: 0 } radius=2 ticks_waited=3 sent_tile=Some(WorldTile { x: 3009, z: 3351, level: 0 })
[nav-follow] here=WorldTile { x: 3008, z: 3343, level: 0 } walk=true transport=false leg=0 hops=2 outcome=None
[host] hitch livedibike_0: observe_us=31212 paints=0 skips=729 ticks=55
[host] slot livedibike_0: d_loop_us=1117 d_raster_us=0 d_observe_us=100090 max_observe_us=31212 d_paints=0 d_skips=50 d_ticks=2 window_ms=1217
[nav-walk] here=WorldTile { x: 3008, z: 3341, level: 0 } aim=WorldTile { x: 3008, z: 3334, level: 0 } radius=2 ticks_waited=4 sent_tile=Some(WorldTile { x: 3009, z: 3351, level: 0 })
[nav-follow] here=WorldTile { x: 3008, z: 3341, level: 0 } walk=true transport=false leg=0 hops=2 outcome=None
[host] hitch livedibike_0: observe_us=27924 paints=0 skips=754 ticks=56
[nav-walk] here=WorldTile { x: 3008, z: 3339, level: 0 } aim=WorldTile { x: 3008, z: 3334, level: 0 } radius=2 ticks_waited=5 sent_tile=Some(WorldTile { x: 3009, z: 3351, level: 0 })
[nav-follow] here=WorldTile { x: 3008, z: 3339, level: 0 } walk=true transport=false leg=0 hops=2 outcome=None
[host] hitch livedibike_0: observe_us=17022 paints=0 skips=779 ticks=57
[host] slot livedibike_0: d_loop_us=881 d_raster_us=0 d_observe_us=80917 max_observe_us=27924 d_paints=0 d_skips=50 d_ticks=2 window_ms=1207
[nav-walk] here=WorldTile { x: 3008, z: 3337, level: 0 } aim=WorldTile { x: 3008, z: 3334, level: 0 } radius=2 ticks_waited=6 sent_tile=Some(WorldTile { x: 3009, z: 3351, level: 0 })
[nav-follow] here=WorldTile { x: 3008, z: 3337, level: 0 } walk=true transport=false leg=0 hops=2 outcome=None
[host] hitch livedibike_0: observe_us=27628 paints=0 skips=804 ticks=58
[nav-walk] here=WorldTile { x: 3008, z: 3335, level: 0 } aim=WorldTile { x: 3008, z: 3334, level: 0 } radius=2 ticks_waited=7 sent_tile=Some(WorldTile { x: 3009, z: 3351, level: 0 })
[nav-follow] here=WorldTile { x: 3008, z: 3335, level: 0 } walk=true transport=false leg=0 hops=3 outcome=None
[host] hitch livedibike_0: observe_us=24547 paints=0 skips=829 ticks=59
[host] slot livedibike_0: d_loop_us=1039 d_raster_us=0 d_observe_us=92457 max_observe_us=27628 d_paints=0 d_skips=50 d_ticks=2 window_ms=1207
[nav-walk] here=WorldTile { x: 3008, z: 3333, level: 0 } aim=WorldTile { x: 3001, z: 3318, level: 0 } radius=2 ticks_waited=0 sent_tile=Some(WorldTile { x: 3008, z: 3335, level: 0 })
[nav-follow] here=WorldTile { x: 3008, z: 3333, level: 0 } walk=true transport=false leg=0 hops=3 outcome=None
[host] hitch livedibike_0: observe_us=30900 paints=0 skips=853 ticks=60
[nav-walk] here=WorldTile { x: 3008, z: 3331, level: 0 } aim=WorldTile { x: 3001, z: 3318, level: 0 } radius=2 ticks_waited=1 sent_tile=Some(WorldTile { x: 3008, z: 3335, level: 0 })
[nav-follow] here=WorldTile { x: 3008, z: 3331, level: 0 } walk=true transport=false leg=0 hops=3 outcome=None
[host] hitch livedibike_0: observe_us=29516 paints=0 skips=879 ticks=61
[host] slot livedibike_0: d_loop_us=1144 d_raster_us=0 d_observe_us=99492 max_observe_us=30900 d_paints=0 d_skips=50 d_ticks=2 window_ms=1199
[nav-walk] here=WorldTile { x: 3008, z: 3329, level: 0 } aim=WorldTile { x: 3001, z: 3318, level: 0 } radius=2 ticks_waited=2 sent_tile=Some(WorldTile { x: 3008, z: 3335, level: 0 })
[nav-follow] here=WorldTile { x: 3008, z: 3329, level: 0 } walk=true transport=false leg=0 hops=3 outcome=None
[host] hitch livedibike_0: observe_us=17713 paints=0 skips=903 ticks=62
[nav-walk] here=WorldTile { x: 3008, z: 3327, level: 0 } aim=WorldTile { x: 3001, z: 3318, level: 0 } radius=2 ticks_waited=3 sent_tile=Some(WorldTile { x: 3008, z: 3335, level: 0 })
[nav-follow] here=WorldTile { x: 3008, z: 3327, level: 0 } walk=true transport=false leg=0 hops=3 outcome=None
[host] hitch livedibike_0: observe_us=29639 paints=0 skips=929 ticks=63
[host] slot livedibike_0: d_loop_us=1124 d_raster_us=0 d_observe_us=84708 max_observe_us=29639 d_paints=0 d_skips=50 d_ticks=2 window_ms=1188
[nav-walk] here=WorldTile { x: 3008, z: 3325, level: 0 } aim=WorldTile { x: 3001, z: 3318, level: 0 } radius=2 ticks_waited=4 sent_tile=Some(WorldTile { x: 3008, z: 3335, level: 0 })
[nav-follow] here=WorldTile { x: 3008, z: 3325, level: 0 } walk=true transport=false leg=0 hops=3 outcome=None
[host] hitch livedibike_0: observe_us=33774 paints=0 skips=954 ticks=64
[nav-walk] here=WorldTile { x: 3006, z: 3323, level: 0 } aim=WorldTile { x: 3001, z: 3318, level: 0 } radius=2 ticks_waited=5 sent_tile=Some(WorldTile { x: 3008, z: 3335, level: 0 })
[nav-follow] here=WorldTile { x: 3006, z: 3323, level: 0 } walk=true transport=false leg=0 hops=3 outcome=None
[host] hitch livedibike_0: observe_us=32323 paints=0 skips=979 ticks=65
[host] slot livedibike_0: d_loop_us=1101 d_raster_us=0 d_observe_us=109105 max_observe_us=33774 d_paints=0 d_skips=50 d_ticks=2 window_ms=1225
[nav-walk] here=WorldTile { x: 3004, z: 3321, level: 0 } aim=WorldTile { x: 3001, z: 3318, level: 0 } radius=2 ticks_waited=6 sent_tile=Some(WorldTile { x: 3008, z: 3335, level: 0 })
[nav-follow] here=WorldTile { x: 3004, z: 3321, level: 0 } walk=true transport=false leg=0 hops=3 outcome=None
[host] hitch livedibike_0: observe_us=25226 paints=0 skips=1003 ticks=66
[host] slot livedibike_0: d_loop_us=10269 d_raster_us=0 d_observe_us=108591 max_observe_us=25226 d_paints=0 d_skips=50 d_ticks=2 window_ms=1195
[nav-walk] here=WorldTile { x: 3001, z: 3318, level: 0 } aim=WorldTile { x: 3001, z: 3318, level: 0 } radius=2 ticks_waited=7 sent_tile=Some(WorldTile { x: 3008, z: 3335, level: 0 })
[nav-follow] here=WorldTile { x: 3001, z: 3318, level: 0 } walk=true transport=false leg=0 hops=4 outcome=None
[host] hitch livedibike_0: observe_us=17515 paints=0 skips=1053 ticks=68
[nav-walk] here=WorldTile { x: 3001, z: 3316, level: 0 } aim=WorldTile { x: 2995, z: 3302, level: 0 } radius=2 ticks_waited=0 sent_tile=Some(WorldTile { x: 3001, z: 3318, level: 0 })
[nav-follow] here=WorldTile { x: 3001, z: 3316, level: 0 } walk=true transport=false leg=0 hops=4 outcome=None
[host] slot livedibike_0: d_loop_us=773 d_raster_us=0 d_observe_us=74171 max_observe_us=17515 d_paints=0 d_skips=50 d_ticks=2 window_ms=1170
[nav-walk] here=WorldTile { x: 3000, z: 3314, level: 0 } aim=WorldTile { x: 2995, z: 3302, level: 0 } radius=2 ticks_waited=1 sent_tile=Some(WorldTile { x: 3001, z: 3318, level: 0 })
[nav-follow] here=WorldTile { x: 3000, z: 3314, level: 0 } walk=true transport=false leg=0 hops=4 outcome=None
[host] hitch livedibike_0: observe_us=18998 paints=0 skips=1104 ticks=70
[nav-walk] here=WorldTile { x: 2999, z: 3312, level: 0 } aim=WorldTile { x: 2995, z: 3302, level: 0 } radius=2 ticks_waited=2 sent_tile=Some(WorldTile { x: 3001, z: 3318, level: 0 })
[nav-follow] here=WorldTile { x: 2999, z: 3312, level: 0 } walk=true transport=false leg=0 hops=4 outcome=None
[host] hitch livedibike_0: observe_us=24317 paints=0 skips=1130 ticks=71
[host] slot livedibike_0: d_loop_us=852 d_raster_us=0 d_observe_us=92285 max_observe_us=24317 d_paints=0 d_skips=50 d_ticks=2 window_ms=1179
[nav-walk] here=WorldTile { x: 2999, z: 3310, level: 0 } aim=WorldTile { x: 2995, z: 3302, level: 0 } radius=2 ticks_waited=3 sent_tile=Some(WorldTile { x: 3001, z: 3318, level: 0 })
[nav-follow] here=WorldTile { x: 2999, z: 3310, level: 0 } walk=true transport=false leg=0 hops=4 outcome=None
[host] hitch livedibike_0: observe_us=25939 paints=0 skips=1155 ticks=72
[nav-walk] here=WorldTile { x: 2998, z: 3308, level: 0 } aim=WorldTile { x: 2995, z: 3302, level: 0 } radius=2 ticks_waited=4 sent_tile=Some(WorldTile { x: 3001, z: 3318, level: 0 })
[nav-follow] here=WorldTile { x: 2998, z: 3308, level: 0 } walk=true transport=false leg=0 hops=4 outcome=None
[host] hitch livedibike_0: observe_us=27671 paints=0 skips=1181 ticks=73
[host] slot livedibike_0: d_loop_us=848 d_raster_us=0 d_observe_us=97332 max_observe_us=27671 d_paints=0 d_skips=50 d_ticks=2 window_ms=1195
[nav-walk] here=WorldTile { x: 2998, z: 3306, level: 0 } aim=WorldTile { x: 2995, z: 3302, level: 0 } radius=2 ticks_waited=5 sent_tile=Some(WorldTile { x: 3001, z: 3318, level: 0 })
[nav-follow] here=WorldTile { x: 2998, z: 3306, level: 0 } walk=true transport=false leg=0 hops=4 outcome=None
[host] hitch livedibike_0: observe_us=27058 paints=0 skips=1205 ticks=74
[nav-walk] here=WorldTile { x: 2997, z: 3304, level: 0 } aim=WorldTile { x: 2995, z: 3302, level: 0 } radius=2 ticks_waited=6 sent_tile=Some(WorldTile { x: 3001, z: 3318, level: 0 })
[nav-follow] here=WorldTile { x: 2997, z: 3304, level: 0 } walk=true transport=false leg=0 hops=5 outcome=None
[host] hitch livedibike_0: observe_us=28950 paints=0 skips=1230 ticks=75
[host] slot livedibike_0: d_loop_us=834 d_raster_us=0 d_observe_us=98308 max_observe_us=28950 d_paints=0 d_skips=50 d_ticks=2 window_ms=1224
[nav-walk] here=WorldTile { x: 2995, z: 3302, level: 0 } aim=WorldTile { x: 2989, z: 3295, level: 0 } radius=0 ticks_waited=0 sent_tile=Some(WorldTile { x: 2997, z: 3304, level: 0 })
[nav-follow] here=WorldTile { x: 2995, z: 3302, level: 0 } walk=true transport=false leg=0 hops=5 outcome=None
[host] hitch livedibike_0: observe_us=29542 paints=0 skips=1255 ticks=76
test catalog_boundary_live has been running for over 60 seconds
[nav-walk] here=WorldTile { x: 2993, z: 3300, level: 0 } aim=WorldTile { x: 2989, z: 3295, level: 0 } radius=0 ticks_waited=1 sent_tile=Some(WorldTile { x: 2997, z: 3304, level: 0 })
[nav-follow] here=WorldTile { x: 2993, z: 3300, level: 0 } walk=true transport=false leg=0 hops=5 outcome=None
[host] hitch livedibike_0: observe_us=30750 paints=0 skips=1280 ticks=77
[host] slot livedibike_0: d_loop_us=801 d_raster_us=0 d_observe_us=111212 max_observe_us=30750 d_paints=0 d_skips=50 d_ticks=2 window_ms=1205
[nav-walk] here=WorldTile { x: 2993, z: 3298, level: 0 } aim=WorldTile { x: 2989, z: 3295, level: 0 } radius=0 ticks_waited=2 sent_tile=Some(WorldTile { x: 2997, z: 3304, level: 0 })
[nav-follow] here=WorldTile { x: 2993, z: 3298, level: 0 } walk=true transport=false leg=0 hops=5 outcome=None
[host] hitch livedibike_0: observe_us=28363 paints=0 skips=1305 ticks=78
[nav-walk] here=WorldTile { x: 2992, z: 3296, level: 0 } aim=WorldTile { x: 2989, z: 3295, level: 0 } radius=0 ticks_waited=3 sent_tile=Some(WorldTile { x: 2997, z: 3304, level: 0 })
[nav-follow] here=WorldTile { x: 2992, z: 3296, level: 0 } walk=true transport=false leg=0 hops=5 outcome=None
[host] hitch livedibike_0: observe_us=16147 paints=0 skips=1329 ticks=79
[host] slot livedibike_0: d_loop_us=777 d_raster_us=0 d_observe_us=95151 max_observe_us=28363 d_paints=0 d_skips=50 d_ticks=2 window_ms=1207
[nav-walk] here=WorldTile { x: 2990, z: 3295, level: 0 } aim=WorldTile { x: 2989, z: 3295, level: 0 } radius=0 ticks_waited=4 sent_tile=Some(WorldTile { x: 2997, z: 3304, level: 0 })
[nav-follow] here=WorldTile { x: 2990, z: 3295, level: 0 } walk=true transport=false leg=0 hops=5 outcome=None
[host] hitch livedibike_0: observe_us=19699 paints=0 skips=1354 ticks=80
[nav-walk] here=WorldTile { x: 2989, z: 3295, level: 0 } aim=WorldTile { x: 2989, z: 3295, level: 0 } radius=0 ticks_waited=5 sent_tile=Some(WorldTile { x: 2997, z: 3304, level: 0 })
[nav-follow] here=WorldTile { x: 2989, z: 3295, level: 0 } walk=false transport=false leg=1 hops=5 outcome=Some(Arrived { at: WorldTile { x: 2989, z: 3295, level: 0 } })
[script livedibike_0] using the Air talisman on the mysterious ruins
[script livedibike_0] interact UseOn { name: "Air talisman", kind: "loc", target_name: Some("Mysterious ruins"), x: 2984, z: 3291, level: 0, index: None, source_item_id: Some(1438), source_item_slot: Some(0), target_item_id: None, target_item_slot: None }
[host] slot livedibike_0: d_loop_us=792 d_raster_us=0 d_observe_us=83045 max_observe_us=19699 d_paints=0 d_skips=50 d_ticks=2 window_ms=1198
[host] hitch livedibike_0: observe_us=27263 paints=0 skips=1404 ticks=82
[host] hitch livedibike_0: observe_us=23337 paints=0 skips=1428 ticks=83
[host] slot livedibike_0: d_loop_us=893 d_raster_us=0 d_observe_us=90434 max_observe_us=27263 d_paints=0 d_skips=50 d_ticks=2 window_ms=1217
[host] slot livedibike_0: d_loop_us=847 d_raster_us=0 d_observe_us=72456 max_observe_us=14794 d_paints=0 d_skips=50 d_ticks=2 window_ms=1207
[script livedibike_0] entered the altar
[host] slot livedibike_0: d_loop_us=9408 d_raster_us=0 d_observe_us=79126 max_observe_us=9493 d_paints=0 d_skips=50 d_ticks=2 window_ms=1132
[script livedibike_0] crafting 27 essence at the altar
[script livedibike_0] interact Loc { x: 2843, z: 4833, level: 0, action: "Craft-rune", id: Some(2478) }
[host] slot livedibike_0: d_loop_us=826 d_raster_us=0 d_observe_us=70550 max_observe_us=15841 d_paints=0 d_skips=50 d_ticks=2 window_ms=1209
[host] hitch livedibike_0: observe_us=18842 paints=0 skips=1605 ticks=90
[script livedibike_0] crafted 27 Air runes
[script livedibike_0] taking the portal back to the ruins
[script livedibike_0] interact Loc { x: 2841, z: 4828, level: 0, action: "Use", id: Some(2465) }
[host] slot livedibike_0: d_loop_us=920 d_raster_us=0 d_observe_us=78605 max_observe_us=18842 d_paints=0 d_skips=50 d_ticks=2 window_ms=1210
[script livedibike_0] interact Loc { x: 2841, z: 4828, level: 0, action: "Use", id: Some(2465) }
[script livedibike_0] interact Loc { x: 2841, z: 4828, level: 0, action: "Use", id: Some(2465) }
[host] slot livedibike_0: d_loop_us=853 d_raster_us=0 d_observe_us=62314 max_observe_us=10335 d_paints=0 d_skips=50 d_ticks=2 window_ms=1192
[script livedibike_0] interact Loc { x: 2841, z: 4828, level: 0, action: "Use", id: Some(2465) }
[script livedibike_0] interact Loc { x: 2841, z: 4828, level: 0, action: "Use", id: Some(2465) }
[host] slot livedibike_0: d_loop_us=991 d_raster_us=0 d_observe_us=74133 max_observe_us=13755 d_paints=0 d_skips=50 d_ticks=2 window_ms=1197
[host] hitch livedibike_0: observe_us=18476 paints=0 skips=1755 ticks=96
[script livedibike_0] interact ContinueDialog
[host] hitch livedibike_0: observe_us=17038 paints=0 skips=1780 ticks=97
[script livedibike_0] interact Loc { x: 2841, z: 4828, level: 0, action: "Use", id: Some(2465) }
[host] slot livedibike_0: d_loop_us=867 d_raster_us=0 d_observe_us=87169 max_observe_us=18476 d_paints=0 d_skips=50 d_ticks=2 window_ms=1194
[host] hitch livedibike_0: observe_us=26317 paints=0 skips=1818 ticks=99
[script livedibike_0] back at the mysterious ruins
[script livedibike_0] heading to the bank
[script livedibike_0] interact WalkNear { x: 3013, z: 3355, level: 0, radius: 3, allow_teleports: false }
[nav-follow] here=WorldTile { x: 2983, z: 3288, level: 0 } walk=true transport=false leg=0 hops=1 outcome=None
[host] hitch livedibike_0: observe_us=16094 paints=0 skips=1846 ticks=102
[host] slot livedibike_0: d_loop_us=17142 d_raster_us=0 d_observe_us=143207 max_observe_us=26317 d_paints=0 d_skips=50 d_ticks=5 window_ms=2613
[nav-walk] here=WorldTile { x: 2983, z: 3290, level: 0 } aim=WorldTile { x: 2988, z: 3301, level: 0 } radius=2 ticks_waited=0 sent_tile=Some(WorldTile { x: 2983, z: 3288, level: 0 })
[nav-follow] here=WorldTile { x: 2983, z: 3290, level: 0 } walk=true transport=false leg=0 hops=1 outcome=None
[host] hitch livedibike_0: observe_us=26797 paints=0 skips=1871 ticks=103
[nav-walk] here=WorldTile { x: 2983, z: 3292, level: 0 } aim=WorldTile { x: 2988, z: 3301, level: 0 } radius=2 ticks_waited=1 sent_tile=Some(WorldTile { x: 2983, z: 3288, level: 0 })
[nav-follow] here=WorldTile { x: 2983, z: 3292, level: 0 } walk=true transport=false leg=0 hops=1 outcome=None
[host] hitch livedibike_0: observe_us=25434 paints=0 skips=1896 ticks=104
[host] slot livedibike_0: d_loop_us=777 d_raster_us=0 d_observe_us=102332 max_observe_us=26797 d_paints=0 d_skips=50 d_ticks=2 window_ms=1211
[nav-walk] here=WorldTile { x: 2983, z: 3294, level: 0 } aim=WorldTile { x: 2988, z: 3301, level: 0 } radius=2 ticks_waited=2 sent_tile=Some(WorldTile { x: 2983, z: 3288, level: 0 })
[nav-follow] here=WorldTile { x: 2983, z: 3294, level: 0 } walk=true transport=false leg=0 hops=1 outcome=None
[host] hitch livedibike_0: observe_us=24035 paints=0 skips=1921 ticks=105
[nav-walk] here=WorldTile { x: 2985, z: 3294, level: 0 } aim=WorldTile { x: 2988, z: 3301, level: 0 } radius=2 ticks_waited=3 sent_tile=Some(WorldTile { x: 2983, z: 3288, level: 0 })
[nav-follow] here=WorldTile { x: 2985, z: 3294, level: 0 } walk=true transport=false leg=0 hops=1 outcome=None
[host] hitch livedibike_0: observe_us=27283 paints=0 skips=1946 ticks=106
[host] slot livedibike_0: d_loop_us=740 d_raster_us=0 d_observe_us=91640 max_observe_us=27283 d_paints=0 d_skips=50 d_ticks=2 window_ms=1215
[nav-walk] here=WorldTile { x: 2985, z: 3296, level: 0 } aim=WorldTile { x: 2988, z: 3301, level: 0 } radius=2 ticks_waited=4 sent_tile=Some(WorldTile { x: 2983, z: 3288, level: 0 })
[nav-follow] here=WorldTile { x: 2985, z: 3296, level: 0 } walk=true transport=false leg=0 hops=1 outcome=None
[host] hitch livedibike_0: observe_us=17499 paints=0 skips=1970 ticks=107
[nav-walk] here=WorldTile { x: 2986, z: 3298, level: 0 } aim=WorldTile { x: 2988, z: 3301, level: 0 } radius=2 ticks_waited=5 sent_tile=Some(WorldTile { x: 2983, z: 3288, level: 0 })
[nav-follow] here=WorldTile { x: 2986, z: 3298, level: 0 } walk=true transport=false leg=0 hops=1 outcome=None
[host] hitch livedibike_0: observe_us=23605 paints=0 skips=1996 ticks=108
[host] slot livedibike_0: d_loop_us=1661 d_raster_us=0 d_observe_us=80818 max_observe_us=23605 d_paints=0 d_skips=50 d_ticks=2 window_ms=1194
[nav-walk] here=WorldTile { x: 2987, z: 3300, level: 0 } aim=WorldTile { x: 2988, z: 3301, level: 0 } radius=2 ticks_waited=6 sent_tile=Some(WorldTile { x: 2983, z: 3288, level: 0 })
[nav-follow] here=WorldTile { x: 2987, z: 3300, level: 0 } walk=true transport=false leg=0 hops=2 outcome=None
[host] hitch livedibike_0: observe_us=16092 paints=0 skips=2020 ticks=109
[nav-walk] here=WorldTile { x: 2987, z: 3302, level: 0 } aim=WorldTile { x: 2998, z: 3317, level: 0 } radius=2 ticks_waited=0 sent_tile=Some(WorldTile { x: 2987, z: 3300, level: 0 })
[nav-follow] here=WorldTile { x: 2987, z: 3302, level: 0 } walk=true transport=false leg=0 hops=2 outcome=None
[host] hitch livedibike_0: observe_us=23994 paints=0 skips=2045 ticks=110
[host] slot livedibike_0: d_loop_us=1372 d_raster_us=0 d_observe_us=80873 max_observe_us=23994 d_paints=0 d_skips=50 d_ticks=2 window_ms=1208
[nav-walk] here=WorldTile { x: 2987, z: 3304, level: 0 } aim=WorldTile { x: 2998, z: 3317, level: 0 } radius=2 ticks_waited=1 sent_tile=Some(WorldTile { x: 2987, z: 3300, level: 0 })
[nav-follow] here=WorldTile { x: 2987, z: 3304, level: 0 } walk=true transport=false leg=0 hops=2 outcome=None
[host] hitch livedibike_0: observe_us=21720 paints=0 skips=2070 ticks=111
[nav-walk] here=WorldTile { x: 2987, z: 3306, level: 0 } aim=WorldTile { x: 2998, z: 3317, level: 0 } radius=2 ticks_waited=2 sent_tile=Some(WorldTile { x: 2987, z: 3300, level: 0 })
[nav-follow] here=WorldTile { x: 2987, z: 3306, level: 0 } walk=true transport=false leg=0 hops=2 outcome=None
[host] hitch livedibike_0: observe_us=22439 paints=0 skips=2095 ticks=112
[host] slot livedibike_0: d_loop_us=726 d_raster_us=0 d_observe_us=85304 max_observe_us=22439 d_paints=0 d_skips=50 d_ticks=2 window_ms=1203
[nav-walk] here=WorldTile { x: 2989, z: 3308, level: 0 } aim=WorldTile { x: 2998, z: 3317, level: 0 } radius=2 ticks_waited=3 sent_tile=Some(WorldTile { x: 2987, z: 3300, level: 0 })
[nav-follow] here=WorldTile { x: 2989, z: 3308, level: 0 } walk=true transport=false leg=0 hops=2 outcome=None
[host] hitch livedibike_0: observe_us=18471 paints=0 skips=2121 ticks=113
[nav-walk] here=WorldTile { x: 2991, z: 3310, level: 0 } aim=WorldTile { x: 2998, z: 3317, level: 0 } radius=2 ticks_waited=4 sent_tile=Some(WorldTile { x: 2987, z: 3300, level: 0 })
[nav-follow] here=WorldTile { x: 2991, z: 3310, level: 0 } walk=true transport=false leg=0 hops=2 outcome=None
[host] hitch livedibike_0: observe_us=24551 paints=0 skips=2145 ticks=114
[host] slot livedibike_0: d_loop_us=738 d_raster_us=0 d_observe_us=84268 max_observe_us=24551 d_paints=0 d_skips=50 d_ticks=2 window_ms=1205
[nav-walk] here=WorldTile { x: 2993, z: 3312, level: 0 } aim=WorldTile { x: 2998, z: 3317, level: 0 } radius=2 ticks_waited=5 sent_tile=Some(WorldTile { x: 2987, z: 3300, level: 0 })
[nav-follow] here=WorldTile { x: 2993, z: 3312, level: 0 } walk=true transport=false leg=0 hops=2 outcome=None
[host] hitch livedibike_0: observe_us=19003 paints=0 skips=2170 ticks=115
[nav-walk] here=WorldTile { x: 2995, z: 3314, level: 0 } aim=WorldTile { x: 2998, z: 3317, level: 0 } radius=2 ticks_waited=6 sent_tile=Some(WorldTile { x: 2987, z: 3300, level: 0 })
[nav-follow] here=WorldTile { x: 2995, z: 3314, level: 0 } walk=true transport=false leg=0 hops=2 outcome=None
[host] hitch livedibike_0: observe_us=27860 paints=0 skips=2195 ticks=116
[host] slot livedibike_0: d_loop_us=972 d_raster_us=0 d_observe_us=96011 max_observe_us=27860 d_paints=0 d_skips=50 d_ticks=2 window_ms=1204
[nav-walk] here=WorldTile { x: 2997, z: 3316, level: 0 } aim=WorldTile { x: 2998, z: 3317, level: 0 } radius=2 ticks_waited=7 sent_tile=Some(WorldTile { x: 2987, z: 3300, level: 0 })
[nav-follow] here=WorldTile { x: 2997, z: 3316, level: 0 } walk=true transport=false leg=0 hops=3 outcome=None
[host] hitch livedibike_0: observe_us=26635 paints=0 skips=2219 ticks=117
[nav-walk] here=WorldTile { x: 2999, z: 3316, level: 0 } aim=WorldTile { x: 3011, z: 3331, level: 0 } radius=2 ticks_waited=0 sent_tile=Some(WorldTile { x: 2997, z: 3316, level: 0 })
[nav-follow] here=WorldTile { x: 2999, z: 3316, level: 0 } walk=true transport=false leg=0 hops=3 outcome=None
[host] hitch livedibike_0: observe_us=23611 paints=0 skips=2244 ticks=118
[host] slot livedibike_0: d_loop_us=865 d_raster_us=0 d_observe_us=90439 max_observe_us=26635 d_paints=0 d_skips=50 d_ticks=2 window_ms=1226
[nav-walk] here=WorldTile { x: 3001, z: 3318, level: 0 } aim=WorldTile { x: 3011, z: 3331, level: 0 } radius=2 ticks_waited=1 sent_tile=Some(WorldTile { x: 2997, z: 3316, level: 0 })
[nav-follow] here=WorldTile { x: 3001, z: 3318, level: 0 } walk=true transport=false leg=0 hops=3 outcome=None
[host] hitch livedibike_0: observe_us=16531 paints=0 skips=2269 ticks=119
[nav-walk] here=WorldTile { x: 3003, z: 3320, level: 0 } aim=WorldTile { x: 3011, z: 3331, level: 0 } radius=2 ticks_waited=2 sent_tile=Some(WorldTile { x: 2997, z: 3316, level: 0 })
[nav-follow] here=WorldTile { x: 3003, z: 3320, level: 0 } walk=true transport=false leg=0 hops=3 outcome=None
[host] hitch livedibike_0: observe_us=22179 paints=0 skips=2294 ticks=120
[host] slot livedibike_0: d_loop_us=870 d_raster_us=0 d_observe_us=78624 max_observe_us=22179 d_paints=0 d_skips=50 d_ticks=2 window_ms=1187
[nav-walk] here=WorldTile { x: 3005, z: 3322, level: 0 } aim=WorldTile { x: 3011, z: 3331, level: 0 } radius=2 ticks_waited=3 sent_tile=Some(WorldTile { x: 2997, z: 3316, level: 0 })
[nav-follow] here=WorldTile { x: 3005, z: 3322, level: 0 } walk=true transport=false leg=0 hops=3 outcome=None
[host] hitch livedibike_0: observe_us=22867 paints=0 skips=2319 ticks=121
[nav-walk] here=WorldTile { x: 3007, z: 3324, level: 0 } aim=WorldTile { x: 3011, z: 3331, level: 0 } radius=2 ticks_waited=4 sent_tile=Some(WorldTile { x: 2997, z: 3316, level: 0 })
[nav-follow] here=WorldTile { x: 3007, z: 3324, level: 0 } walk=true transport=false leg=0 hops=3 outcome=None
[host] hitch livedibike_0: observe_us=24320 paints=0 skips=2344 ticks=122
[host] slot livedibike_0: d_loop_us=837 d_raster_us=0 d_observe_us=84602 max_observe_us=24320 d_paints=0 d_skips=50 d_ticks=2 window_ms=1212
[nav-walk] here=WorldTile { x: 3009, z: 3326, level: 0 } aim=WorldTile { x: 3011, z: 3331, level: 0 } radius=2 ticks_waited=5 sent_tile=Some(WorldTile { x: 2997, z: 3316, level: 0 })
[nav-follow] here=WorldTile { x: 3009, z: 3326, level: 0 } walk=true transport=false leg=0 hops=3 outcome=None
[host] hitch livedibike_0: observe_us=23313 paints=0 skips=2368 ticks=123
[host] slot livedibike_0: d_loop_us=11041 d_raster_us=0 d_observe_us=88476 max_observe_us=23313 d_paints=0 d_skips=50 d_ticks=2 window_ms=1205
[nav-walk] here=WorldTile { x: 3011, z: 3330, level: 0 } aim=WorldTile { x: 3011, z: 3331, level: 0 } radius=2 ticks_waited=6 sent_tile=Some(WorldTile { x: 2997, z: 3316, level: 0 })
[nav-follow] here=WorldTile { x: 3011, z: 3330, level: 0 } walk=true transport=false leg=0 hops=4 outcome=None
[host] hitch livedibike_0: observe_us=26161 paints=0 skips=2419 ticks=125
[nav-walk] here=WorldTile { x: 3010, z: 3332, level: 0 } aim=WorldTile { x: 3011, z: 3347, level: 0 } radius=2 ticks_waited=0 sent_tile=Some(WorldTile { x: 3011, z: 3330, level: 0 })
[nav-follow] here=WorldTile { x: 3010, z: 3332, level: 0 } walk=true transport=false leg=0 hops=4 outcome=None
[host] hitch livedibike_0: observe_us=28636 paints=0 skips=2443 ticks=126
[host] slot livedibike_0: d_loop_us=1074 d_raster_us=0 d_observe_us=108068 max_observe_us=28636 d_paints=0 d_skips=50 d_ticks=2 window_ms=1207
[nav-walk] here=WorldTile { x: 3008, z: 3334, level: 0 } aim=WorldTile { x: 3011, z: 3347, level: 0 } radius=2 ticks_waited=1 sent_tile=Some(WorldTile { x: 3011, z: 3330, level: 0 })
[nav-follow] here=WorldTile { x: 3008, z: 3334, level: 0 } walk=true transport=false leg=0 hops=4 outcome=None
[host] hitch livedibike_0: observe_us=28795 paints=0 skips=2468 ticks=127
[nav-walk] here=WorldTile { x: 3008, z: 3336, level: 0 } aim=WorldTile { x: 3011, z: 3347, level: 0 } radius=2 ticks_waited=2 sent_tile=Some(WorldTile { x: 3011, z: 3330, level: 0 })
[nav-follow] here=WorldTile { x: 3008, z: 3336, level: 0 } walk=true transport=false leg=0 hops=4 outcome=None
[host] hitch livedibike_0: observe_us=32484 paints=0 skips=2493 ticks=128
[host] slot livedibike_0: d_loop_us=1023 d_raster_us=0 d_observe_us=101169 max_observe_us=32484 d_paints=0 d_skips=50 d_ticks=2 window_ms=1215
[nav-walk] here=WorldTile { x: 3008, z: 3338, level: 0 } aim=WorldTile { x: 3011, z: 3347, level: 0 } radius=2 ticks_waited=3 sent_tile=Some(WorldTile { x: 3011, z: 3330, level: 0 })
[nav-follow] here=WorldTile { x: 3008, z: 3338, level: 0 } walk=true transport=false leg=0 hops=4 outcome=None
[host] hitch livedibike_0: observe_us=28635 paints=0 skips=2517 ticks=129
[nav-walk] here=WorldTile { x: 3008, z: 3340, level: 0 } aim=WorldTile { x: 3011, z: 3347, level: 0 } radius=2 ticks_waited=4 sent_tile=Some(WorldTile { x: 3011, z: 3330, level: 0 })
[nav-follow] here=WorldTile { x: 3008, z: 3340, level: 0 } walk=true transport=false leg=0 hops=4 outcome=None
[host] hitch livedibike_0: observe_us=18752 paints=0 skips=2542 ticks=130
[host] slot livedibike_0: d_loop_us=1014 d_raster_us=0 d_observe_us=83871 max_observe_us=28635 d_paints=0 d_skips=50 d_ticks=2 window_ms=1208
[nav-walk] here=WorldTile { x: 3008, z: 3342, level: 0 } aim=WorldTile { x: 3011, z: 3347, level: 0 } radius=2 ticks_waited=5 sent_tile=Some(WorldTile { x: 3011, z: 3330, level: 0 })
[nav-follow] here=WorldTile { x: 3008, z: 3342, level: 0 } walk=true transport=false leg=0 hops=4 outcome=None
[host] hitch livedibike_0: observe_us=25890 paints=0 skips=2567 ticks=131
[nav-walk] here=WorldTile { x: 3008, z: 3344, level: 0 } aim=WorldTile { x: 3011, z: 3347, level: 0 } radius=2 ticks_waited=6 sent_tile=Some(WorldTile { x: 3011, z: 3330, level: 0 })
[nav-follow] here=WorldTile { x: 3008, z: 3344, level: 0 } walk=true transport=false leg=0 hops=4 outcome=None
[host] hitch livedibike_0: observe_us=29983 paints=0 skips=2593 ticks=132
[host] slot livedibike_0: d_loop_us=1054 d_raster_us=0 d_observe_us=96534 max_observe_us=29983 d_paints=0 d_skips=50 d_ticks=2 window_ms=1191
[nav-walk] here=WorldTile { x: 3010, z: 3346, level: 0 } aim=WorldTile { x: 3011, z: 3347, level: 0 } radius=2 ticks_waited=7 sent_tile=Some(WorldTile { x: 3011, z: 3330, level: 0 })
[nav-follow] here=WorldTile { x: 3010, z: 3346, level: 0 } walk=true transport=false leg=0 hops=5 outcome=None
[host] hitch livedibike_0: observe_us=30470 paints=0 skips=2617 ticks=133
[nav-walk] here=WorldTile { x: 3010, z: 3348, level: 0 } aim=WorldTile { x: 3010, z: 3352, level: 0 } radius=0 ticks_waited=0 sent_tile=Some(WorldTile { x: 3010, z: 3346, level: 0 })
[nav-follow] here=WorldTile { x: 3010, z: 3348, level: 0 } walk=true transport=false leg=0 hops=5 outcome=None
[host] hitch livedibike_0: observe_us=19738 paints=0 skips=2642 ticks=134
[host] slot livedibike_0: d_loop_us=1036 d_raster_us=0 d_observe_us=85578 max_observe_us=30470 d_paints=0 d_skips=50 d_ticks=2 window_ms=1215
[nav-walk] here=WorldTile { x: 3010, z: 3350, level: 0 } aim=WorldTile { x: 3010, z: 3352, level: 0 } radius=0 ticks_waited=1 sent_tile=Some(WorldTile { x: 3010, z: 3346, level: 0 })
[nav-follow] here=WorldTile { x: 3010, z: 3350, level: 0 } walk=true transport=false leg=0 hops=5 outcome=None
[host] hitch livedibike_0: observe_us=25837 paints=0 skips=2667 ticks=135
[nav-walk] here=WorldTile { x: 3010, z: 3352, level: 0 } aim=WorldTile { x: 3010, z: 3352, level: 0 } radius=0 ticks_waited=2 sent_tile=Some(WorldTile { x: 3010, z: 3346, level: 0 })
[nav-follow] here=WorldTile { x: 3010, z: 3352, level: 0 } walk=false transport=false leg=1 hops=5 outcome=Some(Arrived { at: WorldTile { x: 3010, z: 3352, level: 0 } })
[host] hitch livedibike_0: observe_us=33712 paints=0 skips=2692 ticks=136
[script livedibike_0] interact WalkNear { x: 3013, z: 3355, level: 0, radius: 1, allow_teleports: false }
[host] slot livedibike_0: d_loop_us=1052 d_raster_us=0 d_observe_us=99287 max_observe_us=33712 d_paints=0 d_skips=50 d_ticks=2 window_ms=1202
[nav-follow] here=WorldTile { x: 3010, z: 3352, level: 0 } walk=true transport=false leg=0 hops=1 outcome=None
[host] hitch livedibike_0: observe_us=16941 paints=0 skips=2717 ticks=137
[nav-walk] here=WorldTile { x: 3008, z: 3352, level: 0 } aim=WorldTile { x: 3013, z: 3355, level: 0 } radius=0 ticks_waited=0 sent_tile=Some(WorldTile { x: 3010, z: 3352, level: 0 })
[nav-follow] here=WorldTile { x: 3008, z: 3352, level: 0 } walk=true transport=false leg=0 hops=1 outcome=None
[host] hitch livedibike_0: observe_us=26817 paints=0 skips=2742 ticks=138
[host] slot livedibike_0: d_loop_us=1072 d_raster_us=0 d_observe_us=84066 max_observe_us=26817 d_paints=0 d_skips=50 d_ticks=2 window_ms=1197
[nav-walk] here=WorldTile { x: 3008, z: 3354, level: 0 } aim=WorldTile { x: 3013, z: 3355, level: 0 } radius=0 ticks_waited=1 sent_tile=Some(WorldTile { x: 3010, z: 3352, level: 0 })
[nav-follow] here=WorldTile { x: 3008, z: 3354, level: 0 } walk=true transport=false leg=0 hops=1 outcome=None
[host] hitch livedibike_0: observe_us=28813 paints=0 skips=2766 ticks=139
[nav-walk] here=WorldTile { x: 3008, z: 3356, level: 0 } aim=WorldTile { x: 3013, z: 3355, level: 0 } radius=0 ticks_waited=2 sent_tile=Some(WorldTile { x: 3010, z: 3352, level: 0 })
[nav-follow] here=WorldTile { x: 3008, z: 3356, level: 0 } walk=true transport=false leg=0 hops=1 outcome=None
[host] hitch livedibike_0: observe_us=28492 paints=0 skips=2791 ticks=140
[host] slot livedibike_0: d_loop_us=1229 d_raster_us=0 d_observe_us=96724 max_observe_us=28813 d_paints=0 d_skips=50 d_ticks=2 window_ms=1216
[nav-walk] here=WorldTile { x: 3009, z: 3358, level: 0 } aim=WorldTile { x: 3013, z: 3355, level: 0 } radius=0 ticks_waited=3 sent_tile=Some(WorldTile { x: 3010, z: 3352, level: 0 })
[nav-follow] here=WorldTile { x: 3009, z: 3358, level: 0 } walk=true transport=false leg=0 hops=1 outcome=None
[host] hitch livedibike_0: observe_us=27256 paints=0 skips=2816 ticks=141
[nav-walk] here=WorldTile { x: 3011, z: 3359, level: 0 } aim=WorldTile { x: 3013, z: 3355, level: 0 } radius=0 ticks_waited=4 sent_tile=Some(WorldTile { x: 3010, z: 3352, level: 0 })
[nav-follow] here=WorldTile { x: 3011, z: 3359, level: 0 } walk=true transport=false leg=0 hops=1 outcome=None
[host] hitch livedibike_0: observe_us=25256 paints=0 skips=2841 ticks=142
[host] slot livedibike_0: d_loop_us=835 d_raster_us=0 d_observe_us=89034 max_observe_us=27256 d_paints=0 d_skips=50 d_ticks=2 window_ms=1208
[nav-walk] here=WorldTile { x: 3012, z: 3358, level: 0 } aim=WorldTile { x: 3013, z: 3355, level: 0 } radius=0 ticks_waited=5 sent_tile=Some(WorldTile { x: 3010, z: 3352, level: 0 })
[nav-follow] here=WorldTile { x: 3012, z: 3358, level: 0 } walk=true transport=false leg=0 hops=1 outcome=None
[host] hitch livedibike_0: observe_us=29463 paints=0 skips=2866 ticks=143
[nav-walk] here=WorldTile { x: 3012, z: 3356, level: 0 } aim=WorldTile { x: 3013, z: 3355, level: 0 } radius=0 ticks_waited=6 sent_tile=Some(WorldTile { x: 3010, z: 3352, level: 0 })
[nav-follow] here=WorldTile { x: 3012, z: 3356, level: 0 } walk=true transport=false leg=0 hops=1 outcome=None
[host] hitch livedibike_0: observe_us=25904 paints=0 skips=2890 ticks=144
[script livedibike_0] interact OpenBooth { x: 3011, z: 3354, level: 0, id: 2213, name: Some("Bank booth"), action: Some("Use-quickly") }
[host] slot livedibike_0: d_loop_us=838 d_raster_us=0 d_observe_us=94588 max_observe_us=29463 d_paints=0 d_skips=50 d_ticks=2 window_ms=1216
[nav-walk] here=WorldTile { x: 3012, z: 3355, level: 0 } aim=WorldTile { x: 3013, z: 3355, level: 0 } radius=0 ticks_waited=7 sent_tile=Some(WorldTile { x: 3010, z: 3352, level: 0 })
[nav-follow] here=WorldTile { x: 3012, z: 3355, level: 0 } walk=true transport=false leg=0 hops=1 outcome=None
[host] hitch livedibike_0: observe_us=25953 paints=0 skips=2915 ticks=145
[nav-walk] here=WorldTile { x: 3012, z: 3355, level: 0 } aim=WorldTile { x: 3013, z: 3355, level: 0 } radius=0 ticks_waited=8 sent_tile=Some(WorldTile { x: 3010, z: 3352, level: 0 })
[nav-follow] here=WorldTile { x: 3012, z: 3355, level: 0 } walk=true transport=false leg=0 hops=1 outcome=None
[host] slot livedibike_0: d_loop_us=894 d_raster_us=0 d_observe_us=80004 max_observe_us=25953 d_paints=0 d_skips=50 d_ticks=2 window_ms=1215
[nav-walk] here=WorldTile { x: 3012, z: 3355, level: 0 } aim=WorldTile { x: 3013, z: 3355, level: 0 } radius=0 ticks_waited=9 sent_tile=Some(WorldTile { x: 3010, z: 3352, level: 0 })
[nav-follow] here=WorldTile { x: 3012, z: 3355, level: 0 } walk=true transport=false leg=0 hops=1 outcome=None
[nav-walk] here=WorldTile { x: 3012, z: 3355, level: 0 } aim=WorldTile { x: 3013, z: 3355, level: 0 } radius=0 ticks_waited=10 sent_tile=Some(WorldTile { x: 3010, z: 3352, level: 0 })
[nav-follow] here=WorldTile { x: 3012, z: 3355, level: 0 } walk=true transport=false leg=0 hops=1 outcome=None
[host] slot livedibike_0: d_loop_us=935 d_raster_us=0 d_observe_us=70396 max_observe_us=15446 d_paints=0 d_skips=50 d_ticks=2 window_ms=1195
[nav-walk] here=WorldTile { x: 3012, z: 3355, level: 0 } aim=WorldTile { x: 3013, z: 3355, level: 0 } radius=0 ticks_waited=11 sent_tile=Some(WorldTile { x: 3010, z: 3352, level: 0 })
[nav-follow] here=WorldTile { x: 3012, z: 3355, level: 0 } walk=true transport=false leg=0 hops=1 outcome=None
[nav-walk] here=WorldTile { x: 3012, z: 3355, level: 0 } aim=WorldTile { x: 3013, z: 3355, level: 0 } radius=0 ticks_waited=12 sent_tile=Some(WorldTile { x: 3010, z: 3352, level: 0 })
[nav-follow] here=WorldTile { x: 3012, z: 3355, level: 0 } walk=true transport=false leg=0 hops=1 outcome=None
[host] slot livedibike_0: d_loop_us=968 d_raster_us=0 d_observe_us=61194 max_observe_us=13748 d_paints=0 d_skips=50 d_ticks=2 window_ms=1215
[nav-walk] here=WorldTile { x: 3012, z: 3355, level: 0 } aim=WorldTile { x: 3013, z: 3355, level: 0 } radius=0 ticks_waited=13 sent_tile=Some(WorldTile { x: 3010, z: 3352, level: 0 })
[nav-follow] here=WorldTile { x: 3012, z: 3355, level: 0 } walk=true transport=false leg=0 hops=1 outcome=None
[nav-walk] here=WorldTile { x: 3012, z: 3355, level: 0 } aim=WorldTile { x: 3013, z: 3355, level: 0 } radius=0 ticks_waited=14 sent_tile=Some(WorldTile { x: 3010, z: 3352, level: 0 })
[nav-follow] here=WorldTile { x: 3012, z: 3355, level: 0 } walk=true transport=false leg=0 hops=1 outcome=None
[host] slot livedibike_0: d_loop_us=1162 d_raster_us=0 d_observe_us=73649 max_observe_us=14127 d_paints=0 d_skips=50 d_ticks=2 window_ms=1174
[nav-walk] here=WorldTile { x: 3012, z: 3355, level: 0 } aim=WorldTile { x: 3013, z: 3355, level: 0 } radius=0 ticks_waited=15 sent_tile=Some(WorldTile { x: 3010, z: 3352, level: 0 })
[nav-follow] here=WorldTile { x: 3012, z: 3355, level: 0 } walk=true transport=false leg=0 hops=1 outcome=None
[host] hitch livedibike_0: observe_us=16153 paints=0 skips=3115 ticks=153
[script livedibike_0] interact OpenBooth { x: 3011, z: 3354, level: 0, id: 2213, name: Some("Bank booth"), action: Some("Use-quickly") }
[nav-walk] here=WorldTile { x: 3011, z: 3355, level: 0 } aim=WorldTile { x: 3013, z: 3355, level: 0 } radius=0 ticks_waited=16 sent_tile=Some(WorldTile { x: 3010, z: 3352, level: 0 })
[nav-follow] here=WorldTile { x: 3011, z: 3355, level: 0 } walk=true transport=false leg=0 hops=1 outcome=None
[host] hitch livedibike_0: observe_us=24256 paints=0 skips=3140 ticks=154
[host] slot livedibike_0: d_loop_us=1015 d_raster_us=0 d_observe_us=88595 max_observe_us=24256 d_paints=0 d_skips=50 d_ticks=2 window_ms=1206
[nav-walk] here=WorldTile { x: 3011, z: 3355, level: 0 } aim=WorldTile { x: 3013, z: 3355, level: 0 } radius=0 ticks_waited=17 sent_tile=Some(WorldTile { x: 3010, z: 3352, level: 0 })
[nav-follow] here=WorldTile { x: 3011, z: 3355, level: 0 } walk=true transport=false leg=0 hops=1 outcome=None
[host] hitch livedibike_0: observe_us=21721 paints=0 skips=3165 ticks=155
[nav-walk] here=WorldTile { x: 3011, z: 3355, level: 0 } aim=WorldTile { x: 3013, z: 3355, level: 0 } radius=0 ticks_waited=18 sent_tile=Some(WorldTile { x: 3010, z: 3352, level: 0 })
[nav-follow] here=WorldTile { x: 3011, z: 3355, level: 0 } walk=true transport=false leg=0 hops=1 outcome=None
[host] hitch livedibike_0: observe_us=20026 paints=0 skips=3190 ticks=156
[script livedibike_0] interact SetNoteMode { on: false }
[shim-note] on=false sent
[host] slot livedibike_0: d_loop_us=1228 d_raster_us=0 d_observe_us=96521 max_observe_us=21721 d_paints=0 d_skips=50 d_ticks=2 window_ms=1191
[nav-walk] here=WorldTile { x: 3011, z: 3355, level: 0 } aim=WorldTile { x: 3013, z: 3355, level: 0 } radius=0 ticks_waited=19 sent_tile=Some(WorldTile { x: 3010, z: 3352, level: 0 })
[nav-follow] here=WorldTile { x: 3011, z: 3355, level: 0 } walk=true transport=false leg=0 hops=1 outcome=None
[host] hitch livedibike_0: observe_us=16159 paints=0 skips=3215 ticks=157
[nav-walk] here=WorldTile { x: 3011, z: 3355, level: 0 } aim=WorldTile { x: 3013, z: 3355, level: 0 } radius=0 ticks_waited=20 sent_tile=Some(WorldTile { x: 3010, z: 3352, level: 0 })
[nav-follow] here=WorldTile { x: 3011, z: 3355, level: 0 } walk=true transport=false leg=0 hops=1 outcome=None
[host] slot livedibike_0: d_loop_us=998 d_raster_us=0 d_observe_us=71026 max_observe_us=16159 d_paints=0 d_skips=50 d_ticks=2 window_ms=1184
[nav-walk] here=WorldTile { x: 3011, z: 3355, level: 0 } aim=WorldTile { x: 3013, z: 3355, level: 0 } radius=0 ticks_waited=21 sent_tile=Some(WorldTile { x: 3010, z: 3352, level: 0 })
[nav-follow] here=WorldTile { x: 3011, z: 3355, level: 0 } walk=true transport=false leg=0 hops=1 outcome=None
[host] hitch livedibike_0: observe_us=16577 paints=0 skips=3266 ticks=159
[script livedibike_0] deposited 27 Air runes
[nav-walk] here=WorldTile { x: 3011, z: 3355, level: 0 } aim=WorldTile { x: 3013, z: 3355, level: 0 } radius=0 ticks_waited=22 sent_tile=Some(WorldTile { x: 3010, z: 3352, level: 0 })
[nav-follow] here=WorldTile { x: 3011, z: 3355, level: 0 } walk=true transport=false leg=0 hops=1 outcome=None
[host] hitch livedibike_0: observe_us=19541 paints=0 skips=3292 ticks=160
[host] slot livedibike_0: d_loop_us=1210 d_raster_us=0 d_observe_us=91708 max_observe_us=19541 d_paints=0 d_skips=50 d_ticks=2 window_ms=1180
[nav-walk] here=WorldTile { x: 3011, z: 3355, level: 0 } aim=WorldTile { x: 3013, z: 3355, level: 0 } radius=0 ticks_waited=23 sent_tile=Some(WorldTile { x: 3010, z: 3352, level: 0 })
[nav-follow] here=WorldTile { x: 3011, z: 3355, level: 0 } walk=true transport=false leg=0 hops=1 outcome=None
[script livedibike_0] withdrew 27 rune essence (trip 2)
[nav-walk] here=WorldTile { x: 3011, z: 3355, level: 0 } aim=WorldTile { x: 3013, z: 3355, level: 0 } radius=0 ticks_waited=24 sent_tile=Some(WorldTile { x: 3010, z: 3352, level: 0 })
[nav-follow] here=WorldTile { x: 3011, z: 3355, level: 0 } walk=true transport=false leg=0 hops=1 outcome=None
[script livedibike_0] heading to the mysterious ruins
[script livedibike_0] interact WalkNear { x: 2988, z: 3294, level: 0, radius: 1, allow_teleports: false }
[host] slot livedibike_0: d_loop_us=1287 d_raster_us=0 d_observe_us=74018 max_observe_us=15180 d_paints=0 d_skips=50 d_ticks=2 window_ms=1186
[nav-follow] here=WorldTile { x: 3011, z: 3355, level: 0 } walk=true transport=false leg=0 hops=1 outcome=None
[nav-walk] here=WorldTile { x: 3012, z: 3357, level: 0 } aim=WorldTile { x: 3010, z: 3350, level: 0 } radius=2 ticks_waited=0 sent_tile=Some(WorldTile { x: 3011, z: 3355, level: 0 })
[nav-follow] here=WorldTile { x: 3012, z: 3357, level: 0 } walk=true transport=false leg=0 hops=1 outcome=None
[host] hitch livedibike_0: observe_us=27905 paints=0 skips=3393 ticks=164
[host] slot livedibike_0: d_loop_us=1050 d_raster_us=0 d_observe_us=98977 max_observe_us=27905 d_paints=0 d_skips=50 d_ticks=2 window_ms=1173
[nav-walk] here=WorldTile { x: 3012, z: 3359, level: 0 } aim=WorldTile { x: 3010, z: 3350, level: 0 } radius=2 ticks_waited=1 sent_tile=Some(WorldTile { x: 3011, z: 3355, level: 0 })
[nav-follow] here=WorldTile { x: 3012, z: 3359, level: 0 } walk=true transport=false leg=0 hops=1 outcome=None
[host] hitch livedibike_0: observe_us=24667 paints=0 skips=3418 ticks=165
[nav-walk] here=WorldTile { x: 3010, z: 3359, level: 0 } aim=WorldTile { x: 3010, z: 3350, level: 0 } radius=2 ticks_waited=2 sent_tile=Some(WorldTile { x: 3011, z: 3355, level: 0 })
[nav-follow] here=WorldTile { x: 3010, z: 3359, level: 0 } walk=true transport=false leg=0 hops=1 outcome=None
[host] hitch livedibike_0: observe_us=26770 paints=0 skips=3444 ticks=166
[host] slot livedibike_0: d_loop_us=2183 d_raster_us=0 d_observe_us=92121 max_observe_us=26770 d_paints=0 d_skips=50 d_ticks=2 window_ms=1196
[nav-walk] here=WorldTile { x: 3008, z: 3357, level: 0 } aim=WorldTile { x: 3010, z: 3350, level: 0 } radius=2 ticks_waited=3 sent_tile=Some(WorldTile { x: 3011, z: 3355, level: 0 })
[nav-follow] here=WorldTile { x: 3008, z: 3357, level: 0 } walk=true transport=false leg=0 hops=1 outcome=None
[host] hitch livedibike_0: observe_us=24816 paints=0 skips=3468 ticks=167
[nav-walk] here=WorldTile { x: 3008, z: 3355, level: 0 } aim=WorldTile { x: 3010, z: 3350, level: 0 } radius=2 ticks_waited=4 sent_tile=Some(WorldTile { x: 3011, z: 3355, level: 0 })
[nav-follow] here=WorldTile { x: 3008, z: 3355, level: 0 } walk=true transport=false leg=0 hops=1 outcome=None
[host] hitch livedibike_0: observe_us=28449 paints=0 skips=3493 ticks=168
[host] slot livedibike_0: d_loop_us=977 d_raster_us=0 d_observe_us=95271 max_observe_us=28449 d_paints=0 d_skips=50 d_ticks=2 window_ms=1205
[nav-walk] here=WorldTile { x: 3008, z: 3353, level: 0 } aim=WorldTile { x: 3010, z: 3350, level: 0 } radius=2 ticks_waited=5 sent_tile=Some(WorldTile { x: 3011, z: 3355, level: 0 })
[nav-follow] here=WorldTile { x: 3008, z: 3353, level: 0 } walk=true transport=false leg=0 hops=1 outcome=None
[host] hitch livedibike_0: observe_us=24248 paints=0 skips=3518 ticks=169
[nav-walk] here=WorldTile { x: 3009, z: 3351, level: 0 } aim=WorldTile { x: 3010, z: 3350, level: 0 } radius=2 ticks_waited=6 sent_tile=Some(WorldTile { x: 3011, z: 3355, level: 0 })
[nav-follow] here=WorldTile { x: 3009, z: 3351, level: 0 } walk=true transport=false leg=0 hops=2 outcome=None
[host] hitch livedibike_0: observe_us=36463 paints=0 skips=3544 ticks=170
[host] slot livedibike_0: d_loop_us=1060 d_raster_us=0 d_observe_us=104339 max_observe_us=36463 d_paints=0 d_skips=50 d_ticks=2 window_ms=1194
[nav-walk] here=WorldTile { x: 3009, z: 3349, level: 0 } aim=WorldTile { x: 3008, z: 3334, level: 0 } radius=2 ticks_waited=0 sent_tile=Some(WorldTile { x: 3009, z: 3351, level: 0 })
[nav-follow] here=WorldTile { x: 3009, z: 3349, level: 0 } walk=true transport=false leg=0 hops=2 outcome=None
[host] hitch livedibike_0: observe_us=29453 paints=0 skips=3568 ticks=171
[nav-walk] here=WorldTile { x: 3009, z: 3347, level: 0 } aim=WorldTile { x: 3008, z: 3334, level: 0 } radius=2 ticks_waited=1 sent_tile=Some(WorldTile { x: 3009, z: 3351, level: 0 })
[nav-follow] here=WorldTile { x: 3009, z: 3347, level: 0 } walk=true transport=false leg=0 hops=2 outcome=None
[host] hitch livedibike_0: observe_us=25906 paints=0 skips=3593 ticks=172
[host] slot livedibike_0: d_loop_us=1149 d_raster_us=0 d_observe_us=100692 max_observe_us=29453 d_paints=0 d_skips=50 d_ticks=2 window_ms=1206
[nav-walk] here=WorldTile { x: 3009, z: 3345, level: 0 } aim=WorldTile { x: 3008, z: 3334, level: 0 } radius=2 ticks_waited=2 sent_tile=Some(WorldTile { x: 3009, z: 3351, level: 0 })
[nav-follow] here=WorldTile { x: 3009, z: 3345, level: 0 } walk=true transport=false leg=0 hops=2 outcome=None
[host] hitch livedibike_0: observe_us=30492 paints=0 skips=3618 ticks=173
[nav-walk] here=WorldTile { x: 3008, z: 3343, level: 0 } aim=WorldTile { x: 3008, z: 3334, level: 0 } radius=2 ticks_waited=3 sent_tile=Some(WorldTile { x: 3009, z: 3351, level: 0 })
[nav-follow] here=WorldTile { x: 3008, z: 3343, level: 0 } walk=true transport=false leg=0 hops=2 outcome=None
[host] hitch livedibike_0: observe_us=19081 paints=0 skips=3643 ticks=174
[host] slot livedibike_0: d_loop_us=1062 d_raster_us=0 d_observe_us=96359 max_observe_us=30492 d_paints=0 d_skips=50 d_ticks=2 window_ms=1198
[nav-walk] here=WorldTile { x: 3008, z: 3341, level: 0 } aim=WorldTile { x: 3008, z: 3334, level: 0 } radius=2 ticks_waited=4 sent_tile=Some(WorldTile { x: 3009, z: 3351, level: 0 })
[nav-follow] here=WorldTile { x: 3008, z: 3341, level: 0 } walk=true transport=false leg=0 hops=2 outcome=None
[host] hitch livedibike_0: observe_us=28235 paints=0 skips=3668 ticks=175
[nav-walk] here=WorldTile { x: 3008, z: 3339, level: 0 } aim=WorldTile { x: 3008, z: 3334, level: 0 } radius=2 ticks_waited=5 sent_tile=Some(WorldTile { x: 3009, z: 3351, level: 0 })
[nav-follow] here=WorldTile { x: 3008, z: 3339, level: 0 } walk=true transport=false leg=0 hops=2 outcome=None
[host] hitch livedibike_0: observe_us=31316 paints=0 skips=3693 ticks=176
[host] slot livedibike_0: d_loop_us=971 d_raster_us=0 d_observe_us=99790 max_observe_us=31316 d_paints=0 d_skips=50 d_ticks=2 window_ms=1208
[nav-walk] here=WorldTile { x: 3008, z: 3337, level: 0 } aim=WorldTile { x: 3008, z: 3334, level: 0 } radius=2 ticks_waited=6 sent_tile=Some(WorldTile { x: 3009, z: 3351, level: 0 })
[nav-follow] here=WorldTile { x: 3008, z: 3337, level: 0 } walk=true transport=false leg=0 hops=2 outcome=None
[host] hitch livedibike_0: observe_us=29934 paints=0 skips=3718 ticks=177
[nav-walk] here=WorldTile { x: 3008, z: 3335, level: 0 } aim=WorldTile { x: 3008, z: 3334, level: 0 } radius=2 ticks_waited=7 sent_tile=Some(WorldTile { x: 3009, z: 3351, level: 0 })
[nav-follow] here=WorldTile { x: 3008, z: 3335, level: 0 } walk=true transport=false leg=0 hops=3 outcome=None
[host] hitch livedibike_0: observe_us=35620 paints=0 skips=3743 ticks=178
[host] slot livedibike_0: d_loop_us=1222 d_raster_us=0 d_observe_us=108532 max_observe_us=35620 d_paints=0 d_skips=50 d_ticks=2 window_ms=1215
[nav-walk] here=WorldTile { x: 3008, z: 3333, level: 0 } aim=WorldTile { x: 3001, z: 3318, level: 0 } radius=2 ticks_waited=0 sent_tile=Some(WorldTile { x: 3008, z: 3335, level: 0 })
[nav-follow] here=WorldTile { x: 3008, z: 3333, level: 0 } walk=true transport=false leg=0 hops=3 outcome=None
[host] hitch livedibike_0: observe_us=30052 paints=0 skips=3767 ticks=179
[nav-walk] here=WorldTile { x: 3008, z: 3331, level: 0 } aim=WorldTile { x: 3001, z: 3318, level: 0 } radius=2 ticks_waited=1 sent_tile=Some(WorldTile { x: 3008, z: 3335, level: 0 })
[nav-follow] here=WorldTile { x: 3008, z: 3331, level: 0 } walk=true transport=false leg=0 hops=3 outcome=None
[host] hitch livedibike_0: observe_us=29935 paints=0 skips=3792 ticks=180
[host] slot livedibike_0: d_loop_us=974 d_raster_us=0 d_observe_us=102966 max_observe_us=30052 d_paints=0 d_skips=50 d_ticks=2 window_ms=1212
[nav-walk] here=WorldTile { x: 3008, z: 3329, level: 0 } aim=WorldTile { x: 3001, z: 3318, level: 0 } radius=2 ticks_waited=2 sent_tile=Some(WorldTile { x: 3008, z: 3335, level: 0 })
[nav-follow] here=WorldTile { x: 3008, z: 3329, level: 0 } walk=true transport=false leg=0 hops=3 outcome=None
[host] hitch livedibike_0: observe_us=30770 paints=0 skips=3817 ticks=181
[nav-walk] here=WorldTile { x: 3008, z: 3327, level: 0 } aim=WorldTile { x: 3001, z: 3318, level: 0 } radius=2 ticks_waited=3 sent_tile=Some(WorldTile { x: 3008, z: 3335, level: 0 })
[nav-follow] here=WorldTile { x: 3008, z: 3327, level: 0 } walk=true transport=false leg=0 hops=3 outcome=None
[host] hitch livedibike_0: observe_us=24198 paints=0 skips=3841 ticks=182
[host] slot livedibike_0: d_loop_us=953 d_raster_us=0 d_observe_us=96874 max_observe_us=30770 d_paints=0 d_skips=50 d_ticks=2 window_ms=1196
[nav-walk] here=WorldTile { x: 3008, z: 3325, level: 0 } aim=WorldTile { x: 3001, z: 3318, level: 0 } radius=2 ticks_waited=4 sent_tile=Some(WorldTile { x: 3008, z: 3335, level: 0 })
[nav-follow] here=WorldTile { x: 3008, z: 3325, level: 0 } walk=true transport=false leg=0 hops=3 outcome=None
[host] hitch livedibike_0: observe_us=33578 paints=0 skips=3868 ticks=183
[nav-walk] here=WorldTile { x: 3006, z: 3323, level: 0 } aim=WorldTile { x: 3001, z: 3318, level: 0 } radius=2 ticks_waited=5 sent_tile=Some(WorldTile { x: 3008, z: 3335, level: 0 })
[nav-follow] here=WorldTile { x: 3006, z: 3323, level: 0 } walk=true transport=false leg=0 hops=3 outcome=None
[host] hitch livedibike_0: observe_us=33457 paints=0 skips=3893 ticks=184
[host] slot livedibike_0: d_loop_us=1083 d_raster_us=0 d_observe_us=114647 max_observe_us=33578 d_paints=0 d_skips=50 d_ticks=2 window_ms=1192
[nav-walk] here=WorldTile { x: 3004, z: 3321, level: 0 } aim=WorldTile { x: 3001, z: 3318, level: 0 } radius=2 ticks_waited=6 sent_tile=Some(WorldTile { x: 3008, z: 3335, level: 0 })
[nav-follow] here=WorldTile { x: 3004, z: 3321, level: 0 } walk=true transport=false leg=0 hops=3 outcome=None
[host] hitch livedibike_0: observe_us=30312 paints=0 skips=3917 ticks=185
[nav-walk] here=WorldTile { x: 3002, z: 3319, level: 0 } aim=WorldTile { x: 3001, z: 3318, level: 0 } radius=2 ticks_waited=7 sent_tile=Some(WorldTile { x: 3008, z: 3335, level: 0 })
[nav-follow] here=WorldTile { x: 3002, z: 3319, level: 0 } walk=true transport=false leg=0 hops=4 outcome=None
[host] hitch livedibike_0: observe_us=32539 paints=0 skips=3942 ticks=186
[host] slot livedibike_0: d_loop_us=937 d_raster_us=0 d_observe_us=111890 max_observe_us=32539 d_paints=0 d_skips=50 d_ticks=2 window_ms=1205
[nav-walk] here=WorldTile { x: 3001, z: 3317, level: 0 } aim=WorldTile { x: 2995, z: 3302, level: 0 } radius=2 ticks_waited=0 sent_tile=Some(WorldTile { x: 3002, z: 3319, level: 0 })
[nav-follow] here=WorldTile { x: 3001, z: 3317, level: 0 } walk=true transport=false leg=0 hops=4 outcome=None
[host] hitch livedibike_0: observe_us=30049 paints=0 skips=3967 ticks=187
[nav-walk] here=WorldTile { x: 3001, z: 3315, level: 0 } aim=WorldTile { x: 2995, z: 3302, level: 0 } radius=2 ticks_waited=1 sent_tile=Some(WorldTile { x: 3002, z: 3319, level: 0 })
[nav-follow] here=WorldTile { x: 3001, z: 3315, level: 0 } walk=true transport=false leg=0 hops=4 outcome=None
[host] hitch livedibike_0: observe_us=24913 paints=0 skips=3992 ticks=188
[host] slot livedibike_0: d_loop_us=870 d_raster_us=0 d_observe_us=93058 max_observe_us=30049 d_paints=0 d_skips=50 d_ticks=2 window_ms=1206
[nav-walk] here=WorldTile { x: 2999, z: 3313, level: 0 } aim=WorldTile { x: 2995, z: 3302, level: 0 } radius=2 ticks_waited=2 sent_tile=Some(WorldTile { x: 3002, z: 3319, level: 0 })
[nav-follow] here=WorldTile { x: 2999, z: 3313, level: 0 } walk=true transport=false leg=0 hops=4 outcome=None
[host] hitch livedibike_0: observe_us=22084 paints=0 skips=4017 ticks=189
[nav-walk] here=WorldTile { x: 2999, z: 3311, level: 0 } aim=WorldTile { x: 2995, z: 3302, level: 0 } radius=2 ticks_waited=3 sent_tile=Some(WorldTile { x: 3002, z: 3319, level: 0 })
[nav-follow] here=WorldTile { x: 2999, z: 3311, level: 0 } walk=true transport=false leg=0 hops=4 outcome=None
[host] hitch livedibike_0: observe_us=24622 paints=0 skips=4042 ticks=190
[host] slot livedibike_0: d_loop_us=788 d_raster_us=0 d_observe_us=87570 max_observe_us=24622 d_paints=0 d_skips=50 d_ticks=2 window_ms=1178
[nav-walk] here=WorldTile { x: 2998, z: 3309, level: 0 } aim=WorldTile { x: 2995, z: 3302, level: 0 } radius=2 ticks_waited=4 sent_tile=Some(WorldTile { x: 3002, z: 3319, level: 0 })
[nav-follow] here=WorldTile { x: 2998, z: 3309, level: 0 } walk=true transport=false leg=0 hops=4 outcome=None
[host] hitch livedibike_0: observe_us=29163 paints=0 skips=4068 ticks=191
[nav-walk] here=WorldTile { x: 2998, z: 3307, level: 0 } aim=WorldTile { x: 2995, z: 3302, level: 0 } radius=2 ticks_waited=5 sent_tile=Some(WorldTile { x: 3002, z: 3319, level: 0 })
[nav-follow] here=WorldTile { x: 2998, z: 3307, level: 0 } walk=true transport=false leg=0 hops=4 outcome=None
[host] hitch livedibike_0: observe_us=30792 paints=0 skips=4093 ticks=192
[host] slot livedibike_0: d_loop_us=919 d_raster_us=0 d_observe_us=103008 max_observe_us=30792 d_paints=0 d_skips=50 d_ticks=2 window_ms=1199
[nav-walk] here=WorldTile { x: 2998, z: 3305, level: 0 } aim=WorldTile { x: 2995, z: 3302, level: 0 } radius=2 ticks_waited=6 sent_tile=Some(WorldTile { x: 3002, z: 3319, level: 0 })
[nav-follow] here=WorldTile { x: 2998, z: 3305, level: 0 } walk=true transport=false leg=0 hops=4 outcome=None
[host] hitch livedibike_0: observe_us=27343 paints=0 skips=4118 ticks=193
[nav-walk] here=WorldTile { x: 2996, z: 3303, level: 0 } aim=WorldTile { x: 2995, z: 3302, level: 0 } radius=2 ticks_waited=7 sent_tile=Some(WorldTile { x: 3002, z: 3319, level: 0 })
[nav-follow] here=WorldTile { x: 2996, z: 3303, level: 0 } walk=true transport=false leg=0 hops=5 outcome=None
[host] hitch livedibike_0: observe_us=28551 paints=0 skips=4142 ticks=194
[host] slot livedibike_0: d_loop_us=687 d_raster_us=0 d_observe_us=92298 max_observe_us=28551 d_paints=0 d_skips=50 d_ticks=2 window_ms=1212
[nav-walk] here=WorldTile { x: 2994, z: 3301, level: 0 } aim=WorldTile { x: 2989, z: 3295, level: 0 } radius=0 ticks_waited=0 sent_tile=Some(WorldTile { x: 2996, z: 3303, level: 0 })
[nav-follow] here=WorldTile { x: 2994, z: 3301, level: 0 } walk=true transport=false leg=0 hops=5 outcome=None
[host] hitch livedibike_0: observe_us=30123 paints=0 skips=4167 ticks=195
[nav-walk] here=WorldTile { x: 2993, z: 3299, level: 0 } aim=WorldTile { x: 2989, z: 3295, level: 0 } radius=0 ticks_waited=1 sent_tile=Some(WorldTile { x: 2996, z: 3303, level: 0 })
[nav-follow] here=WorldTile { x: 2993, z: 3299, level: 0 } walk=true transport=false leg=0 hops=5 outcome=None
[host] hitch livedibike_0: observe_us=31588 paints=0 skips=4192 ticks=196
[host] slot livedibike_0: d_loop_us=693 d_raster_us=0 d_observe_us=101316 max_observe_us=31588 d_paints=0 d_skips=50 d_ticks=2 window_ms=1203
[nav-walk] here=WorldTile { x: 2993, z: 3297, level: 0 } aim=WorldTile { x: 2989, z: 3295, level: 0 } radius=0 ticks_waited=2 sent_tile=Some(WorldTile { x: 2996, z: 3303, level: 0 })
[nav-follow] here=WorldTile { x: 2993, z: 3297, level: 0 } walk=true transport=false leg=0 hops=5 outcome=None
[host] hitch livedibike_0: observe_us=30020 paints=0 skips=4217 ticks=197
[host] slot livedibike_0: d_loop_us=13882 d_raster_us=0 d_observe_us=113506 max_observe_us=30020 d_paints=0 d_skips=50 d_ticks=2 window_ms=1194
[nav-walk] here=WorldTile { x: 2989, z: 3295, level: 0 } aim=WorldTile { x: 2989, z: 3295, level: 0 } radius=0 ticks_waited=3 sent_tile=Some(WorldTile { x: 2996, z: 3303, level: 0 })
[nav-follow] here=WorldTile { x: 2989, z: 3295, level: 0 } walk=false transport=false leg=1 hops=5 outcome=Some(Arrived { at: WorldTile { x: 2989, z: 3295, level: 0 } })
[host] hitch livedibike_0: observe_us=22869 paints=0 skips=4268 ticks=199
[script livedibike_0] using the Air talisman on the mysterious ruins
[script livedibike_0] interact UseOn { name: "Air talisman", kind: "loc", target_name: Some("Mysterious ruins"), x: 2984, z: 3291, level: 0, index: None, source_item_id: Some(1438), source_item_slot: Some(0), target_item_id: None, target_item_slot: None }
[host] hitch livedibike_0: observe_us=27966 paints=0 skips=4293 ticks=200
[host] slot livedibike_0: d_loop_us=691 d_raster_us=0 d_observe_us=104621 max_observe_us=27966 d_paints=0 d_skips=50 d_ticks=2 window_ms=1194
[host] hitch livedibike_0: observe_us=27200 paints=0 skips=4318 ticks=201
[host] slot livedibike_0: d_loop_us=751 d_raster_us=0 d_observe_us=89807 max_observe_us=27200 d_paints=0 d_skips=50 d_ticks=2 window_ms=1194
[host] hitch livedibike_0: observe_us=16800 paints=0 skips=4368 ticks=203
[host] slot livedibike_0: d_loop_us=2680 d_raster_us=0 d_observe_us=97299 max_observe_us=16800 d_paints=0 d_skips=50 d_ticks=2 window_ms=1106
[host] hitch livedibike_0: observe_us=22060 paints=0 skips=4425 ticks=205
[script livedibike_0] entered the altar
[host] slot livedibike_0: d_loop_us=5715 d_raster_us=0 d_observe_us=78662 max_observe_us=22060 d_paints=0 d_skips=50 d_ticks=2 window_ms=1112
[script livedibike_0] crafting 27 essence at the altar
[script livedibike_0] interact Loc { x: 2843, z: 4833, level: 0, action: "Craft-rune", id: Some(2478) }
[host] slot livedibike_0: d_loop_us=738 d_raster_us=0 d_observe_us=69021 max_observe_us=14432 d_paints=0 d_skips=50 d_ticks=2 window_ms=1192
[host] hitch livedibike_0: observe_us=16720 paints=0 skips=4500 ticks=208
PASS: catalog_boundary_live: {"scenario":"rune_crafter","runner":"Some(Evidence { scenario: \"rune_crafter\", outcome: \"PASS\", predicate: \"has_item_id(556)>=1\", ticks: 252, elapsed_ms: 136412, message: None, tile: Some([2843, 4832, 0]), inv: [InvRow { id: 1438, name: Some(\"Air talisman\"), count: 1 }, InvRow { id: 556, name: Some(\"Air rune\"), count: 27 }], stat: Some(StatRow { runenergy: 23 }), chat: [ChatRow { text: \"You bind the temple's power into Air Runes.\", username: None }, ChatRow { text: \"You feel a powerful force take hold of you...\", username: None }, ChatRow { text: \"You hold the Air Talisman towards the mysterious ruins.\", username: None }, ChatRow { text: \"You don't have enough inventory space to withdraw that many.\", username: None }, ChatRow { text: \"You step through the portal...\", username: None }, ChatRow { text: \"Congratulations, you just advanced a runecraft level.\", username: None }, ChatRow { text: \"You bind the temple's power into Air Runes.\", username: None }, ChatRow { text: \"You feel a powerful force take hold of you...\", username: None }, ChatRow { text: \"You hold the Air Talisman towards the mysterious ruins.\", username: None }, ChatRow { text: \"You don't have enough inventory space to withdraw that many.\", username: None }, ChatRow { text: \"Inventory wiped.\", username: None }, ChatRow { text: \"set tutorial: to 1000\", username: None }, ChatRow { text: \"Welcome to RuneScape.\", username: None }], scene: 2 })","core":{"case":"rune_crafter","baseline":{"ingame":true,"scene_state":2,"player":"Livedibike 0","tile":[3012,3355,0],"tick":29,"items":{},"item_ids":{},"bank":{},"bank_ids":{},"bank_open":false,"bank_loaded":false,"bank_generation":2,"levels":{"-unused-":0,"agility":1,"attack":1,"cooking":1,"crafting":1,"defence":1,"firemaking":1,"fishing":1,"fletching":1,"herblore":1,"hitpoints":10,"magic":1,"mining":1,"prayer":1,"ranged":1,"runecraft":1,"slayer":1,"smithing":1,"strength":1,"thieving":1,"woodcutting":1},"xp":{"-unused-":0,"agility":0,"attack":0,"cooking":0,"crafting":0,"defence":0,"firemaking":0,"fishing":0,"fletching":0,"herblore":0,"hitpoints":1154,"magic":0,"mining":0,"prayer":0,"ranged":0,"runecraft":0,"slayer":0,"smithing":0,"strength":0,"thieving":0,"woodcutting":0},"chat":[[7,"Inventory wiped."],[6,"set tutorial: to 1000"],[5,"Welcome to RuneScape."]],"loc_facts":[],"equipment_ids":{},"main_modal":-1,"widget_ids":[3213,3214]},"latest":{"ingame":true,"scene_state":2,"player":"Livedibike 0","tile":[2843,4832,0],"tick":209,"items":{"Air rune":27,"Air talisman":1},"item_ids":{"556":27,"1438":1},"bank":{},"bank_ids":{},"bank_open":false,"bank_loaded":false,"bank_generation":6,"levels":{"-unused-":0,"agility":1,"attack":1,"cooking":1,"crafting":1,"defence":1,"firemaking":1,"fishing":1,"fletching":1,"herblore":1,"hitpoints":10,"magic":1,"mining":1,"prayer":1,"ranged":1,"runecraft":3,"slayer":1,"smithing":1,"strength":1,"thieving":1,"woodcutting":1},"xp":{"-unused-":0,"agility":0,"attack":0,"cooking":0,"crafting":0,"defence":0,"firemaking":0,"fishing":0,"fletching":0,"herblore":0,"hitpoints":1154,"magic":0,"mining":0,"prayer":0,"ranged":0,"runecraft":270,"slayer":0,"smithing":0,"strength":0,"thieving":0,"woodcutting":0},"chat":[[17,"You bind the temple's power into Air Runes."],[16,"You feel a powerful force take hold of you..."],[15,"You hold the Air Talisman towards the mysterious ruins."],[14,"You don't have enough inventory space to withdraw that many."],[13,"You step through the portal..."],[12,"Congratulations, you just advanced a runecraft level."],[11,"You bind the temple's power into Air Runes."],[10,"You feel a powerful force take hold of you..."],[9,"You hold the Air Talisman towards the mysterious ruins."],[8,"You don't have enough inventory space to withdraw that many."],[7,"Inventory wiped."],[6,"set tutorial: to 1000"],[5,"Welcome to RuneScape."]],"loc_facts":[],"equipment_ids":{},"main_modal":-1,"widget_ids":[3213,3214]},"max_items":{"Air rune":27,"Air talisman":1,"Rune essence":27},"max_xp":{"-unused-":0,"agility":0,"attack":0,"cooking":0,"crafting":0,"defence":0,"firemaking":0,"fishing":0,"fletching":0,"herblore":0,"hitpoints":1154,"magic":0,"mining":0,"prayer":0,"ranged":0,"runecraft":270,"slayer":0,"smithing":0,"strength":0,"thieving":0,"woodcutting":0},"saw_bury_chat":false,"post_start_observations":4380,"bone_bank_cycle":{"first_batch_buried":false,"opened":null,"withdrawn":null,"buried_after_withdrawal":false},"bank_fletcher_cycle":{"first_pack_created":false,"deposited":null,"withdrawn":null,"crafted_after_withdrawal":false},"bank_fletcher_string_cycle":{"initial_pairs_strung":false,"deposited":null,"withdrawn":null,"strung_after_withdrawal":false},"bank_fletcher_cut_string_cycle":{"cut_pair_created":false,"deposited":null,"withdrawn":null,"string_pair_created":false},"alcher_generated_custom_cycle":{"withdrawn":null,"consumed":false},"dart_fletcher_cycle":{"first":null,"further":false,"wrong_tier":false},"herb_cleaner_cycle":{"first_pack":false,"deposited":null,"withdrawn":null,"cleaned_after_withdrawal":false,"filter_violated":false},"gem_cutter_cycle":{"first_pack":false,"deposited":null,"withdrawn":null,"cut_after_withdrawal":false,"filter_violated":false},"door_opener_cycle":{"selected":null,"opened":false},"gnome_course_cycle":{"log":null,"ground_return":null,"pipe":null,"second_lap":false},"flax_picker_cycle":{"first_pack":false,"deposited":null,"returned":false,"further":false},"superheater_cycle":{"first_bars":false,"deposited":null,"withdrawn":null,"produced_after_withdrawal":false,"wrong_product":false,"wrong_staff":false},"chicken_killer_bank_cycle":{"combat_loot":false,"deposited":null,"returned":false,"further":false},"vial_filler_cycle":{"filled":null,"deposited":null,"withdrawn":null,"returned":false,"further":false},"potion_maker_cycle":{"unfinished":null,"finished":null,"deposited":null,"withdrawn":null,"further":false,"wrong_product":false,"filter_violated":false},"tanner_bot_cycle":{"widget":null,"tanned":null,"deposited":null,"withdrawn":null,"returned":false,"further":false,"wrong_product":false,"shop":false},"rune_crafter_cycle":{"withdrawn":{"ingame":true,"scene_state":2,"player":"Livedibike 0","tile":[3011,3355,0],"tick":41,"items":{"Air talisman":1,"Rune essence":27},"item_ids":{"1436":27,"1438":1},"bank":{"Rune essence":200},"bank_ids":{"1436":200},"bank_open":true,"bank_loaded":true,"bank_generation":3,"levels":{"-unused-":0,"agility":1,"attack":1,"cooking":1,"crafting":1,"defence":1,"firemaking":1,"fishing":1,"fletching":1,"herblore":1,"hitpoints":10,"magic":1,"mining":1,"prayer":1,"ranged":1,"runecraft":1,"slayer":1,"smithing":1,"strength":1,"thieving":1,"woodcutting":1},"xp":{"-unused-":0,"agility":0,"attack":0,"cooking":0,"crafting":0,"defence":0,"firemaking":0,"fishing":0,"fletching":0,"herblore":0,"hitpoints":1154,"magic":0,"mining":0,"prayer":0,"ranged":0,"runecraft":0,"slayer":0,"smithing":0,"strength":0,"thieving":0,"woodcutting":0},"chat":[[8,"You don't have enough inventory space to withdraw that many."],[7,"Inventory wiped."],[6,"set tutorial: to 1000"],[5,"Welcome to RuneScape."]],"loc_facts":[],"equipment_ids":{},"main_modal":5292,"widget_ids":[2005,2006,5292,5293,5294,5295,5296,5297,5298,5299,5300,5301,5302,5303,5304,5305,5306,5307,5308,5309,5310,5311,5312,5313,5314,5315,5316,5317,5318,5319,5320,5321,5322,5323,5324,5325,5326,5327,5328,5329,5330,5331,5332,5333,5334,5335,5336,5337,5338,5339,5340,5341,5342,5343,5344,5345,5346,5347,5348,5349,5350,5351,5352,5353,5354,5355,5356,5357,5358,5359,5360,5361,5362,5363,5364,5365,5366,5367,5368,5369,5370,5371,5372,5373,5374,5375,5376,5377,5378,5379,5380,5381,5382,5383,5384,5385,5386,5387,5388,5389,5390,5391,8130,8131,8132,8133]},"entered":{"ingame":true,"scene_state":2,"player":"Livedibike 0","tile":[2841,4830,0],"tick":86,"items":{"Air talisman":1,"Rune essence":27},"item_ids":{"1436":27,"1438":1},"bank":{},"bank_ids":{},"bank_open":false,"bank_loaded":false,"bank_generation":4,"levels":{"-unused-":0,"agility":1,"attack":1,"cooking":1,"crafting":1,"defence":1,"firemaking":1,"fishing":1,"fletching":1,"herblore":1,"hitpoints":10,"magic":1,"mining":1,"prayer":1,"ranged":1,"runecraft":1,"slayer":1,"smithing":1,"strength":1,"thieving":1,"woodcutting":1},"xp":{"-unused-":0,"agility":0,"attack":0,"cooking":0,"crafting":0,"defence":0,"firemaking":0,"fishing":0,"fletching":0,"herblore":0,"hitpoints":1154,"magic":0,"mining":0,"prayer":0,"ranged":0,"runecraft":0,"slayer":0,"smithing":0,"strength":0,"thieving":0,"woodcutting":0},"chat":[[10,"You feel a powerful force take hold of you..."],[9,"You hold the Air Talisman towards the mysterious ruins."],[8,"You don't have enough inventory space to withdraw that many."],[7,"Inventory wiped."],[6,"set tutorial: to 1000"],[5,"Welcome to RuneScape."]],"loc_facts":[],"equipment_ids":{},"main_modal":-1,"widget_ids":[3213,3214]},"crafted":{"ingame":true,"scene_state":2,"player":"Livedibike 0","tile":[2843,4832,0],"tick":91,"items":{"Air rune":27,"Air talisman":1},"item_ids":{"556":27,"1438":1},"bank":{},"bank_ids":{},"bank_open":false,"bank_loaded":false,"bank_generation":4,"levels":{"-unused-":0,"agility":1,"attack":1,"cooking":1,"crafting":1,"defence":1,"firemaking":1,"fishing":1,"fletching":1,"herblore":1,"hitpoints":10,"magic":1,"mining":1,"prayer":1,"ranged":1,"runecraft":2,"slayer":1,"smithing":1,"strength":1,"thieving":1,"woodcutting":1},"xp":{"-unused-":0,"agility":0,"attack":0,"cooking":0,"crafting":0,"defence":0,"firemaking":0,"fishing":0,"fletching":0,"herblore":0,"hitpoints":1154,"magic":0,"mining":0,"prayer":0,"ranged":0,"runecraft":135,"slayer":0,"smithing":0,"strength":0,"thieving":0,"woodcutting":0},"chat":[[11,"You bind the temple's power into Air Runes."],[10,"You feel a powerful force take hold of you..."],[9,"You hold the Air Talisman towards the mysterious ruins."],[8,"You don't have enough inventory space to withdraw that many."],[7,"Inventory wiped."],[6,"set tutorial: to 1000"],[5,"Welcome to RuneScape."]],"loc_facts":[],"equipment_ids":{},"main_modal":-1,"widget_ids":[3213,3214]},"exited":{"ingame":true,"scene_state":2,"player":"Livedibike 0","tile":[2983,3288,0],"tick":99,"items":{"Air rune":27,"Air talisman":1},"item_ids":{"556":27,"1438":1},"bank":{},"bank_ids":{},"bank_open":false,"bank_loaded":false,"bank_generation":4,"levels":{"-unused-":0,"agility":1,"attack":1,"cooking":1,"crafting":1,"defence":1,"firemaking":1,"fishing":1,"fletching":1,"herblore":1,"hitpoints":10,"magic":1,"mining":1,"prayer":1,"ranged":1,"runecraft":2,"slayer":1,"smithing":1,"strength":1,"thieving":1,"woodcutting":1},"xp":{"-unused-":0,"agility":0,"attack":0,"cooking":0,"crafting":0,"defence":0,"firemaking":0,"fishing":0,"fletching":0,"herblore":0,"hitpoints":1154,"magic":0,"mining":0,"prayer":0,"ranged":0,"runecraft":135,"slayer":0,"smithing":0,"strength":0,"thieving":0,"woodcutting":0},"chat":[[13,"You step through the portal..."],[12,"Congratulations, you just advanced a runecraft level."],[11,"You bind the temple's power into Air Runes."],[10,"You feel a powerful force take hold of you..."],[9,"You hold the Air Talisman towards the mysterious ruins."],[8,"You don't have enough inventory space to withdraw that many."],[7,"Inventory wiped."],[6,"set tutorial: to 1000"],[5,"Welcome to RuneScape."]],"loc_facts":[],"equipment_ids":{},"main_modal":-1,"widget_ids":[3213,3214]},"deposited":{"ingame":true,"scene_state":2,"player":"Livedibike 0","tile":[3011,3355,0],"tick":158,"items":{"Air talisman":1},"item_ids":{"1438":1},"bank":{"Air rune":27,"Rune essence":173},"bank_ids":{"556":27,"1436":173},"bank_open":true,"bank_loaded":true,"bank_generation":5,"levels":{"-unused-":0,"agility":1,"attack":1,"cooking":1,"crafting":1,"defence":1,"firemaking":1,"fishing":1,"fletching":1,"herblore":1,"hitpoints":10,"magic":1,"mining":1,"prayer":1,"ranged":1,"runecraft":2,"slayer":1,"smithing":1,"strength":1,"thieving":1,"woodcutting":1},"xp":{"-unused-":0,"agility":0,"attack":0,"cooking":0,"crafting":0,"defence":0,"firemaking":0,"fishing":0,"fletching":0,"herblore":0,"hitpoints":1154,"magic":0,"mining":0,"prayer":0,"ranged":0,"runecraft":135,"slayer":0,"smithing":0,"strength":0,"thieving":0,"woodcutting":0},"chat":[[13,"You step through the portal..."],[12,"Congratulations, you just advanced a runecraft level."],[11,"You bind the temple's power into Air Runes."],[10,"You feel a powerful force take hold of you..."],[9,"You hold the Air Talisman towards the mysterious ruins."],[8,"You don't have enough inventory space to withdraw that many."],[7,"Inventory wiped."],[6,"set tutorial: to 1000"],[5,"Welcome to RuneScape."]],"loc_facts":[],"equipment_ids":{},"main_modal":5292,"widget_ids":[2005,2006,5292,5293,5294,5295,5296,5297,5298,5299,5300,5301,5302,5303,5304,5305,5306,5307,5308,5309,5310,5311,5312,5313,5314,5315,5316,5317,5318,5319,5320,5321,5322,5323,5324,5325,5326,5327,5328,5329,5330,5331,5332,5333,5334,5335,5336,5337,5338,5339,5340,5341,5342,5343,5344,5345,5346,5347,5348,5349,5350,5351,5352,5353,5354,5355,5356,5357,5358,5359,5360,5361,5362,5363,5364,5365,5366,5367,5368,5369,5370,5371,5372,5373,5374,5375,5376,5377,5378,5379,5380,5381,5382,5383,5384,5385,5386,5387,5388,5389,5390,5391,8130,8131,8132,8133]},"restocked":{"ingame":true,"scene_state":2,"player":"Livedibike 0","tile":[3011,3355,0],"tick":160,"items":{"Air talisman":1,"Rune essence":27},"item_ids":{"1436":27,"1438":1},"bank":{"Air rune":27,"Rune essence":146},"bank_ids":{"556":27,"1436":146},"bank_open":true,"bank_loaded":true,"bank_generation":5,"levels":{"-unused-":0,"agility":1,"attack":1,"cooking":1,"crafting":1,"defence":1,"firemaking":1,"fishing":1,"fletching":1,"herblore":1,"hitpoints":10,"magic":1,"mining":1,"prayer":1,"ranged":1,"runecraft":2,"slayer":1,"smithing":1,"strength":1,"thieving":1,"woodcutting":1},"xp":{"-unused-":0,"agility":0,"attack":0,"cooking":0,"crafting":0,"defence":0,"firemaking":0,"fishing":0,"fletching":0,"herblore":0,"hitpoints":1154,"magic":0,"mining":0,"prayer":0,"ranged":0,"runecraft":135,"slayer":0,"smithing":0,"strength":0,"thieving":0,"woodcutting":0},"chat":[[14,"You don't have enough inventory space to withdraw that many."],[13,"You step through the portal..."],[12,"Congratulations, you just advanced a runecraft level."],[11,"You bind the temple's power into Air Runes."],[10,"You feel a powerful force take hold of you..."],[9,"You hold the Air Talisman towards the mysterious ruins."],[8,"You don't have enough inventory space to withdraw that many."],[7,"Inventory wiped."],[6,"set tutorial: to 1000"],[5,"Welcome to RuneScape."]],"loc_facts":[],"equipment_ids":{},"main_modal":5292,"widget_ids":[2005,2006,5292,5293,5294,5295,5296,5297,5298,5299,5300,5301,5302,5303,5304,5305,5306,5307,5308,5309,5310,5311,5312,5313,5314,5315,5316,5317,5318,5319,5320,5321,5322,5323,5324,5325,5326,5327,5328,5329,5330,5331,5332,5333,5334,5335,5336,5337,5338,5339,5340,5341,5342,5343,5344,5345,5346,5347,5348,5349,5350,5351,5352,5353,5354,5355,5356,5357,5358,5359,5360,5361,5362,5363,5364,5365,5366,5367,5368,5369,5370,5371,5372,5373,5374,5375,5376,5377,5378,5379,5380,5381,5382,5383,5384,5385,5386,5387,5388,5389,5390,5391,8130,8131,8132,8133]},"returned":true,"further":true,"wrong_product":false,"noted":false},"ardy_cakes_cycle":{"stolen":null,"deposited":null,"returned":false,"further":false,"wrong_product":false,"noted":false},"ardy_thiever_cycle":{"pickpocketed":null,"deposited":null,"returned":false,"further":false},"ordered_first_exhausted":false}}
test catalog_boundary_live ... ok

test result: ok. 1 passed; 0 failed; 0 ignored; 0 measured; 28 filtered out; finished in 139.62s

