
running 1 test
{"phase":"identity","revision":289,"profile":"local-289 · 127.0.0.1:44594 · revision 289","cache_id":"c4d8ab36bcfd2a7907535b4f619e28623b0a22e98d496fd2a9620d544c5b5b09","nav_pack":"/Users/acfrazier/experiments/274bot/.worktrees/rs2b0t-multirevision/.superpowers/world-capabilities/289/274bot.navpack","nav_sha256":"131db92e32eddcb08148909d477589544320fe7e34a422e8004e97e888032924","catalog_commit":"100adccc037d9f6898080e1cad58fcfc43364775","catalog_identity":"pre-289 frozen catalog","catalog_read_only_path":".superpowers/inputs/rs2b0t-100adccc037d9f6898080e1cad58fcfc43364775","catalog_root":"/Users/acfrazier/experiments/274bot/.worktrees/rs2b0t-multirevision/.superpowers/inputs/rs2b0t-100adccc037d9f6898080e1cad58fcfc43364775","registry_path":"/Users/acfrazier/experiments/274bot/.worktrees/rs2b0t-multirevision/.superpowers/inputs/rs2b0t-100adccc037d9f6898080e1cad58fcfc43364775/src/bot/scripts/index.ts","registry_sha256":"b614aedb3d5adfdfbac3760f082273f3cf5c33fffe4ced0f2b01490ae02d1bc2","card":{"card":"Alcher","source_path":"/Users/acfrazier/experiments/274bot/.worktrees/rs2b0t-multirevision/.superpowers/inputs/rs2b0t-100adccc037d9f6898080e1cad58fcfc43364775/src/bot/scripts/Alcher/Alcher.ts","source_sha256":"1a09baa1117544a2bb80da145829e69c9ced029ad5af533616afa8e7a36f2032","compiled_sha256":"b135fe3d8a67fa4856830370523147832ce791f08c2e08290c2cf7cf82afab1e","siblings":[{"module":"/rs2b0t/bot/scripts/bot/AlcherLogic.js","compiled_sha256":"d531c3378e4510631386b4406dccc335ca1535ff38212f26bf9212fe19d8b61c"}],"settings":{"customItem":"","alchs":1.0,"items":["rune_platebody","rune_chainbody"]}},"account":"liverfmwjs_0","engine_speed_ms":null}
[host-play] slot liverfmwjs_0: thread up
274bot: snapshot load skipped: read /Users/acfrazier/.274bot/unpack-289/37214163f1e6ceca/models.bin: No such file or directory (os error 2)
[host-play] slot liverfmwjs_0: handshake begin reconnect=false
[host-play] slot liverfmwjs_0: handshake ok
[host] slot liverfmwjs_0: d_loop_us=3679 d_raster_us=0 d_observe_us=38507 max_observe_us=4564 d_paints=0 d_skips=50 d_ticks=1 window_ms=0
[host-play] slot liverfmwjs_0: queued mainland tele+setvar (scene 2)
[host-play] slot liverfmwjs_0: handshake begin reconnect=true
[host-play] slot liverfmwjs_0: handshake ok
[host] slot liverfmwjs_0: d_loop_us=954 d_raster_us=0 d_observe_us=42281 max_observe_us=3658 d_paints=0 d_skips=50 d_ticks=1 window_ms=0
[host-play] slot liverfmwjs_0: queued mainland tele+setvar (scene 2)
test catalog_boundary_live has been running for over 60 seconds
{"phase":"baseline-after-preparation","scenario":"alcher_ordered","account":"liverfmwjs_0","observation":{"ingame":true,"scene_state":2,"player":"Liverfmwjs 0","tile":[3185,3440,0],"tick":17,"items":{},"bank":{},"bank_open":false,"bank_loaded":false,"bank_generation":0,"levels":{"-unused-":0,"agility":1,"attack":1,"cooking":1,"crafting":1,"defence":1,"firemaking":1,"fishing":1,"fletching":1,"herblore":1,"hitpoints":10,"magic":55,"mining":1,"prayer":1,"ranged":1,"runecraft":1,"slayer":1,"smithing":1,"strength":1,"thieving":1,"woodcutting":1},"xp":{"-unused-":0,"agility":0,"attack":0,"cooking":0,"crafting":0,"defence":0,"firemaking":0,"fishing":0,"fletching":0,"herblore":0,"hitpoints":1154,"magic":166636,"mining":0,"prayer":0,"ranged":0,"runecraft":0,"slayer":0,"smithing":0,"strength":0,"thieving":0,"woodcutting":0},"chat":[[6,"set tutorial: to 1000"],[5,"Welcome to RuneScape."]]}}
[script liverfmwjs_0] start load
{"phase":"start","account":"liverfmwjs_0","count":1}
[host] hitch liverfmwjs_0: observe_us=102044 paints=0 skips=87 ticks=17
[script liverfmwjs_0] Alcher — High Level Alchemy on 2 item(s), richest first: Rune platebody, Rune chainbody
[script liverfmwjs_0] banking at Bank booth (Bank booth / Use-quickly)
[script liverfmwjs_0] interact OpenBooth { x: 3186, z: 3440, level: 0, id: 2213, name: Some("Bank booth"), action: Some("Use-quickly") }
[host] slot liverfmwjs_0: d_loop_us=25437 d_raster_us=0 d_observe_us=183291 max_observe_us=102044 d_paints=0 d_skips=50 d_ticks=17 window_ms=10492
[host] slot liverfmwjs_0: d_loop_us=1284 d_raster_us=0 d_observe_us=72412 max_observe_us=11243 d_paints=0 d_skips=50 d_ticks=2 window_ms=1167
[script liverfmwjs_0] interact Close
[shim-close] sent
[script liverfmwjs_0] interact Held { name: "Staff of fire", action: "Wield" }
[shim-held] Staff of fire Wield slot=0 -> sent
[host] slot liverfmwjs_0: d_loop_us=1678 d_raster_us=0 d_observe_us=100864 max_observe_us=14599 d_paints=0 d_skips=50 d_ticks=2 window_ms=1173
[script liverfmwjs_0] wore Staff of fire — casts need only Nature runes now
[script liverfmwjs_0] interact OpenBooth { x: 3186, z: 3440, level: 0, id: 2213, name: Some("Bank booth"), action: Some("Use-quickly") }
[host] slot liverfmwjs_0: d_loop_us=1233 d_raster_us=0 d_observe_us=75182 max_observe_us=11047 d_paints=0 d_skips=50 d_ticks=2 window_ms=1183
[host] slot liverfmwjs_0: d_loop_us=1213 d_raster_us=0 d_observe_us=67583 max_observe_us=11024 d_paints=0 d_skips=50 d_ticks=2 window_ms=1176
[script liverfmwjs_0] interact SetNoteMode { on: true }
[shim-note] on=true sent
[host] slot liverfmwjs_0: d_loop_us=1675 d_raster_us=0 d_observe_us=105610 max_observe_us=11769 d_paints=0 d_skips=50 d_ticks=2 window_ms=1186
[script liverfmwjs_0] withdrew 1 Rune platebody (noted, 39000gp each)
[script liverfmwjs_0] withdrew 1 Nature runes
[script liverfmwjs_0] interact Close
[shim-close] sent
[host] slot liverfmwjs_0: d_loop_us=1724 d_raster_us=0 d_observe_us=97390 max_observe_us=13115 d_paints=0 d_skips=50 d_ticks=2 window_ms=1159
[script liverfmwjs_0] restocked: 1 Rune platebody notes + 1 Nature runes
[script liverfmwjs_0] interact SideTab { tab: 6 }
[host] slot liverfmwjs_0: d_loop_us=1484 d_raster_us=0 d_observe_us=75704 max_observe_us=12304 d_paints=0 d_skips=50 d_ticks=2 window_ms=1186
[script liverfmwjs_0] interact UseWidgetOn { component_id: 1178, kind: "held", target_name: Some("Rune platebody"), x: 0, z: 0, level: 0, index: None }
[host] slot liverfmwjs_0: d_loop_us=1782 d_raster_us=0 d_observe_us=108829 max_observe_us=12949 d_paints=0 d_skips=50 d_ticks=2 window_ms=1188
[host] slot liverfmwjs_0: d_loop_us=1630 d_raster_us=0 d_observe_us=82129 max_observe_us=9235 d_paints=0 d_skips=50 d_ticks=2 window_ms=1188
[script liverfmwjs_0] interact OpenBooth { x: 3186, z: 3440, level: 0, id: 2213, name: Some("Bank booth"), action: Some("Use-quickly") }
[host] slot liverfmwjs_0: d_loop_us=1254 d_raster_us=0 d_observe_us=53658 max_observe_us=5091 d_paints=0 d_skips=50 d_ticks=2 window_ms=1169
[host] slot liverfmwjs_0: d_loop_us=1031 d_raster_us=0 d_observe_us=44661 max_observe_us=6352 d_paints=0 d_skips=50 d_ticks=2 window_ms=1183
[host] slot liverfmwjs_0: d_loop_us=1488 d_raster_us=0 d_observe_us=77009 max_observe_us=12318 d_paints=0 d_skips=50 d_ticks=2 window_ms=1174
[host] slot liverfmwjs_0: d_loop_us=1884 d_raster_us=0 d_observe_us=83212 max_observe_us=10944 d_paints=0 d_skips=50 d_ticks=2 window_ms=1161
[script liverfmwjs_0] cleared 1 items from the pack
[script liverfmwjs_0] interact SetNoteMode { on: true }
[shim-note] on=true sent
[host] slot liverfmwjs_0: d_loop_us=1553 d_raster_us=0 d_observe_us=73779 max_observe_us=10528 d_paints=0 d_skips=50 d_ticks=2 window_ms=1181
[script liverfmwjs_0] the bank is out of Rune platebody — moving on
[script liverfmwjs_0] withdrew 1 Rune chainbody (noted, 30000gp each)
[host] slot liverfmwjs_0: d_loop_us=1438 d_raster_us=0 d_observe_us=66357 max_observe_us=12059 d_paints=0 d_skips=50 d_ticks=2 window_ms=1175
[script liverfmwjs_0] withdrew 1 Nature runes
[script liverfmwjs_0] interact Close
[shim-close] sent
[script liverfmwjs_0] restocked: 1 Rune chainbody notes + 1 Nature runes
[host] slot liverfmwjs_0: d_loop_us=1669 d_raster_us=0 d_observe_us=68777 max_observe_us=11359 d_paints=0 d_skips=50 d_ticks=2 window_ms=1191
[script liverfmwjs_0] interact UseWidgetOn { component_id: 1178, kind: "held", target_name: Some("Rune chainbody"), x: 0, z: 0, level: 0, index: None }
PASS: catalog_boundary_live: {"scenario":"alcher_ordered","runner":"Some(Evidence { scenario: \"alcher_ordered\", outcome: \"PASS\", predicate: \"stat_xp_gain(6)>=1\", ticks: 41, elapsed_ms: 45203, message: None, tile: Some([3185, 3440, 0]), inv: [InvRow { id: 995, name: Some(\"Coins\"), count: 39000 }], stat: Some(StatRow { runenergy: 100 }), chat: [ChatRow { text: \"This item can not be withdrawn as a note.\", username: None }, ChatRow { text: \"set tutorial: to 1000\", username: None }, ChatRow { text: \"Welcome to RuneScape.\", username: None }], scene: 2 })","core":{"case":"alcher_ordered","baseline":{"ingame":true,"scene_state":2,"player":"Liverfmwjs 0","tile":[3185,3440,0],"tick":17,"items":{},"bank":{},"bank_open":false,"bank_loaded":false,"bank_generation":0,"levels":{"-unused-":0,"agility":1,"attack":1,"cooking":1,"crafting":1,"defence":1,"firemaking":1,"fishing":1,"fletching":1,"herblore":1,"hitpoints":10,"magic":55,"mining":1,"prayer":1,"ranged":1,"runecraft":1,"slayer":1,"smithing":1,"strength":1,"thieving":1,"woodcutting":1},"xp":{"-unused-":0,"agility":0,"attack":0,"cooking":0,"crafting":0,"defence":0,"firemaking":0,"fishing":0,"fletching":0,"herblore":0,"hitpoints":1154,"magic":166636,"mining":0,"prayer":0,"ranged":0,"runecraft":0,"slayer":0,"smithing":0,"strength":0,"thieving":0,"woodcutting":0},"chat":[[6,"set tutorial: to 1000"],[5,"Welcome to RuneScape."]]},"latest":{"ingame":true,"scene_state":2,"player":"Liverfmwjs 0","tile":[3185,3440,0],"tick":51,"items":{"Coins":30000},"bank":{},"bank_open":false,"bank_loaded":false,"bank_generation":6,"levels":{"-unused-":0,"agility":1,"attack":1,"cooking":1,"crafting":1,"defence":1,"firemaking":1,"fishing":1,"fletching":1,"herblore":1,"hitpoints":10,"magic":55,"mining":1,"prayer":1,"ranged":1,"runecraft":1,"slayer":1,"smithing":1,"strength":1,"thieving":1,"woodcutting":1},"xp":{"-unused-":0,"agility":0,"attack":0,"cooking":0,"crafting":0,"defence":0,"firemaking":0,"fishing":0,"fletching":0,"herblore":0,"hitpoints":1154,"magic":166766,"mining":0,"prayer":0,"ranged":0,"runecraft":0,"slayer":0,"smithing":0,"strength":0,"thieving":0,"woodcutting":0},"chat":[[8,"This item can not be withdrawn as a note."],[7,"This item can not be withdrawn as a note."],[6,"set tutorial: to 1000"],[5,"Welcome to RuneScape."]]},"max_items":{"Coins":39000,"Nature rune":1,"Rune chainbody":1,"Rune platebody":1,"Staff of fire":1},"max_xp":{"-unused-":0,"agility":0,"attack":0,"cooking":0,"crafting":0,"defence":0,"firemaking":0,"fishing":0,"fletching":0,"herblore":0,"hitpoints":1154,"magic":166766,"mining":0,"prayer":0,"ranged":0,"runecraft":0,"slayer":0,"smithing":0,"strength":0,"thieving":0,"woodcutting":0},"saw_bury_chat":false,"post_start_observations":839,"bone_bank_cycle":{"first_batch_buried":false,"opened":null,"withdrawn":null,"buried_after_withdrawal":false},"bank_fletcher_cycle":{"first_pack_created":false,"deposited":null,"withdrawn":null,"crafted_after_withdrawal":false},"ordered_first_exhausted":true}}
test catalog_boundary_live ... ok

test result: ok. 1 passed; 0 failed; 0 ignored; 0 measured; 9 filtered out; finished in 80.18s

