
running 1 test
{"phase":"identity","revision":289,"profile":"local-289 · 127.0.0.1:44594 · revision 289","cache_id":"c4d8ab36bcfd2a7907535b4f619e28623b0a22e98d496fd2a9620d544c5b5b09","nav_pack":"/Users/acfrazier/experiments/274bot/.worktrees/rs2b0t-multirevision/.superpowers/world-capabilities/289/274bot.navpack","nav_sha256":"131db92e32eddcb08148909d477589544320fe7e34a422e8004e97e888032924","catalog_commit":"100adccc037d9f6898080e1cad58fcfc43364775","catalog_identity":"pre-289 frozen catalog","catalog_read_only_path":".superpowers/inputs/rs2b0t-100adccc037d9f6898080e1cad58fcfc43364775","catalog_root":"/Users/acfrazier/experiments/274bot/.worktrees/rs2b0t-multirevision/.superpowers/inputs/rs2b0t-100adccc037d9f6898080e1cad58fcfc43364775","registry_path":"/Users/acfrazier/experiments/274bot/.worktrees/rs2b0t-multirevision/.superpowers/inputs/rs2b0t-100adccc037d9f6898080e1cad58fcfc43364775/src/bot/scripts/index.ts","registry_sha256":"b614aedb3d5adfdfbac3760f082273f3cf5c33fffe4ced0f2b01490ae02d1bc2","card":{"card":"HillGiant","source_path":"/Users/acfrazier/experiments/274bot/.worktrees/rs2b0t-multirevision/.superpowers/inputs/rs2b0t-100adccc037d9f6898080e1cad58fcfc43364775/src/bot/scripts/HillGiant/HillGiant.ts","source_sha256":"615436b5fd4b3a727c6593d3e18a86e592b5fc160164b1ca823d9eb1d4c70c00","compiled_sha256":"23dbd1ec2af9fd5b3fd3c234480a39f75d336c89ff82f837bb45257abf9adc2a","siblings":[{"module":"/rs2b0t/bot/scripts/bot/HillGiantLogic.js","compiled_sha256":"19aa4c43e4aab5fa3296f7ca15355f6222574e738344e2e502eba09f0f765398"}],"settings":{"meleeStyle":"strength","weapon":"","foodWithdraw":12.0,"bankCommonJunk":true,"buryBones":false,"lootSlots":14.0}},"account":"live60mu0v_0","engine_speed_ms":null}
[host-play] slot live60mu0v_0: thread up
289bot: snapshot load skipped: read /Users/acfrazier/.274bot/unpack-289/37214163f1e6ceca/models.bin: No such file or directory (os error 2)
[host-play] slot live60mu0v_0: handshake begin reconnect=false
[host-play] slot live60mu0v_0: handshake ok
[host] slot live60mu0v_0: d_loop_us=3512 d_raster_us=0 d_observe_us=34716 max_observe_us=2584 d_paints=0 d_skips=50 d_ticks=1 window_ms=0
[host-play] slot live60mu0v_0: queued mainland tele+setvar (scene 2)
[host-play] slot live60mu0v_0: handshake begin reconnect=true
[host-play] slot live60mu0v_0: handshake ok
[host] slot live60mu0v_0: d_loop_us=715 d_raster_us=0 d_observe_us=35123 max_observe_us=2683 d_paints=0 d_skips=50 d_ticks=1 window_ms=0
[host-play] slot live60mu0v_0: queued mainland tele+setvar (scene 2)
[host] slot live60mu0v_0: d_loop_us=23349 d_raster_us=0 d_observe_us=116769 max_observe_us=9669 d_paints=0 d_skips=50 d_ticks=20 window_ms=11946
{"phase":"baseline-after-preparation","scenario":"hill_giant","account":"live60mu0v_0","observation":{"ingame":true,"scene_state":2,"player":"Live60mu0v 0","tile":[3110,9832,0],"combat_level":36,"tick":23,"items":{"Adamant scimitar":1,"Trout":8},"item_ids":{"333":8,"1331":1},"bank":{},"bank_ids":{},"bank_open":false,"bank_loaded":false,"bank_generation":0,"levels":{"-unused-":0,"agility":1,"attack":40,"cooking":1,"crafting":1,"defence":1,"firemaking":1,"fishing":1,"fletching":1,"herblore":1,"hitpoints":40,"magic":1,"mining":1,"prayer":1,"ranged":1,"runecraft":1,"slayer":1,"smithing":1,"strength":40,"thieving":1,"woodcutting":1},"xp":{"-unused-":0,"agility":0,"attack":37224,"cooking":0,"crafting":0,"defence":0,"firemaking":0,"fishing":0,"fletching":0,"herblore":0,"hitpoints":37224,"magic":0,"mining":0,"prayer":0,"ranged":0,"runecraft":0,"slayer":0,"smithing":0,"strength":37224,"thieving":0,"woodcutting":0},"varps":{"309":0},"chat":[[7,"Inventory wiped."],[6,"set tutorial: to 1000"],[5,"Welcome to RuneScape."]],"loc_facts":[],"npc_facts":[{"index":5320,"name":"Giant","health":0,"total_health":0,"animation":-1,"in_combat":false,"targeting_local":false,"tile":[3103,9827,0],"distance":7},{"index":5324,"name":"Giant","health":35,"total_health":35,"animation":128,"in_combat":true,"targeting_local":true,"tile":[3110,9831,0],"distance":1},{"index":5321,"name":"Giant","health":0,"total_health":0,"animation":-1,"in_combat":false,"targeting_local":false,"tile":[3108,9836,0],"distance":4},{"index":5323,"name":"Giant","health":0,"total_health":0,"animation":-1,"in_combat":false,"targeting_local":false,"tile":[3108,9838,0],"distance":6},{"index":5326,"name":"Giant","health":0,"total_health":0,"animation":-1,"in_combat":false,"targeting_local":false,"tile":[3116,9837,0],"distance":6},{"index":5325,"name":"Giant","health":0,"total_health":0,"animation":-1,"in_combat":false,"targeting_local":false,"tile":[3117,9832,0],"distance":7}],"ground_loot":[{"id":526,"count":1,"tile":[3110,9825,0],"distance":7}],"local_in_combat":true,"local_target_npc":5324,"local_health":39,"local_animation":422,"equipment_ids":{},"main_modal":-1,"widget_ids":[3213,3214]}}
[script live60mu0v_0] start load
{"phase":"start","account":"live60mu0v_0","count":1}
[host] hitch live60mu0v_0: observe_us=86445 paints=0 skips=105 ticks=23
[script live60mu0v_0] HillGiant — strength, food 'Trout' x12 (smart-eat), banking big bones, spot (3113, 9841, 0)
[script live60mu0v_0] interact IfButton { component_id: 5862 }
[host] slot live60mu0v_0: d_loop_us=2232 d_raster_us=0 d_observe_us=157344 max_observe_us=86445 d_paints=0 d_skips=50 d_ticks=4 window_ms=2899
[script live60mu0v_0] combat style: strength
[script live60mu0v_0] no Brass key — going to fetch it
[script live60mu0v_0] interact WalkNear { x: 3131, z: 9862, level: 0, radius: 3, allow_teleports: false }
[host] slot live60mu0v_0: d_loop_us=1909 d_raster_us=0 d_observe_us=74339 max_observe_us=10414 d_paints=0 d_skips=50 d_ticks=2 window_ms=1161
[nav-follow] here=WorldTile { x: 3110, z: 9832, level: 0 } walk=true transport=false leg=0 hops=1 outcome=None
[nav-walk] here=WorldTile { x: 3110, z: 9834, level: 0 } aim=WorldTile { x: 3113, z: 9847, level: 0 } radius=2 ticks_waited=0 sent_tile=Some(WorldTile { x: 3110, z: 9832, level: 0 })
[nav-follow] here=WorldTile { x: 3110, z: 9834, level: 0 } walk=true transport=false leg=0 hops=1 outcome=None
[host] slot live60mu0v_0: d_loop_us=1785 d_raster_us=0 d_observe_us=66830 max_observe_us=9121 d_paints=0 d_skips=50 d_ticks=2 window_ms=1162
[nav-walk] here=WorldTile { x: 3110, z: 9836, level: 0 } aim=WorldTile { x: 3113, z: 9847, level: 0 } radius=2 ticks_waited=1 sent_tile=Some(WorldTile { x: 3110, z: 9832, level: 0 })
[nav-follow] here=WorldTile { x: 3110, z: 9836, level: 0 } walk=true transport=false leg=0 hops=1 outcome=None
[nav-walk] here=WorldTile { x: 3109, z: 9838, level: 0 } aim=WorldTile { x: 3113, z: 9847, level: 0 } radius=2 ticks_waited=2 sent_tile=Some(WorldTile { x: 3110, z: 9832, level: 0 })
[nav-follow] here=WorldTile { x: 3109, z: 9838, level: 0 } walk=true transport=false leg=0 hops=1 outcome=None
[host] slot live60mu0v_0: d_loop_us=1701 d_raster_us=0 d_observe_us=77284 max_observe_us=11883 d_paints=0 d_skips=50 d_ticks=2 window_ms=1175
[nav-walk] here=WorldTile { x: 3109, z: 9840, level: 0 } aim=WorldTile { x: 3113, z: 9847, level: 0 } radius=2 ticks_waited=3 sent_tile=Some(WorldTile { x: 3110, z: 9832, level: 0 })
[nav-follow] here=WorldTile { x: 3109, z: 9840, level: 0 } walk=true transport=false leg=0 hops=1 outcome=None
[nav-walk] here=WorldTile { x: 3109, z: 9842, level: 0 } aim=WorldTile { x: 3113, z: 9847, level: 0 } radius=2 ticks_waited=4 sent_tile=Some(WorldTile { x: 3110, z: 9832, level: 0 })
[nav-follow] here=WorldTile { x: 3109, z: 9842, level: 0 } walk=true transport=false leg=0 hops=1 outcome=None
[host] slot live60mu0v_0: d_loop_us=2079 d_raster_us=0 d_observe_us=85502 max_observe_us=15991 d_paints=0 d_skips=50 d_ticks=2 window_ms=1174
[nav-walk] here=WorldTile { x: 3110, z: 9844, level: 0 } aim=WorldTile { x: 3113, z: 9847, level: 0 } radius=2 ticks_waited=5 sent_tile=Some(WorldTile { x: 3110, z: 9832, level: 0 })
[nav-follow] here=WorldTile { x: 3110, z: 9844, level: 0 } walk=true transport=false leg=0 hops=1 outcome=None
[nav-walk] here=WorldTile { x: 3112, z: 9846, level: 0 } aim=WorldTile { x: 3113, z: 9847, level: 0 } radius=2 ticks_waited=6 sent_tile=Some(WorldTile { x: 3110, z: 9832, level: 0 })
[nav-follow] here=WorldTile { x: 3112, z: 9846, level: 0 } walk=true transport=false leg=0 hops=2 outcome=None
[host] hitch live60mu0v_0: observe_us=16897 paints=0 skips=386 ticks=35
[host] slot live60mu0v_0: d_loop_us=2015 d_raster_us=0 d_observe_us=88270 max_observe_us=16897 d_paints=0 d_skips=50 d_ticks=2 window_ms=1158
[nav-walk] here=WorldTile { x: 3113, z: 9848, level: 0 } aim=WorldTile { x: 3129, z: 9859, level: 0 } radius=0 ticks_waited=0 sent_tile=Some(WorldTile { x: 3112, z: 9846, level: 0 })
[nav-follow] here=WorldTile { x: 3113, z: 9848, level: 0 } walk=true transport=false leg=0 hops=2 outcome=None
[nav-walk] here=WorldTile { x: 3114, z: 9850, level: 0 } aim=WorldTile { x: 3129, z: 9859, level: 0 } radius=0 ticks_waited=1 sent_tile=Some(WorldTile { x: 3112, z: 9846, level: 0 })
[nav-follow] here=WorldTile { x: 3114, z: 9850, level: 0 } walk=true transport=false leg=0 hops=2 outcome=None
[host] slot live60mu0v_0: d_loop_us=1871 d_raster_us=0 d_observe_us=79063 max_observe_us=15131 d_paints=0 d_skips=50 d_ticks=2 window_ms=1173
[nav-walk] here=WorldTile { x: 3115, z: 9852, level: 0 } aim=WorldTile { x: 3129, z: 9859, level: 0 } radius=0 ticks_waited=2 sent_tile=Some(WorldTile { x: 3112, z: 9846, level: 0 })
[nav-follow] here=WorldTile { x: 3115, z: 9852, level: 0 } walk=true transport=false leg=0 hops=2 outcome=None
[nav-walk] here=WorldTile { x: 3115, z: 9854, level: 0 } aim=WorldTile { x: 3129, z: 9859, level: 0 } radius=0 ticks_waited=3 sent_tile=Some(WorldTile { x: 3112, z: 9846, level: 0 })
[nav-follow] here=WorldTile { x: 3115, z: 9854, level: 0 } walk=true transport=false leg=0 hops=2 outcome=None
[host] slot live60mu0v_0: d_loop_us=2065 d_raster_us=0 d_observe_us=85092 max_observe_us=14426 d_paints=0 d_skips=50 d_ticks=2 window_ms=1165
[nav-walk] here=WorldTile { x: 3117, z: 9856, level: 0 } aim=WorldTile { x: 3129, z: 9859, level: 0 } radius=0 ticks_waited=4 sent_tile=Some(WorldTile { x: 3112, z: 9846, level: 0 })
[nav-follow] here=WorldTile { x: 3117, z: 9856, level: 0 } walk=true transport=false leg=0 hops=2 outcome=None
[host] hitch live60mu0v_0: observe_us=20090 paints=0 skips=514 ticks=40
[nav-walk] here=WorldTile { x: 3117, z: 9858, level: 0 } aim=WorldTile { x: 3129, z: 9859, level: 0 } radius=0 ticks_waited=5 sent_tile=Some(WorldTile { x: 3112, z: 9846, level: 0 })
[nav-follow] here=WorldTile { x: 3117, z: 9858, level: 0 } walk=true transport=false leg=0 hops=2 outcome=None
[host] hitch live60mu0v_0: observe_us=20042 paints=0 skips=540 ticks=41
[host] slot live60mu0v_0: d_loop_us=2076 d_raster_us=0 d_observe_us=100815 max_observe_us=20090 d_paints=0 d_skips=50 d_ticks=2 window_ms=1171
[nav-walk] here=WorldTile { x: 3117, z: 9860, level: 0 } aim=WorldTile { x: 3129, z: 9859, level: 0 } radius=0 ticks_waited=6 sent_tile=Some(WorldTile { x: 3112, z: 9846, level: 0 })
[nav-follow] here=WorldTile { x: 3117, z: 9860, level: 0 } walk=true transport=false leg=0 hops=2 outcome=None
[nav-walk] here=WorldTile { x: 3118, z: 9862, level: 0 } aim=WorldTile { x: 3129, z: 9859, level: 0 } radius=0 ticks_waited=7 sent_tile=Some(WorldTile { x: 3112, z: 9846, level: 0 })
[nav-follow] here=WorldTile { x: 3118, z: 9862, level: 0 } walk=true transport=false leg=0 hops=2 outcome=None
[host] slot live60mu0v_0: d_loop_us=1877 d_raster_us=0 d_observe_us=72573 max_observe_us=11855 d_paints=0 d_skips=50 d_ticks=2 window_ms=1174
[nav-walk] here=WorldTile { x: 3120, z: 9862, level: 0 } aim=WorldTile { x: 3129, z: 9859, level: 0 } radius=0 ticks_waited=8 sent_tile=Some(WorldTile { x: 3112, z: 9846, level: 0 })
[nav-follow] here=WorldTile { x: 3120, z: 9862, level: 0 } walk=true transport=false leg=0 hops=2 outcome=None
[host] hitch live60mu0v_0: observe_us=16174 paints=0 skips=617 ticks=44
[host] slot live60mu0v_0: d_loop_us=2426 d_raster_us=0 d_observe_us=88168 max_observe_us=16174 d_paints=0 d_skips=50 d_ticks=2 window_ms=1153
[host] slot live60mu0v_0: d_loop_us=2192 d_raster_us=0 d_observe_us=84545 max_observe_us=14313 d_paints=0 d_skips=50 d_ticks=2 window_ms=1178
[host] slot live60mu0v_0: d_loop_us=1333 d_raster_us=0 d_observe_us=59556 max_observe_us=9960 d_paints=0 d_skips=50 d_ticks=2 window_ms=1192
[host] hitch live60mu0v_0: observe_us=17319 paints=0 skips=795 ticks=51
[host] slot live60mu0v_0: d_loop_us=1175 d_raster_us=0 d_observe_us=84026 max_observe_us=17319 d_paints=0 d_skips=50 d_ticks=2 window_ms=1174
[host] slot live60mu0v_0: d_loop_us=1317 d_raster_us=0 d_observe_us=74351 max_observe_us=11705 d_paints=0 d_skips=50 d_ticks=2 window_ms=1176
[nav-walk] here=WorldTile { x: 3117, z: 9848, level: 0 } aim=WorldTile { x: 3129, z: 9859, level: 0 } radius=0 ticks_waited=9 sent_tile=Some(WorldTile { x: 3112, z: 9846, level: 0 })
[nav-follow] here=WorldTile { x: 3117, z: 9848, level: 0 } walk=true transport=false leg=0 hops=2 outcome=None
[host] slot live60mu0v_0: d_loop_us=2229 d_raster_us=0 d_observe_us=84472 max_observe_us=14382 d_paints=0 d_skips=50 d_ticks=2 window_ms=1169
[nav-walk] here=WorldTile { x: 3117, z: 9850, level: 0 } aim=WorldTile { x: 3129, z: 9859, level: 0 } radius=0 ticks_waited=10 sent_tile=Some(WorldTile { x: 3112, z: 9846, level: 0 })
[nav-follow] here=WorldTile { x: 3117, z: 9850, level: 0 } walk=true transport=false leg=0 hops=2 outcome=None
[nav-walk] here=WorldTile { x: 3117, z: 9852, level: 0 } aim=WorldTile { x: 3129, z: 9859, level: 0 } radius=0 ticks_waited=11 sent_tile=Some(WorldTile { x: 3112, z: 9846, level: 0 })
[nav-follow] here=WorldTile { x: 3117, z: 9852, level: 0 } walk=true transport=false leg=0 hops=2 outcome=None
[host] slot live60mu0v_0: d_loop_us=1509 d_raster_us=0 d_observe_us=74921 max_observe_us=13785 d_paints=0 d_skips=50 d_ticks=2 window_ms=1175
[nav-walk] here=WorldTile { x: 3117, z: 9854, level: 0 } aim=WorldTile { x: 3129, z: 9859, level: 0 } radius=0 ticks_waited=12 sent_tile=Some(WorldTile { x: 3112, z: 9846, level: 0 })
[nav-follow] here=WorldTile { x: 3117, z: 9854, level: 0 } walk=true transport=false leg=0 hops=2 outcome=None
[host] slot live60mu0v_0: d_loop_us=2322 d_raster_us=0 d_observe_us=79420 max_observe_us=15336 d_paints=0 d_skips=50 d_ticks=1 window_ms=1153
[nav-walk] here=WorldTile { x: 3117, z: 9856, level: 0 } aim=WorldTile { x: 3129, z: 9859, level: 0 } radius=0 ticks_waited=13 sent_tile=Some(WorldTile { x: 3112, z: 9846, level: 0 })
[nav-follow] here=WorldTile { x: 3117, z: 9856, level: 0 } walk=true transport=false leg=0 hops=2 outcome=None
[host] hitch live60mu0v_0: observe_us=16327 paints=0 skips=1001 ticks=59
[nav-walk] here=WorldTile { x: 3117, z: 9858, level: 0 } aim=WorldTile { x: 3129, z: 9859, level: 0 } radius=0 ticks_waited=14 sent_tile=Some(WorldTile { x: 3112, z: 9846, level: 0 })
[nav-follow] here=WorldTile { x: 3117, z: 9858, level: 0 } walk=true transport=false leg=0 hops=2 outcome=None
[host] slot live60mu0v_0: d_loop_us=1887 d_raster_us=0 d_observe_us=85061 max_observe_us=16327 d_paints=0 d_skips=50 d_ticks=2 window_ms=1149
[nav-walk] here=WorldTile { x: 3117, z: 9860, level: 0 } aim=WorldTile { x: 3129, z: 9859, level: 0 } radius=0 ticks_waited=15 sent_tile=Some(WorldTile { x: 3112, z: 9846, level: 0 })
[nav-follow] here=WorldTile { x: 3117, z: 9860, level: 0 } walk=true transport=false leg=0 hops=2 outcome=None
[nav-walk] here=WorldTile { x: 3118, z: 9862, level: 0 } aim=WorldTile { x: 3129, z: 9859, level: 0 } radius=0 ticks_waited=16 sent_tile=Some(WorldTile { x: 3112, z: 9846, level: 0 })
[nav-follow] here=WorldTile { x: 3118, z: 9862, level: 0 } walk=true transport=false leg=0 hops=2 outcome=None
[host] slot live60mu0v_0: d_loop_us=1975 d_raster_us=0 d_observe_us=76855 max_observe_us=13556 d_paints=0 d_skips=50 d_ticks=2 window_ms=1167
[nav-walk] here=WorldTile { x: 3120, z: 9862, level: 0 } aim=WorldTile { x: 3129, z: 9859, level: 0 } radius=0 ticks_waited=17 sent_tile=Some(WorldTile { x: 3112, z: 9846, level: 0 })
[nav-follow] here=WorldTile { x: 3120, z: 9862, level: 0 } walk=true transport=false leg=0 hops=2 outcome=None
[nav-walk] here=WorldTile { x: 3122, z: 9862, level: 0 } aim=WorldTile { x: 3129, z: 9859, level: 0 } radius=0 ticks_waited=18 sent_tile=Some(WorldTile { x: 3112, z: 9846, level: 0 })
[nav-follow] here=WorldTile { x: 3122, z: 9862, level: 0 } walk=true transport=false leg=0 hops=2 outcome=None
[host] slot live60mu0v_0: d_loop_us=1904 d_raster_us=0 d_observe_us=78511 max_observe_us=15131 d_paints=0 d_skips=50 d_ticks=2 window_ms=1175
[nav-walk] here=WorldTile { x: 3122, z: 9862, level: 0 } aim=WorldTile { x: 3129, z: 9859, level: 0 } radius=0 ticks_waited=19 sent_tile=Some(WorldTile { x: 3112, z: 9846, level: 0 })
[nav-follow] here=WorldTile { x: 3122, z: 9862, level: 0 } walk=true transport=false leg=0 hops=2 outcome=None
[nav-walk] here=WorldTile { x: 3122, z: 9862, level: 0 } aim=WorldTile { x: 3129, z: 9859, level: 0 } radius=0 ticks_waited=20 sent_tile=Some(WorldTile { x: 3112, z: 9846, level: 0 })
[nav-follow] here=WorldTile { x: 3122, z: 9862, level: 0 } walk=true transport=false leg=0 hops=2 outcome=None
[host] slot live60mu0v_0: d_loop_us=2166 d_raster_us=0 d_observe_us=81965 max_observe_us=10449 d_paints=0 d_skips=50 d_ticks=2 window_ms=1161
[nav-walk] here=WorldTile { x: 3122, z: 9862, level: 0 } aim=WorldTile { x: 3129, z: 9859, level: 0 } radius=0 ticks_waited=21 sent_tile=Some(WorldTile { x: 3112, z: 9846, level: 0 })
[nav-follow] here=WorldTile { x: 3122, z: 9862, level: 0 } walk=true transport=false leg=0 hops=2 outcome=None
[nav-walk] here=WorldTile { x: 3122, z: 9862, level: 0 } aim=WorldTile { x: 3129, z: 9859, level: 0 } radius=0 ticks_waited=22 sent_tile=Some(WorldTile { x: 3112, z: 9846, level: 0 })
[nav-follow] here=WorldTile { x: 3122, z: 9862, level: 0 } walk=true transport=false leg=0 hops=2 outcome=None
[host] slot live60mu0v_0: d_loop_us=1970 d_raster_us=0 d_observe_us=85829 max_observe_us=13044 d_paints=0 d_skips=50 d_ticks=2 window_ms=1155
[nav-walk] here=WorldTile { x: 3122, z: 9862, level: 0 } aim=WorldTile { x: 3129, z: 9859, level: 0 } radius=0 ticks_waited=23 sent_tile=Some(WorldTile { x: 3112, z: 9846, level: 0 })
[nav-follow] here=WorldTile { x: 3122, z: 9862, level: 0 } walk=true transport=false leg=0 hops=2 outcome=None
[nav-walk] here=WorldTile { x: 3122, z: 9862, level: 0 } aim=WorldTile { x: 3129, z: 9859, level: 0 } radius=0 ticks_waited=24 sent_tile=Some(WorldTile { x: 3112, z: 9846, level: 0 })
[nav-follow] here=WorldTile { x: 3122, z: 9862, level: 0 } walk=true transport=false leg=0 hops=2 outcome=None
[host] slot live60mu0v_0: d_loop_us=1862 d_raster_us=0 d_observe_us=66743 max_observe_us=8565 d_paints=0 d_skips=50 d_ticks=2 window_ms=1186
[nav-walk] here=WorldTile { x: 3122, z: 9862, level: 0 } aim=WorldTile { x: 3129, z: 9859, level: 0 } radius=0 ticks_waited=25 sent_tile=Some(WorldTile { x: 3112, z: 9846, level: 0 })
[nav-follow] here=WorldTile { x: 3122, z: 9862, level: 0 } walk=true transport=false leg=0 hops=2 outcome=None
[nav-walk] here=WorldTile { x: 3122, z: 9862, level: 0 } aim=WorldTile { x: 3129, z: 9859, level: 0 } radius=0 ticks_waited=26 sent_tile=Some(WorldTile { x: 3112, z: 9846, level: 0 })
[nav-follow] here=WorldTile { x: 3122, z: 9862, level: 0 } walk=true transport=false leg=0 hops=2 outcome=None
[host] slot live60mu0v_0: d_loop_us=2083 d_raster_us=0 d_observe_us=82745 max_observe_us=10693 d_paints=0 d_skips=50 d_ticks=2 window_ms=1172
[nav-walk] here=WorldTile { x: 3122, z: 9862, level: 0 } aim=WorldTile { x: 3129, z: 9859, level: 0 } radius=0 ticks_waited=27 sent_tile=Some(WorldTile { x: 3112, z: 9846, level: 0 })
[nav-follow] here=WorldTile { x: 3122, z: 9862, level: 0 } walk=true transport=false leg=0 hops=2 outcome=None
test catalog_boundary_live has been running for over 60 seconds
[nav-walk] here=WorldTile { x: 3122, z: 9862, level: 0 } aim=WorldTile { x: 3129, z: 9859, level: 0 } radius=0 ticks_waited=28 sent_tile=Some(WorldTile { x: 3112, z: 9846, level: 0 })
[nav-follow] here=WorldTile { x: 3122, z: 9862, level: 0 } walk=true transport=false leg=0 hops=2 outcome=None
[host] slot live60mu0v_0: d_loop_us=2168 d_raster_us=0 d_observe_us=83235 max_observe_us=10500 d_paints=0 d_skips=50 d_ticks=2 window_ms=1164
[nav-walk] here=WorldTile { x: 3122, z: 9862, level: 0 } aim=WorldTile { x: 3129, z: 9859, level: 0 } radius=0 ticks_waited=29 sent_tile=Some(WorldTile { x: 3112, z: 9846, level: 0 })
[nav-follow] here=WorldTile { x: 3122, z: 9862, level: 0 } walk=true transport=false leg=0 hops=2 outcome=None
[nav-walk] here=WorldTile { x: 3122, z: 9862, level: 0 } aim=WorldTile { x: 3129, z: 9859, level: 0 } radius=0 ticks_waited=30 sent_tile=Some(WorldTile { x: 3112, z: 9846, level: 0 })
[nav-follow] here=WorldTile { x: 3122, z: 9862, level: 0 } walk=true transport=false leg=0 hops=2 outcome=None
[host] slot live60mu0v_0: d_loop_us=1871 d_raster_us=0 d_observe_us=66749 max_observe_us=9998 d_paints=0 d_skips=50 d_ticks=2 window_ms=1172
[nav-walk] here=WorldTile { x: 3122, z: 9862, level: 0 } aim=WorldTile { x: 3129, z: 9859, level: 0 } radius=0 ticks_waited=31 sent_tile=Some(WorldTile { x: 3112, z: 9846, level: 0 })
[nav-follow] here=WorldTile { x: 3122, z: 9862, level: 0 } walk=true transport=false leg=0 hops=2 outcome=None
[nav-walk] here=WorldTile { x: 3122, z: 9862, level: 0 } aim=WorldTile { x: 3129, z: 9859, level: 0 } radius=0 ticks_waited=32 sent_tile=Some(WorldTile { x: 3112, z: 9846, level: 0 })
[nav-follow] here=WorldTile { x: 3122, z: 9862, level: 0 } walk=true transport=false leg=0 hops=2 outcome=None
[host] slot live60mu0v_0: d_loop_us=3248 d_raster_us=0 d_observe_us=72292 max_observe_us=9377 d_paints=0 d_skips=50 d_ticks=2 window_ms=1185
[nav-walk] here=WorldTile { x: 3122, z: 9862, level: 0 } aim=WorldTile { x: 3129, z: 9859, level: 0 } radius=0 ticks_waited=33 sent_tile=Some(WorldTile { x: 3112, z: 9846, level: 0 })
[nav-follow] here=WorldTile { x: 3122, z: 9862, level: 0 } walk=true transport=false leg=0 hops=2 outcome=None
[nav-walk] here=WorldTile { x: 3122, z: 9862, level: 0 } aim=WorldTile { x: 3129, z: 9859, level: 0 } radius=0 ticks_waited=34 sent_tile=Some(WorldTile { x: 3112, z: 9846, level: 0 })
[nav-follow] here=WorldTile { x: 3122, z: 9862, level: 0 } walk=true transport=false leg=0 hops=2 outcome=None
[host] slot live60mu0v_0: d_loop_us=2181 d_raster_us=0 d_observe_us=78572 max_observe_us=11285 d_paints=0 d_skips=50 d_ticks=2 window_ms=1161
[nav-walk] here=WorldTile { x: 3122, z: 9862, level: 0 } aim=WorldTile { x: 3129, z: 9859, level: 0 } radius=0 ticks_waited=35 sent_tile=Some(WorldTile { x: 3112, z: 9846, level: 0 })
[nav-follow] here=WorldTile { x: 3122, z: 9862, level: 0 } walk=true transport=false leg=0 hops=2 outcome=None
[nav-walk] here=WorldTile { x: 3122, z: 9862, level: 0 } aim=WorldTile { x: 3129, z: 9859, level: 0 } radius=0 ticks_waited=36 sent_tile=Some(WorldTile { x: 3112, z: 9846, level: 0 })
[nav-follow] here=WorldTile { x: 3122, z: 9862, level: 0 } walk=true transport=false leg=0 hops=2 outcome=None
[host] slot live60mu0v_0: d_loop_us=1763 d_raster_us=0 d_observe_us=79738 max_observe_us=11124 d_paints=0 d_skips=50 d_ticks=2 window_ms=1188
[nav-walk] here=WorldTile { x: 3122, z: 9862, level: 0 } aim=WorldTile { x: 3129, z: 9859, level: 0 } radius=0 ticks_waited=37 sent_tile=Some(WorldTile { x: 3112, z: 9846, level: 0 })
[nav-follow] here=WorldTile { x: 3122, z: 9862, level: 0 } walk=true transport=false leg=0 hops=2 outcome=None
[nav-walk] here=WorldTile { x: 3122, z: 9862, level: 0 } aim=WorldTile { x: 3129, z: 9859, level: 0 } radius=0 ticks_waited=38 sent_tile=Some(WorldTile { x: 3112, z: 9846, level: 0 })
[nav-follow] here=WorldTile { x: 3122, z: 9862, level: 0 } walk=true transport=false leg=0 hops=2 outcome=None
[host] slot live60mu0v_0: d_loop_us=1933 d_raster_us=0 d_observe_us=73579 max_observe_us=10535 d_paints=0 d_skips=50 d_ticks=2 window_ms=1195
[nav-walk] here=WorldTile { x: 3122, z: 9862, level: 0 } aim=WorldTile { x: 3129, z: 9859, level: 0 } radius=0 ticks_waited=39 sent_tile=Some(WorldTile { x: 3112, z: 9846, level: 0 })
[nav-follow] here=WorldTile { x: 3122, z: 9862, level: 0 } walk=true transport=false leg=0 hops=2 outcome=None
[nav-walk] here=WorldTile { x: 3122, z: 9862, level: 0 } aim=WorldTile { x: 3129, z: 9859, level: 0 } radius=0 ticks_waited=40 sent_tile=Some(WorldTile { x: 3112, z: 9846, level: 0 })
[nav-follow] here=WorldTile { x: 3122, z: 9862, level: 0 } walk=true transport=false leg=0 hops=2 outcome=None
[host] slot live60mu0v_0: d_loop_us=2091 d_raster_us=0 d_observe_us=92415 max_observe_us=14159 d_paints=0 d_skips=50 d_ticks=2 window_ms=1196
[nav-walk] here=WorldTile { x: 3122, z: 9862, level: 0 } aim=WorldTile { x: 3129, z: 9859, level: 0 } radius=0 ticks_waited=41 sent_tile=Some(WorldTile { x: 3112, z: 9846, level: 0 })
[nav-follow] here=WorldTile { x: 3122, z: 9862, level: 0 } walk=true transport=false leg=0 hops=2 outcome=None
[nav-walk] here=WorldTile { x: 3122, z: 9862, level: 0 } aim=WorldTile { x: 3129, z: 9859, level: 0 } radius=0 ticks_waited=42 sent_tile=Some(WorldTile { x: 3112, z: 9846, level: 0 })
[nav-follow] here=WorldTile { x: 3122, z: 9862, level: 0 } walk=true transport=false leg=0 hops=2 outcome=None
[host] slot live60mu0v_0: d_loop_us=2163 d_raster_us=0 d_observe_us=93487 max_observe_us=13215 d_paints=0 d_skips=50 d_ticks=2 window_ms=1189
[nav-walk] here=WorldTile { x: 3122, z: 9862, level: 0 } aim=WorldTile { x: 3129, z: 9859, level: 0 } radius=0 ticks_waited=43 sent_tile=Some(WorldTile { x: 3112, z: 9846, level: 0 })
[nav-follow] here=WorldTile { x: 3122, z: 9862, level: 0 } walk=true transport=false leg=0 hops=2 outcome=None
[nav-walk] here=WorldTile { x: 3122, z: 9862, level: 0 } aim=WorldTile { x: 3129, z: 9859, level: 0 } radius=0 ticks_waited=44 sent_tile=Some(WorldTile { x: 3112, z: 9846, level: 0 })
[nav-follow] here=WorldTile { x: 3122, z: 9862, level: 0 } walk=true transport=false leg=0 hops=2 outcome=None
[host] slot live60mu0v_0: d_loop_us=1591 d_raster_us=0 d_observe_us=63422 max_observe_us=8068 d_paints=0 d_skips=50 d_ticks=2 window_ms=1202
[nav-walk] here=WorldTile { x: 3122, z: 9862, level: 0 } aim=WorldTile { x: 3129, z: 9859, level: 0 } radius=0 ticks_waited=45 sent_tile=Some(WorldTile { x: 3112, z: 9846, level: 0 })
[nav-follow] here=WorldTile { x: 3122, z: 9862, level: 0 } walk=true transport=false leg=0 hops=2 outcome=None
[nav-walk] here=WorldTile { x: 3122, z: 9862, level: 0 } aim=WorldTile { x: 3129, z: 9859, level: 0 } radius=0 ticks_waited=46 sent_tile=Some(WorldTile { x: 3112, z: 9846, level: 0 })
[nav-follow] here=WorldTile { x: 3122, z: 9862, level: 0 } walk=true transport=false leg=0 hops=2 outcome=None
[host] slot live60mu0v_0: d_loop_us=2028 d_raster_us=0 d_observe_us=79611 max_observe_us=13411 d_paints=0 d_skips=50 d_ticks=2 window_ms=1204
[nav-walk] here=WorldTile { x: 3122, z: 9862, level: 0 } aim=WorldTile { x: 3129, z: 9859, level: 0 } radius=0 ticks_waited=47 sent_tile=Some(WorldTile { x: 3112, z: 9846, level: 0 })
[nav-follow] here=WorldTile { x: 3122, z: 9862, level: 0 } walk=true transport=false leg=0 hops=2 outcome=None
[nav-walk] here=WorldTile { x: 3122, z: 9862, level: 0 } aim=WorldTile { x: 3129, z: 9859, level: 0 } radius=0 ticks_waited=48 sent_tile=Some(WorldTile { x: 3112, z: 9846, level: 0 })
[nav-follow] here=WorldTile { x: 3122, z: 9862, level: 0 } walk=true transport=false leg=0 hops=2 outcome=None
[host] slot live60mu0v_0: d_loop_us=1926 d_raster_us=0 d_observe_us=83372 max_observe_us=11625 d_paints=0 d_skips=50 d_ticks=2 window_ms=1168
[nav-walk] here=WorldTile { x: 3122, z: 9862, level: 0 } aim=WorldTile { x: 3129, z: 9859, level: 0 } radius=0 ticks_waited=49 sent_tile=Some(WorldTile { x: 3112, z: 9846, level: 0 })
[nav-follow] here=WorldTile { x: 3122, z: 9862, level: 0 } walk=true transport=false leg=0 hops=2 outcome=None
[nav-walk] here=WorldTile { x: 3122, z: 9862, level: 0 } aim=WorldTile { x: 3129, z: 9859, level: 0 } radius=0 ticks_waited=50 sent_tile=Some(WorldTile { x: 3112, z: 9846, level: 0 })
[nav-follow] here=WorldTile { x: 3122, z: 9862, level: 0 } walk=true transport=false leg=0 hops=2 outcome=None
[host] slot live60mu0v_0: d_loop_us=1326 d_raster_us=0 d_observe_us=52220 max_observe_us=7816 d_paints=0 d_skips=50 d_ticks=2 window_ms=1205
[nav-walk] here=WorldTile { x: 3122, z: 9862, level: 0 } aim=WorldTile { x: 3129, z: 9859, level: 0 } radius=0 ticks_waited=51 sent_tile=Some(WorldTile { x: 3112, z: 9846, level: 0 })
[nav-follow] here=WorldTile { x: 3122, z: 9862, level: 0 } walk=true transport=false leg=0 hops=2 outcome=None
[nav-walk] here=WorldTile { x: 3122, z: 9862, level: 0 } aim=WorldTile { x: 3129, z: 9859, level: 0 } radius=0 ticks_waited=52 sent_tile=Some(WorldTile { x: 3112, z: 9846, level: 0 })
[nav-follow] here=WorldTile { x: 3122, z: 9862, level: 0 } walk=true transport=false leg=0 hops=2 outcome=None
[host] slot live60mu0v_0: d_loop_us=1807 d_raster_us=0 d_observe_us=67121 max_observe_us=9375 d_paints=0 d_skips=50 d_ticks=2 window_ms=1191
[nav-walk] here=WorldTile { x: 3122, z: 9862, level: 0 } aim=WorldTile { x: 3129, z: 9859, level: 0 } radius=0 ticks_waited=53 sent_tile=Some(WorldTile { x: 3112, z: 9846, level: 0 })
[nav-follow] here=WorldTile { x: 3122, z: 9862, level: 0 } walk=true transport=false leg=0 hops=2 outcome=None
[nav-walk] here=WorldTile { x: 3122, z: 9862, level: 0 } aim=WorldTile { x: 3129, z: 9859, level: 0 } radius=0 ticks_waited=54 sent_tile=Some(WorldTile { x: 3112, z: 9846, level: 0 })
[nav-follow] here=WorldTile { x: 3122, z: 9862, level: 0 } walk=true transport=false leg=0 hops=2 outcome=None
[host] slot live60mu0v_0: d_loop_us=2201 d_raster_us=0 d_observe_us=84546 max_observe_us=12497 d_paints=0 d_skips=50 d_ticks=2 window_ms=1187
[nav-walk] here=WorldTile { x: 3122, z: 9862, level: 0 } aim=WorldTile { x: 3129, z: 9859, level: 0 } radius=0 ticks_waited=55 sent_tile=Some(WorldTile { x: 3112, z: 9846, level: 0 })
[nav-follow] here=WorldTile { x: 3122, z: 9862, level: 0 } walk=true transport=false leg=0 hops=2 outcome=None
[nav-walk] here=WorldTile { x: 3122, z: 9862, level: 0 } aim=WorldTile { x: 3129, z: 9859, level: 0 } radius=0 ticks_waited=56 sent_tile=Some(WorldTile { x: 3112, z: 9846, level: 0 })
[nav-follow] here=WorldTile { x: 3122, z: 9862, level: 0 } walk=true transport=false leg=0 hops=2 outcome=None
[host] slot live60mu0v_0: d_loop_us=2123 d_raster_us=0 d_observe_us=80047 max_observe_us=11754 d_paints=0 d_skips=50 d_ticks=2 window_ms=1187
[host] slot live60mu0v_0: d_loop_us=1585 d_raster_us=0 d_observe_us=59047 max_observe_us=7467 d_paints=0 d_skips=50 d_ticks=2 window_ms=1185
[host] slot live60mu0v_0: d_loop_us=1671 d_raster_us=0 d_observe_us=82768 max_observe_us=15469 d_paints=0 d_skips=50 d_ticks=2 window_ms=1169
[host] slot live60mu0v_0: d_loop_us=1705 d_raster_us=0 d_observe_us=83060 max_observe_us=15795 d_paints=0 d_skips=50 d_ticks=2 window_ms=1177
[host] slot live60mu0v_0: d_loop_us=1376 d_raster_us=0 d_observe_us=62866 max_observe_us=11208 d_paints=0 d_skips=50 d_ticks=2 window_ms=1188
[host] hitch live60mu0v_0: observe_us=16154 paints=0 skips=2323 ticks=111
[host] slot live60mu0v_0: d_loop_us=1855 d_raster_us=0 d_observe_us=87192 max_observe_us=16154 d_paints=0 d_skips=50 d_ticks=2 window_ms=1181
[nav-walk] here=WorldTile { x: 3117, z: 9847, level: 0 } aim=WorldTile { x: 3129, z: 9859, level: 0 } radius=0 ticks_waited=57 sent_tile=Some(WorldTile { x: 3112, z: 9846, level: 0 })
[nav-follow] here=WorldTile { x: 3117, z: 9847, level: 0 } walk=true transport=false leg=0 hops=2 outcome=None
[host] hitch live60mu0v_0: observe_us=18905 paints=0 skips=2373 ticks=113
[nav-walk] here=WorldTile { x: 3117, z: 9849, level: 0 } aim=WorldTile { x: 3129, z: 9859, level: 0 } radius=0 ticks_waited=58 sent_tile=Some(WorldTile { x: 3112, z: 9846, level: 0 })
[nav-follow] here=WorldTile { x: 3117, z: 9849, level: 0 } walk=true transport=false leg=0 hops=2 outcome=None
[host] hitch live60mu0v_0: observe_us=17018 paints=0 skips=2399 ticks=114
[host] slot live60mu0v_0: d_loop_us=2186 d_raster_us=0 d_observe_us=104791 max_observe_us=18905 d_paints=0 d_skips=50 d_ticks=2 window_ms=1175
[nav-walk] here=WorldTile { x: 3117, z: 9851, level: 0 } aim=WorldTile { x: 3129, z: 9859, level: 0 } radius=0 ticks_waited=59 sent_tile=Some(WorldTile { x: 3112, z: 9846, level: 0 })
[nav-follow] here=WorldTile { x: 3117, z: 9851, level: 0 } walk=true transport=false leg=0 hops=2 outcome=None
[host] slot live60mu0v_0: d_loop_us=1596 d_raster_us=0 d_observe_us=62740 max_observe_us=14382 d_paints=0 d_skips=50 d_ticks=1 window_ms=1150
[nav-walk] here=WorldTile { x: 3117, z: 9853, level: 0 } aim=WorldTile { x: 3129, z: 9859, level: 0 } radius=0 ticks_waited=60 sent_tile=Some(WorldTile { x: 3112, z: 9846, level: 0 })
[nav-follow] here=WorldTile { x: 3117, z: 9853, level: 0 } walk=false transport=false leg=0 hops=2 outcome=Some(Stalled { at: WorldTile { x: 3117, z: 9853, level: 0 }, aiming: WorldTile { x: 3129, z: 9859, level: 0 }, why: Expired, tries: 1 })
[host] slot live60mu0v_0: d_loop_us=1376 d_raster_us=0 d_observe_us=70743 max_observe_us=14563 d_paints=0 d_skips=50 d_ticks=2 window_ms=1181
[host] hitch live60mu0v_0: observe_us=16447 paints=0 skips=2527 ticks=119
[host] slot live60mu0v_0: d_loop_us=2042 d_raster_us=0 d_observe_us=81063 max_observe_us=16447 d_paints=0 d_skips=50 d_ticks=2 window_ms=1185
[host] slot live60mu0v_0: d_loop_us=1734 d_raster_us=0 d_observe_us=77400 max_observe_us=12550 d_paints=0 d_skips=50 d_ticks=2 window_ms=1191
[host] hitch live60mu0v_0: observe_us=17343 paints=0 skips=2602 ticks=122
[host] slot live60mu0v_0: d_loop_us=1977 d_raster_us=0 d_observe_us=87650 max_observe_us=17343 d_paints=0 d_skips=50 d_ticks=2 window_ms=1181
[host] slot live60mu0v_0: d_loop_us=1867 d_raster_us=0 d_observe_us=75660 max_observe_us=13047 d_paints=0 d_skips=50 d_ticks=2 window_ms=1183
[host] hitch live60mu0v_0: observe_us=17952 paints=0 skips=2704 ticks=126
[host] hitch live60mu0v_0: observe_us=16328 paints=0 skips=2729 ticks=127
[host] slot live60mu0v_0: d_loop_us=1985 d_raster_us=0 d_observe_us=96515 max_observe_us=17952 d_paints=0 d_skips=50 d_ticks=2 window_ms=1192
[host] hitch live60mu0v_0: observe_us=17896 paints=0 skips=2779 ticks=129
[host] slot live60mu0v_0: d_loop_us=2008 d_raster_us=0 d_observe_us=92830 max_observe_us=17896 d_paints=0 d_skips=50 d_ticks=2 window_ms=1173
[host] slot live60mu0v_0: d_loop_us=1603 d_raster_us=0 d_observe_us=74361 max_observe_us=14338 d_paints=0 d_skips=50 d_ticks=2 window_ms=1191
FAIL: catalog_boundary_live: scenario failed: step 15 (watch Strength XP from the selected melee style after Start): stat_xp_gain(2)>=1 not seen within 150 ticks; evidence=Some(Evidence { scenario: "hill_giant", outcome: "FAIL", predicate: "stat_xp_gain(2)>=1", ticks: 172, elapsed_ms: 92068, message: Some("step 15 (watch Strength XP from the selected melee style after Start): stat_xp_gain(2)>=1 not seen within 150 ticks"), tile: Some([3117, 9856, 0]), inv: [InvRow { id: 1331, name: Some("Adamant scimitar"), count: 1 }, InvRow { id: 333, name: Some("Trout"), count: 1 }, InvRow { id: 333, name: Some("Trout"), count: 1 }, InvRow { id: 333, name: Some("Trout"), count: 1 }, InvRow { id: 333, name: Some("Trout"), count: 1 }, InvRow { id: 333, name: Some("Trout"), count: 1 }, InvRow { id: 333, name: Some("Trout"), count: 1 }, InvRow { id: 333, name: Some("Trout"), count: 1 }, InvRow { id: 333, name: Some("Trout"), count: 1 }], stat: Some(StatRow { runenergy: 60 }), chat: [ChatRow { text: "Inventory wiped.", username: None }, ChatRow { text: "set tutorial: to 1000", username: None }, ChatRow { text: "Welcome to RuneScape.", username: None }], scene: 2 }); core={"error":"hill_giant core post-Start delta incomplete","witness":{"case":"hill_giant","baseline":{"ingame":true,"scene_state":2,"player":"Live60mu0v 0","tile":[3110,9832,0],"combat_level":36,"tick":23,"items":{"Adamant scimitar":1,"Trout":8},"item_ids":{"333":8,"1331":1},"bank":{},"bank_ids":{},"bank_open":false,"bank_loaded":false,"bank_generation":0,"levels":{"-unused-":0,"agility":1,"attack":40,"cooking":1,"crafting":1,"defence":1,"firemaking":1,"fishing":1,"fletching":1,"herblore":1,"hitpoints":40,"magic":1,"mining":1,"prayer":1,"ranged":1,"runecraft":1,"slayer":1,"smithing":1,"strength":40,"thieving":1,"woodcutting":1},"xp":{"-unused-":0,"agility":0,"attack":37224,"cooking":0,"crafting":0,"defence":0,"firemaking":0,"fishing":0,"fletching":0,"herblore":0,"hitpoints":37224,"magic":0,"mining":0,"prayer":0,"ranged":0,"runecraft":0,"slayer":0,"smithing":0,"strength":37224,"thieving":0,"woodcutting":0},"varps":{"309":0},"chat":[[7,"Inventory wiped."],[6,"set tutorial: to 1000"],[5,"Welcome to RuneScape."]],"loc_facts":[],"npc_facts":[{"index":5320,"name":"Giant","health":0,"total_health":0,"animation":-1,"in_combat":false,"targeting_local":false,"tile":[3103,9827,0],"distance":7},{"index":5324,"name":"Giant","health":35,"total_health":35,"animation":128,"in_combat":true,"targeting_local":true,"tile":[3110,9831,0],"distance":1},{"index":5321,"name":"Giant","health":0,"total_health":0,"animation":-1,"in_combat":false,"targeting_local":false,"tile":[3108,9836,0],"distance":4},{"index":5323,"name":"Giant","health":0,"total_health":0,"animation":-1,"in_combat":false,"targeting_local":false,"tile":[3108,9838,0],"distance":6},{"index":5326,"name":"Giant","health":0,"total_health":0,"animation":-1,"in_combat":false,"targeting_local":false,"tile":[3116,9837,0],"distance":6},{"index":5325,"name":"Giant","health":0,"total_health":0,"animation":-1,"in_combat":false,"targeting_local":false,"tile":[3117,9832,0],"distance":7}],"ground_loot":[{"id":526,"count":1,"tile":[3110,9825,0],"distance":7}],"local_in_combat":true,"local_target_npc":5324,"local_health":39,"local_animation":422,"equipment_ids":{},"main_modal":-1,"widget_ids":[3213,3214]},"latest":{"ingame":true,"scene_state":2,"player":"Live60mu0v 0","tile":[3117,9856,0],"combat_level":36,"tick":132,"items":{"Adamant scimitar":1,"Trout":8},"item_ids":{"333":8,"1331":1},"bank":{},"bank_ids":{},"bank_open":false,"bank_loaded":false,"bank_generation":0,"levels":{"-unused-":0,"agility":1,"attack":40,"cooking":1,"crafting":1,"defence":1,"firemaking":1,"fishing":1,"fletching":1,"herblore":1,"hitpoints":40,"magic":1,"mining":1,"prayer":1,"ranged":1,"runecraft":1,"slayer":1,"smithing":1,"strength":40,"thieving":1,"woodcutting":1},"xp":{"-unused-":0,"agility":0,"attack":37224,"cooking":0,"crafting":0,"defence":0,"firemaking":0,"fishing":0,"fletching":0,"herblore":0,"hitpoints":37224,"magic":0,"mining":0,"prayer":0,"ranged":0,"runecraft":0,"slayer":0,"smithing":0,"strength":37224,"thieving":0,"woodcutting":0},"varps":{"309":0},"chat":[[7,"Inventory wiped."],[6,"set tutorial: to 1000"],[5,"Welcome to RuneScape."]],"loc_facts":[],"npc_facts":[{"index":5353,"name":"Zombie","health":0,"total_health":0,"animation":-1,"in_combat":false,"targeting_local":true,"tile":[3118,9862,0],"distance":6},{"index":5328,"name":"Giant","health":0,"total_health":0,"animation":-1,"in_combat":false,"targeting_local":false,"tile":[3115,9850,0],"distance":6}],"ground_loot":[],"local_in_combat":true,"local_target_npc":null,"local_health":28,"local_animation":-1,"equipment_ids":{},"main_modal":-1,"widget_ids":[3213,3214]},"max_items":{"Adamant scimitar":1,"Trout":8},"max_xp":{"-unused-":0,"agility":0,"attack":37224,"cooking":0,"crafting":0,"defence":0,"firemaking":0,"fishing":0,"fletching":0,"herblore":0,"hitpoints":37224,"magic":0,"mining":0,"prayer":0,"ranged":0,"runecraft":0,"slayer":0,"smithing":0,"strength":37224,"thieving":0,"woodcutting":0},"saw_bury_chat":false,"post_start_observations":2751,"bone_bank_cycle":{"first_batch_buried":false,"opened":null,"withdrawn":null,"buried_after_withdrawal":false},"bank_fletcher_cycle":{"first_pack_created":false,"deposited":null,"withdrawn":null,"crafted_after_withdrawal":false},"bank_fletcher_option_cycle":{"first":null,"deposited":null,"restocked":null,"further":false},"bank_fletcher_string_cycle":{"initial_pairs_strung":false,"deposited":null,"withdrawn":null,"strung_after_withdrawal":false},"bank_fletcher_cut_string_cycle":{"cut_pair_created":false,"deposited":null,"withdrawn":null,"string_pair_created":false},"alcher_defaults_cycle":{"withdrawn":null,"consumed":false},"alcher_generated_custom_cycle":{"withdrawn":null,"consumed":false},"dart_fletcher_cycle":{"first":null,"further":false,"wrong_tier":false},"herb_cleaner_cycle":{"first_pack":false,"deposited":null,"withdrawn":null,"cleaned_after_withdrawal":false,"filter_violated":false},"gem_cutter_cycle":{"first_pack":false,"deposited":null,"withdrawn":null,"cut_after_withdrawal":false,"filter_violated":false},"door_opener_cycle":{"selected":null,"opened":false},"gnome_course_cycle":{"log":null,"ground_return":null,"pipe":null,"second_lap":false},"wildy_agility_cycle":{"ridge":null,"pipe":null,"rope":null,"stone":null,"log":null,"rocks":null,"further_pipe":false},"brimhaven_agility_cycle":{"paid":false,"entered":null,"moved":null,"first_tag":false,"ticket":null,"subsequent_work":false},"flax_picker_cycle":{"first_pack":false,"deposited":null,"returned":false,"further":false},"superheater_cycle":{"first_bars":false,"deposited":null,"withdrawn":null,"produced_after_withdrawal":false,"wrong_product":false,"wrong_staff":false},"chicken_killer_bank_cycle":{"combat_loot":false,"deposited":null,"returned":false,"further":false},"vial_filler_cycle":{"filled":null,"deposited":null,"withdrawn":null,"returned":false,"further":false},"potion_maker_cycle":{"unfinished":null,"finished":null,"deposited":null,"withdrawn":null,"further":false,"wrong_product":false,"filter_violated":false},"tanner_bot_cycle":{"widget":null,"tanned":null,"deposited":null,"withdrawn":null,"returned":false,"further":false,"wrong_product":false,"shop":false},"rune_crafter_cycle":{"withdrawn":null,"entered":null,"crafted":null,"exited":null,"deposited":null,"restocked":null,"returned":false,"further":false,"wrong_product":false,"noted":false},"ardy_cakes_cycle":{"stolen":null,"deposited":null,"returned":false,"further":false,"wrong_product":false,"noted":false},"ardy_thiever_cycle":{"pickpocketed":null,"deposited":null,"returned":false,"further":false},"gnome_chop_cycle":{"chopped":null,"deposited":null,"returned":false,"further":false,"wrong_product":false,"noted":false},"gnome_fletch_cycle":{"chopped":null,"fletched":null,"deposited":null,"returned":false,"further":false,"wrong_product":false,"noted":false},"coal_trucks_cycle":{"mined":null,"trucked":null,"further":false,"noted":false,"banked":false},"station_production_cycle":{"withdrawn":null,"produced":null,"deposited":null,"restocked":null,"returned":false,"further":false,"wrong_product":false,"noted":false},"flax_aio_cycle":{"picked":null,"produced":null,"deposited":null,"returned":false,"further":false,"wrong_product":false,"noted":false},"flax_aio_pick_cycle":{"first_pack":false,"deposited":null,"returned":false,"further":false,"wrong_product":false,"noted":false},"herblore_eggs_cycle":{"taken":false,"deposited":null,"returned":false,"further":false,"wrong_product":false,"noted":false},"herblore_newt_cycle":{"bought":false,"deposited":null,"returned":false,"further":false,"coins_spent":false,"coins_peak":0,"wrong_product":false,"noted":false},"combat_core_cycle":{"engagements":3,"defeats":0,"style_xp":false,"looted":false,"noted":false,"activated":false,"shield_worn":false,"stolen_food":false,"wrong_item":false,"dormant_indexes":[],"dormant_tiles":{},"last":{"5319":{"name":"Giant","health":0,"animation":-1,"tile":[3101,9833,0],"engaged":false,"defeated":true},"5320":{"name":"Giant","health":0,"animation":-1,"tile":[3103,9827,0],"engaged":false,"defeated":true},"5321":{"name":"Giant","health":0,"animation":-1,"tile":[3109,9836,0],"engaged":false,"defeated":true},"5322":{"name":"Giant","health":0,"animation":-1,"tile":[3110,9844,0],"engaged":false,"defeated":true},"5323":{"name":"Giant","health":0,"animation":-1,"tile":[3109,9840,0],"engaged":true,"defeated":true},"5324":{"name":"Giant","health":35,"animation":-1,"tile":[3110,9831,0],"engaged":true,"defeated":false},"5325":{"name":"Giant","health":0,"animation":-1,"tile":[3117,9832,0],"engaged":false,"defeated":true},"5326":{"name":"Giant","health":0,"animation":-1,"tile":[3118,9838,0],"engaged":false,"defeated":true},"5327":{"name":"Giant","health":0,"animation":-1,"tile":[3116,9842,0],"engaged":false,"defeated":true},"5328":{"name":"Giant","health":0,"animation":-1,"tile":[3115,9850,0],"engaged":true,"defeated":true},"5329":{"name":"Giant","health":0,"animation":-1,"tile":[3121,9844,0],"engaged":false,"defeated":true}},"currently_engaged":[5323,5328],"facts":[{"kind":"engage","index":5324,"name":"Giant","health":35,"animation":128,"loot_id":null,"zero_health":false},{"kind":"engage","index":5323,"name":"Giant","health":0,"animation":128,"loot_id":null,"zero_health":false},{"kind":"engage","index":5328,"name":"Giant","health":0,"animation":-1,"loot_id":null,"zero_health":false}]},"ordered_first_exhausted":false}}
