
running 1 test
{"phase":"identity","revision":289,"profile":"local-289 · 127.0.0.1:44594 · revision 289","cache_id":"c4d8ab36bcfd2a7907535b4f619e28623b0a22e98d496fd2a9620d544c5b5b09","nav_pack":"/Users/acfrazier/experiments/274bot/.worktrees/rs2b0t-multirevision/.superpowers/world-capabilities/289/274bot.navpack","nav_sha256":"131db92e32eddcb08148909d477589544320fe7e34a422e8004e97e888032924","catalog_commit":"100adccc037d9f6898080e1cad58fcfc43364775","catalog_identity":"pre-289 frozen catalog","catalog_read_only_path":".superpowers/inputs/rs2b0t-100adccc037d9f6898080e1cad58fcfc43364775","catalog_root":"/Users/acfrazier/experiments/274bot/.worktrees/rs2b0t-multirevision/.superpowers/inputs/rs2b0t-100adccc037d9f6898080e1cad58fcfc43364775","registry_path":"/Users/acfrazier/experiments/274bot/.worktrees/rs2b0t-multirevision/.superpowers/inputs/rs2b0t-100adccc037d9f6898080e1cad58fcfc43364775/src/bot/scripts/index.ts","registry_sha256":"b614aedb3d5adfdfbac3760f082273f3cf5c33fffe4ced0f2b01490ae02d1bc2","card":{"card":"TannerBot","source_path":"/Users/acfrazier/experiments/274bot/.worktrees/rs2b0t-multirevision/.superpowers/inputs/rs2b0t-100adccc037d9f6898080e1cad58fcfc43364775/src/bot/scripts/TannerBot/TannerBot.ts","source_sha256":"b8038b17ac72eec3cf7b2e84f8323e4cd898f1975de7d210cfba333e552b8d7f","compiled_sha256":"a9da7b6f5c395ba28391685f84b0aa48ab35cfeeb4829cdc6082699fc4f82a39","siblings":[],"settings":{"hideType":"Hard leather","buyThread":false,"threadEveryRuns":5.0,"threadQty":100.0,"coinsPerTrip":2000.0}},"account":"live5yavhb_0","engine_speed_ms":null}
[host-play] slot live5yavhb_0: thread up
274bot: snapshot load skipped: read /Users/acfrazier/.274bot/unpack-289/37214163f1e6ceca/models.bin: No such file or directory (os error 2)
[host-play] slot live5yavhb_0: handshake begin reconnect=false
[host-play] slot live5yavhb_0: handshake ok
[host] slot live5yavhb_0: d_loop_us=2561 d_raster_us=0 d_observe_us=28034 max_observe_us=2155 d_paints=0 d_skips=50 d_ticks=1 window_ms=0
[host-play] slot live5yavhb_0: queued mainland tele+setvar (scene 2)
[host-play] slot live5yavhb_0: handshake begin reconnect=true
[host-play] slot live5yavhb_0: handshake ok
[host] slot live5yavhb_0: d_loop_us=803 d_raster_us=0 d_observe_us=34784 max_observe_us=2613 d_paints=0 d_skips=50 d_ticks=1 window_ms=0
[host-play] slot live5yavhb_0: queued mainland tele+setvar (scene 2)
[host] slot live5yavhb_0: d_loop_us=26015 d_raster_us=0 d_observe_us=94894 max_observe_us=7832 d_paints=0 d_skips=50 d_ticks=23 window_ms=13738
{"phase":"baseline-after-preparation","scenario":"tanner_bot_hard","account":"live5yavhb_0","observation":{"ingame":true,"scene_state":2,"player":"Live5yavhb 0","tile":[3269,3166,0],"tick":27,"items":{},"item_ids":{},"bank":{},"bank_ids":{},"bank_open":false,"bank_loaded":false,"bank_generation":2,"levels":{"-unused-":0,"agility":1,"attack":1,"cooking":1,"crafting":1,"defence":1,"firemaking":1,"fishing":1,"fletching":1,"herblore":1,"hitpoints":10,"magic":1,"mining":1,"prayer":1,"ranged":1,"runecraft":1,"slayer":1,"smithing":1,"strength":1,"thieving":1,"woodcutting":1},"xp":{"-unused-":0,"agility":0,"attack":0,"cooking":0,"crafting":0,"defence":0,"firemaking":0,"fishing":0,"fletching":0,"herblore":0,"hitpoints":1154,"magic":0,"mining":0,"prayer":0,"ranged":0,"runecraft":0,"slayer":0,"smithing":0,"strength":0,"thieving":0,"woodcutting":0},"chat":[[7,"Inventory wiped."],[6,"set tutorial: to 1000"],[5,"Welcome to RuneScape."]],"loc_facts":[],"equipment_ids":{},"main_modal":-1,"widget_ids":[3213,3214]}}
[script live5yavhb_0] start load
{"phase":"start","account":"live5yavhb_0","count":1}
[host] hitch live5yavhb_0: observe_us=104376 paints=0 skips=105 ticks=27
[script live5yavhb_0] TannerBot — Hard leather: Cow hide -> Hard leather
[script live5yavhb_0] interact OpenBooth { x: 3268, z: 3166, level: 0, id: 2213, name: Some("Bank booth"), action: Some("Use-quickly") }
[host] slot live5yavhb_0: d_loop_us=1099 d_raster_us=0 d_observe_us=186351 max_observe_us=104376 d_paints=0 d_skips=50 d_ticks=5 window_ms=3541
[host] slot live5yavhb_0: d_loop_us=1358 d_raster_us=0 d_observe_us=98250 max_observe_us=12874 d_paints=0 d_skips=50 d_ticks=2 window_ms=1169
[host] slot live5yavhb_0: d_loop_us=1116 d_raster_us=0 d_observe_us=84742 max_observe_us=13987 d_paints=0 d_skips=50 d_ticks=2 window_ms=1190
[script live5yavhb_0] interact InvButton { id: 1739, slot: 0, component: 5382, operation: 5, bank_generation: 3 }
[host] slot live5yavhb_0: d_loop_us=1047 d_raster_us=0 d_observe_us=76079 max_observe_us=11927 d_paints=0 d_skips=50 d_ticks=2 window_ms=1183
[script live5yavhb_0] interact AnswerCount { value: 27 }
[shim-count] 27 sent
[script live5yavhb_0] interact CloseModal
[host] slot live5yavhb_0: d_loop_us=995 d_raster_us=0 d_observe_us=75829 max_observe_us=12811 d_paints=0 d_skips=50 d_ticks=2 window_ms=1177
[script live5yavhb_0] interact WalkNear { x: 3277, z: 3191, level: 0, radius: 3, allow_teleports: false }
[nav-follow] here=WorldTile { x: 3269, z: 3166, level: 0 } walk=true transport=false leg=0 hops=1 outcome=None
[host] slot live5yavhb_0: d_loop_us=924 d_raster_us=0 d_observe_us=69045 max_observe_us=11816 d_paints=0 d_skips=50 d_ticks=2 window_ms=1174
[nav-walk] here=WorldTile { x: 3271, z: 3166, level: 0 } aim=WorldTile { x: 3280, z: 3178, level: 0 } radius=2 ticks_waited=0 sent_tile=Some(WorldTile { x: 3269, z: 3166, level: 0 })
[nav-follow] here=WorldTile { x: 3271, z: 3166, level: 0 } walk=true transport=false leg=0 hops=1 outcome=None
[host] hitch live5yavhb_0: observe_us=19772 paints=0 skips=408 ticks=40
[nav-walk] here=WorldTile { x: 3273, z: 3167, level: 0 } aim=WorldTile { x: 3280, z: 3178, level: 0 } radius=2 ticks_waited=1 sent_tile=Some(WorldTile { x: 3269, z: 3166, level: 0 })
[nav-follow] here=WorldTile { x: 3273, z: 3167, level: 0 } walk=true transport=false leg=0 hops=1 outcome=None
[host] hitch live5yavhb_0: observe_us=23999 paints=0 skips=433 ticks=41
[host] slot live5yavhb_0: d_loop_us=1022 d_raster_us=0 d_observe_us=93542 max_observe_us=23999 d_paints=0 d_skips=50 d_ticks=2 window_ms=1197
[nav-walk] here=WorldTile { x: 3273, z: 3169, level: 0 } aim=WorldTile { x: 3280, z: 3178, level: 0 } radius=2 ticks_waited=2 sent_tile=Some(WorldTile { x: 3269, z: 3166, level: 0 })
[nav-follow] here=WorldTile { x: 3273, z: 3169, level: 0 } walk=true transport=false leg=0 hops=1 outcome=None
[host] hitch live5yavhb_0: observe_us=28140 paints=0 skips=458 ticks=42
[nav-walk] here=WorldTile { x: 3275, z: 3171, level: 0 } aim=WorldTile { x: 3280, z: 3178, level: 0 } radius=2 ticks_waited=3 sent_tile=Some(WorldTile { x: 3269, z: 3166, level: 0 })
[nav-follow] here=WorldTile { x: 3275, z: 3171, level: 0 } walk=true transport=false leg=0 hops=1 outcome=None
[host] hitch live5yavhb_0: observe_us=22258 paints=0 skips=483 ticks=43
[host] slot live5yavhb_0: d_loop_us=1138 d_raster_us=0 d_observe_us=96495 max_observe_us=28140 d_paints=0 d_skips=50 d_ticks=2 window_ms=1181
[nav-walk] here=WorldTile { x: 3275, z: 3173, level: 0 } aim=WorldTile { x: 3280, z: 3178, level: 0 } radius=2 ticks_waited=4 sent_tile=Some(WorldTile { x: 3269, z: 3166, level: 0 })
[nav-follow] here=WorldTile { x: 3275, z: 3173, level: 0 } walk=true transport=false leg=0 hops=1 outcome=None
[host] hitch live5yavhb_0: observe_us=22569 paints=0 skips=508 ticks=44
[nav-walk] here=WorldTile { x: 3277, z: 3175, level: 0 } aim=WorldTile { x: 3280, z: 3178, level: 0 } radius=2 ticks_waited=5 sent_tile=Some(WorldTile { x: 3269, z: 3166, level: 0 })
[nav-follow] here=WorldTile { x: 3277, z: 3175, level: 0 } walk=true transport=false leg=0 hops=1 outcome=None
[host] hitch live5yavhb_0: observe_us=19806 paints=0 skips=534 ticks=45
[host] slot live5yavhb_0: d_loop_us=1213 d_raster_us=0 d_observe_us=87344 max_observe_us=22569 d_paints=0 d_skips=50 d_ticks=2 window_ms=1195
[nav-walk] here=WorldTile { x: 3279, z: 3177, level: 0 } aim=WorldTile { x: 3280, z: 3178, level: 0 } radius=2 ticks_waited=6 sent_tile=Some(WorldTile { x: 3269, z: 3166, level: 0 })
[nav-follow] here=WorldTile { x: 3279, z: 3177, level: 0 } walk=true transport=false leg=0 hops=2 outcome=None
[host] hitch live5yavhb_0: observe_us=24626 paints=0 skips=559 ticks=46
[nav-walk] here=WorldTile { x: 3279, z: 3179, level: 0 } aim=WorldTile { x: 3274, z: 3188, level: 0 } radius=0 ticks_waited=0 sent_tile=Some(WorldTile { x: 3279, z: 3177, level: 0 })
[nav-follow] here=WorldTile { x: 3279, z: 3179, level: 0 } walk=true transport=false leg=0 hops=2 outcome=None
[host] hitch live5yavhb_0: observe_us=23450 paints=0 skips=584 ticks=47
[host] slot live5yavhb_0: d_loop_us=1134 d_raster_us=0 d_observe_us=93570 max_observe_us=24626 d_paints=0 d_skips=50 d_ticks=2 window_ms=1188
[nav-walk] here=WorldTile { x: 3279, z: 3181, level: 0 } aim=WorldTile { x: 3274, z: 3188, level: 0 } radius=0 ticks_waited=1 sent_tile=Some(WorldTile { x: 3279, z: 3177, level: 0 })
[nav-follow] here=WorldTile { x: 3279, z: 3181, level: 0 } walk=true transport=false leg=0 hops=2 outcome=None
[host] hitch live5yavhb_0: observe_us=23173 paints=0 skips=609 ticks=48
[nav-walk] here=WorldTile { x: 3280, z: 3183, level: 0 } aim=WorldTile { x: 3274, z: 3188, level: 0 } radius=0 ticks_waited=2 sent_tile=Some(WorldTile { x: 3279, z: 3177, level: 0 })
[nav-follow] here=WorldTile { x: 3280, z: 3183, level: 0 } walk=true transport=false leg=0 hops=2 outcome=None
[host] hitch live5yavhb_0: observe_us=25161 paints=0 skips=634 ticks=49
[host] slot live5yavhb_0: d_loop_us=1167 d_raster_us=0 d_observe_us=96197 max_observe_us=25161 d_paints=0 d_skips=50 d_ticks=2 window_ms=1211
[nav-walk] here=WorldTile { x: 3280, z: 3185, level: 0 } aim=WorldTile { x: 3274, z: 3188, level: 0 } radius=0 ticks_waited=3 sent_tile=Some(WorldTile { x: 3279, z: 3177, level: 0 })
[nav-follow] here=WorldTile { x: 3280, z: 3185, level: 0 } walk=true transport=false leg=0 hops=2 outcome=None
[host] hitch live5yavhb_0: observe_us=24906 paints=0 skips=659 ticks=50
[nav-walk] here=WorldTile { x: 3278, z: 3185, level: 0 } aim=WorldTile { x: 3274, z: 3188, level: 0 } radius=0 ticks_waited=4 sent_tile=Some(WorldTile { x: 3279, z: 3177, level: 0 })
[nav-follow] here=WorldTile { x: 3278, z: 3185, level: 0 } walk=true transport=false leg=0 hops=2 outcome=None
[host] hitch live5yavhb_0: observe_us=22512 paints=0 skips=685 ticks=51
[host] slot live5yavhb_0: d_loop_us=1148 d_raster_us=0 d_observe_us=100886 max_observe_us=24906 d_paints=0 d_skips=50 d_ticks=2 window_ms=1182
[nav-walk] here=WorldTile { x: 3276, z: 3185, level: 0 } aim=WorldTile { x: 3274, z: 3188, level: 0 } radius=0 ticks_waited=5 sent_tile=Some(WorldTile { x: 3279, z: 3177, level: 0 })
[nav-follow] here=WorldTile { x: 3276, z: 3185, level: 0 } walk=true transport=false leg=0 hops=2 outcome=None
[host] hitch live5yavhb_0: observe_us=23243 paints=0 skips=710 ticks=52
[nav-walk] here=WorldTile { x: 3275, z: 3187, level: 0 } aim=WorldTile { x: 3274, z: 3188, level: 0 } radius=0 ticks_waited=6 sent_tile=Some(WorldTile { x: 3279, z: 3177, level: 0 })
[nav-follow] here=WorldTile { x: 3275, z: 3187, level: 0 } walk=true transport=false leg=0 hops=2 outcome=None
[host] slot live5yavhb_0: d_loop_us=965 d_raster_us=0 d_observe_us=82243 max_observe_us=23243 d_paints=0 d_skips=50 d_ticks=2 window_ms=1192
[nav-walk] here=WorldTile { x: 3274, z: 3188, level: 0 } aim=WorldTile { x: 3274, z: 3188, level: 0 } radius=0 ticks_waited=7 sent_tile=Some(WorldTile { x: 3279, z: 3177, level: 0 })
[nav-follow] here=WorldTile { x: 3274, z: 3188, level: 0 } walk=false transport=false leg=1 hops=2 outcome=Some(Arrived { at: WorldTile { x: 3274, z: 3188, level: 0 } })
[host] hitch live5yavhb_0: observe_us=19069 paints=0 skips=760 ticks=54
[script live5yavhb_0] interact Npc { name: "Tanner", action: "Trade", index: Some(229) }
[host] hitch live5yavhb_0: observe_us=22770 paints=0 skips=785 ticks=55
[host] slot live5yavhb_0: d_loop_us=1162 d_raster_us=0 d_observe_us=96773 max_observe_us=22770 d_paints=0 d_skips=50 d_ticks=2 window_ms=1188
[host] slot live5yavhb_0: d_loop_us=953 d_raster_us=0 d_observe_us=62105 max_observe_us=15014 d_paints=0 d_skips=50 d_ticks=2 window_ms=1194
[host] hitch live5yavhb_0: observe_us=25113 paints=0 skips=860 ticks=58
[host] hitch live5yavhb_0: observe_us=22659 paints=0 skips=885 ticks=59
[host] slot live5yavhb_0: d_loop_us=1147 d_raster_us=0 d_observe_us=103001 max_observe_us=25113 d_paints=0 d_skips=50 d_ticks=2 window_ms=1190
[host] hitch live5yavhb_0: observe_us=22442 paints=0 skips=911 ticks=60
[host] hitch live5yavhb_0: observe_us=21432 paints=0 skips=935 ticks=61
[host] slot live5yavhb_0: d_loop_us=1070 d_raster_us=0 d_observe_us=103151 max_observe_us=22442 d_paints=0 d_skips=50 d_ticks=2 window_ms=1203
[host] hitch live5yavhb_0: observe_us=21531 paints=0 skips=960 ticks=62
[script live5yavhb_0] tanner interface did not open — retrying
[host] slot live5yavhb_0: d_loop_us=985 d_raster_us=0 d_observe_us=72252 max_observe_us=21531 d_paints=0 d_skips=50 d_ticks=2 window_ms=1192
[script live5yavhb_0] interact WalkNear { x: 3269, z: 3167, level: 0, radius: 3, allow_teleports: false }
[host] slot live5yavhb_0: d_loop_us=1044 d_raster_us=0 d_observe_us=54490 max_observe_us=13627 d_paints=0 d_skips=50 d_ticks=2 window_ms=1200
[nav-follow] here=WorldTile { x: 3278, z: 3192, level: 0 } walk=true transport=false leg=0 hops=1 outcome=None
[nav-walk] here=WorldTile { x: 3279, z: 3190, level: 0 } aim=WorldTile { x: 3280, z: 3177, level: 0 } radius=2 ticks_waited=0 sent_tile=Some(WorldTile { x: 3278, z: 3192, level: 0 })
[nav-follow] here=WorldTile { x: 3279, z: 3190, level: 0 } walk=true transport=false leg=0 hops=1 outcome=None
[host] slot live5yavhb_0: d_loop_us=976 d_raster_us=0 d_observe_us=64777 max_observe_us=15582 d_paints=0 d_skips=50 d_ticks=2 window_ms=1196
[nav-walk] here=WorldTile { x: 3280, z: 3188, level: 0 } aim=WorldTile { x: 3280, z: 3177, level: 0 } radius=2 ticks_waited=1 sent_tile=Some(WorldTile { x: 3278, z: 3192, level: 0 })
[nav-follow] here=WorldTile { x: 3280, z: 3188, level: 0 } walk=true transport=false leg=0 hops=1 outcome=None
[host] hitch live5yavhb_0: observe_us=18019 paints=0 skips=1111 ticks=68
[nav-walk] here=WorldTile { x: 3280, z: 3186, level: 0 } aim=WorldTile { x: 3280, z: 3177, level: 0 } radius=2 ticks_waited=2 sent_tile=Some(WorldTile { x: 3278, z: 3192, level: 0 })
[nav-follow] here=WorldTile { x: 3280, z: 3186, level: 0 } walk=true transport=false leg=0 hops=1 outcome=None
[host] hitch live5yavhb_0: observe_us=25842 paints=0 skips=1136 ticks=69
[host] slot live5yavhb_0: d_loop_us=1077 d_raster_us=0 d_observe_us=87671 max_observe_us=25842 d_paints=0 d_skips=50 d_ticks=2 window_ms=1207
[nav-walk] here=WorldTile { x: 3280, z: 3184, level: 0 } aim=WorldTile { x: 3280, z: 3177, level: 0 } radius=2 ticks_waited=3 sent_tile=Some(WorldTile { x: 3278, z: 3192, level: 0 })
[nav-follow] here=WorldTile { x: 3280, z: 3184, level: 0 } walk=true transport=false leg=0 hops=1 outcome=None
[host] hitch live5yavhb_0: observe_us=21220 paints=0 skips=1161 ticks=70
[nav-walk] here=WorldTile { x: 3280, z: 3182, level: 0 } aim=WorldTile { x: 3280, z: 3177, level: 0 } radius=2 ticks_waited=4 sent_tile=Some(WorldTile { x: 3278, z: 3192, level: 0 })
[nav-follow] here=WorldTile { x: 3280, z: 3182, level: 0 } walk=true transport=false leg=0 hops=1 outcome=None
[host] hitch live5yavhb_0: observe_us=23865 paints=0 skips=1186 ticks=71
[host] slot live5yavhb_0: d_loop_us=1111 d_raster_us=0 d_observe_us=91668 max_observe_us=23865 d_paints=0 d_skips=50 d_ticks=2 window_ms=1175
[nav-walk] here=WorldTile { x: 3280, z: 3180, level: 0 } aim=WorldTile { x: 3280, z: 3177, level: 0 } radius=2 ticks_waited=5 sent_tile=Some(WorldTile { x: 3278, z: 3192, level: 0 })
[nav-follow] here=WorldTile { x: 3280, z: 3180, level: 0 } walk=true transport=false leg=0 hops=1 outcome=None
[host] hitch live5yavhb_0: observe_us=22846 paints=0 skips=1211 ticks=72
[nav-walk] here=WorldTile { x: 3280, z: 3178, level: 0 } aim=WorldTile { x: 3280, z: 3177, level: 0 } radius=2 ticks_waited=6 sent_tile=Some(WorldTile { x: 3278, z: 3192, level: 0 })
[nav-follow] here=WorldTile { x: 3280, z: 3178, level: 0 } walk=true transport=false leg=0 hops=2 outcome=None
[host] hitch live5yavhb_0: observe_us=22186 paints=0 skips=1237 ticks=73
test catalog_boundary_live has been running for over 60 seconds
[host] slot live5yavhb_0: d_loop_us=1345 d_raster_us=0 d_observe_us=91625 max_observe_us=22846 d_paints=0 d_skips=50 d_ticks=2 window_ms=1182
[nav-walk] here=WorldTile { x: 3280, z: 3176, level: 0 } aim=WorldTile { x: 3269, z: 3170, level: 0 } radius=0 ticks_waited=0 sent_tile=Some(WorldTile { x: 3280, z: 3178, level: 0 })
[nav-follow] here=WorldTile { x: 3280, z: 3176, level: 0 } walk=true transport=false leg=0 hops=2 outcome=None
[host] hitch live5yavhb_0: observe_us=24058 paints=0 skips=1262 ticks=74
[nav-walk] here=WorldTile { x: 3278, z: 3174, level: 0 } aim=WorldTile { x: 3269, z: 3170, level: 0 } radius=0 ticks_waited=1 sent_tile=Some(WorldTile { x: 3280, z: 3178, level: 0 })
[nav-follow] here=WorldTile { x: 3278, z: 3174, level: 0 } walk=true transport=false leg=0 hops=2 outcome=None
[host] hitch live5yavhb_0: observe_us=25261 paints=0 skips=1288 ticks=75
[host] slot live5yavhb_0: d_loop_us=1353 d_raster_us=0 d_observe_us=100651 max_observe_us=25261 d_paints=0 d_skips=50 d_ticks=2 window_ms=1184
[nav-walk] here=WorldTile { x: 3276, z: 3172, level: 0 } aim=WorldTile { x: 3269, z: 3170, level: 0 } radius=0 ticks_waited=2 sent_tile=Some(WorldTile { x: 3280, z: 3178, level: 0 })
[nav-follow] here=WorldTile { x: 3276, z: 3172, level: 0 } walk=true transport=false leg=0 hops=2 outcome=None
[host] hitch live5yavhb_0: observe_us=22125 paints=0 skips=1314 ticks=76
[nav-walk] here=WorldTile { x: 3276, z: 3170, level: 0 } aim=WorldTile { x: 3269, z: 3170, level: 0 } radius=0 ticks_waited=3 sent_tile=Some(WorldTile { x: 3280, z: 3178, level: 0 })
[nav-follow] here=WorldTile { x: 3276, z: 3170, level: 0 } walk=true transport=false leg=0 hops=2 outcome=None
[host] hitch live5yavhb_0: observe_us=20933 paints=0 skips=1338 ticks=77
[host] slot live5yavhb_0: d_loop_us=4757 d_raster_us=0 d_observe_us=105598 max_observe_us=22125 d_paints=0 d_skips=50 d_ticks=2 window_ms=1189
[nav-walk] here=WorldTile { x: 3274, z: 3168, level: 0 } aim=WorldTile { x: 3269, z: 3170, level: 0 } radius=0 ticks_waited=4 sent_tile=Some(WorldTile { x: 3280, z: 3178, level: 0 })
[nav-follow] here=WorldTile { x: 3274, z: 3168, level: 0 } walk=true transport=false leg=0 hops=2 outcome=None
[host] hitch live5yavhb_0: observe_us=22431 paints=0 skips=1363 ticks=78
[nav-walk] here=WorldTile { x: 3272, z: 3167, level: 0 } aim=WorldTile { x: 3269, z: 3170, level: 0 } radius=0 ticks_waited=5 sent_tile=Some(WorldTile { x: 3280, z: 3178, level: 0 })
[nav-follow] here=WorldTile { x: 3272, z: 3167, level: 0 } walk=true transport=false leg=0 hops=2 outcome=None
[host] hitch live5yavhb_0: observe_us=24330 paints=0 skips=1389 ticks=79
[script live5yavhb_0] interact WalkNear { x: 3268, z: 3164, level: 0, radius: 1, allow_teleports: false }
[host] slot live5yavhb_0: d_loop_us=1252 d_raster_us=0 d_observe_us=97248 max_observe_us=24330 d_paints=0 d_skips=50 d_ticks=2 window_ms=1193
[nav-follow] here=WorldTile { x: 3271, z: 3168, level: 0 } walk=true transport=false leg=0 hops=1 outcome=None
[host] hitch live5yavhb_0: observe_us=24658 paints=0 skips=1414 ticks=80
[nav-walk] here=WorldTile { x: 3271, z: 3166, level: 0 } aim=WorldTile { x: 3269, z: 3164, level: 0 } radius=0 ticks_waited=0 sent_tile=Some(WorldTile { x: 3271, z: 3168, level: 0 })
[nav-follow] here=WorldTile { x: 3271, z: 3166, level: 0 } walk=true transport=false leg=0 hops=1 outcome=None
[host] hitch live5yavhb_0: observe_us=28808 paints=0 skips=1439 ticks=81
[host] slot live5yavhb_0: d_loop_us=1190 d_raster_us=0 d_observe_us=108292 max_observe_us=28808 d_paints=0 d_skips=50 d_ticks=2 window_ms=1200
[nav-walk] here=WorldTile { x: 3269, z: 3164, level: 0 } aim=WorldTile { x: 3269, z: 3164, level: 0 } radius=0 ticks_waited=1 sent_tile=Some(WorldTile { x: 3271, z: 3168, level: 0 })
[nav-follow] here=WorldTile { x: 3269, z: 3164, level: 0 } walk=false transport=false leg=1 hops=1 outcome=Some(Arrived { at: WorldTile { x: 3269, z: 3164, level: 0 } })
[host] hitch live5yavhb_0: observe_us=23052 paints=0 skips=1464 ticks=82
[script live5yavhb_0] interact OpenBooth { x: 3268, z: 3164, level: 0, id: 2213, name: Some("Bank booth"), action: Some("Use-quickly") }
[host] hitch live5yavhb_0: observe_us=17614 paints=0 skips=1488 ticks=83
[host] slot live5yavhb_0: d_loop_us=1205 d_raster_us=0 d_observe_us=96727 max_observe_us=23052 d_paints=0 d_skips=50 d_ticks=2 window_ms=1205
[script live5yavhb_0] interact InvButton { id: 1739, slot: 0, component: 5382, operation: 5, bank_generation: 5 }
[host] slot live5yavhb_0: d_loop_us=1041 d_raster_us=0 d_observe_us=62647 max_observe_us=13328 d_paints=0 d_skips=50 d_ticks=2 window_ms=1182
[script live5yavhb_0] interact AnswerCount { value: 27 }
[shim-count] 27 sent
[host] hitch live5yavhb_0: observe_us=17826 paints=0 skips=1590 ticks=87
[script live5yavhb_0] interact CloseModal
[host] slot live5yavhb_0: d_loop_us=1294 d_raster_us=0 d_observe_us=93185 max_observe_us=17826 d_paints=0 d_skips=50 d_ticks=2 window_ms=1165
[script live5yavhb_0] interact WalkNear { x: 3277, z: 3191, level: 0, radius: 3, allow_teleports: false }
[nav-follow] here=WorldTile { x: 3269, z: 3164, level: 0 } walk=true transport=false leg=0 hops=1 outcome=None
[host] slot live5yavhb_0: d_loop_us=1151 d_raster_us=0 d_observe_us=79323 max_observe_us=13688 d_paints=0 d_skips=50 d_ticks=2 window_ms=1165
[nav-walk] here=WorldTile { x: 3271, z: 3166, level: 0 } aim=WorldTile { x: 3280, z: 3178, level: 0 } radius=2 ticks_waited=0 sent_tile=Some(WorldTile { x: 3269, z: 3164, level: 0 })
[nav-follow] here=WorldTile { x: 3271, z: 3166, level: 0 } walk=true transport=false leg=0 hops=1 outcome=None
[host] hitch live5yavhb_0: observe_us=21062 paints=0 skips=1667 ticks=90
[nav-walk] here=WorldTile { x: 3273, z: 3167, level: 0 } aim=WorldTile { x: 3280, z: 3178, level: 0 } radius=2 ticks_waited=1 sent_tile=Some(WorldTile { x: 3269, z: 3164, level: 0 })
[nav-follow] here=WorldTile { x: 3273, z: 3167, level: 0 } walk=true transport=false leg=0 hops=1 outcome=None
[host] hitch live5yavhb_0: observe_us=28666 paints=0 skips=1692 ticks=91
[host] slot live5yavhb_0: d_loop_us=1066 d_raster_us=0 d_observe_us=100434 max_observe_us=28666 d_paints=0 d_skips=50 d_ticks=2 window_ms=1199
[nav-walk] here=WorldTile { x: 3273, z: 3169, level: 0 } aim=WorldTile { x: 3280, z: 3178, level: 0 } radius=2 ticks_waited=2 sent_tile=Some(WorldTile { x: 3269, z: 3164, level: 0 })
[nav-follow] here=WorldTile { x: 3273, z: 3169, level: 0 } walk=true transport=false leg=0 hops=1 outcome=None
[host] hitch live5yavhb_0: observe_us=25233 paints=0 skips=1717 ticks=92
[nav-walk] here=WorldTile { x: 3275, z: 3171, level: 0 } aim=WorldTile { x: 3280, z: 3178, level: 0 } radius=2 ticks_waited=3 sent_tile=Some(WorldTile { x: 3269, z: 3164, level: 0 })
[nav-follow] here=WorldTile { x: 3275, z: 3171, level: 0 } walk=true transport=false leg=0 hops=1 outcome=None
[host] hitch live5yavhb_0: observe_us=22240 paints=0 skips=1743 ticks=93
[host] slot live5yavhb_0: d_loop_us=1372 d_raster_us=0 d_observe_us=95890 max_observe_us=25233 d_paints=0 d_skips=50 d_ticks=2 window_ms=1188
[nav-walk] here=WorldTile { x: 3275, z: 3173, level: 0 } aim=WorldTile { x: 3280, z: 3178, level: 0 } radius=2 ticks_waited=4 sent_tile=Some(WorldTile { x: 3269, z: 3164, level: 0 })
[nav-follow] here=WorldTile { x: 3275, z: 3173, level: 0 } walk=true transport=false leg=0 hops=1 outcome=None
[host] hitch live5yavhb_0: observe_us=25655 paints=0 skips=1768 ticks=94
[nav-walk] here=WorldTile { x: 3277, z: 3175, level: 0 } aim=WorldTile { x: 3280, z: 3178, level: 0 } radius=2 ticks_waited=5 sent_tile=Some(WorldTile { x: 3269, z: 3164, level: 0 })
[nav-follow] here=WorldTile { x: 3277, z: 3175, level: 0 } walk=true transport=false leg=0 hops=1 outcome=None
[host] slot live5yavhb_0: d_loop_us=1125 d_raster_us=0 d_observe_us=83130 max_observe_us=25655 d_paints=0 d_skips=50 d_ticks=2 window_ms=1196
[nav-walk] here=WorldTile { x: 3279, z: 3177, level: 0 } aim=WorldTile { x: 3280, z: 3178, level: 0 } radius=2 ticks_waited=6 sent_tile=Some(WorldTile { x: 3269, z: 3164, level: 0 })
[nav-follow] here=WorldTile { x: 3279, z: 3177, level: 0 } walk=true transport=false leg=0 hops=2 outcome=None
[host] hitch live5yavhb_0: observe_us=17086 paints=0 skips=1817 ticks=96
[nav-walk] here=WorldTile { x: 3279, z: 3179, level: 0 } aim=WorldTile { x: 3274, z: 3188, level: 0 } radius=0 ticks_waited=0 sent_tile=Some(WorldTile { x: 3279, z: 3177, level: 0 })
[nav-follow] here=WorldTile { x: 3279, z: 3179, level: 0 } walk=true transport=false leg=0 hops=2 outcome=None
[host] slot live5yavhb_0: d_loop_us=1085 d_raster_us=0 d_observe_us=82003 max_observe_us=17086 d_paints=0 d_skips=50 d_ticks=2 window_ms=1202
[nav-walk] here=WorldTile { x: 3279, z: 3181, level: 0 } aim=WorldTile { x: 3274, z: 3188, level: 0 } radius=0 ticks_waited=1 sent_tile=Some(WorldTile { x: 3279, z: 3177, level: 0 })
[nav-follow] here=WorldTile { x: 3279, z: 3181, level: 0 } walk=true transport=false leg=0 hops=2 outcome=None
[nav-walk] here=WorldTile { x: 3280, z: 3183, level: 0 } aim=WorldTile { x: 3274, z: 3188, level: 0 } radius=0 ticks_waited=2 sent_tile=Some(WorldTile { x: 3279, z: 3177, level: 0 })
[nav-follow] here=WorldTile { x: 3280, z: 3183, level: 0 } walk=true transport=false leg=0 hops=2 outcome=None
[host] slot live5yavhb_0: d_loop_us=1481 d_raster_us=0 d_observe_us=81633 max_observe_us=14479 d_paints=0 d_skips=50 d_ticks=2 window_ms=1201
[nav-walk] here=WorldTile { x: 3280, z: 3185, level: 0 } aim=WorldTile { x: 3274, z: 3188, level: 0 } radius=0 ticks_waited=3 sent_tile=Some(WorldTile { x: 3279, z: 3177, level: 0 })
[nav-follow] here=WorldTile { x: 3280, z: 3185, level: 0 } walk=true transport=false leg=0 hops=2 outcome=None
[host] hitch live5yavhb_0: observe_us=16267 paints=0 skips=1917 ticks=100
[nav-walk] here=WorldTile { x: 3278, z: 3185, level: 0 } aim=WorldTile { x: 3274, z: 3188, level: 0 } radius=0 ticks_waited=4 sent_tile=Some(WorldTile { x: 3279, z: 3177, level: 0 })
[nav-follow] here=WorldTile { x: 3278, z: 3185, level: 0 } walk=true transport=false leg=0 hops=2 outcome=None
[host] hitch live5yavhb_0: observe_us=16315 paints=0 skips=1941 ticks=101
[host] slot live5yavhb_0: d_loop_us=1369 d_raster_us=0 d_observe_us=89399 max_observe_us=16315 d_paints=0 d_skips=50 d_ticks=2 window_ms=1217
[nav-walk] here=WorldTile { x: 3276, z: 3185, level: 0 } aim=WorldTile { x: 3274, z: 3188, level: 0 } radius=0 ticks_waited=5 sent_tile=Some(WorldTile { x: 3279, z: 3177, level: 0 })
[nav-follow] here=WorldTile { x: 3276, z: 3185, level: 0 } walk=true transport=false leg=0 hops=2 outcome=None
[nav-walk] here=WorldTile { x: 3275, z: 3187, level: 0 } aim=WorldTile { x: 3274, z: 3188, level: 0 } radius=0 ticks_waited=6 sent_tile=Some(WorldTile { x: 3279, z: 3177, level: 0 })
[nav-follow] here=WorldTile { x: 3275, z: 3187, level: 0 } walk=true transport=false leg=0 hops=2 outcome=None
[host] slot live5yavhb_0: d_loop_us=841 d_raster_us=0 d_observe_us=74382 max_observe_us=14525 d_paints=0 d_skips=50 d_ticks=2 window_ms=1214
[nav-walk] here=WorldTile { x: 3274, z: 3188, level: 0 } aim=WorldTile { x: 3274, z: 3188, level: 0 } radius=0 ticks_waited=7 sent_tile=Some(WorldTile { x: 3279, z: 3177, level: 0 })
[nav-follow] here=WorldTile { x: 3274, z: 3188, level: 0 } walk=false transport=false leg=1 hops=2 outcome=Some(Arrived { at: WorldTile { x: 3274, z: 3188, level: 0 } })
[script live5yavhb_0] interact Npc { name: "Tanner", action: "Trade", index: Some(229) }
[host] slot live5yavhb_0: d_loop_us=846 d_raster_us=0 d_observe_us=71587 max_observe_us=14404 d_paints=0 d_skips=50 d_ticks=2 window_ms=1210
[host] slot live5yavhb_0: d_loop_us=981 d_raster_us=0 d_observe_us=64674 max_observe_us=14972 d_paints=0 d_skips=50 d_ticks=2 window_ms=1212
[host] hitch live5yavhb_0: observe_us=17019 paints=0 skips=2114 ticks=108
[host] slot live5yavhb_0: d_loop_us=981 d_raster_us=0 d_observe_us=77305 max_observe_us=17019 d_paints=0 d_skips=50 d_ticks=2 window_ms=1203
[host] hitch live5yavhb_0: observe_us=25477 paints=0 skips=2189 ticks=111
[host] slot live5yavhb_0: d_loop_us=1144 d_raster_us=0 d_observe_us=93957 max_observe_us=25477 d_paints=0 d_skips=50 d_ticks=2 window_ms=1216
[script live5yavhb_0] tanner interface did not open — retrying
[host] slot live5yavhb_0: d_loop_us=1025 d_raster_us=0 d_observe_us=74226 max_observe_us=14231 d_paints=0 d_skips=50 d_ticks=2 window_ms=1215
[script live5yavhb_0] interact WalkNear { x: 3269, z: 3167, level: 0, radius: 3, allow_teleports: false }
[host] slot live5yavhb_0: d_loop_us=1236 d_raster_us=0 d_observe_us=56915 max_observe_us=13418 d_paints=0 d_skips=50 d_ticks=2 window_ms=1208
[nav-follow] here=WorldTile { x: 3278, z: 3192, level: 0 } walk=true transport=false leg=0 hops=1 outcome=None
[nav-walk] here=WorldTile { x: 3279, z: 3190, level: 0 } aim=WorldTile { x: 3280, z: 3177, level: 0 } radius=2 ticks_waited=0 sent_tile=Some(WorldTile { x: 3278, z: 3192, level: 0 })
[nav-follow] here=WorldTile { x: 3279, z: 3190, level: 0 } walk=true transport=false leg=0 hops=1 outcome=None
[host] hitch live5yavhb_0: observe_us=21167 paints=0 skips=2337 ticks=117
[host] slot live5yavhb_0: d_loop_us=847 d_raster_us=0 d_observe_us=76035 max_observe_us=21167 d_paints=0 d_skips=50 d_ticks=2 window_ms=1224
[nav-walk] here=WorldTile { x: 3280, z: 3188, level: 0 } aim=WorldTile { x: 3280, z: 3177, level: 0 } radius=2 ticks_waited=1 sent_tile=Some(WorldTile { x: 3278, z: 3192, level: 0 })
[nav-follow] here=WorldTile { x: 3280, z: 3188, level: 0 } walk=true transport=false leg=0 hops=1 outcome=None
[host] hitch live5yavhb_0: observe_us=23921 paints=0 skips=2362 ticks=118
[nav-walk] here=WorldTile { x: 3280, z: 3186, level: 0 } aim=WorldTile { x: 3280, z: 3177, level: 0 } radius=2 ticks_waited=2 sent_tile=Some(WorldTile { x: 3278, z: 3192, level: 0 })
[nav-follow] here=WorldTile { x: 3280, z: 3186, level: 0 } walk=true transport=false leg=0 hops=1 outcome=None
[host] hitch live5yavhb_0: observe_us=17367 paints=0 skips=2386 ticks=119
[host] slot live5yavhb_0: d_loop_us=965 d_raster_us=0 d_observe_us=82970 max_observe_us=23921 d_paints=0 d_skips=50 d_ticks=2 window_ms=1215
[nav-walk] here=WorldTile { x: 3280, z: 3184, level: 0 } aim=WorldTile { x: 3280, z: 3177, level: 0 } radius=2 ticks_waited=3 sent_tile=Some(WorldTile { x: 3278, z: 3192, level: 0 })
[nav-follow] here=WorldTile { x: 3280, z: 3184, level: 0 } walk=true transport=false leg=0 hops=1 outcome=None
[host] hitch live5yavhb_0: observe_us=20943 paints=0 skips=2411 ticks=120
[nav-walk] here=WorldTile { x: 3280, z: 3182, level: 0 } aim=WorldTile { x: 3280, z: 3177, level: 0 } radius=2 ticks_waited=4 sent_tile=Some(WorldTile { x: 3278, z: 3192, level: 0 })
[nav-follow] here=WorldTile { x: 3280, z: 3182, level: 0 } walk=true transport=false leg=0 hops=1 outcome=None
[host] slot live5yavhb_0: d_loop_us=1093 d_raster_us=0 d_observe_us=86006 max_observe_us=20943 d_paints=0 d_skips=50 d_ticks=2 window_ms=1217
[nav-walk] here=WorldTile { x: 3280, z: 3180, level: 0 } aim=WorldTile { x: 3280, z: 3177, level: 0 } radius=2 ticks_waited=5 sent_tile=Some(WorldTile { x: 3278, z: 3192, level: 0 })
[nav-follow] here=WorldTile { x: 3280, z: 3180, level: 0 } walk=true transport=false leg=0 hops=1 outcome=None
[nav-walk] here=WorldTile { x: 3280, z: 3178, level: 0 } aim=WorldTile { x: 3280, z: 3177, level: 0 } radius=2 ticks_waited=6 sent_tile=Some(WorldTile { x: 3278, z: 3192, level: 0 })
[nav-follow] here=WorldTile { x: 3280, z: 3178, level: 0 } walk=true transport=false leg=0 hops=2 outcome=None
[host] slot live5yavhb_0: d_loop_us=1015 d_raster_us=0 d_observe_us=70340 max_observe_us=15830 d_paints=0 d_skips=50 d_ticks=2 window_ms=1208
[nav-walk] here=WorldTile { x: 3280, z: 3176, level: 0 } aim=WorldTile { x: 3269, z: 3170, level: 0 } radius=0 ticks_waited=0 sent_tile=Some(WorldTile { x: 3280, z: 3178, level: 0 })
[nav-follow] here=WorldTile { x: 3280, z: 3176, level: 0 } walk=true transport=false leg=0 hops=2 outcome=None
[nav-walk] here=WorldTile { x: 3278, z: 3174, level: 0 } aim=WorldTile { x: 3269, z: 3170, level: 0 } radius=0 ticks_waited=1 sent_tile=Some(WorldTile { x: 3280, z: 3178, level: 0 })
[nav-follow] here=WorldTile { x: 3278, z: 3174, level: 0 } walk=true transport=false leg=0 hops=2 outcome=None
[host] slot live5yavhb_0: d_loop_us=1025 d_raster_us=0 d_observe_us=73801 max_observe_us=14803 d_paints=0 d_skips=50 d_ticks=2 window_ms=1225
[nav-walk] here=WorldTile { x: 3276, z: 3172, level: 0 } aim=WorldTile { x: 3269, z: 3170, level: 0 } radius=0 ticks_waited=2 sent_tile=Some(WorldTile { x: 3280, z: 3178, level: 0 })
[nav-follow] here=WorldTile { x: 3276, z: 3172, level: 0 } walk=true transport=false leg=0 hops=2 outcome=None
[host] hitch live5yavhb_0: observe_us=20899 paints=0 skips=2559 ticks=126
[nav-walk] here=WorldTile { x: 3276, z: 3170, level: 0 } aim=WorldTile { x: 3269, z: 3170, level: 0 } radius=0 ticks_waited=3 sent_tile=Some(WorldTile { x: 3280, z: 3178, level: 0 })
[nav-follow] here=WorldTile { x: 3276, z: 3170, level: 0 } walk=true transport=false leg=0 hops=2 outcome=None
[host] slot live5yavhb_0: d_loop_us=1080 d_raster_us=0 d_observe_us=79274 max_observe_us=20899 d_paints=0 d_skips=50 d_ticks=2 window_ms=1225
[nav-walk] here=WorldTile { x: 3274, z: 3168, level: 0 } aim=WorldTile { x: 3269, z: 3170, level: 0 } radius=0 ticks_waited=4 sent_tile=Some(WorldTile { x: 3280, z: 3178, level: 0 })
[nav-follow] here=WorldTile { x: 3274, z: 3168, level: 0 } walk=true transport=false leg=0 hops=2 outcome=None
[nav-walk] here=WorldTile { x: 3272, z: 3167, level: 0 } aim=WorldTile { x: 3269, z: 3170, level: 0 } radius=0 ticks_waited=5 sent_tile=Some(WorldTile { x: 3280, z: 3178, level: 0 })
[nav-follow] here=WorldTile { x: 3272, z: 3167, level: 0 } walk=true transport=false leg=0 hops=2 outcome=None
[host] hitch live5yavhb_0: observe_us=21614 paints=0 skips=2633 ticks=129
[script live5yavhb_0] interact WalkNear { x: 3268, z: 3164, level: 0, radius: 1, allow_teleports: false }
[host] slot live5yavhb_0: d_loop_us=1156 d_raster_us=0 d_observe_us=87903 max_observe_us=21614 d_paints=0 d_skips=50 d_ticks=2 window_ms=1219
[nav-follow] here=WorldTile { x: 3271, z: 3168, level: 0 } walk=true transport=false leg=0 hops=1 outcome=None
[host] hitch live5yavhb_0: observe_us=24292 paints=0 skips=2657 ticks=130
[nav-walk] here=WorldTile { x: 3271, z: 3166, level: 0 } aim=WorldTile { x: 3269, z: 3164, level: 0 } radius=0 ticks_waited=0 sent_tile=Some(WorldTile { x: 3271, z: 3168, level: 0 })
[nav-follow] here=WorldTile { x: 3271, z: 3166, level: 0 } walk=true transport=false leg=0 hops=1 outcome=None
[host] hitch live5yavhb_0: observe_us=22878 paints=0 skips=2682 ticks=131
[host] slot live5yavhb_0: d_loop_us=1209 d_raster_us=0 d_observe_us=95833 max_observe_us=24292 d_paints=0 d_skips=50 d_ticks=2 window_ms=1204
[nav-walk] here=WorldTile { x: 3269, z: 3164, level: 0 } aim=WorldTile { x: 3269, z: 3164, level: 0 } radius=0 ticks_waited=1 sent_tile=Some(WorldTile { x: 3271, z: 3168, level: 0 })
[nav-follow] here=WorldTile { x: 3269, z: 3164, level: 0 } walk=false transport=false leg=1 hops=1 outcome=Some(Arrived { at: WorldTile { x: 3269, z: 3164, level: 0 } })
[host] hitch live5yavhb_0: observe_us=22210 paints=0 skips=2707 ticks=132
[script live5yavhb_0] interact OpenBooth { x: 3268, z: 3164, level: 0, id: 2213, name: Some("Bank booth"), action: Some("Use-quickly") }
[host] hitch live5yavhb_0: observe_us=16447 paints=0 skips=2732 ticks=133
[host] slot live5yavhb_0: d_loop_us=1134 d_raster_us=0 d_observe_us=90813 max_observe_us=22210 d_paints=0 d_skips=50 d_ticks=2 window_ms=1216
[script live5yavhb_0] interact InvButton { id: 1739, slot: 0, component: 5382, operation: 5, bank_generation: 7 }
[host] slot live5yavhb_0: d_loop_us=1066 d_raster_us=0 d_observe_us=71198 max_observe_us=12146 d_paints=0 d_skips=50 d_ticks=2 window_ms=1200
[script live5yavhb_0] interact AnswerCount { value: 27 }
[shim-count] 27 sent
[host] hitch live5yavhb_0: observe_us=19544 paints=0 skips=2832 ticks=137
[script live5yavhb_0] interact CloseModal
[host] slot live5yavhb_0: d_loop_us=1209 d_raster_us=0 d_observe_us=83062 max_observe_us=19544 d_paints=0 d_skips=50 d_ticks=2 window_ms=1191
[script live5yavhb_0] interact WalkNear { x: 3277, z: 3191, level: 0, radius: 3, allow_teleports: false }
[nav-follow] here=WorldTile { x: 3269, z: 3164, level: 0 } walk=true transport=false leg=0 hops=1 outcome=None
[host] slot live5yavhb_0: d_loop_us=1020 d_raster_us=0 d_observe_us=70419 max_observe_us=14176 d_paints=0 d_skips=50 d_ticks=2 window_ms=1194
[nav-walk] here=WorldTile { x: 3270, z: 3165, level: 0 } aim=WorldTile { x: 3280, z: 3178, level: 0 } radius=2 ticks_waited=0 sent_tile=Some(WorldTile { x: 3269, z: 3164, level: 0 })
[nav-follow] here=WorldTile { x: 3270, z: 3165, level: 0 } walk=true transport=false leg=0 hops=1 outcome=None
[host] hitch live5yavhb_0: observe_us=19034 paints=0 skips=2907 ticks=140
[nav-walk] here=WorldTile { x: 3271, z: 3166, level: 0 } aim=WorldTile { x: 3280, z: 3178, level: 0 } radius=2 ticks_waited=1 sent_tile=Some(WorldTile { x: 3269, z: 3164, level: 0 })
[nav-follow] here=WorldTile { x: 3271, z: 3166, level: 0 } walk=true transport=false leg=0 hops=1 outcome=None
[host] hitch live5yavhb_0: observe_us=23102 paints=0 skips=2933 ticks=141
[host] slot live5yavhb_0: d_loop_us=1085 d_raster_us=0 d_observe_us=90242 max_observe_us=23102 d_paints=0 d_skips=50 d_ticks=2 window_ms=1187
[nav-walk] here=WorldTile { x: 3272, z: 3166, level: 0 } aim=WorldTile { x: 3280, z: 3178, level: 0 } radius=2 ticks_waited=2 sent_tile=Some(WorldTile { x: 3269, z: 3164, level: 0 })
[nav-follow] here=WorldTile { x: 3272, z: 3166, level: 0 } walk=true transport=false leg=0 hops=1 outcome=None
[nav-walk] here=WorldTile { x: 3273, z: 3167, level: 0 } aim=WorldTile { x: 3280, z: 3178, level: 0 } radius=2 ticks_waited=3 sent_tile=Some(WorldTile { x: 3269, z: 3164, level: 0 })
[nav-follow] here=WorldTile { x: 3273, z: 3167, level: 0 } walk=true transport=false leg=0 hops=1 outcome=None
[host] hitch live5yavhb_0: observe_us=21524 paints=0 skips=2982 ticks=143
[host] slot live5yavhb_0: d_loop_us=1113 d_raster_us=0 d_observe_us=76960 max_observe_us=21524 d_paints=0 d_skips=50 d_ticks=2 window_ms=1207
[nav-walk] here=WorldTile { x: 3273, z: 3168, level: 0 } aim=WorldTile { x: 3280, z: 3178, level: 0 } radius=2 ticks_waited=4 sent_tile=Some(WorldTile { x: 3269, z: 3164, level: 0 })
[nav-follow] here=WorldTile { x: 3273, z: 3168, level: 0 } walk=true transport=false leg=0 hops=1 outcome=None
[host] hitch live5yavhb_0: observe_us=21107 paints=0 skips=3007 ticks=144
[nav-walk] here=WorldTile { x: 3273, z: 3169, level: 0 } aim=WorldTile { x: 3280, z: 3178, level: 0 } radius=2 ticks_waited=5 sent_tile=Some(WorldTile { x: 3269, z: 3164, level: 0 })
[nav-follow] here=WorldTile { x: 3273, z: 3169, level: 0 } walk=true transport=false leg=0 hops=1 outcome=None
[host] slot live5yavhb_0: d_loop_us=1185 d_raster_us=0 d_observe_us=79332 max_observe_us=21107 d_paints=0 d_skips=50 d_ticks=2 window_ms=1191
[nav-walk] here=WorldTile { x: 3274, z: 3170, level: 0 } aim=WorldTile { x: 3280, z: 3178, level: 0 } radius=2 ticks_waited=6 sent_tile=Some(WorldTile { x: 3269, z: 3164, level: 0 })
[nav-follow] here=WorldTile { x: 3274, z: 3170, level: 0 } walk=true transport=false leg=0 hops=1 outcome=None
[host] hitch live5yavhb_0: observe_us=23125 paints=0 skips=3057 ticks=146
[nav-walk] here=WorldTile { x: 3275, z: 3171, level: 0 } aim=WorldTile { x: 3280, z: 3178, level: 0 } radius=2 ticks_waited=7 sent_tile=Some(WorldTile { x: 3269, z: 3164, level: 0 })
[nav-follow] here=WorldTile { x: 3275, z: 3171, level: 0 } walk=true transport=false leg=0 hops=1 outcome=None
[host] hitch live5yavhb_0: observe_us=23719 paints=0 skips=3082 ticks=147
[host] slot live5yavhb_0: d_loop_us=1270 d_raster_us=0 d_observe_us=100319 max_observe_us=23719 d_paints=0 d_skips=50 d_ticks=2 window_ms=1211
[nav-walk] here=WorldTile { x: 3275, z: 3172, level: 0 } aim=WorldTile { x: 3280, z: 3178, level: 0 } radius=2 ticks_waited=8 sent_tile=Some(WorldTile { x: 3269, z: 3164, level: 0 })
[nav-follow] here=WorldTile { x: 3275, z: 3172, level: 0 } walk=true transport=false leg=0 hops=1 outcome=None
[nav-walk] here=WorldTile { x: 3275, z: 3173, level: 0 } aim=WorldTile { x: 3280, z: 3178, level: 0 } radius=2 ticks_waited=9 sent_tile=Some(WorldTile { x: 3269, z: 3164, level: 0 })
[nav-follow] here=WorldTile { x: 3275, z: 3173, level: 0 } walk=true transport=false leg=0 hops=1 outcome=None
[host] hitch live5yavhb_0: observe_us=31361 paints=0 skips=3132 ticks=149
FAIL: catalog_boundary_live: scenario failed: step 15 (watch cowhides become the selected leather at the Tanner): has_item_id(1743)>=1 not seen within 150 ticks; evidence=Some(Evidence { scenario: "tanner_bot_hard", outcome: "FAIL", predicate: "has_item_id(1743)>=1", ticks: 216, elapsed_ms: 102174, message: Some("step 15 (watch cowhides become the selected leather at the Tanner): has_item_id(1743)>=1 not seen within 150 ticks"), tile: Some([3275, 3173, 0]), inv: [InvRow { id: 995, name: Some("Coins"), count: 2000 }, InvRow { id: 1739, name: Some("Cowhide"), count: 1 }, InvRow { id: 1739, name: Some("Cowhide"), count: 1 }, InvRow { id: 1739, name: Some("Cowhide"), count: 1 }, InvRow { id: 1739, name: Some("Cowhide"), count: 1 }, InvRow { id: 1739, name: Some("Cowhide"), count: 1 }, InvRow { id: 1739, name: Some("Cowhide"), count: 1 }, InvRow { id: 1739, name: Some("Cowhide"), count: 1 }, InvRow { id: 1739, name: Some("Cowhide"), count: 1 }, InvRow { id: 1739, name: Some("Cowhide"), count: 1 }, InvRow { id: 1739, name: Some("Cowhide"), count: 1 }, InvRow { id: 1739, name: Some("Cowhide"), count: 1 }, InvRow { id: 1739, name: Some("Cowhide"), count: 1 }, InvRow { id: 1739, name: Some("Cowhide"), count: 1 }, InvRow { id: 1739, name: Some("Cowhide"), count: 1 }, InvRow { id: 1739, name: Some("Cowhide"), count: 1 }, InvRow { id: 1739, name: Some("Cowhide"), count: 1 }, InvRow { id: 1739, name: Some("Cowhide"), count: 1 }, InvRow { id: 1739, name: Some("Cowhide"), count: 1 }, InvRow { id: 1739, name: Some("Cowhide"), count: 1 }, InvRow { id: 1739, name: Some("Cowhide"), count: 1 }, InvRow { id: 1739, name: Some("Cowhide"), count: 1 }, InvRow { id: 1739, name: Some("Cowhide"), count: 1 }, InvRow { id: 1739, name: Some("Cowhide"), count: 1 }, InvRow { id: 1739, name: Some("Cowhide"), count: 1 }, InvRow { id: 1739, name: Some("Cowhide"), count: 1 }, InvRow { id: 1739, name: Some("Cowhide"), count: 1 }, InvRow { id: 1739, name: Some("Cowhide"), count: 1 }], stat: Some(StatRow { runenergy: 1 }), chat: [ChatRow { text: "Inventory wiped.", username: None }, ChatRow { text: "set tutorial: to 1000", username: None }, ChatRow { text: "Welcome to RuneScape.", username: None }], scene: 2 }); core={"error":"tanner_bot_hard core post-Start delta incomplete","witness":{"case":"tanner_bot_hard","baseline":{"ingame":true,"scene_state":2,"player":"Live5yavhb 0","tile":[3269,3166,0],"tick":27,"items":{},"item_ids":{},"bank":{},"bank_ids":{},"bank_open":false,"bank_loaded":false,"bank_generation":2,"levels":{"-unused-":0,"agility":1,"attack":1,"cooking":1,"crafting":1,"defence":1,"firemaking":1,"fishing":1,"fletching":1,"herblore":1,"hitpoints":10,"magic":1,"mining":1,"prayer":1,"ranged":1,"runecraft":1,"slayer":1,"smithing":1,"strength":1,"thieving":1,"woodcutting":1},"xp":{"-unused-":0,"agility":0,"attack":0,"cooking":0,"crafting":0,"defence":0,"firemaking":0,"fishing":0,"fletching":0,"herblore":0,"hitpoints":1154,"magic":0,"mining":0,"prayer":0,"ranged":0,"runecraft":0,"slayer":0,"smithing":0,"strength":0,"thieving":0,"woodcutting":0},"chat":[[7,"Inventory wiped."],[6,"set tutorial: to 1000"],[5,"Welcome to RuneScape."]],"loc_facts":[],"equipment_ids":{},"main_modal":-1,"widget_ids":[3213,3214]},"latest":{"ingame":true,"scene_state":2,"player":"Live5yavhb 0","tile":[3275,3173,0],"tick":149,"items":{"Coins":2000,"Cowhide":27},"item_ids":{"995":2000,"1739":27},"bank":{},"bank_ids":{},"bank_open":false,"bank_loaded":false,"bank_generation":8,"levels":{"-unused-":0,"agility":1,"attack":1,"cooking":1,"crafting":1,"defence":1,"firemaking":1,"fishing":1,"fletching":1,"herblore":1,"hitpoints":10,"magic":1,"mining":1,"prayer":1,"ranged":1,"runecraft":1,"slayer":1,"smithing":1,"strength":1,"thieving":1,"woodcutting":1},"xp":{"-unused-":0,"agility":0,"attack":0,"cooking":0,"crafting":0,"defence":0,"firemaking":0,"fishing":0,"fletching":0,"herblore":0,"hitpoints":1154,"magic":0,"mining":0,"prayer":0,"ranged":0,"runecraft":0,"slayer":0,"smithing":0,"strength":0,"thieving":0,"woodcutting":0},"chat":[[7,"Inventory wiped."],[6,"set tutorial: to 1000"],[5,"Welcome to RuneScape."]],"loc_facts":[{"id":1531,"x":3276,"z":3180,"level":0,"name":"Door","open":false}],"equipment_ids":{},"main_modal":-1,"widget_ids":[3213,3214]},"max_items":{"Coins":2000,"Cowhide":27},"max_xp":{"-unused-":0,"agility":0,"attack":0,"cooking":0,"crafting":0,"defence":0,"firemaking":0,"fishing":0,"fletching":0,"herblore":0,"hitpoints":1154,"magic":0,"mining":0,"prayer":0,"ranged":0,"runecraft":0,"slayer":0,"smithing":0,"strength":0,"thieving":0,"woodcutting":0},"saw_bury_chat":false,"post_start_observations":3028,"bone_bank_cycle":{"first_batch_buried":false,"opened":null,"withdrawn":null,"buried_after_withdrawal":false},"bank_fletcher_cycle":{"first_pack_created":false,"deposited":null,"withdrawn":null,"crafted_after_withdrawal":false},"bank_fletcher_string_cycle":{"initial_pairs_strung":false,"deposited":null,"withdrawn":null,"strung_after_withdrawal":false},"bank_fletcher_cut_string_cycle":{"cut_pair_created":false,"deposited":null,"withdrawn":null,"string_pair_created":false},"alcher_generated_custom_cycle":{"withdrawn":null,"consumed":false},"dart_fletcher_cycle":{"first":null,"further":false,"wrong_tier":false},"herb_cleaner_cycle":{"first_pack":false,"deposited":null,"withdrawn":null,"cleaned_after_withdrawal":false,"filter_violated":false},"gem_cutter_cycle":{"first_pack":false,"deposited":null,"withdrawn":null,"cut_after_withdrawal":false,"filter_violated":false},"door_opener_cycle":{"selected":null,"opened":false},"gnome_course_cycle":{"log":null,"ground_return":null,"pipe":null,"second_lap":false},"flax_picker_cycle":{"first_pack":false,"deposited":null,"returned":false,"further":false},"superheater_cycle":{"first_bars":false,"deposited":null,"withdrawn":null,"produced_after_withdrawal":false,"wrong_product":false,"wrong_staff":false},"chicken_killer_bank_cycle":{"combat_loot":false,"deposited":null,"returned":false,"further":false},"vial_filler_cycle":{"filled":null,"deposited":null,"withdrawn":null,"returned":false,"further":false},"potion_maker_cycle":{"unfinished":null,"finished":null,"deposited":null,"withdrawn":null,"further":false,"wrong_product":false,"filter_violated":false},"tanner_bot_cycle":{"widget":null,"tanned":null,"deposited":null,"withdrawn":null,"returned":false,"further":false,"wrong_product":false,"shop":false},"rune_crafter_cycle":{"withdrawn":null,"entered":null,"crafted":null,"exited":null,"deposited":null,"restocked":null,"returned":false,"further":false,"wrong_product":false,"noted":false},"ardy_cakes_cycle":{"stolen":null,"deposited":null,"returned":false,"further":false,"wrong_product":false,"noted":false},"ardy_thiever_cycle":{"pickpocketed":null,"deposited":null,"returned":false,"further":false},"ordered_first_exhausted":false}}
