
running 1 test
{"phase":"identity","revision":289,"profile":"local-289 · 127.0.0.1:44594 · revision 289","cache_id":"c4d8ab36bcfd2a7907535b4f619e28623b0a22e98d496fd2a9620d544c5b5b09","nav_pack":"/Users/acfrazier/experiments/274bot/.worktrees/rs2b0t-multirevision/.superpowers/world-capabilities/289/274bot.navpack","nav_sha256":"131db92e32eddcb08148909d477589544320fe7e34a422e8004e97e888032924","catalog_commit":"100adccc037d9f6898080e1cad58fcfc43364775","catalog_identity":"pre-289 frozen catalog","catalog_read_only_path":".superpowers/inputs/rs2b0t-100adccc037d9f6898080e1cad58fcfc43364775","catalog_root":"/Users/acfrazier/experiments/274bot/.worktrees/rs2b0t-multirevision/.superpowers/inputs/rs2b0t-100adccc037d9f6898080e1cad58fcfc43364775","registry_path":"/Users/acfrazier/experiments/274bot/.worktrees/rs2b0t-multirevision/.superpowers/inputs/rs2b0t-100adccc037d9f6898080e1cad58fcfc43364775/src/bot/scripts/index.ts","registry_sha256":"b614aedb3d5adfdfbac3760f082273f3cf5c33fffe4ced0f2b01490ae02d1bc2","card":{"card":"GnomeCourse","source_path":"/Users/acfrazier/experiments/274bot/.worktrees/rs2b0t-multirevision/.superpowers/inputs/rs2b0t-100adccc037d9f6898080e1cad58fcfc43364775/src/bot/scripts/AgilityBot/AgilityBot.ts","source_sha256":"dee7c8885685724b0453097a0cf6a66d36a4d081e24157f29d35c742c518028f","compiled_sha256":"362ade4092203b516513739a42132b75695f8f8b336f63bae601a7ce64660c24","siblings":[],"settings":{"obstacles":"Log balance,Obstacle net,Tree branch,Balancing rope,Tree branch,Obstacle net,Obstacle pipe","searchRadius":8.0}},"account":"livess4wu1_0","engine_speed_ms":null}
[host-play] slot livess4wu1_0: thread up
274bot: snapshot load skipped: read /Users/acfrazier/.274bot/unpack-289/37214163f1e6ceca/models.bin: No such file or directory (os error 2)
[host-play] slot livess4wu1_0: handshake begin reconnect=false
[host-play] slot livess4wu1_0: handshake ok
[host-play] slot livess4wu1_0: queued mainland tele+setvar (scene 2)
[host] slot livess4wu1_0: d_loop_us=11408 d_raster_us=0 d_observe_us=49607 max_observe_us=5908 d_paints=0 d_skips=50 d_ticks=1 window_ms=0
[host-play] slot livess4wu1_0: handshake begin reconnect=true
[host-play] slot livess4wu1_0: handshake ok
[host-play] slot livess4wu1_0: queued mainland tele+setvar (scene 2)
[host] slot livess4wu1_0: d_loop_us=10594 d_raster_us=0 d_observe_us=62409 max_observe_us=4077 d_paints=0 d_skips=50 d_ticks=1 window_ms=0
{"phase":"baseline-after-preparation","scenario":"gnome_course_radius","account":"livess4wu1_0","observation":{"ingame":true,"scene_state":2,"player":"Livess4wu1 0","tile":[2474,3436,0],"tick":13,"items":{},"item_ids":{},"bank":{},"bank_ids":{},"bank_open":false,"bank_loaded":false,"bank_generation":0,"levels":{"-unused-":0,"agility":1,"attack":1,"cooking":1,"crafting":1,"defence":1,"firemaking":1,"fishing":1,"fletching":1,"herblore":1,"hitpoints":10,"magic":1,"mining":1,"prayer":1,"ranged":1,"runecraft":1,"slayer":1,"smithing":1,"strength":1,"thieving":1,"woodcutting":1},"xp":{"-unused-":0,"agility":0,"attack":0,"cooking":0,"crafting":0,"defence":0,"firemaking":0,"fishing":0,"fletching":0,"herblore":0,"hitpoints":1154,"magic":0,"mining":0,"prayer":0,"ranged":0,"runecraft":0,"slayer":0,"smithing":0,"strength":0,"thieving":0,"woodcutting":0},"chat":[[6,"set tutorial: to 1000"],[5,"Welcome to RuneScape."]],"loc_facts":[],"equipment_ids":{}}}
[script livess4wu1_0] start load
{"phase":"start","account":"livess4wu1_0","count":1}
[host] hitch livess4wu1_0: observe_us=81257 paints=0 skips=83 ticks=13
[script livess4wu1_0] running agility course: [log balance -> obstacle net -> tree branch -> balancing rope -> tree branch -> obstacle net -> obstacle pipe] within 8 tiles
[script livess4wu1_0] interact Loc { x: 2474, z: 3435, level: 0, action: "Walk-across" }
[host] slot livess4wu1_0: d_loop_us=14549 d_raster_us=0 d_observe_us=171009 max_observe_us=81257 d_paints=0 d_skips=50 d_ticks=13 window_ms=8133
[host] hitch livess4wu1_0: observe_us=22052 paints=0 skips=107 ticks=15
[host] hitch livess4wu1_0: observe_us=19178 paints=0 skips=132 ticks=16
[host] slot livess4wu1_0: d_loop_us=1157 d_raster_us=0 d_observe_us=91449 max_observe_us=22052 d_paints=0 d_skips=50 d_ticks=2 window_ms=1182
[host] hitch livess4wu1_0: observe_us=18149 paints=0 skips=158 ticks=17
[host] slot livess4wu1_0: d_loop_us=1181 d_raster_us=0 d_observe_us=79056 max_observe_us=18149 d_paints=0 d_skips=50 d_ticks=2 window_ms=1170
[host] hitch livess4wu1_0: observe_us=20363 paints=0 skips=209 ticks=19
[host] hitch livess4wu1_0: observe_us=21668 paints=0 skips=235 ticks=20
[host] slot livess4wu1_0: d_loop_us=1328 d_raster_us=0 d_observe_us=91069 max_observe_us=21668 d_paints=0 d_skips=50 d_ticks=2 window_ms=1184
[host] hitch livess4wu1_0: observe_us=18985 paints=0 skips=260 ticks=21
[host] slot livess4wu1_0: d_loop_us=1163 d_raster_us=0 d_observe_us=79109 max_observe_us=18985 d_paints=0 d_skips=50 d_ticks=2 window_ms=1184
[host] slot livess4wu1_0: d_loop_us=1294 d_raster_us=0 d_observe_us=79418 max_observe_us=15867 d_paints=0 d_skips=50 d_ticks=2 window_ms=1195
[script livess4wu1_0] interact Loc { x: 2471, z: 3425, level: 0, action: "Climb-over" }
[host] hitch livess4wu1_0: observe_us=22687 paints=0 skips=386 ticks=26
[host] slot livess4wu1_0: d_loop_us=1192 d_raster_us=0 d_observe_us=93495 max_observe_us=22687 d_paints=0 d_skips=50 d_ticks=2 window_ms=1175
[host] hitch livess4wu1_0: observe_us=21191 paints=0 skips=411 ticks=27
[host] slot livess4wu1_0: d_loop_us=1189 d_raster_us=0 d_observe_us=86886 max_observe_us=21191 d_paints=0 d_skips=50 d_ticks=2 window_ms=1181
[host] slot livess4wu1_0: d_loop_us=8492 d_raster_us=0 d_observe_us=88602 max_observe_us=14895 d_paints=0 d_skips=50 d_ticks=2 window_ms=1191
[host] slot livess4wu1_0: d_loop_us=988 d_raster_us=0 d_observe_us=63675 max_observe_us=11116 d_paints=0 d_skips=50 d_ticks=2 window_ms=1198
[script livess4wu1_0] interact Loc { x: 2473, z: 3422, level: 1, action: "Climb" }
[host] slot livess4wu1_0: d_loop_us=1065 d_raster_us=0 d_observe_us=65435 max_observe_us=12126 d_paints=0 d_skips=50 d_ticks=2 window_ms=1186
[host] slot livess4wu1_0: d_loop_us=932 d_raster_us=0 d_observe_us=58721 max_observe_us=7245 d_paints=0 d_skips=50 d_ticks=2 window_ms=1199
[host] slot livess4wu1_0: d_loop_us=6239 d_raster_us=0 d_observe_us=81620 max_observe_us=14151 d_paints=0 d_skips=50 d_ticks=2 window_ms=1182
[script livess4wu1_0] interact Loc { x: 2478, z: 3420, level: 2, action: "Walk-on" }
[host] slot livess4wu1_0: d_loop_us=1037 d_raster_us=0 d_observe_us=58147 max_observe_us=10068 d_paints=0 d_skips=50 d_ticks=2 window_ms=1174
[host] slot livess4wu1_0: d_loop_us=996 d_raster_us=0 d_observe_us=64828 max_observe_us=8627 d_paints=0 d_skips=50 d_ticks=2 window_ms=1188
[host] slot livess4wu1_0: d_loop_us=801 d_raster_us=0 d_observe_us=61161 max_observe_us=10328 d_paints=0 d_skips=50 d_ticks=2 window_ms=1202
[host] slot livess4wu1_0: d_loop_us=1047 d_raster_us=0 d_observe_us=73954 max_observe_us=14029 d_paints=0 d_skips=50 d_ticks=2 window_ms=1182
[host] slot livess4wu1_0: d_loop_us=985 d_raster_us=0 d_observe_us=68544 max_observe_us=12731 d_paints=0 d_skips=50 d_ticks=2 window_ms=1180
[host] slot livess4wu1_0: d_loop_us=1063 d_raster_us=0 d_observe_us=65158 max_observe_us=9256 d_paints=0 d_skips=50 d_ticks=2 window_ms=1179
[host] slot livess4wu1_0: d_loop_us=1102 d_raster_us=0 d_observe_us=67551 max_observe_us=9981 d_paints=0 d_skips=50 d_ticks=2 window_ms=1188
[script livess4wu1_0] interact Loc { x: 2486, z: 3419, level: 2, action: "Climb-down" }
[host] slot livess4wu1_0: d_loop_us=876 d_raster_us=0 d_observe_us=66500 max_observe_us=12691 d_paints=0 d_skips=50 d_ticks=2 window_ms=1186
[host] slot livess4wu1_0: d_loop_us=1011 d_raster_us=0 d_observe_us=72574 max_observe_us=10842 d_paints=0 d_skips=50 d_ticks=2 window_ms=1183
[host] hitch livess4wu1_0: observe_us=20644 paints=0 skips=1169 ticks=57
[host] hitch livess4wu1_0: observe_us=16226 paints=0 skips=1195 ticks=58
[host] slot livess4wu1_0: d_loop_us=10055 d_raster_us=0 d_observe_us=102715 max_observe_us=20644 d_paints=0 d_skips=50 d_ticks=2 window_ms=1188
[script livess4wu1_0] interact Loc { x: 2483, z: 3426, level: 0, action: "Climb-over" }
[host] slot livess4wu1_0: d_loop_us=1242 d_raster_us=0 d_observe_us=81057 max_observe_us=15354 d_paints=0 d_skips=50 d_ticks=2 window_ms=1185
[host] hitch livess4wu1_0: observe_us=18441 paints=0 skips=1271 ticks=61
[host] hitch livess4wu1_0: observe_us=23112 paints=0 skips=1296 ticks=62
[host] slot livess4wu1_0: d_loop_us=1105 d_raster_us=0 d_observe_us=93165 max_observe_us=23112 d_paints=0 d_skips=50 d_ticks=2 window_ms=1196
[host] hitch livess4wu1_0: observe_us=21912 paints=0 skips=1321 ticks=63
[host] slot livess4wu1_0: d_loop_us=1113 d_raster_us=0 d_observe_us=85949 max_observe_us=21912 d_paints=0 d_skips=50 d_ticks=2 window_ms=1175
[host] slot livess4wu1_0: d_loop_us=954 d_raster_us=0 d_observe_us=74902 max_observe_us=11676 d_paints=0 d_skips=50 d_ticks=2 window_ms=1191
[host] hitch livess4wu1_0: observe_us=16471 paints=0 skips=1422 ticks=67
[host] hitch livess4wu1_0: observe_us=18545 paints=0 skips=1447 ticks=68
[script livess4wu1_0] interact Loc { x: 2484, z: 3431, level: 0, action: "Squeeze-through" }
[host] slot livess4wu1_0: d_loop_us=935 d_raster_us=0 d_observe_us=81574 max_observe_us=18545 d_paints=0 d_skips=50 d_ticks=2 window_ms=1202
[host] hitch livess4wu1_0: observe_us=21109 paints=0 skips=1473 ticks=69
[host] hitch livess4wu1_0: observe_us=22519 paints=0 skips=1498 ticks=70
[host] slot livess4wu1_0: d_loop_us=1116 d_raster_us=0 d_observe_us=90238 max_observe_us=22519 d_paints=0 d_skips=50 d_ticks=2 window_ms=1177
[host] hitch livess4wu1_0: observe_us=20841 paints=0 skips=1548 ticks=72
[host] slot livess4wu1_0: d_loop_us=1232 d_raster_us=0 d_observe_us=95878 max_observe_us=20841 d_paints=0 d_skips=50 d_ticks=2 window_ms=1190
[host] slot livess4wu1_0: d_loop_us=1198 d_raster_us=0 d_observe_us=80721 max_observe_us=12613 d_paints=0 d_skips=50 d_ticks=2 window_ms=1196
test catalog_boundary_live has been running for over 60 seconds
[host] slot livess4wu1_0: d_loop_us=1042 d_raster_us=0 d_observe_us=65777 max_observe_us=12417 d_paints=0 d_skips=50 d_ticks=2 window_ms=1177
[host] slot livess4wu1_0: d_loop_us=936 d_raster_us=0 d_observe_us=44296 max_observe_us=5714 d_paints=0 d_skips=50 d_ticks=2 window_ms=1189
[host] hitch livess4wu1_0: observe_us=18210 paints=0 skips=1725 ticks=79
[host] slot livess4wu1_0: d_loop_us=1324 d_raster_us=0 d_observe_us=85985 max_observe_us=18210 d_paints=0 d_skips=50 d_ticks=2 window_ms=1191
[host] hitch livess4wu1_0: observe_us=25835 paints=0 skips=1750 ticks=80
[host] hitch livess4wu1_0: observe_us=16095 paints=0 skips=1775 ticks=81
[host] slot livess4wu1_0: d_loop_us=1059 d_raster_us=0 d_observe_us=97918 max_observe_us=25835 d_paints=0 d_skips=50 d_ticks=2 window_ms=1197
[host] hitch livess4wu1_0: observe_us=18964 paints=0 skips=1800 ticks=82
[host] slot livess4wu1_0: d_loop_us=1239 d_raster_us=0 d_observe_us=76987 max_observe_us=18964 d_paints=0 d_skips=50 d_ticks=2 window_ms=1199
[host] hitch livess4wu1_0: observe_us=19239 paints=0 skips=1850 ticks=84
[host] hitch livess4wu1_0: observe_us=22318 paints=0 skips=1876 ticks=85
[host] slot livess4wu1_0: d_loop_us=1319 d_raster_us=0 d_observe_us=101333 max_observe_us=22318 d_paints=0 d_skips=50 d_ticks=1 window_ms=1182
[host] hitch livess4wu1_0: observe_us=17885 paints=0 skips=1901 ticks=86
[script livess4wu1_0] lap 1 complete
[script livess4wu1_0] interact ContinueDialog
[host] slot livess4wu1_0: d_loop_us=1262 d_raster_us=0 d_observe_us=101144 max_observe_us=17885 d_paints=0 d_skips=50 d_ticks=2 window_ms=1181
[host] hitch livess4wu1_0: observe_us=18423 paints=0 skips=1952 ticks=88
[script livess4wu1_0] course re-sync: step 0 (log balance) -> 6 (obstacle pipe)
[script livess4wu1_0] interact Loc { x: 2484, z: 3435, level: 0, action: "Squeeze-through" }
[host] slot livess4wu1_0: d_loop_us=1233 d_raster_us=0 d_observe_us=93809 max_observe_us=18423 d_paints=0 d_skips=50 d_ticks=2 window_ms=1171
[host] slot livess4wu1_0: d_loop_us=1236 d_raster_us=0 d_observe_us=91311 max_observe_us=15374 d_paints=0 d_skips=50 d_ticks=2 window_ms=1183
[host] slot livess4wu1_0: d_loop_us=1269 d_raster_us=0 d_observe_us=92277 max_observe_us=15944 d_paints=0 d_skips=50 d_ticks=2 window_ms=1193
[host] hitch livess4wu1_0: observe_us=16537 paints=0 skips=2104 ticks=94
[host] slot livess4wu1_0: d_loop_us=1253 d_raster_us=0 d_observe_us=84832 max_observe_us=16537 d_paints=0 d_skips=50 d_ticks=2 window_ms=1184
[host] hitch livess4wu1_0: observe_us=16100 paints=0 skips=2181 ticks=97
[host] slot livess4wu1_0: d_loop_us=1267 d_raster_us=0 d_observe_us=89445 max_observe_us=16100 d_paints=0 d_skips=50 d_ticks=2 window_ms=1167
[host] hitch livess4wu1_0: observe_us=16704 paints=0 skips=2232 ticks=99
[host] slot livess4wu1_0: d_loop_us=1134 d_raster_us=0 d_observe_us=86641 max_observe_us=16704 d_paints=0 d_skips=50 d_ticks=2 window_ms=1155
[host] slot livess4wu1_0: d_loop_us=1103 d_raster_us=0 d_observe_us=84891 max_observe_us=14953 d_paints=0 d_skips=50 d_ticks=2 window_ms=1203
[host] hitch livess4wu1_0: observe_us=16132 paints=0 skips=2307 ticks=102
[host] slot livess4wu1_0: d_loop_us=1268 d_raster_us=0 d_observe_us=84666 max_observe_us=16132 d_paints=0 d_skips=50 d_ticks=2 window_ms=1191
[host] hitch livess4wu1_0: observe_us=18369 paints=0 skips=2383 ticks=105
[host] slot livess4wu1_0: d_loop_us=1235 d_raster_us=0 d_observe_us=84859 max_observe_us=18369 d_paints=0 d_skips=50 d_ticks=2 window_ms=1197
[host] slot livess4wu1_0: d_loop_us=1309 d_raster_us=0 d_observe_us=99902 max_observe_us=15681 d_paints=0 d_skips=50 d_ticks=2 window_ms=1180
[host] hitch livess4wu1_0: observe_us=16507 paints=0 skips=2484 ticks=109
[host] slot livess4wu1_0: d_loop_us=1222 d_raster_us=0 d_observe_us=81298 max_observe_us=16507 d_paints=0 d_skips=50 d_ticks=2 window_ms=1188
[host] slot livess4wu1_0: d_loop_us=1172 d_raster_us=0 d_observe_us=75300 max_observe_us=14125 d_paints=0 d_skips=50 d_ticks=2 window_ms=1133
[host] slot livess4wu1_0: d_loop_us=890 d_raster_us=0 d_observe_us=63871 max_observe_us=10996 d_paints=0 d_skips=50 d_ticks=2 window_ms=1123
[host] slot livess4wu1_0: d_loop_us=961 d_raster_us=0 d_observe_us=86243 max_observe_us=12650 d_paints=0 d_skips=50 d_ticks=2 window_ms=1161
[script livess4wu1_0] interact Loc { x: 2484, z: 3435, level: 0, action: "Squeeze-through" }
[host] slot livess4wu1_0: d_loop_us=870 d_raster_us=0 d_observe_us=57370 max_observe_us=8033 d_paints=0 d_skips=50 d_ticks=2 window_ms=1220
[host] slot livess4wu1_0: d_loop_us=918 d_raster_us=0 d_observe_us=69990 max_observe_us=10720 d_paints=0 d_skips=50 d_ticks=2 window_ms=1202
[host] slot livess4wu1_0: d_loop_us=900 d_raster_us=0 d_observe_us=55831 max_observe_us=10721 d_paints=0 d_skips=50 d_ticks=2 window_ms=1217
[host] slot livess4wu1_0: d_loop_us=947 d_raster_us=0 d_observe_us=59194 max_observe_us=13430 d_paints=0 d_skips=50 d_ticks=2 window_ms=1199
[host] slot livess4wu1_0: d_loop_us=809 d_raster_us=0 d_observe_us=42831 max_observe_us=7075 d_paints=0 d_skips=50 d_ticks=2 window_ms=1199
[host] slot livess4wu1_0: d_loop_us=782 d_raster_us=0 d_observe_us=41214 max_observe_us=7088 d_paints=0 d_skips=50 d_ticks=2 window_ms=1198
[host] slot livess4wu1_0: d_loop_us=710 d_raster_us=0 d_observe_us=40654 max_observe_us=7389 d_paints=0 d_skips=50 d_ticks=2 window_ms=1207
[host] slot livess4wu1_0: d_loop_us=752 d_raster_us=0 d_observe_us=41052 max_observe_us=7219 d_paints=0 d_skips=50 d_ticks=2 window_ms=1198
[host] slot livess4wu1_0: d_loop_us=773 d_raster_us=0 d_observe_us=40819 max_observe_us=7037 d_paints=0 d_skips=50 d_ticks=2 window_ms=1203
[host] slot livess4wu1_0: d_loop_us=714 d_raster_us=0 d_observe_us=42668 max_observe_us=7169 d_paints=0 d_skips=50 d_ticks=2 window_ms=1215
[host] slot livess4wu1_0: d_loop_us=728 d_raster_us=0 d_observe_us=43182 max_observe_us=7352 d_paints=0 d_skips=50 d_ticks=2 window_ms=1200
[host] slot livess4wu1_0: d_loop_us=849 d_raster_us=0 d_observe_us=47846 max_observe_us=9721 d_paints=0 d_skips=50 d_ticks=2 window_ms=1184
[host] slot livess4wu1_0: d_loop_us=829 d_raster_us=0 d_observe_us=44421 max_observe_us=7212 d_paints=0 d_skips=50 d_ticks=2 window_ms=1183
[script livess4wu1_0] interact Loc { x: 2484, z: 3435, level: 0, action: "Squeeze-through" }
[host] slot livess4wu1_0: d_loop_us=839 d_raster_us=0 d_observe_us=45521 max_observe_us=7362 d_paints=0 d_skips=50 d_ticks=2 window_ms=1203
[host] slot livess4wu1_0: d_loop_us=807 d_raster_us=0 d_observe_us=45247 max_observe_us=7658 d_paints=0 d_skips=50 d_ticks=2 window_ms=1193
[host] slot livess4wu1_0: d_loop_us=832 d_raster_us=0 d_observe_us=44251 max_observe_us=7448 d_paints=0 d_skips=50 d_ticks=2 window_ms=1189
[host] slot livess4wu1_0: d_loop_us=865 d_raster_us=0 d_observe_us=46115 max_observe_us=7556 d_paints=0 d_skips=50 d_ticks=2 window_ms=1201
[host] slot livess4wu1_0: d_loop_us=904 d_raster_us=0 d_observe_us=45583 max_observe_us=7529 d_paints=0 d_skips=50 d_ticks=2 window_ms=1194
[host] slot livess4wu1_0: d_loop_us=906 d_raster_us=0 d_observe_us=44731 max_observe_us=7555 d_paints=0 d_skips=50 d_ticks=2 window_ms=1189
[host] slot livess4wu1_0: d_loop_us=889 d_raster_us=0 d_observe_us=44384 max_observe_us=7699 d_paints=0 d_skips=50 d_ticks=2 window_ms=1186
[host] slot livess4wu1_0: d_loop_us=1052 d_raster_us=0 d_observe_us=47958 max_observe_us=7769 d_paints=0 d_skips=50 d_ticks=2 window_ms=1186
[host] slot livess4wu1_0: d_loop_us=1097 d_raster_us=0 d_observe_us=48536 max_observe_us=7445 d_paints=0 d_skips=50 d_ticks=2 window_ms=1184
[host] slot livess4wu1_0: d_loop_us=892 d_raster_us=0 d_observe_us=46619 max_observe_us=7677 d_paints=0 d_skips=50 d_ticks=2 window_ms=1174
[host] slot livess4wu1_0: d_loop_us=856 d_raster_us=0 d_observe_us=43842 max_observe_us=7309 d_paints=0 d_skips=50 d_ticks=2 window_ms=1198
[host] slot livess4wu1_0: d_loop_us=856 d_raster_us=0 d_observe_us=48527 max_observe_us=7464 d_paints=0 d_skips=50 d_ticks=2 window_ms=1173
[host] slot livess4wu1_0: d_loop_us=1002 d_raster_us=0 d_observe_us=51746 max_observe_us=8247 d_paints=0 d_skips=50 d_ticks=2 window_ms=1167
[host] slot livess4wu1_0: d_loop_us=851 d_raster_us=0 d_observe_us=45450 max_observe_us=7450 d_paints=0 d_skips=50 d_ticks=2 window_ms=1172
[script livess4wu1_0] interact Loc { x: 2484, z: 3435, level: 0, action: "Squeeze-through" }
[host] slot livess4wu1_0: d_loop_us=840 d_raster_us=0 d_observe_us=44558 max_observe_us=7722 d_paints=0 d_skips=50 d_ticks=2 window_ms=1213
[host] slot livess4wu1_0: d_loop_us=869 d_raster_us=0 d_observe_us=44686 max_observe_us=7554 d_paints=0 d_skips=50 d_ticks=2 window_ms=1201
[host] slot livess4wu1_0: d_loop_us=1041 d_raster_us=0 d_observe_us=52054 max_observe_us=8478 d_paints=0 d_skips=50 d_ticks=2 window_ms=1175
[host] slot livess4wu1_0: d_loop_us=989 d_raster_us=0 d_observe_us=48671 max_observe_us=8581 d_paints=0 d_skips=50 d_ticks=2 window_ms=1187
[host] slot livess4wu1_0: d_loop_us=960 d_raster_us=0 d_observe_us=45047 max_observe_us=7409 d_paints=0 d_skips=50 d_ticks=2 window_ms=1194
[host] slot livess4wu1_0: d_loop_us=890 d_raster_us=0 d_observe_us=39119 max_observe_us=7726 d_paints=0 d_skips=50 d_ticks=2 window_ms=1168
[host] slot livess4wu1_0: d_loop_us=965 d_raster_us=0 d_observe_us=44746 max_observe_us=7687 d_paints=0 d_skips=50 d_ticks=2 window_ms=1203
[host] slot livess4wu1_0: d_loop_us=834 d_raster_us=0 d_observe_us=44786 max_observe_us=7724 d_paints=0 d_skips=50 d_ticks=2 window_ms=1196
[host] slot livess4wu1_0: d_loop_us=785 d_raster_us=0 d_observe_us=44941 max_observe_us=7304 d_paints=0 d_skips=50 d_ticks=1 window_ms=1194
[host] slot livess4wu1_0: d_loop_us=815 d_raster_us=0 d_observe_us=44548 max_observe_us=7057 d_paints=0 d_skips=50 d_ticks=2 window_ms=1196
[host] slot livess4wu1_0: d_loop_us=860 d_raster_us=0 d_observe_us=45151 max_observe_us=7224 d_paints=0 d_skips=50 d_ticks=2 window_ms=1195
[host] slot livess4wu1_0: d_loop_us=766 d_raster_us=0 d_observe_us=44079 max_observe_us=7172 d_paints=0 d_skips=50 d_ticks=2 window_ms=1201
[host] slot livess4wu1_0: d_loop_us=793 d_raster_us=0 d_observe_us=44429 max_observe_us=7349 d_paints=0 d_skips=50 d_ticks=2 window_ms=1184
[host] slot livess4wu1_0: d_loop_us=759 d_raster_us=0 d_observe_us=44625 max_observe_us=7321 d_paints=0 d_skips=50 d_ticks=2 window_ms=1174
[script livess4wu1_0] interact Loc { x: 2484, z: 3435, level: 0, action: "Squeeze-through" }
[host] slot livess4wu1_0: d_loop_us=840 d_raster_us=0 d_observe_us=45387 max_observe_us=7468 d_paints=0 d_skips=50 d_ticks=2 window_ms=1184
[host] slot livess4wu1_0: d_loop_us=815 d_raster_us=0 d_observe_us=46657 max_observe_us=7507 d_paints=0 d_skips=50 d_ticks=2 window_ms=1168
[host] slot livess4wu1_0: d_loop_us=907 d_raster_us=0 d_observe_us=47268 max_observe_us=7457 d_paints=0 d_skips=50 d_ticks=2 window_ms=1192
FAIL: catalog_boundary_live: scenario failed: step 9 (watch further Agility XP at the start of a second lap): stat_xp_gain(16)>=94 not seen within 150 ticks; evidence=Some(Evidence { scenario: "gnome_course_radius", outcome: "FAIL", predicate: "stat_xp_gain(16)>=94", ticks: 254, elapsed_ms: 133997, message: Some("step 9 (watch further Agility XP at the start of a second lap): stat_xp_gain(16)>=94 not seen within 150 ticks"), tile: Some([2484, 3437, 0]), inv: [], stat: Some(StatRow { runenergy: 100 }), chat: [ChatRow { text: "You can't enter the pipe from this side.", username: None }, ChatRow { text: "You can't enter the pipe from this side.", username: None }, ChatRow { text: "You can't enter the pipe from this side.", username: None }, ChatRow { text: "You can't enter the pipe from this side.", username: None }, ChatRow { text: "You can't enter the pipe from this side.", username: None }, ChatRow { text: "Congratulations, you just advanced an agility level.", username: None }, ChatRow { text: "You climb the netting...", username: None }, ChatRow { text: "You land on the ground.", username: None }, ChatRow { text: "You climb down the tree...", username: None }, ChatRow { text: "You carefully cross the tightrope.", username: None }, ChatRow { text: "...To the platform above.", username: None }, ChatRow { text: "You climb the tree..", username: None }, ChatRow { text: "You climb the netting...", username: None }, ChatRow { text: "...You make it safely to the other side.", username: None }, ChatRow { text: "You walk carefully across the slippery log...", username: None }, ChatRow { text: "set tutorial: to 1000", username: None }, ChatRow { text: "Welcome to RuneScape.", username: None }], scene: 2 })
