
running 1 test
{"phase":"identity","revision":289,"profile":"local-289 · 127.0.0.1:44594 · revision 289","cache_id":"c4d8ab36bcfd2a7907535b4f619e28623b0a22e98d496fd2a9620d544c5b5b09","nav_pack":"/Users/acfrazier/experiments/274bot/.worktrees/rs2b0t-multirevision/.superpowers/world-capabilities/289/274bot.navpack","nav_sha256":"131db92e32eddcb08148909d477589544320fe7e34a422e8004e97e888032924","catalog_commit":"8e7d965be2071d6ec65c3265e12af797082d720a","catalog_identity":"289-updated frozen catalog","catalog_read_only_path":".superpowers/inputs/rs2b0t-8e7d965be2071d6ec65c3265e12af797082d720a","catalog_root":"/Users/acfrazier/experiments/274bot/.worktrees/rs2b0t-multirevision/.superpowers/inputs/rs2b0t-8e7d965be2071d6ec65c3265e12af797082d720a","registry_path":"/Users/acfrazier/experiments/274bot/.worktrees/rs2b0t-multirevision/.superpowers/inputs/rs2b0t-8e7d965be2071d6ec65c3265e12af797082d720a/src/bot/scripts/index.ts","registry_sha256":"b614aedb3d5adfdfbac3760f082273f3cf5c33fffe4ced0f2b01490ae02d1bc2","card":{"card":"ArdyThiever","source_path":"/Users/acfrazier/experiments/274bot/.worktrees/rs2b0t-multirevision/.superpowers/inputs/rs2b0t-8e7d965be2071d6ec65c3265e12af797082d720a/src/bot/scripts/ArdyThiever/ArdyThiever.ts","source_sha256":"3cee6ff99d8f24532a5564fc7215faba19ca78f0156386913497bf266fca8aa5","compiled_sha256":"e1d3c6ea363fc6c8a6ae3a3f87b8d3ce6d3a9c21a8d801b04e2f666bcd7e6556","siblings":[],"settings":{"thieveTarget":"Guard","guardResponse":"Flee","panicHp":25.0,"restUntilHp":60.0,"foodTarget":1.0,"restockAtFood":0.0,"bankAtLootSlots":1.0,"solveClues":false,"bankStrategy":"Off","bankEveryItems":15.0,"bankEveryMinutes":10.0,"bankCommonJunk":true}},"account":"livem2pnal_0","engine_speed_ms":null}
[host-play] slot livem2pnal_0: thread up
274bot: snapshot load skipped: read /Users/acfrazier/.274bot/unpack-289/37214163f1e6ceca/models.bin: No such file or directory (os error 2)
[host-play] slot livem2pnal_0: handshake begin reconnect=false
[host-play] slot livem2pnal_0: handshake ok
[host-play] slot livem2pnal_0: queued mainland tele+setvar (scene 2)
[host] slot livem2pnal_0: d_loop_us=10295 d_raster_us=0 d_observe_us=43441 max_observe_us=3657 d_paints=0 d_skips=50 d_ticks=1 window_ms=0
[host-play] slot livem2pnal_0: handshake begin reconnect=true
[host-play] slot livem2pnal_0: handshake ok
[host] slot livem2pnal_0: d_loop_us=1112 d_raster_us=0 d_observe_us=44634 max_observe_us=3880 d_paints=0 d_skips=50 d_ticks=1 window_ms=0
[host-play] slot livem2pnal_0: queued mainland tele+setvar (scene 2)
{"phase":"baseline-after-preparation","scenario":"ardy_thiever","account":"livem2pnal_0","observation":{"ingame":true,"scene_state":2,"player":"Livem2pnal 0","tile":[2661,3306,0],"tick":18,"items":{},"item_ids":{},"bank":{},"bank_ids":{},"bank_open":false,"bank_loaded":false,"bank_generation":0,"levels":{"-unused-":0,"agility":1,"attack":1,"cooking":1,"crafting":1,"defence":1,"firemaking":1,"fishing":1,"fletching":1,"herblore":1,"hitpoints":40,"magic":1,"mining":1,"prayer":1,"ranged":1,"runecraft":1,"slayer":1,"smithing":1,"strength":1,"thieving":40,"woodcutting":1},"xp":{"-unused-":0,"agility":0,"attack":0,"cooking":0,"crafting":0,"defence":0,"firemaking":0,"fishing":0,"fletching":0,"herblore":0,"hitpoints":37224,"magic":0,"mining":0,"prayer":0,"ranged":0,"runecraft":0,"slayer":0,"smithing":0,"strength":0,"thieving":37224,"woodcutting":0},"chat":[[7,"Inventory wiped."],[6,"set tutorial: to 1000"],[5,"Welcome to RuneScape."]],"loc_facts":[],"equipment_ids":{},"main_modal":-1,"widget_ids":[3213,3214]}}
[script livem2pnal_0] start load
{"phase":"start","account":"livem2pnal_0","count":1}
[host] hitch livem2pnal_0: observe_us=106177 paints=0 skips=92 ticks=18
[script livem2pnal_0] ArdyThiever starting — target 'Guard' at (2661, 3306, 0) r19 (Thieving 40+), flee mode, stall via shared driver, bank (2655, 3286, 0)
[script livem2pnal_0] restocking cake (have 0)
[script livem2pnal_0] interact WalkTo { x: 2668, z: 3312, level: 0 }
[host] slot livem2pnal_0: d_loop_us=29567 d_raster_us=0 d_observe_us=211741 max_observe_us=106177 d_paints=0 d_skips=50 d_ticks=18 window_ms=10995
[host] hitch livem2pnal_0: observe_us=29422 paints=0 skips=115 ticks=20
[host] hitch livem2pnal_0: observe_us=35312 paints=0 skips=140 ticks=21
[host] slot livem2pnal_0: d_loop_us=1996 d_raster_us=0 d_observe_us=127619 max_observe_us=35312 d_paints=0 d_skips=50 d_ticks=2 window_ms=1203
[host] hitch livem2pnal_0: observe_us=33408 paints=0 skips=164 ticks=22
[host] hitch livem2pnal_0: observe_us=30271 paints=0 skips=190 ticks=23
[script livem2pnal_0] interact Loc { x: 2667, z: 3310, level: 0, action: "Steal from", id: Some(2561) }
[host] slot livem2pnal_0: d_loop_us=1570 d_raster_us=0 d_observe_us=129526 max_observe_us=33408 d_paints=0 d_skips=50 d_ticks=2 window_ms=1206
[host] hitch livem2pnal_0: observe_us=17656 paints=0 skips=214 ticks=24
[host] slot livem2pnal_0: d_loop_us=1680 d_raster_us=0 d_observe_us=90606 max_observe_us=17656 d_paints=0 d_skips=50 d_ticks=2 window_ms=1178
[host] hitch livem2pnal_0: observe_us=16575 paints=0 skips=265 ticks=26
[host] slot livem2pnal_0: d_loop_us=1702 d_raster_us=0 d_observe_us=98215 max_observe_us=16575 d_paints=0 d_skips=50 d_ticks=2 window_ms=1188
[script livem2pnal_0] combat — kiting the guard to 2655,3298
[script livem2pnal_0] interact Walk { x: 2655, z: 3298, level: 0, allow_teleports: false }
[host] slot livem2pnal_0: d_loop_us=1808 d_raster_us=0 d_observe_us=80636 max_observe_us=15738 d_paints=0 d_skips=50 d_ticks=2 window_ms=1185
[nav-follow] here=WorldTile { x: 2668, z: 3312, level: 0 } walk=true transport=false leg=0 hops=1 outcome=None
[host] hitch livem2pnal_0: observe_us=16787 paints=0 skips=367 ticks=30
[nav-walk] here=WorldTile { x: 2666, z: 3312, level: 0 } aim=WorldTile { x: 2655, z: 3298, level: 0 } radius=0 ticks_waited=0 sent_tile=Some(WorldTile { x: 2668, z: 3312, level: 0 })
[nav-follow] here=WorldTile { x: 2666, z: 3312, level: 0 } walk=true transport=false leg=0 hops=1 outcome=None
[host] hitch livem2pnal_0: observe_us=34758 paints=0 skips=392 ticks=31
[host] slot livem2pnal_0: d_loop_us=1844 d_raster_us=0 d_observe_us=113713 max_observe_us=34758 d_paints=0 d_skips=50 d_ticks=2 window_ms=1192
[nav-walk] here=WorldTile { x: 2666, z: 3310, level: 0 } aim=WorldTile { x: 2655, z: 3298, level: 0 } radius=0 ticks_waited=1 sent_tile=Some(WorldTile { x: 2668, z: 3312, level: 0 })
[nav-follow] here=WorldTile { x: 2666, z: 3310, level: 0 } walk=true transport=false leg=0 hops=1 outcome=None
[host] hitch livem2pnal_0: observe_us=32966 paints=0 skips=417 ticks=32
[nav-walk] here=WorldTile { x: 2665, z: 3308, level: 0 } aim=WorldTile { x: 2655, z: 3298, level: 0 } radius=0 ticks_waited=2 sent_tile=Some(WorldTile { x: 2668, z: 3312, level: 0 })
[nav-follow] here=WorldTile { x: 2665, z: 3308, level: 0 } walk=true transport=false leg=0 hops=1 outcome=None
[host] hitch livem2pnal_0: observe_us=30723 paints=0 skips=441 ticks=33
[host] slot livem2pnal_0: d_loop_us=1483 d_raster_us=0 d_observe_us=122729 max_observe_us=32966 d_paints=0 d_skips=50 d_ticks=2 window_ms=1212
[nav-walk] here=WorldTile { x: 2663, z: 3306, level: 0 } aim=WorldTile { x: 2655, z: 3298, level: 0 } radius=0 ticks_waited=3 sent_tile=Some(WorldTile { x: 2668, z: 3312, level: 0 })
[nav-follow] here=WorldTile { x: 2663, z: 3306, level: 0 } walk=true transport=false leg=0 hops=1 outcome=None
[host] hitch livem2pnal_0: observe_us=32857 paints=0 skips=466 ticks=34
[nav-walk] here=WorldTile { x: 2661, z: 3304, level: 0 } aim=WorldTile { x: 2655, z: 3298, level: 0 } radius=0 ticks_waited=4 sent_tile=Some(WorldTile { x: 2668, z: 3312, level: 0 })
[nav-follow] here=WorldTile { x: 2661, z: 3304, level: 0 } walk=true transport=false leg=0 hops=1 outcome=None
[host] hitch livem2pnal_0: observe_us=33934 paints=0 skips=491 ticks=35
[host] slot livem2pnal_0: d_loop_us=1700 d_raster_us=0 d_observe_us=133888 max_observe_us=33934 d_paints=0 d_skips=50 d_ticks=2 window_ms=1210
[nav-walk] here=WorldTile { x: 2659, z: 3302, level: 0 } aim=WorldTile { x: 2655, z: 3298, level: 0 } radius=0 ticks_waited=5 sent_tile=Some(WorldTile { x: 2668, z: 3312, level: 0 })
[nav-follow] here=WorldTile { x: 2659, z: 3302, level: 0 } walk=true transport=false leg=0 hops=1 outcome=None
[host] hitch livem2pnal_0: observe_us=34519 paints=0 skips=515 ticks=36
[nav-walk] here=WorldTile { x: 2657, z: 3300, level: 0 } aim=WorldTile { x: 2655, z: 3298, level: 0 } radius=0 ticks_waited=6 sent_tile=Some(WorldTile { x: 2668, z: 3312, level: 0 })
[nav-follow] here=WorldTile { x: 2657, z: 3300, level: 0 } walk=true transport=false leg=0 hops=1 outcome=None
[host] hitch livem2pnal_0: observe_us=31681 paints=0 skips=540 ticks=37
[host] slot livem2pnal_0: d_loop_us=1698 d_raster_us=0 d_observe_us=117564 max_observe_us=34519 d_paints=0 d_skips=50 d_ticks=2 window_ms=1221
[nav-walk] here=WorldTile { x: 2655, z: 3298, level: 0 } aim=WorldTile { x: 2655, z: 3298, level: 0 } radius=0 ticks_waited=7 sent_tile=Some(WorldTile { x: 2668, z: 3312, level: 0 })
[nav-follow] here=WorldTile { x: 2655, z: 3298, level: 0 } walk=false transport=false leg=1 hops=1 outcome=Some(Arrived { at: WorldTile { x: 2655, z: 3298, level: 0 } })
[host] hitch livem2pnal_0: observe_us=33704 paints=0 skips=565 ticks=38
[host] slot livem2pnal_0: d_loop_us=1785 d_raster_us=0 d_observe_us=108842 max_observe_us=33704 d_paints=0 d_skips=50 d_ticks=2 window_ms=1204
[host] hitch livem2pnal_0: observe_us=16317 paints=0 skips=614 ticks=40
[host] hitch livem2pnal_0: observe_us=16597 paints=0 skips=639 ticks=41
[host] slot livem2pnal_0: d_loop_us=1906 d_raster_us=0 d_observe_us=97612 max_observe_us=16597 d_paints=0 d_skips=50 d_ticks=2 window_ms=1198
[host] hitch livem2pnal_0: observe_us=17093 paints=0 skips=664 ticks=42
[script livem2pnal_0] restocking cake (have 0)
[script livem2pnal_0] interact WalkTo { x: 2668, z: 3312, level: 0 }
[host] hitch livem2pnal_0: observe_us=33500 paints=0 skips=690 ticks=43
[host] slot livem2pnal_0: d_loop_us=1675 d_raster_us=0 d_observe_us=117035 max_observe_us=33500 d_paints=0 d_skips=50 d_ticks=2 window_ms=1201
[host] hitch livem2pnal_0: observe_us=31934 paints=0 skips=715 ticks=44
[host] hitch livem2pnal_0: observe_us=32621 paints=0 skips=739 ticks=45
[host] slot livem2pnal_0: d_loop_us=1918 d_raster_us=0 d_observe_us=123280 max_observe_us=32621 d_paints=0 d_skips=50 d_ticks=2 window_ms=1210
[host] hitch livem2pnal_0: observe_us=31230 paints=0 skips=764 ticks=46
[host] hitch livem2pnal_0: observe_us=31059 paints=0 skips=789 ticks=47
[host] slot livem2pnal_0: d_loop_us=1662 d_raster_us=0 d_observe_us=116155 max_observe_us=31230 d_paints=0 d_skips=50 d_ticks=2 window_ms=1212
[host] hitch livem2pnal_0: observe_us=34838 paints=0 skips=814 ticks=48
[host] hitch livem2pnal_0: observe_us=29862 paints=0 skips=839 ticks=49
[host] slot livem2pnal_0: d_loop_us=1485 d_raster_us=0 d_observe_us=118884 max_observe_us=34838 d_paints=0 d_skips=50 d_ticks=2 window_ms=1206
[host] hitch livem2pnal_0: observe_us=29464 paints=0 skips=863 ticks=50
[script livem2pnal_0] interact Loc { x: 2667, z: 3310, level: 0, action: "Steal from", id: Some(2561) }
[host] slot livem2pnal_0: d_loop_us=1535 d_raster_us=0 d_observe_us=110483 max_observe_us=29464 d_paints=0 d_skips=50 d_ticks=2 window_ms=1200
[host] hitch livem2pnal_0: observe_us=16514 paints=0 skips=913 ticks=52
[host] hitch livem2pnal_0: observe_us=34018 paints=0 skips=939 ticks=53
[host] slot livem2pnal_0: d_loop_us=2012 d_raster_us=0 d_observe_us=132290 max_observe_us=34018 d_paints=0 d_skips=50 d_ticks=2 window_ms=1190
[host] hitch livem2pnal_0: observe_us=16980 paints=0 skips=964 ticks=54
[host] hitch livem2pnal_0: observe_us=16504 paints=0 skips=989 ticks=55
[script livem2pnal_0] interact Npc { name: "Guard", action: "Pickpocket", index: Some(3567) }
[host] slot livem2pnal_0: d_loop_us=1946 d_raster_us=0 d_observe_us=103200 max_observe_us=16980 d_paints=0 d_skips=50 d_ticks=2 window_ms=1176
[host] hitch livem2pnal_0: observe_us=29502 paints=0 skips=1014 ticks=56
[host] hitch livem2pnal_0: observe_us=33543 paints=0 skips=1039 ticks=57
[host] slot livem2pnal_0: d_loop_us=1564 d_raster_us=0 d_observe_us=120430 max_observe_us=33543 d_paints=0 d_skips=50 d_ticks=2 window_ms=1215
[host] hitch livem2pnal_0: observe_us=30462 paints=0 skips=1064 ticks=58
[host] hitch livem2pnal_0: observe_us=33001 paints=0 skips=1089 ticks=59
[host] slot livem2pnal_0: d_loop_us=1518 d_raster_us=0 d_observe_us=124817 max_observe_us=33001 d_paints=0 d_skips=50 d_ticks=2 window_ms=1215
[host] hitch livem2pnal_0: observe_us=16294 paints=0 skips=1113 ticks=60
[script livem2pnal_0] interact Held { name: "Bread", action: "Eat" }
[shim-held] Bread Eat slot=0 -> sent
[host] slot livem2pnal_0: d_loop_us=1673 d_raster_us=0 d_observe_us=97756 max_observe_us=16294 d_paints=0 d_skips=50 d_ticks=2 window_ms=1186
[script livem2pnal_0] restocking cake (have 0)
[host] slot livem2pnal_0: d_loop_us=1607 d_raster_us=0 d_observe_us=93743 max_observe_us=15603 d_paints=0 d_skips=50 d_ticks=2 window_ms=1180
[host] hitch livem2pnal_0: observe_us=16599 paints=0 skips=1215 ticks=64
[script livem2pnal_0] restocking cake (have 0)
[host] hitch livem2pnal_0: observe_us=16936 paints=0 skips=1239 ticks=65
[script livem2pnal_0] restocking cake (have 0)
[host] slot livem2pnal_0: d_loop_us=1556 d_raster_us=0 d_observe_us=94409 max_observe_us=16936 d_paints=0 d_skips=50 d_ticks=2 window_ms=1196
[script livem2pnal_0] restocking cake (have 0)
[host] hitch livem2pnal_0: observe_us=16545 paints=0 skips=1291 ticks=67
[script livem2pnal_0] restocking cake (have 0)
[host] slot livem2pnal_0: d_loop_us=1612 d_raster_us=0 d_observe_us=99219 max_observe_us=16545 d_paints=0 d_skips=50 d_ticks=2 window_ms=1178
[host] hitch livem2pnal_0: observe_us=16069 paints=0 skips=1316 ticks=68
[script livem2pnal_0] restocking cake (have 0)
[host] hitch livem2pnal_0: observe_us=16400 paints=0 skips=1342 ticks=69
[script livem2pnal_0] restocking cake (have 0)
[host] slot livem2pnal_0: d_loop_us=1897 d_raster_us=0 d_observe_us=107670 max_observe_us=16400 d_paints=0 d_skips=50 d_ticks=2 window_ms=1167
[host] hitch livem2pnal_0: observe_us=16677 paints=0 skips=1368 ticks=70
[script livem2pnal_0] restocking cake (have 0)
[host] hitch livem2pnal_0: observe_us=16235 paints=0 skips=1393 ticks=71
[script livem2pnal_0] combat — kiting the guard to 2655,3298
[script livem2pnal_0] interact Walk { x: 2655, z: 3298, level: 0, allow_teleports: false }
[host] slot livem2pnal_0: d_loop_us=1997 d_raster_us=0 d_observe_us=106886 max_observe_us=16677 d_paints=0 d_skips=50 d_ticks=2 window_ms=1164
[nav-follow] here=WorldTile { x: 2666, z: 3318, level: 0 } walk=true transport=false leg=0 hops=1 outcome=None
[host] hitch livem2pnal_0: observe_us=16580 paints=0 skips=1419 ticks=72
[nav-walk] here=WorldTile { x: 2666, z: 3316, level: 0 } aim=WorldTile { x: 2655, z: 3298, level: 0 } radius=0 ticks_waited=0 sent_tile=Some(WorldTile { x: 2666, z: 3318, level: 0 })
[nav-follow] here=WorldTile { x: 2666, z: 3316, level: 0 } walk=true transport=false leg=0 hops=1 outcome=None
[host] hitch livem2pnal_0: observe_us=30464 paints=0 skips=1444 ticks=73
[host] slot livem2pnal_0: d_loop_us=1906 d_raster_us=0 d_observe_us=112143 max_observe_us=30464 d_paints=0 d_skips=50 d_ticks=2 window_ms=1187
[nav-walk] here=WorldTile { x: 2666, z: 3314, level: 0 } aim=WorldTile { x: 2655, z: 3298, level: 0 } radius=0 ticks_waited=1 sent_tile=Some(WorldTile { x: 2666, z: 3318, level: 0 })
[nav-follow] here=WorldTile { x: 2666, z: 3314, level: 0 } walk=true transport=false leg=0 hops=1 outcome=None
[host] hitch livem2pnal_0: observe_us=34246 paints=0 skips=1469 ticks=74
[nav-walk] here=WorldTile { x: 2666, z: 3312, level: 0 } aim=WorldTile { x: 2655, z: 3298, level: 0 } radius=0 ticks_waited=2 sent_tile=Some(WorldTile { x: 2666, z: 3318, level: 0 })
[nav-follow] here=WorldTile { x: 2666, z: 3312, level: 0 } walk=true transport=false leg=0 hops=1 outcome=None
[host] hitch livem2pnal_0: observe_us=31577 paints=0 skips=1494 ticks=75
[host] slot livem2pnal_0: d_loop_us=1865 d_raster_us=0 d_observe_us=125272 max_observe_us=34246 d_paints=0 d_skips=50 d_ticks=2 window_ms=1205
test catalog_boundary_live has been running for over 60 seconds
[nav-walk] here=WorldTile { x: 2666, z: 3310, level: 0 } aim=WorldTile { x: 2655, z: 3298, level: 0 } radius=0 ticks_waited=3 sent_tile=Some(WorldTile { x: 2666, z: 3318, level: 0 })
[nav-follow] here=WorldTile { x: 2666, z: 3310, level: 0 } walk=true transport=false leg=0 hops=1 outcome=None
[host] hitch livem2pnal_0: observe_us=34182 paints=0 skips=1519 ticks=76
[nav-walk] here=WorldTile { x: 2665, z: 3308, level: 0 } aim=WorldTile { x: 2655, z: 3298, level: 0 } radius=0 ticks_waited=4 sent_tile=Some(WorldTile { x: 2666, z: 3318, level: 0 })
[nav-follow] here=WorldTile { x: 2665, z: 3308, level: 0 } walk=true transport=false leg=0 hops=1 outcome=None
[host] hitch livem2pnal_0: observe_us=29541 paints=0 skips=1544 ticks=77
[host] slot livem2pnal_0: d_loop_us=1626 d_raster_us=0 d_observe_us=119177 max_observe_us=34182 d_paints=0 d_skips=50 d_ticks=2 window_ms=1191
[nav-walk] here=WorldTile { x: 2663, z: 3306, level: 0 } aim=WorldTile { x: 2655, z: 3298, level: 0 } radius=0 ticks_waited=5 sent_tile=Some(WorldTile { x: 2666, z: 3318, level: 0 })
[nav-follow] here=WorldTile { x: 2663, z: 3306, level: 0 } walk=true transport=false leg=0 hops=1 outcome=None
[host] hitch livem2pnal_0: observe_us=33141 paints=0 skips=1569 ticks=78
[nav-walk] here=WorldTile { x: 2661, z: 3304, level: 0 } aim=WorldTile { x: 2655, z: 3298, level: 0 } radius=0 ticks_waited=6 sent_tile=Some(WorldTile { x: 2666, z: 3318, level: 0 })
[nav-follow] here=WorldTile { x: 2661, z: 3304, level: 0 } walk=true transport=false leg=0 hops=1 outcome=None
[host] hitch livem2pnal_0: observe_us=29539 paints=0 skips=1595 ticks=79
[host] slot livem2pnal_0: d_loop_us=2155 d_raster_us=0 d_observe_us=129257 max_observe_us=33141 d_paints=0 d_skips=50 d_ticks=2 window_ms=1200
[nav-walk] here=WorldTile { x: 2659, z: 3302, level: 0 } aim=WorldTile { x: 2655, z: 3298, level: 0 } radius=0 ticks_waited=7 sent_tile=Some(WorldTile { x: 2666, z: 3318, level: 0 })
[nav-follow] here=WorldTile { x: 2659, z: 3302, level: 0 } walk=true transport=false leg=0 hops=1 outcome=None
[host] hitch livem2pnal_0: observe_us=31628 paints=0 skips=1619 ticks=80
[nav-walk] here=WorldTile { x: 2657, z: 3300, level: 0 } aim=WorldTile { x: 2655, z: 3298, level: 0 } radius=0 ticks_waited=8 sent_tile=Some(WorldTile { x: 2666, z: 3318, level: 0 })
[nav-follow] here=WorldTile { x: 2657, z: 3300, level: 0 } walk=true transport=false leg=0 hops=1 outcome=None
[host] hitch livem2pnal_0: observe_us=32864 paints=0 skips=1644 ticks=81
[host] slot livem2pnal_0: d_loop_us=1878 d_raster_us=0 d_observe_us=122581 max_observe_us=32864 d_paints=0 d_skips=50 d_ticks=2 window_ms=1215
[nav-walk] here=WorldTile { x: 2655, z: 3298, level: 0 } aim=WorldTile { x: 2655, z: 3298, level: 0 } radius=0 ticks_waited=9 sent_tile=Some(WorldTile { x: 2666, z: 3318, level: 0 })
[nav-follow] here=WorldTile { x: 2655, z: 3298, level: 0 } walk=false transport=false leg=1 hops=1 outcome=Some(Arrived { at: WorldTile { x: 2655, z: 3298, level: 0 } })
[host] hitch livem2pnal_0: observe_us=34735 paints=0 skips=1669 ticks=82
[host] hitch livem2pnal_0: observe_us=16583 paints=0 skips=1693 ticks=83
[host] slot livem2pnal_0: d_loop_us=1887 d_raster_us=0 d_observe_us=106876 max_observe_us=34735 d_paints=0 d_skips=50 d_ticks=2 window_ms=1207
[host] hitch livem2pnal_0: observe_us=19472 paints=0 skips=1718 ticks=84
[script livem2pnal_0] restocking cake (have 0)
[script livem2pnal_0] interact WalkTo { x: 2668, z: 3312, level: 0 }
[host] hitch livem2pnal_0: observe_us=33492 paints=0 skips=1744 ticks=85
[host] slot livem2pnal_0: d_loop_us=1927 d_raster_us=0 d_observe_us=127748 max_observe_us=33492 d_paints=0 d_skips=50 d_ticks=2 window_ms=1196
[host] hitch livem2pnal_0: observe_us=30838 paints=0 skips=1768 ticks=86
[host] hitch livem2pnal_0: observe_us=34301 paints=0 skips=1794 ticks=87
[host] slot livem2pnal_0: d_loop_us=1708 d_raster_us=0 d_observe_us=128868 max_observe_us=34301 d_paints=0 d_skips=50 d_ticks=2 window_ms=1204
[host] hitch livem2pnal_0: observe_us=16994 paints=0 skips=1818 ticks=88
[host] hitch livem2pnal_0: observe_us=23315 paints=0 skips=1843 ticks=89
[host] slot livem2pnal_0: d_loop_us=1603 d_raster_us=0 d_observe_us=87336 max_observe_us=23315 d_paints=0 d_skips=50 d_ticks=2 window_ms=1198
[host] hitch livem2pnal_0: observe_us=33448 paints=0 skips=1868 ticks=90
[host] hitch livem2pnal_0: observe_us=35246 paints=0 skips=1894 ticks=91
[host] slot livem2pnal_0: d_loop_us=1887 d_raster_us=0 d_observe_us=129251 max_observe_us=35246 d_paints=0 d_skips=50 d_ticks=2 window_ms=1192
[host] hitch livem2pnal_0: observe_us=31338 paints=0 skips=1919 ticks=92
[script livem2pnal_0] interact Loc { x: 2667, z: 3310, level: 0, action: "Steal from", id: Some(2561) }
[host] hitch livem2pnal_0: observe_us=18321 paints=0 skips=1944 ticks=93
[host] slot livem2pnal_0: d_loop_us=1775 d_raster_us=0 d_observe_us=118807 max_observe_us=31338 d_paints=0 d_skips=50 d_ticks=2 window_ms=1179
[host] hitch livem2pnal_0: observe_us=18345 paints=0 skips=1969 ticks=94
[host] hitch livem2pnal_0: observe_us=33558 paints=0 skips=1995 ticks=95
[host] slot livem2pnal_0: d_loop_us=2067 d_raster_us=0 d_observe_us=123413 max_observe_us=33558 d_paints=0 d_skips=50 d_ticks=2 window_ms=1187
[script livem2pnal_0] interact Npc { name: "Guard", action: "Pickpocket", index: Some(3564) }
[host] slot livem2pnal_0: d_loop_us=1417 d_raster_us=0 d_observe_us=89191 max_observe_us=15262 d_paints=0 d_skips=50 d_ticks=2 window_ms=1196
[host] hitch livem2pnal_0: observe_us=32061 paints=0 skips=2070 ticks=98
[host] hitch livem2pnal_0: observe_us=17001 paints=0 skips=2094 ticks=99
[host] slot livem2pnal_0: d_loop_us=1606 d_raster_us=0 d_observe_us=98801 max_observe_us=32061 d_paints=0 d_skips=50 d_ticks=2 window_ms=1202
[host] hitch livem2pnal_0: observe_us=21005 paints=0 skips=2120 ticks=100
[host] hitch livem2pnal_0: observe_us=34317 paints=0 skips=2146 ticks=101
[host] slot livem2pnal_0: d_loop_us=1606 d_raster_us=0 d_observe_us=112892 max_observe_us=34317 d_paints=0 d_skips=50 d_ticks=2 window_ms=1191
[host] hitch livem2pnal_0: observe_us=17221 paints=0 skips=2170 ticks=102
[host] hitch livem2pnal_0: observe_us=19527 paints=0 skips=2195 ticks=103
[host] slot livem2pnal_0: d_loop_us=1757 d_raster_us=0 d_observe_us=95093 max_observe_us=19527 d_paints=0 d_skips=50 d_ticks=2 window_ms=1193
[host] hitch livem2pnal_0: observe_us=17019 paints=0 skips=2221 ticks=104
[host] slot livem2pnal_0: d_loop_us=1914 d_raster_us=0 d_observe_us=97078 max_observe_us=17019 d_paints=0 d_skips=50 d_ticks=2 window_ms=1169
[host] hitch livem2pnal_0: observe_us=16228 paints=0 skips=2297 ticks=107
[host] slot livem2pnal_0: d_loop_us=1674 d_raster_us=0 d_observe_us=94744 max_observe_us=16228 d_paints=0 d_skips=50 d_ticks=2 window_ms=1193
[host] hitch livem2pnal_0: observe_us=17264 paints=0 skips=2322 ticks=108
[host] slot livem2pnal_0: d_loop_us=2035 d_raster_us=0 d_observe_us=102691 max_observe_us=17264 d_paints=0 d_skips=50 d_ticks=2 window_ms=1196
[host] slot livem2pnal_0: d_loop_us=1878 d_raster_us=0 d_observe_us=93725 max_observe_us=15725 d_paints=0 d_skips=50 d_ticks=2 window_ms=1192
[host] slot livem2pnal_0: d_loop_us=1677 d_raster_us=0 d_observe_us=93548 max_observe_us=15810 d_paints=0 d_skips=50 d_ticks=2 window_ms=1191
[host] hitch livem2pnal_0: observe_us=16441 paints=0 skips=2473 ticks=114
[script livem2pnal_0] combat — kiting the guard to 2655,3298
[script livem2pnal_0] interact Walk { x: 2655, z: 3298, level: 0, allow_teleports: false }
[nav-follow] here=WorldTile { x: 2663, z: 3313, level: 0 } walk=true transport=false leg=0 hops=1 outcome=None
[host] hitch livem2pnal_0: observe_us=18681 paints=0 skips=2498 ticks=115
[host] slot livem2pnal_0: d_loop_us=1939 d_raster_us=0 d_observe_us=103281 max_observe_us=18681 d_paints=0 d_skips=50 d_ticks=2 window_ms=1173
[nav-walk] here=WorldTile { x: 2663, z: 3311, level: 0 } aim=WorldTile { x: 2655, z: 3298, level: 0 } radius=0 ticks_waited=0 sent_tile=Some(WorldTile { x: 2663, z: 3313, level: 0 })
[nav-follow] here=WorldTile { x: 2663, z: 3311, level: 0 } walk=true transport=false leg=0 hops=1 outcome=None
[host] hitch livem2pnal_0: observe_us=33925 paints=0 skips=2524 ticks=116
[nav-walk] here=WorldTile { x: 2663, z: 3309, level: 0 } aim=WorldTile { x: 2655, z: 3298, level: 0 } radius=0 ticks_waited=1 sent_tile=Some(WorldTile { x: 2663, z: 3313, level: 0 })
[nav-follow] here=WorldTile { x: 2663, z: 3309, level: 0 } walk=true transport=false leg=0 hops=1 outcome=None
[host] hitch livem2pnal_0: observe_us=34302 paints=0 skips=2549 ticks=117
[host] slot livem2pnal_0: d_loop_us=1593 d_raster_us=0 d_observe_us=127618 max_observe_us=34302 d_paints=0 d_skips=50 d_ticks=2 window_ms=1229
[nav-walk] here=WorldTile { x: 2663, z: 3307, level: 0 } aim=WorldTile { x: 2655, z: 3298, level: 0 } radius=0 ticks_waited=2 sent_tile=Some(WorldTile { x: 2663, z: 3313, level: 0 })
[nav-follow] here=WorldTile { x: 2663, z: 3307, level: 0 } walk=true transport=false leg=0 hops=1 outcome=None
[host] hitch livem2pnal_0: observe_us=32238 paints=0 skips=2574 ticks=118
[nav-walk] here=WorldTile { x: 2662, z: 3305, level: 0 } aim=WorldTile { x: 2655, z: 3298, level: 0 } radius=0 ticks_waited=3 sent_tile=Some(WorldTile { x: 2663, z: 3313, level: 0 })
[nav-follow] here=WorldTile { x: 2662, z: 3305, level: 0 } walk=true transport=false leg=0 hops=1 outcome=None
[host] hitch livem2pnal_0: observe_us=33038 paints=0 skips=2598 ticks=119
[host] slot livem2pnal_0: d_loop_us=1853 d_raster_us=0 d_observe_us=124946 max_observe_us=33038 d_paints=0 d_skips=50 d_ticks=2 window_ms=1189
[nav-walk] here=WorldTile { x: 2660, z: 3303, level: 0 } aim=WorldTile { x: 2655, z: 3298, level: 0 } radius=0 ticks_waited=4 sent_tile=Some(WorldTile { x: 2663, z: 3313, level: 0 })
[nav-follow] here=WorldTile { x: 2660, z: 3303, level: 0 } walk=true transport=false leg=0 hops=1 outcome=None
[host] hitch livem2pnal_0: observe_us=33565 paints=0 skips=2624 ticks=120
[nav-walk] here=WorldTile { x: 2658, z: 3301, level: 0 } aim=WorldTile { x: 2655, z: 3298, level: 0 } radius=0 ticks_waited=5 sent_tile=Some(WorldTile { x: 2663, z: 3313, level: 0 })
[nav-follow] here=WorldTile { x: 2658, z: 3301, level: 0 } walk=true transport=false leg=0 hops=1 outcome=None
[host] hitch livem2pnal_0: observe_us=26276 paints=0 skips=2648 ticks=121
[host] slot livem2pnal_0: d_loop_us=1997 d_raster_us=0 d_observe_us=122249 max_observe_us=33565 d_paints=0 d_skips=50 d_ticks=2 window_ms=1193
[nav-walk] here=WorldTile { x: 2656, z: 3299, level: 0 } aim=WorldTile { x: 2655, z: 3298, level: 0 } radius=0 ticks_waited=6 sent_tile=Some(WorldTile { x: 2663, z: 3313, level: 0 })
[nav-follow] here=WorldTile { x: 2656, z: 3299, level: 0 } walk=true transport=false leg=0 hops=1 outcome=None
[host] hitch livem2pnal_0: observe_us=29926 paints=0 skips=2674 ticks=122
[nav-walk] here=WorldTile { x: 2655, z: 3298, level: 0 } aim=WorldTile { x: 2655, z: 3298, level: 0 } radius=0 ticks_waited=7 sent_tile=Some(WorldTile { x: 2663, z: 3313, level: 0 })
[nav-follow] here=WorldTile { x: 2655, z: 3298, level: 0 } walk=false transport=false leg=1 hops=1 outcome=Some(Arrived { at: WorldTile { x: 2655, z: 3298, level: 0 } })
[host] hitch livem2pnal_0: observe_us=34777 paints=0 skips=2698 ticks=123
[host] slot livem2pnal_0: d_loop_us=1658 d_raster_us=0 d_observe_us=120404 max_observe_us=34777 d_paints=0 d_skips=50 d_ticks=2 window_ms=1207
[host] hitch livem2pnal_0: observe_us=17905 paints=0 skips=2723 ticks=124
[script livem2pnal_0] interact Npc { name: "Guard", action: "Pickpocket", index: Some(3564) }
[host] slot livem2pnal_0: d_loop_us=1813 d_raster_us=0 d_observe_us=92348 max_observe_us=17905 d_paints=0 d_skips=50 d_ticks=2 window_ms=1190
[host] hitch livem2pnal_0: observe_us=33241 paints=0 skips=2773 ticks=126
[host] hitch livem2pnal_0: observe_us=30525 paints=0 skips=2799 ticks=127
[host] slot livem2pnal_0: d_loop_us=2085 d_raster_us=0 d_observe_us=134074 max_observe_us=33241 d_paints=0 d_skips=50 d_ticks=2 window_ms=1229
[host] hitch livem2pnal_0: observe_us=34491 paints=0 skips=2823 ticks=128
[host] hitch livem2pnal_0: observe_us=29306 paints=0 skips=2848 ticks=129
[host] slot livem2pnal_0: d_loop_us=1643 d_raster_us=0 d_observe_us=119255 max_observe_us=34491 d_paints=0 d_skips=50 d_ticks=2 window_ms=1182
[host] hitch livem2pnal_0: observe_us=28025 paints=0 skips=2873 ticks=130
[host] hitch livem2pnal_0: observe_us=16423 paints=0 skips=2898 ticks=131
[host] slot livem2pnal_0: d_loop_us=1530 d_raster_us=0 d_observe_us=99663 max_observe_us=28025 d_paints=0 d_skips=50 d_ticks=2 window_ms=1206
[host] hitch livem2pnal_0: observe_us=16755 paints=0 skips=2948 ticks=133
[host] slot livem2pnal_0: d_loop_us=1889 d_raster_us=0 d_observe_us=97665 max_observe_us=16755 d_paints=0 d_skips=50 d_ticks=2 window_ms=1192
[host] hitch livem2pnal_0: observe_us=16083 paints=0 skips=2973 ticks=134
[script livem2pnal_0] interact Held { name: "Cake", action: "Eat" }
[shim-held] Cake Eat slot=0 -> sent
[host] hitch livem2pnal_0: observe_us=27998 paints=0 skips=2998 ticks=135
[host] slot livem2pnal_0: d_loop_us=1910 d_raster_us=0 d_observe_us=106935 max_observe_us=27998 d_paints=0 d_skips=50 d_ticks=2 window_ms=1196
[host] hitch livem2pnal_0: observe_us=16205 paints=0 skips=3023 ticks=136
[host] hitch livem2pnal_0: observe_us=17492 paints=0 skips=3048 ticks=137
[host] slot livem2pnal_0: d_loop_us=1827 d_raster_us=0 d_observe_us=96109 max_observe_us=17492 d_paints=0 d_skips=50 d_ticks=2 window_ms=1196
[host] slot livem2pnal_0: d_loop_us=2245 d_raster_us=0 d_observe_us=95695 max_observe_us=14329 d_paints=0 d_skips=50 d_ticks=2 window_ms=1171
[host] hitch livem2pnal_0: observe_us=16600 paints=0 skips=3149 ticks=141
[host] slot livem2pnal_0: d_loop_us=1836 d_raster_us=0 d_observe_us=106492 max_observe_us=16600 d_paints=0 d_skips=50 d_ticks=2 window_ms=1222
[host] hitch livem2pnal_0: observe_us=16128 paints=0 skips=3174 ticks=142
[host] slot livem2pnal_0: d_loop_us=1983 d_raster_us=0 d_observe_us=88380 max_observe_us=16128 d_paints=0 d_skips=50 d_ticks=2 window_ms=1175
[host] hitch livem2pnal_0: observe_us=16771 paints=0 skips=3200 ticks=143
[host] hitch livem2pnal_0: observe_us=16124 paints=0 skips=3225 ticks=144
[host] slot livem2pnal_0: d_loop_us=2218 d_raster_us=0 d_observe_us=104313 max_observe_us=16771 d_paints=0 d_skips=50 d_ticks=1 window_ms=1169
[host] hitch livem2pnal_0: observe_us=16792 paints=0 skips=3251 ticks=145
[script livem2pnal_0] interact Npc { name: "Guard", action: "Pickpocket", index: Some(3564) }
[host] hitch livem2pnal_0: observe_us=30870 paints=0 skips=3276 ticks=146
[host] slot livem2pnal_0: d_loop_us=1675 d_raster_us=0 d_observe_us=103459 max_observe_us=30870 d_paints=0 d_skips=50 d_ticks=2 window_ms=1202
[host] hitch livem2pnal_0: observe_us=17208 paints=0 skips=3325 ticks=148
[host] slot livem2pnal_0: d_loop_us=1892 d_raster_us=0 d_observe_us=102252 max_observe_us=17208 d_paints=0 d_skips=50 d_ticks=2 window_ms=1197
[host] slot livem2pnal_0: d_loop_us=1759 d_raster_us=0 d_observe_us=86797 max_observe_us=15235 d_paints=0 d_skips=50 d_ticks=2 window_ms=1178
[host] hitch livem2pnal_0: observe_us=16167 paints=0 skips=3402 ticks=151
[host] hitch livem2pnal_0: observe_us=20264 paints=0 skips=3427 ticks=152
[host] slot livem2pnal_0: d_loop_us=2054 d_raster_us=0 d_observe_us=106268 max_observe_us=20264 d_paints=0 d_skips=50 d_ticks=2 window_ms=1191
[host] slot livem2pnal_0: d_loop_us=2209 d_raster_us=0 d_observe_us=99924 max_observe_us=15887 d_paints=0 d_skips=50 d_ticks=2 window_ms=1183
[host] hitch livem2pnal_0: observe_us=16624 paints=0 skips=3503 ticks=155
[host] hitch livem2pnal_0: observe_us=16556 paints=0 skips=3528 ticks=156
[host] slot livem2pnal_0: d_loop_us=2080 d_raster_us=0 d_observe_us=107057 max_observe_us=16624 d_paints=0 d_skips=50 d_ticks=2 window_ms=1175
[host] hitch livem2pnal_0: observe_us=17452 paints=0 skips=3554 ticks=157
[host] hitch livem2pnal_0: observe_us=16528 paints=0 skips=3579 ticks=158
[host] slot livem2pnal_0: d_loop_us=1994 d_raster_us=0 d_observe_us=109275 max_observe_us=17452 d_paints=0 d_skips=50 d_ticks=2 window_ms=1174
[host] hitch livem2pnal_0: observe_us=17254 paints=0 skips=3605 ticks=159
[host] slot livem2pnal_0: d_loop_us=2001 d_raster_us=0 d_observe_us=97814 max_observe_us=17254 d_paints=0 d_skips=50 d_ticks=2 window_ms=1167
[host] hitch livem2pnal_0: observe_us=16415 paints=0 skips=3656 ticks=161
[host] hitch livem2pnal_0: observe_us=16540 paints=0 skips=3681 ticks=162
[script livem2pnal_0] interact Npc { name: "Guard", action: "Pickpocket", index: Some(3565) }
[host] slot livem2pnal_0: d_loop_us=1749 d_raster_us=0 d_observe_us=96122 max_observe_us=16540 d_paints=0 d_skips=50 d_ticks=2 window_ms=1173
[host] hitch livem2pnal_0: observe_us=17219 paints=0 skips=3707 ticks=163
[host] hitch livem2pnal_0: observe_us=21371 paints=0 skips=3733 ticks=164
[script livem2pnal_0] pickpocketed Guard
[host] slot livem2pnal_0: d_loop_us=2017 d_raster_us=0 d_observe_us=105320 max_observe_us=21371 d_paints=0 d_skips=50 d_ticks=2 window_ms=1175
[host] hitch livem2pnal_0: observe_us=16475 paints=0 skips=3758 ticks=165
[script livem2pnal_0] interact WalkTo { x: 2655, z: 3286, level: 0 }
[host] hitch livem2pnal_0: observe_us=29335 paints=0 skips=3784 ticks=166
[host] slot livem2pnal_0: d_loop_us=1818 d_raster_us=0 d_observe_us=110137 max_observe_us=29335 d_paints=0 d_skips=50 d_ticks=2 window_ms=1185
[host] hitch livem2pnal_0: observe_us=35078 paints=0 skips=3809 ticks=167
[host] hitch livem2pnal_0: observe_us=34163 paints=0 skips=3833 ticks=168
[host] slot livem2pnal_0: d_loop_us=1747 d_raster_us=0 d_observe_us=129443 max_observe_us=35078 d_paints=0 d_skips=50 d_ticks=2 window_ms=1219
[host] hitch livem2pnal_0: observe_us=32974 paints=0 skips=3858 ticks=169
[host] hitch livem2pnal_0: observe_us=30877 paints=0 skips=3882 ticks=170
[host] slot livem2pnal_0: d_loop_us=1447 d_raster_us=0 d_observe_us=112381 max_observe_us=32974 d_paints=0 d_skips=50 d_ticks=2 window_ms=1244
[host] hitch livem2pnal_0: observe_us=31502 paints=0 skips=3906 ticks=171
[host] hitch livem2pnal_0: observe_us=30043 paints=0 skips=3931 ticks=172
[host] slot livem2pnal_0: d_loop_us=2009 d_raster_us=0 d_observe_us=117367 max_observe_us=31502 d_paints=0 d_skips=50 d_ticks=2 window_ms=1212
[host] hitch livem2pnal_0: observe_us=32608 paints=0 skips=3956 ticks=173
[host] hitch livem2pnal_0: observe_us=34271 paints=0 skips=3981 ticks=174
[host] slot livem2pnal_0: d_loop_us=1772 d_raster_us=0 d_observe_us=138144 max_observe_us=34271 d_paints=0 d_skips=50 d_ticks=2 window_ms=1195
[host] hitch livem2pnal_0: observe_us=31762 paints=0 skips=4006 ticks=175
[host] hitch livem2pnal_0: observe_us=30970 paints=0 skips=4031 ticks=176
[host] slot livem2pnal_0: d_loop_us=1602 d_raster_us=0 d_observe_us=118464 max_observe_us=31762 d_paints=0 d_skips=50 d_ticks=2 window_ms=1185
[host] hitch livem2pnal_0: observe_us=30028 paints=0 skips=4057 ticks=177
[host] hitch livem2pnal_0: observe_us=30589 paints=0 skips=4081 ticks=178
[host] slot livem2pnal_0: d_loop_us=1739 d_raster_us=0 d_observe_us=118510 max_observe_us=30589 d_paints=0 d_skips=50 d_ticks=2 window_ms=1205
[host] hitch livem2pnal_0: observe_us=35612 paints=0 skips=4106 ticks=179
[host] hitch livem2pnal_0: observe_us=31165 paints=0 skips=4131 ticks=180
[host] slot livem2pnal_0: d_loop_us=1791 d_raster_us=0 d_observe_us=134283 max_observe_us=35612 d_paints=0 d_skips=50 d_ticks=2 window_ms=1207
[host] hitch livem2pnal_0: observe_us=31570 paints=0 skips=4156 ticks=181
[host] hitch livem2pnal_0: observe_us=30535 paints=0 skips=4180 ticks=182
[host] slot livem2pnal_0: d_loop_us=1485 d_raster_us=0 d_observe_us=120840 max_observe_us=31570 d_paints=0 d_skips=50 d_ticks=2 window_ms=1220
[host] hitch livem2pnal_0: observe_us=33542 paints=0 skips=4205 ticks=183
[host] hitch livem2pnal_0: observe_us=31789 paints=0 skips=4230 ticks=184
[host] slot livem2pnal_0: d_loop_us=1513 d_raster_us=0 d_observe_us=128703 max_observe_us=33542 d_paints=0 d_skips=50 d_ticks=2 window_ms=1207
[host] hitch livem2pnal_0: observe_us=29905 paints=0 skips=4255 ticks=185
[host] hitch livem2pnal_0: observe_us=34563 paints=0 skips=4279 ticks=186
[host] slot livem2pnal_0: d_loop_us=1485 d_raster_us=0 d_observe_us=126761 max_observe_us=34563 d_paints=0 d_skips=50 d_ticks=2 window_ms=1215
[host] hitch livem2pnal_0: observe_us=31829 paints=0 skips=4304 ticks=187
[host] hitch livem2pnal_0: observe_us=29006 paints=0 skips=4329 ticks=188
[host] slot livem2pnal_0: d_loop_us=1464 d_raster_us=0 d_observe_us=114907 max_observe_us=31829 d_paints=0 d_skips=50 d_ticks=2 window_ms=1211
[host] hitch livem2pnal_0: observe_us=34289 paints=0 skips=4354 ticks=189
[script livem2pnal_0] interact OpenBooth { x: 2656, z: 3286, level: 0, id: 2213, name: Some("Bank booth"), action: Some("Use-quickly") }
[host] hitch livem2pnal_0: observe_us=31386 paints=0 skips=4379 ticks=190
[host] slot livem2pnal_0: d_loop_us=1448 d_raster_us=0 d_observe_us=125262 max_observe_us=34289 d_paints=0 d_skips=50 d_ticks=2 window_ms=1183
[host] hitch livem2pnal_0: observe_us=17490 paints=0 skips=4404 ticks=191
[host] slot livem2pnal_0: d_loop_us=1838 d_raster_us=0 d_observe_us=102482 max_observe_us=17490 d_paints=0 d_skips=50 d_ticks=2 window_ms=1166
[host] hitch livem2pnal_0: observe_us=17461 paints=0 skips=4456 ticks=193
[host] hitch livem2pnal_0: observe_us=17091 paints=0 skips=4481 ticks=194
[host] slot livem2pnal_0: d_loop_us=1795 d_raster_us=0 d_observe_us=99407 max_observe_us=17461 d_paints=0 d_skips=50 d_ticks=2 window_ms=1186
[host] slot livem2pnal_0: d_loop_us=1634 d_raster_us=0 d_observe_us=86349 max_observe_us=15410 d_paints=0 d_skips=50 d_ticks=2 window_ms=1182
[host] hitch livem2pnal_0: observe_us=16413 paints=0 skips=4557 ticks=197
[host] hitch livem2pnal_0: observe_us=16302 paints=0 skips=4582 ticks=198
[script livem2pnal_0] could not open the bank — will retry
[host] slot livem2pnal_0: d_loop_us=1740 d_raster_us=0 d_observe_us=105471 max_observe_us=16413 d_paints=0 d_skips=50 d_ticks=2 window_ms=1195
[host] hitch livem2pnal_0: observe_us=16646 paints=0 skips=4608 ticks=199
[script livem2pnal_0] interact OpenBooth { x: 2656, z: 3286, level: 0, id: 2213, name: Some("Bank booth"), action: Some("Use-quickly") }
[host] hitch livem2pnal_0: observe_us=20359 paints=0 skips=4633 ticks=200
[host] slot livem2pnal_0: d_loop_us=1577 d_raster_us=0 d_observe_us=105430 max_observe_us=20359 d_paints=0 d_skips=50 d_ticks=2 window_ms=1174
[host] hitch livem2pnal_0: observe_us=16724 paints=0 skips=4658 ticks=201
[host] hitch livem2pnal_0: observe_us=18848 paints=0 skips=4684 ticks=202
[host] slot livem2pnal_0: d_loop_us=1362 d_raster_us=0 d_observe_us=98196 max_observe_us=18848 d_paints=0 d_skips=50 d_ticks=2 window_ms=1182
[host] hitch livem2pnal_0: observe_us=17657 paints=0 skips=4709 ticks=203
[script livem2pnal_0] banked: loot slots 1->0
[script livem2pnal_0] interact WalkNear { x: 2661, z: 3306, level: 0, radius: 3, allow_teleports: false }
[nav-follow] here=WorldTile { x: 2655, z: 3286, level: 0 } walk=true transport=false leg=0 hops=1 outcome=None
[host] hitch livem2pnal_0: observe_us=19569 paints=0 skips=4734 ticks=204
[host] slot livem2pnal_0: d_loop_us=1407 d_raster_us=0 d_observe_us=104455 max_observe_us=19569 d_paints=0 d_skips=50 d_ticks=2 window_ms=1187
[nav-walk] here=WorldTile { x: 2653, z: 3285, level: 0 } aim=WorldTile { x: 2658, z: 3303, level: 0 } radius=0 ticks_waited=0 sent_tile=Some(WorldTile { x: 2655, z: 3286, level: 0 })
[nav-follow] here=WorldTile { x: 2653, z: 3285, level: 0 } walk=true transport=false leg=0 hops=1 outcome=None
[host] hitch livem2pnal_0: observe_us=28563 paints=0 skips=4760 ticks=205
[nav-walk] here=WorldTile { x: 2651, z: 3284, level: 0 } aim=WorldTile { x: 2658, z: 3303, level: 0 } radius=0 ticks_waited=1 sent_tile=Some(WorldTile { x: 2655, z: 3286, level: 0 })
[nav-follow] here=WorldTile { x: 2651, z: 3284, level: 0 } walk=true transport=false leg=0 hops=1 outcome=None
[host] hitch livem2pnal_0: observe_us=31593 paints=0 skips=4785 ticks=206
[host] slot livem2pnal_0: d_loop_us=1654 d_raster_us=0 d_observe_us=131646 max_observe_us=31593 d_paints=0 d_skips=50 d_ticks=2 window_ms=1194
[nav-walk] here=WorldTile { x: 2649, z: 3284, level: 0 } aim=WorldTile { x: 2658, z: 3303, level: 0 } radius=0 ticks_waited=2 sent_tile=Some(WorldTile { x: 2655, z: 3286, level: 0 })
[nav-follow] here=WorldTile { x: 2649, z: 3284, level: 0 } walk=true transport=false leg=0 hops=1 outcome=None
[host] hitch livem2pnal_0: observe_us=28708 paints=0 skips=4810 ticks=207
[nav-walk] here=WorldTile { x: 2647, z: 3284, level: 0 } aim=WorldTile { x: 2658, z: 3303, level: 0 } radius=0 ticks_waited=3 sent_tile=Some(WorldTile { x: 2655, z: 3286, level: 0 })
[nav-follow] here=WorldTile { x: 2647, z: 3284, level: 0 } walk=true transport=false leg=0 hops=1 outcome=None
[host] hitch livem2pnal_0: observe_us=34409 paints=0 skips=4835 ticks=208
[host] slot livem2pnal_0: d_loop_us=1988 d_raster_us=0 d_observe_us=131415 max_observe_us=34409 d_paints=0 d_skips=50 d_ticks=2 window_ms=1199
[nav-walk] here=WorldTile { x: 2645, z: 3284, level: 0 } aim=WorldTile { x: 2658, z: 3303, level: 0 } radius=0 ticks_waited=4 sent_tile=Some(WorldTile { x: 2655, z: 3286, level: 0 })
[nav-follow] here=WorldTile { x: 2645, z: 3284, level: 0 } walk=true transport=false leg=0 hops=1 outcome=None
[host] hitch livem2pnal_0: observe_us=29754 paints=0 skips=4860 ticks=209
[nav-walk] here=WorldTile { x: 2644, z: 3285, level: 0 } aim=WorldTile { x: 2658, z: 3303, level: 0 } radius=0 ticks_waited=5 sent_tile=Some(WorldTile { x: 2655, z: 3286, level: 0 })
[nav-follow] here=WorldTile { x: 2644, z: 3285, level: 0 } walk=true transport=false leg=0 hops=1 outcome=None
[host] hitch livem2pnal_0: observe_us=26064 paints=0 skips=4884 ticks=210
[host] slot livem2pnal_0: d_loop_us=1435 d_raster_us=0 d_observe_us=104507 max_observe_us=29754 d_paints=0 d_skips=50 d_ticks=2 window_ms=1206
[nav-walk] here=WorldTile { x: 2644, z: 3287, level: 0 } aim=WorldTile { x: 2658, z: 3303, level: 0 } radius=0 ticks_waited=6 sent_tile=Some(WorldTile { x: 2655, z: 3286, level: 0 })
[nav-follow] here=WorldTile { x: 2644, z: 3287, level: 0 } walk=true transport=false leg=0 hops=1 outcome=None
[host] hitch livem2pnal_0: observe_us=30848 paints=0 skips=4910 ticks=211
[nav-walk] here=WorldTile { x: 2644, z: 3289, level: 0 } aim=WorldTile { x: 2658, z: 3303, level: 0 } radius=0 ticks_waited=7 sent_tile=Some(WorldTile { x: 2655, z: 3286, level: 0 })
[nav-follow] here=WorldTile { x: 2644, z: 3289, level: 0 } walk=true transport=false leg=0 hops=1 outcome=None
[host] hitch livem2pnal_0: observe_us=34829 paints=0 skips=4934 ticks=212
[host] slot livem2pnal_0: d_loop_us=1624 d_raster_us=0 d_observe_us=119652 max_observe_us=34829 d_paints=0 d_skips=50 d_ticks=2 window_ms=1219
[nav-walk] here=WorldTile { x: 2646, z: 3289, level: 0 } aim=WorldTile { x: 2658, z: 3303, level: 0 } radius=0 ticks_waited=8 sent_tile=Some(WorldTile { x: 2655, z: 3286, level: 0 })
[nav-follow] here=WorldTile { x: 2646, z: 3289, level: 0 } walk=true transport=false leg=0 hops=1 outcome=None
[host] hitch livem2pnal_0: observe_us=30792 paints=0 skips=4959 ticks=213
[nav-walk] here=WorldTile { x: 2648, z: 3289, level: 0 } aim=WorldTile { x: 2658, z: 3303, level: 0 } radius=0 ticks_waited=9 sent_tile=Some(WorldTile { x: 2655, z: 3286, level: 0 })
[nav-follow] here=WorldTile { x: 2648, z: 3289, level: 0 } walk=true transport=false leg=0 hops=1 outcome=None
[host] hitch livem2pnal_0: observe_us=34870 paints=0 skips=4984 ticks=214
[host] slot livem2pnal_0: d_loop_us=1735 d_raster_us=0 d_observe_us=127564 max_observe_us=34870 d_paints=0 d_skips=50 d_ticks=2 window_ms=1206
[nav-walk] here=WorldTile { x: 2650, z: 3289, level: 0 } aim=WorldTile { x: 2658, z: 3303, level: 0 } radius=0 ticks_waited=10 sent_tile=Some(WorldTile { x: 2655, z: 3286, level: 0 })
[nav-follow] here=WorldTile { x: 2650, z: 3289, level: 0 } walk=true transport=false leg=0 hops=1 outcome=None
[host] hitch livem2pnal_0: observe_us=38271 paints=0 skips=5008 ticks=215
[nav-walk] here=WorldTile { x: 2652, z: 3289, level: 0 } aim=WorldTile { x: 2658, z: 3303, level: 0 } radius=0 ticks_waited=11 sent_tile=Some(WorldTile { x: 2655, z: 3286, level: 0 })
[nav-follow] here=WorldTile { x: 2652, z: 3289, level: 0 } walk=true transport=false leg=0 hops=1 outcome=None
[host] hitch livem2pnal_0: observe_us=17083 paints=0 skips=5033 ticks=216
[host] slot livem2pnal_0: d_loop_us=1094 d_raster_us=0 d_observe_us=106570 max_observe_us=38271 d_paints=0 d_skips=50 d_ticks=2 window_ms=1204
[nav-walk] here=WorldTile { x: 2654, z: 3289, level: 0 } aim=WorldTile { x: 2658, z: 3303, level: 0 } radius=0 ticks_waited=12 sent_tile=Some(WorldTile { x: 2655, z: 3286, level: 0 })
[nav-follow] here=WorldTile { x: 2654, z: 3289, level: 0 } walk=true transport=false leg=0 hops=1 outcome=None
[host] hitch livem2pnal_0: observe_us=17459 paints=0 skips=5058 ticks=217
[nav-walk] here=WorldTile { x: 2656, z: 3289, level: 0 } aim=WorldTile { x: 2658, z: 3303, level: 0 } radius=0 ticks_waited=13 sent_tile=Some(WorldTile { x: 2655, z: 3286, level: 0 })
[nav-follow] here=WorldTile { x: 2656, z: 3289, level: 0 } walk=true transport=false leg=0 hops=1 outcome=None
[host] hitch livem2pnal_0: observe_us=33421 paints=0 skips=5084 ticks=218
[host] slot livem2pnal_0: d_loop_us=1277 d_raster_us=0 d_observe_us=99094 max_observe_us=33421 d_paints=0 d_skips=50 d_ticks=2 window_ms=1195
[nav-walk] here=WorldTile { x: 2658, z: 3289, level: 0 } aim=WorldTile { x: 2658, z: 3303, level: 0 } radius=0 ticks_waited=14 sent_tile=Some(WorldTile { x: 2655, z: 3286, level: 0 })
[nav-follow] here=WorldTile { x: 2658, z: 3289, level: 0 } walk=true transport=false leg=0 hops=1 outcome=None
[host] hitch livem2pnal_0: observe_us=30971 paints=0 skips=5108 ticks=219
[nav-walk] here=WorldTile { x: 2660, z: 3289, level: 0 } aim=WorldTile { x: 2658, z: 3303, level: 0 } radius=0 ticks_waited=15 sent_tile=Some(WorldTile { x: 2655, z: 3286, level: 0 })
[nav-follow] here=WorldTile { x: 2660, z: 3289, level: 0 } walk=true transport=false leg=0 hops=1 outcome=None
[host] hitch livem2pnal_0: observe_us=30799 paints=0 skips=5133 ticks=220
[host] slot livem2pnal_0: d_loop_us=1529 d_raster_us=0 d_observe_us=122696 max_observe_us=30971 d_paints=0 d_skips=50 d_ticks=2 window_ms=1202
[nav-walk] here=WorldTile { x: 2662, z: 3290, level: 0 } aim=WorldTile { x: 2658, z: 3303, level: 0 } radius=0 ticks_waited=16 sent_tile=Some(WorldTile { x: 2655, z: 3286, level: 0 })
[nav-follow] here=WorldTile { x: 2662, z: 3290, level: 0 } walk=true transport=false leg=0 hops=1 outcome=None
[host] hitch livem2pnal_0: observe_us=31872 paints=0 skips=5158 ticks=221
[nav-walk] here=WorldTile { x: 2663, z: 3292, level: 0 } aim=WorldTile { x: 2658, z: 3303, level: 0 } radius=0 ticks_waited=17 sent_tile=Some(WorldTile { x: 2655, z: 3286, level: 0 })
[nav-follow] here=WorldTile { x: 2663, z: 3292, level: 0 } walk=true transport=false leg=0 hops=1 outcome=None
[host] hitch livem2pnal_0: observe_us=32694 paints=0 skips=5183 ticks=222
[host] slot livem2pnal_0: d_loop_us=1508 d_raster_us=0 d_observe_us=125274 max_observe_us=32694 d_paints=0 d_skips=50 d_ticks=2 window_ms=1209
[nav-walk] here=WorldTile { x: 2663, z: 3294, level: 0 } aim=WorldTile { x: 2658, z: 3303, level: 0 } radius=0 ticks_waited=18 sent_tile=Some(WorldTile { x: 2655, z: 3286, level: 0 })
[nav-follow] here=WorldTile { x: 2663, z: 3294, level: 0 } walk=true transport=false leg=0 hops=1 outcome=None
[host] hitch livem2pnal_0: observe_us=17040 paints=0 skips=5208 ticks=223
[nav-walk] here=WorldTile { x: 2662, z: 3296, level: 0 } aim=WorldTile { x: 2658, z: 3303, level: 0 } radius=0 ticks_waited=19 sent_tile=Some(WorldTile { x: 2655, z: 3286, level: 0 })
[nav-follow] here=WorldTile { x: 2662, z: 3296, level: 0 } walk=true transport=false leg=0 hops=1 outcome=None
[host] hitch livem2pnal_0: observe_us=33360 paints=0 skips=5233 ticks=224
[host] slot livem2pnal_0: d_loop_us=1517 d_raster_us=0 d_observe_us=111075 max_observe_us=33360 d_paints=0 d_skips=50 d_ticks=2 window_ms=1203
[nav-walk] here=WorldTile { x: 2662, z: 3298, level: 0 } aim=WorldTile { x: 2658, z: 3303, level: 0 } radius=0 ticks_waited=20 sent_tile=Some(WorldTile { x: 2655, z: 3286, level: 0 })
[nav-follow] here=WorldTile { x: 2662, z: 3298, level: 0 } walk=true transport=false leg=0 hops=1 outcome=None
[host] hitch livem2pnal_0: observe_us=29389 paints=0 skips=5258 ticks=225
[nav-walk] here=WorldTile { x: 2661, z: 3300, level: 0 } aim=WorldTile { x: 2658, z: 3303, level: 0 } radius=0 ticks_waited=21 sent_tile=Some(WorldTile { x: 2655, z: 3286, level: 0 })
[nav-follow] here=WorldTile { x: 2661, z: 3300, level: 0 } walk=true transport=false leg=0 hops=1 outcome=None
[host] hitch livem2pnal_0: observe_us=28224 paints=0 skips=5282 ticks=226
[host] slot livem2pnal_0: d_loop_us=1506 d_raster_us=0 d_observe_us=109809 max_observe_us=29389 d_paints=0 d_skips=50 d_ticks=2 window_ms=1210
[nav-walk] here=WorldTile { x: 2659, z: 3302, level: 0 } aim=WorldTile { x: 2658, z: 3303, level: 0 } radius=0 ticks_waited=22 sent_tile=Some(WorldTile { x: 2655, z: 3286, level: 0 })
[nav-follow] here=WorldTile { x: 2659, z: 3302, level: 0 } walk=true transport=false leg=0 hops=1 outcome=None
[host] hitch livem2pnal_0: observe_us=25958 paints=0 skips=5307 ticks=227
[nav-walk] here=WorldTile { x: 2658, z: 3303, level: 0 } aim=WorldTile { x: 2658, z: 3303, level: 0 } radius=0 ticks_waited=23 sent_tile=Some(WorldTile { x: 2655, z: 3286, level: 0 })
[nav-follow] here=WorldTile { x: 2658, z: 3303, level: 0 } walk=false transport=false leg=1 hops=1 outcome=Some(Arrived { at: WorldTile { x: 2658, z: 3303, level: 0 } })
[host] hitch livem2pnal_0: observe_us=34203 paints=0 skips=5332 ticks=228
[host] slot livem2pnal_0: d_loop_us=1970 d_raster_us=0 d_observe_us=113017 max_observe_us=34203 d_paints=0 d_skips=50 d_ticks=2 window_ms=1211
[host] hitch livem2pnal_0: observe_us=17389 paints=0 skips=5357 ticks=229
[script livem2pnal_0] interact Npc { name: "Guard", action: "Pickpocket", index: Some(3568) }
[host] hitch livem2pnal_0: observe_us=31176 paints=0 skips=5383 ticks=230
[host] slot livem2pnal_0: d_loop_us=2022 d_raster_us=0 d_observe_us=114897 max_observe_us=31176 d_paints=0 d_skips=50 d_ticks=2 window_ms=1181
[host] hitch livem2pnal_0: observe_us=32216 paints=0 skips=5408 ticks=231
[host] hitch livem2pnal_0: observe_us=33404 paints=0 skips=5432 ticks=232
[host] slot livem2pnal_0: d_loop_us=1564 d_raster_us=0 d_observe_us=135612 max_observe_us=33404 d_paints=0 d_skips=50 d_ticks=2 window_ms=1214
[host] hitch livem2pnal_0: observe_us=23473 paints=0 skips=5457 ticks=233
[script livem2pnal_0] pickpocketed Guard
PASS: catalog_boundary_live: {"scenario":"ardy_thiever","runner":"Some(Evidence { scenario: \"ardy_thiever\", outcome: \"PASS\", predicate: \"has_item_id(995)>=1\", ticks: 302, elapsed_ms: 151515, message: None, tile: Some([2664, 3300, 0]), inv: [InvRow { id: 1893, name: Some(\"2/3 cake\"), count: 1 }, InvRow { id: 995, name: Some(\"Coins\"), count: 30 }], stat: Some(StatRow { runenergy: 39 }), chat: [ChatRow { text: \"You pick the guard's pocket.\", username: None }, ChatRow { text: \"You attempt to pick the guard's pocket.\", username: None }, ChatRow { text: \"You pick the guard's pocket.\", username: None }, ChatRow { text: \"You attempt to pick the guard's pocket.\", username: None }, ChatRow { text: \"You've been stunned!\", username: None }, ChatRow { text: \"You fail to pick the guard's pocket.\", username: None }, ChatRow { text: \"You attempt to pick the guard's pocket.\", username: None }, ChatRow { text: \"It heals some health.\", username: None }, ChatRow { text: \"You eat part of the cake.\", username: None }, ChatRow { text: \"You've been stunned!\", username: None }, ChatRow { text: \"You fail to pick the guard's pocket.\", username: None }, ChatRow { text: \"You attempt to pick the guard's pocket.\", username: None }, ChatRow { text: \"You've been stunned!\", username: None }, ChatRow { text: \"You fail to pick the guard's pocket.\", username: None }, ChatRow { text: \"You attempt to pick the guard's pocket.\", username: None }, ChatRow { text: \"You steal a cake.\", username: None }, ChatRow { text: \"It heals some health.\", username: None }, ChatRow { text: \"You eat the bread.\", username: None }, ChatRow { text: \"You've been stunned!\", username: None }, ChatRow { text: \"You fail to pick the guard's pocket.\", username: None }, ChatRow { text: \"You attempt to pick the guard's pocket.\", username: None }, ChatRow { text: \"You steal some bread.\", username: None }, ChatRow { text: \"Inventory wiped.\", username: None }, ChatRow { text: \"set tutorial: to 1000\", username: None }, ChatRow { text: \"Welcome to RuneScape.\", username: None }], scene: 2 })","core":{"case":"ardy_thiever","baseline":{"ingame":true,"scene_state":2,"player":"Livem2pnal 0","tile":[2661,3306,0],"tick":18,"items":{},"item_ids":{},"bank":{},"bank_ids":{},"bank_open":false,"bank_loaded":false,"bank_generation":0,"levels":{"-unused-":0,"agility":1,"attack":1,"cooking":1,"crafting":1,"defence":1,"firemaking":1,"fishing":1,"fletching":1,"herblore":1,"hitpoints":40,"magic":1,"mining":1,"prayer":1,"ranged":1,"runecraft":1,"slayer":1,"smithing":1,"strength":1,"thieving":40,"woodcutting":1},"xp":{"-unused-":0,"agility":0,"attack":0,"cooking":0,"crafting":0,"defence":0,"firemaking":0,"fishing":0,"fletching":0,"herblore":0,"hitpoints":37224,"magic":0,"mining":0,"prayer":0,"ranged":0,"runecraft":0,"slayer":0,"smithing":0,"strength":0,"thieving":37224,"woodcutting":0},"chat":[[7,"Inventory wiped."],[6,"set tutorial: to 1000"],[5,"Welcome to RuneScape."]],"loc_facts":[],"equipment_ids":{},"main_modal":-1,"widget_ids":[3213,3214]},"latest":{"ingame":true,"scene_state":2,"player":"Livem2pnal 0","tile":[2664,3300,0],"tick":233,"items":{"2/3 cake":1,"Coins":30},"item_ids":{"995":30,"1893":1},"bank":{},"bank_ids":{},"bank_open":false,"bank_loaded":false,"bank_generation":2,"levels":{"-unused-":0,"agility":1,"attack":1,"cooking":1,"crafting":1,"defence":1,"firemaking":1,"fishing":1,"fletching":1,"herblore":1,"hitpoints":40,"magic":1,"mining":1,"prayer":1,"ranged":1,"runecraft":1,"slayer":1,"smithing":1,"strength":1,"thieving":40,"woodcutting":1},"xp":{"-unused-":0,"agility":0,"attack":0,"cooking":0,"crafting":0,"defence":0,"firemaking":0,"fishing":0,"fletching":0,"herblore":0,"hitpoints":37224,"magic":0,"mining":0,"prayer":0,"ranged":0,"runecraft":0,"slayer":0,"smithing":0,"strength":0,"thieving":37349,"woodcutting":0},"chat":[[29,"You pick the guard's pocket."],[28,"You attempt to pick the guard's pocket."],[27,"You pick the guard's pocket."],[26,"You attempt to pick the guard's pocket."],[25,"You've been stunned!"],[24,"You fail to pick the guard's pocket."],[23,"You attempt to pick the guard's pocket."],[22,"It heals some health."],[21,"You eat part of the cake."],[20,"You've been stunned!"],[19,"You fail to pick the guard's pocket."],[18,"You attempt to pick the guard's pocket."],[17,"You've been stunned!"],[16,"You fail to pick the guard's pocket."],[15,"You attempt to pick the guard's pocket."],[14,"You steal a cake."],[13,"It heals some health."],[12,"You eat the bread."],[11,"You've been stunned!"],[10,"You fail to pick the guard's pocket."],[9,"You attempt to pick the guard's pocket."],[8,"You steal some bread."],[7,"Inventory wiped."],[6,"set tutorial: to 1000"],[5,"Welcome to RuneScape."]],"loc_facts":[{"id":1530,"x":2656,"z":3292,"level":0,"name":"Door","open":true},{"id":1530,"x":2666,"z":3294,"level":0,"name":"Door","open":true}],"equipment_ids":{},"main_modal":-1,"widget_ids":[3213,3214]},"max_items":{"2/3 cake":1,"Bread":1,"Cake":1,"Coins":30},"max_xp":{"-unused-":0,"agility":0,"attack":0,"cooking":0,"crafting":0,"defence":0,"firemaking":0,"fishing":0,"fletching":0,"herblore":0,"hitpoints":37224,"magic":0,"mining":0,"prayer":0,"ranged":0,"runecraft":0,"slayer":0,"smithing":0,"strength":0,"thieving":37349,"woodcutting":0},"saw_bury_chat":false,"post_start_observations":5366,"bone_bank_cycle":{"first_batch_buried":false,"opened":null,"withdrawn":null,"buried_after_withdrawal":false},"bank_fletcher_cycle":{"first_pack_created":false,"deposited":null,"withdrawn":null,"crafted_after_withdrawal":false},"bank_fletcher_string_cycle":{"initial_pairs_strung":false,"deposited":null,"withdrawn":null,"strung_after_withdrawal":false},"bank_fletcher_cut_string_cycle":{"cut_pair_created":false,"deposited":null,"withdrawn":null,"string_pair_created":false},"alcher_generated_custom_cycle":{"withdrawn":null,"consumed":false},"dart_fletcher_cycle":{"first":null,"further":false,"wrong_tier":false},"herb_cleaner_cycle":{"first_pack":false,"deposited":null,"withdrawn":null,"cleaned_after_withdrawal":false,"filter_violated":false},"gem_cutter_cycle":{"first_pack":false,"deposited":null,"withdrawn":null,"cut_after_withdrawal":false,"filter_violated":false},"door_opener_cycle":{"selected":null,"opened":false},"gnome_course_cycle":{"log":null,"ground_return":null,"pipe":null,"second_lap":false},"flax_picker_cycle":{"first_pack":false,"deposited":null,"returned":false,"further":false},"superheater_cycle":{"first_bars":false,"deposited":null,"withdrawn":null,"produced_after_withdrawal":false,"wrong_product":false,"wrong_staff":false},"chicken_killer_bank_cycle":{"combat_loot":false,"deposited":null,"returned":false,"further":false},"vial_filler_cycle":{"filled":null,"deposited":null,"withdrawn":null,"returned":false,"further":false},"potion_maker_cycle":{"unfinished":null,"finished":null,"deposited":null,"withdrawn":null,"further":false,"wrong_product":false,"filter_violated":false},"tanner_bot_cycle":{"widget":null,"tanned":null,"deposited":null,"withdrawn":null,"returned":false,"further":false,"wrong_product":false,"shop":false},"rune_crafter_cycle":{"withdrawn":null,"entered":null,"crafted":null,"exited":null,"deposited":null,"restocked":null,"returned":false,"further":false,"wrong_product":false,"noted":false},"ardy_cakes_cycle":{"stolen":null,"deposited":null,"returned":false,"further":false,"wrong_product":false,"noted":false},"ardy_thiever_cycle":{"pickpocketed":{"ingame":true,"scene_state":2,"player":"Livem2pnal 0","tile":[2662,3309,0],"tick":164,"items":{"2/3 cake":1,"Coins":30},"item_ids":{"995":30,"1893":1},"bank":{},"bank_ids":{},"bank_open":false,"bank_loaded":false,"bank_generation":0,"levels":{"-unused-":0,"agility":1,"attack":1,"cooking":1,"crafting":1,"defence":1,"firemaking":1,"fishing":1,"fletching":1,"herblore":1,"hitpoints":40,"magic":1,"mining":1,"prayer":1,"ranged":1,"runecraft":1,"slayer":1,"smithing":1,"strength":1,"thieving":40,"woodcutting":1},"xp":{"-unused-":0,"agility":0,"attack":0,"cooking":0,"crafting":0,"defence":0,"firemaking":0,"fishing":0,"fletching":0,"herblore":0,"hitpoints":37224,"magic":0,"mining":0,"prayer":0,"ranged":0,"runecraft":0,"slayer":0,"smithing":0,"strength":0,"thieving":37302,"woodcutting":0},"chat":[[27,"You pick the guard's pocket."],[26,"You attempt to pick the guard's pocket."],[25,"You've been stunned!"],[24,"You fail to pick the guard's pocket."],[23,"You attempt to pick the guard's pocket."],[22,"It heals some health."],[21,"You eat part of the cake."],[20,"You've been stunned!"],[19,"You fail to pick the guard's pocket."],[18,"You attempt to pick the guard's pocket."],[17,"You've been stunned!"],[16,"You fail to pick the guard's pocket."],[15,"You attempt to pick the guard's pocket."],[14,"You steal a cake."],[13,"It heals some health."],[12,"You eat the bread."],[11,"You've been stunned!"],[10,"You fail to pick the guard's pocket."],[9,"You attempt to pick the guard's pocket."],[8,"You steal some bread."],[7,"Inventory wiped."],[6,"set tutorial: to 1000"],[5,"Welcome to RuneScape."]],"loc_facts":[{"id":1530,"x":2669,"z":3316,"level":0,"name":"Door","open":true}],"equipment_ids":{},"main_modal":-1,"widget_ids":[3213,3214]},"deposited":{"ingame":true,"scene_state":2,"player":"Livem2pnal 0","tile":[2655,3286,0],"tick":202,"items":{"2/3 cake":1},"item_ids":{"1893":1},"bank":{"Coins":30},"bank_ids":{"995":30},"bank_open":true,"bank_loaded":true,"bank_generation":1,"levels":{"-unused-":0,"agility":1,"attack":1,"cooking":1,"crafting":1,"defence":1,"firemaking":1,"fishing":1,"fletching":1,"herblore":1,"hitpoints":40,"magic":1,"mining":1,"prayer":1,"ranged":1,"runecraft":1,"slayer":1,"smithing":1,"strength":1,"thieving":40,"woodcutting":1},"xp":{"-unused-":0,"agility":0,"attack":0,"cooking":0,"crafting":0,"defence":0,"firemaking":0,"fishing":0,"fletching":0,"herblore":0,"hitpoints":37224,"magic":0,"mining":0,"prayer":0,"ranged":0,"runecraft":0,"slayer":0,"smithing":0,"strength":0,"thieving":37302,"woodcutting":0},"chat":[[27,"You pick the guard's pocket."],[26,"You attempt to pick the guard's pocket."],[25,"You've been stunned!"],[24,"You fail to pick the guard's pocket."],[23,"You attempt to pick the guard's pocket."],[22,"It heals some health."],[21,"You eat part of the cake."],[20,"You've been stunned!"],[19,"You fail to pick the guard's pocket."],[18,"You attempt to pick the guard's pocket."],[17,"You've been stunned!"],[16,"You fail to pick the guard's pocket."],[15,"You attempt to pick the guard's pocket."],[14,"You steal a cake."],[13,"It heals some health."],[12,"You eat the bread."],[11,"You've been stunned!"],[10,"You fail to pick the guard's pocket."],[9,"You attempt to pick the guard's pocket."],[8,"You steal some bread."],[7,"Inventory wiped."],[6,"set tutorial: to 1000"],[5,"Welcome to RuneScape."]],"loc_facts":[{"id":1530,"x":2656,"z":3292,"level":0,"name":"Door","open":true},{"id":1530,"x":2663,"z":3279,"level":0,"name":"Door","open":true}],"equipment_ids":{},"main_modal":5292,"widget_ids":[2005,2006,5292,5293,5294,5295,5296,5297,5298,5299,5300,5301,5302,5303,5304,5305,5306,5307,5308,5309,5310,5311,5312,5313,5314,5315,5316,5317,5318,5319,5320,5321,5322,5323,5324,5325,5326,5327,5328,5329,5330,5331,5332,5333,5334,5335,5336,5337,5338,5339,5340,5341,5342,5343,5344,5345,5346,5347,5348,5349,5350,5351,5352,5353,5354,5355,5356,5357,5358,5359,5360,5361,5362,5363,5364,5365,5366,5367,5368,5369,5370,5371,5372,5373,5374,5375,5376,5377,5378,5379,5380,5381,5382,5383,5384,5385,5386,5387,5388,5389,5390,5391,8130,8131,8132,8133]},"returned":true,"further":true},"gnome_chop_cycle":{"chopped":null,"deposited":null,"returned":false,"further":false,"wrong_product":false,"noted":false},"gnome_fletch_cycle":{"chopped":null,"fletched":null,"deposited":null,"returned":false,"further":false,"wrong_product":false,"noted":false},"coal_trucks_cycle":{"mined":null,"trucked":null,"further":false,"noted":false,"banked":false},"station_production_cycle":{"withdrawn":null,"produced":null,"deposited":null,"restocked":null,"returned":false,"further":false,"wrong_product":false,"noted":false},"ordered_first_exhausted":false}}
test catalog_boundary_live ... ok

test result: ok. 1 passed; 0 failed; 0 ignored; 0 measured; 32 filtered out; finished in 154.65s

