
running 1 test
{"phase":"identity","revision":289,"profile":"local-289 · 127.0.0.1:44594 · revision 289","cache_id":"c4d8ab36bcfd2a7907535b4f619e28623b0a22e98d496fd2a9620d544c5b5b09","nav_pack":"/Users/acfrazier/experiments/274bot/.worktrees/rs2b0t-multirevision/.superpowers/world-capabilities/289/274bot.navpack","nav_sha256":"131db92e32eddcb08148909d477589544320fe7e34a422e8004e97e888032924","catalog_commit":"100adccc037d9f6898080e1cad58fcfc43364775","catalog_identity":"pre-289 frozen catalog","catalog_read_only_path":".superpowers/inputs/rs2b0t-100adccc037d9f6898080e1cad58fcfc43364775","catalog_root":"/Users/acfrazier/experiments/274bot/.worktrees/rs2b0t-multirevision/.superpowers/inputs/rs2b0t-100adccc037d9f6898080e1cad58fcfc43364775","registry_path":"/Users/acfrazier/experiments/274bot/.worktrees/rs2b0t-multirevision/.superpowers/inputs/rs2b0t-100adccc037d9f6898080e1cad58fcfc43364775/src/bot/scripts/index.ts","registry_sha256":"b614aedb3d5adfdfbac3760f082273f3cf5c33fffe4ced0f2b01490ae02d1bc2","card":{"card":"ChickenKiller","source_path":"/Users/acfrazier/experiments/274bot/.worktrees/rs2b0t-multirevision/.superpowers/inputs/rs2b0t-100adccc037d9f6898080e1cad58fcfc43364775/src/bot/scripts/ChickenKiller/ChickenKiller.ts","source_sha256":"997caf51e5f409703f4523e74e52f9aa22d388059c36e2810358176b26f9087f","compiled_sha256":"1521855852ae0d0566aa67132be6f4ae2eb24ef45b15406127607733533e4d91","siblings":[],"settings":{"leashRadius":12.0,"fightHpGate":45.0,"restUntilHp":70.0,"targetName":"Chicken","lootMatch":"feather","buryBones":true,"combatStyle":"melee","meleeStyle":"strength","spell":"Wind Strike","runesWithdraw":100.0,"rangeStyle":"rapid","ammo":"Bronze arrow","ammoWithdraw":200.0,"bankStrategy":"Loot count","bankEveryItems":1.0,"bankEveryMinutes":10.0,"bankCommonJunk":true}},"account":"liveja4g6r_0","engine_speed_ms":null}
[host-play] slot liveja4g6r_0: thread up
274bot: snapshot load skipped: read /Users/acfrazier/.274bot/unpack-289/37214163f1e6ceca/models.bin: No such file or directory (os error 2)
[host-play] slot liveja4g6r_0: handshake begin reconnect=false
[host-play] slot liveja4g6r_0: handshake ok
[host] slot liveja4g6r_0: d_loop_us=4450 d_raster_us=0 d_observe_us=38144 max_observe_us=3743 d_paints=0 d_skips=50 d_ticks=1 window_ms=0
[host-play] slot liveja4g6r_0: queued mainland tele+setvar (scene 2)
[host-play] slot liveja4g6r_0: handshake begin reconnect=true
[host-play] slot liveja4g6r_0: handshake ok
[host] slot liveja4g6r_0: d_loop_us=1092 d_raster_us=0 d_observe_us=46428 max_observe_us=3727 d_paints=0 d_skips=50 d_ticks=1 window_ms=0
[host-play] slot liveja4g6r_0: queued mainland tele+setvar (scene 2)
{"phase":"baseline-after-preparation","scenario":"chicken_killer_bank","account":"liveja4g6r_0","observation":{"ingame":true,"scene_state":2,"player":"Liveja4g6r 0","tile":[3029,3294,0],"tick":15,"items":{},"item_ids":{},"bank":{},"bank_ids":{},"bank_open":false,"bank_loaded":false,"bank_generation":0,"levels":{"-unused-":0,"agility":1,"attack":30,"cooking":1,"crafting":1,"defence":1,"firemaking":1,"fishing":1,"fletching":1,"herblore":1,"hitpoints":10,"magic":1,"mining":1,"prayer":1,"ranged":1,"runecraft":1,"slayer":1,"smithing":1,"strength":30,"thieving":1,"woodcutting":1},"xp":{"-unused-":0,"agility":0,"attack":13363,"cooking":0,"crafting":0,"defence":0,"firemaking":0,"fishing":0,"fletching":0,"herblore":0,"hitpoints":1154,"magic":0,"mining":0,"prayer":0,"ranged":0,"runecraft":0,"slayer":0,"smithing":0,"strength":13363,"thieving":0,"woodcutting":0},"chat":[[7,"Inventory wiped."],[6,"set tutorial: to 1000"],[5,"Welcome to RuneScape."]],"loc_facts":[{"id":1530,"x":3022,"z":3296,"level":0,"name":"Door","open":true},{"id":1530,"x":3024,"z":3291,"level":0,"name":"Door","open":true},{"id":1530,"x":3026,"z":3287,"level":0,"name":"Door","open":true},{"id":1530,"x":3026,"z":3292,"level":0,"name":"Door","open":true},{"id":1530,"x":3029,"z":3292,"level":0,"name":"Door","open":true},{"id":1530,"x":3034,"z":3291,"level":0,"name":"Door","open":true}],"equipment_ids":{}}}
[script liveja4g6r_0] start load
{"phase":"start","account":"liveja4g6r_0","count":1}
[host] hitch liveja4g6r_0: observe_us=98003 paints=0 skips=88 ticks=15
[script liveja4g6r_0] anchored at (3029, 3294, 0), hunting Chicken, leash 12, style melee (strength)
[script liveja4g6r_0] interact IfButton { component_id: 5862 }
[host] slot liveja4g6r_0: d_loop_us=26540 d_raster_us=0 d_observe_us=199238 max_observe_us=98003 d_paints=0 d_skips=50 d_ticks=15 window_ms=9297
[script liveja4g6r_0] combat style set to strength
[script liveja4g6r_0] interact Npc { name: "Chicken", action: "Attack", index: Some(458) }
[host] slot liveja4g6r_0: d_loop_us=1354 d_raster_us=0 d_observe_us=77599 max_observe_us=12218 d_paints=0 d_skips=50 d_ticks=2 window_ms=1305
[host] hitch liveja4g6r_0: observe_us=21110 paints=0 skips=155 ticks=19
[host] hitch liveja4g6r_0: observe_us=22696 paints=0 skips=179 ticks=20
[host] slot liveja4g6r_0: d_loop_us=1395 d_raster_us=0 d_observe_us=101011 max_observe_us=22696 d_paints=0 d_skips=50 d_ticks=2 window_ms=1308
[host] slot liveja4g6r_0: d_loop_us=1284 d_raster_us=0 d_observe_us=77357 max_observe_us=11789 d_paints=0 d_skips=50 d_ticks=3 window_ms=1301
[host] slot liveja4g6r_0: d_loop_us=1452 d_raster_us=0 d_observe_us=82944 max_observe_us=11438 d_paints=0 d_skips=50 d_ticks=2 window_ms=1298
[host] slot liveja4g6r_0: d_loop_us=1496 d_raster_us=0 d_observe_us=89567 max_observe_us=12992 d_paints=0 d_skips=50 d_ticks=2 window_ms=1296
[script liveja4g6r_0] interact Npc { name: "Chicken", action: "Attack", index: Some(459) }
[host] slot liveja4g6r_0: d_loop_us=1493 d_raster_us=0 d_observe_us=93036 max_observe_us=12174 d_paints=0 d_skips=50 d_ticks=2 window_ms=1323
[host] slot liveja4g6r_0: d_loop_us=1726 d_raster_us=0 d_observe_us=85377 max_observe_us=10470 d_paints=0 d_skips=50 d_ticks=2 window_ms=1320
[host] slot liveja4g6r_0: d_loop_us=1478 d_raster_us=0 d_observe_us=92759 max_observe_us=12080 d_paints=0 d_skips=50 d_ticks=3 window_ms=1341
[host] slot liveja4g6r_0: d_loop_us=1509 d_raster_us=0 d_observe_us=98979 max_observe_us=12379 d_paints=0 d_skips=50 d_ticks=2 window_ms=1346
[script liveja4g6r_0] can't engage Chicken — a shut gate/fence in the way; walking through it
[script liveja4g6r_0] interact WalkNear { x: 3020, z: 3287, level: 0, radius: 1, allow_teleports: false }
[nav-follow] here=WorldTile { x: 3026, z: 3291, level: 0 } walk=false transport=true leg=1 hops=0 outcome=None
[host] slot liveja4g6r_0: d_loop_us=1364 d_raster_us=0 d_observe_us=80953 max_observe_us=12178 d_paints=0 d_skips=50 d_ticks=2 window_ms=1313
[nav-transport] cheap hop walk-through to WorldTile { x: 3025, z: 3292, level: 0 }
[nav-follow] here=WorldTile { x: 3026, z: 3291, level: 0 } walk=false transport=true leg=1 hops=0 outcome=None
[host] hitch liveja4g6r_0: observe_us=24151 paints=0 skips=611 ticks=39
[nav-transport] here=WorldTile { x: 3025, z: 3292, level: 0 } to=WorldTile { x: 3025, z: 3292, level: 0 } troll=false ticks_waited=0 loc_id=1530 open=true
[nav-follow] here=WorldTile { x: 3025, z: 3292, level: 0 } walk=true transport=false leg=2 hops=1 outcome=None
[host] hitch liveja4g6r_0: observe_us=18924 paints=0 skips=633 ticks=40
[host] slot liveja4g6r_0: d_loop_us=1213 d_raster_us=0 d_observe_us=96921 max_observe_us=24151 d_paints=0 d_skips=50 d_ticks=2 window_ms=1316
[nav-walk] here=WorldTile { x: 3023, z: 3293, level: 0 } aim=WorldTile { x: 3021, z: 3294, level: 0 } radius=0 ticks_waited=0 sent_tile=Some(WorldTile { x: 3025, z: 3292, level: 0 })
[nav-follow] here=WorldTile { x: 3023, z: 3293, level: 0 } walk=true transport=false leg=2 hops=1 outcome=None
[host] hitch liveja4g6r_0: observe_us=26148 paints=0 skips=656 ticks=41
[nav-walk] here=WorldTile { x: 3021, z: 3294, level: 0 } aim=WorldTile { x: 3021, z: 3294, level: 0 } radius=0 ticks_waited=1 sent_tile=Some(WorldTile { x: 3025, z: 3292, level: 0 })
[nav-follow] here=WorldTile { x: 3021, z: 3294, level: 0 } walk=false transport=true leg=3 hops=1 outcome=None
[host] hitch liveja4g6r_0: observe_us=21197 paints=0 skips=679 ticks=42
[host] slot liveja4g6r_0: d_loop_us=1321 d_raster_us=0 d_observe_us=97377 max_observe_us=26148 d_paints=0 d_skips=50 d_ticks=2 window_ms=1340
[nav-transport] here=WorldTile { x: 3021, z: 3293, level: 0 } to=WorldTile { x: 3019, z: 3293, level: 0 } troll=false ticks_waited=0 loc_id=1530 open=false
[nav-follow] here=WorldTile { x: 3021, z: 3293, level: 0 } walk=false transport=true leg=3 hops=1 outcome=None
[host] hitch liveja4g6r_0: observe_us=22057 paints=0 skips=701 ticks=43
[nav-transport] cheap hop walk-through to WorldTile { x: 3019, z: 3293, level: 0 }
[nav-follow] here=WorldTile { x: 3021, z: 3293, level: 0 } walk=false transport=true leg=3 hops=1 outcome=None
[host] hitch liveja4g6r_0: observe_us=23211 paints=0 skips=723 ticks=44
[nav-transport] here=WorldTile { x: 3019, z: 3293, level: 0 } to=WorldTile { x: 3019, z: 3293, level: 0 } troll=false ticks_waited=1 loc_id=1530 open=true
[nav-follow] here=WorldTile { x: 3019, z: 3293, level: 0 } walk=true transport=false leg=4 hops=2 outcome=None
[host] hitch liveja4g6r_0: observe_us=18668 paints=0 skips=746 ticks=45
[host] slot liveja4g6r_0: d_loop_us=1300 d_raster_us=0 d_observe_us=114048 max_observe_us=23211 d_paints=0 d_skips=50 d_ticks=3 window_ms=1343
[nav-walk] here=WorldTile { x: 3019, z: 3291, level: 0 } aim=WorldTile { x: 3020, z: 3287, level: 0 } radius=0 ticks_waited=0 sent_tile=Some(WorldTile { x: 3019, z: 3293, level: 0 })
[nav-follow] here=WorldTile { x: 3019, z: 3291, level: 0 } walk=true transport=false leg=4 hops=2 outcome=None
[host] hitch liveja4g6r_0: observe_us=18305 paints=0 skips=768 ticks=46
[nav-walk] here=WorldTile { x: 3019, z: 3289, level: 0 } aim=WorldTile { x: 3020, z: 3287, level: 0 } radius=0 ticks_waited=1 sent_tile=Some(WorldTile { x: 3019, z: 3293, level: 0 })
[nav-follow] here=WorldTile { x: 3019, z: 3289, level: 0 } walk=true transport=false leg=4 hops=2 outcome=None
[host] hitch liveja4g6r_0: observe_us=21545 paints=0 skips=791 ticks=47
[host] slot liveja4g6r_0: d_loop_us=1103 d_raster_us=0 d_observe_us=89118 max_observe_us=21545 d_paints=0 d_skips=50 d_ticks=2 window_ms=1324
[nav-walk] here=WorldTile { x: 3020, z: 3287, level: 0 } aim=WorldTile { x: 3020, z: 3287, level: 0 } radius=0 ticks_waited=2 sent_tile=Some(WorldTile { x: 3019, z: 3293, level: 0 })
[nav-follow] here=WorldTile { x: 3020, z: 3287, level: 0 } walk=false transport=false leg=5 hops=2 outcome=Some(Arrived { at: WorldTile { x: 3020, z: 3287, level: 0 } })
[host] hitch liveja4g6r_0: observe_us=24618 paints=0 skips=815 ticks=48
[script liveja4g6r_0] interact Npc { name: "Chicken", action: "Attack", index: Some(459) }
[host] slot liveja4g6r_0: d_loop_us=1307 d_raster_us=0 d_observe_us=95606 max_observe_us=24618 d_paints=0 d_skips=50 d_ticks=2 window_ms=1275
[host] hitch liveja4g6r_0: observe_us=23495 paints=0 skips=884 ticks=51
[host] slot liveja4g6r_0: d_loop_us=1332 d_raster_us=0 d_observe_us=94925 max_observe_us=23495 d_paints=0 d_skips=50 d_ticks=2 window_ms=1310
[host] slot liveja4g6r_0: d_loop_us=1265 d_raster_us=0 d_observe_us=64895 max_observe_us=12205 d_paints=0 d_skips=50 d_ticks=2 window_ms=1326
[host] slot liveja4g6r_0: d_loop_us=1330 d_raster_us=0 d_observe_us=93350 max_observe_us=12177 d_paints=0 d_skips=50 d_ticks=3 window_ms=1301
[host] hitch liveja4g6r_0: observe_us=24791 paints=0 skips=1021 ticks=57
[host] hitch liveja4g6r_0: observe_us=20532 paints=0 skips=1044 ticks=58
[host] slot liveja4g6r_0: d_loop_us=1216 d_raster_us=0 d_observe_us=110283 max_observe_us=24791 d_paints=0 d_skips=50 d_ticks=2 window_ms=1319
[script liveja4g6r_0] interact WalkNearestBank
[host] slot liveja4g6r_0: d_loop_us=1026 d_raster_us=0 d_observe_us=53590 max_observe_us=9549 d_paints=0 d_skips=50 d_ticks=2 window_ms=1334
[host] slot liveja4g6r_0: d_loop_us=880 d_raster_us=0 d_observe_us=41934 max_observe_us=5411 d_paints=0 d_skips=50 d_ticks=2 window_ms=1297
[nav-follow] here=WorldTile { x: 3020, z: 3287, level: 0 } walk=true transport=false leg=0 hops=1 outcome=None
[nav-walk] here=WorldTile { x: 3019, z: 3289, level: 0 } aim=WorldTile { x: 3020, z: 3292, level: 0 } radius=0 ticks_waited=0 sent_tile=Some(WorldTile { x: 3020, z: 3287, level: 0 })
[nav-follow] here=WorldTile { x: 3019, z: 3289, level: 0 } walk=true transport=false leg=0 hops=1 outcome=None
[host] hitch liveja4g6r_0: observe_us=26000 paints=0 skips=1179 ticks=64
[host] slot liveja4g6r_0: d_loop_us=1177 d_raster_us=0 d_observe_us=90048 max_observe_us=26000 d_paints=0 d_skips=50 d_ticks=2 window_ms=1335
[nav-walk] here=WorldTile { x: 3019, z: 3291, level: 0 } aim=WorldTile { x: 3020, z: 3292, level: 0 } radius=0 ticks_waited=1 sent_tile=Some(WorldTile { x: 3020, z: 3287, level: 0 })
[nav-follow] here=WorldTile { x: 3019, z: 3291, level: 0 } walk=true transport=false leg=0 hops=1 outcome=None
[host] hitch liveja4g6r_0: observe_us=20492 paints=0 skips=1202 ticks=65
[nav-walk] here=WorldTile { x: 3020, z: 3292, level: 0 } aim=WorldTile { x: 3020, z: 3292, level: 0 } radius=0 ticks_waited=2 sent_tile=Some(WorldTile { x: 3020, z: 3287, level: 0 })
[nav-follow] here=WorldTile { x: 3020, z: 3292, level: 0 } walk=false transport=true leg=1 hops=1 outcome=None
[host] hitch liveja4g6r_0: observe_us=20923 paints=0 skips=1225 ticks=66
[nav-transport] here=WorldTile { x: 3021, z: 3293, level: 0 } to=WorldTile { x: 3021, z: 3293, level: 0 } troll=false ticks_waited=0 loc_id=1530 open=true
[nav-follow] here=WorldTile { x: 3021, z: 3293, level: 0 } walk=true transport=false leg=2 hops=2 outcome=None
[host] hitch liveja4g6r_0: observe_us=19843 paints=0 skips=1248 ticks=67
[host] slot liveja4g6r_0: d_loop_us=1326 d_raster_us=0 d_observe_us=123657 max_observe_us=20923 d_paints=0 d_skips=50 d_ticks=3 window_ms=1300
[nav-walk] here=WorldTile { x: 3023, z: 3295, level: 0 } aim=WorldTile { x: 3023, z: 3295, level: 0 } radius=0 ticks_waited=0 sent_tile=Some(WorldTile { x: 3021, z: 3293, level: 0 })
[nav-follow] here=WorldTile { x: 3023, z: 3295, level: 0 } walk=false transport=true leg=3 hops=2 outcome=None
[host] hitch liveja4g6r_0: observe_us=17154 paints=0 skips=1271 ticks=68
[nav-transport] here=WorldTile { x: 3023, z: 3296, level: 0 } to=WorldTile { x: 3022, z: 3297, level: 0 } troll=false ticks_waited=0 loc_id=1530 open=false
[nav-follow] here=WorldTile { x: 3023, z: 3296, level: 0 } walk=false transport=true leg=3 hops=2 outcome=None
[host] slot liveja4g6r_0: d_loop_us=1136 d_raster_us=0 d_observe_us=74381 max_observe_us=17154 d_paints=0 d_skips=50 d_ticks=2 window_ms=1313
[nav-transport] cheap hop walk-through to WorldTile { x: 3022, z: 3297, level: 0 }
[nav-follow] here=WorldTile { x: 3023, z: 3296, level: 0 } walk=false transport=true leg=3 hops=2 outcome=None
[nav-transport] here=WorldTile { x: 3022, z: 3297, level: 0 } to=WorldTile { x: 3022, z: 3297, level: 0 } troll=false ticks_waited=1 loc_id=1530 open=true
[nav-follow] here=WorldTile { x: 3022, z: 3297, level: 0 } walk=true transport=false leg=4 hops=3 outcome=None
[host] slot liveja4g6r_0: d_loop_us=1039 d_raster_us=0 d_observe_us=56569 max_observe_us=13373 d_paints=0 d_skips=50 d_ticks=2 window_ms=1328
[nav-walk] here=WorldTile { x: 3022, z: 3299, level: 0 } aim=WorldTile { x: 3032, z: 3312, level: 0 } radius=0 ticks_waited=0 sent_tile=Some(WorldTile { x: 3022, z: 3297, level: 0 })
[nav-follow] here=WorldTile { x: 3022, z: 3299, level: 0 } walk=true transport=false leg=4 hops=3 outcome=None
[nav-walk] here=WorldTile { x: 3022, z: 3301, level: 0 } aim=WorldTile { x: 3032, z: 3312, level: 0 } radius=0 ticks_waited=1 sent_tile=Some(WorldTile { x: 3022, z: 3297, level: 0 })
[nav-follow] here=WorldTile { x: 3022, z: 3301, level: 0 } walk=true transport=false leg=4 hops=3 outcome=None
[host] slot liveja4g6r_0: d_loop_us=992 d_raster_us=0 d_observe_us=53796 max_observe_us=11511 d_paints=0 d_skips=50 d_ticks=2 window_ms=1347
[nav-walk] here=WorldTile { x: 3023, z: 3303, level: 0 } aim=WorldTile { x: 3032, z: 3312, level: 0 } radius=0 ticks_waited=2 sent_tile=Some(WorldTile { x: 3022, z: 3297, level: 0 })
[nav-follow] here=WorldTile { x: 3023, z: 3303, level: 0 } walk=true transport=false leg=4 hops=3 outcome=None
[nav-walk] here=WorldTile { x: 3025, z: 3305, level: 0 } aim=WorldTile { x: 3032, z: 3312, level: 0 } radius=0 ticks_waited=3 sent_tile=Some(WorldTile { x: 3022, z: 3297, level: 0 })
[nav-follow] here=WorldTile { x: 3025, z: 3305, level: 0 } walk=true transport=false leg=4 hops=3 outcome=None
[host] slot liveja4g6r_0: d_loop_us=1015 d_raster_us=0 d_observe_us=63207 max_observe_us=13947 d_paints=0 d_skips=50 d_ticks=2 window_ms=1309
[nav-walk] here=WorldTile { x: 3027, z: 3307, level: 0 } aim=WorldTile { x: 3032, z: 3312, level: 0 } radius=0 ticks_waited=4 sent_tile=Some(WorldTile { x: 3022, z: 3297, level: 0 })
[nav-follow] here=WorldTile { x: 3027, z: 3307, level: 0 } walk=true transport=false leg=4 hops=3 outcome=None
test catalog_boundary_live has been running for over 60 seconds
[nav-walk] here=WorldTile { x: 3029, z: 3309, level: 0 } aim=WorldTile { x: 3032, z: 3312, level: 0 } radius=0 ticks_waited=5 sent_tile=Some(WorldTile { x: 3022, z: 3297, level: 0 })
[nav-follow] here=WorldTile { x: 3029, z: 3309, level: 0 } walk=true transport=false leg=4 hops=3 outcome=None
[nav-walk] here=WorldTile { x: 3031, z: 3311, level: 0 } aim=WorldTile { x: 3032, z: 3312, level: 0 } radius=0 ticks_waited=6 sent_tile=Some(WorldTile { x: 3022, z: 3297, level: 0 })
[nav-follow] here=WorldTile { x: 3031, z: 3311, level: 0 } walk=true transport=false leg=4 hops=3 outcome=None
[host] slot liveja4g6r_0: d_loop_us=946 d_raster_us=0 d_observe_us=67223 max_observe_us=12096 d_paints=0 d_skips=50 d_ticks=3 window_ms=1297
[nav-walk] here=WorldTile { x: 3032, z: 3312, level: 0 } aim=WorldTile { x: 3032, z: 3312, level: 0 } radius=0 ticks_waited=7 sent_tile=Some(WorldTile { x: 3022, z: 3297, level: 0 })
[nav-follow] here=WorldTile { x: 3032, z: 3312, level: 0 } walk=false transport=true leg=5 hops=3 outcome=None
[nav-transport] here=WorldTile { x: 3032, z: 3313, level: 0 } to=WorldTile { x: 3031, z: 3314, level: 0 } troll=false ticks_waited=0 loc_id=1551 open=false
[nav-follow] here=WorldTile { x: 3032, z: 3313, level: 0 } walk=false transport=true leg=5 hops=3 outcome=None
[host] slot liveja4g6r_0: d_loop_us=959 d_raster_us=0 d_observe_us=69181 max_observe_us=15317 d_paints=0 d_skips=50 d_ticks=2 window_ms=1201
[nav-transport] cheap hop walk-through to WorldTile { x: 3031, z: 3314, level: 0 }
[nav-follow] here=WorldTile { x: 3032, z: 3313, level: 0 } walk=false transport=true leg=5 hops=3 outcome=None
[host] hitch liveja4g6r_0: observe_us=17372 paints=0 skips=1574 ticks=81
[nav-transport] here=WorldTile { x: 3031, z: 3314, level: 0 } to=WorldTile { x: 3031, z: 3314, level: 0 } troll=false ticks_waited=1 loc_id=1551 open=true
[nav-follow] here=WorldTile { x: 3031, z: 3314, level: 0 } walk=true transport=false leg=6 hops=4 outcome=None
[host] hitch liveja4g6r_0: observe_us=22220 paints=0 skips=1599 ticks=82
[host] slot liveja4g6r_0: d_loop_us=951 d_raster_us=0 d_observe_us=76885 max_observe_us=22220 d_paints=0 d_skips=50 d_ticks=2 window_ms=1196
[nav-walk] here=WorldTile { x: 3033, z: 3315, level: 0 } aim=WorldTile { x: 3017, z: 3319, level: 0 } radius=2 ticks_waited=0 sent_tile=Some(WorldTile { x: 3031, z: 3314, level: 0 })
[nav-follow] here=WorldTile { x: 3033, z: 3315, level: 0 } walk=true transport=false leg=6 hops=4 outcome=None
[host] hitch liveja4g6r_0: observe_us=17333 paints=0 skips=1624 ticks=83
[host] slot liveja4g6r_0: d_loop_us=844 d_raster_us=0 d_observe_us=55011 max_observe_us=17333 d_paints=0 d_skips=50 d_ticks=2 window_ms=1173
[nav-walk] here=WorldTile { x: 3033, z: 3317, level: 0 } aim=WorldTile { x: 3017, z: 3319, level: 0 } radius=2 ticks_waited=1 sent_tile=Some(WorldTile { x: 3031, z: 3314, level: 0 })
[nav-follow] here=WorldTile { x: 3033, z: 3317, level: 0 } walk=true transport=false leg=6 hops=4 outcome=None
[host] hitch liveja4g6r_0: observe_us=16451 paints=0 skips=1650 ticks=84
[nav-walk] here=WorldTile { x: 3032, z: 3318, level: 0 } aim=WorldTile { x: 3017, z: 3319, level: 0 } radius=2 ticks_waited=2 sent_tile=Some(WorldTile { x: 3031, z: 3314, level: 0 })
[nav-follow] here=WorldTile { x: 3032, z: 3318, level: 0 } walk=true transport=false leg=6 hops=4 outcome=None
[host] hitch liveja4g6r_0: observe_us=16195 paints=0 skips=1675 ticks=85
[host] slot liveja4g6r_0: d_loop_us=830 d_raster_us=0 d_observe_us=66366 max_observe_us=16451 d_paints=0 d_skips=50 d_ticks=1 window_ms=1173
[nav-walk] here=WorldTile { x: 3030, z: 3318, level: 0 } aim=WorldTile { x: 3017, z: 3319, level: 0 } radius=2 ticks_waited=3 sent_tile=Some(WorldTile { x: 3031, z: 3314, level: 0 })
[nav-follow] here=WorldTile { x: 3030, z: 3318, level: 0 } walk=true transport=false leg=6 hops=4 outcome=None
[host] hitch liveja4g6r_0: observe_us=20324 paints=0 skips=1701 ticks=86
[nav-walk] here=WorldTile { x: 3028, z: 3317, level: 0 } aim=WorldTile { x: 3017, z: 3319, level: 0 } radius=2 ticks_waited=4 sent_tile=Some(WorldTile { x: 3031, z: 3314, level: 0 })
[nav-follow] here=WorldTile { x: 3028, z: 3317, level: 0 } walk=true transport=false leg=6 hops=4 outcome=None
[host] slot liveja4g6r_0: d_loop_us=890 d_raster_us=0 d_observe_us=72815 max_observe_us=20324 d_paints=0 d_skips=50 d_ticks=2 window_ms=1169
[nav-walk] here=WorldTile { x: 3026, z: 3316, level: 0 } aim=WorldTile { x: 3017, z: 3319, level: 0 } radius=2 ticks_waited=5 sent_tile=Some(WorldTile { x: 3031, z: 3314, level: 0 })
[nav-follow] here=WorldTile { x: 3026, z: 3316, level: 0 } walk=true transport=false leg=6 hops=4 outcome=None
[host] hitch liveja4g6r_0: observe_us=16312 paints=0 skips=1752 ticks=88
[nav-walk] here=WorldTile { x: 3024, z: 3315, level: 0 } aim=WorldTile { x: 3017, z: 3319, level: 0 } radius=2 ticks_waited=6 sent_tile=Some(WorldTile { x: 3031, z: 3314, level: 0 })
[nav-follow] here=WorldTile { x: 3024, z: 3315, level: 0 } walk=true transport=false leg=6 hops=4 outcome=None
[host] slot liveja4g6r_0: d_loop_us=965 d_raster_us=0 d_observe_us=68861 max_observe_us=16312 d_paints=0 d_skips=50 d_ticks=2 window_ms=1178
[nav-walk] here=WorldTile { x: 3022, z: 3315, level: 0 } aim=WorldTile { x: 3017, z: 3319, level: 0 } radius=2 ticks_waited=7 sent_tile=Some(WorldTile { x: 3031, z: 3314, level: 0 })
[nav-follow] here=WorldTile { x: 3022, z: 3315, level: 0 } walk=true transport=false leg=6 hops=4 outcome=None
[host] hitch liveja4g6r_0: observe_us=23251 paints=0 skips=1803 ticks=90
[nav-walk] here=WorldTile { x: 3020, z: 3315, level: 0 } aim=WorldTile { x: 3017, z: 3319, level: 0 } radius=2 ticks_waited=8 sent_tile=Some(WorldTile { x: 3031, z: 3314, level: 0 })
[nav-follow] here=WorldTile { x: 3020, z: 3315, level: 0 } walk=true transport=false leg=6 hops=4 outcome=None
[host] slot liveja4g6r_0: d_loop_us=998 d_raster_us=0 d_observe_us=75301 max_observe_us=23251 d_paints=0 d_skips=50 d_ticks=2 window_ms=1187
[nav-walk] here=WorldTile { x: 3018, z: 3317, level: 0 } aim=WorldTile { x: 3017, z: 3319, level: 0 } radius=2 ticks_waited=9 sent_tile=Some(WorldTile { x: 3031, z: 3314, level: 0 })
[nav-follow] here=WorldTile { x: 3018, z: 3317, level: 0 } walk=true transport=false leg=6 hops=5 outcome=None
[host] hitch liveja4g6r_0: observe_us=20296 paints=0 skips=1854 ticks=92
[nav-walk] here=WorldTile { x: 3016, z: 3317, level: 0 } aim=WorldTile { x: 3013, z: 3329, level: 0 } radius=2 ticks_waited=0 sent_tile=Some(WorldTile { x: 3018, z: 3317, level: 0 })
[nav-follow] here=WorldTile { x: 3016, z: 3317, level: 0 } walk=true transport=false leg=6 hops=5 outcome=None
[host] hitch liveja4g6r_0: observe_us=19428 paints=0 skips=1879 ticks=93
[host] slot liveja4g6r_0: d_loop_us=992 d_raster_us=0 d_observe_us=77300 max_observe_us=20296 d_paints=0 d_skips=50 d_ticks=2 window_ms=1184
[nav-walk] here=WorldTile { x: 3014, z: 3318, level: 0 } aim=WorldTile { x: 3013, z: 3329, level: 0 } radius=2 ticks_waited=1 sent_tile=Some(WorldTile { x: 3018, z: 3317, level: 0 })
[nav-follow] here=WorldTile { x: 3014, z: 3318, level: 0 } walk=true transport=false leg=6 hops=5 outcome=None
[host] hitch liveja4g6r_0: observe_us=22300 paints=0 skips=1904 ticks=94
[nav-walk] here=WorldTile { x: 3013, z: 3319, level: 0 } aim=WorldTile { x: 3013, z: 3329, level: 0 } radius=2 ticks_waited=2 sent_tile=Some(WorldTile { x: 3018, z: 3317, level: 0 })
[nav-follow] here=WorldTile { x: 3013, z: 3319, level: 0 } walk=true transport=false leg=6 hops=5 outcome=None
[host] hitch liveja4g6r_0: observe_us=18640 paints=0 skips=1929 ticks=95
[host] slot liveja4g6r_0: d_loop_us=958 d_raster_us=0 d_observe_us=76941 max_observe_us=22300 d_paints=0 d_skips=50 d_ticks=2 window_ms=1191
[nav-walk] here=WorldTile { x: 3011, z: 3319, level: 0 } aim=WorldTile { x: 3013, z: 3329, level: 0 } radius=2 ticks_waited=3 sent_tile=Some(WorldTile { x: 3018, z: 3317, level: 0 })
[nav-follow] here=WorldTile { x: 3011, z: 3319, level: 0 } walk=true transport=false leg=6 hops=5 outcome=None
[nav-walk] here=WorldTile { x: 3009, z: 3321, level: 0 } aim=WorldTile { x: 3013, z: 3329, level: 0 } radius=2 ticks_waited=4 sent_tile=Some(WorldTile { x: 3018, z: 3317, level: 0 })
[nav-follow] here=WorldTile { x: 3009, z: 3321, level: 0 } walk=true transport=false leg=6 hops=5 outcome=None
[host] slot liveja4g6r_0: d_loop_us=904 d_raster_us=0 d_observe_us=62290 max_observe_us=14663 d_paints=0 d_skips=50 d_ticks=2 window_ms=1186
[nav-walk] here=WorldTile { x: 3008, z: 3323, level: 0 } aim=WorldTile { x: 3013, z: 3329, level: 0 } radius=2 ticks_waited=5 sent_tile=Some(WorldTile { x: 3018, z: 3317, level: 0 })
[nav-follow] here=WorldTile { x: 3008, z: 3323, level: 0 } walk=true transport=false leg=6 hops=5 outcome=None
[host] hitch liveja4g6r_0: observe_us=16745 paints=0 skips=2005 ticks=98
[nav-walk] here=WorldTile { x: 3009, z: 3325, level: 0 } aim=WorldTile { x: 3013, z: 3329, level: 0 } radius=2 ticks_waited=6 sent_tile=Some(WorldTile { x: 3018, z: 3317, level: 0 })
[nav-follow] here=WorldTile { x: 3009, z: 3325, level: 0 } walk=true transport=false leg=6 hops=5 outcome=None
[host] slot liveja4g6r_0: d_loop_us=972 d_raster_us=0 d_observe_us=64129 max_observe_us=16745 d_paints=0 d_skips=50 d_ticks=2 window_ms=1175
[nav-walk] here=WorldTile { x: 3011, z: 3327, level: 0 } aim=WorldTile { x: 3013, z: 3329, level: 0 } radius=2 ticks_waited=7 sent_tile=Some(WorldTile { x: 3018, z: 3317, level: 0 })
[nav-follow] here=WorldTile { x: 3011, z: 3327, level: 0 } walk=true transport=false leg=6 hops=6 outcome=None
[host] hitch liveja4g6r_0: observe_us=18082 paints=0 skips=2056 ticks=100
[host] slot liveja4g6r_0: d_loop_us=8823 d_raster_us=0 d_observe_us=84705 max_observe_us=18082 d_paints=0 d_skips=50 d_ticks=2 window_ms=1173
[nav-walk] here=WorldTile { x: 3011, z: 3331, level: 0 } aim=WorldTile { x: 3008, z: 3342, level: 0 } radius=2 ticks_waited=0 sent_tile=Some(WorldTile { x: 3011, z: 3327, level: 0 })
[nav-follow] here=WorldTile { x: 3011, z: 3331, level: 0 } walk=true transport=false leg=6 hops=6 outcome=None
[host] hitch liveja4g6r_0: observe_us=22062 paints=0 skips=2107 ticks=102
[nav-walk] here=WorldTile { x: 3009, z: 3333, level: 0 } aim=WorldTile { x: 3008, z: 3342, level: 0 } radius=2 ticks_waited=1 sent_tile=Some(WorldTile { x: 3011, z: 3327, level: 0 })
[nav-follow] here=WorldTile { x: 3009, z: 3333, level: 0 } walk=true transport=false leg=6 hops=6 outcome=None
[host] hitch liveja4g6r_0: observe_us=18341 paints=0 skips=2132 ticks=103
[host] slot liveja4g6r_0: d_loop_us=1009 d_raster_us=0 d_observe_us=78404 max_observe_us=22062 d_paints=0 d_skips=50 d_ticks=2 window_ms=1175
[nav-walk] here=WorldTile { x: 3008, z: 3335, level: 0 } aim=WorldTile { x: 3008, z: 3342, level: 0 } radius=2 ticks_waited=2 sent_tile=Some(WorldTile { x: 3011, z: 3327, level: 0 })
[nav-follow] here=WorldTile { x: 3008, z: 3335, level: 0 } walk=true transport=false leg=6 hops=6 outcome=None
[host] hitch liveja4g6r_0: observe_us=20353 paints=0 skips=2158 ticks=104
[nav-walk] here=WorldTile { x: 3008, z: 3337, level: 0 } aim=WorldTile { x: 3008, z: 3342, level: 0 } radius=2 ticks_waited=3 sent_tile=Some(WorldTile { x: 3011, z: 3327, level: 0 })
[nav-follow] here=WorldTile { x: 3008, z: 3337, level: 0 } walk=true transport=false leg=6 hops=6 outcome=None
[host] hitch liveja4g6r_0: observe_us=22767 paints=0 skips=2183 ticks=105
[host] slot liveja4g6r_0: d_loop_us=1071 d_raster_us=0 d_observe_us=79888 max_observe_us=22767 d_paints=0 d_skips=50 d_ticks=2 window_ms=1197
[nav-walk] here=WorldTile { x: 3008, z: 3339, level: 0 } aim=WorldTile { x: 3008, z: 3342, level: 0 } radius=2 ticks_waited=4 sent_tile=Some(WorldTile { x: 3011, z: 3327, level: 0 })
[nav-follow] here=WorldTile { x: 3008, z: 3339, level: 0 } walk=true transport=false leg=6 hops=6 outcome=None
[host] hitch liveja4g6r_0: observe_us=21322 paints=0 skips=2208 ticks=106
[nav-walk] here=WorldTile { x: 3008, z: 3341, level: 0 } aim=WorldTile { x: 3008, z: 3342, level: 0 } radius=2 ticks_waited=5 sent_tile=Some(WorldTile { x: 3011, z: 3327, level: 0 })
[nav-follow] here=WorldTile { x: 3008, z: 3341, level: 0 } walk=true transport=false leg=6 hops=7 outcome=None
[host] hitch liveja4g6r_0: observe_us=20587 paints=0 skips=2234 ticks=107
[host] slot liveja4g6r_0: d_loop_us=1088 d_raster_us=0 d_observe_us=80333 max_observe_us=21322 d_paints=0 d_skips=50 d_ticks=2 window_ms=1164
[nav-walk] here=WorldTile { x: 3008, z: 3343, level: 0 } aim=WorldTile { x: 3010, z: 3355, level: 0 } radius=0 ticks_waited=0 sent_tile=Some(WorldTile { x: 3008, z: 3341, level: 0 })
[nav-follow] here=WorldTile { x: 3008, z: 3343, level: 0 } walk=true transport=false leg=6 hops=7 outcome=None
[host] hitch liveja4g6r_0: observe_us=17601 paints=0 skips=2260 ticks=108
[nav-walk] here=WorldTile { x: 3008, z: 3345, level: 0 } aim=WorldTile { x: 3010, z: 3355, level: 0 } radius=0 ticks_waited=1 sent_tile=Some(WorldTile { x: 3008, z: 3341, level: 0 })
[nav-follow] here=WorldTile { x: 3008, z: 3345, level: 0 } walk=true transport=false leg=6 hops=7 outcome=None
[host] hitch liveja4g6r_0: observe_us=20948 paints=0 skips=2286 ticks=109
[host] slot liveja4g6r_0: d_loop_us=990 d_raster_us=0 d_observe_us=74550 max_observe_us=20948 d_paints=0 d_skips=50 d_ticks=2 window_ms=1177
[nav-walk] here=WorldTile { x: 3008, z: 3347, level: 0 } aim=WorldTile { x: 3010, z: 3355, level: 0 } radius=0 ticks_waited=2 sent_tile=Some(WorldTile { x: 3008, z: 3341, level: 0 })
[nav-follow] here=WorldTile { x: 3008, z: 3347, level: 0 } walk=true transport=false leg=6 hops=7 outcome=None
[host] hitch liveja4g6r_0: observe_us=20864 paints=0 skips=2311 ticks=110
[nav-walk] here=WorldTile { x: 3008, z: 3349, level: 0 } aim=WorldTile { x: 3010, z: 3355, level: 0 } radius=0 ticks_waited=3 sent_tile=Some(WorldTile { x: 3008, z: 3341, level: 0 })
[nav-follow] here=WorldTile { x: 3008, z: 3349, level: 0 } walk=true transport=false leg=6 hops=7 outcome=None
[host] hitch liveja4g6r_0: observe_us=19680 paints=0 skips=2337 ticks=111
[host] slot liveja4g6r_0: d_loop_us=961 d_raster_us=0 d_observe_us=75479 max_observe_us=20864 d_paints=0 d_skips=50 d_ticks=2 window_ms=1155
[nav-walk] here=WorldTile { x: 3008, z: 3351, level: 0 } aim=WorldTile { x: 3010, z: 3355, level: 0 } radius=0 ticks_waited=4 sent_tile=Some(WorldTile { x: 3008, z: 3341, level: 0 })
[nav-follow] here=WorldTile { x: 3008, z: 3351, level: 0 } walk=true transport=false leg=6 hops=7 outcome=None
[host] hitch liveja4g6r_0: observe_us=20139 paints=0 skips=2363 ticks=112
[nav-walk] here=WorldTile { x: 3008, z: 3353, level: 0 } aim=WorldTile { x: 3010, z: 3355, level: 0 } radius=0 ticks_waited=5 sent_tile=Some(WorldTile { x: 3008, z: 3341, level: 0 })
[nav-follow] here=WorldTile { x: 3008, z: 3353, level: 0 } walk=true transport=false leg=6 hops=7 outcome=None
[host] hitch liveja4g6r_0: observe_us=21638 paints=0 skips=2388 ticks=113
[host] slot liveja4g6r_0: d_loop_us=1013 d_raster_us=0 d_observe_us=80342 max_observe_us=21638 d_paints=0 d_skips=50 d_ticks=2 window_ms=1163
[nav-walk] here=WorldTile { x: 3008, z: 3355, level: 0 } aim=WorldTile { x: 3010, z: 3355, level: 0 } radius=0 ticks_waited=6 sent_tile=Some(WorldTile { x: 3008, z: 3341, level: 0 })
[nav-follow] here=WorldTile { x: 3008, z: 3355, level: 0 } walk=true transport=false leg=6 hops=7 outcome=None
[host] hitch liveja4g6r_0: observe_us=19658 paints=0 skips=2415 ticks=114
[nav-walk] here=WorldTile { x: 3008, z: 3357, level: 0 } aim=WorldTile { x: 3010, z: 3355, level: 0 } radius=0 ticks_waited=7 sent_tile=Some(WorldTile { x: 3008, z: 3341, level: 0 })
[nav-follow] here=WorldTile { x: 3008, z: 3357, level: 0 } walk=true transport=false leg=6 hops=7 outcome=None
[host] hitch liveja4g6r_0: observe_us=21682 paints=0 skips=2440 ticks=115
[host] slot liveja4g6r_0: d_loop_us=926 d_raster_us=0 d_observe_us=78438 max_observe_us=21682 d_paints=0 d_skips=50 d_ticks=2 window_ms=1160
[nav-walk] here=WorldTile { x: 3010, z: 3359, level: 0 } aim=WorldTile { x: 3010, z: 3355, level: 0 } radius=0 ticks_waited=8 sent_tile=Some(WorldTile { x: 3008, z: 3341, level: 0 })
[nav-follow] here=WorldTile { x: 3010, z: 3359, level: 0 } walk=true transport=false leg=6 hops=7 outcome=None
[host] hitch liveja4g6r_0: observe_us=19431 paints=0 skips=2466 ticks=116
[nav-walk] here=WorldTile { x: 3012, z: 3359, level: 0 } aim=WorldTile { x: 3010, z: 3355, level: 0 } radius=0 ticks_waited=9 sent_tile=Some(WorldTile { x: 3008, z: 3341, level: 0 })
[nav-follow] here=WorldTile { x: 3012, z: 3359, level: 0 } walk=true transport=false leg=6 hops=7 outcome=None
[host] hitch liveja4g6r_0: observe_us=19550 paints=0 skips=2491 ticks=117
[host] slot liveja4g6r_0: d_loop_us=897 d_raster_us=0 d_observe_us=74567 max_observe_us=19550 d_paints=0 d_skips=50 d_ticks=2 window_ms=1180
[nav-walk] here=WorldTile { x: 3012, z: 3357, level: 0 } aim=WorldTile { x: 3010, z: 3355, level: 0 } radius=0 ticks_waited=10 sent_tile=Some(WorldTile { x: 3008, z: 3341, level: 0 })
[nav-follow] here=WorldTile { x: 3012, z: 3357, level: 0 } walk=true transport=false leg=6 hops=7 outcome=None
[host] hitch liveja4g6r_0: observe_us=18295 paints=0 skips=2517 ticks=118
[nav-walk] here=WorldTile { x: 3011, z: 3356, level: 0 } aim=WorldTile { x: 3010, z: 3355, level: 0 } radius=0 ticks_waited=11 sent_tile=Some(WorldTile { x: 3008, z: 3341, level: 0 })
[nav-follow] here=WorldTile { x: 3011, z: 3356, level: 0 } walk=true transport=false leg=6 hops=7 outcome=None
[host] hitch liveja4g6r_0: observe_us=17661 paints=0 skips=2543 ticks=119
[host] slot liveja4g6r_0: d_loop_us=840 d_raster_us=0 d_observe_us=67569 max_observe_us=18295 d_paints=0 d_skips=50 d_ticks=2 window_ms=1151
[nav-walk] here=WorldTile { x: 3010, z: 3355, level: 0 } aim=WorldTile { x: 3010, z: 3355, level: 0 } radius=0 ticks_waited=12 sent_tile=Some(WorldTile { x: 3008, z: 3341, level: 0 })
[nav-follow] here=WorldTile { x: 3010, z: 3355, level: 0 } walk=false transport=false leg=7 hops=7 outcome=Some(Arrived { at: WorldTile { x: 3010, z: 3355, level: 0 } })
[host] hitch liveja4g6r_0: observe_us=19267 paints=0 skips=2569 ticks=120
[script liveja4g6r_0] interact OpenBooth { x: 3011, z: 3354, level: 0, id: 2213, name: Some("Bank booth"), action: Some("Use-quickly") }
[host] hitch liveja4g6r_0: observe_us=16412 paints=0 skips=2594 ticks=121
[host] slot liveja4g6r_0: d_loop_us=925 d_raster_us=0 d_observe_us=71527 max_observe_us=19267 d_paints=0 d_skips=50 d_ticks=2 window_ms=1182
[host] slot liveja4g6r_0: d_loop_us=1057 d_raster_us=0 d_observe_us=68776 max_observe_us=14974 d_paints=0 d_skips=50 d_ticks=2 window_ms=1187
[host] slot liveja4g6r_0: d_loop_us=947 d_raster_us=0 d_observe_us=64330 max_observe_us=13563 d_paints=0 d_skips=50 d_ticks=2 window_ms=1162
[script liveja4g6r_0] interact Close
[shim-close] sent
[script liveja4g6r_0] interact WalkNear { x: 3029, z: 3294, level: 0, radius: 6, allow_teleports: false }
[host] slot liveja4g6r_0: d_loop_us=923 d_raster_us=0 d_observe_us=56291 max_observe_us=10605 d_paints=0 d_skips=50 d_ticks=2 window_ms=1169
[nav-follow] here=WorldTile { x: 3011, z: 3355, level: 0 } walk=true transport=false leg=0 hops=1 outcome=None
[nav-walk] here=WorldTile { x: 3012, z: 3357, level: 0 } aim=WorldTile { x: 3010, z: 3350, level: 0 } radius=2 ticks_waited=0 sent_tile=Some(WorldTile { x: 3011, z: 3355, level: 0 })
[nav-follow] here=WorldTile { x: 3012, z: 3357, level: 0 } walk=true transport=false leg=0 hops=1 outcome=None
[host] hitch liveja4g6r_0: observe_us=18976 paints=0 skips=2798 ticks=129
[host] slot liveja4g6r_0: d_loop_us=969 d_raster_us=0 d_observe_us=64748 max_observe_us=18976 d_paints=0 d_skips=50 d_ticks=2 window_ms=1183
[nav-walk] here=WorldTile { x: 3012, z: 3359, level: 0 } aim=WorldTile { x: 3010, z: 3350, level: 0 } radius=2 ticks_waited=1 sent_tile=Some(WorldTile { x: 3011, z: 3355, level: 0 })
[nav-follow] here=WorldTile { x: 3012, z: 3359, level: 0 } walk=true transport=false leg=0 hops=1 outcome=None
[host] hitch liveja4g6r_0: observe_us=18482 paints=0 skips=2823 ticks=130
[nav-walk] here=WorldTile { x: 3010, z: 3359, level: 0 } aim=WorldTile { x: 3010, z: 3350, level: 0 } radius=2 ticks_waited=2 sent_tile=Some(WorldTile { x: 3011, z: 3355, level: 0 })
[nav-follow] here=WorldTile { x: 3010, z: 3359, level: 0 } walk=true transport=false leg=0 hops=1 outcome=None
[host] hitch liveja4g6r_0: observe_us=21329 paints=0 skips=2849 ticks=131
[host] slot liveja4g6r_0: d_loop_us=1105 d_raster_us=0 d_observe_us=79383 max_observe_us=21329 d_paints=0 d_skips=50 d_ticks=2 window_ms=1199
[nav-walk] here=WorldTile { x: 3008, z: 3357, level: 0 } aim=WorldTile { x: 3010, z: 3350, level: 0 } radius=2 ticks_waited=3 sent_tile=Some(WorldTile { x: 3011, z: 3355, level: 0 })
[nav-follow] here=WorldTile { x: 3008, z: 3357, level: 0 } walk=true transport=false leg=0 hops=1 outcome=None
[host] hitch liveja4g6r_0: observe_us=19802 paints=0 skips=2875 ticks=132
[host] slot liveja4g6r_0: d_loop_us=958 d_raster_us=0 d_observe_us=55715 max_observe_us=19802 d_paints=0 d_skips=50 d_ticks=2 window_ms=1155
[nav-walk] here=WorldTile { x: 3008, z: 3355, level: 0 } aim=WorldTile { x: 3010, z: 3350, level: 0 } radius=2 ticks_waited=4 sent_tile=Some(WorldTile { x: 3011, z: 3355, level: 0 })
[nav-follow] here=WorldTile { x: 3008, z: 3355, level: 0 } walk=true transport=false leg=0 hops=1 outcome=None
[host] hitch liveja4g6r_0: observe_us=19042 paints=0 skips=2900 ticks=133
[nav-walk] here=WorldTile { x: 3008, z: 3353, level: 0 } aim=WorldTile { x: 3010, z: 3350, level: 0 } radius=2 ticks_waited=5 sent_tile=Some(WorldTile { x: 3011, z: 3355, level: 0 })
[nav-follow] here=WorldTile { x: 3008, z: 3353, level: 0 } walk=true transport=false leg=0 hops=1 outcome=None
[host] hitch liveja4g6r_0: observe_us=22021 paints=0 skips=2925 ticks=134
[host] slot liveja4g6r_0: d_loop_us=1049 d_raster_us=0 d_observe_us=79949 max_observe_us=22021 d_paints=0 d_skips=50 d_ticks=1 window_ms=1180
[nav-walk] here=WorldTile { x: 3009, z: 3351, level: 0 } aim=WorldTile { x: 3010, z: 3350, level: 0 } radius=2 ticks_waited=6 sent_tile=Some(WorldTile { x: 3011, z: 3355, level: 0 })
[nav-follow] here=WorldTile { x: 3009, z: 3351, level: 0 } walk=true transport=false leg=0 hops=2 outcome=None
[host] hitch liveja4g6r_0: observe_us=23786 paints=0 skips=2951 ticks=135
[nav-walk] here=WorldTile { x: 3009, z: 3349, level: 0 } aim=WorldTile { x: 3008, z: 3334, level: 0 } radius=2 ticks_waited=0 sent_tile=Some(WorldTile { x: 3009, z: 3351, level: 0 })
[nav-follow] here=WorldTile { x: 3009, z: 3349, level: 0 } walk=true transport=false leg=0 hops=2 outcome=None
[host] hitch liveja4g6r_0: observe_us=19595 paints=0 skips=2977 ticks=136
[host] slot liveja4g6r_0: d_loop_us=1062 d_raster_us=0 d_observe_us=86562 max_observe_us=23786 d_paints=0 d_skips=50 d_ticks=2 window_ms=1161
[nav-walk] here=WorldTile { x: 3009, z: 3347, level: 0 } aim=WorldTile { x: 3008, z: 3334, level: 0 } radius=2 ticks_waited=1 sent_tile=Some(WorldTile { x: 3009, z: 3351, level: 0 })
[nav-follow] here=WorldTile { x: 3009, z: 3347, level: 0 } walk=true transport=false leg=0 hops=2 outcome=None
[host] hitch liveja4g6r_0: observe_us=20798 paints=0 skips=3003 ticks=137
[nav-walk] here=WorldTile { x: 3009, z: 3345, level: 0 } aim=WorldTile { x: 3008, z: 3334, level: 0 } radius=2 ticks_waited=2 sent_tile=Some(WorldTile { x: 3009, z: 3351, level: 0 })
[nav-follow] here=WorldTile { x: 3009, z: 3345, level: 0 } walk=true transport=false leg=0 hops=2 outcome=None
[host] hitch liveja4g6r_0: observe_us=18361 paints=0 skips=3028 ticks=138
[host] slot liveja4g6r_0: d_loop_us=994 d_raster_us=0 d_observe_us=76411 max_observe_us=20798 d_paints=0 d_skips=50 d_ticks=2 window_ms=1183
[nav-walk] here=WorldTile { x: 3008, z: 3343, level: 0 } aim=WorldTile { x: 3008, z: 3334, level: 0 } radius=2 ticks_waited=3 sent_tile=Some(WorldTile { x: 3009, z: 3351, level: 0 })
[nav-follow] here=WorldTile { x: 3008, z: 3343, level: 0 } walk=true transport=false leg=0 hops=2 outcome=None
[host] hitch liveja4g6r_0: observe_us=25707 paints=0 skips=3053 ticks=139
[nav-walk] here=WorldTile { x: 3008, z: 3341, level: 0 } aim=WorldTile { x: 3008, z: 3334, level: 0 } radius=2 ticks_waited=4 sent_tile=Some(WorldTile { x: 3009, z: 3351, level: 0 })
[nav-follow] here=WorldTile { x: 3008, z: 3341, level: 0 } walk=true transport=false leg=0 hops=2 outcome=None
[host] hitch liveja4g6r_0: observe_us=21597 paints=0 skips=3078 ticks=140
[host] slot liveja4g6r_0: d_loop_us=1033 d_raster_us=0 d_observe_us=87878 max_observe_us=25707 d_paints=0 d_skips=50 d_ticks=2 window_ms=1180
[nav-walk] here=WorldTile { x: 3008, z: 3339, level: 0 } aim=WorldTile { x: 3008, z: 3334, level: 0 } radius=2 ticks_waited=5 sent_tile=Some(WorldTile { x: 3009, z: 3351, level: 0 })
[nav-follow] here=WorldTile { x: 3008, z: 3339, level: 0 } walk=true transport=false leg=0 hops=2 outcome=None
[host] hitch liveja4g6r_0: observe_us=19655 paints=0 skips=3104 ticks=141
[nav-walk] here=WorldTile { x: 3008, z: 3337, level: 0 } aim=WorldTile { x: 3008, z: 3334, level: 0 } radius=2 ticks_waited=6 sent_tile=Some(WorldTile { x: 3009, z: 3351, level: 0 })
[nav-follow] here=WorldTile { x: 3008, z: 3337, level: 0 } walk=true transport=false leg=0 hops=2 outcome=None
[host] hitch liveja4g6r_0: observe_us=19813 paints=0 skips=3130 ticks=142
[host] slot liveja4g6r_0: d_loop_us=1044 d_raster_us=0 d_observe_us=76033 max_observe_us=19813 d_paints=0 d_skips=50 d_ticks=2 window_ms=1162
[nav-walk] here=WorldTile { x: 3008, z: 3335, level: 0 } aim=WorldTile { x: 3008, z: 3334, level: 0 } radius=2 ticks_waited=7 sent_tile=Some(WorldTile { x: 3009, z: 3351, level: 0 })
[nav-follow] here=WorldTile { x: 3008, z: 3335, level: 0 } walk=true transport=false leg=0 hops=3 outcome=None
[host] hitch liveja4g6r_0: observe_us=20653 paints=0 skips=3156 ticks=143
[nav-walk] here=WorldTile { x: 3008, z: 3333, level: 0 } aim=WorldTile { x: 3012, z: 3321, level: 0 } radius=2 ticks_waited=0 sent_tile=Some(WorldTile { x: 3008, z: 3335, level: 0 })
[nav-follow] here=WorldTile { x: 3008, z: 3333, level: 0 } walk=true transport=false leg=0 hops=3 outcome=None
[host] hitch liveja4g6r_0: observe_us=20975 paints=0 skips=3181 ticks=144
[host] slot liveja4g6r_0: d_loop_us=1073 d_raster_us=0 d_observe_us=77623 max_observe_us=20975 d_paints=0 d_skips=50 d_ticks=2 window_ms=1159
[nav-walk] here=WorldTile { x: 3008, z: 3331, level: 0 } aim=WorldTile { x: 3012, z: 3321, level: 0 } radius=2 ticks_waited=1 sent_tile=Some(WorldTile { x: 3008, z: 3335, level: 0 })
[nav-follow] here=WorldTile { x: 3008, z: 3331, level: 0 } walk=true transport=false leg=0 hops=3 outcome=None
[host] hitch liveja4g6r_0: observe_us=20666 paints=0 skips=3207 ticks=145
[nav-walk] here=WorldTile { x: 3008, z: 3329, level: 0 } aim=WorldTile { x: 3012, z: 3321, level: 0 } radius=2 ticks_waited=2 sent_tile=Some(WorldTile { x: 3008, z: 3335, level: 0 })
[nav-follow] here=WorldTile { x: 3008, z: 3329, level: 0 } walk=true transport=false leg=0 hops=3 outcome=None
[host] hitch liveja4g6r_0: observe_us=19253 paints=0 skips=3233 ticks=146
[host] slot liveja4g6r_0: d_loop_us=966 d_raster_us=0 d_observe_us=74863 max_observe_us=20666 d_paints=0 d_skips=50 d_ticks=2 window_ms=1177
[nav-walk] here=WorldTile { x: 3008, z: 3327, level: 0 } aim=WorldTile { x: 3012, z: 3321, level: 0 } radius=2 ticks_waited=3 sent_tile=Some(WorldTile { x: 3008, z: 3335, level: 0 })
[nav-follow] here=WorldTile { x: 3008, z: 3327, level: 0 } walk=true transport=false leg=0 hops=3 outcome=None
[host] hitch liveja4g6r_0: observe_us=22990 paints=0 skips=3258 ticks=147
[nav-walk] here=WorldTile { x: 3008, z: 3325, level: 0 } aim=WorldTile { x: 3012, z: 3321, level: 0 } radius=2 ticks_waited=4 sent_tile=Some(WorldTile { x: 3008, z: 3335, level: 0 })
[nav-follow] here=WorldTile { x: 3008, z: 3325, level: 0 } walk=true transport=false leg=0 hops=3 outcome=None
[host] hitch liveja4g6r_0: observe_us=25177 paints=0 skips=3284 ticks=148
[host] slot liveja4g6r_0: d_loop_us=1141 d_raster_us=0 d_observe_us=90810 max_observe_us=25177 d_paints=0 d_skips=50 d_ticks=2 window_ms=1176
[nav-walk] here=WorldTile { x: 3008, z: 3323, level: 0 } aim=WorldTile { x: 3012, z: 3321, level: 0 } radius=2 ticks_waited=5 sent_tile=Some(WorldTile { x: 3008, z: 3335, level: 0 })
[nav-follow] here=WorldTile { x: 3008, z: 3323, level: 0 } walk=true transport=false leg=0 hops=3 outcome=None
[host] hitch liveja4g6r_0: observe_us=20934 paints=0 skips=3310 ticks=149
[nav-walk] here=WorldTile { x: 3009, z: 3322, level: 0 } aim=WorldTile { x: 3012, z: 3321, level: 0 } radius=2 ticks_waited=6 sent_tile=Some(WorldTile { x: 3008, z: 3335, level: 0 })
[nav-follow] here=WorldTile { x: 3009, z: 3322, level: 0 } walk=true transport=false leg=0 hops=3 outcome=None
[host] hitch liveja4g6r_0: observe_us=22846 paints=0 skips=3336 ticks=150
[host] slot liveja4g6r_0: d_loop_us=977 d_raster_us=0 d_observe_us=82784 max_observe_us=22846 d_paints=0 d_skips=50 d_ticks=2 window_ms=1147
[nav-walk] here=WorldTile { x: 3011, z: 3322, level: 0 } aim=WorldTile { x: 3012, z: 3321, level: 0 } radius=2 ticks_waited=7 sent_tile=Some(WorldTile { x: 3008, z: 3335, level: 0 })
[nav-follow] here=WorldTile { x: 3011, z: 3322, level: 0 } walk=true transport=false leg=0 hops=4 outcome=None
[host] hitch liveja4g6r_0: observe_us=22240 paints=0 skips=3362 ticks=151
[nav-walk] here=WorldTile { x: 3013, z: 3320, level: 0 } aim=WorldTile { x: 3030, z: 3314, level: 0 } radius=0 ticks_waited=0 sent_tile=Some(WorldTile { x: 3011, z: 3322, level: 0 })
[nav-follow] here=WorldTile { x: 3013, z: 3320, level: 0 } walk=true transport=false leg=0 hops=4 outcome=None
[host] hitch liveja4g6r_0: observe_us=21651 paints=0 skips=3387 ticks=152
[host] slot liveja4g6r_0: d_loop_us=891 d_raster_us=0 d_observe_us=79553 max_observe_us=22240 d_paints=0 d_skips=50 d_ticks=2 window_ms=1167
[nav-walk] here=WorldTile { x: 3015, z: 3320, level: 0 } aim=WorldTile { x: 3030, z: 3314, level: 0 } radius=0 ticks_waited=1 sent_tile=Some(WorldTile { x: 3011, z: 3322, level: 0 })
[nav-follow] here=WorldTile { x: 3015, z: 3320, level: 0 } walk=true transport=false leg=0 hops=4 outcome=None
[host] hitch liveja4g6r_0: observe_us=19711 paints=0 skips=3413 ticks=153
[nav-walk] here=WorldTile { x: 3016, z: 3319, level: 0 } aim=WorldTile { x: 3030, z: 3314, level: 0 } radius=0 ticks_waited=2 sent_tile=Some(WorldTile { x: 3011, z: 3322, level: 0 })
[nav-follow] here=WorldTile { x: 3016, z: 3319, level: 0 } walk=true transport=false leg=0 hops=4 outcome=None
[host] hitch liveja4g6r_0: observe_us=22018 paints=0 skips=3439 ticks=154
[host] slot liveja4g6r_0: d_loop_us=1053 d_raster_us=0 d_observe_us=93615 max_observe_us=22018 d_paints=0 d_skips=50 d_ticks=2 window_ms=1157
[nav-walk] here=WorldTile { x: 3018, z: 3318, level: 0 } aim=WorldTile { x: 3030, z: 3314, level: 0 } radius=0 ticks_waited=3 sent_tile=Some(WorldTile { x: 3011, z: 3322, level: 0 })
[nav-follow] here=WorldTile { x: 3018, z: 3318, level: 0 } walk=true transport=false leg=0 hops=4 outcome=None
[host] hitch liveja4g6r_0: observe_us=21556 paints=0 skips=3466 ticks=155
[nav-walk] here=WorldTile { x: 3020, z: 3317, level: 0 } aim=WorldTile { x: 3030, z: 3314, level: 0 } radius=0 ticks_waited=4 sent_tile=Some(WorldTile { x: 3011, z: 3322, level: 0 })
[nav-follow] here=WorldTile { x: 3020, z: 3317, level: 0 } walk=true transport=false leg=0 hops=4 outcome=None
[host] hitch liveja4g6r_0: observe_us=19766 paints=0 skips=3491 ticks=156
[host] slot liveja4g6r_0: d_loop_us=1221 d_raster_us=0 d_observe_us=79716 max_observe_us=21556 d_paints=0 d_skips=50 d_ticks=2 window_ms=1158
[nav-walk] here=WorldTile { x: 3022, z: 3315, level: 0 } aim=WorldTile { x: 3030, z: 3314, level: 0 } radius=0 ticks_waited=5 sent_tile=Some(WorldTile { x: 3011, z: 3322, level: 0 })
[nav-follow] here=WorldTile { x: 3022, z: 3315, level: 0 } walk=true transport=false leg=0 hops=4 outcome=None
[host] hitch liveja4g6r_0: observe_us=20830 paints=0 skips=3517 ticks=157
[nav-walk] here=WorldTile { x: 3024, z: 3315, level: 0 } aim=WorldTile { x: 3030, z: 3314, level: 0 } radius=0 ticks_waited=6 sent_tile=Some(WorldTile { x: 3011, z: 3322, level: 0 })
[nav-follow] here=WorldTile { x: 3024, z: 3315, level: 0 } walk=true transport=false leg=0 hops=4 outcome=None
[host] hitch liveja4g6r_0: observe_us=21709 paints=0 skips=3542 ticks=158
[host] slot liveja4g6r_0: d_loop_us=1021 d_raster_us=0 d_observe_us=80394 max_observe_us=21709 d_paints=0 d_skips=50 d_ticks=2 window_ms=1162
[nav-walk] here=WorldTile { x: 3026, z: 3315, level: 0 } aim=WorldTile { x: 3030, z: 3314, level: 0 } radius=0 ticks_waited=7 sent_tile=Some(WorldTile { x: 3011, z: 3322, level: 0 })
[nav-follow] here=WorldTile { x: 3026, z: 3315, level: 0 } walk=true transport=false leg=0 hops=4 outcome=None
[host] hitch liveja4g6r_0: observe_us=20391 paints=0 skips=3568 ticks=159
[nav-walk] here=WorldTile { x: 3028, z: 3315, level: 0 } aim=WorldTile { x: 3030, z: 3314, level: 0 } radius=0 ticks_waited=8 sent_tile=Some(WorldTile { x: 3011, z: 3322, level: 0 })
[nav-follow] here=WorldTile { x: 3028, z: 3315, level: 0 } walk=true transport=false leg=0 hops=4 outcome=None
[host] hitch liveja4g6r_0: observe_us=22340 paints=0 skips=3594 ticks=160
[host] slot liveja4g6r_0: d_loop_us=963 d_raster_us=0 d_observe_us=79057 max_observe_us=22340 d_paints=0 d_skips=50 d_ticks=2 window_ms=1158
[nav-walk] here=WorldTile { x: 3030, z: 3314, level: 0 } aim=WorldTile { x: 3030, z: 3314, level: 0 } radius=0 ticks_waited=9 sent_tile=Some(WorldTile { x: 3011, z: 3322, level: 0 })
[nav-follow] here=WorldTile { x: 3030, z: 3314, level: 0 } walk=false transport=true leg=1 hops=4 outcome=None
[host] hitch liveja4g6r_0: observe_us=20735 paints=0 skips=3620 ticks=161
[nav-transport] cheap hop walk-through to WorldTile { x: 3031, z: 3312, level: 0 }
[nav-follow] here=WorldTile { x: 3030, z: 3316, level: 0 } walk=false transport=true leg=1 hops=4 outcome=None
[host] hitch liveja4g6r_0: observe_us=18511 paints=0 skips=3646 ticks=162
[host] slot liveja4g6r_0: d_loop_us=1108 d_raster_us=0 d_observe_us=75591 max_observe_us=20735 d_paints=0 d_skips=50 d_ticks=2 window_ms=1170
[nav-transport] cheap hop walk-through to WorldTile { x: 3031, z: 3312, level: 0 }
[nav-follow] here=WorldTile { x: 3030, z: 3318, level: 0 } walk=false transport=true leg=1 hops=4 outcome=None
[host] hitch liveja4g6r_0: observe_us=19168 paints=0 skips=3671 ticks=163
[nav-transport] cheap hop walk-through to WorldTile { x: 3031, z: 3312, level: 0 }
[nav-follow] here=WorldTile { x: 3032, z: 3318, level: 0 } walk=false transport=true leg=1 hops=4 outcome=None
[host] hitch liveja4g6r_0: observe_us=22595 paints=0 skips=3697 ticks=164
[host] slot liveja4g6r_0: d_loop_us=1043 d_raster_us=0 d_observe_us=78799 max_observe_us=22595 d_paints=0 d_skips=50 d_ticks=2 window_ms=1164
[nav-transport] cheap hop walk-through to WorldTile { x: 3031, z: 3312, level: 0 }
[nav-follow] here=WorldTile { x: 3033, z: 3317, level: 0 } walk=false transport=true leg=1 hops=4 outcome=None
[host] hitch liveja4g6r_0: observe_us=18864 paints=0 skips=3722 ticks=165
[nav-transport] cheap hop walk-through to WorldTile { x: 3031, z: 3312, level: 0 }
[nav-follow] here=WorldTile { x: 3033, z: 3315, level: 0 } walk=false transport=true leg=1 hops=4 outcome=None
[host] hitch liveja4g6r_0: observe_us=20983 paints=0 skips=3748 ticks=166
[host] slot liveja4g6r_0: d_loop_us=1094 d_raster_us=0 d_observe_us=76632 max_observe_us=20983 d_paints=0 d_skips=50 d_ticks=2 window_ms=1176
[nav-transport] cheap hop walk-through to WorldTile { x: 3031, z: 3312, level: 0 }
[nav-follow] here=WorldTile { x: 3032, z: 3313, level: 0 } walk=false transport=true leg=1 hops=4 outcome=None
[host] hitch liveja4g6r_0: observe_us=20295 paints=0 skips=3773 ticks=167
[nav-transport] here=WorldTile { x: 3031, z: 3312, level: 0 } to=WorldTile { x: 3031, z: 3312, level: 0 } troll=false ticks_waited=0 loc_id=1551 open=true
[nav-follow] here=WorldTile { x: 3031, z: 3312, level: 0 } walk=true transport=false leg=2 hops=5 outcome=None
[host] hitch liveja4g6r_0: observe_us=21728 paints=0 skips=3799 ticks=168
[host] slot liveja4g6r_0: d_loop_us=1021 d_raster_us=0 d_observe_us=77039 max_observe_us=21728 d_paints=0 d_skips=50 d_ticks=2 window_ms=1208
[nav-walk] here=WorldTile { x: 3031, z: 3310, level: 0 } aim=WorldTile { x: 3023, z: 3300, level: 0 } radius=0 ticks_waited=0 sent_tile=Some(WorldTile { x: 3031, z: 3312, level: 0 })
[nav-follow] here=WorldTile { x: 3031, z: 3310, level: 0 } walk=true transport=false leg=2 hops=5 outcome=None
[host] hitch liveja4g6r_0: observe_us=22323 paints=0 skips=3824 ticks=169
[host] slot liveja4g6r_0: d_loop_us=1157 d_raster_us=0 d_observe_us=68019 max_observe_us=22323 d_paints=0 d_skips=50 d_ticks=2 window_ms=1151
[nav-walk] here=WorldTile { x: 3031, z: 3308, level: 0 } aim=WorldTile { x: 3023, z: 3300, level: 0 } radius=0 ticks_waited=1 sent_tile=Some(WorldTile { x: 3031, z: 3312, level: 0 })
[nav-follow] here=WorldTile { x: 3031, z: 3308, level: 0 } walk=true transport=false leg=2 hops=5 outcome=None
[host] hitch liveja4g6r_0: observe_us=18364 paints=0 skips=3850 ticks=170
[nav-walk] here=WorldTile { x: 3029, z: 3306, level: 0 } aim=WorldTile { x: 3023, z: 3300, level: 0 } radius=0 ticks_waited=2 sent_tile=Some(WorldTile { x: 3031, z: 3312, level: 0 })
[nav-follow] here=WorldTile { x: 3029, z: 3306, level: 0 } walk=true transport=false leg=2 hops=5 outcome=None
[host] hitch liveja4g6r_0: observe_us=18411 paints=0 skips=3876 ticks=171
[host] slot liveja4g6r_0: d_loop_us=1058 d_raster_us=0 d_observe_us=72023 max_observe_us=18411 d_paints=0 d_skips=50 d_ticks=1 window_ms=1155
[nav-walk] here=WorldTile { x: 3027, z: 3304, level: 0 } aim=WorldTile { x: 3023, z: 3300, level: 0 } radius=0 ticks_waited=3 sent_tile=Some(WorldTile { x: 3031, z: 3312, level: 0 })
[nav-follow] here=WorldTile { x: 3027, z: 3304, level: 0 } walk=true transport=false leg=2 hops=5 outcome=None
[host] hitch liveja4g6r_0: observe_us=19494 paints=0 skips=3902 ticks=172
[nav-walk] here=WorldTile { x: 3025, z: 3302, level: 0 } aim=WorldTile { x: 3023, z: 3300, level: 0 } radius=0 ticks_waited=4 sent_tile=Some(WorldTile { x: 3031, z: 3312, level: 0 })
[nav-follow] here=WorldTile { x: 3025, z: 3302, level: 0 } walk=true transport=false leg=2 hops=5 outcome=None
[host] hitch liveja4g6r_0: observe_us=18089 paints=0 skips=3927 ticks=173
[host] slot liveja4g6r_0: d_loop_us=1174 d_raster_us=0 d_observe_us=72005 max_observe_us=19494 d_paints=0 d_skips=50 d_ticks=2 window_ms=1185
[nav-walk] here=WorldTile { x: 3023, z: 3300, level: 0 } aim=WorldTile { x: 3023, z: 3300, level: 0 } radius=0 ticks_waited=5 sent_tile=Some(WorldTile { x: 3031, z: 3312, level: 0 })
[nav-follow] here=WorldTile { x: 3023, z: 3300, level: 0 } walk=false transport=false leg=3 hops=5 outcome=Some(Arrived { at: WorldTile { x: 3023, z: 3300, level: 0 } })
[host] hitch liveja4g6r_0: observe_us=22292 paints=0 skips=3952 ticks=174
[script liveja4g6r_0] periodic bank: completed
[script liveja4g6r_0] interact Npc { name: "Chicken", action: "Attack", index: Some(462) }
[host] slot liveja4g6r_0: d_loop_us=1194 d_raster_us=0 d_observe_us=72656 max_observe_us=22292 d_paints=0 d_skips=50 d_ticks=2 window_ms=1177
[host] hitch liveja4g6r_0: observe_us=18645 paints=0 skips=4003 ticks=176
[host] hitch liveja4g6r_0: observe_us=21187 paints=0 skips=4028 ticks=177
[host] slot liveja4g6r_0: d_loop_us=1158 d_raster_us=0 d_observe_us=75845 max_observe_us=21187 d_paints=0 d_skips=50 d_ticks=2 window_ms=1190
[host] hitch liveja4g6r_0: observe_us=18154 paints=0 skips=4068 ticks=179
[host] hitch liveja4g6r_0: observe_us=16881 paints=0 skips=4095 ticks=180
[host] slot liveja4g6r_0: d_loop_us=9602 d_raster_us=0 d_observe_us=106956 max_observe_us=18154 d_paints=0 d_skips=50 d_ticks=3 window_ms=1397
[host] hitch liveja4g6r_0: observe_us=16780 paints=0 skips=4121 ticks=181
[host] hitch liveja4g6r_0: observe_us=19610 paints=0 skips=4147 ticks=182
[host] slot liveja4g6r_0: d_loop_us=1354 d_raster_us=0 d_observe_us=75837 max_observe_us=19610 d_paints=0 d_skips=50 d_ticks=2 window_ms=1155
[host] slot liveja4g6r_0: d_loop_us=1114 d_raster_us=0 d_observe_us=62771 max_observe_us=15886 d_paints=0 d_skips=50 d_ticks=2 window_ms=1177
[script liveja4g6r_0] can't engage Chicken — a shut gate/fence in the way; walking through it
[script liveja4g6r_0] interact Npc { name: "Chicken", action: "Attack", index: Some(458) }
[host] slot liveja4g6r_0: d_loop_us=1240 d_raster_us=0 d_observe_us=52470 max_observe_us=10964 d_paints=0 d_skips=50 d_ticks=2 window_ms=1157
[host] hitch liveja4g6r_0: observe_us=17722 paints=0 skips=4250 ticks=186
[host] hitch liveja4g6r_0: observe_us=17684 paints=0 skips=4275 ticks=187
[host] slot liveja4g6r_0: d_loop_us=1141 d_raster_us=0 d_observe_us=77462 max_observe_us=17722 d_paints=0 d_skips=50 d_ticks=1 window_ms=1169
[host] hitch liveja4g6r_0: observe_us=16523 paints=0 skips=4327 ticks=189
[host] slot liveja4g6r_0: d_loop_us=1164 d_raster_us=0 d_observe_us=61341 max_observe_us=16523 d_paints=0 d_skips=50 d_ticks=2 window_ms=1180
[host] hitch liveja4g6r_0: observe_us=16322 paints=0 skips=4378 ticks=191
PASS: catalog_boundary_live: {"scenario":"chicken_killer_bank","runner":"Some(Evidence { scenario: \"chicken_killer_bank\", outcome: \"PASS\", predicate: \"has_item_id(314)>=1\", ticks: 244, elapsed_ms: 125502, message: None, tile: Some([3018, 3285, 0]), inv: [InvRow { id: 314, name: Some(\"Feather\"), count: 15 }], stat: Some(StatRow { runenergy: 29 }), chat: [ChatRow { text: \"Inventory wiped.\", username: None }, ChatRow { text: \"set tutorial: to 1000\", username: None }, ChatRow { text: \"Welcome to RuneScape.\", username: None }], scene: 2 })","core":{"case":"chicken_killer_bank","baseline":{"ingame":true,"scene_state":2,"player":"Liveja4g6r 0","tile":[3029,3294,0],"tick":15,"items":{},"item_ids":{},"bank":{},"bank_ids":{},"bank_open":false,"bank_loaded":false,"bank_generation":0,"levels":{"-unused-":0,"agility":1,"attack":30,"cooking":1,"crafting":1,"defence":1,"firemaking":1,"fishing":1,"fletching":1,"herblore":1,"hitpoints":10,"magic":1,"mining":1,"prayer":1,"ranged":1,"runecraft":1,"slayer":1,"smithing":1,"strength":30,"thieving":1,"woodcutting":1},"xp":{"-unused-":0,"agility":0,"attack":13363,"cooking":0,"crafting":0,"defence":0,"firemaking":0,"fishing":0,"fletching":0,"herblore":0,"hitpoints":1154,"magic":0,"mining":0,"prayer":0,"ranged":0,"runecraft":0,"slayer":0,"smithing":0,"strength":13363,"thieving":0,"woodcutting":0},"chat":[[7,"Inventory wiped."],[6,"set tutorial: to 1000"],[5,"Welcome to RuneScape."]],"loc_facts":[{"id":1530,"x":3022,"z":3296,"level":0,"name":"Door","open":true},{"id":1530,"x":3024,"z":3291,"level":0,"name":"Door","open":true},{"id":1530,"x":3026,"z":3287,"level":0,"name":"Door","open":true},{"id":1530,"x":3026,"z":3292,"level":0,"name":"Door","open":true},{"id":1530,"x":3029,"z":3292,"level":0,"name":"Door","open":true},{"id":1530,"x":3034,"z":3291,"level":0,"name":"Door","open":true}],"equipment_ids":{}},"latest":{"ingame":true,"scene_state":2,"player":"Liveja4g6r 0","tile":[3018,3285,0],"tick":191,"items":{"Feather":15},"item_ids":{"314":15},"bank":{},"bank_ids":{},"bank_open":false,"bank_loaded":false,"bank_generation":2,"levels":{"-unused-":0,"agility":1,"attack":30,"cooking":1,"crafting":1,"defence":1,"firemaking":1,"fishing":1,"fletching":1,"herblore":1,"hitpoints":10,"magic":1,"mining":1,"prayer":1,"ranged":1,"runecraft":1,"slayer":1,"smithing":1,"strength":30,"thieving":1,"woodcutting":1},"xp":{"-unused-":0,"agility":0,"attack":13363,"cooking":0,"crafting":0,"defence":0,"firemaking":0,"fishing":0,"fletching":0,"herblore":0,"hitpoints":1164,"magic":0,"mining":0,"prayer":0,"ranged":0,"runecraft":0,"slayer":0,"smithing":0,"strength":13395,"thieving":0,"woodcutting":0},"chat":[[7,"Inventory wiped."],[6,"set tutorial: to 1000"],[5,"Welcome to RuneScape."]],"loc_facts":[{"id":1531,"x":3021,"z":3293,"level":0,"name":"Door","open":false},{"id":1530,"x":3024,"z":3291,"level":0,"name":"Door","open":true},{"id":1531,"x":3025,"z":3292,"level":0,"name":"Door","open":false},{"id":1530,"x":3026,"z":3287,"level":0,"name":"Door","open":true}],"equipment_ids":{}},"max_items":{"Feather":15},"max_xp":{"-unused-":0,"agility":0,"attack":13363,"cooking":0,"crafting":0,"defence":0,"firemaking":0,"fishing":0,"fletching":0,"herblore":0,"hitpoints":1164,"magic":0,"mining":0,"prayer":0,"ranged":0,"runecraft":0,"slayer":0,"smithing":0,"strength":13395,"thieving":0,"woodcutting":0},"saw_bury_chat":false,"post_start_observations":4272,"bone_bank_cycle":{"first_batch_buried":false,"opened":null,"withdrawn":null,"buried_after_withdrawal":false},"bank_fletcher_cycle":{"first_pack_created":false,"deposited":null,"withdrawn":null,"crafted_after_withdrawal":false},"bank_fletcher_string_cycle":{"initial_pairs_strung":false,"deposited":null,"withdrawn":null,"strung_after_withdrawal":false},"bank_fletcher_cut_string_cycle":{"cut_pair_created":false,"deposited":null,"withdrawn":null,"string_pair_created":false},"alcher_generated_custom_cycle":{"withdrawn":null,"consumed":false},"dart_fletcher_cycle":{"first":null,"further":false,"wrong_tier":false},"herb_cleaner_cycle":{"first_pack":false,"deposited":null,"withdrawn":null,"cleaned_after_withdrawal":false,"filter_violated":false},"gem_cutter_cycle":{"first_pack":false,"deposited":null,"withdrawn":null,"cut_after_withdrawal":false,"filter_violated":false},"door_opener_cycle":{"selected":null,"opened":false},"gnome_course_cycle":{"log":null,"ground_return":null,"pipe":null,"second_lap":false},"flax_picker_cycle":{"first_pack":false,"deposited":null,"returned":false,"further":false},"superheater_cycle":{"first_bars":false,"deposited":null,"withdrawn":null,"produced_after_withdrawal":false,"wrong_product":false,"wrong_staff":false},"chicken_killer_bank_cycle":{"combat_loot":true,"deposited":{"ingame":true,"scene_state":2,"player":"Liveja4g6r 0","tile":[3011,3355,0],"tick":124,"items":{},"item_ids":{},"bank":{"Feather":15},"bank_ids":{"314":15},"bank_open":true,"bank_loaded":true,"bank_generation":1,"levels":{"-unused-":0,"agility":1,"attack":30,"cooking":1,"crafting":1,"defence":1,"firemaking":1,"fishing":1,"fletching":1,"herblore":1,"hitpoints":10,"magic":1,"mining":1,"prayer":1,"ranged":1,"runecraft":1,"slayer":1,"smithing":1,"strength":30,"thieving":1,"woodcutting":1},"xp":{"-unused-":0,"agility":0,"attack":13363,"cooking":0,"crafting":0,"defence":0,"firemaking":0,"fishing":0,"fletching":0,"herblore":0,"hitpoints":1157,"magic":0,"mining":0,"prayer":0,"ranged":0,"runecraft":0,"slayer":0,"smithing":0,"strength":13375,"thieving":0,"woodcutting":0},"chat":[[7,"Inventory wiped."],[6,"set tutorial: to 1000"],[5,"Welcome to RuneScape."]],"loc_facts":[],"equipment_ids":{}},"returned":true,"further":true},"vial_filler_cycle":{"filled":null,"deposited":null,"withdrawn":null,"returned":false,"further":false},"potion_maker_cycle":{"unfinished":null,"finished":null,"deposited":null,"withdrawn":null,"further":false,"wrong_product":false,"filter_violated":false},"ordered_first_exhausted":false}}
test catalog_boundary_live ... ok

test result: ok. 1 passed; 0 failed; 0 ignored; 0 measured; 23 filtered out; finished in 128.64s

