
running 1 test
{"phase":"identity","revision":289,"profile":"local-289 · 127.0.0.1:44594 · revision 289","cache_id":"c4d8ab36bcfd2a7907535b4f619e28623b0a22e98d496fd2a9620d544c5b5b09","nav_pack":"/Users/acfrazier/experiments/274bot/.worktrees/rs2b0t-multirevision/.superpowers/world-capabilities/289/274bot.navpack","nav_sha256":"131db92e32eddcb08148909d477589544320fe7e34a422e8004e97e888032924","catalog_commit":"100adccc037d9f6898080e1cad58fcfc43364775","catalog_identity":"pre-289 frozen catalog","catalog_read_only_path":".superpowers/inputs/rs2b0t-100adccc037d9f6898080e1cad58fcfc43364775","catalog_root":"/Users/acfrazier/experiments/274bot/.worktrees/rs2b0t-multirevision/.superpowers/inputs/rs2b0t-100adccc037d9f6898080e1cad58fcfc43364775","registry_path":"/Users/acfrazier/experiments/274bot/.worktrees/rs2b0t-multirevision/.superpowers/inputs/rs2b0t-100adccc037d9f6898080e1cad58fcfc43364775/src/bot/scripts/index.ts","registry_sha256":"b614aedb3d5adfdfbac3760f082273f3cf5c33fffe4ced0f2b01490ae02d1bc2","card":{"card":"RuneCrafter","source_path":"/Users/acfrazier/experiments/274bot/.worktrees/rs2b0t-multirevision/.superpowers/inputs/rs2b0t-100adccc037d9f6898080e1cad58fcfc43364775/src/bot/scripts/RuneCrafter/RuneCrafter.ts","source_sha256":"a944049b42ee5adf882aaf119fb7b7f4604b63e2d07ff34e2db6dbf9e3954843","compiled_sha256":"58a0b8a615ed0d4c1b043c3d83c966316c208f03b327667a08e4ea89e68703d5","siblings":[],"settings":{"rune":"Air runes","mode":"Solo","partner":""}},"account":"livedidr8g_0","engine_speed_ms":null}
[host-play] slot livedidr8g_0: thread up
274bot: snapshot load skipped: read /Users/acfrazier/.274bot/unpack-289/37214163f1e6ceca/models.bin: No such file or directory (os error 2)
[host-play] slot livedidr8g_0: handshake begin reconnect=false
[host-play] slot livedidr8g_0: handshake ok
[host-play] slot livedidr8g_0: queued mainland tele+setvar (scene 2)
[host] slot livedidr8g_0: d_loop_us=7421 d_raster_us=0 d_observe_us=28655 max_observe_us=1844 d_paints=0 d_skips=50 d_ticks=1 window_ms=0
[host-play] slot livedidr8g_0: handshake begin reconnect=true
[host-play] slot livedidr8g_0: handshake ok
[host] slot livedidr8g_0: d_loop_us=949 d_raster_us=0 d_observe_us=37265 max_observe_us=2541 d_paints=0 d_skips=50 d_ticks=1 window_ms=0
[host-play] slot livedidr8g_0: queued mainland tele+setvar (scene 2)
[host] slot livedidr8g_0: d_loop_us=23034 d_raster_us=0 d_observe_us=79968 max_observe_us=6179 d_paints=0 d_skips=50 d_ticks=25 window_ms=14928
{"phase":"baseline-after-preparation","scenario":"rune_crafter","account":"livedidr8g_0","observation":{"ingame":true,"scene_state":2,"player":"Livedidr8g 0","tile":[3012,3355,0],"tick":30,"items":{},"item_ids":{},"bank":{},"bank_ids":{},"bank_open":false,"bank_loaded":false,"bank_generation":2,"levels":{"-unused-":0,"agility":1,"attack":1,"cooking":1,"crafting":1,"defence":1,"firemaking":1,"fishing":1,"fletching":1,"herblore":1,"hitpoints":10,"magic":1,"mining":1,"prayer":1,"ranged":1,"runecraft":1,"slayer":1,"smithing":1,"strength":1,"thieving":1,"woodcutting":1},"xp":{"-unused-":0,"agility":0,"attack":0,"cooking":0,"crafting":0,"defence":0,"firemaking":0,"fishing":0,"fletching":0,"herblore":0,"hitpoints":1154,"magic":0,"mining":0,"prayer":0,"ranged":0,"runecraft":0,"slayer":0,"smithing":0,"strength":0,"thieving":0,"woodcutting":0},"chat":[[7,"Inventory wiped."],[6,"set tutorial: to 1000"],[5,"Welcome to RuneScape."]],"loc_facts":[],"equipment_ids":{},"main_modal":-1,"widget_ids":[3213,3214]}}
[script livedidr8g_0] start load
{"phase":"start","account":"livedidr8g_0","count":1}
[host] hitch livedidr8g_0: observe_us=95464 paints=0 skips=106 ticks=30
[script livedidr8g_0] RuneCrafter starting — Air runes, ruins (2988, 3294, 0), bank (3013, 3355, 0)
[script livedidr8g_0] heading to the bank
[script livedidr8g_0] interact OpenBooth { x: 3011, z: 3354, level: 0, id: 2213, name: Some("Bank booth"), action: Some("Use-quickly") }
[host] hitch livedidr8g_0: observe_us=20879 paints=0 skips=128 ticks=32
[host] slot livedidr8g_0: d_loop_us=997 d_raster_us=0 d_observe_us=168429 max_observe_us=95464 d_paints=0 d_skips=50 d_ticks=6 window_ms=4196
[script livedidr8g_0] interact SetNoteMode { on: false }
[shim-note] on=false sent
[host] slot livedidr8g_0: d_loop_us=932 d_raster_us=0 d_observe_us=81812 max_observe_us=13297 d_paints=0 d_skips=50 d_ticks=3 window_ms=1289
[host] slot livedidr8g_0: d_loop_us=818 d_raster_us=0 d_observe_us=61535 max_observe_us=11474 d_paints=0 d_skips=50 d_ticks=2 window_ms=1341
[host] slot livedidr8g_0: d_loop_us=901 d_raster_us=0 d_observe_us=64834 max_observe_us=11482 d_paints=0 d_skips=50 d_ticks=2 window_ms=1287
[script livedidr8g_0] withdrew a Air talisman
[host] slot livedidr8g_0: d_loop_us=880 d_raster_us=0 d_observe_us=60420 max_observe_us=11641 d_paints=0 d_skips=50 d_ticks=2 window_ms=1291
[script livedidr8g_0] withdrew 27 rune essence (trip 1)
[host] slot livedidr8g_0: d_loop_us=877 d_raster_us=0 d_observe_us=64520 max_observe_us=12289 d_paints=0 d_skips=50 d_ticks=2 window_ms=1296
[script livedidr8g_0] heading to the mysterious ruins
[script livedidr8g_0] interact WalkNear { x: 2988, z: 3294, level: 0, radius: 1, allow_teleports: false }
[nav-follow] here=WorldTile { x: 3011, z: 3355, level: 0 } walk=true transport=false leg=0 hops=1 outcome=None
[host] slot livedidr8g_0: d_loop_us=871 d_raster_us=0 d_observe_us=64893 max_observe_us=11289 d_paints=0 d_skips=50 d_ticks=3 window_ms=1322
[nav-walk] here=WorldTile { x: 3012, z: 3357, level: 0 } aim=WorldTile { x: 3010, z: 3350, level: 0 } radius=2 ticks_waited=0 sent_tile=Some(WorldTile { x: 3011, z: 3355, level: 0 })
[nav-follow] here=WorldTile { x: 3012, z: 3357, level: 0 } walk=true transport=false leg=0 hops=1 outcome=None
[host] hitch livedidr8g_0: observe_us=25162 paints=0 skips=450 ticks=46
[nav-walk] here=WorldTile { x: 3012, z: 3359, level: 0 } aim=WorldTile { x: 3010, z: 3350, level: 0 } radius=2 ticks_waited=1 sent_tile=Some(WorldTile { x: 3011, z: 3355, level: 0 })
[nav-follow] here=WorldTile { x: 3012, z: 3359, level: 0 } walk=true transport=false leg=0 hops=1 outcome=None
[host] hitch livedidr8g_0: observe_us=24399 paints=0 skips=474 ticks=47
[nav-walk] here=WorldTile { x: 3010, z: 3359, level: 0 } aim=WorldTile { x: 3010, z: 3350, level: 0 } radius=2 ticks_waited=2 sent_tile=Some(WorldTile { x: 3011, z: 3355, level: 0 })
[nav-follow] here=WorldTile { x: 3010, z: 3359, level: 0 } walk=true transport=false leg=0 hops=1 outcome=None
[host] hitch livedidr8g_0: observe_us=17849 paints=0 skips=497 ticks=48
[host] slot livedidr8g_0: d_loop_us=865 d_raster_us=0 d_observe_us=111079 max_observe_us=25162 d_paints=0 d_skips=50 d_ticks=2 window_ms=1269
[nav-walk] here=WorldTile { x: 3008, z: 3357, level: 0 } aim=WorldTile { x: 3010, z: 3350, level: 0 } radius=2 ticks_waited=3 sent_tile=Some(WorldTile { x: 3011, z: 3355, level: 0 })
[nav-follow] here=WorldTile { x: 3008, z: 3357, level: 0 } walk=true transport=false leg=0 hops=1 outcome=None
[host] hitch livedidr8g_0: observe_us=19723 paints=0 skips=521 ticks=49
[nav-walk] here=WorldTile { x: 3008, z: 3355, level: 0 } aim=WorldTile { x: 3010, z: 3350, level: 0 } radius=2 ticks_waited=4 sent_tile=Some(WorldTile { x: 3011, z: 3355, level: 0 })
[nav-follow] here=WorldTile { x: 3008, z: 3355, level: 0 } walk=true transport=false leg=0 hops=1 outcome=None
[host] hitch livedidr8g_0: observe_us=23387 paints=0 skips=544 ticks=50
[host] slot livedidr8g_0: d_loop_us=945 d_raster_us=0 d_observe_us=82796 max_observe_us=23387 d_paints=0 d_skips=50 d_ticks=2 window_ms=1285
[nav-walk] here=WorldTile { x: 3008, z: 3353, level: 0 } aim=WorldTile { x: 3010, z: 3350, level: 0 } radius=2 ticks_waited=5 sent_tile=Some(WorldTile { x: 3011, z: 3355, level: 0 })
[nav-follow] here=WorldTile { x: 3008, z: 3353, level: 0 } walk=true transport=false leg=0 hops=1 outcome=None
[host] hitch livedidr8g_0: observe_us=18878 paints=0 skips=567 ticks=51
[nav-walk] here=WorldTile { x: 3009, z: 3351, level: 0 } aim=WorldTile { x: 3010, z: 3350, level: 0 } radius=2 ticks_waited=6 sent_tile=Some(WorldTile { x: 3011, z: 3355, level: 0 })
[nav-follow] here=WorldTile { x: 3009, z: 3351, level: 0 } walk=true transport=false leg=0 hops=2 outcome=None
[host] hitch livedidr8g_0: observe_us=23595 paints=0 skips=590 ticks=52
[host] slot livedidr8g_0: d_loop_us=930 d_raster_us=0 d_observe_us=83518 max_observe_us=23595 d_paints=0 d_skips=50 d_ticks=2 window_ms=1314
[nav-walk] here=WorldTile { x: 3009, z: 3349, level: 0 } aim=WorldTile { x: 3008, z: 3334, level: 0 } radius=2 ticks_waited=0 sent_tile=Some(WorldTile { x: 3009, z: 3351, level: 0 })
[nav-follow] here=WorldTile { x: 3009, z: 3349, level: 0 } walk=true transport=false leg=0 hops=2 outcome=None
[host] hitch livedidr8g_0: observe_us=22770 paints=0 skips=612 ticks=53
[nav-walk] here=WorldTile { x: 3009, z: 3347, level: 0 } aim=WorldTile { x: 3008, z: 3334, level: 0 } radius=2 ticks_waited=1 sent_tile=Some(WorldTile { x: 3009, z: 3351, level: 0 })
[nav-follow] here=WorldTile { x: 3009, z: 3347, level: 0 } walk=true transport=false leg=0 hops=2 outcome=None
[host] hitch livedidr8g_0: observe_us=19099 paints=0 skips=635 ticks=54
[host] slot livedidr8g_0: d_loop_us=1039 d_raster_us=0 d_observe_us=78377 max_observe_us=22770 d_paints=0 d_skips=50 d_ticks=2 window_ms=1312
[nav-walk] here=WorldTile { x: 3009, z: 3345, level: 0 } aim=WorldTile { x: 3008, z: 3334, level: 0 } radius=2 ticks_waited=2 sent_tile=Some(WorldTile { x: 3009, z: 3351, level: 0 })
[nav-follow] here=WorldTile { x: 3009, z: 3345, level: 0 } walk=true transport=false leg=0 hops=2 outcome=None
[host] hitch livedidr8g_0: observe_us=17809 paints=0 skips=658 ticks=55
[nav-walk] here=WorldTile { x: 3008, z: 3343, level: 0 } aim=WorldTile { x: 3008, z: 3334, level: 0 } radius=2 ticks_waited=3 sent_tile=Some(WorldTile { x: 3009, z: 3351, level: 0 })
[nav-follow] here=WorldTile { x: 3008, z: 3343, level: 0 } walk=true transport=false leg=0 hops=2 outcome=None
[host] hitch livedidr8g_0: observe_us=20194 paints=0 skips=681 ticks=56
[host] slot livedidr8g_0: d_loop_us=1183 d_raster_us=0 d_observe_us=75607 max_observe_us=20194 d_paints=0 d_skips=50 d_ticks=2 window_ms=1299
[nav-walk] here=WorldTile { x: 3008, z: 3341, level: 0 } aim=WorldTile { x: 3008, z: 3334, level: 0 } radius=2 ticks_waited=4 sent_tile=Some(WorldTile { x: 3009, z: 3351, level: 0 })
[nav-follow] here=WorldTile { x: 3008, z: 3341, level: 0 } walk=true transport=false leg=0 hops=2 outcome=None
[host] hitch livedidr8g_0: observe_us=17071 paints=0 skips=704 ticks=57
[nav-walk] here=WorldTile { x: 3008, z: 3339, level: 0 } aim=WorldTile { x: 3008, z: 3334, level: 0 } radius=2 ticks_waited=5 sent_tile=Some(WorldTile { x: 3009, z: 3351, level: 0 })
[nav-follow] here=WorldTile { x: 3008, z: 3339, level: 0 } walk=true transport=false leg=0 hops=2 outcome=None
[host] hitch livedidr8g_0: observe_us=17924 paints=0 skips=727 ticks=58
[host] slot livedidr8g_0: d_loop_us=1030 d_raster_us=0 d_observe_us=67764 max_observe_us=17924 d_paints=0 d_skips=50 d_ticks=3 window_ms=1313
[nav-walk] here=WorldTile { x: 3008, z: 3337, level: 0 } aim=WorldTile { x: 3008, z: 3334, level: 0 } radius=2 ticks_waited=6 sent_tile=Some(WorldTile { x: 3009, z: 3351, level: 0 })
[nav-follow] here=WorldTile { x: 3008, z: 3337, level: 0 } walk=true transport=false leg=0 hops=2 outcome=None
[host] hitch livedidr8g_0: observe_us=22666 paints=0 skips=750 ticks=59
[nav-walk] here=WorldTile { x: 3008, z: 3335, level: 0 } aim=WorldTile { x: 3008, z: 3334, level: 0 } radius=2 ticks_waited=7 sent_tile=Some(WorldTile { x: 3009, z: 3351, level: 0 })
[nav-follow] here=WorldTile { x: 3008, z: 3335, level: 0 } walk=true transport=false leg=0 hops=3 outcome=None
[host] hitch livedidr8g_0: observe_us=31740 paints=0 skips=772 ticks=60
[nav-walk] here=WorldTile { x: 3008, z: 3333, level: 0 } aim=WorldTile { x: 3001, z: 3318, level: 0 } radius=2 ticks_waited=0 sent_tile=Some(WorldTile { x: 3008, z: 3335, level: 0 })
[nav-follow] here=WorldTile { x: 3008, z: 3333, level: 0 } walk=true transport=false leg=0 hops=3 outcome=None
[host] hitch livedidr8g_0: observe_us=19809 paints=0 skips=794 ticks=61
[host] slot livedidr8g_0: d_loop_us=1012 d_raster_us=0 d_observe_us=110524 max_observe_us=31740 d_paints=0 d_skips=50 d_ticks=2 window_ms=1357
[nav-walk] here=WorldTile { x: 3008, z: 3331, level: 0 } aim=WorldTile { x: 3001, z: 3318, level: 0 } radius=2 ticks_waited=1 sent_tile=Some(WorldTile { x: 3008, z: 3335, level: 0 })
[nav-follow] here=WorldTile { x: 3008, z: 3331, level: 0 } walk=true transport=false leg=0 hops=3 outcome=None
[host] hitch livedidr8g_0: observe_us=22564 paints=0 skips=816 ticks=62
[nav-walk] here=WorldTile { x: 3008, z: 3329, level: 0 } aim=WorldTile { x: 3001, z: 3318, level: 0 } radius=2 ticks_waited=2 sent_tile=Some(WorldTile { x: 3008, z: 3335, level: 0 })
[nav-follow] here=WorldTile { x: 3008, z: 3329, level: 0 } walk=true transport=false leg=0 hops=3 outcome=None
[host] hitch livedidr8g_0: observe_us=24205 paints=0 skips=839 ticks=63
[host] slot livedidr8g_0: d_loop_us=984 d_raster_us=0 d_observe_us=80114 max_observe_us=24205 d_paints=0 d_skips=50 d_ticks=2 window_ms=1333
[nav-walk] here=WorldTile { x: 3008, z: 3327, level: 0 } aim=WorldTile { x: 3001, z: 3318, level: 0 } radius=2 ticks_waited=3 sent_tile=Some(WorldTile { x: 3008, z: 3335, level: 0 })
[nav-follow] here=WorldTile { x: 3008, z: 3327, level: 0 } walk=true transport=false leg=0 hops=3 outcome=None
[host] hitch livedidr8g_0: observe_us=17313 paints=0 skips=862 ticks=64
[nav-walk] here=WorldTile { x: 3008, z: 3325, level: 0 } aim=WorldTile { x: 3001, z: 3318, level: 0 } radius=2 ticks_waited=4 sent_tile=Some(WorldTile { x: 3008, z: 3335, level: 0 })
[nav-follow] here=WorldTile { x: 3008, z: 3325, level: 0 } walk=true transport=false leg=0 hops=3 outcome=None
[host] hitch livedidr8g_0: observe_us=24189 paints=0 skips=887 ticks=65
[host] slot livedidr8g_0: d_loop_us=1036 d_raster_us=0 d_observe_us=75660 max_observe_us=24189 d_paints=0 d_skips=50 d_ticks=2 window_ms=1202
[nav-walk] here=WorldTile { x: 3006, z: 3323, level: 0 } aim=WorldTile { x: 3001, z: 3318, level: 0 } radius=2 ticks_waited=5 sent_tile=Some(WorldTile { x: 3008, z: 3335, level: 0 })
[nav-follow] here=WorldTile { x: 3006, z: 3323, level: 0 } walk=true transport=false leg=0 hops=3 outcome=None
[host] hitch livedidr8g_0: observe_us=20610 paints=0 skips=912 ticks=66
[nav-walk] here=WorldTile { x: 3004, z: 3321, level: 0 } aim=WorldTile { x: 3001, z: 3318, level: 0 } radius=2 ticks_waited=6 sent_tile=Some(WorldTile { x: 3008, z: 3335, level: 0 })
[nav-follow] here=WorldTile { x: 3004, z: 3321, level: 0 } walk=true transport=false leg=0 hops=3 outcome=None
[host] hitch livedidr8g_0: observe_us=22962 paints=0 skips=937 ticks=67
[host] slot livedidr8g_0: d_loop_us=941 d_raster_us=0 d_observe_us=77653 max_observe_us=22962 d_paints=0 d_skips=50 d_ticks=2 window_ms=1197
[nav-walk] here=WorldTile { x: 3001, z: 3318, level: 0 } aim=WorldTile { x: 3001, z: 3318, level: 0 } radius=2 ticks_waited=7 sent_tile=Some(WorldTile { x: 3008, z: 3335, level: 0 })
[nav-follow] here=WorldTile { x: 3001, z: 3318, level: 0 } walk=true transport=false leg=0 hops=4 outcome=None
[host] hitch livedidr8g_0: observe_us=17373 paints=0 skips=988 ticks=69
[host] slot livedidr8g_0: d_loop_us=8823 d_raster_us=0 d_observe_us=90244 max_observe_us=17373 d_paints=0 d_skips=50 d_ticks=2 window_ms=1189
[nav-walk] here=WorldTile { x: 3001, z: 3316, level: 0 } aim=WorldTile { x: 2995, z: 3302, level: 0 } radius=2 ticks_waited=0 sent_tile=Some(WorldTile { x: 3001, z: 3318, level: 0 })
[nav-follow] here=WorldTile { x: 3001, z: 3316, level: 0 } walk=true transport=false leg=0 hops=4 outcome=None
[host] hitch livedidr8g_0: observe_us=16583 paints=0 skips=1013 ticks=70
[nav-walk] here=WorldTile { x: 3000, z: 3314, level: 0 } aim=WorldTile { x: 2995, z: 3302, level: 0 } radius=2 ticks_waited=1 sent_tile=Some(WorldTile { x: 3001, z: 3318, level: 0 })
[nav-follow] here=WorldTile { x: 3000, z: 3314, level: 0 } walk=true transport=false leg=0 hops=4 outcome=None
[host] hitch livedidr8g_0: observe_us=18948 paints=0 skips=1039 ticks=71
[host] slot livedidr8g_0: d_loop_us=914 d_raster_us=0 d_observe_us=70514 max_observe_us=18948 d_paints=0 d_skips=50 d_ticks=2 window_ms=1176
[nav-walk] here=WorldTile { x: 2999, z: 3312, level: 0 } aim=WorldTile { x: 2995, z: 3302, level: 0 } radius=2 ticks_waited=2 sent_tile=Some(WorldTile { x: 3001, z: 3318, level: 0 })
[nav-follow] here=WorldTile { x: 2999, z: 3312, level: 0 } walk=true transport=false leg=0 hops=4 outcome=None
[host] hitch livedidr8g_0: observe_us=18688 paints=0 skips=1064 ticks=72
[nav-walk] here=WorldTile { x: 2999, z: 3310, level: 0 } aim=WorldTile { x: 2995, z: 3302, level: 0 } radius=2 ticks_waited=3 sent_tile=Some(WorldTile { x: 3001, z: 3318, level: 0 })
[nav-follow] here=WorldTile { x: 2999, z: 3310, level: 0 } walk=true transport=false leg=0 hops=4 outcome=None
[host] hitch livedidr8g_0: observe_us=18957 paints=0 skips=1089 ticks=73
[host] slot livedidr8g_0: d_loop_us=841 d_raster_us=0 d_observe_us=74655 max_observe_us=18957 d_paints=0 d_skips=50 d_ticks=2 window_ms=1194
[nav-walk] here=WorldTile { x: 2998, z: 3308, level: 0 } aim=WorldTile { x: 2995, z: 3302, level: 0 } radius=2 ticks_waited=4 sent_tile=Some(WorldTile { x: 3001, z: 3318, level: 0 })
[nav-follow] here=WorldTile { x: 2998, z: 3308, level: 0 } walk=true transport=false leg=0 hops=4 outcome=None
[host] hitch livedidr8g_0: observe_us=18483 paints=0 skips=1114 ticks=74
[nav-walk] here=WorldTile { x: 2998, z: 3306, level: 0 } aim=WorldTile { x: 2995, z: 3302, level: 0 } radius=2 ticks_waited=5 sent_tile=Some(WorldTile { x: 3001, z: 3318, level: 0 })
[nav-follow] here=WorldTile { x: 2998, z: 3306, level: 0 } walk=true transport=false leg=0 hops=4 outcome=None
[host] hitch livedidr8g_0: observe_us=16763 paints=0 skips=1140 ticks=75
[host] slot livedidr8g_0: d_loop_us=825 d_raster_us=0 d_observe_us=69688 max_observe_us=18483 d_paints=0 d_skips=50 d_ticks=2 window_ms=1188
[nav-walk] here=WorldTile { x: 2997, z: 3304, level: 0 } aim=WorldTile { x: 2995, z: 3302, level: 0 } radius=2 ticks_waited=6 sent_tile=Some(WorldTile { x: 3001, z: 3318, level: 0 })
[nav-follow] here=WorldTile { x: 2997, z: 3304, level: 0 } walk=true transport=false leg=0 hops=5 outcome=None
[host] hitch livedidr8g_0: observe_us=16037 paints=0 skips=1165 ticks=76
test catalog_boundary_live has been running for over 60 seconds
[nav-walk] here=WorldTile { x: 2995, z: 3302, level: 0 } aim=WorldTile { x: 2989, z: 3295, level: 0 } radius=0 ticks_waited=0 sent_tile=Some(WorldTile { x: 2997, z: 3304, level: 0 })
[nav-follow] here=WorldTile { x: 2995, z: 3302, level: 0 } walk=true transport=false leg=0 hops=5 outcome=None
[host] hitch livedidr8g_0: observe_us=25704 paints=0 skips=1190 ticks=77
[host] slot livedidr8g_0: d_loop_us=857 d_raster_us=0 d_observe_us=79461 max_observe_us=25704 d_paints=0 d_skips=50 d_ticks=2 window_ms=1199
[nav-walk] here=WorldTile { x: 2993, z: 3300, level: 0 } aim=WorldTile { x: 2989, z: 3295, level: 0 } radius=0 ticks_waited=1 sent_tile=Some(WorldTile { x: 2997, z: 3304, level: 0 })
[nav-follow] here=WorldTile { x: 2993, z: 3300, level: 0 } walk=true transport=false leg=0 hops=5 outcome=None
[nav-walk] here=WorldTile { x: 2993, z: 3298, level: 0 } aim=WorldTile { x: 2989, z: 3295, level: 0 } radius=0 ticks_waited=2 sent_tile=Some(WorldTile { x: 2997, z: 3304, level: 0 })
[nav-follow] here=WorldTile { x: 2993, z: 3298, level: 0 } walk=true transport=false leg=0 hops=5 outcome=None
[host] hitch livedidr8g_0: observe_us=17213 paints=0 skips=1240 ticks=79
[host] slot livedidr8g_0: d_loop_us=772 d_raster_us=0 d_observe_us=67487 max_observe_us=17213 d_paints=0 d_skips=50 d_ticks=2 window_ms=1180
[nav-walk] here=WorldTile { x: 2992, z: 3296, level: 0 } aim=WorldTile { x: 2989, z: 3295, level: 0 } radius=0 ticks_waited=3 sent_tile=Some(WorldTile { x: 2997, z: 3304, level: 0 })
[nav-follow] here=WorldTile { x: 2992, z: 3296, level: 0 } walk=true transport=false leg=0 hops=5 outcome=None
[nav-walk] here=WorldTile { x: 2990, z: 3295, level: 0 } aim=WorldTile { x: 2989, z: 3295, level: 0 } radius=0 ticks_waited=4 sent_tile=Some(WorldTile { x: 2997, z: 3304, level: 0 })
[nav-follow] here=WorldTile { x: 2990, z: 3295, level: 0 } walk=true transport=false leg=0 hops=5 outcome=None
[host] hitch livedidr8g_0: observe_us=20260 paints=0 skips=1291 ticks=81
[host] slot livedidr8g_0: d_loop_us=731 d_raster_us=0 d_observe_us=76016 max_observe_us=20260 d_paints=0 d_skips=50 d_ticks=2 window_ms=1185
[nav-walk] here=WorldTile { x: 2989, z: 3295, level: 0 } aim=WorldTile { x: 2989, z: 3295, level: 0 } radius=0 ticks_waited=5 sent_tile=Some(WorldTile { x: 2997, z: 3304, level: 0 })
[nav-follow] here=WorldTile { x: 2989, z: 3295, level: 0 } walk=false transport=false leg=1 hops=5 outcome=Some(Arrived { at: WorldTile { x: 2989, z: 3295, level: 0 } })
[script livedidr8g_0] using the Air talisman on the mysterious ruins
[script livedidr8g_0] interact UseOn { name: "Air talisman", kind: "loc", target_name: Some("Mysterious ruins"), x: 2984, z: 3291, level: 0, index: None, source_item_id: Some(1438), source_item_slot: Some(0), target_item_id: None, target_item_slot: None }
[host] hitch livedidr8g_0: observe_us=18420 paints=0 skips=1341 ticks=83
[host] slot livedidr8g_0: d_loop_us=577 d_raster_us=0 d_observe_us=66070 max_observe_us=18420 d_paints=0 d_skips=50 d_ticks=2 window_ms=1184
[host] hitch livedidr8g_0: observe_us=19240 paints=0 skips=1367 ticks=84
[host] slot livedidr8g_0: d_loop_us=1329 d_raster_us=0 d_observe_us=65023 max_observe_us=19240 d_paints=0 d_skips=50 d_ticks=2 window_ms=1188
[host] slot livedidr8g_0: d_loop_us=1000 d_raster_us=0 d_observe_us=68797 max_observe_us=10163 d_paints=0 d_skips=50 d_ticks=2 window_ms=1106
[script livedidr8g_0] entered the altar
[script livedidr8g_0] crafting 27 essence at the altar
[script livedidr8g_0] interact Loc { x: 2843, z: 4833, level: 0, action: "Craft-rune", id: Some(2478) }
[host] slot livedidr8g_0: d_loop_us=8243 d_raster_us=0 d_observe_us=77709 max_observe_us=13426 d_paints=0 d_skips=50 d_ticks=4 window_ms=2738
[script livedidr8g_0] crafted 27 Air runes
[script livedidr8g_0] taking the portal back to the ruins
[script livedidr8g_0] interact Loc { x: 2841, z: 4828, level: 0, action: "Use", id: Some(2465) }
[host] slot livedidr8g_0: d_loop_us=756 d_raster_us=0 d_observe_us=57431 max_observe_us=12263 d_paints=0 d_skips=50 d_ticks=2 window_ms=1184
[script livedidr8g_0] interact Loc { x: 2841, z: 4828, level: 0, action: "Use", id: Some(2465) }
[script livedidr8g_0] interact Loc { x: 2841, z: 4828, level: 0, action: "Use", id: Some(2465) }
[host] slot livedidr8g_0: d_loop_us=697 d_raster_us=0 d_observe_us=48163 max_observe_us=6875 d_paints=0 d_skips=50 d_ticks=2 window_ms=1207
[script livedidr8g_0] interact Loc { x: 2841, z: 4828, level: 0, action: "Use", id: Some(2465) }
[script livedidr8g_0] interact Loc { x: 2841, z: 4828, level: 0, action: "Use", id: Some(2465) }
[host] slot livedidr8g_0: d_loop_us=725 d_raster_us=0 d_observe_us=51204 max_observe_us=9354 d_paints=0 d_skips=50 d_ticks=2 window_ms=1175
[script livedidr8g_0] interact ContinueDialog
[script livedidr8g_0] interact Loc { x: 2841, z: 4828, level: 0, action: "Use", id: Some(2465) }
[host] slot livedidr8g_0: d_loop_us=774 d_raster_us=0 d_observe_us=63876 max_observe_us=13033 d_paints=0 d_skips=50 d_ticks=2 window_ms=1176
[host] hitch livedidr8g_0: observe_us=18191 paints=0 skips=1721 ticks=101
[script livedidr8g_0] back at the mysterious ruins
[script livedidr8g_0] heading to the bank
[script livedidr8g_0] interact WalkNear { x: 3013, z: 3355, level: 0, radius: 3, allow_teleports: false }
[nav-follow] here=WorldTile { x: 2983, z: 3288, level: 0 } walk=true transport=false leg=0 hops=1 outcome=None
[host] slot livedidr8g_0: d_loop_us=10792 d_raster_us=0 d_observe_us=96102 max_observe_us=18191 d_paints=0 d_skips=50 d_ticks=5 window_ms=2650
[nav-walk] here=WorldTile { x: 2983, z: 3290, level: 0 } aim=WorldTile { x: 2988, z: 3301, level: 0 } radius=2 ticks_waited=0 sent_tile=Some(WorldTile { x: 2983, z: 3288, level: 0 })
[nav-follow] here=WorldTile { x: 2983, z: 3290, level: 0 } walk=true transport=false leg=0 hops=1 outcome=None
[host] slot livedidr8g_0: d_loop_us=678 d_raster_us=0 d_observe_us=48451 max_observe_us=13823 d_paints=0 d_skips=50 d_ticks=2 window_ms=1178
[nav-walk] here=WorldTile { x: 2983, z: 3292, level: 0 } aim=WorldTile { x: 2988, z: 3301, level: 0 } radius=2 ticks_waited=1 sent_tile=Some(WorldTile { x: 2983, z: 3288, level: 0 })
[nav-follow] here=WorldTile { x: 2983, z: 3292, level: 0 } walk=true transport=false leg=0 hops=1 outcome=None
[host] hitch livedidr8g_0: observe_us=16297 paints=0 skips=1800 ticks=106
[nav-walk] here=WorldTile { x: 2983, z: 3294, level: 0 } aim=WorldTile { x: 2988, z: 3301, level: 0 } radius=2 ticks_waited=2 sent_tile=Some(WorldTile { x: 2983, z: 3288, level: 0 })
[nav-follow] here=WorldTile { x: 2983, z: 3294, level: 0 } walk=true transport=false leg=0 hops=1 outcome=None
[host] hitch livedidr8g_0: observe_us=17930 paints=0 skips=1825 ticks=107
[host] slot livedidr8g_0: d_loop_us=627 d_raster_us=0 d_observe_us=70120 max_observe_us=17930 d_paints=0 d_skips=50 d_ticks=1 window_ms=1182
[nav-walk] here=WorldTile { x: 2985, z: 3294, level: 0 } aim=WorldTile { x: 2988, z: 3301, level: 0 } radius=2 ticks_waited=3 sent_tile=Some(WorldTile { x: 2983, z: 3288, level: 0 })
[nav-follow] here=WorldTile { x: 2985, z: 3294, level: 0 } walk=true transport=false leg=0 hops=1 outcome=None
[host] hitch livedidr8g_0: observe_us=21382 paints=0 skips=1851 ticks=108
[nav-walk] here=WorldTile { x: 2985, z: 3296, level: 0 } aim=WorldTile { x: 2988, z: 3301, level: 0 } radius=2 ticks_waited=4 sent_tile=Some(WorldTile { x: 2983, z: 3288, level: 0 })
[nav-follow] here=WorldTile { x: 2985, z: 3296, level: 0 } walk=true transport=false leg=0 hops=1 outcome=None
[host] hitch livedidr8g_0: observe_us=18342 paints=0 skips=1876 ticks=109
[host] slot livedidr8g_0: d_loop_us=751 d_raster_us=0 d_observe_us=83084 max_observe_us=21382 d_paints=0 d_skips=50 d_ticks=2 window_ms=1170
[nav-walk] here=WorldTile { x: 2986, z: 3298, level: 0 } aim=WorldTile { x: 2988, z: 3301, level: 0 } radius=2 ticks_waited=5 sent_tile=Some(WorldTile { x: 2983, z: 3288, level: 0 })
[nav-follow] here=WorldTile { x: 2986, z: 3298, level: 0 } walk=true transport=false leg=0 hops=1 outcome=None
[nav-walk] here=WorldTile { x: 2987, z: 3300, level: 0 } aim=WorldTile { x: 2988, z: 3301, level: 0 } radius=2 ticks_waited=6 sent_tile=Some(WorldTile { x: 2983, z: 3288, level: 0 })
[nav-follow] here=WorldTile { x: 2987, z: 3300, level: 0 } walk=true transport=false leg=0 hops=2 outcome=None
[host] slot livedidr8g_0: d_loop_us=773 d_raster_us=0 d_observe_us=66635 max_observe_us=15251 d_paints=0 d_skips=50 d_ticks=2 window_ms=1200
[nav-walk] here=WorldTile { x: 2987, z: 3302, level: 0 } aim=WorldTile { x: 2998, z: 3317, level: 0 } radius=2 ticks_waited=0 sent_tile=Some(WorldTile { x: 2987, z: 3300, level: 0 })
[nav-follow] here=WorldTile { x: 2987, z: 3302, level: 0 } walk=true transport=false leg=0 hops=2 outcome=None
[host] hitch livedidr8g_0: observe_us=17364 paints=0 skips=1952 ticks=112
[nav-walk] here=WorldTile { x: 2987, z: 3304, level: 0 } aim=WorldTile { x: 2998, z: 3317, level: 0 } radius=2 ticks_waited=1 sent_tile=Some(WorldTile { x: 2987, z: 3300, level: 0 })
[nav-follow] here=WorldTile { x: 2987, z: 3304, level: 0 } walk=true transport=false leg=0 hops=2 outcome=None
[host] hitch livedidr8g_0: observe_us=19086 paints=0 skips=1977 ticks=113
[host] slot livedidr8g_0: d_loop_us=867 d_raster_us=0 d_observe_us=74400 max_observe_us=19086 d_paints=0 d_skips=50 d_ticks=2 window_ms=1183
[nav-walk] here=WorldTile { x: 2987, z: 3306, level: 0 } aim=WorldTile { x: 2998, z: 3317, level: 0 } radius=2 ticks_waited=2 sent_tile=Some(WorldTile { x: 2987, z: 3300, level: 0 })
[nav-follow] here=WorldTile { x: 2987, z: 3306, level: 0 } walk=true transport=false leg=0 hops=2 outcome=None
[host] hitch livedidr8g_0: observe_us=18173 paints=0 skips=2002 ticks=114
[nav-walk] here=WorldTile { x: 2989, z: 3308, level: 0 } aim=WorldTile { x: 2998, z: 3317, level: 0 } radius=2 ticks_waited=3 sent_tile=Some(WorldTile { x: 2987, z: 3300, level: 0 })
[nav-follow] here=WorldTile { x: 2989, z: 3308, level: 0 } walk=true transport=false leg=0 hops=2 outcome=None
[host] hitch livedidr8g_0: observe_us=17002 paints=0 skips=2028 ticks=115
[host] slot livedidr8g_0: d_loop_us=760 d_raster_us=0 d_observe_us=70051 max_observe_us=18173 d_paints=0 d_skips=50 d_ticks=2 window_ms=1179
[nav-walk] here=WorldTile { x: 2991, z: 3310, level: 0 } aim=WorldTile { x: 2998, z: 3317, level: 0 } radius=2 ticks_waited=4 sent_tile=Some(WorldTile { x: 2987, z: 3300, level: 0 })
[nav-follow] here=WorldTile { x: 2991, z: 3310, level: 0 } walk=true transport=false leg=0 hops=2 outcome=None
[nav-walk] here=WorldTile { x: 2993, z: 3312, level: 0 } aim=WorldTile { x: 2998, z: 3317, level: 0 } radius=2 ticks_waited=5 sent_tile=Some(WorldTile { x: 2987, z: 3300, level: 0 })
[nav-follow] here=WorldTile { x: 2993, z: 3312, level: 0 } walk=true transport=false leg=0 hops=2 outcome=None
[host] hitch livedidr8g_0: observe_us=18662 paints=0 skips=2079 ticks=117
[host] slot livedidr8g_0: d_loop_us=871 d_raster_us=0 d_observe_us=74151 max_observe_us=18662 d_paints=0 d_skips=50 d_ticks=2 window_ms=1186
[nav-walk] here=WorldTile { x: 2995, z: 3314, level: 0 } aim=WorldTile { x: 2998, z: 3317, level: 0 } radius=2 ticks_waited=6 sent_tile=Some(WorldTile { x: 2987, z: 3300, level: 0 })
[nav-follow] here=WorldTile { x: 2995, z: 3314, level: 0 } walk=true transport=false leg=0 hops=2 outcome=None
[host] hitch livedidr8g_0: observe_us=16573 paints=0 skips=2104 ticks=118
[nav-walk] here=WorldTile { x: 2997, z: 3316, level: 0 } aim=WorldTile { x: 2998, z: 3317, level: 0 } radius=2 ticks_waited=7 sent_tile=Some(WorldTile { x: 2987, z: 3300, level: 0 })
[nav-follow] here=WorldTile { x: 2997, z: 3316, level: 0 } walk=true transport=false leg=0 hops=3 outcome=None
[host] hitch livedidr8g_0: observe_us=17381 paints=0 skips=2129 ticks=119
[host] slot livedidr8g_0: d_loop_us=907 d_raster_us=0 d_observe_us=68519 max_observe_us=17381 d_paints=0 d_skips=50 d_ticks=2 window_ms=1175
[nav-walk] here=WorldTile { x: 2999, z: 3316, level: 0 } aim=WorldTile { x: 3011, z: 3331, level: 0 } radius=2 ticks_waited=0 sent_tile=Some(WorldTile { x: 2997, z: 3316, level: 0 })
[nav-follow] here=WorldTile { x: 2999, z: 3316, level: 0 } walk=true transport=false leg=0 hops=3 outcome=None
[host] hitch livedidr8g_0: observe_us=19708 paints=0 skips=2155 ticks=120
[nav-walk] here=WorldTile { x: 3001, z: 3318, level: 0 } aim=WorldTile { x: 3011, z: 3331, level: 0 } radius=2 ticks_waited=1 sent_tile=Some(WorldTile { x: 2997, z: 3316, level: 0 })
[nav-follow] here=WorldTile { x: 3001, z: 3318, level: 0 } walk=true transport=false leg=0 hops=3 outcome=None
[host] hitch livedidr8g_0: observe_us=20164 paints=0 skips=2180 ticks=121
[host] slot livedidr8g_0: d_loop_us=872 d_raster_us=0 d_observe_us=78675 max_observe_us=20164 d_paints=0 d_skips=50 d_ticks=2 window_ms=1183
[nav-walk] here=WorldTile { x: 3003, z: 3320, level: 0 } aim=WorldTile { x: 3011, z: 3331, level: 0 } radius=2 ticks_waited=2 sent_tile=Some(WorldTile { x: 2997, z: 3316, level: 0 })
[nav-follow] here=WorldTile { x: 3003, z: 3320, level: 0 } walk=true transport=false leg=0 hops=3 outcome=None
[nav-walk] here=WorldTile { x: 3005, z: 3322, level: 0 } aim=WorldTile { x: 3011, z: 3331, level: 0 } radius=2 ticks_waited=3 sent_tile=Some(WorldTile { x: 2997, z: 3316, level: 0 })
[nav-follow] here=WorldTile { x: 3005, z: 3322, level: 0 } walk=true transport=false leg=0 hops=3 outcome=None
[host] slot livedidr8g_0: d_loop_us=938 d_raster_us=0 d_observe_us=63355 max_observe_us=14805 d_paints=0 d_skips=50 d_ticks=2 window_ms=1189
[nav-walk] here=WorldTile { x: 3007, z: 3324, level: 0 } aim=WorldTile { x: 3011, z: 3331, level: 0 } radius=2 ticks_waited=4 sent_tile=Some(WorldTile { x: 2997, z: 3316, level: 0 })
[nav-follow] here=WorldTile { x: 3007, z: 3324, level: 0 } walk=true transport=false leg=0 hops=3 outcome=None
[host] hitch livedidr8g_0: observe_us=16381 paints=0 skips=2256 ticks=124
[nav-walk] here=WorldTile { x: 3009, z: 3326, level: 0 } aim=WorldTile { x: 3011, z: 3331, level: 0 } radius=2 ticks_waited=5 sent_tile=Some(WorldTile { x: 2997, z: 3316, level: 0 })
[nav-follow] here=WorldTile { x: 3009, z: 3326, level: 0 } walk=true transport=false leg=0 hops=3 outcome=None
[host] hitch livedidr8g_0: observe_us=17448 paints=0 skips=2282 ticks=125
[host] slot livedidr8g_0: d_loop_us=998 d_raster_us=0 d_observe_us=69069 max_observe_us=17448 d_paints=0 d_skips=50 d_ticks=2 window_ms=1184
[nav-walk] here=WorldTile { x: 3011, z: 3330, level: 0 } aim=WorldTile { x: 3011, z: 3331, level: 0 } radius=2 ticks_waited=6 sent_tile=Some(WorldTile { x: 2997, z: 3316, level: 0 })
[nav-follow] here=WorldTile { x: 3011, z: 3330, level: 0 } walk=true transport=false leg=0 hops=4 outcome=None
[host] hitch livedidr8g_0: observe_us=22288 paints=0 skips=2332 ticks=127
[host] slot livedidr8g_0: d_loop_us=8346 d_raster_us=0 d_observe_us=88841 max_observe_us=22288 d_paints=0 d_skips=50 d_ticks=2 window_ms=1196
[nav-walk] here=WorldTile { x: 3010, z: 3332, level: 0 } aim=WorldTile { x: 3011, z: 3347, level: 0 } radius=2 ticks_waited=0 sent_tile=Some(WorldTile { x: 3011, z: 3330, level: 0 })
[nav-follow] here=WorldTile { x: 3010, z: 3332, level: 0 } walk=true transport=false leg=0 hops=4 outcome=None
[host] hitch livedidr8g_0: observe_us=18510 paints=0 skips=2357 ticks=128
[nav-walk] here=WorldTile { x: 3008, z: 3334, level: 0 } aim=WorldTile { x: 3011, z: 3347, level: 0 } radius=2 ticks_waited=1 sent_tile=Some(WorldTile { x: 3011, z: 3330, level: 0 })
[nav-follow] here=WorldTile { x: 3008, z: 3334, level: 0 } walk=true transport=false leg=0 hops=4 outcome=None
[host] hitch livedidr8g_0: observe_us=18409 paints=0 skips=2383 ticks=129
[host] slot livedidr8g_0: d_loop_us=1033 d_raster_us=0 d_observe_us=70239 max_observe_us=18510 d_paints=0 d_skips=50 d_ticks=2 window_ms=1173
[nav-walk] here=WorldTile { x: 3008, z: 3336, level: 0 } aim=WorldTile { x: 3011, z: 3347, level: 0 } radius=2 ticks_waited=2 sent_tile=Some(WorldTile { x: 3011, z: 3330, level: 0 })
[nav-follow] here=WorldTile { x: 3008, z: 3336, level: 0 } walk=true transport=false leg=0 hops=4 outcome=None
[host] hitch livedidr8g_0: observe_us=20923 paints=0 skips=2408 ticks=130
[nav-walk] here=WorldTile { x: 3008, z: 3338, level: 0 } aim=WorldTile { x: 3011, z: 3347, level: 0 } radius=2 ticks_waited=3 sent_tile=Some(WorldTile { x: 3011, z: 3330, level: 0 })
[nav-follow] here=WorldTile { x: 3008, z: 3338, level: 0 } walk=true transport=false leg=0 hops=4 outcome=None
[host] hitch livedidr8g_0: observe_us=20339 paints=0 skips=2433 ticks=131
[host] slot livedidr8g_0: d_loop_us=1085 d_raster_us=0 d_observe_us=78011 max_observe_us=20923 d_paints=0 d_skips=50 d_ticks=2 window_ms=1193
[nav-walk] here=WorldTile { x: 3008, z: 3340, level: 0 } aim=WorldTile { x: 3011, z: 3347, level: 0 } radius=2 ticks_waited=4 sent_tile=Some(WorldTile { x: 3011, z: 3330, level: 0 })
[nav-follow] here=WorldTile { x: 3008, z: 3340, level: 0 } walk=true transport=false leg=0 hops=4 outcome=None
[host] hitch livedidr8g_0: observe_us=17485 paints=0 skips=2458 ticks=132
[nav-walk] here=WorldTile { x: 3008, z: 3342, level: 0 } aim=WorldTile { x: 3011, z: 3347, level: 0 } radius=2 ticks_waited=5 sent_tile=Some(WorldTile { x: 3011, z: 3330, level: 0 })
[nav-follow] here=WorldTile { x: 3008, z: 3342, level: 0 } walk=true transport=false leg=0 hops=4 outcome=None
[host] hitch livedidr8g_0: observe_us=18490 paints=0 skips=2484 ticks=133
[host] slot livedidr8g_0: d_loop_us=1289 d_raster_us=0 d_observe_us=71439 max_observe_us=18490 d_paints=0 d_skips=50 d_ticks=2 window_ms=1164
[nav-walk] here=WorldTile { x: 3008, z: 3344, level: 0 } aim=WorldTile { x: 3011, z: 3347, level: 0 } radius=2 ticks_waited=6 sent_tile=Some(WorldTile { x: 3011, z: 3330, level: 0 })
[nav-follow] here=WorldTile { x: 3008, z: 3344, level: 0 } walk=true transport=false leg=0 hops=4 outcome=None
[host] hitch livedidr8g_0: observe_us=19180 paints=0 skips=2509 ticks=134
[nav-walk] here=WorldTile { x: 3010, z: 3346, level: 0 } aim=WorldTile { x: 3011, z: 3347, level: 0 } radius=2 ticks_waited=7 sent_tile=Some(WorldTile { x: 3011, z: 3330, level: 0 })
[nav-follow] here=WorldTile { x: 3010, z: 3346, level: 0 } walk=true transport=false leg=0 hops=5 outcome=None
[host] hitch livedidr8g_0: observe_us=19603 paints=0 skips=2535 ticks=135
[host] slot livedidr8g_0: d_loop_us=1240 d_raster_us=0 d_observe_us=74486 max_observe_us=19603 d_paints=0 d_skips=50 d_ticks=2 window_ms=1194
[nav-walk] here=WorldTile { x: 3010, z: 3348, level: 0 } aim=WorldTile { x: 3010, z: 3352, level: 0 } radius=0 ticks_waited=0 sent_tile=Some(WorldTile { x: 3010, z: 3346, level: 0 })
[nav-follow] here=WorldTile { x: 3010, z: 3348, level: 0 } walk=true transport=false leg=0 hops=5 outcome=None
[host] hitch livedidr8g_0: observe_us=19467 paints=0 skips=2560 ticks=136
[nav-walk] here=WorldTile { x: 3010, z: 3350, level: 0 } aim=WorldTile { x: 3010, z: 3352, level: 0 } radius=0 ticks_waited=1 sent_tile=Some(WorldTile { x: 3010, z: 3346, level: 0 })
[nav-follow] here=WorldTile { x: 3010, z: 3350, level: 0 } walk=true transport=false leg=0 hops=5 outcome=None
[host] hitch livedidr8g_0: observe_us=18639 paints=0 skips=2585 ticks=137
[host] slot livedidr8g_0: d_loop_us=1078 d_raster_us=0 d_observe_us=73379 max_observe_us=19467 d_paints=0 d_skips=50 d_ticks=2 window_ms=1196
[nav-walk] here=WorldTile { x: 3010, z: 3352, level: 0 } aim=WorldTile { x: 3010, z: 3352, level: 0 } radius=0 ticks_waited=2 sent_tile=Some(WorldTile { x: 3010, z: 3346, level: 0 })
[nav-follow] here=WorldTile { x: 3010, z: 3352, level: 0 } walk=false transport=false leg=1 hops=5 outcome=Some(Arrived { at: WorldTile { x: 3010, z: 3352, level: 0 } })
[host] hitch livedidr8g_0: observe_us=21785 paints=0 skips=2610 ticks=138
[script livedidr8g_0] interact WalkNear { x: 3013, z: 3355, level: 0, radius: 1, allow_teleports: false }
[nav-follow] here=WorldTile { x: 3010, z: 3352, level: 0 } walk=true transport=false leg=0 hops=1 outcome=None
[host] slot livedidr8g_0: d_loop_us=1054 d_raster_us=0 d_observe_us=66741 max_observe_us=21785 d_paints=0 d_skips=50 d_ticks=2 window_ms=1194
[nav-walk] here=WorldTile { x: 3008, z: 3352, level: 0 } aim=WorldTile { x: 3013, z: 3355, level: 0 } radius=0 ticks_waited=0 sent_tile=Some(WorldTile { x: 3010, z: 3352, level: 0 })
[nav-follow] here=WorldTile { x: 3008, z: 3352, level: 0 } walk=true transport=false leg=0 hops=1 outcome=None
[host] hitch livedidr8g_0: observe_us=19581 paints=0 skips=2660 ticks=140
[nav-walk] here=WorldTile { x: 3008, z: 3354, level: 0 } aim=WorldTile { x: 3013, z: 3355, level: 0 } radius=0 ticks_waited=1 sent_tile=Some(WorldTile { x: 3010, z: 3352, level: 0 })
[nav-follow] here=WorldTile { x: 3008, z: 3354, level: 0 } walk=true transport=false leg=0 hops=1 outcome=None
[host] hitch livedidr8g_0: observe_us=20268 paints=0 skips=2685 ticks=141
[host] slot livedidr8g_0: d_loop_us=999 d_raster_us=0 d_observe_us=75211 max_observe_us=20268 d_paints=0 d_skips=50 d_ticks=2 window_ms=1189
[nav-walk] here=WorldTile { x: 3008, z: 3356, level: 0 } aim=WorldTile { x: 3013, z: 3355, level: 0 } radius=0 ticks_waited=2 sent_tile=Some(WorldTile { x: 3010, z: 3352, level: 0 })
[nav-follow] here=WorldTile { x: 3008, z: 3356, level: 0 } walk=true transport=false leg=0 hops=1 outcome=None
[host] hitch livedidr8g_0: observe_us=18255 paints=0 skips=2711 ticks=142
[nav-walk] here=WorldTile { x: 3009, z: 3358, level: 0 } aim=WorldTile { x: 3013, z: 3355, level: 0 } radius=0 ticks_waited=3 sent_tile=Some(WorldTile { x: 3010, z: 3352, level: 0 })
[nav-follow] here=WorldTile { x: 3009, z: 3358, level: 0 } walk=true transport=false leg=0 hops=1 outcome=None
[host] hitch livedidr8g_0: observe_us=56519 paints=0 skips=2736 ticks=143
[host] slot livedidr8g_0: d_loop_us=934 d_raster_us=0 d_observe_us=107338 max_observe_us=56519 d_paints=0 d_skips=50 d_ticks=2 window_ms=1216
[nav-walk] here=WorldTile { x: 3011, z: 3359, level: 0 } aim=WorldTile { x: 3013, z: 3355, level: 0 } radius=0 ticks_waited=4 sent_tile=Some(WorldTile { x: 3010, z: 3352, level: 0 })
[nav-follow] here=WorldTile { x: 3011, z: 3359, level: 0 } walk=true transport=false leg=0 hops=1 outcome=None
[host] hitch livedidr8g_0: observe_us=17784 paints=0 skips=2760 ticks=144
[nav-walk] here=WorldTile { x: 3012, z: 3358, level: 0 } aim=WorldTile { x: 3013, z: 3355, level: 0 } radius=0 ticks_waited=5 sent_tile=Some(WorldTile { x: 3010, z: 3352, level: 0 })
[nav-follow] here=WorldTile { x: 3012, z: 3358, level: 0 } walk=true transport=false leg=0 hops=1 outcome=None
[host] hitch livedidr8g_0: observe_us=20579 paints=0 skips=2785 ticks=145
[host] slot livedidr8g_0: d_loop_us=862 d_raster_us=0 d_observe_us=71467 max_observe_us=20579 d_paints=0 d_skips=50 d_ticks=2 window_ms=1183
[nav-walk] here=WorldTile { x: 3012, z: 3356, level: 0 } aim=WorldTile { x: 3013, z: 3355, level: 0 } radius=0 ticks_waited=6 sent_tile=Some(WorldTile { x: 3010, z: 3352, level: 0 })
[nav-follow] here=WorldTile { x: 3012, z: 3356, level: 0 } walk=true transport=false leg=0 hops=1 outcome=None
[host] hitch livedidr8g_0: observe_us=18550 paints=0 skips=2810 ticks=146
[script livedidr8g_0] interact OpenBooth { x: 3011, z: 3354, level: 0, id: 2213, name: Some("Bank booth"), action: Some("Use-quickly") }
[nav-walk] here=WorldTile { x: 3012, z: 3355, level: 0 } aim=WorldTile { x: 3013, z: 3355, level: 0 } radius=0 ticks_waited=7 sent_tile=Some(WorldTile { x: 3010, z: 3352, level: 0 })
[nav-follow] here=WorldTile { x: 3012, z: 3355, level: 0 } walk=true transport=false leg=0 hops=1 outcome=None
[host] hitch livedidr8g_0: observe_us=18313 paints=0 skips=2835 ticks=147
[host] slot livedidr8g_0: d_loop_us=1099 d_raster_us=0 d_observe_us=69973 max_observe_us=18550 d_paints=0 d_skips=50 d_ticks=2 window_ms=1201
[nav-walk] here=WorldTile { x: 3012, z: 3355, level: 0 } aim=WorldTile { x: 3013, z: 3355, level: 0 } radius=0 ticks_waited=8 sent_tile=Some(WorldTile { x: 3010, z: 3352, level: 0 })
[nav-follow] here=WorldTile { x: 3012, z: 3355, level: 0 } walk=true transport=false leg=0 hops=1 outcome=None
[nav-walk] here=WorldTile { x: 3012, z: 3355, level: 0 } aim=WorldTile { x: 3013, z: 3355, level: 0 } radius=0 ticks_waited=9 sent_tile=Some(WorldTile { x: 3010, z: 3352, level: 0 })
[nav-follow] here=WorldTile { x: 3012, z: 3355, level: 0 } walk=true transport=false leg=0 hops=1 outcome=None
[host] slot livedidr8g_0: d_loop_us=840 d_raster_us=0 d_observe_us=51894 max_observe_us=10215 d_paints=0 d_skips=50 d_ticks=2 window_ms=1207
[nav-walk] here=WorldTile { x: 3012, z: 3355, level: 0 } aim=WorldTile { x: 3013, z: 3355, level: 0 } radius=0 ticks_waited=10 sent_tile=Some(WorldTile { x: 3010, z: 3352, level: 0 })
[nav-follow] here=WorldTile { x: 3012, z: 3355, level: 0 } walk=true transport=false leg=0 hops=1 outcome=None
[nav-walk] here=WorldTile { x: 3012, z: 3355, level: 0 } aim=WorldTile { x: 3013, z: 3355, level: 0 } radius=0 ticks_waited=11 sent_tile=Some(WorldTile { x: 3010, z: 3352, level: 0 })
[nav-follow] here=WorldTile { x: 3012, z: 3355, level: 0 } walk=true transport=false leg=0 hops=1 outcome=None
[host] slot livedidr8g_0: d_loop_us=832 d_raster_us=0 d_observe_us=50298 max_observe_us=8606 d_paints=0 d_skips=50 d_ticks=2 window_ms=1183
[nav-walk] here=WorldTile { x: 3012, z: 3355, level: 0 } aim=WorldTile { x: 3013, z: 3355, level: 0 } radius=0 ticks_waited=12 sent_tile=Some(WorldTile { x: 3010, z: 3352, level: 0 })
[nav-follow] here=WorldTile { x: 3012, z: 3355, level: 0 } walk=true transport=false leg=0 hops=1 outcome=None
[nav-walk] here=WorldTile { x: 3012, z: 3355, level: 0 } aim=WorldTile { x: 3013, z: 3355, level: 0 } radius=0 ticks_waited=13 sent_tile=Some(WorldTile { x: 3010, z: 3352, level: 0 })
[nav-follow] here=WorldTile { x: 3012, z: 3355, level: 0 } walk=true transport=false leg=0 hops=1 outcome=None
[host] slot livedidr8g_0: d_loop_us=849 d_raster_us=0 d_observe_us=54137 max_observe_us=10122 d_paints=0 d_skips=50 d_ticks=2 window_ms=1191
[nav-walk] here=WorldTile { x: 3012, z: 3355, level: 0 } aim=WorldTile { x: 3013, z: 3355, level: 0 } radius=0 ticks_waited=14 sent_tile=Some(WorldTile { x: 3010, z: 3352, level: 0 })
[nav-follow] here=WorldTile { x: 3012, z: 3355, level: 0 } walk=true transport=false leg=0 hops=1 outcome=None
[nav-walk] here=WorldTile { x: 3012, z: 3355, level: 0 } aim=WorldTile { x: 3013, z: 3355, level: 0 } radius=0 ticks_waited=15 sent_tile=Some(WorldTile { x: 3010, z: 3352, level: 0 })
[nav-follow] here=WorldTile { x: 3012, z: 3355, level: 0 } walk=true transport=false leg=0 hops=1 outcome=None
[script livedidr8g_0] interact OpenBooth { x: 3011, z: 3354, level: 0, id: 2213, name: Some("Bank booth"), action: Some("Use-quickly") }
[host] slot livedidr8g_0: d_loop_us=797 d_raster_us=0 d_observe_us=53241 max_observe_us=10431 d_paints=0 d_skips=50 d_ticks=2 window_ms=1191
[nav-walk] here=WorldTile { x: 3011, z: 3355, level: 0 } aim=WorldTile { x: 3013, z: 3355, level: 0 } radius=0 ticks_waited=16 sent_tile=Some(WorldTile { x: 3010, z: 3352, level: 0 })
[nav-follow] here=WorldTile { x: 3011, z: 3355, level: 0 } walk=true transport=false leg=0 hops=1 outcome=None
[host] hitch livedidr8g_0: observe_us=18691 paints=0 skips=3062 ticks=156
[nav-walk] here=WorldTile { x: 3011, z: 3355, level: 0 } aim=WorldTile { x: 3013, z: 3355, level: 0 } radius=0 ticks_waited=17 sent_tile=Some(WorldTile { x: 3010, z: 3352, level: 0 })
[nav-follow] here=WorldTile { x: 3011, z: 3355, level: 0 } walk=true transport=false leg=0 hops=1 outcome=None
[host] slot livedidr8g_0: d_loop_us=913 d_raster_us=0 d_observe_us=73233 max_observe_us=18691 d_paints=0 d_skips=50 d_ticks=2 window_ms=1183
[nav-walk] here=WorldTile { x: 3011, z: 3355, level: 0 } aim=WorldTile { x: 3013, z: 3355, level: 0 } radius=0 ticks_waited=18 sent_tile=Some(WorldTile { x: 3010, z: 3352, level: 0 })
[nav-follow] here=WorldTile { x: 3011, z: 3355, level: 0 } walk=true transport=false leg=0 hops=1 outcome=None
[script livedidr8g_0] interact SetNoteMode { on: false }
[shim-note] on=false sent
[nav-walk] here=WorldTile { x: 3011, z: 3355, level: 0 } aim=WorldTile { x: 3013, z: 3355, level: 0 } radius=0 ticks_waited=19 sent_tile=Some(WorldTile { x: 3010, z: 3352, level: 0 })
[nav-follow] here=WorldTile { x: 3011, z: 3355, level: 0 } walk=true transport=false leg=0 hops=1 outcome=None
[host] slot livedidr8g_0: d_loop_us=875 d_raster_us=0 d_observe_us=60285 max_observe_us=10261 d_paints=0 d_skips=50 d_ticks=2 window_ms=1170
[nav-walk] here=WorldTile { x: 3011, z: 3355, level: 0 } aim=WorldTile { x: 3013, z: 3355, level: 0 } radius=0 ticks_waited=20 sent_tile=Some(WorldTile { x: 3010, z: 3352, level: 0 })
[nav-follow] here=WorldTile { x: 3011, z: 3355, level: 0 } walk=true transport=false leg=0 hops=1 outcome=None
[nav-walk] here=WorldTile { x: 3011, z: 3355, level: 0 } aim=WorldTile { x: 3013, z: 3355, level: 0 } radius=0 ticks_waited=21 sent_tile=Some(WorldTile { x: 3010, z: 3352, level: 0 })
[nav-follow] here=WorldTile { x: 3011, z: 3355, level: 0 } walk=true transport=false leg=0 hops=1 outcome=None
[script livedidr8g_0] deposited 27 Air runes
[host] slot livedidr8g_0: d_loop_us=890 d_raster_us=0 d_observe_us=61014 max_observe_us=13783 d_paints=0 d_skips=50 d_ticks=2 window_ms=1196
[nav-walk] here=WorldTile { x: 3011, z: 3355, level: 0 } aim=WorldTile { x: 3013, z: 3355, level: 0 } radius=0 ticks_waited=22 sent_tile=Some(WorldTile { x: 3010, z: 3352, level: 0 })
[nav-follow] here=WorldTile { x: 3011, z: 3355, level: 0 } walk=true transport=false leg=0 hops=1 outcome=None
[nav-walk] here=WorldTile { x: 3011, z: 3355, level: 0 } aim=WorldTile { x: 3013, z: 3355, level: 0 } radius=0 ticks_waited=23 sent_tile=Some(WorldTile { x: 3010, z: 3352, level: 0 })
[nav-follow] here=WorldTile { x: 3011, z: 3355, level: 0 } walk=true transport=false leg=0 hops=1 outcome=None
[script livedidr8g_0] withdrew 27 rune essence (trip 2)
[host] slot livedidr8g_0: d_loop_us=999 d_raster_us=0 d_observe_us=64325 max_observe_us=14234 d_paints=0 d_skips=50 d_ticks=2 window_ms=1182
[nav-walk] here=WorldTile { x: 3011, z: 3355, level: 0 } aim=WorldTile { x: 3013, z: 3355, level: 0 } radius=0 ticks_waited=24 sent_tile=Some(WorldTile { x: 3010, z: 3352, level: 0 })
[nav-follow] here=WorldTile { x: 3011, z: 3355, level: 0 } walk=true transport=false leg=0 hops=1 outcome=None
[script livedidr8g_0] heading to the mysterious ruins
[script livedidr8g_0] interact WalkNear { x: 2988, z: 3294, level: 0, radius: 1, allow_teleports: false }
[nav-follow] here=WorldTile { x: 3011, z: 3355, level: 0 } walk=true transport=false leg=0 hops=1 outcome=None
[host] slot livedidr8g_0: d_loop_us=986 d_raster_us=0 d_observe_us=59179 max_observe_us=10148 d_paints=0 d_skips=50 d_ticks=2 window_ms=1199
[nav-walk] here=WorldTile { x: 3012, z: 3357, level: 0 } aim=WorldTile { x: 3010, z: 3350, level: 0 } radius=2 ticks_waited=0 sent_tile=Some(WorldTile { x: 3011, z: 3355, level: 0 })
[nav-follow] here=WorldTile { x: 3012, z: 3357, level: 0 } walk=true transport=false leg=0 hops=1 outcome=None
[host] hitch livedidr8g_0: observe_us=21497 paints=0 skips=3314 ticks=166
[nav-walk] here=WorldTile { x: 3012, z: 3359, level: 0 } aim=WorldTile { x: 3010, z: 3350, level: 0 } radius=2 ticks_waited=1 sent_tile=Some(WorldTile { x: 3011, z: 3355, level: 0 })
[nav-follow] here=WorldTile { x: 3012, z: 3359, level: 0 } walk=true transport=false leg=0 hops=1 outcome=None
[host] hitch livedidr8g_0: observe_us=22436 paints=0 skips=3340 ticks=167
[host] slot livedidr8g_0: d_loop_us=964 d_raster_us=0 d_observe_us=83606 max_observe_us=22436 d_paints=0 d_skips=50 d_ticks=2 window_ms=1177
[nav-walk] here=WorldTile { x: 3010, z: 3359, level: 0 } aim=WorldTile { x: 3010, z: 3350, level: 0 } radius=2 ticks_waited=2 sent_tile=Some(WorldTile { x: 3011, z: 3355, level: 0 })
[nav-follow] here=WorldTile { x: 3010, z: 3359, level: 0 } walk=true transport=false leg=0 hops=1 outcome=None
[host] hitch livedidr8g_0: observe_us=20476 paints=0 skips=3365 ticks=168
[nav-walk] here=WorldTile { x: 3008, z: 3357, level: 0 } aim=WorldTile { x: 3010, z: 3350, level: 0 } radius=2 ticks_waited=3 sent_tile=Some(WorldTile { x: 3011, z: 3355, level: 0 })
[nav-follow] here=WorldTile { x: 3008, z: 3357, level: 0 } walk=true transport=false leg=0 hops=1 outcome=None
[host] hitch livedidr8g_0: observe_us=19577 paints=0 skips=3390 ticks=169
[host] slot livedidr8g_0: d_loop_us=965 d_raster_us=0 d_observe_us=76527 max_observe_us=20476 d_paints=0 d_skips=50 d_ticks=2 window_ms=1199
[nav-walk] here=WorldTile { x: 3008, z: 3355, level: 0 } aim=WorldTile { x: 3010, z: 3350, level: 0 } radius=2 ticks_waited=4 sent_tile=Some(WorldTile { x: 3011, z: 3355, level: 0 })
[nav-follow] here=WorldTile { x: 3008, z: 3355, level: 0 } walk=true transport=false leg=0 hops=1 outcome=None
[host] hitch livedidr8g_0: observe_us=18985 paints=0 skips=3415 ticks=170
[nav-walk] here=WorldTile { x: 3008, z: 3353, level: 0 } aim=WorldTile { x: 3010, z: 3350, level: 0 } radius=2 ticks_waited=5 sent_tile=Some(WorldTile { x: 3011, z: 3355, level: 0 })
[nav-follow] here=WorldTile { x: 3008, z: 3353, level: 0 } walk=true transport=false leg=0 hops=1 outcome=None
[host] hitch livedidr8g_0: observe_us=22141 paints=0 skips=3440 ticks=171
[host] slot livedidr8g_0: d_loop_us=907 d_raster_us=0 d_observe_us=76785 max_observe_us=22141 d_paints=0 d_skips=50 d_ticks=2 window_ms=1202
[nav-walk] here=WorldTile { x: 3009, z: 3351, level: 0 } aim=WorldTile { x: 3010, z: 3350, level: 0 } radius=2 ticks_waited=6 sent_tile=Some(WorldTile { x: 3011, z: 3355, level: 0 })
[nav-follow] here=WorldTile { x: 3009, z: 3351, level: 0 } walk=true transport=false leg=0 hops=2 outcome=None
[host] hitch livedidr8g_0: observe_us=23827 paints=0 skips=3465 ticks=172
[nav-walk] here=WorldTile { x: 3009, z: 3349, level: 0 } aim=WorldTile { x: 3008, z: 3334, level: 0 } radius=2 ticks_waited=0 sent_tile=Some(WorldTile { x: 3009, z: 3351, level: 0 })
[nav-follow] here=WorldTile { x: 3009, z: 3349, level: 0 } walk=true transport=false leg=0 hops=2 outcome=None
[host] hitch livedidr8g_0: observe_us=19259 paints=0 skips=3490 ticks=173
[host] slot livedidr8g_0: d_loop_us=1069 d_raster_us=0 d_observe_us=81833 max_observe_us=23827 d_paints=0 d_skips=50 d_ticks=2 window_ms=1195
[nav-walk] here=WorldTile { x: 3009, z: 3347, level: 0 } aim=WorldTile { x: 3008, z: 3334, level: 0 } radius=2 ticks_waited=1 sent_tile=Some(WorldTile { x: 3009, z: 3351, level: 0 })
[nav-follow] here=WorldTile { x: 3009, z: 3347, level: 0 } walk=true transport=false leg=0 hops=2 outcome=None
[host] hitch livedidr8g_0: observe_us=20177 paints=0 skips=3515 ticks=174
[nav-walk] here=WorldTile { x: 3009, z: 3345, level: 0 } aim=WorldTile { x: 3008, z: 3334, level: 0 } radius=2 ticks_waited=2 sent_tile=Some(WorldTile { x: 3009, z: 3351, level: 0 })
[nav-follow] here=WorldTile { x: 3009, z: 3345, level: 0 } walk=true transport=false leg=0 hops=2 outcome=None
[host] hitch livedidr8g_0: observe_us=21061 paints=0 skips=3541 ticks=175
[host] slot livedidr8g_0: d_loop_us=1048 d_raster_us=0 d_observe_us=74863 max_observe_us=21061 d_paints=0 d_skips=50 d_ticks=2 window_ms=1175
[nav-walk] here=WorldTile { x: 3008, z: 3343, level: 0 } aim=WorldTile { x: 3008, z: 3334, level: 0 } radius=2 ticks_waited=3 sent_tile=Some(WorldTile { x: 3009, z: 3351, level: 0 })
[nav-follow] here=WorldTile { x: 3008, z: 3343, level: 0 } walk=true transport=false leg=0 hops=2 outcome=None
[host] hitch livedidr8g_0: observe_us=21746 paints=0 skips=3567 ticks=176
[nav-walk] here=WorldTile { x: 3008, z: 3341, level: 0 } aim=WorldTile { x: 3008, z: 3334, level: 0 } radius=2 ticks_waited=4 sent_tile=Some(WorldTile { x: 3009, z: 3351, level: 0 })
[nav-follow] here=WorldTile { x: 3008, z: 3341, level: 0 } walk=true transport=false leg=0 hops=2 outcome=None
[host] hitch livedidr8g_0: observe_us=19279 paints=0 skips=3592 ticks=177
[host] slot livedidr8g_0: d_loop_us=1036 d_raster_us=0 d_observe_us=78212 max_observe_us=21746 d_paints=0 d_skips=50 d_ticks=2 window_ms=1174
[nav-walk] here=WorldTile { x: 3008, z: 3339, level: 0 } aim=WorldTile { x: 3008, z: 3334, level: 0 } radius=2 ticks_waited=5 sent_tile=Some(WorldTile { x: 3009, z: 3351, level: 0 })
[nav-follow] here=WorldTile { x: 3008, z: 3339, level: 0 } walk=true transport=false leg=0 hops=2 outcome=None
[host] hitch livedidr8g_0: observe_us=20946 paints=0 skips=3617 ticks=178
[nav-walk] here=WorldTile { x: 3008, z: 3337, level: 0 } aim=WorldTile { x: 3008, z: 3334, level: 0 } radius=2 ticks_waited=6 sent_tile=Some(WorldTile { x: 3009, z: 3351, level: 0 })
[nav-follow] here=WorldTile { x: 3008, z: 3337, level: 0 } walk=true transport=false leg=0 hops=2 outcome=None
[host] hitch livedidr8g_0: observe_us=20338 paints=0 skips=3643 ticks=179
[host] slot livedidr8g_0: d_loop_us=1067 d_raster_us=0 d_observe_us=77403 max_observe_us=20946 d_paints=0 d_skips=50 d_ticks=2 window_ms=1175
[nav-walk] here=WorldTile { x: 3008, z: 3335, level: 0 } aim=WorldTile { x: 3008, z: 3334, level: 0 } radius=2 ticks_waited=7 sent_tile=Some(WorldTile { x: 3009, z: 3351, level: 0 })
[nav-follow] here=WorldTile { x: 3008, z: 3335, level: 0 } walk=true transport=false leg=0 hops=3 outcome=None
[host] hitch livedidr8g_0: observe_us=22878 paints=0 skips=3668 ticks=180
[nav-walk] here=WorldTile { x: 3008, z: 3333, level: 0 } aim=WorldTile { x: 3001, z: 3318, level: 0 } radius=2 ticks_waited=0 sent_tile=Some(WorldTile { x: 3008, z: 3335, level: 0 })
[nav-follow] here=WorldTile { x: 3008, z: 3333, level: 0 } walk=true transport=false leg=0 hops=3 outcome=None
[host] hitch livedidr8g_0: observe_us=20273 paints=0 skips=3693 ticks=181
[host] slot livedidr8g_0: d_loop_us=1030 d_raster_us=0 d_observe_us=81054 max_observe_us=22878 d_paints=0 d_skips=50 d_ticks=2 window_ms=1191
[nav-walk] here=WorldTile { x: 3008, z: 3331, level: 0 } aim=WorldTile { x: 3001, z: 3318, level: 0 } radius=2 ticks_waited=1 sent_tile=Some(WorldTile { x: 3008, z: 3335, level: 0 })
[nav-follow] here=WorldTile { x: 3008, z: 3331, level: 0 } walk=true transport=false leg=0 hops=3 outcome=None
[host] hitch livedidr8g_0: observe_us=19456 paints=0 skips=3719 ticks=182
[nav-walk] here=WorldTile { x: 3008, z: 3329, level: 0 } aim=WorldTile { x: 3001, z: 3318, level: 0 } radius=2 ticks_waited=2 sent_tile=Some(WorldTile { x: 3008, z: 3335, level: 0 })
[nav-follow] here=WorldTile { x: 3008, z: 3329, level: 0 } walk=true transport=false leg=0 hops=3 outcome=None
[host] hitch livedidr8g_0: observe_us=20851 paints=0 skips=3745 ticks=183
[host] slot livedidr8g_0: d_loop_us=1039 d_raster_us=0 d_observe_us=74756 max_observe_us=20851 d_paints=0 d_skips=50 d_ticks=2 window_ms=1166
[nav-walk] here=WorldTile { x: 3008, z: 3327, level: 0 } aim=WorldTile { x: 3001, z: 3318, level: 0 } radius=2 ticks_waited=3 sent_tile=Some(WorldTile { x: 3008, z: 3335, level: 0 })
[nav-follow] here=WorldTile { x: 3008, z: 3327, level: 0 } walk=true transport=false leg=0 hops=3 outcome=None
[host] hitch livedidr8g_0: observe_us=21418 paints=0 skips=3771 ticks=184
[nav-walk] here=WorldTile { x: 3008, z: 3325, level: 0 } aim=WorldTile { x: 3001, z: 3318, level: 0 } radius=2 ticks_waited=4 sent_tile=Some(WorldTile { x: 3008, z: 3335, level: 0 })
[nav-follow] here=WorldTile { x: 3008, z: 3325, level: 0 } walk=true transport=false leg=0 hops=3 outcome=None
[host] hitch livedidr8g_0: observe_us=17235 paints=0 skips=3796 ticks=185
[host] slot livedidr8g_0: d_loop_us=1054 d_raster_us=0 d_observe_us=79103 max_observe_us=21418 d_paints=0 d_skips=50 d_ticks=2 window_ms=1188
[nav-walk] here=WorldTile { x: 3006, z: 3323, level: 0 } aim=WorldTile { x: 3001, z: 3318, level: 0 } radius=2 ticks_waited=5 sent_tile=Some(WorldTile { x: 3008, z: 3335, level: 0 })
[nav-follow] here=WorldTile { x: 3006, z: 3323, level: 0 } walk=true transport=false leg=0 hops=3 outcome=None
[host] hitch livedidr8g_0: observe_us=23372 paints=0 skips=3820 ticks=186
[nav-walk] here=WorldTile { x: 3004, z: 3321, level: 0 } aim=WorldTile { x: 3001, z: 3318, level: 0 } radius=2 ticks_waited=6 sent_tile=Some(WorldTile { x: 3008, z: 3335, level: 0 })
[nav-follow] here=WorldTile { x: 3004, z: 3321, level: 0 } walk=true transport=false leg=0 hops=3 outcome=None
[host] hitch livedidr8g_0: observe_us=20415 paints=0 skips=3846 ticks=187
[host] slot livedidr8g_0: d_loop_us=1116 d_raster_us=0 d_observe_us=86108 max_observe_us=23372 d_paints=0 d_skips=50 d_ticks=2 window_ms=1195
[nav-walk] here=WorldTile { x: 3002, z: 3319, level: 0 } aim=WorldTile { x: 3001, z: 3318, level: 0 } radius=2 ticks_waited=7 sent_tile=Some(WorldTile { x: 3008, z: 3335, level: 0 })
[nav-follow] here=WorldTile { x: 3002, z: 3319, level: 0 } walk=true transport=false leg=0 hops=4 outcome=None
[host] hitch livedidr8g_0: observe_us=20851 paints=0 skips=3871 ticks=188
[nav-walk] here=WorldTile { x: 3001, z: 3317, level: 0 } aim=WorldTile { x: 2995, z: 3302, level: 0 } radius=2 ticks_waited=0 sent_tile=Some(WorldTile { x: 3002, z: 3319, level: 0 })
[nav-follow] here=WorldTile { x: 3001, z: 3317, level: 0 } walk=true transport=false leg=0 hops=4 outcome=None
[host] hitch livedidr8g_0: observe_us=21785 paints=0 skips=3896 ticks=189
[host] slot livedidr8g_0: d_loop_us=1022 d_raster_us=0 d_observe_us=86144 max_observe_us=21785 d_paints=0 d_skips=50 d_ticks=2 window_ms=1191
[nav-walk] here=WorldTile { x: 3001, z: 3315, level: 0 } aim=WorldTile { x: 2995, z: 3302, level: 0 } radius=2 ticks_waited=1 sent_tile=Some(WorldTile { x: 3002, z: 3319, level: 0 })
[nav-follow] here=WorldTile { x: 3001, z: 3315, level: 0 } walk=true transport=false leg=0 hops=4 outcome=None
[host] hitch livedidr8g_0: observe_us=20199 paints=0 skips=3921 ticks=190
[nav-walk] here=WorldTile { x: 2999, z: 3313, level: 0 } aim=WorldTile { x: 2995, z: 3302, level: 0 } radius=2 ticks_waited=2 sent_tile=Some(WorldTile { x: 3002, z: 3319, level: 0 })
[nav-follow] here=WorldTile { x: 2999, z: 3313, level: 0 } walk=true transport=false leg=0 hops=4 outcome=None
[host] hitch livedidr8g_0: observe_us=22492 paints=0 skips=3946 ticks=191
[host] slot livedidr8g_0: d_loop_us=975 d_raster_us=0 d_observe_us=81170 max_observe_us=22492 d_paints=0 d_skips=50 d_ticks=2 window_ms=1200
[nav-walk] here=WorldTile { x: 2999, z: 3311, level: 0 } aim=WorldTile { x: 2995, z: 3302, level: 0 } radius=2 ticks_waited=3 sent_tile=Some(WorldTile { x: 3002, z: 3319, level: 0 })
[nav-follow] here=WorldTile { x: 2999, z: 3311, level: 0 } walk=true transport=false leg=0 hops=4 outcome=None
[host] hitch livedidr8g_0: observe_us=18538 paints=0 skips=3972 ticks=192
[nav-walk] here=WorldTile { x: 2998, z: 3309, level: 0 } aim=WorldTile { x: 2995, z: 3302, level: 0 } radius=2 ticks_waited=4 sent_tile=Some(WorldTile { x: 3002, z: 3319, level: 0 })
[nav-follow] here=WorldTile { x: 2998, z: 3309, level: 0 } walk=true transport=false leg=0 hops=4 outcome=None
[host] hitch livedidr8g_0: observe_us=16646 paints=0 skips=3997 ticks=193
[host] slot livedidr8g_0: d_loop_us=793 d_raster_us=0 d_observe_us=72393 max_observe_us=18538 d_paints=0 d_skips=50 d_ticks=2 window_ms=1185
[nav-walk] here=WorldTile { x: 2998, z: 3307, level: 0 } aim=WorldTile { x: 2995, z: 3302, level: 0 } radius=2 ticks_waited=5 sent_tile=Some(WorldTile { x: 3002, z: 3319, level: 0 })
[nav-follow] here=WorldTile { x: 2998, z: 3307, level: 0 } walk=true transport=false leg=0 hops=4 outcome=None
[host] hitch livedidr8g_0: observe_us=16972 paints=0 skips=4022 ticks=194
[nav-walk] here=WorldTile { x: 2998, z: 3305, level: 0 } aim=WorldTile { x: 2995, z: 3302, level: 0 } radius=2 ticks_waited=6 sent_tile=Some(WorldTile { x: 3002, z: 3319, level: 0 })
[nav-follow] here=WorldTile { x: 2998, z: 3305, level: 0 } walk=true transport=false leg=0 hops=4 outcome=None
[host] hitch livedidr8g_0: observe_us=19932 paints=0 skips=4047 ticks=195
[host] slot livedidr8g_0: d_loop_us=840 d_raster_us=0 d_observe_us=71409 max_observe_us=19932 d_paints=0 d_skips=50 d_ticks=2 window_ms=1191
[nav-walk] here=WorldTile { x: 2996, z: 3303, level: 0 } aim=WorldTile { x: 2995, z: 3302, level: 0 } radius=2 ticks_waited=7 sent_tile=Some(WorldTile { x: 3002, z: 3319, level: 0 })
[nav-follow] here=WorldTile { x: 2996, z: 3303, level: 0 } walk=true transport=false leg=0 hops=5 outcome=None
[host] hitch livedidr8g_0: observe_us=16362 paints=0 skips=4072 ticks=196
[nav-walk] here=WorldTile { x: 2994, z: 3301, level: 0 } aim=WorldTile { x: 2989, z: 3295, level: 0 } radius=0 ticks_waited=0 sent_tile=Some(WorldTile { x: 2996, z: 3303, level: 0 })
[nav-follow] here=WorldTile { x: 2994, z: 3301, level: 0 } walk=true transport=false leg=0 hops=5 outcome=None
[host] hitch livedidr8g_0: observe_us=18884 paints=0 skips=4097 ticks=197
[host] slot livedidr8g_0: d_loop_us=690 d_raster_us=0 d_observe_us=70145 max_observe_us=18884 d_paints=0 d_skips=50 d_ticks=2 window_ms=1195
[nav-walk] here=WorldTile { x: 2993, z: 3299, level: 0 } aim=WorldTile { x: 2989, z: 3295, level: 0 } radius=0 ticks_waited=1 sent_tile=Some(WorldTile { x: 2996, z: 3303, level: 0 })
[nav-follow] here=WorldTile { x: 2993, z: 3299, level: 0 } walk=true transport=false leg=0 hops=5 outcome=None
[host] hitch livedidr8g_0: observe_us=19465 paints=0 skips=4122 ticks=198
[nav-walk] here=WorldTile { x: 2993, z: 3297, level: 0 } aim=WorldTile { x: 2989, z: 3295, level: 0 } radius=0 ticks_waited=2 sent_tile=Some(WorldTile { x: 2996, z: 3303, level: 0 })
[nav-follow] here=WorldTile { x: 2993, z: 3297, level: 0 } walk=true transport=false leg=0 hops=5 outcome=None
[host] hitch livedidr8g_0: observe_us=18587 paints=0 skips=4147 ticks=199
[host] slot livedidr8g_0: d_loop_us=689 d_raster_us=0 d_observe_us=73057 max_observe_us=19465 d_paints=0 d_skips=50 d_ticks=2 window_ms=1199
[nav-walk] here=WorldTile { x: 2989, z: 3295, level: 0 } aim=WorldTile { x: 2989, z: 3295, level: 0 } radius=0 ticks_waited=3 sent_tile=Some(WorldTile { x: 2996, z: 3303, level: 0 })
[nav-follow] here=WorldTile { x: 2989, z: 3295, level: 0 } walk=false transport=false leg=1 hops=5 outcome=Some(Arrived { at: WorldTile { x: 2989, z: 3295, level: 0 } })
[script livedidr8g_0] using the Air talisman on the mysterious ruins
[script livedidr8g_0] interact UseOn { name: "Air talisman", kind: "loc", target_name: Some("Mysterious ruins"), x: 2984, z: 3291, level: 0, index: None, source_item_id: Some(1438), source_item_slot: Some(0), target_item_id: None, target_item_slot: None }
[host] slot livedidr8g_0: d_loop_us=10732 d_raster_us=0 d_observe_us=80775 max_observe_us=14883 d_paints=0 d_skips=50 d_ticks=2 window_ms=1208
[host] hitch livedidr8g_0: observe_us=17353 paints=0 skips=4222 ticks=202
[host] slot livedidr8g_0: d_loop_us=636 d_raster_us=0 d_observe_us=62793 max_observe_us=17353 d_paints=0 d_skips=50 d_ticks=2 window_ms=1194
[host] slot livedidr8g_0: d_loop_us=670 d_raster_us=0 d_observe_us=55260 max_observe_us=10020 d_paints=0 d_skips=50 d_ticks=2 window_ms=1176
[script livedidr8g_0] entered the altar
[script livedidr8g_0] crafting 27 essence at the altar
[script livedidr8g_0] interact Loc { x: 2843, z: 4833, level: 0, action: "Craft-rune", id: Some(2478) }
[host] slot livedidr8g_0: d_loop_us=7877 d_raster_us=0 d_observe_us=86966 max_observe_us=14091 d_paints=0 d_skips=50 d_ticks=4 window_ms=2637
[host] slot livedidr8g_0: d_loop_us=679 d_raster_us=0 d_observe_us=59606 max_observe_us=12753 d_paints=0 d_skips=50 d_ticks=2 window_ms=1198
[script livedidr8g_0] crafted 27 Air runes
[script livedidr8g_0] taking the portal back to the ruins
[script livedidr8g_0] interact Loc { x: 2841, z: 4828, level: 0, action: "Use", id: Some(2465) }
PASS: catalog_boundary_live: {"scenario":"rune_crafter","runner":"Some(Evidence { scenario: \"rune_crafter\", outcome: \"PASS\", predicate: \"has_item_id(556)>=1\", ticks: 241, elapsed_ms: 138250, message: None, tile: Some([2843, 4832, 0]), inv: [InvRow { id: 1438, name: Some(\"Air talisman\"), count: 1 }, InvRow { id: 556, name: Some(\"Air rune\"), count: 27 }], stat: Some(StatRow { runenergy: 23 }), chat: [ChatRow { text: \"You bind the temple's power into Air Runes.\", username: None }, ChatRow { text: \"You feel a powerful force take hold of you...\", username: None }, ChatRow { text: \"You hold the Air Talisman towards the mysterious ruins.\", username: None }, ChatRow { text: \"You don't have enough inventory space to withdraw that many.\", username: None }, ChatRow { text: \"You step through the portal...\", username: None }, ChatRow { text: \"Congratulations, you just advanced a runecraft level.\", username: None }, ChatRow { text: \"You bind the temple's power into Air Runes.\", username: None }, ChatRow { text: \"You feel a powerful force take hold of you...\", username: None }, ChatRow { text: \"You hold the Air Talisman towards the mysterious ruins.\", username: None }, ChatRow { text: \"You don't have enough inventory space to withdraw that many.\", username: None }, ChatRow { text: \"Inventory wiped.\", username: None }, ChatRow { text: \"set tutorial: to 1000\", username: None }, ChatRow { text: \"Welcome to RuneScape.\", username: None }], scene: 2 })","core":{"case":"rune_crafter","baseline":{"ingame":true,"scene_state":2,"player":"Livedidr8g 0","tile":[3012,3355,0],"tick":30,"items":{},"item_ids":{},"bank":{},"bank_ids":{},"bank_open":false,"bank_loaded":false,"bank_generation":2,"levels":{"-unused-":0,"agility":1,"attack":1,"cooking":1,"crafting":1,"defence":1,"firemaking":1,"fishing":1,"fletching":1,"herblore":1,"hitpoints":10,"magic":1,"mining":1,"prayer":1,"ranged":1,"runecraft":1,"slayer":1,"smithing":1,"strength":1,"thieving":1,"woodcutting":1},"xp":{"-unused-":0,"agility":0,"attack":0,"cooking":0,"crafting":0,"defence":0,"firemaking":0,"fishing":0,"fletching":0,"herblore":0,"hitpoints":1154,"magic":0,"mining":0,"prayer":0,"ranged":0,"runecraft":0,"slayer":0,"smithing":0,"strength":0,"thieving":0,"woodcutting":0},"chat":[[7,"Inventory wiped."],[6,"set tutorial: to 1000"],[5,"Welcome to RuneScape."]],"loc_facts":[],"equipment_ids":{},"main_modal":-1,"widget_ids":[3213,3214]},"latest":{"ingame":true,"scene_state":2,"player":"Livedidr8g 0","tile":[2843,4832,0],"tick":212,"items":{"Air rune":27,"Air talisman":1},"item_ids":{"556":27,"1438":1},"bank":{},"bank_ids":{},"bank_open":false,"bank_loaded":false,"bank_generation":6,"levels":{"-unused-":0,"agility":1,"attack":1,"cooking":1,"crafting":1,"defence":1,"firemaking":1,"fishing":1,"fletching":1,"herblore":1,"hitpoints":10,"magic":1,"mining":1,"prayer":1,"ranged":1,"runecraft":3,"slayer":1,"smithing":1,"strength":1,"thieving":1,"woodcutting":1},"xp":{"-unused-":0,"agility":0,"attack":0,"cooking":0,"crafting":0,"defence":0,"firemaking":0,"fishing":0,"fletching":0,"herblore":0,"hitpoints":1154,"magic":0,"mining":0,"prayer":0,"ranged":0,"runecraft":270,"slayer":0,"smithing":0,"strength":0,"thieving":0,"woodcutting":0},"chat":[[17,"You bind the temple's power into Air Runes."],[16,"You feel a powerful force take hold of you..."],[15,"You hold the Air Talisman towards the mysterious ruins."],[14,"You don't have enough inventory space to withdraw that many."],[13,"You step through the portal..."],[12,"Congratulations, you just advanced a runecraft level."],[11,"You bind the temple's power into Air Runes."],[10,"You feel a powerful force take hold of you..."],[9,"You hold the Air Talisman towards the mysterious ruins."],[8,"You don't have enough inventory space to withdraw that many."],[7,"Inventory wiped."],[6,"set tutorial: to 1000"],[5,"Welcome to RuneScape."]],"loc_facts":[],"equipment_ids":{},"main_modal":-1,"widget_ids":[3213,3214]},"max_items":{"Air rune":27,"Air talisman":1,"Rune essence":27},"max_xp":{"-unused-":0,"agility":0,"attack":0,"cooking":0,"crafting":0,"defence":0,"firemaking":0,"fishing":0,"fletching":0,"herblore":0,"hitpoints":1154,"magic":0,"mining":0,"prayer":0,"ranged":0,"runecraft":270,"slayer":0,"smithing":0,"strength":0,"thieving":0,"woodcutting":0},"saw_bury_chat":false,"post_start_observations":4256,"bone_bank_cycle":{"first_batch_buried":false,"opened":null,"withdrawn":null,"buried_after_withdrawal":false},"bank_fletcher_cycle":{"first_pack_created":false,"deposited":null,"withdrawn":null,"crafted_after_withdrawal":false},"bank_fletcher_string_cycle":{"initial_pairs_strung":false,"deposited":null,"withdrawn":null,"strung_after_withdrawal":false},"bank_fletcher_cut_string_cycle":{"cut_pair_created":false,"deposited":null,"withdrawn":null,"string_pair_created":false},"alcher_generated_custom_cycle":{"withdrawn":null,"consumed":false},"dart_fletcher_cycle":{"first":null,"further":false,"wrong_tier":false},"herb_cleaner_cycle":{"first_pack":false,"deposited":null,"withdrawn":null,"cleaned_after_withdrawal":false,"filter_violated":false},"gem_cutter_cycle":{"first_pack":false,"deposited":null,"withdrawn":null,"cut_after_withdrawal":false,"filter_violated":false},"door_opener_cycle":{"selected":null,"opened":false},"gnome_course_cycle":{"log":null,"ground_return":null,"pipe":null,"second_lap":false},"flax_picker_cycle":{"first_pack":false,"deposited":null,"returned":false,"further":false},"superheater_cycle":{"first_bars":false,"deposited":null,"withdrawn":null,"produced_after_withdrawal":false,"wrong_product":false,"wrong_staff":false},"chicken_killer_bank_cycle":{"combat_loot":false,"deposited":null,"returned":false,"further":false},"vial_filler_cycle":{"filled":null,"deposited":null,"withdrawn":null,"returned":false,"further":false},"potion_maker_cycle":{"unfinished":null,"finished":null,"deposited":null,"withdrawn":null,"further":false,"wrong_product":false,"filter_violated":false},"tanner_bot_cycle":{"widget":null,"tanned":null,"deposited":null,"withdrawn":null,"returned":false,"further":false,"wrong_product":false,"shop":false},"rune_crafter_cycle":{"withdrawn":{"ingame":true,"scene_state":2,"player":"Livedidr8g 0","tile":[3011,3355,0],"tick":42,"items":{"Air talisman":1,"Rune essence":27},"item_ids":{"1436":27,"1438":1},"bank":{"Rune essence":200},"bank_ids":{"1436":200},"bank_open":true,"bank_loaded":true,"bank_generation":3,"levels":{"-unused-":0,"agility":1,"attack":1,"cooking":1,"crafting":1,"defence":1,"firemaking":1,"fishing":1,"fletching":1,"herblore":1,"hitpoints":10,"magic":1,"mining":1,"prayer":1,"ranged":1,"runecraft":1,"slayer":1,"smithing":1,"strength":1,"thieving":1,"woodcutting":1},"xp":{"-unused-":0,"agility":0,"attack":0,"cooking":0,"crafting":0,"defence":0,"firemaking":0,"fishing":0,"fletching":0,"herblore":0,"hitpoints":1154,"magic":0,"mining":0,"prayer":0,"ranged":0,"runecraft":0,"slayer":0,"smithing":0,"strength":0,"thieving":0,"woodcutting":0},"chat":[[8,"You don't have enough inventory space to withdraw that many."],[7,"Inventory wiped."],[6,"set tutorial: to 1000"],[5,"Welcome to RuneScape."]],"loc_facts":[],"equipment_ids":{},"main_modal":5292,"widget_ids":[2005,2006,5292,5293,5294,5295,5296,5297,5298,5299,5300,5301,5302,5303,5304,5305,5306,5307,5308,5309,5310,5311,5312,5313,5314,5315,5316,5317,5318,5319,5320,5321,5322,5323,5324,5325,5326,5327,5328,5329,5330,5331,5332,5333,5334,5335,5336,5337,5338,5339,5340,5341,5342,5343,5344,5345,5346,5347,5348,5349,5350,5351,5352,5353,5354,5355,5356,5357,5358,5359,5360,5361,5362,5363,5364,5365,5366,5367,5368,5369,5370,5371,5372,5373,5374,5375,5376,5377,5378,5379,5380,5381,5382,5383,5384,5385,5386,5387,5388,5389,5390,5391,8130,8131,8132,8133]},"entered":{"ingame":true,"scene_state":2,"player":"Livedidr8g 0","tile":[2841,4830,0],"tick":88,"items":{"Air talisman":1,"Rune essence":27},"item_ids":{"1436":27,"1438":1},"bank":{},"bank_ids":{},"bank_open":false,"bank_loaded":false,"bank_generation":4,"levels":{"-unused-":0,"agility":1,"attack":1,"cooking":1,"crafting":1,"defence":1,"firemaking":1,"fishing":1,"fletching":1,"herblore":1,"hitpoints":10,"magic":1,"mining":1,"prayer":1,"ranged":1,"runecraft":1,"slayer":1,"smithing":1,"strength":1,"thieving":1,"woodcutting":1},"xp":{"-unused-":0,"agility":0,"attack":0,"cooking":0,"crafting":0,"defence":0,"firemaking":0,"fishing":0,"fletching":0,"herblore":0,"hitpoints":1154,"magic":0,"mining":0,"prayer":0,"ranged":0,"runecraft":0,"slayer":0,"smithing":0,"strength":0,"thieving":0,"woodcutting":0},"chat":[[10,"You feel a powerful force take hold of you..."],[9,"You hold the Air Talisman towards the mysterious ruins."],[8,"You don't have enough inventory space to withdraw that many."],[7,"Inventory wiped."],[6,"set tutorial: to 1000"],[5,"Welcome to RuneScape."]],"loc_facts":[],"equipment_ids":{},"main_modal":-1,"widget_ids":[3213,3214]},"crafted":{"ingame":true,"scene_state":2,"player":"Livedidr8g 0","tile":[2843,4832,0],"tick":93,"items":{"Air rune":27,"Air talisman":1},"item_ids":{"556":27,"1438":1},"bank":{},"bank_ids":{},"bank_open":false,"bank_loaded":false,"bank_generation":4,"levels":{"-unused-":0,"agility":1,"attack":1,"cooking":1,"crafting":1,"defence":1,"firemaking":1,"fishing":1,"fletching":1,"herblore":1,"hitpoints":10,"magic":1,"mining":1,"prayer":1,"ranged":1,"runecraft":2,"slayer":1,"smithing":1,"strength":1,"thieving":1,"woodcutting":1},"xp":{"-unused-":0,"agility":0,"attack":0,"cooking":0,"crafting":0,"defence":0,"firemaking":0,"fishing":0,"fletching":0,"herblore":0,"hitpoints":1154,"magic":0,"mining":0,"prayer":0,"ranged":0,"runecraft":135,"slayer":0,"smithing":0,"strength":0,"thieving":0,"woodcutting":0},"chat":[[11,"You bind the temple's power into Air Runes."],[10,"You feel a powerful force take hold of you..."],[9,"You hold the Air Talisman towards the mysterious ruins."],[8,"You don't have enough inventory space to withdraw that many."],[7,"Inventory wiped."],[6,"set tutorial: to 1000"],[5,"Welcome to RuneScape."]],"loc_facts":[],"equipment_ids":{},"main_modal":-1,"widget_ids":[3213,3214]},"exited":{"ingame":true,"scene_state":2,"player":"Livedidr8g 0","tile":[2983,3288,0],"tick":101,"items":{"Air rune":27,"Air talisman":1},"item_ids":{"556":27,"1438":1},"bank":{},"bank_ids":{},"bank_open":false,"bank_loaded":false,"bank_generation":4,"levels":{"-unused-":0,"agility":1,"attack":1,"cooking":1,"crafting":1,"defence":1,"firemaking":1,"fishing":1,"fletching":1,"herblore":1,"hitpoints":10,"magic":1,"mining":1,"prayer":1,"ranged":1,"runecraft":2,"slayer":1,"smithing":1,"strength":1,"thieving":1,"woodcutting":1},"xp":{"-unused-":0,"agility":0,"attack":0,"cooking":0,"crafting":0,"defence":0,"firemaking":0,"fishing":0,"fletching":0,"herblore":0,"hitpoints":1154,"magic":0,"mining":0,"prayer":0,"ranged":0,"runecraft":135,"slayer":0,"smithing":0,"strength":0,"thieving":0,"woodcutting":0},"chat":[[13,"You step through the portal..."],[12,"Congratulations, you just advanced a runecraft level."],[11,"You bind the temple's power into Air Runes."],[10,"You feel a powerful force take hold of you..."],[9,"You hold the Air Talisman towards the mysterious ruins."],[8,"You don't have enough inventory space to withdraw that many."],[7,"Inventory wiped."],[6,"set tutorial: to 1000"],[5,"Welcome to RuneScape."]],"loc_facts":[],"equipment_ids":{},"main_modal":-1,"widget_ids":[3213,3214]},"deposited":{"ingame":true,"scene_state":2,"player":"Livedidr8g 0","tile":[3011,3355,0],"tick":160,"items":{"Air talisman":1},"item_ids":{"1438":1},"bank":{"Air rune":27,"Rune essence":173},"bank_ids":{"556":27,"1436":173},"bank_open":true,"bank_loaded":true,"bank_generation":5,"levels":{"-unused-":0,"agility":1,"attack":1,"cooking":1,"crafting":1,"defence":1,"firemaking":1,"fishing":1,"fletching":1,"herblore":1,"hitpoints":10,"magic":1,"mining":1,"prayer":1,"ranged":1,"runecraft":2,"slayer":1,"smithing":1,"strength":1,"thieving":1,"woodcutting":1},"xp":{"-unused-":0,"agility":0,"attack":0,"cooking":0,"crafting":0,"defence":0,"firemaking":0,"fishing":0,"fletching":0,"herblore":0,"hitpoints":1154,"magic":0,"mining":0,"prayer":0,"ranged":0,"runecraft":135,"slayer":0,"smithing":0,"strength":0,"thieving":0,"woodcutting":0},"chat":[[13,"You step through the portal..."],[12,"Congratulations, you just advanced a runecraft level."],[11,"You bind the temple's power into Air Runes."],[10,"You feel a powerful force take hold of you..."],[9,"You hold the Air Talisman towards the mysterious ruins."],[8,"You don't have enough inventory space to withdraw that many."],[7,"Inventory wiped."],[6,"set tutorial: to 1000"],[5,"Welcome to RuneScape."]],"loc_facts":[],"equipment_ids":{},"main_modal":5292,"widget_ids":[2005,2006,5292,5293,5294,5295,5296,5297,5298,5299,5300,5301,5302,5303,5304,5305,5306,5307,5308,5309,5310,5311,5312,5313,5314,5315,5316,5317,5318,5319,5320,5321,5322,5323,5324,5325,5326,5327,5328,5329,5330,5331,5332,5333,5334,5335,5336,5337,5338,5339,5340,5341,5342,5343,5344,5345,5346,5347,5348,5349,5350,5351,5352,5353,5354,5355,5356,5357,5358,5359,5360,5361,5362,5363,5364,5365,5366,5367,5368,5369,5370,5371,5372,5373,5374,5375,5376,5377,5378,5379,5380,5381,5382,5383,5384,5385,5386,5387,5388,5389,5390,5391,8130,8131,8132,8133]},"restocked":{"ingame":true,"scene_state":2,"player":"Livedidr8g 0","tile":[3011,3355,0],"tick":162,"items":{"Air talisman":1,"Rune essence":27},"item_ids":{"1436":27,"1438":1},"bank":{"Air rune":27,"Rune essence":146},"bank_ids":{"556":27,"1436":146},"bank_open":true,"bank_loaded":true,"bank_generation":5,"levels":{"-unused-":0,"agility":1,"attack":1,"cooking":1,"crafting":1,"defence":1,"firemaking":1,"fishing":1,"fletching":1,"herblore":1,"hitpoints":10,"magic":1,"mining":1,"prayer":1,"ranged":1,"runecraft":2,"slayer":1,"smithing":1,"strength":1,"thieving":1,"woodcutting":1},"xp":{"-unused-":0,"agility":0,"attack":0,"cooking":0,"crafting":0,"defence":0,"firemaking":0,"fishing":0,"fletching":0,"herblore":0,"hitpoints":1154,"magic":0,"mining":0,"prayer":0,"ranged":0,"runecraft":135,"slayer":0,"smithing":0,"strength":0,"thieving":0,"woodcutting":0},"chat":[[14,"You don't have enough inventory space to withdraw that many."],[13,"You step through the portal..."],[12,"Congratulations, you just advanced a runecraft level."],[11,"You bind the temple's power into Air Runes."],[10,"You feel a powerful force take hold of you..."],[9,"You hold the Air Talisman towards the mysterious ruins."],[8,"You don't have enough inventory space to withdraw that many."],[7,"Inventory wiped."],[6,"set tutorial: to 1000"],[5,"Welcome to RuneScape."]],"loc_facts":[],"equipment_ids":{},"main_modal":5292,"widget_ids":[2005,2006,5292,5293,5294,5295,5296,5297,5298,5299,5300,5301,5302,5303,5304,5305,5306,5307,5308,5309,5310,5311,5312,5313,5314,5315,5316,5317,5318,5319,5320,5321,5322,5323,5324,5325,5326,5327,5328,5329,5330,5331,5332,5333,5334,5335,5336,5337,5338,5339,5340,5341,5342,5343,5344,5345,5346,5347,5348,5349,5350,5351,5352,5353,5354,5355,5356,5357,5358,5359,5360,5361,5362,5363,5364,5365,5366,5367,5368,5369,5370,5371,5372,5373,5374,5375,5376,5377,5378,5379,5380,5381,5382,5383,5384,5385,5386,5387,5388,5389,5390,5391,8130,8131,8132,8133]},"returned":true,"further":true,"wrong_product":false,"noted":false},"ardy_cakes_cycle":{"stolen":null,"deposited":null,"returned":false,"further":false,"wrong_product":false,"noted":false},"ardy_thiever_cycle":{"pickpocketed":null,"deposited":null,"returned":false,"further":false},"ordered_first_exhausted":false}}
test catalog_boundary_live ... ok

test result: ok. 1 passed; 0 failed; 0 ignored; 0 measured; 28 filtered out; finished in 141.51s

