
running 1 test
{"phase":"identity","revision":289,"profile":"local-289 · 127.0.0.1:44594 · revision 289","cache_id":"c4d8ab36bcfd2a7907535b4f619e28623b0a22e98d496fd2a9620d544c5b5b09","nav_pack":"/Users/acfrazier/experiments/274bot/.worktrees/rs2b0t-multirevision/.superpowers/world-capabilities/289/274bot.navpack","nav_sha256":"131db92e32eddcb08148909d477589544320fe7e34a422e8004e97e888032924","catalog_commit":"100adccc037d9f6898080e1cad58fcfc43364775","catalog_identity":"pre-289 frozen catalog","catalog_read_only_path":".superpowers/inputs/rs2b0t-100adccc037d9f6898080e1cad58fcfc43364775","catalog_root":"/Users/acfrazier/experiments/274bot/.worktrees/rs2b0t-multirevision/.superpowers/inputs/rs2b0t-100adccc037d9f6898080e1cad58fcfc43364775","registry_path":"/Users/acfrazier/experiments/274bot/.worktrees/rs2b0t-multirevision/.superpowers/inputs/rs2b0t-100adccc037d9f6898080e1cad58fcfc43364775/src/bot/scripts/index.ts","registry_sha256":"b614aedb3d5adfdfbac3760f082273f3cf5c33fffe4ced0f2b01490ae02d1bc2","card":{"card":"MossGiant","source_path":"/Users/acfrazier/experiments/274bot/.worktrees/rs2b0t-multirevision/.superpowers/inputs/rs2b0t-100adccc037d9f6898080e1cad58fcfc43364775/src/bot/scripts/MossGiant/MossGiant.ts","source_sha256":"202ee1216b46a1c5eca0206772b4b3c78c9baf1205aad36f360e677efc0d22b5","compiled_sha256":"e9305f115f7ab1d11391cf4224b229c0936118717f700d0a30b0074edf245010","siblings":[],"settings":{"combatStyle":"melee","meleeStyle":"strength","staff":"Staff of air","spell":"Wind Strike","runesWithdraw":150.0,"bow":"Maple shortbow","rangeStyle":"rapid","ammo":"Iron arrow","ammoWithdraw":500.0,"foodWithdraw":20.0,"panicHp":25.0,"bankCommonJunk":true,"buryBones":false}},"account":"livenzqk1f_0","engine_speed_ms":null}
[host-play] slot livenzqk1f_0: thread up
289bot: snapshot load skipped: read /Users/acfrazier/.274bot/unpack-289/37214163f1e6ceca/models.bin: No such file or directory (os error 2)
[host-play] slot livenzqk1f_0: handshake begin reconnect=false
[host-play] slot livenzqk1f_0: handshake ok
[host] slot livenzqk1f_0: d_loop_us=2145 d_raster_us=0 d_observe_us=25473 max_observe_us=1809 d_paints=0 d_skips=50 d_ticks=1 window_ms=0
[host-play] slot livenzqk1f_0: queued mainland tele+setvar (scene 2)
[host-play] slot livenzqk1f_0: handshake begin reconnect=true
[host-play] slot livenzqk1f_0: handshake ok
[host] slot livenzqk1f_0: d_loop_us=966 d_raster_us=0 d_observe_us=44967 max_observe_us=4644 d_paints=0 d_skips=50 d_ticks=1 window_ms=0
[host-play] slot livenzqk1f_0: queued mainland tele+setvar (scene 2)
[host] slot livenzqk1f_0: d_loop_us=21305 d_raster_us=0 d_observe_us=117229 max_observe_us=9894 d_paints=0 d_skips=50 d_ticks=27 window_ms=5337
{"phase":"baseline-after-preparation","scenario":"moss_giant","account":"livenzqk1f_0","observation":{"ingame":true,"scene_state":2,"player":"Livenzqk1f 0","tile":[2553,3406,0],"combat_level":36,"tick":38,"items":{"Adamant scimitar":1,"Lobster":10},"item_ids":{"379":10,"1331":1},"bank":{},"bank_ids":{},"bank_open":false,"bank_loaded":false,"bank_generation":0,"levels":{"-unused-":0,"agility":1,"attack":40,"cooking":1,"crafting":1,"defence":1,"firemaking":1,"fishing":1,"fletching":1,"herblore":1,"hitpoints":40,"magic":1,"mining":1,"prayer":1,"ranged":1,"runecraft":1,"slayer":1,"smithing":1,"strength":40,"thieving":1,"woodcutting":1},"effective_levels":{"-unused-":0,"agility":1,"attack":40,"cooking":1,"crafting":1,"defence":1,"firemaking":1,"fishing":1,"fletching":1,"herblore":1,"hitpoints":40,"magic":1,"mining":1,"prayer":1,"ranged":1,"runecraft":1,"slayer":1,"smithing":1,"strength":40,"thieving":1,"woodcutting":1},"xp":{"-unused-":0,"agility":0,"attack":37224,"cooking":0,"crafting":0,"defence":0,"firemaking":0,"fishing":0,"fletching":0,"herblore":0,"hitpoints":37224,"magic":0,"mining":0,"prayer":0,"ranged":0,"runecraft":0,"slayer":0,"smithing":0,"strength":37224,"thieving":0,"woodcutting":0},"varps":{"309":0},"chat":[[7,"Inventory wiped."],[6,"set tutorial: to 1000"],[5,"Welcome to RuneScape."]],"loc_facts":[],"npc_facts":[{"index":5164,"name":"Moss giant","health":0,"total_health":0,"animation":-1,"in_combat":false,"targeting_local":false,"tile":[2550,3408,0],"distance":3},{"index":5167,"name":"Moss giant","health":0,"total_health":0,"animation":-1,"in_combat":false,"targeting_local":true,"tile":[2555,3407,0],"distance":2},{"index":5165,"name":"Moss giant","health":0,"total_health":0,"animation":-1,"in_combat":false,"targeting_local":false,"tile":[2553,3402,0],"distance":4},{"index":5166,"name":"Moss giant","health":0,"total_health":0,"animation":-1,"in_combat":false,"targeting_local":false,"tile":[2553,3409,0],"distance":3}],"ground_loot":[],"local_in_combat":false,"local_target_npc":null,"local_health":0,"local_animation":-1,"equipment_ids":{},"main_modal":-1,"widget_ids":[3213,3214]}}
[script livenzqk1f_0] start load
{"phase":"start","account":"livenzqk1f_0","count":1}
[host] hitch livenzqk1f_0: observe_us=103103 paints=0 skips=110 ticks=38
[script livenzqk1f_0] MossGiant — style melee (strength), food 'Lobster' (smart-eat, panic<25%), safespot (2553, 3406, 0), bank (2615, 3332, 0)
[script livenzqk1f_0] interact IfButton { component_id: 5862 }
[script livenzqk1f_0] interact Npc { name: "Moss giant", action: "Attack", index: Some(5167) }
[host] hitch livenzqk1f_0: observe_us=22200 paints=0 skips=133 ticks=42
[host] slot livenzqk1f_0: d_loop_us=2466 d_raster_us=0 d_observe_us=221256 max_observe_us=103103 d_paints=0 d_skips=50 d_ticks=16 window_ms=3212
[host] slot livenzqk1f_0: d_loop_us=1719 d_raster_us=0 d_observe_us=138628 max_observe_us=15980 d_paints=0 d_skips=50 d_ticks=5 window_ms=1163
[host] hitch livenzqk1f_0: observe_us=16352 paints=0 skips=218 ticks=52
[host] slot livenzqk1f_0: d_loop_us=1622 d_raster_us=0 d_observe_us=135319 max_observe_us=16352 d_paints=0 d_skips=50 d_ticks=6 window_ms=1183
[host] hitch livenzqk1f_0: observe_us=18652 paints=0 skips=294 ticks=61
[host] slot livenzqk1f_0: d_loop_us=1776 d_raster_us=0 d_observe_us=127345 max_observe_us=18652 d_paints=0 d_skips=50 d_ticks=6 window_ms=1183
[host] hitch livenzqk1f_0: observe_us=16662 paints=0 skips=337 ticks=66
[host] slot livenzqk1f_0: d_loop_us=1730 d_raster_us=0 d_observe_us=125565 max_observe_us=16662 d_paints=0 d_skips=50 d_ticks=6 window_ms=1180
[host] slot livenzqk1f_0: d_loop_us=1388 d_raster_us=0 d_observe_us=99336 max_observe_us=15991 d_paints=0 d_skips=50 d_ticks=6 window_ms=1185
[script livenzqk1f_0] interact Held { name: "Lobster", action: "Eat" }
[shim-held] Lobster Eat slot=1 -> sent
[script livenzqk1f_0] interact Held { name: "Lobster", action: "Eat" }
[shim-held] Lobster Eat slot=2 -> sent
[host] slot livenzqk1f_0: d_loop_us=1731 d_raster_us=0 d_observe_us=117860 max_observe_us=15033 d_paints=0 d_skips=50 d_ticks=6 window_ms=1183
[host] slot livenzqk1f_0: d_loop_us=1119 d_raster_us=0 d_observe_us=85019 max_observe_us=10644 d_paints=0 d_skips=50 d_ticks=6 window_ms=1187
[host] slot livenzqk1f_0: d_loop_us=1498 d_raster_us=0 d_observe_us=121903 max_observe_us=15806 d_paints=0 d_skips=50 d_ticks=6 window_ms=1177
[host] slot livenzqk1f_0: d_loop_us=1839 d_raster_us=0 d_observe_us=125456 max_observe_us=15072 d_paints=0 d_skips=50 d_ticks=6 window_ms=1188
[host] hitch livenzqk1f_0: observe_us=17759 paints=0 skips=607 ticks=98
[host] hitch livenzqk1f_0: observe_us=17736 paints=0 skips=641 ticks=102
[host] slot livenzqk1f_0: d_loop_us=1511 d_raster_us=0 d_observe_us=136874 max_observe_us=17759 d_paints=0 d_skips=50 d_ticks=6 window_ms=1191
[host] slot livenzqk1f_0: d_loop_us=1876 d_raster_us=0 d_observe_us=104424 max_observe_us=13837 d_paints=0 d_skips=50 d_ticks=6 window_ms=1164
[script livenzqk1f_0] interact Held { name: "Lobster", action: "Eat" }
[shim-held] Lobster Eat slot=2 -> sent
[host] slot livenzqk1f_0: d_loop_us=1570 d_raster_us=0 d_observe_us=122869 max_observe_us=15766 d_paints=0 d_skips=50 d_ticks=5 window_ms=1191
[host] slot livenzqk1f_0: d_loop_us=1459 d_raster_us=0 d_observe_us=109747 max_observe_us=15415 d_paints=0 d_skips=50 d_ticks=6 window_ms=1174
[host] slot livenzqk1f_0: d_loop_us=1722 d_raster_us=0 d_observe_us=106620 max_observe_us=14677 d_paints=0 d_skips=50 d_ticks=6 window_ms=1180
[host] hitch livenzqk1f_0: observe_us=18142 paints=0 skips=895 ticks=132
[host] slot livenzqk1f_0: d_loop_us=1431 d_raster_us=0 d_observe_us=109906 max_observe_us=18142 d_paints=0 d_skips=50 d_ticks=6 window_ms=1177
[script livenzqk1f_0] interact Held { name: "Lobster", action: "Eat" }
[shim-held] Lobster Eat slot=3 -> sent
[script livenzqk1f_0] interact Held { name: "Lobster", action: "Eat" }
[shim-held] Lobster Eat slot=4 -> sent
[host] slot livenzqk1f_0: d_loop_us=1866 d_raster_us=0 d_observe_us=111672 max_observe_us=14287 d_paints=0 d_skips=50 d_ticks=6 window_ms=1191
[host] slot livenzqk1f_0: d_loop_us=1122 d_raster_us=0 d_observe_us=87780 max_observe_us=15303 d_paints=0 d_skips=50 d_ticks=6 window_ms=1203
[host] slot livenzqk1f_0: d_loop_us=1176 d_raster_us=0 d_observe_us=78673 max_observe_us=14237 d_paints=0 d_skips=50 d_ticks=6 window_ms=1188
[host] slot livenzqk1f_0: d_loop_us=1592 d_raster_us=0 d_observe_us=105819 max_observe_us=14574 d_paints=0 d_skips=50 d_ticks=6 window_ms=1200
[host] hitch livenzqk1f_0: observe_us=16826 paints=0 skips=1121 ticks=159
[script livenzqk1f_0] interact Held { name: "Lobster", action: "Eat" }
[shim-held] Lobster Eat slot=4 -> sent
[script livenzqk1f_0] interact Held { name: "Lobster", action: "Eat" }
[shim-held] Lobster Eat slot=5 -> sent
[host] slot livenzqk1f_0: d_loop_us=1518 d_raster_us=0 d_observe_us=107866 max_observe_us=16826 d_paints=0 d_skips=50 d_ticks=6 window_ms=1184
[host] slot livenzqk1f_0: d_loop_us=1223 d_raster_us=0 d_observe_us=97914 max_observe_us=12868 d_paints=0 d_skips=50 d_ticks=6 window_ms=1178
[host] slot livenzqk1f_0: d_loop_us=1506 d_raster_us=0 d_observe_us=101706 max_observe_us=12993 d_paints=0 d_skips=50 d_ticks=6 window_ms=1179
[host] slot livenzqk1f_0: d_loop_us=1749 d_raster_us=0 d_observe_us=109318 max_observe_us=15575 d_paints=0 d_skips=50 d_ticks=6 window_ms=1198
[host] slot livenzqk1f_0: d_loop_us=1360 d_raster_us=0 d_observe_us=92459 max_observe_us=11596 d_paints=0 d_skips=50 d_ticks=6 window_ms=1183
[script livenzqk1f_0] interact Held { name: "Lobster", action: "Eat" }
[shim-held] Lobster Eat slot=5 -> sent
[host] slot livenzqk1f_0: d_loop_us=1774 d_raster_us=0 d_observe_us=97294 max_observe_us=15383 d_paints=0 d_skips=50 d_ticks=6 window_ms=1175
[host] hitch livenzqk1f_0: observe_us=16310 paints=0 skips=1400 ticks=192
[script livenzqk1f_0] interact Held { name: "Lobster", action: "Eat" }
[shim-held] Lobster Eat slot=6 -> sent
[host] slot livenzqk1f_0: d_loop_us=1522 d_raster_us=0 d_observe_us=98779 max_observe_us=16310 d_paints=0 d_skips=50 d_ticks=5 window_ms=1183
[host] slot livenzqk1f_0: d_loop_us=1958 d_raster_us=0 d_observe_us=114457 max_observe_us=13879 d_paints=0 d_skips=50 d_ticks=6 window_ms=1179
[host] slot livenzqk1f_0: d_loop_us=1528 d_raster_us=0 d_observe_us=108562 max_observe_us=14940 d_paints=0 d_skips=50 d_ticks=6 window_ms=1190
[host] hitch livenzqk1f_0: observe_us=16376 paints=0 skips=1552 ticks=210
[host] hitch livenzqk1f_0: observe_us=17364 paints=0 skips=1594 ticks=215
[script livenzqk1f_0] interact Held { name: "Lobster", action: "Eat" }
[shim-held] Lobster Eat slot=6 -> sent
[host] slot livenzqk1f_0: d_loop_us=1574 d_raster_us=0 d_observe_us=126497 max_observe_us=17364 d_paints=0 d_skips=50 d_ticks=6 window_ms=1186
[host] hitch livenzqk1f_0: observe_us=17645 paints=0 skips=1602 ticks=216
[script livenzqk1f_0] interact Held { name: "Lobster", action: "Eat" }
[shim-held] Lobster Eat slot=7 -> sent
[host] slot livenzqk1f_0: d_loop_us=1603 d_raster_us=0 d_observe_us=127760 max_observe_us=17645 d_paints=0 d_skips=50 d_ticks=6 window_ms=1191
[host] slot livenzqk1f_0: d_loop_us=1802 d_raster_us=0 d_observe_us=116541 max_observe_us=14830 d_paints=0 d_skips=50 d_ticks=6 window_ms=1195
[host] hitch livenzqk1f_0: observe_us=16291 paints=0 skips=1745 ticks=233
[script livenzqk1f_0] moss giant down — 1 kills
[script livenzqk1f_0] interact Obj { x: 2555, z: 3406, level: 0, name: Some("Big bones"), action: "Take" }
[host] slot livenzqk1f_0: d_loop_us=1716 d_raster_us=0 d_observe_us=128565 max_observe_us=16291 d_paints=0 d_skips=50 d_ticks=6 window_ms=1180
[host] hitch livenzqk1f_0: observe_us=22678 paints=0 skips=1754 ticks=234
[script livenzqk1f_0] looted Big bones
PASS: catalog_boundary_live: {"scenario":"moss_giant","runner":"Some(Evidence { scenario: \"moss_giant\", outcome: \"PASS\", predicate: \"stat_xp_gain(2)>=1\", ticks: 27, elapsed_ms: 16186, message: None, tile: Some([2554, 3406, 0]), inv: [InvRow { id: 1331, name: Some(\"Adamant scimitar\"), count: 1 }, InvRow { id: 379, name: Some(\"Lobster\"), count: 1 }, InvRow { id: 379, name: Some(\"Lobster\"), count: 1 }, InvRow { id: 379, name: Some(\"Lobster\"), count: 1 }, InvRow { id: 379, name: Some(\"Lobster\"), count: 1 }, InvRow { id: 379, name: Some(\"Lobster\"), count: 1 }, InvRow { id: 379, name: Some(\"Lobster\"), count: 1 }, InvRow { id: 379, name: Some(\"Lobster\"), count: 1 }, InvRow { id: 379, name: Some(\"Lobster\"), count: 1 }, InvRow { id: 379, name: Some(\"Lobster\"), count: 1 }, InvRow { id: 379, name: Some(\"Lobster\"), count: 1 }], stat: Some(StatRow { runenergy: 100 }), chat: [ChatRow { text: \"Inventory wiped.\", username: None }, ChatRow { text: \"set tutorial: to 1000\", username: None }, ChatRow { text: \"Welcome to RuneScape.\", username: None }], scene: 2 })","core":{"case":"moss_giant","baseline":{"ingame":true,"scene_state":2,"player":"Livenzqk1f 0","tile":[2553,3406,0],"combat_level":36,"tick":38,"items":{"Adamant scimitar":1,"Lobster":10},"item_ids":{"379":10,"1331":1},"bank":{},"bank_ids":{},"bank_open":false,"bank_loaded":false,"bank_generation":0,"levels":{"-unused-":0,"agility":1,"attack":40,"cooking":1,"crafting":1,"defence":1,"firemaking":1,"fishing":1,"fletching":1,"herblore":1,"hitpoints":40,"magic":1,"mining":1,"prayer":1,"ranged":1,"runecraft":1,"slayer":1,"smithing":1,"strength":40,"thieving":1,"woodcutting":1},"effective_levels":{"-unused-":0,"agility":1,"attack":40,"cooking":1,"crafting":1,"defence":1,"firemaking":1,"fishing":1,"fletching":1,"herblore":1,"hitpoints":40,"magic":1,"mining":1,"prayer":1,"ranged":1,"runecraft":1,"slayer":1,"smithing":1,"strength":40,"thieving":1,"woodcutting":1},"xp":{"-unused-":0,"agility":0,"attack":37224,"cooking":0,"crafting":0,"defence":0,"firemaking":0,"fishing":0,"fletching":0,"herblore":0,"hitpoints":37224,"magic":0,"mining":0,"prayer":0,"ranged":0,"runecraft":0,"slayer":0,"smithing":0,"strength":37224,"thieving":0,"woodcutting":0},"varps":{"309":0},"chat":[[7,"Inventory wiped."],[6,"set tutorial: to 1000"],[5,"Welcome to RuneScape."]],"loc_facts":[],"npc_facts":[{"index":5164,"name":"Moss giant","health":0,"total_health":0,"animation":-1,"in_combat":false,"targeting_local":false,"tile":[2550,3408,0],"distance":3},{"index":5167,"name":"Moss giant","health":0,"total_health":0,"animation":-1,"in_combat":false,"targeting_local":true,"tile":[2555,3407,0],"distance":2},{"index":5165,"name":"Moss giant","health":0,"total_health":0,"animation":-1,"in_combat":false,"targeting_local":false,"tile":[2553,3402,0],"distance":4},{"index":5166,"name":"Moss giant","health":0,"total_health":0,"animation":-1,"in_combat":false,"targeting_local":false,"tile":[2553,3409,0],"distance":3}],"ground_loot":[],"local_in_combat":false,"local_target_npc":null,"local_health":0,"local_animation":-1,"equipment_ids":{},"main_modal":-1,"widget_ids":[3213,3214]},"latest":{"ingame":true,"scene_state":2,"player":"Livenzqk1f 0","tile":[2555,3406,0],"combat_level":36,"tick":235,"items":{"Adamant scimitar":1,"Big bones":1,"Lobster":4},"item_ids":{"379":4,"532":1,"1331":1},"bank":{},"bank_ids":{},"bank_open":false,"bank_loaded":false,"bank_generation":0,"levels":{"-unused-":0,"agility":1,"attack":40,"cooking":1,"crafting":1,"defence":1,"firemaking":1,"fishing":1,"fletching":1,"herblore":1,"hitpoints":40,"magic":1,"mining":1,"prayer":1,"ranged":1,"runecraft":1,"slayer":1,"smithing":1,"strength":40,"thieving":1,"woodcutting":1},"effective_levels":{"-unused-":0,"agility":1,"attack":40,"cooking":1,"crafting":1,"defence":1,"firemaking":1,"fishing":1,"fletching":1,"herblore":1,"hitpoints":35,"magic":1,"mining":1,"prayer":1,"ranged":1,"runecraft":1,"slayer":1,"smithing":1,"strength":40,"thieving":1,"woodcutting":1},"xp":{"-unused-":0,"agility":0,"attack":37224,"cooking":0,"crafting":0,"defence":0,"firemaking":0,"fishing":0,"fletching":0,"herblore":0,"hitpoints":37305,"magic":0,"mining":0,"prayer":0,"ranged":0,"runecraft":0,"slayer":0,"smithing":0,"strength":37472,"thieving":0,"woodcutting":0},"varps":{"309":0},"chat":[[19,"It heals some health."],[18,"You eat the lobster."],[17,"It heals some health."],[16,"You eat the lobster."],[15,"It heals some health."],[14,"You eat the lobster."],[13,"It heals some health."],[12,"You eat the lobster."],[11,"It heals some health."],[10,"You eat the lobster."],[9,"It heals some health."],[8,"You eat the lobster."],[7,"Inventory wiped."],[6,"set tutorial: to 1000"],[5,"Welcome to RuneScape."]],"loc_facts":[],"npc_facts":[{"index":5164,"name":"Moss giant","health":0,"total_health":0,"animation":-1,"in_combat":false,"targeting_local":false,"tile":[2547,3407,0],"distance":8},{"index":5165,"name":"Moss giant","health":0,"total_health":0,"animation":-1,"in_combat":false,"targeting_local":false,"tile":[2555,3401,0],"distance":5},{"index":5166,"name":"Moss giant","health":0,"total_health":0,"animation":-1,"in_combat":false,"targeting_local":true,"tile":[2553,3408,0],"distance":2}],"ground_loot":[],"local_in_combat":true,"local_target_npc":null,"local_health":35,"local_animation":-1,"equipment_ids":{},"main_modal":-1,"widget_ids":[3213,3214]},"max_items":{"Adamant scimitar":1,"Big bones":1,"Lobster":10},"max_xp":{"-unused-":0,"agility":0,"attack":37224,"cooking":0,"crafting":0,"defence":0,"firemaking":0,"fishing":0,"fletching":0,"herblore":0,"hitpoints":37305,"magic":0,"mining":0,"prayer":0,"ranged":0,"runecraft":0,"slayer":0,"smithing":0,"strength":37472,"thieving":0,"woodcutting":0},"saw_bury_chat":false,"post_start_observations":1653,"bone_bank_cycle":{"first_batch_buried":false,"opened":null,"withdrawn":null,"buried_after_withdrawal":false},"bank_fletcher_cycle":{"first_pack_created":false,"deposited":null,"withdrawn":null,"crafted_after_withdrawal":false},"bank_fletcher_option_cycle":{"first":null,"deposited":null,"restocked":null,"further":false},"bank_fletcher_string_cycle":{"initial_pairs_strung":false,"deposited":null,"withdrawn":null,"strung_after_withdrawal":false},"bank_fletcher_cut_string_cycle":{"cut_pair_created":false,"deposited":null,"withdrawn":null,"string_pair_created":false},"alcher_defaults_cycle":{"withdrawn":null,"consumed":false},"alcher_generated_custom_cycle":{"withdrawn":null,"consumed":false},"dart_fletcher_cycle":{"first":null,"further":false,"wrong_tier":false},"herb_cleaner_cycle":{"first_pack":false,"deposited":null,"withdrawn":null,"cleaned_after_withdrawal":false,"filter_violated":false},"gem_cutter_cycle":{"first_pack":false,"deposited":null,"withdrawn":null,"cut_after_withdrawal":false,"filter_violated":false},"door_opener_cycle":{"selected":null,"opened":false},"gnome_course_cycle":{"log":null,"ground_return":null,"pipe":null,"second_lap":false},"wildy_agility_cycle":{"ridge":null,"pipe":null,"rope":null,"stone":null,"log":null,"rocks":null,"further_pipe":false},"brimhaven_agility_cycle":{"paid":false,"entered":null,"moved":null,"first_tag":false,"ticket":null,"subsequent_work":false},"flax_picker_cycle":{"first_pack":false,"deposited":null,"returned":false,"further":false},"superheater_cycle":{"first_bars":false,"deposited":null,"withdrawn":null,"produced_after_withdrawal":false,"wrong_product":false,"wrong_staff":false},"chicken_killer_bank_cycle":{"combat_loot":false,"deposited":null,"returned":false,"further":false},"vial_filler_cycle":{"filled":null,"deposited":null,"withdrawn":null,"returned":false,"further":false},"potion_maker_cycle":{"unfinished":null,"finished":null,"deposited":null,"withdrawn":null,"further":false,"wrong_product":false,"filter_violated":false},"tanner_bot_cycle":{"widget":null,"tanned":null,"deposited":null,"withdrawn":null,"returned":false,"further":false,"wrong_product":false,"shop":false},"rune_crafter_cycle":{"withdrawn":null,"entered":null,"crafted":null,"exited":null,"deposited":null,"restocked":null,"returned":false,"further":false,"wrong_product":false,"noted":false},"ardy_cakes_cycle":{"stolen":null,"deposited":null,"returned":false,"further":false,"wrong_product":false,"noted":false},"ardy_thiever_cycle":{"pickpocketed":null,"deposited":null,"returned":false,"further":false},"gnome_chop_cycle":{"chopped":null,"deposited":null,"returned":false,"further":false,"wrong_product":false,"noted":false},"gnome_fletch_cycle":{"chopped":null,"fletched":null,"deposited":null,"returned":false,"further":false,"wrong_product":false,"noted":false},"coal_trucks_cycle":{"mined":null,"trucked":null,"further":false,"noted":false,"banked":false,"fixture_changed":false},"station_production_cycle":{"withdrawn":null,"produced":null,"deposited":null,"restocked":null,"returned":false,"further":false,"wrong_product":false,"noted":false},"flax_aio_cycle":{"picked":null,"produced":null,"deposited":null,"returned":false,"further":false,"wrong_product":false,"noted":false},"flax_aio_pick_cycle":{"first_pack":false,"deposited":null,"returned":false,"further":false,"wrong_product":false,"noted":false},"herblore_eggs_cycle":{"taken":false,"deposited":null,"returned":false,"further":false,"wrong_product":false,"noted":false},"herblore_newt_cycle":{"bought":false,"deposited":null,"returned":false,"further":false,"coins_spent":false,"coins_peak":0,"wrong_product":false,"noted":false},"combat_core_cycle":{"engagements":3,"defeats":1,"further_work":true,"style_xp":true,"looted":true,"noted":false,"activated":false,"shield_worn":false,"stolen_food":false,"wrong_item":false,"dormant_indexes":[],"dormant_tiles":{},"last":{"5164":{"name":"Moss giant","health":0,"animation":-1,"tile":[2547,3407,0],"engaged":false,"defeated":false},"5165":{"name":"Moss giant","health":0,"animation":-1,"tile":[2555,3401,0],"engaged":false,"defeated":false},"5166":{"name":"Moss giant","health":0,"animation":-1,"tile":[2553,3408,0],"engaged":true,"defeated":false},"5167":{"name":"Moss giant","health":0,"animation":131,"tile":[2555,3406,0],"engaged":true,"defeated":true}},"currently_engaged":[5166,5167],"previous_ground":[],"facts":[{"kind":"engage","index":5167,"name":"Moss giant","health":0,"animation":-1,"loot_id":null,"zero_health":false},{"kind":"defeat","index":5167,"name":"Moss giant","health":0,"animation":128,"loot_id":null,"zero_health":true},{"kind":"engage","index":5167,"name":"Moss giant","health":0,"animation":128,"loot_id":null,"zero_health":false},{"kind":"engage","index":5166,"name":"Moss giant","health":0,"animation":-1,"loot_id":null,"zero_health":false}]},"ordered_first_exhausted":false}}
test catalog_boundary_live ... ok

test result: ok. 1 passed; 0 failed; 0 ignored; 0 measured; 48 filtered out; finished in 57.90s

