
running 1 test
{"phase":"identity","revision":289,"profile":"local-289 · 127.0.0.1:44594 · revision 289","cache_id":"c4d8ab36bcfd2a7907535b4f619e28623b0a22e98d496fd2a9620d544c5b5b09","nav_pack":"/Users/acfrazier/experiments/274bot/.worktrees/rs2b0t-multirevision/.superpowers/world-capabilities/289/274bot.navpack","nav_sha256":"131db92e32eddcb08148909d477589544320fe7e34a422e8004e97e888032924","catalog_commit":"100adccc037d9f6898080e1cad58fcfc43364775","catalog_identity":"pre-289 frozen catalog","catalog_read_only_path":".superpowers/inputs/rs2b0t-100adccc037d9f6898080e1cad58fcfc43364775","catalog_root":"/Users/acfrazier/experiments/274bot/.worktrees/rs2b0t-multirevision/.superpowers/inputs/rs2b0t-100adccc037d9f6898080e1cad58fcfc43364775","registry_path":"/Users/acfrazier/experiments/274bot/.worktrees/rs2b0t-multirevision/.superpowers/inputs/rs2b0t-100adccc037d9f6898080e1cad58fcfc43364775/src/bot/scripts/index.ts","registry_sha256":"b614aedb3d5adfdfbac3760f082273f3cf5c33fffe4ced0f2b01490ae02d1bc2","card":{"card":"CoalTrucks","source_path":"/Users/acfrazier/experiments/274bot/.worktrees/rs2b0t-multirevision/.superpowers/inputs/rs2b0t-100adccc037d9f6898080e1cad58fcfc43364775/src/bot/scripts/CoalTrucks/CoalTrucks.ts","source_sha256":"d20112f0bfb44612ae53e0c56009c6b3e50808375c2a54dc43ed2160e55fcf36","compiled_sha256":"5afde6b7f1c6afefa750afaa4364cdfdaf11565e6d30eb98d0760fe36a68b544","siblings":[{"module":"/rs2b0t/bot/scripts/bot/CoalTrucksLogic.js","compiled_sha256":"21b19686f3998aa50d78127c913168fea020475ed5e08752bc5b8e3bdfd1eb5c"}],"settings":{}},"account":"liveej7tnn_0","engine_speed_ms":null}
[host-play] slot liveej7tnn_0: thread up
274bot: snapshot load skipped: read /Users/acfrazier/.274bot/unpack-289/37214163f1e6ceca/models.bin: No such file or directory (os error 2)
[host-play] slot liveej7tnn_0: handshake begin reconnect=false
[host-play] slot liveej7tnn_0: handshake ok
[host] slot liveej7tnn_0: d_loop_us=9313 d_raster_us=0 d_observe_us=34674 max_observe_us=2271 d_paints=0 d_skips=50 d_ticks=1 window_ms=0
[host-play] slot liveej7tnn_0: queued mainland tele+setvar (scene 2)
[host-play] slot liveej7tnn_0: handshake begin reconnect=true
[host-play] slot liveej7tnn_0: handshake ok
[host] slot liveej7tnn_0: d_loop_us=697 d_raster_us=0 d_observe_us=33139 max_observe_us=4349 d_paints=0 d_skips=50 d_ticks=1 window_ms=0
[host-play] slot liveej7tnn_0: queued mainland tele+setvar (scene 2)
{"phase":"baseline-after-preparation","scenario":"coal_trucks","account":"liveej7tnn_0","observation":{"ingame":true,"scene_state":2,"player":"Liveej7tnn 0","tile":[2582,3481,0],"tick":18,"items":{"Steel pickaxe":1},"item_ids":{"1269":1},"bank":{},"bank_ids":{},"bank_open":false,"bank_loaded":false,"bank_generation":0,"levels":{"-unused-":0,"agility":1,"attack":1,"cooking":1,"crafting":1,"defence":1,"firemaking":1,"fishing":1,"fletching":1,"herblore":1,"hitpoints":10,"magic":1,"mining":30,"prayer":1,"ranged":1,"runecraft":1,"slayer":1,"smithing":1,"strength":1,"thieving":1,"woodcutting":1},"xp":{"-unused-":0,"agility":0,"attack":0,"cooking":0,"crafting":0,"defence":0,"firemaking":0,"fishing":0,"fletching":0,"herblore":0,"hitpoints":1154,"magic":0,"mining":13363,"prayer":0,"ranged":0,"runecraft":0,"slayer":0,"smithing":0,"strength":0,"thieving":0,"woodcutting":0},"chat":[[7,"Inventory wiped."],[6,"set tutorial: to 1000"],[5,"Welcome to RuneScape."]],"loc_facts":[],"npc_facts":[],"ground_loot":[],"local_in_combat":false,"local_target_npc":null,"local_health":0,"local_animation":-1,"equipment_ids":{},"main_modal":-1,"widget_ids":[3213,3214]}}
[script liveej7tnn_0] start load
{"phase":"start","account":"liveej7tnn_0","count":1}
[host] hitch liveej7tnn_0: observe_us=81350 paints=0 skips=89 ticks=18
[script liveej7tnn_0] CoalTrucks — mine (2582, 3481, 0), truck (2574, 3487, 0), Seers truck (2696, 3504, 0), bank (2725, 3491, 0)
[script liveej7tnn_0] no combat handling: the level-27 giant bats here are aggressive below 55 combat
[script liveej7tnn_0] interact Loc { x: 2582, z: 3479, level: 0, action: "Mine", id: Some(2096) }
[host] slot liveej7tnn_0: d_loop_us=18718 d_raster_us=0 d_observe_us=166253 max_observe_us=81350 d_paints=0 d_skips=50 d_ticks=18 window_ms=11034
[host] slot liveej7tnn_0: d_loop_us=989 d_raster_us=0 d_observe_us=55558 max_observe_us=8700 d_paints=0 d_skips=50 d_ticks=2 window_ms=1206
[host] slot liveej7tnn_0: d_loop_us=2016 d_raster_us=0 d_observe_us=61583 max_observe_us=9309 d_paints=0 d_skips=50 d_ticks=2 window_ms=1184
[host] slot liveej7tnn_0: d_loop_us=1038 d_raster_us=0 d_observe_us=57036 max_observe_us=6063 d_paints=0 d_skips=50 d_ticks=2 window_ms=1182
[host] slot liveej7tnn_0: d_loop_us=1259 d_raster_us=0 d_observe_us=54653 max_observe_us=9398 d_paints=0 d_skips=50 d_ticks=2 window_ms=1186
[host] slot liveej7tnn_0: d_loop_us=1087 d_raster_us=0 d_observe_us=64917 max_observe_us=11558 d_paints=0 d_skips=50 d_ticks=2 window_ms=1176
[host] slot liveej7tnn_0: d_loop_us=980 d_raster_us=0 d_observe_us=58558 max_observe_us=6006 d_paints=0 d_skips=50 d_ticks=2 window_ms=1206
[host] slot liveej7tnn_0: d_loop_us=1008 d_raster_us=0 d_observe_us=53256 max_observe_us=8577 d_paints=0 d_skips=50 d_ticks=2 window_ms=1195
[host] slot liveej7tnn_0: d_loop_us=1164 d_raster_us=0 d_observe_us=72292 max_observe_us=7811 d_paints=0 d_skips=50 d_ticks=2 window_ms=1185
[host] slot liveej7tnn_0: d_loop_us=1066 d_raster_us=0 d_observe_us=70719 max_observe_us=9861 d_paints=0 d_skips=50 d_ticks=2 window_ms=1185
[script liveej7tnn_0] interact Loc { x: 2582, z: 3479, level: 0, action: "Mine", id: Some(2096) }
[host] slot liveej7tnn_0: d_loop_us=975 d_raster_us=0 d_observe_us=44711 max_observe_us=5342 d_paints=0 d_skips=50 d_ticks=2 window_ms=1195
[host] slot liveej7tnn_0: d_loop_us=947 d_raster_us=0 d_observe_us=57521 max_observe_us=5591 d_paints=0 d_skips=50 d_ticks=2 window_ms=1208
[host] slot liveej7tnn_0: d_loop_us=1060 d_raster_us=0 d_observe_us=60533 max_observe_us=7571 d_paints=0 d_skips=50 d_ticks=2 window_ms=1201
[host] slot liveej7tnn_0: d_loop_us=963 d_raster_us=0 d_observe_us=49583 max_observe_us=5566 d_paints=0 d_skips=50 d_ticks=2 window_ms=1198
[host] slot liveej7tnn_0: d_loop_us=1002 d_raster_us=0 d_observe_us=47465 max_observe_us=7797 d_paints=0 d_skips=50 d_ticks=2 window_ms=1211
[host] slot liveej7tnn_0: d_loop_us=973 d_raster_us=0 d_observe_us=52635 max_observe_us=5735 d_paints=0 d_skips=50 d_ticks=2 window_ms=1200
[script liveej7tnn_0] interact Loc { x: 2582, z: 3479, level: 0, action: "Mine", id: Some(2096) }
[host] slot liveej7tnn_0: d_loop_us=972 d_raster_us=0 d_observe_us=54797 max_observe_us=9163 d_paints=0 d_skips=50 d_ticks=2 window_ms=1203
[host] slot liveej7tnn_0: d_loop_us=918 d_raster_us=0 d_observe_us=51218 max_observe_us=8423 d_paints=0 d_skips=50 d_ticks=2 window_ms=1184
[host] slot liveej7tnn_0: d_loop_us=1127 d_raster_us=0 d_observe_us=71987 max_observe_us=11660 d_paints=0 d_skips=50 d_ticks=2 window_ms=1181
[host] slot liveej7tnn_0: d_loop_us=1173 d_raster_us=0 d_observe_us=71953 max_observe_us=11618 d_paints=0 d_skips=50 d_ticks=2 window_ms=1181
[host] slot liveej7tnn_0: d_loop_us=1148 d_raster_us=0 d_observe_us=57080 max_observe_us=5417 d_paints=0 d_skips=50 d_ticks=2 window_ms=1193
[host] slot liveej7tnn_0: d_loop_us=1100 d_raster_us=0 d_observe_us=68181 max_observe_us=10726 d_paints=0 d_skips=50 d_ticks=2 window_ms=1175
[script liveej7tnn_0] interact Loc { x: 2582, z: 3479, level: 0, action: "Mine", id: Some(2096) }
[host] slot liveej7tnn_0: d_loop_us=1022 d_raster_us=0 d_observe_us=65525 max_observe_us=6552 d_paints=0 d_skips=50 d_ticks=2 window_ms=1190
[host] slot liveej7tnn_0: d_loop_us=948 d_raster_us=0 d_observe_us=57862 max_observe_us=5844 d_paints=0 d_skips=50 d_ticks=2 window_ms=1180
[host] slot liveej7tnn_0: d_loop_us=1041 d_raster_us=0 d_observe_us=60531 max_observe_us=5862 d_paints=0 d_skips=50 d_ticks=2 window_ms=1189
[host] slot liveej7tnn_0: d_loop_us=939 d_raster_us=0 d_observe_us=57286 max_observe_us=6185 d_paints=0 d_skips=50 d_ticks=2 window_ms=1178
[host] slot liveej7tnn_0: d_loop_us=1143 d_raster_us=0 d_observe_us=54220 max_observe_us=5304 d_paints=0 d_skips=50 d_ticks=1 window_ms=1195
test catalog_boundary_live has been running for over 60 seconds
[host] slot liveej7tnn_0: d_loop_us=9810 d_raster_us=0 d_observe_us=134913 max_observe_us=14716 d_paints=0 d_skips=50 d_ticks=5 window_ms=2615
[script liveej7tnn_0] interact WalkNear { x: 2582, z: 3481, level: 0, radius: 4, allow_teleports: false }
[host] slot liveej7tnn_0: d_loop_us=1091 d_raster_us=0 d_observe_us=51723 max_observe_us=7991 d_paints=0 d_skips=50 d_ticks=2 window_ms=1169
[host] slot liveej7tnn_0: d_loop_us=943 d_raster_us=0 d_observe_us=47086 max_observe_us=7394 d_paints=0 d_skips=50 d_ticks=2 window_ms=1187
[host] slot liveej7tnn_0: d_loop_us=963 d_raster_us=0 d_observe_us=46947 max_observe_us=7273 d_paints=0 d_skips=50 d_ticks=2 window_ms=1177
[host] slot liveej7tnn_0: d_loop_us=990 d_raster_us=0 d_observe_us=46654 max_observe_us=7606 d_paints=0 d_skips=50 d_ticks=2 window_ms=1173
[host] slot liveej7tnn_0: d_loop_us=1046 d_raster_us=0 d_observe_us=47292 max_observe_us=7432 d_paints=0 d_skips=50 d_ticks=2 window_ms=1167
[host] slot liveej7tnn_0: d_loop_us=1032 d_raster_us=0 d_observe_us=46061 max_observe_us=7425 d_paints=0 d_skips=50 d_ticks=2 window_ms=1191
[host] slot liveej7tnn_0: d_loop_us=1062 d_raster_us=0 d_observe_us=46196 max_observe_us=8010 d_paints=0 d_skips=50 d_ticks=2 window_ms=1169
[host] slot liveej7tnn_0: d_loop_us=950 d_raster_us=0 d_observe_us=45514 max_observe_us=7850 d_paints=0 d_skips=50 d_ticks=2 window_ms=1171
[host] slot liveej7tnn_0: d_loop_us=1137 d_raster_us=0 d_observe_us=45883 max_observe_us=7430 d_paints=0 d_skips=50 d_ticks=2 window_ms=1163
[host] slot liveej7tnn_0: d_loop_us=998 d_raster_us=0 d_observe_us=45847 max_observe_us=7794 d_paints=0 d_skips=50 d_ticks=2 window_ms=1168
[host] slot liveej7tnn_0: d_loop_us=975 d_raster_us=0 d_observe_us=45163 max_observe_us=7389 d_paints=0 d_skips=50 d_ticks=2 window_ms=1206
[host] slot liveej7tnn_0: d_loop_us=935 d_raster_us=0 d_observe_us=39205 max_observe_us=7298 d_paints=0 d_skips=50 d_ticks=2 window_ms=1184
[host] slot liveej7tnn_0: d_loop_us=1096 d_raster_us=0 d_observe_us=47644 max_observe_us=7472 d_paints=0 d_skips=50 d_ticks=2 window_ms=1185
[host] slot liveej7tnn_0: d_loop_us=995 d_raster_us=0 d_observe_us=46189 max_observe_us=7847 d_paints=0 d_skips=50 d_ticks=1 window_ms=1189
[host] slot liveej7tnn_0: d_loop_us=989 d_raster_us=0 d_observe_us=45125 max_observe_us=7599 d_paints=0 d_skips=50 d_ticks=3 window_ms=1207
[host] slot liveej7tnn_0: d_loop_us=1142 d_raster_us=0 d_observe_us=44981 max_observe_us=7483 d_paints=0 d_skips=50 d_ticks=1 window_ms=1192
[host] slot liveej7tnn_0: d_loop_us=1020 d_raster_us=0 d_observe_us=46984 max_observe_us=7387 d_paints=0 d_skips=50 d_ticks=2 window_ms=1193
[host] slot liveej7tnn_0: d_loop_us=980 d_raster_us=0 d_observe_us=44902 max_observe_us=7423 d_paints=0 d_skips=50 d_ticks=2 window_ms=1199
[host] slot liveej7tnn_0: d_loop_us=959 d_raster_us=0 d_observe_us=42934 max_observe_us=7132 d_paints=0 d_skips=50 d_ticks=2 window_ms=1198
[host] slot liveej7tnn_0: d_loop_us=993 d_raster_us=0 d_observe_us=44857 max_observe_us=7374 d_paints=0 d_skips=50 d_ticks=2 window_ms=1184
[host] slot liveej7tnn_0: d_loop_us=905 d_raster_us=0 d_observe_us=44813 max_observe_us=7551 d_paints=0 d_skips=50 d_ticks=2 window_ms=1191
[host] slot liveej7tnn_0: d_loop_us=883 d_raster_us=0 d_observe_us=45489 max_observe_us=7311 d_paints=0 d_skips=50 d_ticks=2 window_ms=1175
[host] slot liveej7tnn_0: d_loop_us=905 d_raster_us=0 d_observe_us=45091 max_observe_us=7451 d_paints=0 d_skips=50 d_ticks=2 window_ms=1204
[host] slot liveej7tnn_0: d_loop_us=848 d_raster_us=0 d_observe_us=44753 max_observe_us=7369 d_paints=0 d_skips=50 d_ticks=2 window_ms=1193
[host] slot liveej7tnn_0: d_loop_us=863 d_raster_us=0 d_observe_us=44114 max_observe_us=7616 d_paints=0 d_skips=50 d_ticks=2 window_ms=1200
[host] slot liveej7tnn_0: d_loop_us=918 d_raster_us=0 d_observe_us=44898 max_observe_us=7362 d_paints=0 d_skips=50 d_ticks=2 window_ms=1185
[host] slot liveej7tnn_0: d_loop_us=899 d_raster_us=0 d_observe_us=44820 max_observe_us=7379 d_paints=0 d_skips=50 d_ticks=2 window_ms=1202
[host] slot liveej7tnn_0: d_loop_us=871 d_raster_us=0 d_observe_us=43705 max_observe_us=7369 d_paints=0 d_skips=50 d_ticks=2 window_ms=1184
[host] slot liveej7tnn_0: d_loop_us=938 d_raster_us=0 d_observe_us=45225 max_observe_us=7372 d_paints=0 d_skips=50 d_ticks=2 window_ms=1195
[host] slot liveej7tnn_0: d_loop_us=954 d_raster_us=0 d_observe_us=45100 max_observe_us=7681 d_paints=0 d_skips=50 d_ticks=2 window_ms=1190
[host] slot liveej7tnn_0: d_loop_us=881 d_raster_us=0 d_observe_us=45685 max_observe_us=7300 d_paints=0 d_skips=50 d_ticks=2 window_ms=1193
[host] slot liveej7tnn_0: d_loop_us=1043 d_raster_us=0 d_observe_us=49167 max_observe_us=8053 d_paints=0 d_skips=50 d_ticks=2 window_ms=1200
FAIL: catalog_boundary_live: scenario failed: step 9 (watch Mining XP from coal rocks after Start): stat_xp_gain(14)>=1 not seen within 150 ticks; evidence=Some(Evidence { scenario: "coal_trucks", outcome: "FAIL", predicate: "stat_xp_gain(14)>=1", ticks: 163, elapsed_ms: 95641, message: Some("step 9 (watch Mining XP from coal rocks after Start): stat_xp_gain(14)>=1 not seen within 150 ticks"), tile: Some([3221, 3219, 0]), inv: [InvRow { id: 1269, name: Some("Steel pickaxe"), count: 1 }], stat: Some(StatRow { runenergy: 100 }), chat: [ChatRow { text: "Oh dear you are dead!", username: None }, ChatRow { text: "You swing your pick at the rock.", username: None }, ChatRow { text: "You swing your pick at the rock.", username: None }, ChatRow { text: "You swing your pick at the rock.", username: None }, ChatRow { text: "You swing your pick at the rock.", username: None }, ChatRow { text: "Inventory wiped.", username: None }, ChatRow { text: "set tutorial: to 1000", username: None }, ChatRow { text: "Welcome to RuneScape.", username: None }], scene: 2 }); core={"error":"coal_trucks core post-Start delta incomplete","witness":{"case":"coal_trucks","baseline":{"ingame":true,"scene_state":2,"player":"Liveej7tnn 0","tile":[2582,3481,0],"tick":18,"items":{"Steel pickaxe":1},"item_ids":{"1269":1},"bank":{},"bank_ids":{},"bank_open":false,"bank_loaded":false,"bank_generation":0,"levels":{"-unused-":0,"agility":1,"attack":1,"cooking":1,"crafting":1,"defence":1,"firemaking":1,"fishing":1,"fletching":1,"herblore":1,"hitpoints":10,"magic":1,"mining":30,"prayer":1,"ranged":1,"runecraft":1,"slayer":1,"smithing":1,"strength":1,"thieving":1,"woodcutting":1},"xp":{"-unused-":0,"agility":0,"attack":0,"cooking":0,"crafting":0,"defence":0,"firemaking":0,"fishing":0,"fletching":0,"herblore":0,"hitpoints":1154,"magic":0,"mining":13363,"prayer":0,"ranged":0,"runecraft":0,"slayer":0,"smithing":0,"strength":0,"thieving":0,"woodcutting":0},"chat":[[7,"Inventory wiped."],[6,"set tutorial: to 1000"],[5,"Welcome to RuneScape."]],"loc_facts":[],"npc_facts":[],"ground_loot":[],"local_in_combat":false,"local_target_npc":null,"local_health":0,"local_animation":-1,"equipment_ids":{},"main_modal":-1,"widget_ids":[3213,3214]},"latest":{"ingame":true,"scene_state":2,"player":"Liveej7tnn 0","tile":[3221,3219,0],"tick":140,"items":{"Steel pickaxe":1},"item_ids":{"1269":1},"bank":{},"bank_ids":{},"bank_open":false,"bank_loaded":false,"bank_generation":0,"levels":{"-unused-":0,"agility":1,"attack":1,"cooking":1,"crafting":1,"defence":1,"firemaking":1,"fishing":1,"fletching":1,"herblore":1,"hitpoints":10,"magic":1,"mining":30,"prayer":1,"ranged":1,"runecraft":1,"slayer":1,"smithing":1,"strength":1,"thieving":1,"woodcutting":1},"xp":{"-unused-":0,"agility":0,"attack":0,"cooking":0,"crafting":0,"defence":0,"firemaking":0,"fishing":0,"fletching":0,"herblore":0,"hitpoints":1154,"magic":0,"mining":13363,"prayer":0,"ranged":0,"runecraft":0,"slayer":0,"smithing":0,"strength":0,"thieving":0,"woodcutting":0},"chat":[[12,"Oh dear you are dead!"],[11,"You swing your pick at the rock."],[10,"You swing your pick at the rock."],[9,"You swing your pick at the rock."],[8,"You swing your pick at the rock."],[7,"Inventory wiped."],[6,"set tutorial: to 1000"],[5,"Welcome to RuneScape."]],"loc_facts":[{"id":1516,"x":3213,"z":3220,"level":0,"name":"Large door","open":true},{"id":1519,"x":3213,"z":3221,"level":0,"name":"Large door","open":true},{"id":1536,"x":3215,"z":3211,"level":0,"name":"Door","open":true},{"id":1536,"x":3215,"z":3225,"level":0,"name":"Door","open":true},{"id":1516,"x":3217,"z":3218,"level":0,"name":"Large door","open":true},{"id":1519,"x":3217,"z":3219,"level":0,"name":"Large door","open":true},{"id":1530,"x":3226,"z":3214,"level":0,"name":"Door","open":true},{"id":1530,"x":3226,"z":3223,"level":0,"name":"Door","open":true}],"npc_facts":[],"ground_loot":[],"local_in_combat":false,"local_target_npc":null,"local_health":0,"local_animation":-1,"equipment_ids":{},"main_modal":-1,"widget_ids":[3213,3214]},"max_items":{"Steel pickaxe":1},"max_xp":{"-unused-":0,"agility":0,"attack":0,"cooking":0,"crafting":0,"defence":0,"firemaking":0,"fishing":0,"fletching":0,"herblore":0,"hitpoints":1154,"magic":0,"mining":13363,"prayer":0,"ranged":0,"runecraft":0,"slayer":0,"smithing":0,"strength":0,"thieving":0,"woodcutting":0},"saw_bury_chat":false,"post_start_observations":2976,"bone_bank_cycle":{"first_batch_buried":false,"opened":null,"withdrawn":null,"buried_after_withdrawal":false},"bank_fletcher_cycle":{"first_pack_created":false,"deposited":null,"withdrawn":null,"crafted_after_withdrawal":false},"bank_fletcher_string_cycle":{"initial_pairs_strung":false,"deposited":null,"withdrawn":null,"strung_after_withdrawal":false},"bank_fletcher_cut_string_cycle":{"cut_pair_created":false,"deposited":null,"withdrawn":null,"string_pair_created":false},"alcher_generated_custom_cycle":{"withdrawn":null,"consumed":false},"dart_fletcher_cycle":{"first":null,"further":false,"wrong_tier":false},"herb_cleaner_cycle":{"first_pack":false,"deposited":null,"withdrawn":null,"cleaned_after_withdrawal":false,"filter_violated":false},"gem_cutter_cycle":{"first_pack":false,"deposited":null,"withdrawn":null,"cut_after_withdrawal":false,"filter_violated":false},"door_opener_cycle":{"selected":null,"opened":false},"gnome_course_cycle":{"log":null,"ground_return":null,"pipe":null,"second_lap":false},"flax_picker_cycle":{"first_pack":false,"deposited":null,"returned":false,"further":false},"superheater_cycle":{"first_bars":false,"deposited":null,"withdrawn":null,"produced_after_withdrawal":false,"wrong_product":false,"wrong_staff":false},"chicken_killer_bank_cycle":{"combat_loot":false,"deposited":null,"returned":false,"further":false},"vial_filler_cycle":{"filled":null,"deposited":null,"withdrawn":null,"returned":false,"further":false},"potion_maker_cycle":{"unfinished":null,"finished":null,"deposited":null,"withdrawn":null,"further":false,"wrong_product":false,"filter_violated":false},"tanner_bot_cycle":{"widget":null,"tanned":null,"deposited":null,"withdrawn":null,"returned":false,"further":false,"wrong_product":false,"shop":false},"rune_crafter_cycle":{"withdrawn":null,"entered":null,"crafted":null,"exited":null,"deposited":null,"restocked":null,"returned":false,"further":false,"wrong_product":false,"noted":false},"ardy_cakes_cycle":{"stolen":null,"deposited":null,"returned":false,"further":false,"wrong_product":false,"noted":false},"ardy_thiever_cycle":{"pickpocketed":null,"deposited":null,"returned":false,"further":false},"gnome_chop_cycle":{"chopped":null,"deposited":null,"returned":false,"further":false,"wrong_product":false,"noted":false},"gnome_fletch_cycle":{"chopped":null,"fletched":null,"deposited":null,"returned":false,"further":false,"wrong_product":false,"noted":false},"coal_trucks_cycle":{"mined":null,"trucked":null,"further":false,"noted":false,"banked":false},"station_production_cycle":{"withdrawn":null,"produced":null,"deposited":null,"restocked":null,"returned":false,"further":false,"wrong_product":false,"noted":false},"flax_aio_cycle":{"picked":null,"produced":null,"deposited":null,"returned":false,"further":false,"wrong_product":false,"noted":false},"flax_aio_pick_cycle":{"first_pack":false,"deposited":null,"returned":false,"further":false,"wrong_product":false,"noted":false},"herblore_eggs_cycle":{"taken":false,"deposited":null,"returned":false,"further":false,"wrong_product":false,"noted":false},"herblore_newt_cycle":{"bought":false,"deposited":null,"returned":false,"further":false,"coins_spent":false,"coins_peak":0,"wrong_product":false,"noted":false},"combat_core_cycle":{"engagements":0,"defeats":0,"style_xp":false,"looted":false,"noted":false,"last":{},"currently_engaged":[],"facts":[]},"ordered_first_exhausted":false}}
