
running 1 test
{"phase":"identity","revision":289,"profile":"local-289 · 127.0.0.1:44594 · revision 289","cache_id":"c4d8ab36bcfd2a7907535b4f619e28623b0a22e98d496fd2a9620d544c5b5b09","nav_pack":"/Users/acfrazier/experiments/274bot/.worktrees/rs2b0t-multirevision/.superpowers/world-capabilities/289/274bot.navpack","nav_sha256":"131db92e32eddcb08148909d477589544320fe7e34a422e8004e97e888032924","catalog_commit":"100adccc037d9f6898080e1cad58fcfc43364775","catalog_identity":"pre-289 frozen catalog","catalog_read_only_path":".superpowers/inputs/rs2b0t-100adccc037d9f6898080e1cad58fcfc43364775","catalog_root":"/Users/acfrazier/experiments/274bot/.worktrees/rs2b0t-multirevision/.superpowers/inputs/rs2b0t-100adccc037d9f6898080e1cad58fcfc43364775","registry_path":"/Users/acfrazier/experiments/274bot/.worktrees/rs2b0t-multirevision/.superpowers/inputs/rs2b0t-100adccc037d9f6898080e1cad58fcfc43364775/src/bot/scripts/index.ts","registry_sha256":"b614aedb3d5adfdfbac3760f082273f3cf5c33fffe4ced0f2b01490ae02d1bc2","card":{"card":"TannerBot","source_path":"/Users/acfrazier/experiments/274bot/.worktrees/rs2b0t-multirevision/.superpowers/inputs/rs2b0t-100adccc037d9f6898080e1cad58fcfc43364775/src/bot/scripts/TannerBot/TannerBot.ts","source_sha256":"b8038b17ac72eec3cf7b2e84f8323e4cd898f1975de7d210cfba333e552b8d7f","compiled_sha256":"a9da7b6f5c395ba28391685f84b0aa48ab35cfeeb4829cdc6082699fc4f82a39","siblings":[],"settings":{"hideType":"Soft leather","buyThread":false,"threadEveryRuns":5.0,"threadQty":100.0,"coinsPerTrip":2000.0}},"account":"livepgz7y1_0","engine_speed_ms":null}
[host-play] slot livepgz7y1_0: thread up
274bot: snapshot load skipped: read /Users/acfrazier/.274bot/unpack-289/37214163f1e6ceca/models.bin: No such file or directory (os error 2)
[host-play] slot livepgz7y1_0: handshake begin reconnect=false
[host-play] slot livepgz7y1_0: handshake ok
[host-play] slot livepgz7y1_0: queued mainland tele+setvar (scene 2)
[host] slot livepgz7y1_0: d_loop_us=9815 d_raster_us=0 d_observe_us=41424 max_observe_us=3767 d_paints=0 d_skips=50 d_ticks=1 window_ms=0
[host-play] slot livepgz7y1_0: handshake begin reconnect=true
[host-play] slot livepgz7y1_0: handshake ok
[host] slot livepgz7y1_0: d_loop_us=1166 d_raster_us=0 d_observe_us=46610 max_observe_us=4168 d_paints=0 d_skips=50 d_ticks=1 window_ms=0
[host-play] slot livepgz7y1_0: queued mainland tele+setvar (scene 2)
[host] slot livepgz7y1_0: d_loop_us=29712 d_raster_us=0 d_observe_us=106572 max_observe_us=7861 d_paints=0 d_skips=50 d_ticks=25 window_ms=14926
{"phase":"baseline-after-preparation","scenario":"tanner_bot","account":"livepgz7y1_0","observation":{"ingame":true,"scene_state":2,"player":"Livepgz7y1 0","tile":[3269,3166,0],"tick":29,"items":{},"item_ids":{},"bank":{},"bank_ids":{},"bank_open":false,"bank_loaded":false,"bank_generation":2,"levels":{"-unused-":0,"agility":1,"attack":1,"cooking":1,"crafting":1,"defence":1,"firemaking":1,"fishing":1,"fletching":1,"herblore":1,"hitpoints":10,"magic":1,"mining":1,"prayer":1,"ranged":1,"runecraft":1,"slayer":1,"smithing":1,"strength":1,"thieving":1,"woodcutting":1},"xp":{"-unused-":0,"agility":0,"attack":0,"cooking":0,"crafting":0,"defence":0,"firemaking":0,"fishing":0,"fletching":0,"herblore":0,"hitpoints":1154,"magic":0,"mining":0,"prayer":0,"ranged":0,"runecraft":0,"slayer":0,"smithing":0,"strength":0,"thieving":0,"woodcutting":0},"chat":[[7,"Inventory wiped."],[6,"set tutorial: to 1000"],[5,"Welcome to RuneScape."]],"loc_facts":[],"equipment_ids":{},"main_modal":-1,"widget_ids":[3213,3214]}}
[script livepgz7y1_0] start load
{"phase":"start","account":"livepgz7y1_0","count":1}
[host] hitch livepgz7y1_0: observe_us=80413 paints=0 skips=105 ticks=29
[script livepgz7y1_0] TannerBot — Soft leather: Cow hide -> Leather
[script livepgz7y1_0] interact OpenBooth { x: 3268, z: 3166, level: 0, id: 2213, name: Some("Bank booth"), action: Some("Use-quickly") }
[host] hitch livepgz7y1_0: observe_us=18635 paints=0 skips=127 ticks=31
[host] slot livepgz7y1_0: d_loop_us=1219 d_raster_us=0 d_observe_us=165120 max_observe_us=80413 d_paints=0 d_skips=50 d_ticks=6 window_ms=3612
[host] slot livepgz7y1_0: d_loop_us=892 d_raster_us=0 d_observe_us=54588 max_observe_us=6840 d_paints=0 d_skips=50 d_ticks=2 window_ms=1314
[host] slot livepgz7y1_0: d_loop_us=836 d_raster_us=0 d_observe_us=51213 max_observe_us=8614 d_paints=0 d_skips=50 d_ticks=2 window_ms=1297
[script livepgz7y1_0] interact InvButton { id: 1739, slot: 0, component: 5382, operation: 5, bank_generation: 3 }
[script livepgz7y1_0] interact AnswerCount { value: 27 }
[shim-count] 27 sent
[host] slot livepgz7y1_0: d_loop_us=824 d_raster_us=0 d_observe_us=52937 max_observe_us=9169 d_paints=0 d_skips=50 d_ticks=2 window_ms=1290
[script livepgz7y1_0] interact CloseModal
[script livepgz7y1_0] interact WalkNear { x: 3277, z: 3191, level: 0, radius: 3, allow_teleports: false }
[host] slot livepgz7y1_0: d_loop_us=889 d_raster_us=0 d_observe_us=54071 max_observe_us=9833 d_paints=0 d_skips=50 d_ticks=2 window_ms=1305
[nav-follow] here=WorldTile { x: 3269, z: 3166, level: 0 } walk=true transport=false leg=0 hops=1 outcome=None
[nav-walk] here=WorldTile { x: 3271, z: 3166, level: 0 } aim=WorldTile { x: 3280, z: 3178, level: 0 } radius=2 ticks_waited=0 sent_tile=Some(WorldTile { x: 3269, z: 3166, level: 0 })
[nav-follow] here=WorldTile { x: 3271, z: 3166, level: 0 } walk=true transport=false leg=0 hops=1 outcome=None
[host] hitch livepgz7y1_0: observe_us=17298 paints=0 skips=379 ticks=42
[host] slot livepgz7y1_0: d_loop_us=947 d_raster_us=0 d_observe_us=65733 max_observe_us=17298 d_paints=0 d_skips=50 d_ticks=2 window_ms=1333
[nav-walk] here=WorldTile { x: 3273, z: 3167, level: 0 } aim=WorldTile { x: 3280, z: 3178, level: 0 } radius=2 ticks_waited=1 sent_tile=Some(WorldTile { x: 3269, z: 3166, level: 0 })
[nav-follow] here=WorldTile { x: 3273, z: 3167, level: 0 } walk=true transport=false leg=0 hops=1 outcome=None
[nav-walk] here=WorldTile { x: 3273, z: 3169, level: 0 } aim=WorldTile { x: 3280, z: 3178, level: 0 } radius=2 ticks_waited=2 sent_tile=Some(WorldTile { x: 3269, z: 3166, level: 0 })
[nav-follow] here=WorldTile { x: 3273, z: 3169, level: 0 } walk=true transport=false leg=0 hops=1 outcome=None
[host] slot livepgz7y1_0: d_loop_us=1061 d_raster_us=0 d_observe_us=70270 max_observe_us=15964 d_paints=0 d_skips=50 d_ticks=2 window_ms=1207
[nav-walk] here=WorldTile { x: 3275, z: 3171, level: 0 } aim=WorldTile { x: 3280, z: 3178, level: 0 } radius=2 ticks_waited=3 sent_tile=Some(WorldTile { x: 3269, z: 3166, level: 0 })
[nav-follow] here=WorldTile { x: 3275, z: 3171, level: 0 } walk=true transport=false leg=0 hops=1 outcome=None
[nav-walk] here=WorldTile { x: 3275, z: 3173, level: 0 } aim=WorldTile { x: 3280, z: 3178, level: 0 } radius=2 ticks_waited=4 sent_tile=Some(WorldTile { x: 3269, z: 3166, level: 0 })
[nav-follow] here=WorldTile { x: 3275, z: 3173, level: 0 } walk=true transport=false leg=0 hops=1 outcome=None
[host] slot livepgz7y1_0: d_loop_us=1262 d_raster_us=0 d_observe_us=69879 max_observe_us=15380 d_paints=0 d_skips=50 d_ticks=2 window_ms=1190
[nav-walk] here=WorldTile { x: 3277, z: 3175, level: 0 } aim=WorldTile { x: 3280, z: 3178, level: 0 } radius=2 ticks_waited=5 sent_tile=Some(WorldTile { x: 3269, z: 3166, level: 0 })
[nav-follow] here=WorldTile { x: 3277, z: 3175, level: 0 } walk=true transport=false leg=0 hops=1 outcome=None
[nav-walk] here=WorldTile { x: 3279, z: 3177, level: 0 } aim=WorldTile { x: 3280, z: 3178, level: 0 } radius=2 ticks_waited=6 sent_tile=Some(WorldTile { x: 3269, z: 3166, level: 0 })
[nav-follow] here=WorldTile { x: 3279, z: 3177, level: 0 } walk=true transport=false leg=0 hops=2 outcome=None
[host] hitch livepgz7y1_0: observe_us=17986 paints=0 skips=528 ticks=48
[host] slot livepgz7y1_0: d_loop_us=1167 d_raster_us=0 d_observe_us=71635 max_observe_us=17986 d_paints=0 d_skips=50 d_ticks=2 window_ms=1181
[nav-walk] here=WorldTile { x: 3279, z: 3179, level: 0 } aim=WorldTile { x: 3274, z: 3188, level: 0 } radius=0 ticks_waited=0 sent_tile=Some(WorldTile { x: 3279, z: 3177, level: 0 })
[nav-follow] here=WorldTile { x: 3279, z: 3179, level: 0 } walk=true transport=false leg=0 hops=2 outcome=None
[host] hitch livepgz7y1_0: observe_us=16275 paints=0 skips=553 ticks=49
[nav-walk] here=WorldTile { x: 3279, z: 3181, level: 0 } aim=WorldTile { x: 3274, z: 3188, level: 0 } radius=0 ticks_waited=1 sent_tile=Some(WorldTile { x: 3279, z: 3177, level: 0 })
[nav-follow] here=WorldTile { x: 3279, z: 3181, level: 0 } walk=true transport=false leg=0 hops=2 outcome=None
[host] slot livepgz7y1_0: d_loop_us=1129 d_raster_us=0 d_observe_us=65385 max_observe_us=16275 d_paints=0 d_skips=50 d_ticks=2 window_ms=1181
[nav-walk] here=WorldTile { x: 3280, z: 3183, level: 0 } aim=WorldTile { x: 3274, z: 3188, level: 0 } radius=0 ticks_waited=2 sent_tile=Some(WorldTile { x: 3279, z: 3177, level: 0 })
[nav-follow] here=WorldTile { x: 3280, z: 3183, level: 0 } walk=true transport=false leg=0 hops=2 outcome=None
[host] hitch livepgz7y1_0: observe_us=17896 paints=0 skips=604 ticks=51
[nav-walk] here=WorldTile { x: 3280, z: 3185, level: 0 } aim=WorldTile { x: 3274, z: 3188, level: 0 } radius=0 ticks_waited=3 sent_tile=Some(WorldTile { x: 3279, z: 3177, level: 0 })
[nav-follow] here=WorldTile { x: 3280, z: 3185, level: 0 } walk=true transport=false leg=0 hops=2 outcome=None
[host] hitch livepgz7y1_0: observe_us=18583 paints=0 skips=629 ticks=52
[host] slot livepgz7y1_0: d_loop_us=1017 d_raster_us=0 d_observe_us=76402 max_observe_us=18583 d_paints=0 d_skips=50 d_ticks=2 window_ms=1193
[nav-walk] here=WorldTile { x: 3278, z: 3185, level: 0 } aim=WorldTile { x: 3274, z: 3188, level: 0 } radius=0 ticks_waited=4 sent_tile=Some(WorldTile { x: 3279, z: 3177, level: 0 })
[nav-follow] here=WorldTile { x: 3278, z: 3185, level: 0 } walk=true transport=false leg=0 hops=2 outcome=None
[nav-walk] here=WorldTile { x: 3276, z: 3185, level: 0 } aim=WorldTile { x: 3274, z: 3188, level: 0 } radius=0 ticks_waited=5 sent_tile=Some(WorldTile { x: 3279, z: 3177, level: 0 })
[nav-follow] here=WorldTile { x: 3276, z: 3185, level: 0 } walk=true transport=false leg=0 hops=2 outcome=None
[host] slot livepgz7y1_0: d_loop_us=996 d_raster_us=0 d_observe_us=65357 max_observe_us=13718 d_paints=0 d_skips=50 d_ticks=2 window_ms=1179
[nav-walk] here=WorldTile { x: 3275, z: 3187, level: 0 } aim=WorldTile { x: 3274, z: 3188, level: 0 } radius=0 ticks_waited=6 sent_tile=Some(WorldTile { x: 3279, z: 3177, level: 0 })
[nav-follow] here=WorldTile { x: 3275, z: 3187, level: 0 } walk=true transport=false leg=0 hops=2 outcome=None
[nav-walk] here=WorldTile { x: 3274, z: 3188, level: 0 } aim=WorldTile { x: 3274, z: 3188, level: 0 } radius=0 ticks_waited=7 sent_tile=Some(WorldTile { x: 3279, z: 3177, level: 0 })
[nav-follow] here=WorldTile { x: 3274, z: 3188, level: 0 } walk=false transport=false leg=1 hops=2 outcome=Some(Arrived { at: WorldTile { x: 3274, z: 3188, level: 0 } })
[script livepgz7y1_0] interact Npc { name: "Tanner", action: "Trade", index: Some(229) }
[host] slot livepgz7y1_0: d_loop_us=966 d_raster_us=0 d_observe_us=69582 max_observe_us=15621 d_paints=0 d_skips=50 d_ticks=2 window_ms=1178
[host] slot livepgz7y1_0: d_loop_us=1082 d_raster_us=0 d_observe_us=68293 max_observe_us=15318 d_paints=0 d_skips=50 d_ticks=2 window_ms=1189
[host] hitch livepgz7y1_0: observe_us=18085 paints=0 skips=832 ticks=60
[host] slot livepgz7y1_0: d_loop_us=1047 d_raster_us=0 d_observe_us=72506 max_observe_us=18085 d_paints=0 d_skips=50 d_ticks=2 window_ms=1173
[host] slot livepgz7y1_0: d_loop_us=1119 d_raster_us=0 d_observe_us=67885 max_observe_us=14748 d_paints=0 d_skips=50 d_ticks=2 window_ms=1182
[host] hitch livepgz7y1_0: observe_us=16669 paints=0 skips=908 ticks=63
[host] slot livepgz7y1_0: d_loop_us=923 d_raster_us=0 d_observe_us=69893 max_observe_us=16669 d_paints=0 d_skips=50 d_ticks=2 window_ms=1187
[script livepgz7y1_0] tanner interface did not open — retrying
[script livepgz7y1_0] interact WalkNear { x: 3269, z: 3167, level: 0, radius: 3, allow_teleports: false }
[host] slot livepgz7y1_0: d_loop_us=1038 d_raster_us=0 d_observe_us=46692 max_observe_us=7235 d_paints=0 d_skips=50 d_ticks=2 window_ms=1182
[nav-follow] here=WorldTile { x: 3277, z: 3191, level: 0 } walk=true transport=false leg=0 hops=1 outcome=None
[host] slot livepgz7y1_0: d_loop_us=991 d_raster_us=0 d_observe_us=58396 max_observe_us=15792 d_paints=0 d_skips=50 d_ticks=2 window_ms=1176
[nav-walk] here=WorldTile { x: 3279, z: 3191, level: 0 } aim=WorldTile { x: 3280, z: 3177, level: 0 } radius=2 ticks_waited=0 sent_tile=Some(WorldTile { x: 3277, z: 3191, level: 0 })
[nav-follow] here=WorldTile { x: 3279, z: 3191, level: 0 } walk=true transport=false leg=0 hops=1 outcome=None
[nav-walk] here=WorldTile { x: 3280, z: 3189, level: 0 } aim=WorldTile { x: 3280, z: 3177, level: 0 } radius=2 ticks_waited=1 sent_tile=Some(WorldTile { x: 3277, z: 3191, level: 0 })
[nav-follow] here=WorldTile { x: 3280, z: 3189, level: 0 } walk=true transport=false leg=0 hops=1 outcome=None
[host] slot livepgz7y1_0: d_loop_us=996 d_raster_us=0 d_observe_us=69095 max_observe_us=15223 d_paints=0 d_skips=50 d_ticks=2 window_ms=1192
[nav-walk] here=WorldTile { x: 3280, z: 3187, level: 0 } aim=WorldTile { x: 3280, z: 3177, level: 0 } radius=2 ticks_waited=2 sent_tile=Some(WorldTile { x: 3277, z: 3191, level: 0 })
[nav-follow] here=WorldTile { x: 3280, z: 3187, level: 0 } walk=true transport=false leg=0 hops=1 outcome=None
[nav-walk] here=WorldTile { x: 3280, z: 3185, level: 0 } aim=WorldTile { x: 3280, z: 3177, level: 0 } radius=2 ticks_waited=3 sent_tile=Some(WorldTile { x: 3277, z: 3191, level: 0 })
[nav-follow] here=WorldTile { x: 3280, z: 3185, level: 0 } walk=true transport=false leg=0 hops=1 outcome=None
[host] slot livepgz7y1_0: d_loop_us=1129 d_raster_us=0 d_observe_us=70351 max_observe_us=15509 d_paints=0 d_skips=50 d_ticks=2 window_ms=1152
[nav-walk] here=WorldTile { x: 3280, z: 3183, level: 0 } aim=WorldTile { x: 3280, z: 3177, level: 0 } radius=2 ticks_waited=4 sent_tile=Some(WorldTile { x: 3277, z: 3191, level: 0 })
[nav-follow] here=WorldTile { x: 3280, z: 3183, level: 0 } walk=true transport=false leg=0 hops=1 outcome=None
[host] hitch livepgz7y1_0: observe_us=17683 paints=0 skips=1163 ticks=73
[nav-walk] here=WorldTile { x: 3280, z: 3181, level: 0 } aim=WorldTile { x: 3280, z: 3177, level: 0 } radius=2 ticks_waited=5 sent_tile=Some(WorldTile { x: 3277, z: 3191, level: 0 })
[nav-follow] here=WorldTile { x: 3280, z: 3181, level: 0 } walk=true transport=false leg=0 hops=1 outcome=None
[host] slot livepgz7y1_0: d_loop_us=1037 d_raster_us=0 d_observe_us=71061 max_observe_us=17683 d_paints=0 d_skips=50 d_ticks=2 window_ms=1177
[nav-walk] here=WorldTile { x: 3280, z: 3179, level: 0 } aim=WorldTile { x: 3280, z: 3177, level: 0 } radius=2 ticks_waited=6 sent_tile=Some(WorldTile { x: 3277, z: 3191, level: 0 })
[nav-follow] here=WorldTile { x: 3280, z: 3179, level: 0 } walk=true transport=false leg=0 hops=2 outcome=None
[nav-walk] here=WorldTile { x: 3280, z: 3177, level: 0 } aim=WorldTile { x: 3269, z: 3170, level: 0 } radius=0 ticks_waited=0 sent_tile=Some(WorldTile { x: 3280, z: 3179, level: 0 })
[nav-follow] here=WorldTile { x: 3280, z: 3177, level: 0 } walk=true transport=false leg=0 hops=2 outcome=None
[host] slot livepgz7y1_0: d_loop_us=1089 d_raster_us=0 d_observe_us=59836 max_observe_us=15587 d_paints=0 d_skips=50 d_ticks=2 window_ms=1180
test catalog_boundary_live has been running for over 60 seconds
[nav-walk] here=WorldTile { x: 3279, z: 3175, level: 0 } aim=WorldTile { x: 3269, z: 3170, level: 0 } radius=0 ticks_waited=1 sent_tile=Some(WorldTile { x: 3280, z: 3179, level: 0 })
[nav-follow] here=WorldTile { x: 3279, z: 3175, level: 0 } walk=true transport=false leg=0 hops=2 outcome=None
[nav-walk] here=WorldTile { x: 3277, z: 3173, level: 0 } aim=WorldTile { x: 3269, z: 3170, level: 0 } radius=0 ticks_waited=2 sent_tile=Some(WorldTile { x: 3280, z: 3179, level: 0 })
[nav-follow] here=WorldTile { x: 3277, z: 3173, level: 0 } walk=true transport=false leg=0 hops=2 outcome=None
[host] slot livepgz7y1_0: d_loop_us=1252 d_raster_us=0 d_observe_us=67769 max_observe_us=15078 d_paints=0 d_skips=50 d_ticks=2 window_ms=1179
[nav-walk] here=WorldTile { x: 3276, z: 3171, level: 0 } aim=WorldTile { x: 3269, z: 3170, level: 0 } radius=0 ticks_waited=3 sent_tile=Some(WorldTile { x: 3280, z: 3179, level: 0 })
[nav-follow] here=WorldTile { x: 3276, z: 3171, level: 0 } walk=true transport=false leg=0 hops=2 outcome=None
[nav-walk] here=WorldTile { x: 3275, z: 3169, level: 0 } aim=WorldTile { x: 3269, z: 3170, level: 0 } radius=0 ticks_waited=4 sent_tile=Some(WorldTile { x: 3280, z: 3179, level: 0 })
[nav-follow] here=WorldTile { x: 3275, z: 3169, level: 0 } walk=true transport=false leg=0 hops=2 outcome=None
[host] slot livepgz7y1_0: d_loop_us=1064 d_raster_us=0 d_observe_us=66353 max_observe_us=14770 d_paints=0 d_skips=50 d_ticks=2 window_ms=1178
[nav-walk] here=WorldTile { x: 3273, z: 3167, level: 0 } aim=WorldTile { x: 3269, z: 3170, level: 0 } radius=0 ticks_waited=5 sent_tile=Some(WorldTile { x: 3280, z: 3179, level: 0 })
[nav-follow] here=WorldTile { x: 3273, z: 3167, level: 0 } walk=true transport=false leg=0 hops=2 outcome=None
[host] hitch livepgz7y1_0: observe_us=16537 paints=0 skips=1366 ticks=81
[nav-walk] here=WorldTile { x: 3271, z: 3167, level: 0 } aim=WorldTile { x: 3269, z: 3170, level: 0 } radius=0 ticks_waited=6 sent_tile=Some(WorldTile { x: 3280, z: 3179, level: 0 })
[nav-follow] here=WorldTile { x: 3271, z: 3167, level: 0 } walk=true transport=false leg=0 hops=2 outcome=None
[host] hitch livepgz7y1_0: observe_us=17330 paints=0 skips=1392 ticks=82
[script livepgz7y1_0] interact WalkNear { x: 3268, z: 3164, level: 0, radius: 1, allow_teleports: false }
[host] slot livepgz7y1_0: d_loop_us=1022 d_raster_us=0 d_observe_us=76861 max_observe_us=17330 d_paints=0 d_skips=50 d_ticks=2 window_ms=1179
[nav-follow] here=WorldTile { x: 3270, z: 3169, level: 0 } walk=true transport=false leg=0 hops=1 outcome=None
[host] hitch livepgz7y1_0: observe_us=17136 paints=0 skips=1417 ticks=83
[nav-walk] here=WorldTile { x: 3270, z: 3167, level: 0 } aim=WorldTile { x: 3269, z: 3165, level: 0 } radius=0 ticks_waited=0 sent_tile=Some(WorldTile { x: 3270, z: 3169, level: 0 })
[nav-follow] here=WorldTile { x: 3270, z: 3167, level: 0 } walk=true transport=false leg=0 hops=1 outcome=None
[host] slot livepgz7y1_0: d_loop_us=1034 d_raster_us=0 d_observe_us=71546 max_observe_us=17136 d_paints=0 d_skips=50 d_ticks=2 window_ms=1207
[nav-walk] here=WorldTile { x: 3269, z: 3165, level: 0 } aim=WorldTile { x: 3269, z: 3165, level: 0 } radius=0 ticks_waited=1 sent_tile=Some(WorldTile { x: 3270, z: 3169, level: 0 })
[nav-follow] here=WorldTile { x: 3269, z: 3165, level: 0 } walk=false transport=false leg=1 hops=1 outcome=Some(Arrived { at: WorldTile { x: 3269, z: 3165, level: 0 } })
[script livepgz7y1_0] interact OpenBooth { x: 3268, z: 3164, level: 0, id: 2213, name: Some("Bank booth"), action: Some("Use-quickly") }
[host] slot livepgz7y1_0: d_loop_us=1032 d_raster_us=0 d_observe_us=68275 max_observe_us=15075 d_paints=0 d_skips=50 d_ticks=2 window_ms=1175
[host] slot livepgz7y1_0: d_loop_us=1085 d_raster_us=0 d_observe_us=64657 max_observe_us=11954 d_paints=0 d_skips=50 d_ticks=2 window_ms=1166
[script livepgz7y1_0] interact InvButton { id: 1739, slot: 0, component: 5382, operation: 5, bank_generation: 5 }
[script livepgz7y1_0] interact AnswerCount { value: 27 }
[shim-count] 27 sent
[host] slot livepgz7y1_0: d_loop_us=946 d_raster_us=0 d_observe_us=63274 max_observe_us=12024 d_paints=0 d_skips=50 d_ticks=2 window_ms=1190
[script livepgz7y1_0] interact CloseModal
[script livepgz7y1_0] interact WalkNear { x: 3277, z: 3191, level: 0, radius: 3, allow_teleports: false }
[host] slot livepgz7y1_0: d_loop_us=942 d_raster_us=0 d_observe_us=67621 max_observe_us=12117 d_paints=0 d_skips=50 d_ticks=2 window_ms=1181
[nav-follow] here=WorldTile { x: 3269, z: 3164, level: 0 } walk=true transport=false leg=0 hops=1 outcome=None
[nav-walk] here=WorldTile { x: 3271, z: 3166, level: 0 } aim=WorldTile { x: 3280, z: 3178, level: 0 } radius=2 ticks_waited=0 sent_tile=Some(WorldTile { x: 3269, z: 3164, level: 0 })
[nav-follow] here=WorldTile { x: 3271, z: 3166, level: 0 } walk=true transport=false leg=0 hops=1 outcome=None
[host] slot livepgz7y1_0: d_loop_us=980 d_raster_us=0 d_observe_us=63441 max_observe_us=14682 d_paints=0 d_skips=50 d_ticks=2 window_ms=1186
[nav-walk] here=WorldTile { x: 3273, z: 3167, level: 0 } aim=WorldTile { x: 3280, z: 3178, level: 0 } radius=2 ticks_waited=1 sent_tile=Some(WorldTile { x: 3269, z: 3164, level: 0 })
[nav-follow] here=WorldTile { x: 3273, z: 3167, level: 0 } walk=true transport=false leg=0 hops=1 outcome=None
[host] hitch livepgz7y1_0: observe_us=17689 paints=0 skips=1721 ticks=95
[nav-walk] here=WorldTile { x: 3273, z: 3169, level: 0 } aim=WorldTile { x: 3280, z: 3178, level: 0 } radius=2 ticks_waited=2 sent_tile=Some(WorldTile { x: 3269, z: 3164, level: 0 })
[nav-follow] here=WorldTile { x: 3273, z: 3169, level: 0 } walk=true transport=false leg=0 hops=1 outcome=None
[host] hitch livepgz7y1_0: observe_us=17101 paints=0 skips=1746 ticks=96
[host] slot livepgz7y1_0: d_loop_us=1086 d_raster_us=0 d_observe_us=76478 max_observe_us=17689 d_paints=0 d_skips=50 d_ticks=2 window_ms=1188
[nav-walk] here=WorldTile { x: 3275, z: 3171, level: 0 } aim=WorldTile { x: 3280, z: 3178, level: 0 } radius=2 ticks_waited=3 sent_tile=Some(WorldTile { x: 3269, z: 3164, level: 0 })
[nav-follow] here=WorldTile { x: 3275, z: 3171, level: 0 } walk=true transport=false leg=0 hops=1 outcome=None
[nav-walk] here=WorldTile { x: 3275, z: 3173, level: 0 } aim=WorldTile { x: 3280, z: 3178, level: 0 } radius=2 ticks_waited=4 sent_tile=Some(WorldTile { x: 3269, z: 3164, level: 0 })
[nav-follow] here=WorldTile { x: 3275, z: 3173, level: 0 } walk=true transport=false leg=0 hops=1 outcome=None
[host] slot livepgz7y1_0: d_loop_us=925 d_raster_us=0 d_observe_us=61195 max_observe_us=14919 d_paints=0 d_skips=50 d_ticks=2 window_ms=1183
[nav-walk] here=WorldTile { x: 3277, z: 3175, level: 0 } aim=WorldTile { x: 3280, z: 3178, level: 0 } radius=2 ticks_waited=5 sent_tile=Some(WorldTile { x: 3269, z: 3164, level: 0 })
[nav-follow] here=WorldTile { x: 3277, z: 3175, level: 0 } walk=true transport=false leg=0 hops=1 outcome=None
[nav-walk] here=WorldTile { x: 3279, z: 3177, level: 0 } aim=WorldTile { x: 3280, z: 3178, level: 0 } radius=2 ticks_waited=6 sent_tile=Some(WorldTile { x: 3269, z: 3164, level: 0 })
[nav-follow] here=WorldTile { x: 3279, z: 3177, level: 0 } walk=true transport=false leg=0 hops=2 outcome=None
[host] hitch livepgz7y1_0: observe_us=16691 paints=0 skips=1847 ticks=100
[host] slot livepgz7y1_0: d_loop_us=1056 d_raster_us=0 d_observe_us=65658 max_observe_us=16691 d_paints=0 d_skips=50 d_ticks=2 window_ms=1183
[nav-walk] here=WorldTile { x: 3279, z: 3179, level: 0 } aim=WorldTile { x: 3274, z: 3188, level: 0 } radius=0 ticks_waited=0 sent_tile=Some(WorldTile { x: 3279, z: 3177, level: 0 })
[nav-follow] here=WorldTile { x: 3279, z: 3179, level: 0 } walk=true transport=false leg=0 hops=2 outcome=None
[nav-walk] here=WorldTile { x: 3279, z: 3181, level: 0 } aim=WorldTile { x: 3274, z: 3188, level: 0 } radius=0 ticks_waited=1 sent_tile=Some(WorldTile { x: 3279, z: 3177, level: 0 })
[nav-follow] here=WorldTile { x: 3279, z: 3181, level: 0 } walk=true transport=false leg=0 hops=2 outcome=None
[host] slot livepgz7y1_0: d_loop_us=1163 d_raster_us=0 d_observe_us=67947 max_observe_us=15066 d_paints=0 d_skips=50 d_ticks=2 window_ms=1177
[nav-walk] here=WorldTile { x: 3280, z: 3183, level: 0 } aim=WorldTile { x: 3274, z: 3188, level: 0 } radius=0 ticks_waited=2 sent_tile=Some(WorldTile { x: 3279, z: 3177, level: 0 })
[nav-follow] here=WorldTile { x: 3280, z: 3183, level: 0 } walk=true transport=false leg=0 hops=2 outcome=None
[host] hitch livepgz7y1_0: observe_us=17964 paints=0 skips=1923 ticks=103
[nav-walk] here=WorldTile { x: 3280, z: 3185, level: 0 } aim=WorldTile { x: 3274, z: 3188, level: 0 } radius=0 ticks_waited=3 sent_tile=Some(WorldTile { x: 3279, z: 3177, level: 0 })
[nav-follow] here=WorldTile { x: 3280, z: 3185, level: 0 } walk=true transport=false leg=0 hops=2 outcome=None
[host] hitch livepgz7y1_0: observe_us=16452 paints=0 skips=1949 ticks=104
[host] slot livepgz7y1_0: d_loop_us=1093 d_raster_us=0 d_observe_us=76239 max_observe_us=17964 d_paints=0 d_skips=50 d_ticks=2 window_ms=1199
[nav-walk] here=WorldTile { x: 3278, z: 3185, level: 0 } aim=WorldTile { x: 3274, z: 3188, level: 0 } radius=0 ticks_waited=4 sent_tile=Some(WorldTile { x: 3279, z: 3177, level: 0 })
[nav-follow] here=WorldTile { x: 3278, z: 3185, level: 0 } walk=true transport=false leg=0 hops=2 outcome=None
[host] hitch livepgz7y1_0: observe_us=17054 paints=0 skips=1974 ticks=105
[host] slot livepgz7y1_0: d_loop_us=1006 d_raster_us=0 d_observe_us=57218 max_observe_us=17054 d_paints=0 d_skips=50 d_ticks=2 window_ms=1166
[nav-walk] here=WorldTile { x: 3276, z: 3185, level: 0 } aim=WorldTile { x: 3274, z: 3188, level: 0 } radius=0 ticks_waited=5 sent_tile=Some(WorldTile { x: 3279, z: 3177, level: 0 })
[nav-follow] here=WorldTile { x: 3276, z: 3185, level: 0 } walk=true transport=false leg=0 hops=2 outcome=None
[nav-walk] here=WorldTile { x: 3275, z: 3187, level: 0 } aim=WorldTile { x: 3274, z: 3188, level: 0 } radius=0 ticks_waited=6 sent_tile=Some(WorldTile { x: 3279, z: 3177, level: 0 })
[nav-follow] here=WorldTile { x: 3275, z: 3187, level: 0 } walk=true transport=false leg=0 hops=2 outcome=None
[host] slot livepgz7y1_0: d_loop_us=985 d_raster_us=0 d_observe_us=69176 max_observe_us=15559 d_paints=0 d_skips=50 d_ticks=2 window_ms=1183
[nav-walk] here=WorldTile { x: 3274, z: 3188, level: 0 } aim=WorldTile { x: 3274, z: 3188, level: 0 } radius=0 ticks_waited=7 sent_tile=Some(WorldTile { x: 3279, z: 3177, level: 0 })
[nav-follow] here=WorldTile { x: 3274, z: 3188, level: 0 } walk=false transport=false leg=1 hops=2 outcome=Some(Arrived { at: WorldTile { x: 3274, z: 3188, level: 0 } })
[script livepgz7y1_0] interact Npc { name: "Tanner", action: "Trade", index: Some(229) }
[host] slot livepgz7y1_0: d_loop_us=918 d_raster_us=0 d_observe_us=64806 max_observe_us=15390 d_paints=0 d_skips=50 d_ticks=1 window_ms=1171
[host] slot livepgz7y1_0: d_loop_us=1048 d_raster_us=0 d_observe_us=65129 max_observe_us=14402 d_paints=0 d_skips=50 d_ticks=2 window_ms=1185
[host] slot livepgz7y1_0: d_loop_us=1089 d_raster_us=0 d_observe_us=65390 max_observe_us=14334 d_paints=0 d_skips=50 d_ticks=2 window_ms=1171
[host] slot livepgz7y1_0: d_loop_us=961 d_raster_us=0 d_observe_us=61538 max_observe_us=14001 d_paints=0 d_skips=50 d_ticks=2 window_ms=1157
[script livepgz7y1_0] tanner interface did not open — retrying
[host] slot livepgz7y1_0: d_loop_us=964 d_raster_us=0 d_observe_us=61162 max_observe_us=12365 d_paints=0 d_skips=50 d_ticks=2 window_ms=1168
[script livepgz7y1_0] interact WalkNear { x: 3269, z: 3167, level: 0, radius: 3, allow_teleports: false }
[host] slot livepgz7y1_0: d_loop_us=856 d_raster_us=0 d_observe_us=57890 max_observe_us=12413 d_paints=0 d_skips=50 d_ticks=2 window_ms=1187
[nav-follow] here=WorldTile { x: 3276, z: 3193, level: 0 } walk=true transport=false leg=0 hops=1 outcome=None
[nav-walk] here=WorldTile { x: 3277, z: 3192, level: 0 } aim=WorldTile { x: 3282, z: 3182, level: 0 } radius=2 ticks_waited=0 sent_tile=Some(WorldTile { x: 3276, z: 3193, level: 0 })
[nav-follow] here=WorldTile { x: 3277, z: 3192, level: 0 } walk=true transport=false leg=0 hops=1 outcome=None
[host] hitch livepgz7y1_0: observe_us=18909 paints=0 skips=2382 ticks=121
[host] slot livepgz7y1_0: d_loop_us=1038 d_raster_us=0 d_observe_us=73947 max_observe_us=18909 d_paints=0 d_skips=50 d_ticks=2 window_ms=1180
[nav-walk] here=WorldTile { x: 3278, z: 3191, level: 0 } aim=WorldTile { x: 3282, z: 3182, level: 0 } radius=2 ticks_waited=1 sent_tile=Some(WorldTile { x: 3276, z: 3193, level: 0 })
[nav-follow] here=WorldTile { x: 3278, z: 3191, level: 0 } walk=true transport=false leg=0 hops=1 outcome=None
[nav-walk] here=WorldTile { x: 3279, z: 3190, level: 0 } aim=WorldTile { x: 3282, z: 3182, level: 0 } radius=2 ticks_waited=2 sent_tile=Some(WorldTile { x: 3276, z: 3193, level: 0 })
[nav-follow] here=WorldTile { x: 3279, z: 3190, level: 0 } walk=true transport=false leg=0 hops=1 outcome=None
[host] slot livepgz7y1_0: d_loop_us=990 d_raster_us=0 d_observe_us=67332 max_observe_us=15465 d_paints=0 d_skips=50 d_ticks=2 window_ms=1194
[nav-walk] here=WorldTile { x: 3280, z: 3188, level: 0 } aim=WorldTile { x: 3282, z: 3182, level: 0 } radius=2 ticks_waited=3 sent_tile=Some(WorldTile { x: 3276, z: 3193, level: 0 })
[nav-follow] here=WorldTile { x: 3280, z: 3188, level: 0 } walk=true transport=false leg=0 hops=1 outcome=None
[host] hitch livepgz7y1_0: observe_us=16859 paints=0 skips=2458 ticks=124
[nav-walk] here=WorldTile { x: 3280, z: 3186, level: 0 } aim=WorldTile { x: 3282, z: 3182, level: 0 } radius=2 ticks_waited=4 sent_tile=Some(WorldTile { x: 3276, z: 3193, level: 0 })
[nav-follow] here=WorldTile { x: 3280, z: 3186, level: 0 } walk=true transport=false leg=0 hops=1 outcome=None
[host] slot livepgz7y1_0: d_loop_us=1019 d_raster_us=0 d_observe_us=72008 max_observe_us=16859 d_paints=0 d_skips=50 d_ticks=2 window_ms=1172
[nav-walk] here=WorldTile { x: 3280, z: 3184, level: 0 } aim=WorldTile { x: 3282, z: 3182, level: 0 } radius=2 ticks_waited=5 sent_tile=Some(WorldTile { x: 3276, z: 3193, level: 0 })
[nav-follow] here=WorldTile { x: 3280, z: 3184, level: 0 } walk=true transport=false leg=0 hops=2 outcome=None
[nav-walk] here=WorldTile { x: 3280, z: 3182, level: 0 } aim=WorldTile { x: 3269, z: 3170, level: 0 } radius=0 ticks_waited=0 sent_tile=Some(WorldTile { x: 3280, z: 3184, level: 0 })
[nav-follow] here=WorldTile { x: 3280, z: 3182, level: 0 } walk=true transport=false leg=0 hops=2 outcome=None
[host] hitch livepgz7y1_0: observe_us=16347 paints=0 skips=2535 ticks=127
[host] slot livepgz7y1_0: d_loop_us=1055 d_raster_us=0 d_observe_us=70416 max_observe_us=16347 d_paints=0 d_skips=50 d_ticks=2 window_ms=1161
[nav-walk] here=WorldTile { x: 3280, z: 3180, level: 0 } aim=WorldTile { x: 3269, z: 3170, level: 0 } radius=0 ticks_waited=1 sent_tile=Some(WorldTile { x: 3280, z: 3184, level: 0 })
[nav-follow] here=WorldTile { x: 3280, z: 3180, level: 0 } walk=true transport=false leg=0 hops=2 outcome=None
[nav-walk] here=WorldTile { x: 3280, z: 3178, level: 0 } aim=WorldTile { x: 3269, z: 3170, level: 0 } radius=0 ticks_waited=2 sent_tile=Some(WorldTile { x: 3280, z: 3184, level: 0 })
[nav-follow] here=WorldTile { x: 3280, z: 3178, level: 0 } walk=true transport=false leg=0 hops=2 outcome=None
[host] slot livepgz7y1_0: d_loop_us=1168 d_raster_us=0 d_observe_us=66825 max_observe_us=15102 d_paints=0 d_skips=50 d_ticks=2 window_ms=1172
[nav-walk] here=WorldTile { x: 3280, z: 3176, level: 0 } aim=WorldTile { x: 3269, z: 3170, level: 0 } radius=0 ticks_waited=3 sent_tile=Some(WorldTile { x: 3280, z: 3184, level: 0 })
[nav-follow] here=WorldTile { x: 3280, z: 3176, level: 0 } walk=true transport=false leg=0 hops=2 outcome=None
[nav-walk] here=WorldTile { x: 3279, z: 3175, level: 0 } aim=WorldTile { x: 3269, z: 3170, level: 0 } radius=0 ticks_waited=4 sent_tile=Some(WorldTile { x: 3280, z: 3184, level: 0 })
[nav-follow] here=WorldTile { x: 3279, z: 3175, level: 0 } walk=true transport=false leg=0 hops=2 outcome=None
[host] hitch livepgz7y1_0: observe_us=17609 paints=0 skips=2638 ticks=131
[host] slot livepgz7y1_0: d_loop_us=1106 d_raster_us=0 d_observe_us=72780 max_observe_us=17609 d_paints=0 d_skips=50 d_ticks=2 window_ms=1168
[nav-walk] here=WorldTile { x: 3278, z: 3174, level: 0 } aim=WorldTile { x: 3269, z: 3170, level: 0 } radius=0 ticks_waited=5 sent_tile=Some(WorldTile { x: 3280, z: 3184, level: 0 })
[nav-follow] here=WorldTile { x: 3278, z: 3174, level: 0 } walk=true transport=false leg=0 hops=2 outcome=None
[nav-walk] here=WorldTile { x: 3277, z: 3173, level: 0 } aim=WorldTile { x: 3269, z: 3170, level: 0 } radius=0 ticks_waited=6 sent_tile=Some(WorldTile { x: 3280, z: 3184, level: 0 })
[nav-follow] here=WorldTile { x: 3277, z: 3173, level: 0 } walk=true transport=false leg=0 hops=2 outcome=None
[host] slot livepgz7y1_0: d_loop_us=1135 d_raster_us=0 d_observe_us=67948 max_observe_us=15581 d_paints=0 d_skips=50 d_ticks=2 window_ms=1182
[nav-walk] here=WorldTile { x: 3276, z: 3172, level: 0 } aim=WorldTile { x: 3269, z: 3170, level: 0 } radius=0 ticks_waited=7 sent_tile=Some(WorldTile { x: 3280, z: 3184, level: 0 })
[nav-follow] here=WorldTile { x: 3276, z: 3172, level: 0 } walk=true transport=false leg=0 hops=2 outcome=None
[nav-walk] here=WorldTile { x: 3276, z: 3171, level: 0 } aim=WorldTile { x: 3269, z: 3170, level: 0 } radius=0 ticks_waited=8 sent_tile=Some(WorldTile { x: 3280, z: 3184, level: 0 })
[nav-follow] here=WorldTile { x: 3276, z: 3171, level: 0 } walk=true transport=false leg=0 hops=2 outcome=None
[host] slot livepgz7y1_0: d_loop_us=959 d_raster_us=0 d_observe_us=64335 max_observe_us=14560 d_paints=0 d_skips=50 d_ticks=2 window_ms=1184
[nav-walk] here=WorldTile { x: 3276, z: 3170, level: 0 } aim=WorldTile { x: 3269, z: 3170, level: 0 } radius=0 ticks_waited=9 sent_tile=Some(WorldTile { x: 3280, z: 3184, level: 0 })
[nav-follow] here=WorldTile { x: 3276, z: 3170, level: 0 } walk=true transport=false leg=0 hops=2 outcome=None
[nav-walk] here=WorldTile { x: 3275, z: 3169, level: 0 } aim=WorldTile { x: 3269, z: 3170, level: 0 } radius=0 ticks_waited=10 sent_tile=Some(WorldTile { x: 3280, z: 3184, level: 0 })
[nav-follow] here=WorldTile { x: 3275, z: 3169, level: 0 } walk=true transport=false leg=0 hops=2 outcome=None
[host] slot livepgz7y1_0: d_loop_us=1061 d_raster_us=0 d_observe_us=67534 max_observe_us=15871 d_paints=0 d_skips=50 d_ticks=2 window_ms=1182
[nav-walk] here=WorldTile { x: 3274, z: 3168, level: 0 } aim=WorldTile { x: 3269, z: 3170, level: 0 } radius=0 ticks_waited=11 sent_tile=Some(WorldTile { x: 3280, z: 3184, level: 0 })
[nav-follow] here=WorldTile { x: 3274, z: 3168, level: 0 } walk=true transport=false leg=0 hops=2 outcome=None
[nav-walk] here=WorldTile { x: 3273, z: 3167, level: 0 } aim=WorldTile { x: 3269, z: 3170, level: 0 } radius=0 ticks_waited=12 sent_tile=Some(WorldTile { x: 3280, z: 3184, level: 0 })
[nav-follow] here=WorldTile { x: 3273, z: 3167, level: 0 } walk=true transport=false leg=0 hops=2 outcome=None
[host] hitch livepgz7y1_0: observe_us=17297 paints=0 skips=2840 ticks=139
[host] slot livepgz7y1_0: d_loop_us=1053 d_raster_us=0 d_observe_us=69091 max_observe_us=17297 d_paints=0 d_skips=50 d_ticks=2 window_ms=1182
[nav-walk] here=WorldTile { x: 3272, z: 3167, level: 0 } aim=WorldTile { x: 3269, z: 3170, level: 0 } radius=0 ticks_waited=13 sent_tile=Some(WorldTile { x: 3280, z: 3184, level: 0 })
[nav-follow] here=WorldTile { x: 3272, z: 3167, level: 0 } walk=true transport=false leg=0 hops=2 outcome=None
[script livepgz7y1_0] interact WalkNear { x: 3268, z: 3164, level: 0, radius: 1, allow_teleports: false }
[nav-follow] here=WorldTile { x: 3271, z: 3167, level: 0 } walk=true transport=false leg=0 hops=1 outcome=None
[host] hitch livepgz7y1_0: observe_us=16500 paints=0 skips=2892 ticks=141
[host] slot livepgz7y1_0: d_loop_us=945 d_raster_us=0 d_observe_us=72220 max_observe_us=16500 d_paints=0 d_skips=50 d_ticks=2 window_ms=1160
[nav-walk] here=WorldTile { x: 3271, z: 3166, level: 0 } aim=WorldTile { x: 3269, z: 3164, level: 0 } radius=0 ticks_waited=0 sent_tile=Some(WorldTile { x: 3271, z: 3167, level: 0 })
[nav-follow] here=WorldTile { x: 3271, z: 3166, level: 0 } walk=true transport=false leg=0 hops=1 outcome=None
[nav-walk] here=WorldTile { x: 3270, z: 3165, level: 0 } aim=WorldTile { x: 3269, z: 3164, level: 0 } radius=0 ticks_waited=1 sent_tile=Some(WorldTile { x: 3271, z: 3167, level: 0 })
[nav-follow] here=WorldTile { x: 3270, z: 3165, level: 0 } walk=true transport=false leg=0 hops=1 outcome=None
[host] slot livepgz7y1_0: d_loop_us=871 d_raster_us=0 d_observe_us=65424 max_observe_us=14777 d_paints=0 d_skips=50 d_ticks=2 window_ms=1198
[nav-walk] here=WorldTile { x: 3269, z: 3164, level: 0 } aim=WorldTile { x: 3269, z: 3164, level: 0 } radius=0 ticks_waited=2 sent_tile=Some(WorldTile { x: 3271, z: 3167, level: 0 })
[nav-follow] here=WorldTile { x: 3269, z: 3164, level: 0 } walk=false transport=false leg=1 hops=1 outcome=Some(Arrived { at: WorldTile { x: 3269, z: 3164, level: 0 } })
[script livepgz7y1_0] interact OpenBooth { x: 3268, z: 3164, level: 0, id: 2213, name: Some("Bank booth"), action: Some("Use-quickly") }
[host] slot livepgz7y1_0: d_loop_us=928 d_raster_us=0 d_observe_us=71432 max_observe_us=15714 d_paints=0 d_skips=50 d_ticks=2 window_ms=1166
[script livepgz7y1_0] interact InvButton { id: 1739, slot: 0, component: 5382, operation: 5, bank_generation: 9 }
[host] slot livepgz7y1_0: d_loop_us=955 d_raster_us=0 d_observe_us=61728 max_observe_us=11630 d_paints=0 d_skips=50 d_ticks=2 window_ms=1174
[script livepgz7y1_0] interact AnswerCount { value: 27 }
[shim-count] 27 sent
[script livepgz7y1_0] interact CloseModal
[host] slot livepgz7y1_0: d_loop_us=1025 d_raster_us=0 d_observe_us=63327 max_observe_us=10276 d_paints=0 d_skips=50 d_ticks=2 window_ms=1154
[script livepgz7y1_0] interact WalkNear { x: 3277, z: 3191, level: 0, radius: 3, allow_teleports: false }
[nav-follow] here=WorldTile { x: 3269, z: 3164, level: 0 } walk=true transport=false leg=0 hops=1 outcome=None
[host] slot livepgz7y1_0: d_loop_us=949 d_raster_us=0 d_observe_us=55134 max_observe_us=9928 d_paints=0 d_skips=50 d_ticks=2 window_ms=1161
[nav-walk] here=WorldTile { x: 3270, z: 3165, level: 0 } aim=WorldTile { x: 3280, z: 3178, level: 0 } radius=2 ticks_waited=0 sent_tile=Some(WorldTile { x: 3269, z: 3164, level: 0 })
[nav-follow] here=WorldTile { x: 3270, z: 3165, level: 0 } walk=true transport=false leg=0 hops=1 outcome=None
[host] slot livepgz7y1_0: d_loop_us=993 d_raster_us=0 d_observe_us=49737 max_observe_us=12549 d_paints=0 d_skips=50 d_ticks=2 window_ms=1171
[nav-walk] here=WorldTile { x: 3271, z: 3166, level: 0 } aim=WorldTile { x: 3280, z: 3178, level: 0 } radius=2 ticks_waited=1 sent_tile=Some(WorldTile { x: 3269, z: 3164, level: 0 })
[nav-follow] here=WorldTile { x: 3271, z: 3166, level: 0 } walk=true transport=false leg=0 hops=1 outcome=None
[nav-walk] here=WorldTile { x: 3272, z: 3166, level: 0 } aim=WorldTile { x: 3280, z: 3178, level: 0 } radius=2 ticks_waited=2 sent_tile=Some(WorldTile { x: 3269, z: 3164, level: 0 })
[nav-follow] here=WorldTile { x: 3272, z: 3166, level: 0 } walk=true transport=false leg=0 hops=1 outcome=None
FAIL: catalog_boundary_live: scenario failed: step 15 (watch cowhides become the selected leather at the Tanner): has_item_id(1741)>=1 not seen within 150 ticks; evidence=Some(Evidence { scenario: "tanner_bot", outcome: "FAIL", predicate: "has_item_id(1741)>=1", ticks: 215, elapsed_ms: 103159, message: Some("step 15 (watch cowhides become the selected leather at the Tanner): has_item_id(1741)>=1 not seen within 150 ticks"), tile: Some([3272, 3166, 0]), inv: [InvRow { id: 995, name: Some("Coins"), count: 2000 }, InvRow { id: 1739, name: Some("Cowhide"), count: 1 }, InvRow { id: 1739, name: Some("Cowhide"), count: 1 }, InvRow { id: 1739, name: Some("Cowhide"), count: 1 }, InvRow { id: 1739, name: Some("Cowhide"), count: 1 }, InvRow { id: 1739, name: Some("Cowhide"), count: 1 }, InvRow { id: 1739, name: Some("Cowhide"), count: 1 }, InvRow { id: 1739, name: Some("Cowhide"), count: 1 }, InvRow { id: 1739, name: Some("Cowhide"), count: 1 }, InvRow { id: 1739, name: Some("Cowhide"), count: 1 }, InvRow { id: 1739, name: Some("Cowhide"), count: 1 }, InvRow { id: 1739, name: Some("Cowhide"), count: 1 }, InvRow { id: 1739, name: Some("Cowhide"), count: 1 }, InvRow { id: 1739, name: Some("Cowhide"), count: 1 }, InvRow { id: 1739, name: Some("Cowhide"), count: 1 }, InvRow { id: 1739, name: Some("Cowhide"), count: 1 }, InvRow { id: 1739, name: Some("Cowhide"), count: 1 }, InvRow { id: 1739, name: Some("Cowhide"), count: 1 }, InvRow { id: 1739, name: Some("Cowhide"), count: 1 }, InvRow { id: 1739, name: Some("Cowhide"), count: 1 }, InvRow { id: 1739, name: Some("Cowhide"), count: 1 }, InvRow { id: 1739, name: Some("Cowhide"), count: 1 }, InvRow { id: 1739, name: Some("Cowhide"), count: 1 }, InvRow { id: 1739, name: Some("Cowhide"), count: 1 }, InvRow { id: 1739, name: Some("Cowhide"), count: 1 }, InvRow { id: 1739, name: Some("Cowhide"), count: 1 }, InvRow { id: 1739, name: Some("Cowhide"), count: 1 }, InvRow { id: 1739, name: Some("Cowhide"), count: 1 }], stat: Some(StatRow { runenergy: 1 }), chat: [ChatRow { text: "Inventory wiped.", username: None }, ChatRow { text: "set tutorial: to 1000", username: None }, ChatRow { text: "Welcome to RuneScape.", username: None }], scene: 2 }); core={"error":"tanner_bot core post-Start delta incomplete","witness":{"case":"tanner_bot","baseline":{"ingame":true,"scene_state":2,"player":"Livepgz7y1 0","tile":[3269,3166,0],"tick":29,"items":{},"item_ids":{},"bank":{},"bank_ids":{},"bank_open":false,"bank_loaded":false,"bank_generation":2,"levels":{"-unused-":0,"agility":1,"attack":1,"cooking":1,"crafting":1,"defence":1,"firemaking":1,"fishing":1,"fletching":1,"herblore":1,"hitpoints":10,"magic":1,"mining":1,"prayer":1,"ranged":1,"runecraft":1,"slayer":1,"smithing":1,"strength":1,"thieving":1,"woodcutting":1},"xp":{"-unused-":0,"agility":0,"attack":0,"cooking":0,"crafting":0,"defence":0,"firemaking":0,"fishing":0,"fletching":0,"herblore":0,"hitpoints":1154,"magic":0,"mining":0,"prayer":0,"ranged":0,"runecraft":0,"slayer":0,"smithing":0,"strength":0,"thieving":0,"woodcutting":0},"chat":[[7,"Inventory wiped."],[6,"set tutorial: to 1000"],[5,"Welcome to RuneScape."]],"loc_facts":[],"equipment_ids":{},"main_modal":-1,"widget_ids":[3213,3214]},"latest":{"ingame":true,"scene_state":2,"player":"Livepgz7y1 0","tile":[3272,3166,0],"tick":154,"items":{"Coins":2000,"Cowhide":27},"item_ids":{"995":2000,"1739":27},"bank":{},"bank_ids":{},"bank_open":false,"bank_loaded":false,"bank_generation":10,"levels":{"-unused-":0,"agility":1,"attack":1,"cooking":1,"crafting":1,"defence":1,"firemaking":1,"fishing":1,"fletching":1,"herblore":1,"hitpoints":10,"magic":1,"mining":1,"prayer":1,"ranged":1,"runecraft":1,"slayer":1,"smithing":1,"strength":1,"thieving":1,"woodcutting":1},"xp":{"-unused-":0,"agility":0,"attack":0,"cooking":0,"crafting":0,"defence":0,"firemaking":0,"fishing":0,"fletching":0,"herblore":0,"hitpoints":1154,"magic":0,"mining":0,"prayer":0,"ranged":0,"runecraft":0,"slayer":0,"smithing":0,"strength":0,"thieving":0,"woodcutting":0},"chat":[[7,"Inventory wiped."],[6,"set tutorial: to 1000"],[5,"Welcome to RuneScape."]],"loc_facts":[],"equipment_ids":{},"main_modal":-1,"widget_ids":[3213,3214]},"max_items":{"Coins":2000,"Cowhide":27},"max_xp":{"-unused-":0,"agility":0,"attack":0,"cooking":0,"crafting":0,"defence":0,"firemaking":0,"fishing":0,"fletching":0,"herblore":0,"hitpoints":1154,"magic":0,"mining":0,"prayer":0,"ranged":0,"runecraft":0,"slayer":0,"smithing":0,"strength":0,"thieving":0,"woodcutting":0},"saw_bury_chat":false,"post_start_observations":3122,"bone_bank_cycle":{"first_batch_buried":false,"opened":null,"withdrawn":null,"buried_after_withdrawal":false},"bank_fletcher_cycle":{"first_pack_created":false,"deposited":null,"withdrawn":null,"crafted_after_withdrawal":false},"bank_fletcher_string_cycle":{"initial_pairs_strung":false,"deposited":null,"withdrawn":null,"strung_after_withdrawal":false},"bank_fletcher_cut_string_cycle":{"cut_pair_created":false,"deposited":null,"withdrawn":null,"string_pair_created":false},"alcher_generated_custom_cycle":{"withdrawn":null,"consumed":false},"dart_fletcher_cycle":{"first":null,"further":false,"wrong_tier":false},"herb_cleaner_cycle":{"first_pack":false,"deposited":null,"withdrawn":null,"cleaned_after_withdrawal":false,"filter_violated":false},"gem_cutter_cycle":{"first_pack":false,"deposited":null,"withdrawn":null,"cut_after_withdrawal":false,"filter_violated":false},"door_opener_cycle":{"selected":null,"opened":false},"gnome_course_cycle":{"log":null,"ground_return":null,"pipe":null,"second_lap":false},"flax_picker_cycle":{"first_pack":false,"deposited":null,"returned":false,"further":false},"superheater_cycle":{"first_bars":false,"deposited":null,"withdrawn":null,"produced_after_withdrawal":false,"wrong_product":false,"wrong_staff":false},"chicken_killer_bank_cycle":{"combat_loot":false,"deposited":null,"returned":false,"further":false},"vial_filler_cycle":{"filled":null,"deposited":null,"withdrawn":null,"returned":false,"further":false},"potion_maker_cycle":{"unfinished":null,"finished":null,"deposited":null,"withdrawn":null,"further":false,"wrong_product":false,"filter_violated":false},"tanner_bot_cycle":{"widget":{"ingame":true,"scene_state":2,"player":"Livepgz7y1 0","tile":[3276,3193,0],"tick":120,"items":{"Coins":2000,"Cowhide":27},"item_ids":{"995":2000,"1739":27},"bank":{},"bank_ids":{},"bank_open":false,"bank_loaded":false,"bank_generation":7,"levels":{"-unused-":0,"agility":1,"attack":1,"cooking":1,"crafting":1,"defence":1,"firemaking":1,"fishing":1,"fletching":1,"herblore":1,"hitpoints":10,"magic":1,"mining":1,"prayer":1,"ranged":1,"runecraft":1,"slayer":1,"smithing":1,"strength":1,"thieving":1,"woodcutting":1},"xp":{"-unused-":0,"agility":0,"attack":0,"cooking":0,"crafting":0,"defence":0,"firemaking":0,"fishing":0,"fletching":0,"herblore":0,"hitpoints":1154,"magic":0,"mining":0,"prayer":0,"ranged":0,"runecraft":0,"slayer":0,"smithing":0,"strength":0,"thieving":0,"woodcutting":0},"chat":[[7,"Inventory wiped."],[6,"set tutorial: to 1000"],[5,"Welcome to RuneScape."]],"loc_facts":[{"id":1531,"x":3278,"z":3191,"level":0,"name":"Door","open":false},{"id":1531,"x":3279,"z":3185,"level":0,"name":"Door","open":false}],"equipment_ids":{},"main_modal":679,"widget_ids":[679,680,681,683,684,685,686,687,688,689,690,691,692,693,694,695,696,697,698,699,700,701,702,703,704,705,706,707,708,709,710,711,712,713,714,715,3213,3214,7377,7384,7385,7386,7387,7388,7389,7390,7391,7392,7393,7394,7395,7396,7397,7398,7399,7400,7401,7402,7403,7404,7405,7406,7407,7408,7409,7410,7411,7412,7413,7414,7415,7416,7417,7418,7419,7420,7421,7422,7423,7424,7425,7426,7427,7428,7429,7430,7431,7432,7433,7434,7435,7436,7437,7438,7439,7445,8685,8686,8687,8688,8689,8690,8691,8692,8693,8694,8695,8696,8697,8698,8699,8700,8701,8702,8703,8704,8705,8706,8707,8708,8709,8710,8711,8712,8713]},"tanned":null,"deposited":null,"withdrawn":null,"returned":false,"further":false,"wrong_product":false,"shop":false},"rune_crafter_cycle":{"withdrawn":null,"entered":null,"crafted":null,"exited":null,"deposited":null,"restocked":null,"returned":false,"further":false,"wrong_product":false,"noted":false},"ardy_cakes_cycle":{"stolen":null,"deposited":null,"returned":false,"further":false,"wrong_product":false,"noted":false},"ardy_thiever_cycle":{"pickpocketed":null,"deposited":null,"returned":false,"further":false},"ordered_first_exhausted":false}}
