
running 1 test
{"phase":"identity","revision":289,"profile":"local-289 · 127.0.0.1:44594 · revision 289","cache_id":"c4d8ab36bcfd2a7907535b4f619e28623b0a22e98d496fd2a9620d544c5b5b09","nav_pack":"/Users/acfrazier/experiments/274bot/.worktrees/rs2b0t-multirevision/.superpowers/world-capabilities/289/274bot.navpack","nav_sha256":"131db92e32eddcb08148909d477589544320fe7e34a422e8004e97e888032924","catalog_commit":"8e7d965be2071d6ec65c3265e12af797082d720a","catalog_identity":"289-updated frozen catalog","catalog_read_only_path":".superpowers/inputs/rs2b0t-8e7d965be2071d6ec65c3265e12af797082d720a","catalog_root":"/Users/acfrazier/experiments/274bot/.worktrees/rs2b0t-multirevision/.superpowers/inputs/rs2b0t-8e7d965be2071d6ec65c3265e12af797082d720a","registry_path":"/Users/acfrazier/experiments/274bot/.worktrees/rs2b0t-multirevision/.superpowers/inputs/rs2b0t-8e7d965be2071d6ec65c3265e12af797082d720a/src/bot/scripts/index.ts","registry_sha256":"b614aedb3d5adfdfbac3760f082273f3cf5c33fffe4ced0f2b01490ae02d1bc2","card":{"card":"MossGiant","source_path":"/Users/acfrazier/experiments/274bot/.worktrees/rs2b0t-multirevision/.superpowers/inputs/rs2b0t-8e7d965be2071d6ec65c3265e12af797082d720a/src/bot/scripts/MossGiant/MossGiant.ts","source_sha256":"202ee1216b46a1c5eca0206772b4b3c78c9baf1205aad36f360e677efc0d22b5","compiled_sha256":"e9305f115f7ab1d11391cf4224b229c0936118717f700d0a30b0074edf245010","siblings":[],"settings":{"combatStyle":"melee","meleeStyle":"strength","staff":"Staff of air","spell":"Wind Strike","runesWithdraw":150.0,"bow":"Maple shortbow","rangeStyle":"rapid","ammo":"Iron arrow","ammoWithdraw":500.0,"foodWithdraw":20.0,"panicHp":25.0,"bankCommonJunk":true,"buryBones":false}},"account":"live9cd4fv_0","engine_speed_ms":null}
[host-play] slot live9cd4fv_0: thread up
289bot: snapshot load skipped: read /Users/acfrazier/.274bot/unpack-289/37214163f1e6ceca/models.bin: No such file or directory (os error 2)
[host-play] slot live9cd4fv_0: handshake begin reconnect=false
[host-play] slot live9cd4fv_0: handshake ok
[host] slot live9cd4fv_0: d_loop_us=2522 d_raster_us=0 d_observe_us=32607 max_observe_us=2536 d_paints=0 d_skips=50 d_ticks=1 window_ms=0
[host-play] slot live9cd4fv_0: queued mainland tele+setvar (scene 2)
[host-play] slot live9cd4fv_0: handshake begin reconnect=true
[host-play] slot live9cd4fv_0: handshake ok
[host] slot live9cd4fv_0: d_loop_us=955 d_raster_us=0 d_observe_us=43475 max_observe_us=3393 d_paints=0 d_skips=50 d_ticks=1 window_ms=0
[host-play] slot live9cd4fv_0: queued mainland tele+setvar (scene 2)
[host] slot live9cd4fv_0: d_loop_us=18112 d_raster_us=0 d_observe_us=82351 max_observe_us=5796 d_paints=0 d_skips=50 d_ticks=27 window_ms=5334
{"phase":"baseline-after-preparation","scenario":"moss_giant","account":"live9cd4fv_0","observation":{"ingame":true,"scene_state":2,"player":"Live9cd4fv 0","tile":[2553,3406,0],"combat_level":36,"tick":38,"items":{"Adamant scimitar":1,"Lobster":10},"item_ids":{"379":10,"1331":1},"bank":{},"bank_ids":{},"bank_open":false,"bank_loaded":false,"bank_generation":0,"levels":{"-unused-":0,"agility":1,"attack":40,"cooking":1,"crafting":1,"defence":1,"firemaking":1,"fishing":1,"fletching":1,"herblore":1,"hitpoints":40,"magic":1,"mining":1,"prayer":1,"ranged":1,"runecraft":1,"slayer":1,"smithing":1,"strength":40,"thieving":1,"woodcutting":1},"effective_levels":{"-unused-":0,"agility":1,"attack":40,"cooking":1,"crafting":1,"defence":1,"firemaking":1,"fishing":1,"fletching":1,"herblore":1,"hitpoints":40,"magic":1,"mining":1,"prayer":1,"ranged":1,"runecraft":1,"slayer":1,"smithing":1,"strength":40,"thieving":1,"woodcutting":1},"xp":{"-unused-":0,"agility":0,"attack":37224,"cooking":0,"crafting":0,"defence":0,"firemaking":0,"fishing":0,"fletching":0,"herblore":0,"hitpoints":37224,"magic":0,"mining":0,"prayer":0,"ranged":0,"runecraft":0,"slayer":0,"smithing":0,"strength":37224,"thieving":0,"woodcutting":0},"varps":{"309":0},"chat":[[7,"Inventory wiped."],[6,"set tutorial: to 1000"],[5,"Welcome to RuneScape."]],"loc_facts":[],"npc_facts":[{"index":5164,"name":"Moss giant","health":0,"total_health":0,"animation":-1,"in_combat":false,"targeting_local":false,"tile":[2548,3408,0],"distance":5},{"index":5167,"name":"Moss giant","health":0,"total_health":0,"animation":-1,"in_combat":false,"targeting_local":true,"tile":[2556,3405,0],"distance":3},{"index":5165,"name":"Moss giant","health":0,"total_health":0,"animation":-1,"in_combat":false,"targeting_local":false,"tile":[2552,3401,0],"distance":5},{"index":5166,"name":"Moss giant","health":0,"total_health":0,"animation":-1,"in_combat":false,"targeting_local":false,"tile":[2556,3410,0],"distance":4}],"ground_loot":[],"local_in_combat":false,"local_target_npc":null,"local_health":0,"local_animation":-1,"equipment_ids":{},"main_modal":-1,"widget_ids":[3213,3214]}}
[script live9cd4fv_0] start load
{"phase":"start","account":"live9cd4fv_0","count":1}
[host] hitch live9cd4fv_0: observe_us=79763 paints=0 skips=110 ticks=38
[script live9cd4fv_0] MossGiant — style melee (strength), food 'Lobster' (smart-eat, panic<25%), safespot (2553, 3406, 0), bank (2615, 3332, 0)
[script live9cd4fv_0] interact IfButton { component_id: 5862 }
[script live9cd4fv_0] interact Npc { name: "Moss giant", action: "Attack", index: Some(5167) }
[host] slot live9cd4fv_0: d_loop_us=1519 d_raster_us=0 d_observe_us=169538 max_observe_us=79763 d_paints=0 d_skips=50 d_ticks=15 window_ms=3195
[host] slot live9cd4fv_0: d_loop_us=1345 d_raster_us=0 d_observe_us=104150 max_observe_us=12176 d_paints=0 d_skips=50 d_ticks=6 window_ms=1194
[host] slot live9cd4fv_0: d_loop_us=1432 d_raster_us=0 d_observe_us=104659 max_observe_us=13605 d_paints=0 d_skips=50 d_ticks=6 window_ms=1191
[host] slot live9cd4fv_0: d_loop_us=1522 d_raster_us=0 d_observe_us=106434 max_observe_us=14136 d_paints=0 d_skips=50 d_ticks=6 window_ms=1190
[script live9cd4fv_0] interact Held { name: "Lobster", action: "Eat" }
[shim-held] Lobster Eat slot=1 -> sent
[script live9cd4fv_0] interact Held { name: "Lobster", action: "Eat" }
[shim-held] Lobster Eat slot=2 -> sent
[host] slot live9cd4fv_0: d_loop_us=1530 d_raster_us=0 d_observe_us=117388 max_observe_us=15342 d_paints=0 d_skips=50 d_ticks=6 window_ms=1194
[host] slot live9cd4fv_0: d_loop_us=1186 d_raster_us=0 d_observe_us=97054 max_observe_us=14864 d_paints=0 d_skips=50 d_ticks=6 window_ms=1171
[host] slot live9cd4fv_0: d_loop_us=1295 d_raster_us=0 d_observe_us=103610 max_observe_us=13196 d_paints=0 d_skips=50 d_ticks=6 window_ms=1162
[host] slot live9cd4fv_0: d_loop_us=1198 d_raster_us=0 d_observe_us=80071 max_observe_us=10326 d_paints=0 d_skips=50 d_ticks=6 window_ms=1169
[host] slot live9cd4fv_0: d_loop_us=1177 d_raster_us=0 d_observe_us=94381 max_observe_us=15130 d_paints=0 d_skips=50 d_ticks=6 window_ms=1188
[host] hitch live9cd4fv_0: observe_us=16648 paints=0 skips=557 ticks=92
[host] slot live9cd4fv_0: d_loop_us=1189 d_raster_us=0 d_observe_us=86948 max_observe_us=16648 d_paints=0 d_skips=50 d_ticks=6 window_ms=1172
[host] slot live9cd4fv_0: d_loop_us=1221 d_raster_us=0 d_observe_us=67659 max_observe_us=8322 d_paints=0 d_skips=50 d_ticks=6 window_ms=1180
[host] slot live9cd4fv_0: d_loop_us=1357 d_raster_us=0 d_observe_us=91321 max_observe_us=10496 d_paints=0 d_skips=50 d_ticks=5 window_ms=1171
[host] hitch live9cd4fv_0: observe_us=16009 paints=0 skips=701 ticks=109
[host] hitch live9cd4fv_0: observe_us=16000 paints=0 skips=727 ticks=112
[host] slot live9cd4fv_0: d_loop_us=1905 d_raster_us=0 d_observe_us=129646 max_observe_us=16009 d_paints=0 d_skips=50 d_ticks=6 window_ms=1193
[script live9cd4fv_0] interact Held { name: "Lobster", action: "Eat" }
[shim-held] Lobster Eat slot=2 -> sent
[host] hitch live9cd4fv_0: observe_us=17359 paints=0 skips=786 ticks=119
[host] slot live9cd4fv_0: d_loop_us=1429 d_raster_us=0 d_observe_us=125707 max_observe_us=17359 d_paints=0 d_skips=50 d_ticks=6 window_ms=1175
[host] slot live9cd4fv_0: d_loop_us=1664 d_raster_us=0 d_observe_us=123360 max_observe_us=15859 d_paints=0 d_skips=50 d_ticks=6 window_ms=1187
[host] hitch live9cd4fv_0: observe_us=16205 paints=0 skips=880 ticks=130
[host] slot live9cd4fv_0: d_loop_us=1499 d_raster_us=0 d_observe_us=119998 max_observe_us=16205 d_paints=0 d_skips=50 d_ticks=6 window_ms=1165
[host] hitch live9cd4fv_0: observe_us=18732 paints=0 skips=905 ticks=133
[host] hitch live9cd4fv_0: observe_us=16333 paints=0 skips=947 ticks=138
[host] slot live9cd4fv_0: d_loop_us=1706 d_raster_us=0 d_observe_us=120622 max_observe_us=18732 d_paints=0 d_skips=50 d_ticks=6 window_ms=1176
[host] slot live9cd4fv_0: d_loop_us=1720 d_raster_us=0 d_observe_us=117753 max_observe_us=14712 d_paints=0 d_skips=50 d_ticks=6 window_ms=1182
[host] slot live9cd4fv_0: d_loop_us=1482 d_raster_us=0 d_observe_us=85607 max_observe_us=12771 d_paints=0 d_skips=50 d_ticks=6 window_ms=1167
[script live9cd4fv_0] interact Held { name: "Lobster", action: "Eat" }
[shim-held] Lobster Eat slot=3 -> sent
[host] slot live9cd4fv_0: d_loop_us=1876 d_raster_us=0 d_observe_us=117899 max_observe_us=14025 d_paints=0 d_skips=50 d_ticks=6 window_ms=1172
[host] slot live9cd4fv_0: d_loop_us=1327 d_raster_us=0 d_observe_us=95707 max_observe_us=13805 d_paints=0 d_skips=50 d_ticks=5 window_ms=1168
[host] slot live9cd4fv_0: d_loop_us=1621 d_raster_us=0 d_observe_us=110660 max_observe_us=14444 d_paints=0 d_skips=50 d_ticks=6 window_ms=1189
[script live9cd4fv_0] interact Held { name: "Lobster", action: "Eat" }
[shim-held] Lobster Eat slot=4 -> sent
[host] slot live9cd4fv_0: d_loop_us=1592 d_raster_us=0 d_observe_us=120411 max_observe_us=15993 d_paints=0 d_skips=50 d_ticks=6 window_ms=1147
[host] hitch live9cd4fv_0: observe_us=19752 paints=0 skips=1255 ticks=174
[host] slot live9cd4fv_0: d_loop_us=1769 d_raster_us=0 d_observe_us=117331 max_observe_us=19752 d_paints=0 d_skips=50 d_ticks=6 window_ms=1167
[script live9cd4fv_0] interact Held { name: "Lobster", action: "Eat" }
[shim-held] Lobster Eat slot=5 -> sent
[host] slot live9cd4fv_0: d_loop_us=2779 d_raster_us=0 d_observe_us=114803 max_observe_us=15911 d_paints=0 d_skips=50 d_ticks=6 window_ms=1190
[host] slot live9cd4fv_0: d_loop_us=1294 d_raster_us=0 d_observe_us=95392 max_observe_us=12928 d_paints=0 d_skips=50 d_ticks=6 window_ms=1175
[host] slot live9cd4fv_0: d_loop_us=1233 d_raster_us=0 d_observe_us=87669 max_observe_us=15592 d_paints=0 d_skips=50 d_ticks=5 window_ms=1156
[host] slot live9cd4fv_0: d_loop_us=1545 d_raster_us=0 d_observe_us=108341 max_observe_us=13763 d_paints=0 d_skips=50 d_ticks=6 window_ms=1191
[script live9cd4fv_0] interact Held { name: "Lobster", action: "Eat" }
[shim-held] Lobster Eat slot=6 -> sent
[host] hitch live9cd4fv_0: observe_us=17668 paints=0 skips=1510 ticks=204
[host] slot live9cd4fv_0: d_loop_us=1648 d_raster_us=0 d_observe_us=122938 max_observe_us=17668 d_paints=0 d_skips=50 d_ticks=6 window_ms=1191
[host] hitch live9cd4fv_0: observe_us=16003 paints=0 skips=1560 ticks=210
[host] slot live9cd4fv_0: d_loop_us=1736 d_raster_us=0 d_observe_us=112489 max_observe_us=16003 d_paints=0 d_skips=50 d_ticks=6 window_ms=1174
[host] slot live9cd4fv_0: d_loop_us=2027 d_raster_us=0 d_observe_us=106954 max_observe_us=14501 d_paints=0 d_skips=50 d_ticks=6 window_ms=1179
[host] slot live9cd4fv_0: d_loop_us=1726 d_raster_us=0 d_observe_us=114994 max_observe_us=15805 d_paints=0 d_skips=50 d_ticks=6 window_ms=1178
[script live9cd4fv_0] interact Held { name: "Lobster", action: "Eat" }
[shim-held] Lobster Eat slot=7 -> sent
[host] slot live9cd4fv_0: d_loop_us=1273 d_raster_us=0 d_observe_us=86577 max_observe_us=13827 d_paints=0 d_skips=50 d_ticks=6 window_ms=1162
[script live9cd4fv_0] interact Held { name: "Lobster", action: "Eat" }
[shim-held] Lobster Eat slot=8 -> sent
[host] hitch live9cd4fv_0: observe_us=16318 paints=0 skips=1799 ticks=238
[host] slot live9cd4fv_0: d_loop_us=1653 d_raster_us=0 d_observe_us=112761 max_observe_us=16318 d_paints=0 d_skips=50 d_ticks=6 window_ms=1194
test catalog_boundary_live has been running for over 60 seconds
[host] slot live9cd4fv_0: d_loop_us=1643 d_raster_us=0 d_observe_us=113632 max_observe_us=15771 d_paints=0 d_skips=50 d_ticks=6 window_ms=1174
[host] slot live9cd4fv_0: d_loop_us=1530 d_raster_us=0 d_observe_us=97571 max_observe_us=15226 d_paints=0 d_skips=50 d_ticks=6 window_ms=1168
[script live9cd4fv_0] interact Held { name: "Lobster", action: "Eat" }
[shim-held] Lobster Eat slot=8 -> sent
[script live9cd4fv_0] interact Held { name: "Lobster", action: "Eat" }
[shim-held] Lobster Eat slot=9 -> sent
[host] hitch live9cd4fv_0: observe_us=17469 paints=0 skips=1943 ticks=255
[host] slot live9cd4fv_0: d_loop_us=1787 d_raster_us=0 d_observe_us=124421 max_observe_us=17469 d_paints=0 d_skips=50 d_ticks=5 window_ms=1173
[host] slot live9cd4fv_0: d_loop_us=1807 d_raster_us=0 d_observe_us=124357 max_observe_us=15502 d_paints=0 d_skips=50 d_ticks=6 window_ms=1184
[host] hitch live9cd4fv_0: observe_us=16705 paints=0 skips=2010 ticks=263
[host] slot live9cd4fv_0: d_loop_us=1857 d_raster_us=0 d_observe_us=123986 max_observe_us=16705 d_paints=0 d_skips=50 d_ticks=6 window_ms=1192
[script live9cd4fv_0] interact Held { name: "Lobster", action: "Eat" }
[shim-held] Lobster Eat slot=9 -> sent
[host] slot live9cd4fv_0: d_loop_us=1999 d_raster_us=0 d_observe_us=90072 max_observe_us=10566 d_paints=0 d_skips=50 d_ticks=6 window_ms=1182
[host] slot live9cd4fv_0: d_loop_us=1277 d_raster_us=0 d_observe_us=93077 max_observe_us=9591 d_paints=0 d_skips=50 d_ticks=6 window_ms=1177
[host] slot live9cd4fv_0: d_loop_us=1436 d_raster_us=0 d_observe_us=108779 max_observe_us=13003 d_paints=0 d_skips=50 d_ticks=6 window_ms=1190
[script live9cd4fv_0] interact Held { name: "Lobster", action: "Eat" }
[shim-held] Lobster Eat slot=10 -> sent
[host] slot live9cd4fv_0: d_loop_us=1588 d_raster_us=0 d_observe_us=103130 max_observe_us=10388 d_paints=0 d_skips=50 d_ticks=6 window_ms=1187
[host] slot live9cd4fv_0: d_loop_us=1563 d_raster_us=0 d_observe_us=101584 max_observe_us=14805 d_paints=0 d_skips=50 d_ticks=6 window_ms=1187
[host] slot live9cd4fv_0: d_loop_us=1336 d_raster_us=0 d_observe_us=94741 max_observe_us=13676 d_paints=0 d_skips=50 d_ticks=6 window_ms=1195
[script live9cd4fv_0] moss giant down — 1 kills
[script live9cd4fv_0] interact Obj { x: 2555, z: 3406, level: 0, name: Some("Big bones"), action: "Take" }
[host] hitch live9cd4fv_0: observe_us=17780 paints=0 skips=2380 ticks=307
PASS: catalog_boundary_live: {"scenario":"moss_giant","runner":"Some(Evidence { scenario: \"moss_giant\", outcome: \"PASS\", predicate: \"stat_xp_gain(2)>=1\", ticks: 32, elapsed_ms: 17468, message: None, tile: Some([2554, 3406, 0]), inv: [InvRow { id: 1331, name: Some(\"Adamant scimitar\"), count: 1 }, InvRow { id: 379, name: Some(\"Lobster\"), count: 1 }, InvRow { id: 379, name: Some(\"Lobster\"), count: 1 }, InvRow { id: 379, name: Some(\"Lobster\"), count: 1 }, InvRow { id: 379, name: Some(\"Lobster\"), count: 1 }, InvRow { id: 379, name: Some(\"Lobster\"), count: 1 }, InvRow { id: 379, name: Some(\"Lobster\"), count: 1 }, InvRow { id: 379, name: Some(\"Lobster\"), count: 1 }, InvRow { id: 379, name: Some(\"Lobster\"), count: 1 }, InvRow { id: 379, name: Some(\"Lobster\"), count: 1 }, InvRow { id: 379, name: Some(\"Lobster\"), count: 1 }], stat: Some(StatRow { runenergy: 100 }), chat: [ChatRow { text: \"Inventory wiped.\", username: None }, ChatRow { text: \"set tutorial: to 1000\", username: None }, ChatRow { text: \"Welcome to RuneScape.\", username: None }], scene: 2 })","core":{"case":"moss_giant","baseline":{"ingame":true,"scene_state":2,"player":"Live9cd4fv 0","tile":[2553,3406,0],"combat_level":36,"tick":38,"items":{"Adamant scimitar":1,"Lobster":10},"item_ids":{"379":10,"1331":1},"bank":{},"bank_ids":{},"bank_open":false,"bank_loaded":false,"bank_generation":0,"levels":{"-unused-":0,"agility":1,"attack":40,"cooking":1,"crafting":1,"defence":1,"firemaking":1,"fishing":1,"fletching":1,"herblore":1,"hitpoints":40,"magic":1,"mining":1,"prayer":1,"ranged":1,"runecraft":1,"slayer":1,"smithing":1,"strength":40,"thieving":1,"woodcutting":1},"effective_levels":{"-unused-":0,"agility":1,"attack":40,"cooking":1,"crafting":1,"defence":1,"firemaking":1,"fishing":1,"fletching":1,"herblore":1,"hitpoints":40,"magic":1,"mining":1,"prayer":1,"ranged":1,"runecraft":1,"slayer":1,"smithing":1,"strength":40,"thieving":1,"woodcutting":1},"xp":{"-unused-":0,"agility":0,"attack":37224,"cooking":0,"crafting":0,"defence":0,"firemaking":0,"fishing":0,"fletching":0,"herblore":0,"hitpoints":37224,"magic":0,"mining":0,"prayer":0,"ranged":0,"runecraft":0,"slayer":0,"smithing":0,"strength":37224,"thieving":0,"woodcutting":0},"varps":{"309":0},"chat":[[7,"Inventory wiped."],[6,"set tutorial: to 1000"],[5,"Welcome to RuneScape."]],"loc_facts":[],"npc_facts":[{"index":5164,"name":"Moss giant","health":0,"total_health":0,"animation":-1,"in_combat":false,"targeting_local":false,"tile":[2548,3408,0],"distance":5},{"index":5167,"name":"Moss giant","health":0,"total_health":0,"animation":-1,"in_combat":false,"targeting_local":true,"tile":[2556,3405,0],"distance":3},{"index":5165,"name":"Moss giant","health":0,"total_health":0,"animation":-1,"in_combat":false,"targeting_local":false,"tile":[2552,3401,0],"distance":5},{"index":5166,"name":"Moss giant","health":0,"total_health":0,"animation":-1,"in_combat":false,"targeting_local":false,"tile":[2556,3410,0],"distance":4}],"ground_loot":[],"local_in_combat":false,"local_target_npc":null,"local_health":0,"local_animation":-1,"equipment_ids":{},"main_modal":-1,"widget_ids":[3213,3214]},"latest":{"ingame":true,"scene_state":2,"player":"Live9cd4fv 0","tile":[2555,3406,0],"combat_level":36,"tick":308,"items":{"Adamant scimitar":1,"Big bones":1},"item_ids":{"532":1,"1331":1},"bank":{},"bank_ids":{},"bank_open":false,"bank_loaded":false,"bank_generation":0,"levels":{"-unused-":0,"agility":1,"attack":40,"cooking":1,"crafting":1,"defence":1,"firemaking":1,"fishing":1,"fletching":1,"herblore":1,"hitpoints":40,"magic":1,"mining":1,"prayer":1,"ranged":1,"runecraft":1,"slayer":1,"smithing":1,"strength":40,"thieving":1,"woodcutting":1},"effective_levels":{"-unused-":0,"agility":1,"attack":40,"cooking":1,"crafting":1,"defence":1,"firemaking":1,"fishing":1,"fletching":1,"herblore":1,"hitpoints":34,"magic":1,"mining":1,"prayer":1,"ranged":1,"runecraft":1,"slayer":1,"smithing":1,"strength":40,"thieving":1,"woodcutting":1},"xp":{"-unused-":0,"agility":0,"attack":37224,"cooking":0,"crafting":0,"defence":0,"firemaking":0,"fishing":0,"fletching":0,"herblore":0,"hitpoints":37306,"magic":0,"mining":0,"prayer":0,"ranged":0,"runecraft":0,"slayer":0,"smithing":0,"strength":37476,"thieving":0,"woodcutting":0},"varps":{"309":0},"chat":[[27,"It heals some health."],[26,"You eat the lobster."],[25,"It heals some health."],[24,"You eat the lobster."],[23,"It heals some health."],[22,"You eat the lobster."],[21,"It heals some health."],[20,"You eat the lobster."],[19,"It heals some health."],[18,"You eat the lobster."],[17,"It heals some health."],[16,"You eat the lobster."],[15,"It heals some health."],[14,"You eat the lobster."],[13,"It heals some health."],[12,"You eat the lobster."],[11,"It heals some health."],[10,"You eat the lobster."],[9,"It heals some health."],[8,"You eat the lobster."],[7,"Inventory wiped."],[6,"set tutorial: to 1000"],[5,"Welcome to RuneScape."]],"loc_facts":[],"npc_facts":[{"index":5164,"name":"Moss giant","health":0,"total_health":0,"animation":-1,"in_combat":false,"targeting_local":false,"tile":[2547,3408,0],"distance":8},{"index":5165,"name":"Moss giant","health":0,"total_health":0,"animation":-1,"in_combat":false,"targeting_local":false,"tile":[2555,3401,0],"distance":5},{"index":5166,"name":"Moss giant","health":0,"total_health":0,"animation":-1,"in_combat":false,"targeting_local":false,"tile":[2557,3410,0],"distance":4}],"ground_loot":[],"local_in_combat":true,"local_target_npc":null,"local_health":33,"local_animation":-1,"equipment_ids":{},"main_modal":-1,"widget_ids":[3213,3214]},"max_items":{"Adamant scimitar":1,"Big bones":1,"Lobster":10},"max_xp":{"-unused-":0,"agility":0,"attack":37224,"cooking":0,"crafting":0,"defence":0,"firemaking":0,"fishing":0,"fletching":0,"herblore":0,"hitpoints":37306,"magic":0,"mining":0,"prayer":0,"ranged":0,"runecraft":0,"slayer":0,"smithing":0,"strength":37476,"thieving":0,"woodcutting":0},"saw_bury_chat":false,"post_start_observations":2279,"bone_bank_cycle":{"first_batch_buried":false,"opened":null,"withdrawn":null,"buried_after_withdrawal":false},"bank_fletcher_cycle":{"first_pack_created":false,"deposited":null,"withdrawn":null,"crafted_after_withdrawal":false},"bank_fletcher_option_cycle":{"first":null,"deposited":null,"restocked":null,"further":false},"bank_fletcher_string_cycle":{"initial_pairs_strung":false,"deposited":null,"withdrawn":null,"strung_after_withdrawal":false},"bank_fletcher_cut_string_cycle":{"cut_pair_created":false,"deposited":null,"withdrawn":null,"string_pair_created":false},"alcher_defaults_cycle":{"withdrawn":null,"consumed":false},"alcher_generated_custom_cycle":{"withdrawn":null,"consumed":false},"dart_fletcher_cycle":{"first":null,"further":false,"wrong_tier":false},"herb_cleaner_cycle":{"first_pack":false,"deposited":null,"withdrawn":null,"cleaned_after_withdrawal":false,"filter_violated":false},"gem_cutter_cycle":{"first_pack":false,"deposited":null,"withdrawn":null,"cut_after_withdrawal":false,"filter_violated":false},"door_opener_cycle":{"selected":null,"opened":false},"gnome_course_cycle":{"log":null,"ground_return":null,"pipe":null,"second_lap":false},"wildy_agility_cycle":{"ridge":null,"pipe":null,"rope":null,"stone":null,"log":null,"rocks":null,"further_pipe":false},"brimhaven_agility_cycle":{"paid":false,"entered":null,"moved":null,"first_tag":false,"ticket":null,"subsequent_work":false},"flax_picker_cycle":{"first_pack":false,"deposited":null,"returned":false,"further":false},"superheater_cycle":{"first_bars":false,"deposited":null,"withdrawn":null,"produced_after_withdrawal":false,"wrong_product":false,"wrong_staff":false},"chicken_killer_bank_cycle":{"combat_loot":false,"deposited":null,"returned":false,"further":false},"vial_filler_cycle":{"filled":null,"deposited":null,"withdrawn":null,"returned":false,"further":false},"potion_maker_cycle":{"unfinished":null,"finished":null,"deposited":null,"withdrawn":null,"further":false,"wrong_product":false,"filter_violated":false},"tanner_bot_cycle":{"widget":null,"tanned":null,"deposited":null,"withdrawn":null,"returned":false,"further":false,"wrong_product":false,"shop":false},"rune_crafter_cycle":{"withdrawn":null,"entered":null,"crafted":null,"exited":null,"deposited":null,"restocked":null,"returned":false,"further":false,"wrong_product":false,"noted":false},"ardy_cakes_cycle":{"stolen":null,"deposited":null,"returned":false,"further":false,"wrong_product":false,"noted":false},"ardy_thiever_cycle":{"pickpocketed":null,"deposited":null,"returned":false,"further":false},"gnome_chop_cycle":{"chopped":null,"deposited":null,"returned":false,"further":false,"wrong_product":false,"noted":false},"gnome_fletch_cycle":{"chopped":null,"fletched":null,"deposited":null,"returned":false,"further":false,"wrong_product":false,"noted":false},"coal_trucks_cycle":{"mined":null,"trucked":null,"further":false,"noted":false,"banked":false,"fixture_changed":false},"station_production_cycle":{"withdrawn":null,"produced":null,"deposited":null,"restocked":null,"returned":false,"further":false,"wrong_product":false,"noted":false},"flax_aio_cycle":{"picked":null,"produced":null,"deposited":null,"returned":false,"further":false,"wrong_product":false,"noted":false},"flax_aio_pick_cycle":{"first_pack":false,"deposited":null,"returned":false,"further":false,"wrong_product":false,"noted":false},"herblore_eggs_cycle":{"taken":false,"deposited":null,"returned":false,"further":false,"wrong_product":false,"noted":false},"herblore_newt_cycle":{"bought":false,"deposited":null,"returned":false,"further":false,"coins_spent":false,"coins_peak":0,"wrong_product":false,"noted":false},"combat_core_cycle":{"engagements":2,"defeats":1,"further_work":true,"style_xp":true,"looted":true,"noted":false,"activated":false,"shield_worn":false,"stolen_food":false,"wrong_item":false,"dormant_indexes":[],"dormant_tiles":{},"last":{"5164":{"name":"Moss giant","health":0,"animation":-1,"tile":[2547,3408,0],"engaged":false,"defeated":false},"5165":{"name":"Moss giant","health":0,"animation":-1,"tile":[2555,3401,0],"engaged":false,"defeated":false},"5166":{"name":"Moss giant","health":0,"animation":-1,"tile":[2557,3410,0],"engaged":false,"defeated":false},"5167":{"name":"Moss giant","health":0,"animation":131,"tile":[2555,3406,0],"engaged":true,"defeated":true}},"currently_engaged":[5167],"previous_ground":[],"facts":[{"kind":"engage","index":5167,"name":"Moss giant","health":0,"animation":-1,"loot_id":null,"zero_health":false},{"kind":"defeat","index":5167,"name":"Moss giant","health":0,"animation":128,"loot_id":null,"zero_health":true},{"kind":"engage","index":5167,"name":"Moss giant","health":0,"animation":128,"loot_id":null,"zero_health":false}]},"ordered_first_exhausted":false}}
test catalog_boundary_live ... ok

test result: ok. 1 passed; 0 failed; 0 ignored; 0 measured; 48 filtered out; finished in 73.07s

