
running 1 test
{"phase":"identity","revision":289,"profile":"local-289 · 127.0.0.1:44594 · revision 289","cache_id":"c4d8ab36bcfd2a7907535b4f619e28623b0a22e98d496fd2a9620d544c5b5b09","nav_pack":"/Users/acfrazier/experiments/274bot/.worktrees/rs2b0t-multirevision/.superpowers/world-capabilities/289/274bot.navpack","nav_sha256":"131db92e32eddcb08148909d477589544320fe7e34a422e8004e97e888032924","catalog_commit":"8e7d965be2071d6ec65c3265e12af797082d720a","catalog_identity":"289-updated frozen catalog","catalog_read_only_path":".superpowers/inputs/rs2b0t-8e7d965be2071d6ec65c3265e12af797082d720a","catalog_root":"/Users/acfrazier/experiments/274bot/.worktrees/rs2b0t-multirevision/.superpowers/inputs/rs2b0t-8e7d965be2071d6ec65c3265e12af797082d720a","registry_path":"/Users/acfrazier/experiments/274bot/.worktrees/rs2b0t-multirevision/.superpowers/inputs/rs2b0t-8e7d965be2071d6ec65c3265e12af797082d720a/src/bot/scripts/index.ts","registry_sha256":"b614aedb3d5adfdfbac3760f082273f3cf5c33fffe4ced0f2b01490ae02d1bc2","card":{"card":"HerbCleaner","source_path":"/Users/acfrazier/experiments/274bot/.worktrees/rs2b0t-multirevision/.superpowers/inputs/rs2b0t-8e7d965be2071d6ec65c3265e12af797082d720a/src/bot/scripts/HerbCleaner/HerbCleaner.ts","source_sha256":"34f1f02c7c72d47d4936ab886df50a714ab94ff831c1054188c68f4d162ea0b6","compiled_sha256":"cf26c2aca0cfc280400342b8d9f5ddcde4a1ef275b1aa231a67808125489b031","siblings":[{"module":"/rs2b0t/bot/scripts/bot/HerbCleanerLogic.js","compiled_sha256":"07462ec17e2c681b524e4b9c19fc91937c7cab081fa8aa06cbab7917bd04287c"}],"settings":{"herbs":[]}},"account":"liveenerxc_0","engine_speed_ms":null}
[host-play] slot liveenerxc_0: thread up
274bot: snapshot load skipped: read /Users/acfrazier/.274bot/unpack-289/37214163f1e6ceca/models.bin: No such file or directory (os error 2)
[host-play] slot liveenerxc_0: handshake begin reconnect=false
[host-play] slot liveenerxc_0: handshake ok
[host] slot liveenerxc_0: d_loop_us=3715 d_raster_us=0 d_observe_us=38093 max_observe_us=4699 d_paints=0 d_skips=50 d_ticks=1 window_ms=0
[host-play] slot liveenerxc_0: queued mainland tele+setvar (scene 2)
[host-play] slot liveenerxc_0: handshake begin reconnect=true
[host-play] slot liveenerxc_0: handshake ok
[host-play] slot liveenerxc_0: queued mainland tele+setvar (scene 2)
[host] slot liveenerxc_0: d_loop_us=9494 d_raster_us=0 d_observe_us=47895 max_observe_us=4589 d_paints=0 d_skips=50 d_ticks=1 window_ms=0
{"phase":"baseline-after-preparation","scenario":"herb_cleaner","account":"liveenerxc_0","observation":{"ingame":true,"scene_state":2,"player":"Liveenerxc 0","tile":[3185,3440,0],"tick":24,"items":{},"item_ids":{},"bank":{},"bank_ids":{},"bank_open":false,"bank_loaded":false,"bank_generation":2,"levels":{"-unused-":0,"agility":1,"attack":1,"cooking":1,"crafting":1,"defence":1,"firemaking":1,"fishing":1,"fletching":1,"herblore":3,"hitpoints":10,"magic":1,"mining":1,"prayer":1,"ranged":1,"runecraft":1,"slayer":1,"smithing":1,"strength":1,"thieving":1,"woodcutting":1},"xp":{"-unused-":0,"agility":0,"attack":0,"cooking":0,"crafting":0,"defence":0,"firemaking":0,"fishing":0,"fletching":0,"herblore":174,"hitpoints":1154,"magic":0,"mining":0,"prayer":0,"ranged":0,"runecraft":0,"slayer":0,"smithing":0,"strength":0,"thieving":0,"woodcutting":0},"chat":[[7,"Inventory wiped."],[6,"set tutorial: to 1000"],[5,"Welcome to RuneScape."]]}}
[script liveenerxc_0] start load
{"phase":"start","account":"liveenerxc_0","count":1}
[host] hitch liveenerxc_0: observe_us=100328 paints=0 skips=99 ticks=24
[host] slot liveenerxc_0: d_loop_us=20119 d_raster_us=0 d_observe_us=238244 max_observe_us=100328 d_paints=0 d_skips=50 d_ticks=24 window_ms=14419
[script liveenerxc_0] HerbCleaner — clean Guam leaf, Snake weed, Ardrigal, Sito foil, Volencia moss, Rogues purse (Herblore 3)
[script liveenerxc_0] interact OpenBooth { x: 3186, z: 3440, level: 0, id: 2213, name: None, action: None }
[script liveenerxc_0] bank opened, starting withdraw/deposit cycle
[script liveenerxc_0] trying to withdraw 28 Guam leaf (have 0)
[host] slot liveenerxc_0: d_loop_us=1650 d_raster_us=0 d_observe_us=84712 max_observe_us=13653 d_paints=0 d_skips=50 d_ticks=2 window_ms=1170
[script liveenerxc_0] withdrew 28 Guam leaf
[script liveenerxc_0] pack full, need to deposit before withdrawing Snake weed
[script liveenerxc_0] got herbs, closing bank
[script liveenerxc_0] interact Close
[shim-close] sent
[host] slot liveenerxc_0: d_loop_us=1662 d_raster_us=0 d_observe_us=79879 max_observe_us=10623 d_paints=0 d_skips=50 d_ticks=2 window_ms=1191
[script liveenerxc_0] banked @ Bank booth: gave 0 items, took 28 grimy herbs
[script liveenerxc_0] interact Held { name: "Herb", action: "Identify" }
[script liveenerxc_0] interact Held { name: "Herb", action: "Identify" }
[script liveenerxc_0] interact Held { name: "Herb", action: "Identify" }
[script liveenerxc_0] interact Held { name: "Herb", action: "Identify" }
[script liveenerxc_0] interact Held { name: "Herb", action: "Identify" }
[script liveenerxc_0] interact Held { name: "Herb", action: "Identify" }
[script liveenerxc_0] interact Held { name: "Herb", action: "Identify" }
[script liveenerxc_0] interact Held { name: "Herb", action: "Identify" }
[script liveenerxc_0] interact Held { name: "Herb", action: "Identify" }
[script liveenerxc_0] interact Held { name: "Herb", action: "Identify" }
[script liveenerxc_0] interact Held { name: "Herb", action: "Identify" }
[script liveenerxc_0] interact Held { name: "Herb", action: "Identify" }
[script liveenerxc_0] interact Held { name: "Herb", action: "Identify" }
[script liveenerxc_0] interact Held { name: "Herb", action: "Identify" }
[script liveenerxc_0] interact Held { name: "Herb", action: "Identify" }
[script liveenerxc_0] interact Held { name: "Herb", action: "Identify" }
[script liveenerxc_0] interact Held { name: "Herb", action: "Identify" }
[script liveenerxc_0] interact Held { name: "Herb", action: "Identify" }
[script liveenerxc_0] interact Held { name: "Herb", action: "Identify" }
[script liveenerxc_0] interact Held { name: "Herb", action: "Identify" }
[script liveenerxc_0] interact Held { name: "Herb", action: "Identify" }
[script liveenerxc_0] interact Held { name: "Herb", action: "Identify" }
[script liveenerxc_0] interact Held { name: "Herb", action: "Identify" }
[script liveenerxc_0] interact Held { name: "Herb", action: "Identify" }
[script liveenerxc_0] interact Held { name: "Herb", action: "Identify" }
[script liveenerxc_0] interact Held { name: "Herb", action: "Identify" }
[script liveenerxc_0] interact Held { name: "Herb", action: "Identify" }
[script liveenerxc_0] interact Held { name: "Herb", action: "Identify" }
[shim-held] Herb Identify slot=0 -> sent
[shim-held] Herb Identify slot=0 -> sent
[shim-held] Herb Identify slot=0 -> sent
[shim-held] Herb Identify slot=0 -> sent
[shim-held] Herb Identify slot=0 -> sent
[shim-held] Herb Identify slot=0 -> sent
[shim-held] Herb Identify slot=0 -> sent
[shim-held] Herb Identify slot=0 -> sent
[shim-held] Herb Identify slot=0 -> sent
[shim-held] Herb Identify slot=0 -> sent
[shim-held] Herb Identify slot=0 -> sent
[shim-held] Herb Identify slot=0 -> sent
[shim-held] Herb Identify slot=0 -> sent
[shim-held] Herb Identify slot=0 -> sent
[shim-held] Herb Identify slot=0 -> sent
[shim-held] Herb Identify slot=0 -> sent
[shim-held] Herb Identify slot=0 -> sent
[shim-held] Herb Identify slot=0 -> sent
[shim-held] Herb Identify slot=0 -> sent
[shim-held] Herb Identify slot=0 -> sent
[shim-held] Herb Identify slot=0 -> sent
[shim-held] Herb Identify slot=0 -> sent
[shim-held] Herb Identify slot=0 -> sent
[shim-held] Herb Identify slot=0 -> sent
[shim-held] Herb Identify slot=0 -> sent
[shim-held] Herb Identify slot=0 -> sent
[shim-held] Herb Identify slot=0 -> sent
[shim-held] Herb Identify slot=0 -> sent
[host] slot liveenerxc_0: d_loop_us=1678 d_raster_us=0 d_observe_us=85896 max_observe_us=12693 d_paints=0 d_skips=50 d_ticks=2 window_ms=1196
[host] slot liveenerxc_0: d_loop_us=1795 d_raster_us=0 d_observe_us=77775 max_observe_us=14300 d_paints=0 d_skips=50 d_ticks=2 window_ms=1202
[script liveenerxc_0] interact Held { name: "Herb", action: "Identify" }
[script liveenerxc_0] interact Held { name: "Herb", action: "Identify" }
[script liveenerxc_0] interact Held { name: "Herb", action: "Identify" }
[script liveenerxc_0] interact Held { name: "Herb", action: "Identify" }
[script liveenerxc_0] interact Held { name: "Herb", action: "Identify" }
[script liveenerxc_0] interact Held { name: "Herb", action: "Identify" }
[script liveenerxc_0] interact Held { name: "Herb", action: "Identify" }
[script liveenerxc_0] interact Held { name: "Herb", action: "Identify" }
[script liveenerxc_0] interact Held { name: "Herb", action: "Identify" }
[script liveenerxc_0] interact Held { name: "Herb", action: "Identify" }
[script liveenerxc_0] interact Held { name: "Herb", action: "Identify" }
[script liveenerxc_0] interact Held { name: "Herb", action: "Identify" }
[script liveenerxc_0] interact Held { name: "Herb", action: "Identify" }
[script liveenerxc_0] interact Held { name: "Herb", action: "Identify" }
[script liveenerxc_0] interact Held { name: "Herb", action: "Identify" }
[script liveenerxc_0] interact Held { name: "Herb", action: "Identify" }
[script liveenerxc_0] interact Held { name: "Herb", action: "Identify" }
[script liveenerxc_0] interact Held { name: "Herb", action: "Identify" }
[script liveenerxc_0] interact Held { name: "Herb", action: "Identify" }
[script liveenerxc_0] interact Held { name: "Herb", action: "Identify" }
[script liveenerxc_0] interact Held { name: "Herb", action: "Identify" }
[script liveenerxc_0] interact Held { name: "Herb", action: "Identify" }
[script liveenerxc_0] interact Held { name: "Herb", action: "Identify" }
[script liveenerxc_0] interact Held { name: "Herb", action: "Identify" }
[script liveenerxc_0] interact Held { name: "Herb", action: "Identify" }
[script liveenerxc_0] interact Held { name: "Herb", action: "Identify" }
[script liveenerxc_0] interact Held { name: "Herb", action: "Identify" }
[shim-held] Herb Identify slot=1 -> sent
[shim-held] Herb Identify slot=1 -> sent
[shim-held] Herb Identify slot=1 -> sent
[shim-held] Herb Identify slot=1 -> sent
[shim-held] Herb Identify slot=1 -> sent
[shim-held] Herb Identify slot=1 -> sent
[shim-held] Herb Identify slot=1 -> sent
[shim-held] Herb Identify slot=1 -> sent
[shim-held] Herb Identify slot=1 -> sent
[shim-held] Herb Identify slot=1 -> sent
[shim-held] Herb Identify slot=1 -> sent
[shim-held] Herb Identify slot=1 -> sent
[shim-held] Herb Identify slot=1 -> sent
[shim-held] Herb Identify slot=1 -> sent
[shim-held] Herb Identify slot=1 -> sent
[shim-held] Herb Identify slot=1 -> sent
[shim-held] Herb Identify slot=1 -> sent
[shim-held] Herb Identify slot=1 -> sent
[shim-held] Herb Identify slot=1 -> sent
[shim-held] Herb Identify slot=1 -> sent
[shim-held] Herb Identify slot=1 -> sent
[shim-held] Herb Identify slot=1 -> sent
[shim-held] Herb Identify slot=1 -> sent
[shim-held] Herb Identify slot=1 -> sent
[shim-held] Herb Identify slot=1 -> sent
[shim-held] Herb Identify slot=1 -> sent
[shim-held] Herb Identify slot=1 -> sent
[host] slot liveenerxc_0: d_loop_us=1772 d_raster_us=0 d_observe_us=87809 max_observe_us=9538 d_paints=0 d_skips=50 d_ticks=2 window_ms=1182
[script liveenerxc_0] interact Held { name: "Herb", action: "Identify" }
[script liveenerxc_0] interact Held { name: "Herb", action: "Identify" }
[script liveenerxc_0] interact Held { name: "Herb", action: "Identify" }
[script liveenerxc_0] interact Held { name: "Herb", action: "Identify" }
[script liveenerxc_0] interact Held { name: "Herb", action: "Identify" }
[script liveenerxc_0] interact Held { name: "Herb", action: "Identify" }
[script liveenerxc_0] interact Held { name: "Herb", action: "Identify" }
[script liveenerxc_0] interact Held { name: "Herb", action: "Identify" }
[script liveenerxc_0] interact Held { name: "Herb", action: "Identify" }
[script liveenerxc_0] interact Held { name: "Herb", action: "Identify" }
[script liveenerxc_0] interact Held { name: "Herb", action: "Identify" }
[script liveenerxc_0] interact Held { name: "Herb", action: "Identify" }
[script liveenerxc_0] interact Held { name: "Herb", action: "Identify" }
[script liveenerxc_0] interact Held { name: "Herb", action: "Identify" }
[script liveenerxc_0] interact Held { name: "Herb", action: "Identify" }
[script liveenerxc_0] interact Held { name: "Herb", action: "Identify" }
[script liveenerxc_0] interact Held { name: "Herb", action: "Identify" }
[script liveenerxc_0] interact Held { name: "Herb", action: "Identify" }
[script liveenerxc_0] interact Held { name: "Herb", action: "Identify" }
[script liveenerxc_0] interact Held { name: "Herb", action: "Identify" }
[script liveenerxc_0] interact Held { name: "Herb", action: "Identify" }
[script liveenerxc_0] interact Held { name: "Herb", action: "Identify" }
[script liveenerxc_0] interact Held { name: "Herb", action: "Identify" }
[script liveenerxc_0] interact Held { name: "Herb", action: "Identify" }
[script liveenerxc_0] interact Held { name: "Herb", action: "Identify" }
[script liveenerxc_0] interact Held { name: "Herb", action: "Identify" }
[shim-held] Herb Identify slot=2 -> sent
[shim-held] Herb Identify slot=2 -> sent
[shim-held] Herb Identify slot=2 -> sent
[shim-held] Herb Identify slot=2 -> sent
[shim-held] Herb Identify slot=2 -> sent
[shim-held] Herb Identify slot=2 -> sent
[shim-held] Herb Identify slot=2 -> sent
[shim-held] Herb Identify slot=2 -> sent
[shim-held] Herb Identify slot=2 -> sent
[shim-held] Herb Identify slot=2 -> sent
[shim-held] Herb Identify slot=2 -> sent
[shim-held] Herb Identify slot=2 -> sent
[shim-held] Herb Identify slot=2 -> sent
[shim-held] Herb Identify slot=2 -> sent
[shim-held] Herb Identify slot=2 -> sent
[shim-held] Herb Identify slot=2 -> sent
[shim-held] Herb Identify slot=2 -> sent
[shim-held] Herb Identify slot=2 -> sent
[shim-held] Herb Identify slot=2 -> sent
[shim-held] Herb Identify slot=2 -> sent
[shim-held] Herb Identify slot=2 -> sent
[shim-held] Herb Identify slot=2 -> sent
[shim-held] Herb Identify slot=2 -> sent
[shim-held] Herb Identify slot=2 -> sent
[shim-held] Herb Identify slot=2 -> sent
[shim-held] Herb Identify slot=2 -> sent
[host] slot liveenerxc_0: d_loop_us=1539 d_raster_us=0 d_observe_us=67786 max_observe_us=10092 d_paints=0 d_skips=50 d_ticks=2 window_ms=1207
[host] slot liveenerxc_0: d_loop_us=1786 d_raster_us=0 d_observe_us=85142 max_observe_us=12872 d_paints=0 d_skips=50 d_ticks=2 window_ms=1182
[script liveenerxc_0] interact Held { name: "Herb", action: "Identify" }
[script liveenerxc_0] interact Held { name: "Herb", action: "Identify" }
[script liveenerxc_0] interact Held { name: "Herb", action: "Identify" }
[script liveenerxc_0] interact Held { name: "Herb", action: "Identify" }
[script liveenerxc_0] interact Held { name: "Herb", action: "Identify" }
[script liveenerxc_0] interact Held { name: "Herb", action: "Identify" }
[script liveenerxc_0] interact Held { name: "Herb", action: "Identify" }
[script liveenerxc_0] interact Held { name: "Herb", action: "Identify" }
[script liveenerxc_0] interact Held { name: "Herb", action: "Identify" }
[script liveenerxc_0] interact Held { name: "Herb", action: "Identify" }
[script liveenerxc_0] interact Held { name: "Herb", action: "Identify" }
[script liveenerxc_0] interact Held { name: "Herb", action: "Identify" }
[script liveenerxc_0] interact Held { name: "Herb", action: "Identify" }
[script liveenerxc_0] interact Held { name: "Herb", action: "Identify" }
[script liveenerxc_0] interact Held { name: "Herb", action: "Identify" }
[script liveenerxc_0] interact Held { name: "Herb", action: "Identify" }
[script liveenerxc_0] interact Held { name: "Herb", action: "Identify" }
[script liveenerxc_0] interact Held { name: "Herb", action: "Identify" }
[script liveenerxc_0] interact Held { name: "Herb", action: "Identify" }
[script liveenerxc_0] interact Held { name: "Herb", action: "Identify" }
[script liveenerxc_0] interact Held { name: "Herb", action: "Identify" }
[script liveenerxc_0] interact Held { name: "Herb", action: "Identify" }
[script liveenerxc_0] interact Held { name: "Herb", action: "Identify" }
[script liveenerxc_0] interact Held { name: "Herb", action: "Identify" }
[script liveenerxc_0] interact Held { name: "Herb", action: "Identify" }
[shim-held] Herb Identify slot=3 -> sent
[shim-held] Herb Identify slot=3 -> sent
[shim-held] Herb Identify slot=3 -> sent
[shim-held] Herb Identify slot=3 -> sent
[shim-held] Herb Identify slot=3 -> sent
[shim-held] Herb Identify slot=3 -> sent
[shim-held] Herb Identify slot=3 -> sent
[shim-held] Herb Identify slot=3 -> sent
[shim-held] Herb Identify slot=3 -> sent
[shim-held] Herb Identify slot=3 -> sent
[shim-held] Herb Identify slot=3 -> sent
[shim-held] Herb Identify slot=3 -> sent
[shim-held] Herb Identify slot=3 -> sent
[shim-held] Herb Identify slot=3 -> sent
[shim-held] Herb Identify slot=3 -> sent
[shim-held] Herb Identify slot=3 -> sent
[shim-held] Herb Identify slot=3 -> sent
[shim-held] Herb Identify slot=3 -> sent
[shim-held] Herb Identify slot=3 -> sent
[shim-held] Herb Identify slot=3 -> sent
[shim-held] Herb Identify slot=3 -> sent
[shim-held] Herb Identify slot=3 -> sent
[shim-held] Herb Identify slot=3 -> sent
[shim-held] Herb Identify slot=3 -> sent
[shim-held] Herb Identify slot=3 -> sent
[host] slot liveenerxc_0: d_loop_us=1662 d_raster_us=0 d_observe_us=79759 max_observe_us=8415 d_paints=0 d_skips=50 d_ticks=2 window_ms=1191
[host] slot liveenerxc_0: d_loop_us=1743 d_raster_us=0 d_observe_us=57758 max_observe_us=8150 d_paints=0 d_skips=50 d_ticks=2 window_ms=1186
[script liveenerxc_0] interact Held { name: "Herb", action: "Identify" }
[script liveenerxc_0] interact Held { name: "Herb", action: "Identify" }
[script liveenerxc_0] interact Held { name: "Herb", action: "Identify" }
[script liveenerxc_0] interact Held { name: "Herb", action: "Identify" }
[script liveenerxc_0] interact Held { name: "Herb", action: "Identify" }
[script liveenerxc_0] interact Held { name: "Herb", action: "Identify" }
[script liveenerxc_0] interact Held { name: "Herb", action: "Identify" }
[script liveenerxc_0] interact Held { name: "Herb", action: "Identify" }
[script liveenerxc_0] interact Held { name: "Herb", action: "Identify" }
[script liveenerxc_0] interact Held { name: "Herb", action: "Identify" }
[script liveenerxc_0] interact Held { name: "Herb", action: "Identify" }
[script liveenerxc_0] interact Held { name: "Herb", action: "Identify" }
[script liveenerxc_0] interact Held { name: "Herb", action: "Identify" }
[script liveenerxc_0] interact Held { name: "Herb", action: "Identify" }
[script liveenerxc_0] interact Held { name: "Herb", action: "Identify" }
[script liveenerxc_0] interact Held { name: "Herb", action: "Identify" }
[script liveenerxc_0] interact Held { name: "Herb", action: "Identify" }
[script liveenerxc_0] interact Held { name: "Herb", action: "Identify" }
[script liveenerxc_0] interact Held { name: "Herb", action: "Identify" }
[script liveenerxc_0] interact Held { name: "Herb", action: "Identify" }
[script liveenerxc_0] interact Held { name: "Herb", action: "Identify" }
[script liveenerxc_0] interact Held { name: "Herb", action: "Identify" }
[script liveenerxc_0] interact Held { name: "Herb", action: "Identify" }
[script liveenerxc_0] interact Held { name: "Herb", action: "Identify" }
[shim-held] Herb Identify slot=4 -> sent
[shim-held] Herb Identify slot=4 -> sent
[shim-held] Herb Identify slot=4 -> sent
[shim-held] Herb Identify slot=4 -> sent
[shim-held] Herb Identify slot=4 -> sent
[shim-held] Herb Identify slot=4 -> sent
[shim-held] Herb Identify slot=4 -> sent
[shim-held] Herb Identify slot=4 -> sent
[shim-held] Herb Identify slot=4 -> sent
[shim-held] Herb Identify slot=4 -> sent
[shim-held] Herb Identify slot=4 -> sent
[shim-held] Herb Identify slot=4 -> sent
[shim-held] Herb Identify slot=4 -> sent
[shim-held] Herb Identify slot=4 -> sent
[shim-held] Herb Identify slot=4 -> sent
[shim-held] Herb Identify slot=4 -> sent
[shim-held] Herb Identify slot=4 -> sent
[shim-held] Herb Identify slot=4 -> sent
[shim-held] Herb Identify slot=4 -> sent
[shim-held] Herb Identify slot=4 -> sent
[shim-held] Herb Identify slot=4 -> sent
[shim-held] Herb Identify slot=4 -> sent
[shim-held] Herb Identify slot=4 -> sent
[shim-held] Herb Identify slot=4 -> sent
[host] slot liveenerxc_0: d_loop_us=1823 d_raster_us=0 d_observe_us=79622 max_observe_us=14388 d_paints=0 d_skips=50 d_ticks=1 window_ms=1178
[script liveenerxc_0] interact Held { name: "Herb", action: "Identify" }
[script liveenerxc_0] interact Held { name: "Herb", action: "Identify" }
[script liveenerxc_0] interact Held { name: "Herb", action: "Identify" }
[script liveenerxc_0] interact Held { name: "Herb", action: "Identify" }
[script liveenerxc_0] interact Held { name: "Herb", action: "Identify" }
[script liveenerxc_0] interact Held { name: "Herb", action: "Identify" }
[script liveenerxc_0] interact Held { name: "Herb", action: "Identify" }
[script liveenerxc_0] interact Held { name: "Herb", action: "Identify" }
[script liveenerxc_0] interact Held { name: "Herb", action: "Identify" }
[script liveenerxc_0] interact Held { name: "Herb", action: "Identify" }
[script liveenerxc_0] interact Held { name: "Herb", action: "Identify" }
[script liveenerxc_0] interact Held { name: "Herb", action: "Identify" }
[script liveenerxc_0] interact Held { name: "Herb", action: "Identify" }
[script liveenerxc_0] interact Held { name: "Herb", action: "Identify" }
[script liveenerxc_0] interact Held { name: "Herb", action: "Identify" }
[script liveenerxc_0] interact Held { name: "Herb", action: "Identify" }
[script liveenerxc_0] interact Held { name: "Herb", action: "Identify" }
[script liveenerxc_0] interact Held { name: "Herb", action: "Identify" }
[script liveenerxc_0] interact Held { name: "Herb", action: "Identify" }
[script liveenerxc_0] interact Held { name: "Herb", action: "Identify" }
[script liveenerxc_0] interact Held { name: "Herb", action: "Identify" }
[script liveenerxc_0] interact Held { name: "Herb", action: "Identify" }
[script liveenerxc_0] interact Held { name: "Herb", action: "Identify" }
[shim-held] Herb Identify slot=5 -> sent
[shim-held] Herb Identify slot=5 -> sent
[shim-held] Herb Identify slot=5 -> sent
[shim-held] Herb Identify slot=5 -> sent
[shim-held] Herb Identify slot=5 -> sent
[shim-held] Herb Identify slot=5 -> sent
[shim-held] Herb Identify slot=5 -> sent
[shim-held] Herb Identify slot=5 -> sent
[shim-held] Herb Identify slot=5 -> sent
[shim-held] Herb Identify slot=5 -> sent
[shim-held] Herb Identify slot=5 -> sent
[shim-held] Herb Identify slot=5 -> sent
[shim-held] Herb Identify slot=5 -> sent
[shim-held] Herb Identify slot=5 -> sent
[shim-held] Herb Identify slot=5 -> sent
[shim-held] Herb Identify slot=5 -> sent
[shim-held] Herb Identify slot=5 -> sent
[shim-held] Herb Identify slot=5 -> sent
[shim-held] Herb Identify slot=5 -> sent
[shim-held] Herb Identify slot=5 -> sent
[shim-held] Herb Identify slot=5 -> sent
[shim-held] Herb Identify slot=5 -> sent
[shim-held] Herb Identify slot=5 -> sent
[host] slot liveenerxc_0: d_loop_us=1741 d_raster_us=0 d_observe_us=77899 max_observe_us=8976 d_paints=0 d_skips=50 d_ticks=2 window_ms=1183
[host] slot liveenerxc_0: d_loop_us=1650 d_raster_us=0 d_observe_us=74410 max_observe_us=13978 d_paints=0 d_skips=50 d_ticks=2 window_ms=1184
[script liveenerxc_0] interact Held { name: "Herb", action: "Identify" }
[script liveenerxc_0] interact Held { name: "Herb", action: "Identify" }
[script liveenerxc_0] interact Held { name: "Herb", action: "Identify" }
[script liveenerxc_0] interact Held { name: "Herb", action: "Identify" }
[script liveenerxc_0] interact Held { name: "Herb", action: "Identify" }
[script liveenerxc_0] interact Held { name: "Herb", action: "Identify" }
[script liveenerxc_0] interact Held { name: "Herb", action: "Identify" }
[script liveenerxc_0] interact Held { name: "Herb", action: "Identify" }
[script liveenerxc_0] interact Held { name: "Herb", action: "Identify" }
[script liveenerxc_0] interact Held { name: "Herb", action: "Identify" }
[script liveenerxc_0] interact Held { name: "Herb", action: "Identify" }
[script liveenerxc_0] interact Held { name: "Herb", action: "Identify" }
[script liveenerxc_0] interact Held { name: "Herb", action: "Identify" }
[script liveenerxc_0] interact Held { name: "Herb", action: "Identify" }
[script liveenerxc_0] interact Held { name: "Herb", action: "Identify" }
[script liveenerxc_0] interact Held { name: "Herb", action: "Identify" }
[script liveenerxc_0] interact Held { name: "Herb", action: "Identify" }
[script liveenerxc_0] interact Held { name: "Herb", action: "Identify" }
[script liveenerxc_0] interact Held { name: "Herb", action: "Identify" }
[script liveenerxc_0] interact Held { name: "Herb", action: "Identify" }
[script liveenerxc_0] interact Held { name: "Herb", action: "Identify" }
[script liveenerxc_0] interact Held { name: "Herb", action: "Identify" }
[shim-held] Herb Identify slot=6 -> sent
[shim-held] Herb Identify slot=6 -> sent
[shim-held] Herb Identify slot=6 -> sent
[shim-held] Herb Identify slot=6 -> sent
[shim-held] Herb Identify slot=6 -> sent
[shim-held] Herb Identify slot=6 -> sent
[shim-held] Herb Identify slot=6 -> sent
[shim-held] Herb Identify slot=6 -> sent
[shim-held] Herb Identify slot=6 -> sent
[shim-held] Herb Identify slot=6 -> sent
[shim-held] Herb Identify slot=6 -> sent
[shim-held] Herb Identify slot=6 -> sent
[shim-held] Herb Identify slot=6 -> sent
[shim-held] Herb Identify slot=6 -> sent
[shim-held] Herb Identify slot=6 -> sent
[shim-held] Herb Identify slot=6 -> sent
[shim-held] Herb Identify slot=6 -> sent
[shim-held] Herb Identify slot=6 -> sent
[shim-held] Herb Identify slot=6 -> sent
[shim-held] Herb Identify slot=6 -> sent
[shim-held] Herb Identify slot=6 -> sent
[shim-held] Herb Identify slot=6 -> sent
[host] slot liveenerxc_0: d_loop_us=1679 d_raster_us=0 d_observe_us=68215 max_observe_us=12533 d_paints=0 d_skips=50 d_ticks=2 window_ms=1191
[script liveenerxc_0] interact Held { name: "Herb", action: "Identify" }
[script liveenerxc_0] interact Held { name: "Herb", action: "Identify" }
[script liveenerxc_0] interact Held { name: "Herb", action: "Identify" }
[script liveenerxc_0] interact Held { name: "Herb", action: "Identify" }
[script liveenerxc_0] interact Held { name: "Herb", action: "Identify" }
[script liveenerxc_0] interact Held { name: "Herb", action: "Identify" }
[script liveenerxc_0] interact Held { name: "Herb", action: "Identify" }
[script liveenerxc_0] interact Held { name: "Herb", action: "Identify" }
[script liveenerxc_0] interact Held { name: "Herb", action: "Identify" }
[script liveenerxc_0] interact Held { name: "Herb", action: "Identify" }
[script liveenerxc_0] interact Held { name: "Herb", action: "Identify" }
[script liveenerxc_0] interact Held { name: "Herb", action: "Identify" }
[script liveenerxc_0] interact Held { name: "Herb", action: "Identify" }
[script liveenerxc_0] interact Held { name: "Herb", action: "Identify" }
[script liveenerxc_0] interact Held { name: "Herb", action: "Identify" }
[script liveenerxc_0] interact Held { name: "Herb", action: "Identify" }
[script liveenerxc_0] interact Held { name: "Herb", action: "Identify" }
[script liveenerxc_0] interact Held { name: "Herb", action: "Identify" }
[script liveenerxc_0] interact Held { name: "Herb", action: "Identify" }
[script liveenerxc_0] interact Held { name: "Herb", action: "Identify" }
[script liveenerxc_0] interact Held { name: "Herb", action: "Identify" }
[shim-held] Herb Identify slot=7 -> sent
[shim-held] Herb Identify slot=7 -> sent
[shim-held] Herb Identify slot=7 -> sent
[shim-held] Herb Identify slot=7 -> sent
[shim-held] Herb Identify slot=7 -> sent
[shim-held] Herb Identify slot=7 -> sent
[shim-held] Herb Identify slot=7 -> sent
[shim-held] Herb Identify slot=7 -> sent
[shim-held] Herb Identify slot=7 -> sent
[shim-held] Herb Identify slot=7 -> sent
[shim-held] Herb Identify slot=7 -> sent
[shim-held] Herb Identify slot=7 -> sent
[shim-held] Herb Identify slot=7 -> sent
[shim-held] Herb Identify slot=7 -> sent
[shim-held] Herb Identify slot=7 -> sent
[shim-held] Herb Identify slot=7 -> sent
[shim-held] Herb Identify slot=7 -> sent
[shim-held] Herb Identify slot=7 -> sent
[shim-held] Herb Identify slot=7 -> sent
[shim-held] Herb Identify slot=7 -> sent
[shim-held] Herb Identify slot=7 -> sent
[host] slot liveenerxc_0: d_loop_us=1726 d_raster_us=0 d_observe_us=73791 max_observe_us=9063 d_paints=0 d_skips=50 d_ticks=2 window_ms=1194
[host] slot liveenerxc_0: d_loop_us=1704 d_raster_us=0 d_observe_us=76472 max_observe_us=13922 d_paints=0 d_skips=50 d_ticks=2 window_ms=1175
[script liveenerxc_0] interact Held { name: "Herb", action: "Identify" }
[script liveenerxc_0] interact Held { name: "Herb", action: "Identify" }
[script liveenerxc_0] interact Held { name: "Herb", action: "Identify" }
[script liveenerxc_0] interact Held { name: "Herb", action: "Identify" }
[script liveenerxc_0] interact Held { name: "Herb", action: "Identify" }
[script liveenerxc_0] interact Held { name: "Herb", action: "Identify" }
[script liveenerxc_0] interact Held { name: "Herb", action: "Identify" }
[script liveenerxc_0] interact Held { name: "Herb", action: "Identify" }
[script liveenerxc_0] interact Held { name: "Herb", action: "Identify" }
[script liveenerxc_0] interact Held { name: "Herb", action: "Identify" }
[script liveenerxc_0] interact Held { name: "Herb", action: "Identify" }
[script liveenerxc_0] interact Held { name: "Herb", action: "Identify" }
[script liveenerxc_0] interact Held { name: "Herb", action: "Identify" }
[script liveenerxc_0] interact Held { name: "Herb", action: "Identify" }
[script liveenerxc_0] interact Held { name: "Herb", action: "Identify" }
[script liveenerxc_0] interact Held { name: "Herb", action: "Identify" }
[script liveenerxc_0] interact Held { name: "Herb", action: "Identify" }
[script liveenerxc_0] interact Held { name: "Herb", action: "Identify" }
[script liveenerxc_0] interact Held { name: "Herb", action: "Identify" }
[script liveenerxc_0] interact Held { name: "Herb", action: "Identify" }
[shim-held] Herb Identify slot=8 -> sent
[shim-held] Herb Identify slot=8 -> sent
[shim-held] Herb Identify slot=8 -> sent
[shim-held] Herb Identify slot=8 -> sent
[shim-held] Herb Identify slot=8 -> sent
[shim-held] Herb Identify slot=8 -> sent
[shim-held] Herb Identify slot=8 -> sent
[shim-held] Herb Identify slot=8 -> sent
[shim-held] Herb Identify slot=8 -> sent
[shim-held] Herb Identify slot=8 -> sent
[shim-held] Herb Identify slot=8 -> sent
[shim-held] Herb Identify slot=8 -> sent
[shim-held] Herb Identify slot=8 -> sent
[shim-held] Herb Identify slot=8 -> sent
[shim-held] Herb Identify slot=8 -> sent
[shim-held] Herb Identify slot=8 -> sent
[shim-held] Herb Identify slot=8 -> sent
[shim-held] Herb Identify slot=8 -> sent
[shim-held] Herb Identify slot=8 -> sent
[shim-held] Herb Identify slot=8 -> sent
[host] slot liveenerxc_0: d_loop_us=1349 d_raster_us=0 d_observe_us=56552 max_observe_us=7846 d_paints=0 d_skips=50 d_ticks=2 window_ms=1196
[script liveenerxc_0] interact Held { name: "Herb", action: "Identify" }
[script liveenerxc_0] interact Held { name: "Herb", action: "Identify" }
[script liveenerxc_0] interact Held { name: "Herb", action: "Identify" }
[script liveenerxc_0] interact Held { name: "Herb", action: "Identify" }
[script liveenerxc_0] interact Held { name: "Herb", action: "Identify" }
[script liveenerxc_0] interact Held { name: "Herb", action: "Identify" }
[script liveenerxc_0] interact Held { name: "Herb", action: "Identify" }
[script liveenerxc_0] interact Held { name: "Herb", action: "Identify" }
[script liveenerxc_0] interact Held { name: "Herb", action: "Identify" }
[script liveenerxc_0] interact Held { name: "Herb", action: "Identify" }
[script liveenerxc_0] interact Held { name: "Herb", action: "Identify" }
[script liveenerxc_0] interact Held { name: "Herb", action: "Identify" }
[script liveenerxc_0] interact Held { name: "Herb", action: "Identify" }
[script liveenerxc_0] interact Held { name: "Herb", action: "Identify" }
[script liveenerxc_0] interact Held { name: "Herb", action: "Identify" }
[script liveenerxc_0] interact Held { name: "Herb", action: "Identify" }
[script liveenerxc_0] interact Held { name: "Herb", action: "Identify" }
[script liveenerxc_0] interact Held { name: "Herb", action: "Identify" }
[script liveenerxc_0] interact Held { name: "Herb", action: "Identify" }
[shim-held] Herb Identify slot=9 -> sent
[shim-held] Herb Identify slot=9 -> sent
[shim-held] Herb Identify slot=9 -> sent
[shim-held] Herb Identify slot=9 -> sent
[shim-held] Herb Identify slot=9 -> sent
[shim-held] Herb Identify slot=9 -> sent
[shim-held] Herb Identify slot=9 -> sent
[shim-held] Herb Identify slot=9 -> sent
[shim-held] Herb Identify slot=9 -> sent
[shim-held] Herb Identify slot=9 -> sent
[shim-held] Herb Identify slot=9 -> sent
[shim-held] Herb Identify slot=9 -> sent
[shim-held] Herb Identify slot=9 -> sent
[shim-held] Herb Identify slot=9 -> sent
[shim-held] Herb Identify slot=9 -> sent
[shim-held] Herb Identify slot=9 -> sent
[shim-held] Herb Identify slot=9 -> sent
[shim-held] Herb Identify slot=9 -> sent
[shim-held] Herb Identify slot=9 -> sent
[host] slot liveenerxc_0: d_loop_us=1717 d_raster_us=0 d_observe_us=68381 max_observe_us=8914 d_paints=0 d_skips=50 d_ticks=2 window_ms=1205
[host] slot liveenerxc_0: d_loop_us=1918 d_raster_us=0 d_observe_us=85919 max_observe_us=13809 d_paints=0 d_skips=50 d_ticks=2 window_ms=1183
[script liveenerxc_0] interact Held { name: "Herb", action: "Identify" }
[script liveenerxc_0] interact Held { name: "Herb", action: "Identify" }
[script liveenerxc_0] interact Held { name: "Herb", action: "Identify" }
[script liveenerxc_0] interact Held { name: "Herb", action: "Identify" }
[script liveenerxc_0] interact Held { name: "Herb", action: "Identify" }
[script liveenerxc_0] interact Held { name: "Herb", action: "Identify" }
[script liveenerxc_0] interact Held { name: "Herb", action: "Identify" }
[script liveenerxc_0] interact Held { name: "Herb", action: "Identify" }
[script liveenerxc_0] interact Held { name: "Herb", action: "Identify" }
[script liveenerxc_0] interact Held { name: "Herb", action: "Identify" }
[script liveenerxc_0] interact Held { name: "Herb", action: "Identify" }
[script liveenerxc_0] interact Held { name: "Herb", action: "Identify" }
[script liveenerxc_0] interact Held { name: "Herb", action: "Identify" }
[script liveenerxc_0] interact Held { name: "Herb", action: "Identify" }
[script liveenerxc_0] interact Held { name: "Herb", action: "Identify" }
[script liveenerxc_0] interact Held { name: "Herb", action: "Identify" }
[script liveenerxc_0] interact Held { name: "Herb", action: "Identify" }
[script liveenerxc_0] interact Held { name: "Herb", action: "Identify" }
[shim-held] Herb Identify slot=10 -> sent
[shim-held] Herb Identify slot=10 -> sent
[shim-held] Herb Identify slot=10 -> sent
[shim-held] Herb Identify slot=10 -> sent
[shim-held] Herb Identify slot=10 -> sent
[shim-held] Herb Identify slot=10 -> sent
[shim-held] Herb Identify slot=10 -> sent
[shim-held] Herb Identify slot=10 -> sent
[shim-held] Herb Identify slot=10 -> sent
[shim-held] Herb Identify slot=10 -> sent
[shim-held] Herb Identify slot=10 -> sent
[shim-held] Herb Identify slot=10 -> sent
[shim-held] Herb Identify slot=10 -> sent
[shim-held] Herb Identify slot=10 -> sent
[shim-held] Herb Identify slot=10 -> sent
[shim-held] Herb Identify slot=10 -> sent
[shim-held] Herb Identify slot=10 -> sent
[shim-held] Herb Identify slot=10 -> sent
[host] slot liveenerxc_0: d_loop_us=1599 d_raster_us=0 d_observe_us=67594 max_observe_us=10551 d_paints=0 d_skips=50 d_ticks=2 window_ms=1174
[script liveenerxc_0] interact Held { name: "Herb", action: "Identify" }
[script liveenerxc_0] interact Held { name: "Herb", action: "Identify" }
[script liveenerxc_0] interact Held { name: "Herb", action: "Identify" }
[script liveenerxc_0] interact Held { name: "Herb", action: "Identify" }
[script liveenerxc_0] interact Held { name: "Herb", action: "Identify" }
[script liveenerxc_0] interact Held { name: "Herb", action: "Identify" }
[script liveenerxc_0] interact Held { name: "Herb", action: "Identify" }
[script liveenerxc_0] interact Held { name: "Herb", action: "Identify" }
[script liveenerxc_0] interact Held { name: "Herb", action: "Identify" }
[script liveenerxc_0] interact Held { name: "Herb", action: "Identify" }
[script liveenerxc_0] interact Held { name: "Herb", action: "Identify" }
[script liveenerxc_0] interact Held { name: "Herb", action: "Identify" }
[script liveenerxc_0] interact Held { name: "Herb", action: "Identify" }
[script liveenerxc_0] interact Held { name: "Herb", action: "Identify" }
[script liveenerxc_0] interact Held { name: "Herb", action: "Identify" }
[script liveenerxc_0] interact Held { name: "Herb", action: "Identify" }
[script liveenerxc_0] interact Held { name: "Herb", action: "Identify" }
[shim-held] Herb Identify slot=11 -> sent
[shim-held] Herb Identify slot=11 -> sent
[shim-held] Herb Identify slot=11 -> sent
[shim-held] Herb Identify slot=11 -> sent
[shim-held] Herb Identify slot=11 -> sent
[shim-held] Herb Identify slot=11 -> sent
[shim-held] Herb Identify slot=11 -> sent
[shim-held] Herb Identify slot=11 -> sent
[shim-held] Herb Identify slot=11 -> sent
[shim-held] Herb Identify slot=11 -> sent
[shim-held] Herb Identify slot=11 -> sent
[shim-held] Herb Identify slot=11 -> sent
[shim-held] Herb Identify slot=11 -> sent
[shim-held] Herb Identify slot=11 -> sent
[shim-held] Herb Identify slot=11 -> sent
[shim-held] Herb Identify slot=11 -> sent
[shim-held] Herb Identify slot=11 -> sent
[host] slot liveenerxc_0: d_loop_us=1858 d_raster_us=0 d_observe_us=71213 max_observe_us=9606 d_paints=0 d_skips=50 d_ticks=2 window_ms=1185
[host] slot liveenerxc_0: d_loop_us=1569 d_raster_us=0 d_observe_us=66815 max_observe_us=9745 d_paints=0 d_skips=50 d_ticks=2 window_ms=1189
[script liveenerxc_0] interact Held { name: "Herb", action: "Identify" }
[script liveenerxc_0] interact Held { name: "Herb", action: "Identify" }
[script liveenerxc_0] interact Held { name: "Herb", action: "Identify" }
[script liveenerxc_0] interact Held { name: "Herb", action: "Identify" }
[script liveenerxc_0] interact Held { name: "Herb", action: "Identify" }
[script liveenerxc_0] interact Held { name: "Herb", action: "Identify" }
[script liveenerxc_0] interact Held { name: "Herb", action: "Identify" }
[script liveenerxc_0] interact Held { name: "Herb", action: "Identify" }
[script liveenerxc_0] interact Held { name: "Herb", action: "Identify" }
[script liveenerxc_0] interact Held { name: "Herb", action: "Identify" }
[script liveenerxc_0] interact Held { name: "Herb", action: "Identify" }
[script liveenerxc_0] interact Held { name: "Herb", action: "Identify" }
[script liveenerxc_0] interact Held { name: "Herb", action: "Identify" }
[script liveenerxc_0] interact Held { name: "Herb", action: "Identify" }
[script liveenerxc_0] interact Held { name: "Herb", action: "Identify" }
[script liveenerxc_0] interact Held { name: "Herb", action: "Identify" }
[shim-held] Herb Identify slot=12 -> sent
[shim-held] Herb Identify slot=12 -> sent
[shim-held] Herb Identify slot=12 -> sent
[shim-held] Herb Identify slot=12 -> sent
[shim-held] Herb Identify slot=12 -> sent
[shim-held] Herb Identify slot=12 -> sent
[shim-held] Herb Identify slot=12 -> sent
[shim-held] Herb Identify slot=12 -> sent
[shim-held] Herb Identify slot=12 -> sent
[shim-held] Herb Identify slot=12 -> sent
[shim-held] Herb Identify slot=12 -> sent
[shim-held] Herb Identify slot=12 -> sent
[shim-held] Herb Identify slot=12 -> sent
[shim-held] Herb Identify slot=12 -> sent
[shim-held] Herb Identify slot=12 -> sent
[shim-held] Herb Identify slot=12 -> sent
[host] slot liveenerxc_0: d_loop_us=1719 d_raster_us=0 d_observe_us=69615 max_observe_us=13615 d_paints=0 d_skips=50 d_ticks=2 window_ms=1184
[script liveenerxc_0] interact Held { name: "Herb", action: "Identify" }
[script liveenerxc_0] interact Held { name: "Herb", action: "Identify" }
[script liveenerxc_0] interact Held { name: "Herb", action: "Identify" }
[script liveenerxc_0] interact Held { name: "Herb", action: "Identify" }
[script liveenerxc_0] interact Held { name: "Herb", action: "Identify" }
[script liveenerxc_0] interact Held { name: "Herb", action: "Identify" }
[script liveenerxc_0] interact Held { name: "Herb", action: "Identify" }
[script liveenerxc_0] interact Held { name: "Herb", action: "Identify" }
[script liveenerxc_0] interact Held { name: "Herb", action: "Identify" }
[script liveenerxc_0] interact Held { name: "Herb", action: "Identify" }
[script liveenerxc_0] interact Held { name: "Herb", action: "Identify" }
[script liveenerxc_0] interact Held { name: "Herb", action: "Identify" }
[script liveenerxc_0] interact Held { name: "Herb", action: "Identify" }
[script liveenerxc_0] interact Held { name: "Herb", action: "Identify" }
[script liveenerxc_0] interact Held { name: "Herb", action: "Identify" }
[shim-held] Herb Identify slot=13 -> sent
[shim-held] Herb Identify slot=13 -> sent
[shim-held] Herb Identify slot=13 -> sent
[shim-held] Herb Identify slot=13 -> sent
[shim-held] Herb Identify slot=13 -> sent
[shim-held] Herb Identify slot=13 -> sent
[shim-held] Herb Identify slot=13 -> sent
[shim-held] Herb Identify slot=13 -> sent
[shim-held] Herb Identify slot=13 -> sent
[shim-held] Herb Identify slot=13 -> sent
[shim-held] Herb Identify slot=13 -> sent
[shim-held] Herb Identify slot=13 -> sent
[shim-held] Herb Identify slot=13 -> sent
[shim-held] Herb Identify slot=13 -> sent
[shim-held] Herb Identify slot=13 -> sent
[host] slot liveenerxc_0: d_loop_us=1545 d_raster_us=0 d_observe_us=60249 max_observe_us=8072 d_paints=0 d_skips=50 d_ticks=2 window_ms=1173
[host] slot liveenerxc_0: d_loop_us=1699 d_raster_us=0 d_observe_us=74252 max_observe_us=13600 d_paints=0 d_skips=50 d_ticks=2 window_ms=1201
[script liveenerxc_0] interact Held { name: "Herb", action: "Identify" }
[script liveenerxc_0] interact Held { name: "Herb", action: "Identify" }
[script liveenerxc_0] interact Held { name: "Herb", action: "Identify" }
[script liveenerxc_0] interact Held { name: "Herb", action: "Identify" }
[script liveenerxc_0] interact Held { name: "Herb", action: "Identify" }
[script liveenerxc_0] interact Held { name: "Herb", action: "Identify" }
[script liveenerxc_0] interact Held { name: "Herb", action: "Identify" }
[script liveenerxc_0] interact Held { name: "Herb", action: "Identify" }
[script liveenerxc_0] interact Held { name: "Herb", action: "Identify" }
[script liveenerxc_0] interact Held { name: "Herb", action: "Identify" }
[script liveenerxc_0] interact Held { name: "Herb", action: "Identify" }
[script liveenerxc_0] interact Held { name: "Herb", action: "Identify" }
[script liveenerxc_0] interact Held { name: "Herb", action: "Identify" }
[script liveenerxc_0] interact Held { name: "Herb", action: "Identify" }
[shim-held] Herb Identify slot=14 -> sent
[shim-held] Herb Identify slot=14 -> sent
[shim-held] Herb Identify slot=14 -> sent
[shim-held] Herb Identify slot=14 -> sent
[shim-held] Herb Identify slot=14 -> sent
[shim-held] Herb Identify slot=14 -> sent
[shim-held] Herb Identify slot=14 -> sent
[shim-held] Herb Identify slot=14 -> sent
[shim-held] Herb Identify slot=14 -> sent
[shim-held] Herb Identify slot=14 -> sent
[shim-held] Herb Identify slot=14 -> sent
[shim-held] Herb Identify slot=14 -> sent
[shim-held] Herb Identify slot=14 -> sent
[shim-held] Herb Identify slot=14 -> sent
[host] slot liveenerxc_0: d_loop_us=1496 d_raster_us=0 d_observe_us=65696 max_observe_us=12592 d_paints=0 d_skips=50 d_ticks=2 window_ms=1182
test catalog_boundary_live has been running for over 60 seconds
[script liveenerxc_0] interact Held { name: "Herb", action: "Identify" }
[script liveenerxc_0] interact Held { name: "Herb", action: "Identify" }
[script liveenerxc_0] interact Held { name: "Herb", action: "Identify" }
[script liveenerxc_0] interact Held { name: "Herb", action: "Identify" }
[script liveenerxc_0] interact Held { name: "Herb", action: "Identify" }
[script liveenerxc_0] interact Held { name: "Herb", action: "Identify" }
[script liveenerxc_0] interact Held { name: "Herb", action: "Identify" }
[script liveenerxc_0] interact Held { name: "Herb", action: "Identify" }
[script liveenerxc_0] interact Held { name: "Herb", action: "Identify" }
[script liveenerxc_0] interact Held { name: "Herb", action: "Identify" }
[script liveenerxc_0] interact Held { name: "Herb", action: "Identify" }
[script liveenerxc_0] interact Held { name: "Herb", action: "Identify" }
[script liveenerxc_0] interact Held { name: "Herb", action: "Identify" }
[shim-held] Herb Identify slot=15 -> sent
[shim-held] Herb Identify slot=15 -> sent
[shim-held] Herb Identify slot=15 -> sent
[shim-held] Herb Identify slot=15 -> sent
[shim-held] Herb Identify slot=15 -> sent
[shim-held] Herb Identify slot=15 -> sent
[shim-held] Herb Identify slot=15 -> sent
[shim-held] Herb Identify slot=15 -> sent
[shim-held] Herb Identify slot=15 -> sent
[shim-held] Herb Identify slot=15 -> sent
[shim-held] Herb Identify slot=15 -> sent
[shim-held] Herb Identify slot=15 -> sent
[shim-held] Herb Identify slot=15 -> sent
[host] slot liveenerxc_0: d_loop_us=1214 d_raster_us=0 d_observe_us=48417 max_observe_us=6517 d_paints=0 d_skips=50 d_ticks=2 window_ms=1220
[host] slot liveenerxc_0: d_loop_us=1455 d_raster_us=0 d_observe_us=55508 max_observe_us=7905 d_paints=0 d_skips=50 d_ticks=2 window_ms=1185
[script liveenerxc_0] interact Held { name: "Herb", action: "Identify" }
[script liveenerxc_0] interact Held { name: "Herb", action: "Identify" }
[script liveenerxc_0] interact Held { name: "Herb", action: "Identify" }
[script liveenerxc_0] interact Held { name: "Herb", action: "Identify" }
[script liveenerxc_0] interact Held { name: "Herb", action: "Identify" }
[script liveenerxc_0] interact Held { name: "Herb", action: "Identify" }
[script liveenerxc_0] interact Held { name: "Herb", action: "Identify" }
[script liveenerxc_0] interact Held { name: "Herb", action: "Identify" }
[script liveenerxc_0] interact Held { name: "Herb", action: "Identify" }
[script liveenerxc_0] interact Held { name: "Herb", action: "Identify" }
[script liveenerxc_0] interact Held { name: "Herb", action: "Identify" }
[script liveenerxc_0] interact Held { name: "Herb", action: "Identify" }
[shim-held] Herb Identify slot=16 -> sent
[shim-held] Herb Identify slot=16 -> sent
[shim-held] Herb Identify slot=16 -> sent
[shim-held] Herb Identify slot=16 -> sent
[shim-held] Herb Identify slot=16 -> sent
[shim-held] Herb Identify slot=16 -> sent
[shim-held] Herb Identify slot=16 -> sent
[shim-held] Herb Identify slot=16 -> sent
[shim-held] Herb Identify slot=16 -> sent
[shim-held] Herb Identify slot=16 -> sent
[shim-held] Herb Identify slot=16 -> sent
[shim-held] Herb Identify slot=16 -> sent
[host] slot liveenerxc_0: d_loop_us=1083 d_raster_us=0 d_observe_us=48503 max_observe_us=8119 d_paints=0 d_skips=50 d_ticks=2 window_ms=1191
[script liveenerxc_0] interact Held { name: "Herb", action: "Identify" }
[script liveenerxc_0] interact Held { name: "Herb", action: "Identify" }
[script liveenerxc_0] interact Held { name: "Herb", action: "Identify" }
[script liveenerxc_0] interact Held { name: "Herb", action: "Identify" }
[script liveenerxc_0] interact Held { name: "Herb", action: "Identify" }
[script liveenerxc_0] interact Held { name: "Herb", action: "Identify" }
[script liveenerxc_0] interact Held { name: "Herb", action: "Identify" }
[script liveenerxc_0] interact Held { name: "Herb", action: "Identify" }
[script liveenerxc_0] interact Held { name: "Herb", action: "Identify" }
[script liveenerxc_0] interact Held { name: "Herb", action: "Identify" }
[script liveenerxc_0] interact Held { name: "Herb", action: "Identify" }
[shim-held] Herb Identify slot=17 -> sent
[shim-held] Herb Identify slot=17 -> sent
[shim-held] Herb Identify slot=17 -> sent
[shim-held] Herb Identify slot=17 -> sent
[shim-held] Herb Identify slot=17 -> sent
[shim-held] Herb Identify slot=17 -> sent
[shim-held] Herb Identify slot=17 -> sent
[shim-held] Herb Identify slot=17 -> sent
[shim-held] Herb Identify slot=17 -> sent
[shim-held] Herb Identify slot=17 -> sent
[shim-held] Herb Identify slot=17 -> sent
[host] slot liveenerxc_0: d_loop_us=1059 d_raster_us=0 d_observe_us=46024 max_observe_us=7146 d_paints=0 d_skips=50 d_ticks=2 window_ms=1191
[host] slot liveenerxc_0: d_loop_us=1062 d_raster_us=0 d_observe_us=48264 max_observe_us=8806 d_paints=0 d_skips=50 d_ticks=2 window_ms=1200
[script liveenerxc_0] interact Held { name: "Herb", action: "Identify" }
[script liveenerxc_0] interact Held { name: "Herb", action: "Identify" }
[script liveenerxc_0] interact Held { name: "Herb", action: "Identify" }
[script liveenerxc_0] interact Held { name: "Herb", action: "Identify" }
[script liveenerxc_0] interact Held { name: "Herb", action: "Identify" }
[script liveenerxc_0] interact Held { name: "Herb", action: "Identify" }
[script liveenerxc_0] interact Held { name: "Herb", action: "Identify" }
[script liveenerxc_0] interact Held { name: "Herb", action: "Identify" }
[script liveenerxc_0] interact Held { name: "Herb", action: "Identify" }
[script liveenerxc_0] interact Held { name: "Herb", action: "Identify" }
[shim-held] Herb Identify slot=18 -> sent
[shim-held] Herb Identify slot=18 -> sent
[shim-held] Herb Identify slot=18 -> sent
[shim-held] Herb Identify slot=18 -> sent
[shim-held] Herb Identify slot=18 -> sent
[shim-held] Herb Identify slot=18 -> sent
[shim-held] Herb Identify slot=18 -> sent
[shim-held] Herb Identify slot=18 -> sent
[shim-held] Herb Identify slot=18 -> sent
[shim-held] Herb Identify slot=18 -> sent
[host] slot liveenerxc_0: d_loop_us=1530 d_raster_us=0 d_observe_us=61976 max_observe_us=12187 d_paints=0 d_skips=50 d_ticks=2 window_ms=1177
[script liveenerxc_0] interact Held { name: "Herb", action: "Identify" }
[script liveenerxc_0] interact Held { name: "Herb", action: "Identify" }
[script liveenerxc_0] interact Held { name: "Herb", action: "Identify" }
[script liveenerxc_0] interact Held { name: "Herb", action: "Identify" }
[script liveenerxc_0] interact Held { name: "Herb", action: "Identify" }
[script liveenerxc_0] interact Held { name: "Herb", action: "Identify" }
[script liveenerxc_0] interact Held { name: "Herb", action: "Identify" }
[script liveenerxc_0] interact Held { name: "Herb", action: "Identify" }
[script liveenerxc_0] interact Held { name: "Herb", action: "Identify" }
[shim-held] Herb Identify slot=19 -> sent
[shim-held] Herb Identify slot=19 -> sent
[shim-held] Herb Identify slot=19 -> sent
[shim-held] Herb Identify slot=19 -> sent
[shim-held] Herb Identify slot=19 -> sent
[shim-held] Herb Identify slot=19 -> sent
[shim-held] Herb Identify slot=19 -> sent
[shim-held] Herb Identify slot=19 -> sent
[shim-held] Herb Identify slot=19 -> sent
[host] slot liveenerxc_0: d_loop_us=1249 d_raster_us=0 d_observe_us=50761 max_observe_us=5561 d_paints=0 d_skips=50 d_ticks=2 window_ms=1180
[host] slot liveenerxc_0: d_loop_us=1227 d_raster_us=0 d_observe_us=53458 max_observe_us=10799 d_paints=0 d_skips=50 d_ticks=2 window_ms=1176
[script liveenerxc_0] interact Held { name: "Herb", action: "Identify" }
[script liveenerxc_0] interact Held { name: "Herb", action: "Identify" }
[script liveenerxc_0] interact Held { name: "Herb", action: "Identify" }
[script liveenerxc_0] interact Held { name: "Herb", action: "Identify" }
[script liveenerxc_0] interact Held { name: "Herb", action: "Identify" }
[script liveenerxc_0] interact Held { name: "Herb", action: "Identify" }
[script liveenerxc_0] interact Held { name: "Herb", action: "Identify" }
[script liveenerxc_0] interact Held { name: "Herb", action: "Identify" }
[shim-held] Herb Identify slot=20 -> sent
[shim-held] Herb Identify slot=20 -> sent
[shim-held] Herb Identify slot=20 -> sent
[shim-held] Herb Identify slot=20 -> sent
[shim-held] Herb Identify slot=20 -> sent
[shim-held] Herb Identify slot=20 -> sent
[shim-held] Herb Identify slot=20 -> sent
[shim-held] Herb Identify slot=20 -> sent
[host] slot liveenerxc_0: d_loop_us=976 d_raster_us=0 d_observe_us=47978 max_observe_us=8762 d_paints=0 d_skips=50 d_ticks=2 window_ms=1203
[script liveenerxc_0] interact Held { name: "Herb", action: "Identify" }
[script liveenerxc_0] interact Held { name: "Herb", action: "Identify" }
[script liveenerxc_0] interact Held { name: "Herb", action: "Identify" }
[script liveenerxc_0] interact Held { name: "Herb", action: "Identify" }
[script liveenerxc_0] interact Held { name: "Herb", action: "Identify" }
[script liveenerxc_0] interact Held { name: "Herb", action: "Identify" }
[script liveenerxc_0] interact Held { name: "Herb", action: "Identify" }
[shim-held] Herb Identify slot=21 -> sent
[shim-held] Herb Identify slot=21 -> sent
[shim-held] Herb Identify slot=21 -> sent
[shim-held] Herb Identify slot=21 -> sent
[shim-held] Herb Identify slot=21 -> sent
[shim-held] Herb Identify slot=21 -> sent
[shim-held] Herb Identify slot=21 -> sent
[host] slot liveenerxc_0: d_loop_us=1611 d_raster_us=0 d_observe_us=63814 max_observe_us=10456 d_paints=0 d_skips=50 d_ticks=2 window_ms=1197
[host] slot liveenerxc_0: d_loop_us=1217 d_raster_us=0 d_observe_us=50458 max_observe_us=8569 d_paints=0 d_skips=50 d_ticks=2 window_ms=1181
[script liveenerxc_0] interact Held { name: "Herb", action: "Identify" }
[script liveenerxc_0] interact Held { name: "Herb", action: "Identify" }
[script liveenerxc_0] interact Held { name: "Herb", action: "Identify" }
[script liveenerxc_0] interact Held { name: "Herb", action: "Identify" }
[script liveenerxc_0] interact Held { name: "Herb", action: "Identify" }
[script liveenerxc_0] interact Held { name: "Herb", action: "Identify" }
[shim-held] Herb Identify slot=22 -> sent
[shim-held] Herb Identify slot=22 -> sent
[shim-held] Herb Identify slot=22 -> sent
[shim-held] Herb Identify slot=22 -> sent
[shim-held] Herb Identify slot=22 -> sent
[shim-held] Herb Identify slot=22 -> sent
[host] slot liveenerxc_0: d_loop_us=1647 d_raster_us=0 d_observe_us=65383 max_observe_us=10188 d_paints=0 d_skips=50 d_ticks=2 window_ms=1181
[script liveenerxc_0] interact Held { name: "Herb", action: "Identify" }
[script liveenerxc_0] interact Held { name: "Herb", action: "Identify" }
[script liveenerxc_0] interact Held { name: "Herb", action: "Identify" }
[script liveenerxc_0] interact Held { name: "Herb", action: "Identify" }
[script liveenerxc_0] interact Held { name: "Herb", action: "Identify" }
[shim-held] Herb Identify slot=23 -> sent
[shim-held] Herb Identify slot=23 -> sent
[shim-held] Herb Identify slot=23 -> sent
[shim-held] Herb Identify slot=23 -> sent
[shim-held] Herb Identify slot=23 -> sent
[host] slot liveenerxc_0: d_loop_us=1254 d_raster_us=0 d_observe_us=50193 max_observe_us=6772 d_paints=0 d_skips=50 d_ticks=2 window_ms=1201
[host] slot liveenerxc_0: d_loop_us=955 d_raster_us=0 d_observe_us=44665 max_observe_us=7459 d_paints=0 d_skips=50 d_ticks=2 window_ms=1199
[script liveenerxc_0] interact Held { name: "Herb", action: "Identify" }
[script liveenerxc_0] interact Held { name: "Herb", action: "Identify" }
[script liveenerxc_0] interact Held { name: "Herb", action: "Identify" }
[script liveenerxc_0] interact Held { name: "Herb", action: "Identify" }
[shim-held] Herb Identify slot=24 -> sent
[shim-held] Herb Identify slot=24 -> sent
[shim-held] Herb Identify slot=24 -> sent
[shim-held] Herb Identify slot=24 -> sent
[host] slot liveenerxc_0: d_loop_us=1282 d_raster_us=0 d_observe_us=54437 max_observe_us=10176 d_paints=0 d_skips=50 d_ticks=2 window_ms=1193
[script liveenerxc_0] interact Held { name: "Herb", action: "Identify" }
[script liveenerxc_0] interact Held { name: "Herb", action: "Identify" }
[script liveenerxc_0] interact Held { name: "Herb", action: "Identify" }
[shim-held] Herb Identify slot=25 -> sent
[shim-held] Herb Identify slot=25 -> sent
[shim-held] Herb Identify slot=25 -> sent
[host] slot liveenerxc_0: d_loop_us=1407 d_raster_us=0 d_observe_us=56746 max_observe_us=7480 d_paints=0 d_skips=50 d_ticks=2 window_ms=1186
[host] slot liveenerxc_0: d_loop_us=1593 d_raster_us=0 d_observe_us=65970 max_observe_us=13400 d_paints=0 d_skips=50 d_ticks=2 window_ms=1195
[script liveenerxc_0] interact Held { name: "Herb", action: "Identify" }
[script liveenerxc_0] interact Held { name: "Herb", action: "Identify" }
[shim-held] Herb Identify slot=26 -> sent
[shim-held] Herb Identify slot=26 -> sent
[host] slot liveenerxc_0: d_loop_us=1329 d_raster_us=0 d_observe_us=55188 max_observe_us=13334 d_paints=0 d_skips=50 d_ticks=2 window_ms=1182
[script liveenerxc_0] interact Held { name: "Herb", action: "Identify" }
[shim-held] Herb Identify slot=27 -> sent
[host] slot liveenerxc_0: d_loop_us=1309 d_raster_us=0 d_observe_us=51237 max_observe_us=5643 d_paints=0 d_skips=50 d_ticks=2 window_ms=1190
[host] slot liveenerxc_0: d_loop_us=1251 d_raster_us=0 d_observe_us=58335 max_observe_us=11810 d_paints=0 d_skips=50 d_ticks=2 window_ms=1208
[script liveenerxc_0] interact OpenBooth { x: 3186, z: 3440, level: 0, id: 2213, name: None, action: None }
[host] slot liveenerxc_0: d_loop_us=1673 d_raster_us=0 d_observe_us=65520 max_observe_us=11610 d_paints=0 d_skips=50 d_ticks=2 window_ms=1207
[script liveenerxc_0] bank opened, starting withdraw/deposit cycle
[script liveenerxc_0] pack full, need to deposit before withdrawing Guam leaf
[script liveenerxc_0] pack full, depositing everything
[host] slot liveenerxc_0: d_loop_us=740 d_raster_us=0 d_observe_us=34384 max_observe_us=6193 d_paints=0 d_skips=50 d_ticks=2 window_ms=1198
[script liveenerxc_0] deposited 28 items
[script liveenerxc_0] trying to withdraw 28 Guam leaf (have 0)
[host] slot liveenerxc_0: d_loop_us=616 d_raster_us=0 d_observe_us=29143 max_observe_us=3781 d_paints=0 d_skips=50 d_ticks=2 window_ms=1210
[script liveenerxc_0] withdrew 2 Guam leaf
[script liveenerxc_0] trying to withdraw 26 Snake weed (have 0)
[script liveenerxc_0] the bank snapshot has no Snake weed, marking it empty
[script liveenerxc_0] Snake weed is empty in the bank, skipping it on later trips
[script liveenerxc_0] trying to withdraw 26 Ardrigal (have 0)
[script liveenerxc_0] the bank snapshot has no Ardrigal, marking it empty
[script liveenerxc_0] Ardrigal is empty in the bank, skipping it on later trips
[script liveenerxc_0] trying to withdraw 26 Sito foil (have 0)
[script liveenerxc_0] the bank snapshot has no Sito foil, marking it empty
[script liveenerxc_0] Sito foil is empty in the bank, skipping it on later trips
[script liveenerxc_0] trying to withdraw 26 Volencia moss (have 0)
[script liveenerxc_0] the bank snapshot has no Volencia moss, marking it empty
[script liveenerxc_0] Volencia moss is empty in the bank, skipping it on later trips
[script liveenerxc_0] trying to withdraw 26 Rogues purse (have 0)
[script liveenerxc_0] the bank snapshot has no Rogues purse, marking it empty
[script liveenerxc_0] Rogues purse is empty in the bank, skipping it on later trips
[script liveenerxc_0] got herbs, closing bank
[script liveenerxc_0] interact Close
[shim-close] sent
[host] slot liveenerxc_0: d_loop_us=657 d_raster_us=0 d_observe_us=34232 max_observe_us=6492 d_paints=0 d_skips=50 d_ticks=2 window_ms=1216
[script liveenerxc_0] banked @ Bank booth: gave 28 items, took 2 grimy herbs
[script liveenerxc_0] interact Held { name: "Herb", action: "Identify" }
[script liveenerxc_0] interact Held { name: "Herb", action: "Identify" }
[shim-held] Herb Identify slot=0 -> sent
[shim-held] Herb Identify slot=0 -> sent
[host] slot liveenerxc_0: d_loop_us=618 d_raster_us=0 d_observe_us=31458 max_observe_us=6336 d_paints=0 d_skips=50 d_ticks=2 window_ms=1206
PASS: catalog_boundary_live: {"scenario":"herb_cleaner","runner":"Some(Evidence { scenario: \"herb_cleaner\", outcome: \"PASS\", predicate: \"stat_xp_gain(15)>=2\", ticks: 162, elapsed_ms: 86824, message: None, tile: Some([3185, 3440, 0]), inv: [InvRow { id: 249, name: Some(\"Guam leaf\"), count: 1 }, InvRow { id: 199, name: Some(\"Herb\"), count: 1 }], stat: Some(StatRow { runenergy: 100 }), chat: [ChatRow { text: \"This herb is a Guam Leaf.\", username: None }, ChatRow { text: \"This herb is a Guam Leaf.\", username: None }, ChatRow { text: \"This herb is a Guam Leaf.\", username: None }, ChatRow { text: \"This herb is a Guam Leaf.\", username: None }, ChatRow { text: \"This herb is a Guam Leaf.\", username: None }, ChatRow { text: \"This herb is a Guam Leaf.\", username: None }, ChatRow { text: \"This herb is a Guam Leaf.\", username: None }, ChatRow { text: \"This herb is a Guam Leaf.\", username: None }, ChatRow { text: \"This herb is a Guam Leaf.\", username: None }, ChatRow { text: \"This herb is a Guam Leaf.\", username: None }, ChatRow { text: \"This herb is a Guam Leaf.\", username: None }, ChatRow { text: \"This herb is a Guam Leaf.\", username: None }, ChatRow { text: \"This herb is a Guam Leaf.\", username: None }, ChatRow { text: \"This herb is a Guam Leaf.\", username: None }, ChatRow { text: \"This herb is a Guam Leaf.\", username: None }, ChatRow { text: \"This herb is a Guam Leaf.\", username: None }, ChatRow { text: \"This herb is a Guam Leaf.\", username: None }, ChatRow { text: \"This herb is a Guam Leaf.\", username: None }, ChatRow { text: \"This herb is a Guam Leaf.\", username: None }, ChatRow { text: \"This herb is a Guam Leaf.\", username: None }, ChatRow { text: \"This herb is a Guam Leaf.\", username: None }, ChatRow { text: \"This herb is a Guam Leaf.\", username: None }, ChatRow { text: \"This herb is a Guam Leaf.\", username: None }, ChatRow { text: \"This herb is a Guam Leaf.\", username: None }, ChatRow { text: \"This herb is a Guam Leaf.\", username: None }, ChatRow { text: \"This herb is a Guam Leaf.\", username: None }, ChatRow { text: \"This herb is a Guam Leaf.\", username: None }, ChatRow { text: \"This herb is a Guam Leaf.\", username: None }, ChatRow { text: \"This herb is a Guam Leaf.\", username: None }, ChatRow { text: \"Inventory wiped.\", username: None }, ChatRow { text: \"set tutorial: to 1000\", username: None }, ChatRow { text: \"Welcome to RuneScape.\", username: None }], scene: 2 })","core":{"case":"herb_cleaner","baseline":{"ingame":true,"scene_state":2,"player":"Liveenerxc 0","tile":[3185,3440,0],"tick":24,"items":{},"item_ids":{},"bank":{},"bank_ids":{},"bank_open":false,"bank_loaded":false,"bank_generation":2,"levels":{"-unused-":0,"agility":1,"attack":1,"cooking":1,"crafting":1,"defence":1,"firemaking":1,"fishing":1,"fletching":1,"herblore":3,"hitpoints":10,"magic":1,"mining":1,"prayer":1,"ranged":1,"runecraft":1,"slayer":1,"smithing":1,"strength":1,"thieving":1,"woodcutting":1},"xp":{"-unused-":0,"agility":0,"attack":0,"cooking":0,"crafting":0,"defence":0,"firemaking":0,"fishing":0,"fletching":0,"herblore":174,"hitpoints":1154,"magic":0,"mining":0,"prayer":0,"ranged":0,"runecraft":0,"slayer":0,"smithing":0,"strength":0,"thieving":0,"woodcutting":0},"chat":[[7,"Inventory wiped."],[6,"set tutorial: to 1000"],[5,"Welcome to RuneScape."]]},"latest":{"ingame":true,"scene_state":2,"player":"Liveenerxc 0","tile":[3185,3440,0],"tick":125,"items":{"Guam leaf":1,"Herb":1},"item_ids":{"199":1,"249":1},"bank":{},"bank_ids":{},"bank_open":false,"bank_loaded":false,"bank_generation":6,"levels":{"-unused-":0,"agility":1,"attack":1,"cooking":1,"crafting":1,"defence":1,"firemaking":1,"fishing":1,"fletching":1,"herblore":3,"hitpoints":10,"magic":1,"mining":1,"prayer":1,"ranged":1,"runecraft":1,"slayer":1,"smithing":1,"strength":1,"thieving":1,"woodcutting":1},"xp":{"-unused-":0,"agility":0,"attack":0,"cooking":0,"crafting":0,"defence":0,"firemaking":0,"fishing":0,"fletching":0,"herblore":246,"hitpoints":1154,"magic":0,"mining":0,"prayer":0,"ranged":0,"runecraft":0,"slayer":0,"smithing":0,"strength":0,"thieving":0,"woodcutting":0},"chat":[[36,"This herb is a Guam Leaf."],[35,"This herb is a Guam Leaf."],[34,"This herb is a Guam Leaf."],[33,"This herb is a Guam Leaf."],[32,"This herb is a Guam Leaf."],[31,"This herb is a Guam Leaf."],[30,"This herb is a Guam Leaf."],[29,"This herb is a Guam Leaf."],[28,"This herb is a Guam Leaf."],[27,"This herb is a Guam Leaf."],[26,"This herb is a Guam Leaf."],[25,"This herb is a Guam Leaf."],[24,"This herb is a Guam Leaf."],[23,"This herb is a Guam Leaf."],[22,"This herb is a Guam Leaf."],[21,"This herb is a Guam Leaf."],[20,"This herb is a Guam Leaf."],[19,"This herb is a Guam Leaf."],[18,"This herb is a Guam Leaf."],[17,"This herb is a Guam Leaf."],[16,"This herb is a Guam Leaf."],[15,"This herb is a Guam Leaf."],[14,"This herb is a Guam Leaf."],[13,"This herb is a Guam Leaf."],[12,"This herb is a Guam Leaf."],[11,"This herb is a Guam Leaf."],[10,"This herb is a Guam Leaf."],[9,"This herb is a Guam Leaf."],[8,"This herb is a Guam Leaf."],[7,"Inventory wiped."],[6,"set tutorial: to 1000"],[5,"Welcome to RuneScape."]]},"max_items":{"Guam leaf":28,"Herb":28},"max_xp":{"-unused-":0,"agility":0,"attack":0,"cooking":0,"crafting":0,"defence":0,"firemaking":0,"fishing":0,"fletching":0,"herblore":246,"hitpoints":1154,"magic":0,"mining":0,"prayer":0,"ranged":0,"runecraft":0,"slayer":0,"smithing":0,"strength":0,"thieving":0,"woodcutting":0},"saw_bury_chat":false,"post_start_observations":2515,"bone_bank_cycle":{"first_batch_buried":false,"opened":null,"withdrawn":null,"buried_after_withdrawal":false},"bank_fletcher_cycle":{"first_pack_created":false,"deposited":null,"withdrawn":null,"crafted_after_withdrawal":false},"bank_fletcher_string_cycle":{"initial_pairs_strung":false,"deposited":null,"withdrawn":null,"strung_after_withdrawal":false},"bank_fletcher_cut_string_cycle":{"cut_pair_created":false,"deposited":null,"withdrawn":null,"string_pair_created":false},"alcher_generated_custom_cycle":{"withdrawn":null,"consumed":false},"dart_fletcher_cycle":{"first":null,"further":false,"wrong_tier":false},"herb_cleaner_cycle":{"first_pack":true,"deposited":{"ingame":true,"scene_state":2,"player":"Liveenerxc 0","tile":[3185,3440,0],"tick":118,"items":{},"item_ids":{},"bank":{"Guam leaf":28,"Herb":2},"bank_ids":{"199":2,"249":28},"bank_open":true,"bank_loaded":true,"bank_generation":5,"levels":{"-unused-":0,"agility":1,"attack":1,"cooking":1,"crafting":1,"defence":1,"firemaking":1,"fishing":1,"fletching":1,"herblore":3,"hitpoints":10,"magic":1,"mining":1,"prayer":1,"ranged":1,"runecraft":1,"slayer":1,"smithing":1,"strength":1,"thieving":1,"woodcutting":1},"xp":{"-unused-":0,"agility":0,"attack":0,"cooking":0,"crafting":0,"defence":0,"firemaking":0,"fishing":0,"fletching":0,"herblore":244,"hitpoints":1154,"magic":0,"mining":0,"prayer":0,"ranged":0,"runecraft":0,"slayer":0,"smithing":0,"strength":0,"thieving":0,"woodcutting":0},"chat":[[35,"This herb is a Guam Leaf."],[34,"This herb is a Guam Leaf."],[33,"This herb is a Guam Leaf."],[32,"This herb is a Guam Leaf."],[31,"This herb is a Guam Leaf."],[30,"This herb is a Guam Leaf."],[29,"This herb is a Guam Leaf."],[28,"This herb is a Guam Leaf."],[27,"This herb is a Guam Leaf."],[26,"This herb is a Guam Leaf."],[25,"This herb is a Guam Leaf."],[24,"This herb is a Guam Leaf."],[23,"This herb is a Guam Leaf."],[22,"This herb is a Guam Leaf."],[21,"This herb is a Guam Leaf."],[20,"This herb is a Guam Leaf."],[19,"This herb is a Guam Leaf."],[18,"This herb is a Guam Leaf."],[17,"This herb is a Guam Leaf."],[16,"This herb is a Guam Leaf."],[15,"This herb is a Guam Leaf."],[14,"This herb is a Guam Leaf."],[13,"This herb is a Guam Leaf."],[12,"This herb is a Guam Leaf."],[11,"This herb is a Guam Leaf."],[10,"This herb is a Guam Leaf."],[9,"This herb is a Guam Leaf."],[8,"This herb is a Guam Leaf."],[7,"Inventory wiped."],[6,"set tutorial: to 1000"],[5,"Welcome to RuneScape."]]},"withdrawn":{"ingame":true,"scene_state":2,"player":"Liveenerxc 0","tile":[3185,3440,0],"tick":122,"items":{"Herb":2},"item_ids":{"199":2},"bank":{"Guam leaf":28},"bank_ids":{"249":28},"bank_open":true,"bank_loaded":true,"bank_generation":5,"levels":{"-unused-":0,"agility":1,"attack":1,"cooking":1,"crafting":1,"defence":1,"firemaking":1,"fishing":1,"fletching":1,"herblore":3,"hitpoints":10,"magic":1,"mining":1,"prayer":1,"ranged":1,"runecraft":1,"slayer":1,"smithing":1,"strength":1,"thieving":1,"woodcutting":1},"xp":{"-unused-":0,"agility":0,"attack":0,"cooking":0,"crafting":0,"defence":0,"firemaking":0,"fishing":0,"fletching":0,"herblore":244,"hitpoints":1154,"magic":0,"mining":0,"prayer":0,"ranged":0,"runecraft":0,"slayer":0,"smithing":0,"strength":0,"thieving":0,"woodcutting":0},"chat":[[35,"This herb is a Guam Leaf."],[34,"This herb is a Guam Leaf."],[33,"This herb is a Guam Leaf."],[32,"This herb is a Guam Leaf."],[31,"This herb is a Guam Leaf."],[30,"This herb is a Guam Leaf."],[29,"This herb is a Guam Leaf."],[28,"This herb is a Guam Leaf."],[27,"This herb is a Guam Leaf."],[26,"This herb is a Guam Leaf."],[25,"This herb is a Guam Leaf."],[24,"This herb is a Guam Leaf."],[23,"This herb is a Guam Leaf."],[22,"This herb is a Guam Leaf."],[21,"This herb is a Guam Leaf."],[20,"This herb is a Guam Leaf."],[19,"This herb is a Guam Leaf."],[18,"This herb is a Guam Leaf."],[17,"This herb is a Guam Leaf."],[16,"This herb is a Guam Leaf."],[15,"This herb is a Guam Leaf."],[14,"This herb is a Guam Leaf."],[13,"This herb is a Guam Leaf."],[12,"This herb is a Guam Leaf."],[11,"This herb is a Guam Leaf."],[10,"This herb is a Guam Leaf."],[9,"This herb is a Guam Leaf."],[8,"This herb is a Guam Leaf."],[7,"Inventory wiped."],[6,"set tutorial: to 1000"],[5,"Welcome to RuneScape."]]},"cleaned_after_withdrawal":true,"filter_violated":false},"gem_cutter_cycle":{"first_pack":false,"deposited":null,"withdrawn":null,"cut_after_withdrawal":false,"filter_violated":false},"ordered_first_exhausted":false}}
test catalog_boundary_live ... ok

test result: ok. 1 passed; 0 failed; 0 ignored; 0 measured; 16 filtered out; finished in 89.90s

