
running 1 test
{"phase":"identity","revision":289,"profile":"local-289 · 127.0.0.1:44594 · revision 289","cache_id":"c4d8ab36bcfd2a7907535b4f619e28623b0a22e98d496fd2a9620d544c5b5b09","nav_pack":"/Users/acfrazier/experiments/274bot/.worktrees/rs2b0t-multirevision/.superpowers/world-capabilities/289/274bot.navpack","nav_sha256":"131db92e32eddcb08148909d477589544320fe7e34a422e8004e97e888032924","catalog_commit":"100adccc037d9f6898080e1cad58fcfc43364775","catalog_identity":"pre-289 frozen catalog","catalog_read_only_path":".superpowers/inputs/rs2b0t-100adccc037d9f6898080e1cad58fcfc43364775","catalog_root":"/Users/acfrazier/experiments/274bot/.worktrees/rs2b0t-multirevision/.superpowers/inputs/rs2b0t-100adccc037d9f6898080e1cad58fcfc43364775","registry_path":"/Users/acfrazier/experiments/274bot/.worktrees/rs2b0t-multirevision/.superpowers/inputs/rs2b0t-100adccc037d9f6898080e1cad58fcfc43364775/src/bot/scripts/index.ts","registry_sha256":"b614aedb3d5adfdfbac3760f082273f3cf5c33fffe4ced0f2b01490ae02d1bc2","card":{"card":"CookBot","source_path":"/Users/acfrazier/experiments/274bot/.worktrees/rs2b0t-multirevision/.superpowers/inputs/rs2b0t-100adccc037d9f6898080e1cad58fcfc43364775/src/bot/scripts/CookBot/CookBot.ts","source_sha256":"de121188f8d19cbe0d83f935c886444325680f9b59d252536fe1a49300cf9927","compiled_sha256":"fd0aaba2026e780a5d23a8c5595b274aac4ea8afc09ee98e4737750538add41f","siblings":[{"module":"/rs2b0t/bot/scripts/bot/CookBotLogic.js","compiled_sha256":"6d12ae681d32cf27ac3f3832228b323714eed1e686a57cbeeb6cdd1e0733863d"}],"settings":{"fish":"Raw salmon","location":"Catherby","surface":"Range","logType":"Logs","firePlotRadius":8.0,"rangeName":"Range","bankBooth":"Bank booth","obstacle":"door, gate","leashRadius":8.0}},"account":"livenw250c_0","engine_speed_ms":null}
[host-play] slot livenw250c_0: thread up
274bot: snapshot load skipped: read /Users/acfrazier/.274bot/unpack-289/37214163f1e6ceca/models.bin: No such file or directory (os error 2)
[host-play] slot livenw250c_0: handshake begin reconnect=false
[host-play] slot livenw250c_0: handshake ok
[host-play] slot livenw250c_0: queued mainland tele+setvar (scene 2)
[host] slot livenw250c_0: d_loop_us=10042 d_raster_us=0 d_observe_us=44669 max_observe_us=3793 d_paints=0 d_skips=50 d_ticks=1 window_ms=0
[host-play] slot livenw250c_0: handshake begin reconnect=true
[host-play] slot livenw250c_0: handshake ok
[host] slot livenw250c_0: d_loop_us=1004 d_raster_us=0 d_observe_us=46510 max_observe_us=5007 d_paints=0 d_skips=50 d_ticks=1 window_ms=0
[host-play] slot livenw250c_0: queued mainland tele+setvar (scene 2)
[host] slot livenw250c_0: d_loop_us=29949 d_raster_us=0 d_observe_us=110742 max_observe_us=9824 d_paints=0 d_skips=50 d_ticks=22 window_ms=13141
{"phase":"baseline-after-preparation","scenario":"cook_bot","account":"livenw250c_0","observation":{"ingame":true,"scene_state":2,"player":"Livenw250c 0","tile":[2809,3441,0],"tick":28,"items":{},"item_ids":{},"bank":{},"bank_ids":{},"bank_open":false,"bank_loaded":false,"bank_generation":2,"levels":{"-unused-":0,"agility":1,"attack":1,"cooking":80,"crafting":1,"defence":1,"firemaking":1,"fishing":1,"fletching":1,"herblore":1,"hitpoints":10,"magic":1,"mining":1,"prayer":1,"ranged":1,"runecraft":1,"slayer":1,"smithing":1,"strength":1,"thieving":1,"woodcutting":1},"xp":{"-unused-":0,"agility":0,"attack":0,"cooking":1986068,"crafting":0,"defence":0,"firemaking":0,"fishing":0,"fletching":0,"herblore":0,"hitpoints":1154,"magic":0,"mining":0,"prayer":0,"ranged":0,"runecraft":0,"slayer":0,"smithing":0,"strength":0,"thieving":0,"woodcutting":0},"chat":[[7,"Inventory wiped."],[6,"set tutorial: to 1000"],[5,"Welcome to RuneScape."]],"loc_facts":[{"id":1530,"x":2815,"z":3449,"level":0,"name":"Door","open":true},{"id":1530,"x":2816,"z":3438,"level":0,"name":"Door","open":true}],"npc_facts":[],"ground_loot":[],"local_in_combat":false,"local_target_npc":null,"local_health":0,"local_animation":-1,"equipment_ids":{},"main_modal":-1,"widget_ids":[3213,3214]}}
[script livenw250c_0] start load
{"phase":"start","account":"livenw250c_0","count":1}
[host] hitch livenw250c_0: observe_us=94026 paints=0 skips=108 ticks=28
[script livenw250c_0] CookBot cooking 'Raw salmon' at Catherby, Range (2817, 3443, 0)
[script livenw250c_0] interact OpenBooth { x: 2809, z: 3442, level: 0, id: 2213, name: Some("Bank booth"), action: Some("Use-quickly") }
[host] slot livenw250c_0: d_loop_us=1480 d_raster_us=0 d_observe_us=180456 max_observe_us=94026 d_paints=0 d_skips=50 d_ticks=7 window_ms=4628
[host] slot livenw250c_0: d_loop_us=1158 d_raster_us=0 d_observe_us=67678 max_observe_us=13689 d_paints=0 d_skips=50 d_ticks=2 window_ms=1188
[script livenw250c_0] withdrawing Raw salmon
[host] slot livenw250c_0: d_loop_us=1327 d_raster_us=0 d_observe_us=81727 max_observe_us=11498 d_paints=0 d_skips=50 d_ticks=2 window_ms=1179
[host] hitch livenw250c_0: observe_us=18952 paints=0 skips=284 ticks=36
[host] slot livenw250c_0: d_loop_us=1143 d_raster_us=0 d_observe_us=89975 max_observe_us=18952 d_paints=0 d_skips=50 d_ticks=2 window_ms=1189
[script livenw250c_0] interact Walk { x: 2817, z: 3443, level: 0, allow_teleports: false }
[nav-follow] here=WorldTile { x: 2809, z: 3441, level: 0 } walk=true transport=false leg=0 hops=1 outcome=None
[host] slot livenw250c_0: d_loop_us=1192 d_raster_us=0 d_observe_us=79043 max_observe_us=14227 d_paints=0 d_skips=50 d_ticks=2 window_ms=1176
[nav-walk] here=WorldTile { x: 2809, z: 3439, level: 0 } aim=WorldTile { x: 2815, z: 3438, level: 0 } radius=0 ticks_waited=0 sent_tile=Some(WorldTile { x: 2809, z: 3441, level: 0 })
[nav-follow] here=WorldTile { x: 2809, z: 3439, level: 0 } walk=true transport=false leg=0 hops=1 outcome=None
[host] hitch livenw250c_0: observe_us=19875 paints=0 skips=360 ticks=39
[nav-walk] here=WorldTile { x: 2809, z: 3437, level: 0 } aim=WorldTile { x: 2815, z: 3438, level: 0 } radius=0 ticks_waited=1 sent_tile=Some(WorldTile { x: 2809, z: 3441, level: 0 })
[nav-follow] here=WorldTile { x: 2809, z: 3437, level: 0 } walk=true transport=false leg=0 hops=1 outcome=None
[host] hitch livenw250c_0: observe_us=20779 paints=0 skips=386 ticks=40
[host] slot livenw250c_0: d_loop_us=1350 d_raster_us=0 d_observe_us=105498 max_observe_us=20779 d_paints=0 d_skips=50 d_ticks=2 window_ms=1196
[nav-walk] here=WorldTile { x: 2811, z: 3437, level: 0 } aim=WorldTile { x: 2815, z: 3438, level: 0 } radius=0 ticks_waited=2 sent_tile=Some(WorldTile { x: 2809, z: 3441, level: 0 })
[nav-follow] here=WorldTile { x: 2811, z: 3437, level: 0 } walk=true transport=false leg=0 hops=1 outcome=None
[host] hitch livenw250c_0: observe_us=21306 paints=0 skips=410 ticks=41
[nav-walk] here=WorldTile { x: 2813, z: 3437, level: 0 } aim=WorldTile { x: 2815, z: 3438, level: 0 } radius=0 ticks_waited=3 sent_tile=Some(WorldTile { x: 2809, z: 3441, level: 0 })
[nav-follow] here=WorldTile { x: 2813, z: 3437, level: 0 } walk=true transport=false leg=0 hops=1 outcome=None
[host] slot livenw250c_0: d_loop_us=1289 d_raster_us=0 d_observe_us=82787 max_observe_us=21306 d_paints=0 d_skips=50 d_ticks=2 window_ms=1184
[nav-walk] here=WorldTile { x: 2815, z: 3438, level: 0 } aim=WorldTile { x: 2815, z: 3438, level: 0 } radius=0 ticks_waited=4 sent_tile=Some(WorldTile { x: 2809, z: 3441, level: 0 })
[nav-follow] here=WorldTile { x: 2815, z: 3438, level: 0 } walk=false transport=true leg=1 hops=1 outcome=None
[host] hitch livenw250c_0: observe_us=21566 paints=0 skips=461 ticks=43
[nav-transport] cheap hop walk-through to WorldTile { x: 2816, z: 3439, level: 0 }
[nav-follow] here=WorldTile { x: 2815, z: 3438, level: 0 } walk=false transport=true leg=1 hops=1 outcome=None
[host] slot livenw250c_0: d_loop_us=1236 d_raster_us=0 d_observe_us=84895 max_observe_us=21566 d_paints=0 d_skips=50 d_ticks=2 window_ms=1168
[nav-transport] here=WorldTile { x: 2816, z: 3439, level: 0 } to=WorldTile { x: 2816, z: 3439, level: 0 } troll=false ticks_waited=0 loc_id=1530 open=true
[nav-follow] here=WorldTile { x: 2816, z: 3439, level: 0 } walk=true transport=false leg=2 hops=2 outcome=None
[host] hitch livenw250c_0: observe_us=16758 paints=0 skips=512 ticks=45
[nav-walk] here=WorldTile { x: 2816, z: 3441, level: 0 } aim=WorldTile { x: 2817, z: 3443, level: 0 } radius=0 ticks_waited=0 sent_tile=Some(WorldTile { x: 2816, z: 3439, level: 0 })
[nav-follow] here=WorldTile { x: 2816, z: 3441, level: 0 } walk=true transport=false leg=2 hops=2 outcome=None
[host] hitch livenw250c_0: observe_us=28079 paints=0 skips=538 ticks=46
[host] slot livenw250c_0: d_loop_us=1081 d_raster_us=0 d_observe_us=90007 max_observe_us=28079 d_paints=0 d_skips=50 d_ticks=2 window_ms=1174
[nav-walk] here=WorldTile { x: 2816, z: 3443, level: 0 } aim=WorldTile { x: 2817, z: 3443, level: 0 } radius=0 ticks_waited=1 sent_tile=Some(WorldTile { x: 2816, z: 3439, level: 0 })
[nav-follow] here=WorldTile { x: 2816, z: 3443, level: 0 } walk=true transport=false leg=2 hops=2 outcome=None
[host] hitch livenw250c_0: observe_us=21942 paints=0 skips=563 ticks=47
[nav-walk] here=WorldTile { x: 2817, z: 3443, level: 0 } aim=WorldTile { x: 2817, z: 3443, level: 0 } radius=0 ticks_waited=2 sent_tile=Some(WorldTile { x: 2816, z: 3439, level: 0 })
[nav-follow] here=WorldTile { x: 2817, z: 3443, level: 0 } walk=false transport=false leg=3 hops=2 outcome=Some(Arrived { at: WorldTile { x: 2817, z: 3443, level: 0 } })
[host] hitch livenw250c_0: observe_us=23510 paints=0 skips=589 ticks=48
[script livenw250c_0] interact UseOn { name: "Raw salmon", kind: "loc", target_name: Some("Range"), x: 2817, z: 3444, level: 0, index: None, source_item_id: Some(331), source_item_slot: Some(27), target_item_id: None, target_item_slot: None }
[host] slot livenw250c_0: d_loop_us=1436 d_raster_us=0 d_observe_us=107357 max_observe_us=23510 d_paints=0 d_skips=50 d_ticks=2 window_ms=1194
[host] slot livenw250c_0: d_loop_us=4110 d_raster_us=0 d_observe_us=86672 max_observe_us=15554 d_paints=0 d_skips=50 d_ticks=2 window_ms=1192
[host] hitch livenw250c_0: observe_us=16634 paints=0 skips=688 ticks=52
[script livenw250c_0] interact UseOn { name: "Raw salmon", kind: "loc", target_name: Some("Range"), x: 2817, z: 3444, level: 0, index: None, source_item_id: Some(331), source_item_slot: Some(27), target_item_id: None, target_item_slot: None }
[host] slot livenw250c_0: d_loop_us=1264 d_raster_us=0 d_observe_us=80305 max_observe_us=16634 d_paints=0 d_skips=50 d_ticks=2 window_ms=1202
[host] slot livenw250c_0: d_loop_us=1337 d_raster_us=0 d_observe_us=79481 max_observe_us=9403 d_paints=0 d_skips=50 d_ticks=2 window_ms=1159
[script livenw250c_0] interact UseOn { name: "Raw salmon", kind: "loc", target_name: Some("Range"), x: 2817, z: 3444, level: 0, index: None, source_item_id: Some(331), source_item_slot: Some(27), target_item_id: None, target_item_slot: None }
[host] slot livenw250c_0: d_loop_us=1124 d_raster_us=0 d_observe_us=62764 max_observe_us=15451 d_paints=0 d_skips=50 d_ticks=2 window_ms=1192
[script livenw250c_0] interact UseOn { name: "Raw salmon", kind: "loc", target_name: Some("Range"), x: 2817, z: 3444, level: 0, index: None, source_item_id: Some(331), source_item_slot: Some(27), target_item_id: None, target_item_slot: None }
[host] slot livenw250c_0: d_loop_us=905 d_raster_us=0 d_observe_us=42688 max_observe_us=8747 d_paints=0 d_skips=50 d_ticks=2 window_ms=1206
[host] slot livenw250c_0: d_loop_us=897 d_raster_us=0 d_observe_us=42764 max_observe_us=8002 d_paints=0 d_skips=50 d_ticks=2 window_ms=1215
[host] hitch livenw250c_0: observe_us=20549 paints=0 skips=915 ticks=61
[script livenw250c_0] interact UseOn { name: "Raw salmon", kind: "loc", target_name: Some("Range"), x: 2817, z: 3444, level: 0, index: None, source_item_id: Some(331), source_item_slot: Some(27), target_item_id: None, target_item_slot: None }
[host] slot livenw250c_0: d_loop_us=1348 d_raster_us=0 d_observe_us=98740 max_observe_us=20549 d_paints=0 d_skips=50 d_ticks=2 window_ms=1193
[host] hitch livenw250c_0: observe_us=17041 paints=0 skips=990 ticks=64
[script livenw250c_0] interact UseOn { name: "Raw salmon", kind: "loc", target_name: Some("Range"), x: 2817, z: 3444, level: 0, index: None, source_item_id: Some(331), source_item_slot: Some(27), target_item_id: None, target_item_slot: None }
[host] slot livenw250c_0: d_loop_us=1414 d_raster_us=0 d_observe_us=92922 max_observe_us=17041 d_paints=0 d_skips=50 d_ticks=2 window_ms=1194
[host] hitch livenw250c_0: observe_us=17224 paints=0 skips=1041 ticks=66
[host] slot livenw250c_0: d_loop_us=1335 d_raster_us=0 d_observe_us=87877 max_observe_us=17224 d_paints=0 d_skips=50 d_ticks=2 window_ms=1171
[host] hitch livenw250c_0: observe_us=16736 paints=0 skips=1066 ticks=67
[script livenw250c_0] interact UseOn { name: "Raw salmon", kind: "loc", target_name: Some("Range"), x: 2817, z: 3444, level: 0, index: None, source_item_id: Some(331), source_item_slot: Some(27), target_item_id: None, target_item_slot: None }
[host] slot livenw250c_0: d_loop_us=1471 d_raster_us=0 d_observe_us=93172 max_observe_us=16736 d_paints=0 d_skips=50 d_ticks=2 window_ms=1199
[host] hitch livenw250c_0: observe_us=17721 paints=0 skips=1142 ticks=70
[script livenw250c_0] interact UseOn { name: "Raw salmon", kind: "loc", target_name: Some("Range"), x: 2817, z: 3444, level: 0, index: None, source_item_id: Some(331), source_item_slot: Some(27), target_item_id: None, target_item_slot: None }
[host] slot livenw250c_0: d_loop_us=1276 d_raster_us=0 d_observe_us=87964 max_observe_us=17721 d_paints=0 d_skips=50 d_ticks=2 window_ms=1187
[host] slot livenw250c_0: d_loop_us=1442 d_raster_us=0 d_observe_us=76744 max_observe_us=12619 d_paints=0 d_skips=50 d_ticks=2 window_ms=1181
[script livenw250c_0] interact UseOn { name: "Raw salmon", kind: "loc", target_name: Some("Range"), x: 2817, z: 3444, level: 0, index: None, source_item_id: Some(331), source_item_slot: Some(27), target_item_id: None, target_item_slot: None }
[host] slot livenw250c_0: d_loop_us=1666 d_raster_us=0 d_observe_us=90997 max_observe_us=14058 d_paints=0 d_skips=50 d_ticks=2 window_ms=1156
test catalog_boundary_live has been running for over 60 seconds
[host] hitch livenw250c_0: observe_us=18540 paints=0 skips=1295 ticks=76
[script livenw250c_0] interact UseOn { name: "Raw salmon", kind: "loc", target_name: Some("Range"), x: 2817, z: 3444, level: 0, index: None, source_item_id: Some(331), source_item_slot: Some(27), target_item_id: None, target_item_slot: None }
[host] slot livenw250c_0: d_loop_us=1685 d_raster_us=0 d_observe_us=96788 max_observe_us=18540 d_paints=0 d_skips=50 d_ticks=2 window_ms=1176
[host] slot livenw250c_0: d_loop_us=1501 d_raster_us=0 d_observe_us=84891 max_observe_us=14608 d_paints=0 d_skips=50 d_ticks=2 window_ms=1167
[host] hitch livenw250c_0: observe_us=16835 paints=0 skips=1371 ticks=79
[script livenw250c_0] interact UseOn { name: "Raw salmon", kind: "loc", target_name: Some("Range"), x: 2817, z: 3444, level: 0, index: None, source_item_id: Some(331), source_item_slot: Some(27), target_item_id: None, target_item_slot: None }
[host] hitch livenw250c_0: observe_us=17159 paints=0 skips=1397 ticks=80
[host] slot livenw250c_0: d_loop_us=1494 d_raster_us=0 d_observe_us=93136 max_observe_us=17159 d_paints=0 d_skips=50 d_ticks=2 window_ms=1182
[host] hitch livenw250c_0: observe_us=16110 paints=0 skips=1423 ticks=81
[host] hitch livenw250c_0: observe_us=17450 paints=0 skips=1449 ticks=82
[host] slot livenw250c_0: d_loop_us=1555 d_raster_us=0 d_observe_us=101847 max_observe_us=17450 d_paints=0 d_skips=50 d_ticks=2 window_ms=1186
[script livenw250c_0] interact UseOn { name: "Raw salmon", kind: "loc", target_name: Some("Range"), x: 2817, z: 3444, level: 0, index: None, source_item_id: Some(331), source_item_slot: Some(27), target_item_id: None, target_item_slot: None }
[host] slot livenw250c_0: d_loop_us=1676 d_raster_us=0 d_observe_us=83110 max_observe_us=15062 d_paints=0 d_skips=50 d_ticks=2 window_ms=1161
[host] hitch livenw250c_0: observe_us=16376 paints=0 skips=1525 ticks=85
[script livenw250c_0] interact UseOn { name: "Raw salmon", kind: "loc", target_name: Some("Range"), x: 2817, z: 3444, level: 0, index: None, source_item_id: Some(331), source_item_slot: Some(27), target_item_id: None, target_item_slot: None }
[host] slot livenw250c_0: d_loop_us=1412 d_raster_us=0 d_observe_us=83757 max_observe_us=16376 d_paints=0 d_skips=50 d_ticks=2 window_ms=1192
[host] hitch livenw250c_0: observe_us=17545 paints=0 skips=1550 ticks=86
[host] hitch livenw250c_0: observe_us=16017 paints=0 skips=1576 ticks=87
[host] slot livenw250c_0: d_loop_us=1310 d_raster_us=0 d_observe_us=89522 max_observe_us=17545 d_paints=0 d_skips=50 d_ticks=1 window_ms=1164
[script livenw250c_0] interact UseOn { name: "Raw salmon", kind: "loc", target_name: Some("Range"), x: 2817, z: 3444, level: 0, index: None, source_item_id: Some(331), source_item_slot: Some(27), target_item_id: None, target_item_slot: None }
[host] slot livenw250c_0: d_loop_us=1411 d_raster_us=0 d_observe_us=88402 max_observe_us=15866 d_paints=0 d_skips=50 d_ticks=2 window_ms=1173
[host] hitch livenw250c_0: observe_us=18052 paints=0 skips=1678 ticks=91
[script livenw250c_0] interact UseOn { name: "Raw salmon", kind: "loc", target_name: Some("Range"), x: 2817, z: 3444, level: 0, index: None, source_item_id: Some(331), source_item_slot: Some(27), target_item_id: None, target_item_slot: None }
[host] slot livenw250c_0: d_loop_us=1446 d_raster_us=0 d_observe_us=90511 max_observe_us=18052 d_paints=0 d_skips=50 d_ticks=2 window_ms=1193
[host] slot livenw250c_0: d_loop_us=1732 d_raster_us=0 d_observe_us=91146 max_observe_us=13635 d_paints=0 d_skips=50 d_ticks=2 window_ms=1179
[host] hitch livenw250c_0: observe_us=18037 paints=0 skips=1754 ticks=94
[script livenw250c_0] interact UseOn { name: "Raw salmon", kind: "loc", target_name: Some("Range"), x: 2817, z: 3444, level: 0, index: None, source_item_id: Some(331), source_item_slot: Some(27), target_item_id: None, target_item_slot: None }
[host] slot livenw250c_0: d_loop_us=1375 d_raster_us=0 d_observe_us=79692 max_observe_us=18037 d_paints=0 d_skips=50 d_ticks=2 window_ms=1172
[script livenw250c_0] interact UseOn { name: "Raw salmon", kind: "loc", target_name: Some("Range"), x: 2817, z: 3444, level: 0, index: None, source_item_id: Some(331), source_item_slot: Some(27), target_item_id: None, target_item_slot: None }
[host] slot livenw250c_0: d_loop_us=1269 d_raster_us=0 d_observe_us=65277 max_observe_us=15121 d_paints=0 d_skips=50 d_ticks=2 window_ms=1198
[host] slot livenw250c_0: d_loop_us=866 d_raster_us=0 d_observe_us=41571 max_observe_us=6493 d_paints=0 d_skips=50 d_ticks=2 window_ms=1193
[script livenw250c_0] interact UseOn { name: "Raw salmon", kind: "loc", target_name: Some("Range"), x: 2817, z: 3444, level: 0, index: None, source_item_id: Some(331), source_item_slot: Some(27), target_item_id: None, target_item_slot: None }
[host] slot livenw250c_0: d_loop_us=2357 d_raster_us=0 d_observe_us=73419 max_observe_us=10386 d_paints=0 d_skips=50 d_ticks=2 window_ms=1168
[host] hitch livenw250c_0: observe_us=17848 paints=0 skips=1982 ticks=103
[script livenw250c_0] interact UseOn { name: "Raw salmon", kind: "loc", target_name: Some("Range"), x: 2817, z: 3444, level: 0, index: None, source_item_id: Some(331), source_item_slot: Some(27), target_item_id: None, target_item_slot: None }
[host] slot livenw250c_0: d_loop_us=2014 d_raster_us=0 d_observe_us=88333 max_observe_us=17848 d_paints=0 d_skips=50 d_ticks=2 window_ms=1193
[host] slot livenw250c_0: d_loop_us=1190 d_raster_us=0 d_observe_us=72127 max_observe_us=12630 d_paints=0 d_skips=50 d_ticks=2 window_ms=1179
[host] hitch livenw250c_0: observe_us=19768 paints=0 skips=2058 ticks=106
[script livenw250c_0] interact UseOn { name: "Raw salmon", kind: "loc", target_name: Some("Range"), x: 2817, z: 3444, level: 0, index: None, source_item_id: Some(331), source_item_slot: Some(27), target_item_id: None, target_item_slot: None }
[host] slot livenw250c_0: d_loop_us=1614 d_raster_us=0 d_observe_us=97459 max_observe_us=19768 d_paints=0 d_skips=50 d_ticks=2 window_ms=1180
[host] hitch livenw250c_0: observe_us=17292 paints=0 skips=2134 ticks=109
[script livenw250c_0] interact UseOn { name: "Raw salmon", kind: "loc", target_name: Some("Range"), x: 2817, z: 3444, level: 0, index: None, source_item_id: Some(331), source_item_slot: Some(27), target_item_id: None, target_item_slot: None }
[host] slot livenw250c_0: d_loop_us=1529 d_raster_us=0 d_observe_us=91444 max_observe_us=17292 d_paints=0 d_skips=50 d_ticks=2 window_ms=1182
[host] slot livenw250c_0: d_loop_us=1332 d_raster_us=0 d_observe_us=85261 max_observe_us=13998 d_paints=0 d_skips=50 d_ticks=2 window_ms=1194
[script livenw250c_0] interact UseOn { name: "Raw salmon", kind: "loc", target_name: Some("Range"), x: 2817, z: 3444, level: 0, index: None, source_item_id: Some(331), source_item_slot: Some(27), target_item_id: None, target_item_slot: None }
[host] slot livenw250c_0: d_loop_us=950 d_raster_us=0 d_observe_us=53144 max_observe_us=15518 d_paints=0 d_skips=50 d_ticks=2 window_ms=1191
[host] hitch livenw250c_0: observe_us=18782 paints=0 skips=2285 ticks=115
[script livenw250c_0] interact UseOn { name: "Raw salmon", kind: "loc", target_name: Some("Range"), x: 2817, z: 3444, level: 0, index: None, source_item_id: Some(331), source_item_slot: Some(27), target_item_id: None, target_item_slot: None }
[host] slot livenw250c_0: d_loop_us=1724 d_raster_us=0 d_observe_us=68712 max_observe_us=18782 d_paints=0 d_skips=50 d_ticks=2 window_ms=1190
[host] slot livenw250c_0: d_loop_us=1333 d_raster_us=0 d_observe_us=85616 max_observe_us=13953 d_paints=0 d_skips=50 d_ticks=2 window_ms=1203
[script livenw250c_0] interact UseOn { name: "Raw salmon", kind: "loc", target_name: Some("Range"), x: 2817, z: 3444, level: 0, index: None, source_item_id: Some(331), source_item_slot: Some(27), target_item_id: None, target_item_slot: None }
[host] slot livenw250c_0: d_loop_us=1529 d_raster_us=0 d_observe_us=98347 max_observe_us=13738 d_paints=0 d_skips=50 d_ticks=2 window_ms=1178
[script livenw250c_0] interact UseOn { name: "Raw salmon", kind: "loc", target_name: Some("Range"), x: 2817, z: 3444, level: 0, index: None, source_item_id: Some(331), source_item_slot: Some(27), target_item_id: None, target_item_slot: None }
[host] slot livenw250c_0: d_loop_us=1111 d_raster_us=0 d_observe_us=66606 max_observe_us=12784 d_paints=0 d_skips=50 d_ticks=2 window_ms=1185
[host] slot livenw250c_0: d_loop_us=1594 d_raster_us=0 d_observe_us=85739 max_observe_us=13225 d_paints=0 d_skips=50 d_ticks=2 window_ms=1183
[host] hitch livenw250c_0: observe_us=18637 paints=0 skips=2513 ticks=124
[script livenw250c_0] interact UseOn { name: "Raw salmon", kind: "loc", target_name: Some("Range"), x: 2817, z: 3444, level: 0, index: None, source_item_id: Some(331), source_item_slot: Some(27), target_item_id: None, target_item_slot: None }
[host] slot livenw250c_0: d_loop_us=1834 d_raster_us=0 d_observe_us=95891 max_observe_us=18637 d_paints=0 d_skips=50 d_ticks=2 window_ms=1188
[host] hitch livenw250c_0: observe_us=18657 paints=0 skips=2588 ticks=127
[script livenw250c_0] interact UseOn { name: "Raw salmon", kind: "loc", target_name: Some("Range"), x: 2817, z: 3444, level: 0, index: None, source_item_id: Some(331), source_item_slot: Some(27), target_item_id: None, target_item_slot: None }
[host] slot livenw250c_0: d_loop_us=1879 d_raster_us=0 d_observe_us=102179 max_observe_us=18657 d_paints=0 d_skips=50 d_ticks=2 window_ms=1185
[host] slot livenw250c_0: d_loop_us=1606 d_raster_us=0 d_observe_us=79729 max_observe_us=11918 d_paints=0 d_skips=50 d_ticks=2 window_ms=1170
[host] hitch livenw250c_0: observe_us=18318 paints=0 skips=2665 ticks=130
[script livenw250c_0] interact UseOn { name: "Raw salmon", kind: "loc", target_name: Some("Range"), x: 2817, z: 3444, level: 0, index: None, source_item_id: Some(331), source_item_slot: Some(27), target_item_id: None, target_item_slot: None }
[host] slot livenw250c_0: d_loop_us=2114 d_raster_us=0 d_observe_us=102491 max_observe_us=18318 d_paints=0 d_skips=50 d_ticks=2 window_ms=1173
[host] hitch livenw250c_0: observe_us=19986 paints=0 skips=2743 ticks=133
[host] slot livenw250c_0: d_loop_us=1855 d_raster_us=0 d_observe_us=93447 max_observe_us=19986 d_paints=0 d_skips=50 d_ticks=2 window_ms=1154
[script livenw250c_0] interact Walk { x: 2809, z: 3441, level: 0, allow_teleports: false }
[nav-follow] here=WorldTile { x: 2817, z: 3443, level: 0 } walk=true transport=false leg=0 hops=1 outcome=None
[host] slot livenw250c_0: d_loop_us=1731 d_raster_us=0 d_observe_us=84020 max_observe_us=12512 d_paints=0 d_skips=50 d_ticks=2 window_ms=1174
[nav-walk] here=WorldTile { x: 2816, z: 3442, level: 0 } aim=WorldTile { x: 2816, z: 3439, level: 0 } radius=0 ticks_waited=0 sent_tile=Some(WorldTile { x: 2817, z: 3443, level: 0 })
[nav-follow] here=WorldTile { x: 2816, z: 3442, level: 0 } walk=true transport=false leg=0 hops=1 outcome=None
[nav-walk] here=WorldTile { x: 2816, z: 3440, level: 0 } aim=WorldTile { x: 2816, z: 3439, level: 0 } radius=0 ticks_waited=1 sent_tile=Some(WorldTile { x: 2817, z: 3443, level: 0 })
[nav-follow] here=WorldTile { x: 2816, z: 3440, level: 0 } walk=true transport=false leg=0 hops=1 outcome=None
[host] hitch livenw250c_0: observe_us=20411 paints=0 skips=2845 ticks=137
[host] slot livenw250c_0: d_loop_us=1467 d_raster_us=0 d_observe_us=77079 max_observe_us=20411 d_paints=0 d_skips=50 d_ticks=2 window_ms=1177
[nav-walk] here=WorldTile { x: 2816, z: 3439, level: 0 } aim=WorldTile { x: 2816, z: 3439, level: 0 } radius=0 ticks_waited=2 sent_tile=Some(WorldTile { x: 2817, z: 3443, level: 0 })
[nav-follow] here=WorldTile { x: 2816, z: 3439, level: 0 } walk=false transport=true leg=1 hops=1 outcome=None
[host] hitch livenw250c_0: observe_us=20353 paints=0 skips=2870 ticks=138
[nav-transport] here=WorldTile { x: 2816, z: 3437, level: 0 } to=WorldTile { x: 2816, z: 3437, level: 0 } troll=false ticks_waited=0 loc_id=1530 open=true
[nav-follow] here=WorldTile { x: 2816, z: 3437, level: 0 } walk=true transport=false leg=2 hops=2 outcome=None
[host] hitch livenw250c_0: observe_us=21934 paints=0 skips=2895 ticks=139
[host] slot livenw250c_0: d_loop_us=1835 d_raster_us=0 d_observe_us=97584 max_observe_us=21934 d_paints=0 d_skips=50 d_ticks=2 window_ms=1188
[nav-walk] here=WorldTile { x: 2814, z: 3437, level: 0 } aim=WorldTile { x: 2809, z: 3441, level: 0 } radius=0 ticks_waited=0 sent_tile=Some(WorldTile { x: 2816, z: 3437, level: 0 })
[nav-follow] here=WorldTile { x: 2814, z: 3437, level: 0 } walk=true transport=false leg=2 hops=2 outcome=None
[host] hitch livenw250c_0: observe_us=23289 paints=0 skips=2920 ticks=140
[nav-walk] here=WorldTile { x: 2812, z: 3437, level: 0 } aim=WorldTile { x: 2809, z: 3441, level: 0 } radius=0 ticks_waited=1 sent_tile=Some(WorldTile { x: 2816, z: 3437, level: 0 })
[nav-follow] here=WorldTile { x: 2812, z: 3437, level: 0 } walk=true transport=false leg=2 hops=2 outcome=None
[host] hitch livenw250c_0: observe_us=24877 paints=0 skips=2946 ticks=141
[host] slot livenw250c_0: d_loop_us=1586 d_raster_us=0 d_observe_us=105449 max_observe_us=24877 d_paints=0 d_skips=50 d_ticks=2 window_ms=1193
[nav-walk] here=WorldTile { x: 2810, z: 3437, level: 0 } aim=WorldTile { x: 2809, z: 3441, level: 0 } radius=0 ticks_waited=2 sent_tile=Some(WorldTile { x: 2816, z: 3437, level: 0 })
[nav-follow] here=WorldTile { x: 2810, z: 3437, level: 0 } walk=true transport=false leg=2 hops=2 outcome=None
[host] hitch livenw250c_0: observe_us=21741 paints=0 skips=2971 ticks=142
[nav-walk] here=WorldTile { x: 2809, z: 3438, level: 0 } aim=WorldTile { x: 2809, z: 3441, level: 0 } radius=0 ticks_waited=3 sent_tile=Some(WorldTile { x: 2816, z: 3437, level: 0 })
[nav-follow] here=WorldTile { x: 2809, z: 3438, level: 0 } walk=true transport=false leg=2 hops=2 outcome=None
[host] hitch livenw250c_0: observe_us=19403 paints=0 skips=2996 ticks=143
[host] slot livenw250c_0: d_loop_us=1684 d_raster_us=0 d_observe_us=92719 max_observe_us=21741 d_paints=0 d_skips=50 d_ticks=2 window_ms=1184
[nav-walk] here=WorldTile { x: 2809, z: 3440, level: 0 } aim=WorldTile { x: 2809, z: 3441, level: 0 } radius=0 ticks_waited=4 sent_tile=Some(WorldTile { x: 2816, z: 3437, level: 0 })
[nav-follow] here=WorldTile { x: 2809, z: 3440, level: 0 } walk=true transport=false leg=2 hops=2 outcome=None
[host] hitch livenw250c_0: observe_us=21392 paints=0 skips=3022 ticks=144
[nav-walk] here=WorldTile { x: 2809, z: 3441, level: 0 } aim=WorldTile { x: 2809, z: 3441, level: 0 } radius=0 ticks_waited=5 sent_tile=Some(WorldTile { x: 2816, z: 3437, level: 0 })
[nav-follow] here=WorldTile { x: 2809, z: 3441, level: 0 } walk=false transport=false leg=3 hops=2 outcome=Some(Arrived { at: WorldTile { x: 2809, z: 3441, level: 0 } })
[script livenw250c_0] interact OpenBooth { x: 2809, z: 3442, level: 0, id: 2213, name: Some("Bank booth"), action: Some("Use-quickly") }
[host] slot livenw250c_0: d_loop_us=1541 d_raster_us=0 d_observe_us=78565 max_observe_us=21392 d_paints=0 d_skips=50 d_ticks=2 window_ms=1182
[host] slot livenw250c_0: d_loop_us=1212 d_raster_us=0 d_observe_us=70854 max_observe_us=11906 d_paints=0 d_skips=50 d_ticks=2 window_ms=1166
[host] hitch livenw250c_0: observe_us=17864 paints=0 skips=3124 ticks=148
[host] slot livenw250c_0: d_loop_us=1963 d_raster_us=0 d_observe_us=75079 max_observe_us=17864 d_paints=0 d_skips=50 d_ticks=2 window_ms=1181
[host] slot livenw250c_0: d_loop_us=1917 d_raster_us=0 d_observe_us=90869 max_observe_us=13694 d_paints=0 d_skips=50 d_ticks=2 window_ms=1172
[script livenw250c_0] withdrawing Raw salmon
[host] hitch livenw250c_0: observe_us=16305 paints=0 skips=3226 ticks=152
[host] slot livenw250c_0: d_loop_us=2069 d_raster_us=0 d_observe_us=92186 max_observe_us=16305 d_paints=0 d_skips=50 d_ticks=1 window_ms=1180
[script livenw250c_0] interact Walk { x: 2817, z: 3443, level: 0, allow_teleports: false }
[nav-follow] here=WorldTile { x: 2809, z: 3441, level: 0 } walk=true transport=false leg=0 hops=1 outcome=None
[host] slot livenw250c_0: d_loop_us=1802 d_raster_us=0 d_observe_us=95168 max_observe_us=14302 d_paints=0 d_skips=50 d_ticks=2 window_ms=1179
[nav-walk] here=WorldTile { x: 2809, z: 3439, level: 0 } aim=WorldTile { x: 2815, z: 3438, level: 0 } radius=0 ticks_waited=0 sent_tile=Some(WorldTile { x: 2809, z: 3441, level: 0 })
[nav-follow] here=WorldTile { x: 2809, z: 3439, level: 0 } walk=true transport=false leg=0 hops=1 outcome=None
[host] hitch livenw250c_0: observe_us=17403 paints=0 skips=3302 ticks=155
[nav-walk] here=WorldTile { x: 2809, z: 3437, level: 0 } aim=WorldTile { x: 2815, z: 3438, level: 0 } radius=0 ticks_waited=1 sent_tile=Some(WorldTile { x: 2809, z: 3441, level: 0 })
[nav-follow] here=WorldTile { x: 2809, z: 3437, level: 0 } walk=true transport=false leg=0 hops=1 outcome=None
[host] hitch livenw250c_0: observe_us=21395 paints=0 skips=3328 ticks=156
[host] slot livenw250c_0: d_loop_us=1939 d_raster_us=0 d_observe_us=100719 max_observe_us=21395 d_paints=0 d_skips=50 d_ticks=2 window_ms=1168
[nav-walk] here=WorldTile { x: 2811, z: 3437, level: 0 } aim=WorldTile { x: 2815, z: 3438, level: 0 } radius=0 ticks_waited=2 sent_tile=Some(WorldTile { x: 2809, z: 3441, level: 0 })
[nav-follow] here=WorldTile { x: 2811, z: 3437, level: 0 } walk=true transport=false leg=0 hops=1 outcome=None
[host] hitch livenw250c_0: observe_us=21621 paints=0 skips=3353 ticks=157
[nav-walk] here=WorldTile { x: 2813, z: 3437, level: 0 } aim=WorldTile { x: 2815, z: 3438, level: 0 } radius=0 ticks_waited=3 sent_tile=Some(WorldTile { x: 2809, z: 3441, level: 0 })
[nav-follow] here=WorldTile { x: 2813, z: 3437, level: 0 } walk=true transport=false leg=0 hops=1 outcome=None
[host] hitch livenw250c_0: observe_us=17601 paints=0 skips=3379 ticks=158
[host] slot livenw250c_0: d_loop_us=1854 d_raster_us=0 d_observe_us=88982 max_observe_us=21621 d_paints=0 d_skips=50 d_ticks=2 window_ms=1192
[nav-walk] here=WorldTile { x: 2815, z: 3438, level: 0 } aim=WorldTile { x: 2815, z: 3438, level: 0 } radius=0 ticks_waited=4 sent_tile=Some(WorldTile { x: 2809, z: 3441, level: 0 })
[nav-follow] here=WorldTile { x: 2815, z: 3438, level: 0 } walk=false transport=true leg=1 hops=1 outcome=None
[host] hitch livenw250c_0: observe_us=22315 paints=0 skips=3404 ticks=159
[nav-transport] here=WorldTile { x: 2816, z: 3439, level: 0 } to=WorldTile { x: 2816, z: 3439, level: 0 } troll=false ticks_waited=0 loc_id=1530 open=true
[nav-follow] here=WorldTile { x: 2816, z: 3439, level: 0 } walk=true transport=false leg=2 hops=2 outcome=None
[host] hitch livenw250c_0: observe_us=23659 paints=0 skips=3429 ticks=160
[host] slot livenw250c_0: d_loop_us=1931 d_raster_us=0 d_observe_us=102162 max_observe_us=23659 d_paints=0 d_skips=50 d_ticks=2 window_ms=1182
[nav-walk] here=WorldTile { x: 2816, z: 3441, level: 0 } aim=WorldTile { x: 2817, z: 3443, level: 0 } radius=0 ticks_waited=0 sent_tile=Some(WorldTile { x: 2816, z: 3439, level: 0 })
[nav-follow] here=WorldTile { x: 2816, z: 3441, level: 0 } walk=true transport=false leg=2 hops=2 outcome=None
[host] hitch livenw250c_0: observe_us=18010 paints=0 skips=3455 ticks=161
[nav-walk] here=WorldTile { x: 2816, z: 3443, level: 0 } aim=WorldTile { x: 2817, z: 3443, level: 0 } radius=0 ticks_waited=1 sent_tile=Some(WorldTile { x: 2816, z: 3439, level: 0 })
[nav-follow] here=WorldTile { x: 2816, z: 3443, level: 0 } walk=true transport=false leg=2 hops=2 outcome=None
[host] hitch livenw250c_0: observe_us=21888 paints=0 skips=3479 ticks=162
[host] slot livenw250c_0: d_loop_us=1777 d_raster_us=0 d_observe_us=103969 max_observe_us=21888 d_paints=0 d_skips=50 d_ticks=2 window_ms=1195
[nav-walk] here=WorldTile { x: 2817, z: 3443, level: 0 } aim=WorldTile { x: 2817, z: 3443, level: 0 } radius=0 ticks_waited=2 sent_tile=Some(WorldTile { x: 2816, z: 3439, level: 0 })
[nav-follow] here=WorldTile { x: 2817, z: 3443, level: 0 } walk=false transport=false leg=3 hops=2 outcome=Some(Arrived { at: WorldTile { x: 2817, z: 3443, level: 0 } })
[host] hitch livenw250c_0: observe_us=19719 paints=0 skips=3505 ticks=163
[script livenw250c_0] interact UseOn { name: "Raw salmon", kind: "loc", target_name: Some("Range"), x: 2817, z: 3444, level: 0, index: None, source_item_id: Some(331), source_item_slot: Some(27), target_item_id: None, target_item_slot: None }
[host] slot livenw250c_0: d_loop_us=1475 d_raster_us=0 d_observe_us=88960 max_observe_us=19719 d_paints=0 d_skips=50 d_ticks=2 window_ms=1183
[host] slot livenw250c_0: d_loop_us=1874 d_raster_us=0 d_observe_us=84828 max_observe_us=14391 d_paints=0 d_skips=50 d_ticks=2 window_ms=1197
PASS: catalog_boundary_live: {"scenario":"cook_bot","runner":"Some(Evidence { scenario: \"cook_bot\", outcome: \"PASS\", predicate: \"has_item_id(329)>=1\", ticks: 231, elapsed_ms: 111561, message: None, tile: Some([2817, 3443, 0]), inv: [InvRow { id: 329, name: Some(\"Salmon\"), count: 1 }, InvRow { id: 331, name: Some(\"Raw salmon\"), count: 1 }, InvRow { id: 331, name: Some(\"Raw salmon\"), count: 1 }, InvRow { id: 331, name: Some(\"Raw salmon\"), count: 1 }, InvRow { id: 331, name: Some(\"Raw salmon\"), count: 1 }, InvRow { id: 331, name: Some(\"Raw salmon\"), count: 1 }, InvRow { id: 331, name: Some(\"Raw salmon\"), count: 1 }, InvRow { id: 331, name: Some(\"Raw salmon\"), count: 1 }, InvRow { id: 331, name: Some(\"Raw salmon\"), count: 1 }, InvRow { id: 331, name: Some(\"Raw salmon\"), count: 1 }, InvRow { id: 331, name: Some(\"Raw salmon\"), count: 1 }, InvRow { id: 331, name: Some(\"Raw salmon\"), count: 1 }, InvRow { id: 331, name: Some(\"Raw salmon\"), count: 1 }, InvRow { id: 331, name: Some(\"Raw salmon\"), count: 1 }, InvRow { id: 331, name: Some(\"Raw salmon\"), count: 1 }, InvRow { id: 331, name: Some(\"Raw salmon\"), count: 1 }, InvRow { id: 331, name: Some(\"Raw salmon\"), count: 1 }, InvRow { id: 331, name: Some(\"Raw salmon\"), count: 1 }, InvRow { id: 331, name: Some(\"Raw salmon\"), count: 1 }, InvRow { id: 331, name: Some(\"Raw salmon\"), count: 1 }, InvRow { id: 331, name: Some(\"Raw salmon\"), count: 1 }, InvRow { id: 331, name: Some(\"Raw salmon\"), count: 1 }, InvRow { id: 331, name: Some(\"Raw salmon\"), count: 1 }, InvRow { id: 331, name: Some(\"Raw salmon\"), count: 1 }, InvRow { id: 331, name: Some(\"Raw salmon\"), count: 1 }, InvRow { id: 331, name: Some(\"Raw salmon\"), count: 1 }, InvRow { id: 331, name: Some(\"Raw salmon\"), count: 1 }, InvRow { id: 331, name: Some(\"Raw salmon\"), count: 1 }], stat: Some(StatRow { runenergy: 83 }), chat: [ChatRow { text: \"The salmon is now nicely cooked.\", username: None }, ChatRow { text: \"You put the salmon on the stove.\", username: None }, ChatRow { text: \"The salmon is now nicely cooked.\", username: None }, ChatRow { text: \"You put the salmon on the stove.\", username: None }, ChatRow { text: \"The salmon is now nicely cooked.\", username: None }, ChatRow { text: \"You put the salmon on the stove.\", username: None }, ChatRow { text: \"The salmon is now nicely cooked.\", username: None }, ChatRow { text: \"You put the salmon on the stove.\", username: None }, ChatRow { text: \"The salmon is now nicely cooked.\", username: None }, ChatRow { text: \"You put the salmon on the stove.\", username: None }, ChatRow { text: \"The salmon is now nicely cooked.\", username: None }, ChatRow { text: \"You put the salmon on the stove.\", username: None }, ChatRow { text: \"The salmon is now nicely cooked.\", username: None }, ChatRow { text: \"You put the salmon on the stove.\", username: None }, ChatRow { text: \"The salmon is now nicely cooked.\", username: None }, ChatRow { text: \"You put the salmon on the stove.\", username: None }, ChatRow { text: \"The salmon is now nicely cooked.\", username: None }, ChatRow { text: \"You put the salmon on the stove.\", username: None }, ChatRow { text: \"The salmon is now nicely cooked.\", username: None }, ChatRow { text: \"You put the salmon on the stove.\", username: None }, ChatRow { text: \"The salmon is now nicely cooked.\", username: None }, ChatRow { text: \"You put the salmon on the stove.\", username: None }, ChatRow { text: \"The salmon is now nicely cooked.\", username: None }, ChatRow { text: \"You put the salmon on the stove.\", username: None }, ChatRow { text: \"The salmon is now nicely cooked.\", username: None }, ChatRow { text: \"You put the salmon on the stove.\", username: None }, ChatRow { text: \"The salmon is now nicely cooked.\", username: None }, ChatRow { text: \"You put the salmon on the stove.\", username: None }, ChatRow { text: \"The salmon is now nicely cooked.\", username: None }, ChatRow { text: \"You put the salmon on the stove.\", username: None }, ChatRow { text: \"The salmon is now nicely cooked.\", username: None }, ChatRow { text: \"You put the salmon on the stove.\", username: None }, ChatRow { text: \"The salmon is now nicely cooked.\", username: None }, ChatRow { text: \"You put the salmon on the stove.\", username: None }, ChatRow { text: \"The salmon is now nicely cooked.\", username: None }, ChatRow { text: \"You put the salmon on the stove.\", username: None }, ChatRow { text: \"The salmon is now nicely cooked.\", username: None }, ChatRow { text: \"You put the salmon on the stove.\", username: None }, ChatRow { text: \"The salmon is now nicely cooked.\", username: None }, ChatRow { text: \"You put the salmon on the stove.\", username: None }, ChatRow { text: \"The salmon is now nicely cooked.\", username: None }, ChatRow { text: \"You put the salmon on the stove.\", username: None }, ChatRow { text: \"The salmon is now nicely cooked.\", username: None }, ChatRow { text: \"You put the salmon on the stove.\", username: None }, ChatRow { text: \"The salmon is now nicely cooked.\", username: None }, ChatRow { text: \"You put the salmon on the stove.\", username: None }, ChatRow { text: \"The salmon is now nicely cooked.\", username: None }, ChatRow { text: \"You put the salmon on the stove.\", username: None }, ChatRow { text: \"The salmon is now nicely cooked.\", username: None }, ChatRow { text: \"You put the salmon on the stove.\", username: None }, ChatRow { text: \"The salmon is now nicely cooked.\", username: None }, ChatRow { text: \"You put the salmon on the stove.\", username: None }, ChatRow { text: \"The salmon is now nicely cooked.\", username: None }, ChatRow { text: \"You put the salmon on the stove.\", username: None }, ChatRow { text: \"The salmon is now nicely cooked.\", username: None }, ChatRow { text: \"You put the salmon on the stove.\", username: None }, ChatRow { text: \"The salmon is now nicely cooked.\", username: None }, ChatRow { text: \"You put the salmon on the stove.\", username: None }, ChatRow { text: \"Inventory wiped.\", username: None }, ChatRow { text: \"set tutorial: to 1000\", username: None }, ChatRow { text: \"Welcome to RuneScape.\", username: None }], scene: 2 })","core":{"case":"cook_bot","baseline":{"ingame":true,"scene_state":2,"player":"Livenw250c 0","tile":[2809,3441,0],"tick":28,"items":{},"item_ids":{},"bank":{},"bank_ids":{},"bank_open":false,"bank_loaded":false,"bank_generation":2,"levels":{"-unused-":0,"agility":1,"attack":1,"cooking":80,"crafting":1,"defence":1,"firemaking":1,"fishing":1,"fletching":1,"herblore":1,"hitpoints":10,"magic":1,"mining":1,"prayer":1,"ranged":1,"runecraft":1,"slayer":1,"smithing":1,"strength":1,"thieving":1,"woodcutting":1},"xp":{"-unused-":0,"agility":0,"attack":0,"cooking":1986068,"crafting":0,"defence":0,"firemaking":0,"fishing":0,"fletching":0,"herblore":0,"hitpoints":1154,"magic":0,"mining":0,"prayer":0,"ranged":0,"runecraft":0,"slayer":0,"smithing":0,"strength":0,"thieving":0,"woodcutting":0},"chat":[[7,"Inventory wiped."],[6,"set tutorial: to 1000"],[5,"Welcome to RuneScape."]],"loc_facts":[{"id":1530,"x":2815,"z":3449,"level":0,"name":"Door","open":true},{"id":1530,"x":2816,"z":3438,"level":0,"name":"Door","open":true}],"npc_facts":[],"ground_loot":[],"local_in_combat":false,"local_target_npc":null,"local_health":0,"local_animation":-1,"equipment_ids":{},"main_modal":-1,"widget_ids":[3213,3214]},"latest":{"ingame":true,"scene_state":2,"player":"Livenw250c 0","tile":[2817,3443,0],"tick":167,"items":{"Raw salmon":27,"Salmon":1},"item_ids":{"329":1,"331":27},"bank":{},"bank_ids":{},"bank_open":false,"bank_loaded":false,"bank_generation":6,"levels":{"-unused-":0,"agility":1,"attack":1,"cooking":80,"crafting":1,"defence":1,"firemaking":1,"fishing":1,"fletching":1,"herblore":1,"hitpoints":10,"magic":1,"mining":1,"prayer":1,"ranged":1,"runecraft":1,"slayer":1,"smithing":1,"strength":1,"thieving":1,"woodcutting":1},"xp":{"-unused-":0,"agility":0,"attack":0,"cooking":1988678,"crafting":0,"defence":0,"firemaking":0,"fishing":0,"fletching":0,"herblore":0,"hitpoints":1154,"magic":0,"mining":0,"prayer":0,"ranged":0,"runecraft":0,"slayer":0,"smithing":0,"strength":0,"thieving":0,"woodcutting":0},"chat":[[65,"The salmon is now nicely cooked."],[64,"You put the salmon on the stove."],[63,"The salmon is now nicely cooked."],[62,"You put the salmon on the stove."],[61,"The salmon is now nicely cooked."],[60,"You put the salmon on the stove."],[59,"The salmon is now nicely cooked."],[58,"You put the salmon on the stove."],[57,"The salmon is now nicely cooked."],[56,"You put the salmon on the stove."],[55,"The salmon is now nicely cooked."],[54,"You put the salmon on the stove."],[53,"The salmon is now nicely cooked."],[52,"You put the salmon on the stove."],[51,"The salmon is now nicely cooked."],[50,"You put the salmon on the stove."],[49,"The salmon is now nicely cooked."],[48,"You put the salmon on the stove."],[47,"The salmon is now nicely cooked."],[46,"You put the salmon on the stove."],[45,"The salmon is now nicely cooked."],[44,"You put the salmon on the stove."],[43,"The salmon is now nicely cooked."],[42,"You put the salmon on the stove."],[41,"The salmon is now nicely cooked."],[40,"You put the salmon on the stove."],[39,"The salmon is now nicely cooked."],[38,"You put the salmon on the stove."],[37,"The salmon is now nicely cooked."],[36,"You put the salmon on the stove."],[35,"The salmon is now nicely cooked."],[34,"You put the salmon on the stove."],[33,"The salmon is now nicely cooked."],[32,"You put the salmon on the stove."],[31,"The salmon is now nicely cooked."],[30,"You put the salmon on the stove."],[29,"The salmon is now nicely cooked."],[28,"You put the salmon on the stove."],[27,"The salmon is now nicely cooked."],[26,"You put the salmon on the stove."],[25,"The salmon is now nicely cooked."],[24,"You put the salmon on the stove."],[23,"The salmon is now nicely cooked."],[22,"You put the salmon on the stove."],[21,"The salmon is now nicely cooked."],[20,"You put the salmon on the stove."],[19,"The salmon is now nicely cooked."],[18,"You put the salmon on the stove."],[17,"The salmon is now nicely cooked."],[16,"You put the salmon on the stove."],[15,"The salmon is now nicely cooked."],[14,"You put the salmon on the stove."],[13,"The salmon is now nicely cooked."],[12,"You put the salmon on the stove."],[11,"The salmon is now nicely cooked."],[10,"You put the salmon on the stove."],[9,"The salmon is now nicely cooked."],[8,"You put the salmon on the stove."],[7,"Inventory wiped."],[6,"set tutorial: to 1000"],[5,"Welcome to RuneScape."]],"loc_facts":[{"id":1530,"x":2815,"z":3449,"level":0,"name":"Door","open":true},{"id":1531,"x":2816,"z":3439,"level":0,"name":"Door","open":false},{"id":1531,"x":2822,"z":3440,"level":0,"name":"Door","open":false}],"npc_facts":[],"ground_loot":[],"local_in_combat":false,"local_target_npc":null,"local_health":0,"local_animation":896,"equipment_ids":{},"main_modal":-1,"widget_ids":[3213,3214]},"max_items":{"Raw salmon":28,"Salmon":28},"max_xp":{"-unused-":0,"agility":0,"attack":0,"cooking":1988678,"crafting":0,"defence":0,"firemaking":0,"fishing":0,"fletching":0,"herblore":0,"hitpoints":1154,"magic":0,"mining":0,"prayer":0,"ranged":0,"runecraft":0,"slayer":0,"smithing":0,"strength":0,"thieving":0,"woodcutting":0},"saw_bury_chat":false,"post_start_observations":3497,"bone_bank_cycle":{"first_batch_buried":false,"opened":null,"withdrawn":null,"buried_after_withdrawal":false},"bank_fletcher_cycle":{"first_pack_created":false,"deposited":null,"withdrawn":null,"crafted_after_withdrawal":false},"bank_fletcher_string_cycle":{"initial_pairs_strung":false,"deposited":null,"withdrawn":null,"strung_after_withdrawal":false},"bank_fletcher_cut_string_cycle":{"cut_pair_created":false,"deposited":null,"withdrawn":null,"string_pair_created":false},"alcher_generated_custom_cycle":{"withdrawn":null,"consumed":false},"dart_fletcher_cycle":{"first":null,"further":false,"wrong_tier":false},"herb_cleaner_cycle":{"first_pack":false,"deposited":null,"withdrawn":null,"cleaned_after_withdrawal":false,"filter_violated":false},"gem_cutter_cycle":{"first_pack":false,"deposited":null,"withdrawn":null,"cut_after_withdrawal":false,"filter_violated":false},"door_opener_cycle":{"selected":null,"opened":false},"gnome_course_cycle":{"log":null,"ground_return":null,"pipe":null,"second_lap":false},"flax_picker_cycle":{"first_pack":false,"deposited":null,"returned":false,"further":false},"superheater_cycle":{"first_bars":false,"deposited":null,"withdrawn":null,"produced_after_withdrawal":false,"wrong_product":false,"wrong_staff":false},"chicken_killer_bank_cycle":{"combat_loot":false,"deposited":null,"returned":false,"further":false},"vial_filler_cycle":{"filled":null,"deposited":null,"withdrawn":null,"returned":false,"further":false},"potion_maker_cycle":{"unfinished":null,"finished":null,"deposited":null,"withdrawn":null,"further":false,"wrong_product":false,"filter_violated":false},"tanner_bot_cycle":{"widget":null,"tanned":null,"deposited":null,"withdrawn":null,"returned":false,"further":false,"wrong_product":false,"shop":false},"rune_crafter_cycle":{"withdrawn":null,"entered":null,"crafted":null,"exited":null,"deposited":null,"restocked":null,"returned":false,"further":false,"wrong_product":false,"noted":false},"ardy_cakes_cycle":{"stolen":null,"deposited":null,"returned":false,"further":false,"wrong_product":false,"noted":false},"ardy_thiever_cycle":{"pickpocketed":null,"deposited":null,"returned":false,"further":false},"gnome_chop_cycle":{"chopped":null,"deposited":null,"returned":false,"further":false,"wrong_product":false,"noted":false},"gnome_fletch_cycle":{"chopped":null,"fletched":null,"deposited":null,"returned":false,"further":false,"wrong_product":false,"noted":false},"coal_trucks_cycle":{"mined":null,"trucked":null,"further":false,"noted":false,"banked":false},"station_production_cycle":{"withdrawn":{"ingame":true,"scene_state":2,"player":"Livenw250c 0","tile":[2809,3441,0],"tick":36,"items":{"Raw salmon":28},"item_ids":{"331":28},"bank":{"Raw salmon":28},"bank_ids":{"331":28},"bank_open":true,"bank_loaded":true,"bank_generation":3,"levels":{"-unused-":0,"agility":1,"attack":1,"cooking":80,"crafting":1,"defence":1,"firemaking":1,"fishing":1,"fletching":1,"herblore":1,"hitpoints":10,"magic":1,"mining":1,"prayer":1,"ranged":1,"runecraft":1,"slayer":1,"smithing":1,"strength":1,"thieving":1,"woodcutting":1},"xp":{"-unused-":0,"agility":0,"attack":0,"cooking":1986068,"crafting":0,"defence":0,"firemaking":0,"fishing":0,"fletching":0,"herblore":0,"hitpoints":1154,"magic":0,"mining":0,"prayer":0,"ranged":0,"runecraft":0,"slayer":0,"smithing":0,"strength":0,"thieving":0,"woodcutting":0},"chat":[[7,"Inventory wiped."],[6,"set tutorial: to 1000"],[5,"Welcome to RuneScape."]],"loc_facts":[{"id":1530,"x":2815,"z":3449,"level":0,"name":"Door","open":true},{"id":1530,"x":2816,"z":3438,"level":0,"name":"Door","open":true}],"npc_facts":[],"ground_loot":[],"local_in_combat":false,"local_target_npc":null,"local_health":0,"local_animation":-1,"equipment_ids":{},"main_modal":5292,"widget_ids":[2005,2006,5292,5293,5294,5295,5296,5297,5298,5299,5300,5301,5302,5303,5304,5305,5306,5307,5308,5309,5310,5311,5312,5313,5314,5315,5316,5317,5318,5319,5320,5321,5322,5323,5324,5325,5326,5327,5328,5329,5330,5331,5332,5333,5334,5335,5336,5337,5338,5339,5340,5341,5342,5343,5344,5345,5346,5347,5348,5349,5350,5351,5352,5353,5354,5355,5356,5357,5358,5359,5360,5361,5362,5363,5364,5365,5366,5367,5368,5369,5370,5371,5372,5373,5374,5375,5376,5377,5378,5379,5380,5381,5382,5383,5384,5385,5386,5387,5388,5389,5390,5391,8130,8131,8132,8133]},"produced":{"ingame":true,"scene_state":2,"player":"Livenw250c 0","tile":[2817,3443,0],"tick":52,"items":{"Raw salmon":27,"Salmon":1},"item_ids":{"329":1,"331":27},"bank":{},"bank_ids":{},"bank_open":false,"bank_loaded":false,"bank_generation":4,"levels":{"-unused-":0,"agility":1,"attack":1,"cooking":80,"crafting":1,"defence":1,"firemaking":1,"fishing":1,"fletching":1,"herblore":1,"hitpoints":10,"magic":1,"mining":1,"prayer":1,"ranged":1,"runecraft":1,"slayer":1,"smithing":1,"strength":1,"thieving":1,"woodcutting":1},"xp":{"-unused-":0,"agility":0,"attack":0,"cooking":1986158,"crafting":0,"defence":0,"firemaking":0,"fishing":0,"fletching":0,"herblore":0,"hitpoints":1154,"magic":0,"mining":0,"prayer":0,"ranged":0,"runecraft":0,"slayer":0,"smithing":0,"strength":0,"thieving":0,"woodcutting":0},"chat":[[9,"The salmon is now nicely cooked."],[8,"You put the salmon on the stove."],[7,"Inventory wiped."],[6,"set tutorial: to 1000"],[5,"Welcome to RuneScape."]],"loc_facts":[{"id":1530,"x":2815,"z":3449,"level":0,"name":"Door","open":true},{"id":1531,"x":2816,"z":3439,"level":0,"name":"Door","open":false},{"id":1531,"x":2822,"z":3440,"level":0,"name":"Door","open":false}],"npc_facts":[],"ground_loot":[],"local_in_combat":false,"local_target_npc":null,"local_health":0,"local_animation":896,"equipment_ids":{},"main_modal":-1,"widget_ids":[3213,3214]},"deposited":{"ingame":true,"scene_state":2,"player":"Livenw250c 0","tile":[2809,3441,0],"tick":148,"items":{},"item_ids":{},"bank":{"Raw salmon":28,"Salmon":28},"bank_ids":{"329":28,"331":28},"bank_open":true,"bank_loaded":true,"bank_generation":5,"levels":{"-unused-":0,"agility":1,"attack":1,"cooking":80,"crafting":1,"defence":1,"firemaking":1,"fishing":1,"fletching":1,"herblore":1,"hitpoints":10,"magic":1,"mining":1,"prayer":1,"ranged":1,"runecraft":1,"slayer":1,"smithing":1,"strength":1,"thieving":1,"woodcutting":1},"xp":{"-unused-":0,"agility":0,"attack":0,"cooking":1988588,"crafting":0,"defence":0,"firemaking":0,"fishing":0,"fletching":0,"herblore":0,"hitpoints":1154,"magic":0,"mining":0,"prayer":0,"ranged":0,"runecraft":0,"slayer":0,"smithing":0,"strength":0,"thieving":0,"woodcutting":0},"chat":[[63,"The salmon is now nicely cooked."],[62,"You put the salmon on the stove."],[61,"The salmon is now nicely cooked."],[60,"You put the salmon on the stove."],[59,"The salmon is now nicely cooked."],[58,"You put the salmon on the stove."],[57,"The salmon is now nicely cooked."],[56,"You put the salmon on the stove."],[55,"The salmon is now nicely cooked."],[54,"You put the salmon on the stove."],[53,"The salmon is now nicely cooked."],[52,"You put the salmon on the stove."],[51,"The salmon is now nicely cooked."],[50,"You put the salmon on the stove."],[49,"The salmon is now nicely cooked."],[48,"You put the salmon on the stove."],[47,"The salmon is now nicely cooked."],[46,"You put the salmon on the stove."],[45,"The salmon is now nicely cooked."],[44,"You put the salmon on the stove."],[43,"The salmon is now nicely cooked."],[42,"You put the salmon on the stove."],[41,"The salmon is now nicely cooked."],[40,"You put the salmon on the stove."],[39,"The salmon is now nicely cooked."],[38,"You put the salmon on the stove."],[37,"The salmon is now nicely cooked."],[36,"You put the salmon on the stove."],[35,"The salmon is now nicely cooked."],[34,"You put the salmon on the stove."],[33,"The salmon is now nicely cooked."],[32,"You put the salmon on the stove."],[31,"The salmon is now nicely cooked."],[30,"You put the salmon on the stove."],[29,"The salmon is now nicely cooked."],[28,"You put the salmon on the stove."],[27,"The salmon is now nicely cooked."],[26,"You put the salmon on the stove."],[25,"The salmon is now nicely cooked."],[24,"You put the salmon on the stove."],[23,"The salmon is now nicely cooked."],[22,"You put the salmon on the stove."],[21,"The salmon is now nicely cooked."],[20,"You put the salmon on the stove."],[19,"The salmon is now nicely cooked."],[18,"You put the salmon on the stove."],[17,"The salmon is now nicely cooked."],[16,"You put the salmon on the stove."],[15,"The salmon is now nicely cooked."],[14,"You put the salmon on the stove."],[13,"The salmon is now nicely cooked."],[12,"You put the salmon on the stove."],[11,"The salmon is now nicely cooked."],[10,"You put the salmon on the stove."],[9,"The salmon is now nicely cooked."],[8,"You put the salmon on the stove."],[7,"Inventory wiped."],[6,"set tutorial: to 1000"],[5,"Welcome to RuneScape."]],"loc_facts":[{"id":1530,"x":2815,"z":3449,"level":0,"name":"Door","open":true},{"id":1531,"x":2816,"z":3439,"level":0,"name":"Door","open":false}],"npc_facts":[],"ground_loot":[],"local_in_combat":false,"local_target_npc":null,"local_health":0,"local_animation":-1,"equipment_ids":{},"main_modal":5292,"widget_ids":[2005,2006,5292,5293,5294,5295,5296,5297,5298,5299,5300,5301,5302,5303,5304,5305,5306,5307,5308,5309,5310,5311,5312,5313,5314,5315,5316,5317,5318,5319,5320,5321,5322,5323,5324,5325,5326,5327,5328,5329,5330,5331,5332,5333,5334,5335,5336,5337,5338,5339,5340,5341,5342,5343,5344,5345,5346,5347,5348,5349,5350,5351,5352,5353,5354,5355,5356,5357,5358,5359,5360,5361,5362,5363,5364,5365,5366,5367,5368,5369,5370,5371,5372,5373,5374,5375,5376,5377,5378,5379,5380,5381,5382,5383,5384,5385,5386,5387,5388,5389,5390,5391,8130,8131,8132,8133]},"restocked":{"ingame":true,"scene_state":2,"player":"Livenw250c 0","tile":[2809,3441,0],"tick":152,"items":{"Raw salmon":28},"item_ids":{"331":28},"bank":{"Salmon":28},"bank_ids":{"329":28},"bank_open":true,"bank_loaded":true,"bank_generation":5,"levels":{"-unused-":0,"agility":1,"attack":1,"cooking":80,"crafting":1,"defence":1,"firemaking":1,"fishing":1,"fletching":1,"herblore":1,"hitpoints":10,"magic":1,"mining":1,"prayer":1,"ranged":1,"runecraft":1,"slayer":1,"smithing":1,"strength":1,"thieving":1,"woodcutting":1},"xp":{"-unused-":0,"agility":0,"attack":0,"cooking":1988588,"crafting":0,"defence":0,"firemaking":0,"fishing":0,"fletching":0,"herblore":0,"hitpoints":1154,"magic":0,"mining":0,"prayer":0,"ranged":0,"runecraft":0,"slayer":0,"smithing":0,"strength":0,"thieving":0,"woodcutting":0},"chat":[[63,"The salmon is now nicely cooked."],[62,"You put the salmon on the stove."],[61,"The salmon is now nicely cooked."],[60,"You put the salmon on the stove."],[59,"The salmon is now nicely cooked."],[58,"You put the salmon on the stove."],[57,"The salmon is now nicely cooked."],[56,"You put the salmon on the stove."],[55,"The salmon is now nicely cooked."],[54,"You put the salmon on the stove."],[53,"The salmon is now nicely cooked."],[52,"You put the salmon on the stove."],[51,"The salmon is now nicely cooked."],[50,"You put the salmon on the stove."],[49,"The salmon is now nicely cooked."],[48,"You put the salmon on the stove."],[47,"The salmon is now nicely cooked."],[46,"You put the salmon on the stove."],[45,"The salmon is now nicely cooked."],[44,"You put the salmon on the stove."],[43,"The salmon is now nicely cooked."],[42,"You put the salmon on the stove."],[41,"The salmon is now nicely cooked."],[40,"You put the salmon on the stove."],[39,"The salmon is now nicely cooked."],[38,"You put the salmon on the stove."],[37,"The salmon is now nicely cooked."],[36,"You put the salmon on the stove."],[35,"The salmon is now nicely cooked."],[34,"You put the salmon on the stove."],[33,"The salmon is now nicely cooked."],[32,"You put the salmon on the stove."],[31,"The salmon is now nicely cooked."],[30,"You put the salmon on the stove."],[29,"The salmon is now nicely cooked."],[28,"You put the salmon on the stove."],[27,"The salmon is now nicely cooked."],[26,"You put the salmon on the stove."],[25,"The salmon is now nicely cooked."],[24,"You put the salmon on the stove."],[23,"The salmon is now nicely cooked."],[22,"You put the salmon on the stove."],[21,"The salmon is now nicely cooked."],[20,"You put the salmon on the stove."],[19,"The salmon is now nicely cooked."],[18,"You put the salmon on the stove."],[17,"The salmon is now nicely cooked."],[16,"You put the salmon on the stove."],[15,"The salmon is now nicely cooked."],[14,"You put the salmon on the stove."],[13,"The salmon is now nicely cooked."],[12,"You put the salmon on the stove."],[11,"The salmon is now nicely cooked."],[10,"You put the salmon on the stove."],[9,"The salmon is now nicely cooked."],[8,"You put the salmon on the stove."],[7,"Inventory wiped."],[6,"set tutorial: to 1000"],[5,"Welcome to RuneScape."]],"loc_facts":[{"id":1530,"x":2815,"z":3449,"level":0,"name":"Door","open":true},{"id":1531,"x":2816,"z":3439,"level":0,"name":"Door","open":false}],"npc_facts":[],"ground_loot":[],"local_in_combat":false,"local_target_npc":null,"local_health":0,"local_animation":-1,"equipment_ids":{},"main_modal":5292,"widget_ids":[2005,2006,5292,5293,5294,5295,5296,5297,5298,5299,5300,5301,5302,5303,5304,5305,5306,5307,5308,5309,5310,5311,5312,5313,5314,5315,5316,5317,5318,5319,5320,5321,5322,5323,5324,5325,5326,5327,5328,5329,5330,5331,5332,5333,5334,5335,5336,5337,5338,5339,5340,5341,5342,5343,5344,5345,5346,5347,5348,5349,5350,5351,5352,5353,5354,5355,5356,5357,5358,5359,5360,5361,5362,5363,5364,5365,5366,5367,5368,5369,5370,5371,5372,5373,5374,5375,5376,5377,5378,5379,5380,5381,5382,5383,5384,5385,5386,5387,5388,5389,5390,5391,8130,8131,8132,8133]},"returned":true,"further":true,"wrong_product":false,"noted":false},"flax_aio_cycle":{"picked":null,"produced":null,"deposited":null,"returned":false,"further":false,"wrong_product":false,"noted":false},"flax_aio_pick_cycle":{"first_pack":false,"deposited":null,"returned":false,"further":false,"wrong_product":false,"noted":false},"herblore_eggs_cycle":{"taken":false,"deposited":null,"returned":false,"further":false,"wrong_product":false,"noted":false},"herblore_newt_cycle":{"bought":false,"deposited":null,"returned":false,"further":false,"coins_spent":false,"coins_peak":0,"wrong_product":false,"noted":false},"combat_core_cycle":{"engagements":0,"defeats":0,"style_xp":false,"looted":false,"noted":false,"last":{},"currently_engaged":[],"facts":[]},"ordered_first_exhausted":false}}
test catalog_boundary_live ... ok

test result: ok. 1 passed; 0 failed; 0 ignored; 0 measured; 34 filtered out; finished in 114.75s

