
running 1 test
{"phase":"identity","revision":289,"profile":"local-289 · 127.0.0.1:44594 · revision 289","cache_id":"c4d8ab36bcfd2a7907535b4f619e28623b0a22e98d496fd2a9620d544c5b5b09","nav_pack":"/Users/acfrazier/experiments/274bot/.worktrees/rs2b0t-multirevision/.superpowers/world-capabilities/289/274bot.navpack","nav_sha256":"131db92e32eddcb08148909d477589544320fe7e34a422e8004e97e888032924","catalog_commit":"100adccc037d9f6898080e1cad58fcfc43364775","catalog_identity":"pre-289 frozen catalog","catalog_read_only_path":".superpowers/inputs/rs2b0t-100adccc037d9f6898080e1cad58fcfc43364775","catalog_root":"/Users/acfrazier/experiments/274bot/.worktrees/rs2b0t-multirevision/.superpowers/inputs/rs2b0t-100adccc037d9f6898080e1cad58fcfc43364775","registry_path":"/Users/acfrazier/experiments/274bot/.worktrees/rs2b0t-multirevision/.superpowers/inputs/rs2b0t-100adccc037d9f6898080e1cad58fcfc43364775/src/bot/scripts/index.ts","registry_sha256":"b614aedb3d5adfdfbac3760f082273f3cf5c33fffe4ced0f2b01490ae02d1bc2","card":{"card":"HillGiant","source_path":"/Users/acfrazier/experiments/274bot/.worktrees/rs2b0t-multirevision/.superpowers/inputs/rs2b0t-100adccc037d9f6898080e1cad58fcfc43364775/src/bot/scripts/HillGiant/HillGiant.ts","source_sha256":"615436b5fd4b3a727c6593d3e18a86e592b5fc160164b1ca823d9eb1d4c70c00","compiled_sha256":"23dbd1ec2af9fd5b3fd3c234480a39f75d336c89ff82f837bb45257abf9adc2a","siblings":[{"module":"/rs2b0t/bot/scripts/bot/HillGiantLogic.js","compiled_sha256":"19aa4c43e4aab5fa3296f7ca15355f6222574e738344e2e502eba09f0f765398"}],"settings":{"meleeStyle":"strength","weapon":"","foodWithdraw":12.0,"bankCommonJunk":true,"buryBones":false,"lootSlots":14.0}},"account":"live4w0tem_0","engine_speed_ms":null}
[host-play] slot live4w0tem_0: thread up
274bot: snapshot load skipped: read /Users/acfrazier/.274bot/unpack-289/37214163f1e6ceca/models.bin: No such file or directory (os error 2)
[host-play] slot live4w0tem_0: handshake begin reconnect=false
[host-play] slot live4w0tem_0: handshake ok
[host] slot live4w0tem_0: d_loop_us=3851 d_raster_us=0 d_observe_us=36975 max_observe_us=3218 d_paints=0 d_skips=50 d_ticks=1 window_ms=0
[host-play] slot live4w0tem_0: queued mainland tele+setvar (scene 2)
[host-play] slot live4w0tem_0: handshake begin reconnect=true
[host-play] slot live4w0tem_0: handshake ok
[host] slot live4w0tem_0: d_loop_us=784 d_raster_us=0 d_observe_us=31615 max_observe_us=2400 d_paints=0 d_skips=50 d_ticks=1 window_ms=0
[host-play] slot live4w0tem_0: queued mainland tele+setvar (scene 2)
[host] slot live4w0tem_0: d_loop_us=20309 d_raster_us=0 d_observe_us=95023 max_observe_us=9614 d_paints=0 d_skips=50 d_ticks=24 window_ms=14337
{"phase":"baseline-after-preparation","scenario":"hill_giant","account":"live4w0tem_0","observation":{"ingame":true,"scene_state":2,"player":"Live4w0tem 0","tile":[3110,9832,0],"tick":25,"items":{"Adamant scimitar":1,"Trout":8},"item_ids":{"333":8,"1331":1},"bank":{},"bank_ids":{},"bank_open":false,"bank_loaded":false,"bank_generation":0,"levels":{"-unused-":0,"agility":1,"attack":40,"cooking":1,"crafting":1,"defence":1,"firemaking":1,"fishing":1,"fletching":1,"herblore":1,"hitpoints":40,"magic":1,"mining":1,"prayer":1,"ranged":1,"runecraft":1,"slayer":1,"smithing":1,"strength":40,"thieving":1,"woodcutting":1},"xp":{"-unused-":0,"agility":0,"attack":37224,"cooking":0,"crafting":0,"defence":0,"firemaking":0,"fishing":0,"fletching":0,"herblore":0,"hitpoints":37224,"magic":0,"mining":0,"prayer":0,"ranged":0,"runecraft":0,"slayer":0,"smithing":0,"strength":37224,"thieving":0,"woodcutting":0},"chat":[[7,"Inventory wiped."],[6,"set tutorial: to 1000"],[5,"Welcome to RuneScape."]],"loc_facts":[],"npc_facts":[{"index":5320,"name":"Giant","health":0,"total_health":0,"animation":-1,"in_combat":false,"targeting_local":false,"tile":[3105,9827,0],"distance":5},{"index":5321,"name":"Giant","health":0,"total_health":0,"animation":-1,"in_combat":false,"targeting_local":false,"tile":[3105,9835,0],"distance":5},{"index":5326,"name":"Giant","health":0,"total_health":0,"animation":-1,"in_combat":false,"targeting_local":false,"tile":[3114,9835,0],"distance":4},{"index":5325,"name":"Giant","health":0,"total_health":0,"animation":-1,"in_combat":false,"targeting_local":false,"tile":[3115,9833,0],"distance":5},{"index":5324,"name":"Giant","health":0,"total_health":0,"animation":-1,"in_combat":false,"targeting_local":false,"tile":[3113,9833,0],"distance":3},{"index":5323,"name":"Giant","health":0,"total_health":0,"animation":-1,"in_combat":false,"targeting_local":false,"tile":[3112,9840,0],"distance":8}],"ground_loot":[{"id":526,"count":1,"tile":[3110,9825,0],"distance":7}],"local_in_combat":false,"local_target_npc":null,"local_health":0,"local_animation":-1,"equipment_ids":{},"main_modal":-1,"widget_ids":[3213,3214]}}
[script live4w0tem_0] start load
{"phase":"start","account":"live4w0tem_0","count":1}
[host] hitch live4w0tem_0: observe_us=81041 paints=0 skips=100 ticks=25
[script live4w0tem_0] tick 37: not impl: foodCount
[script live4w0tem_0] HillGiant — strength, food 'Trout' x12 (smart-eat), banking big bones, spot (3103, 9836, 0)
FAIL: catalog_boundary_live: script error: tick 37: not impl: foodCount
