[host-play] slot live8jsp9y_0: thread up
274bot: snapshot load skipped: read /home/acfrazier/274bot-campaign/multirevision-20260910/platform-isolated-e72cfb39/live/r289-alcher-params/unpack/37214163f1e6ceca/models.bin: No such file or directory (os error 2)
[host-play] slot live8jsp9y_0: handshake begin reconnect=false
[host-play] slot live8jsp9y_0: handshake ok
[host-play] slot live8jsp9y_0: queued mainland tele+setvar (scene 2)
[host] slot live8jsp9y_0: d_loop_us=35603 d_raster_us=0 d_observe_us=107649 max_observe_us=12153 d_paints=0 d_skips=50 d_ticks=1 window_ms=0
[host] hitch live8jsp9y_0: observe_us=18770 paints=0 skips=60 ticks=1
[host] hitch live8jsp9y_0: observe_us=21058 paints=0 skips=73 ticks=2
[host-play] slot live8jsp9y_0: handshake begin reconnect=true
[host-play] slot live8jsp9y_0: handshake ok
[host-play] slot live8jsp9y_0: queued mainland tele+setvar (scene 2)
[host] slot live8jsp9y_0: d_loop_us=25973 d_raster_us=0 d_observe_us=128092 max_observe_us=7364 d_paints=0 d_skips=50 d_ticks=1 window_ms=0
[host] hitch live8jsp9y_0: observe_us=16291 paints=0 skips=69 ticks=9
[script live8jsp9y_0] start load
[host] hitch live8jsp9y_0: observe_us=654823 paints=0 skips=84 ticks=14
[host] hitch live8jsp9y_0: observe_us=24236 paints=0 skips=85 ticks=15
[script live8jsp9y_0] Alcher — High Level Alchemy on 1 item(s), richest first: Rune chainbody
[script live8jsp9y_0] banking at Bank booth (Bank booth / Use-quickly)
[script live8jsp9y_0] interact OpenBooth { x: 3186, z: 3440, level: 0, id: 2213, name: Some("Bank booth"), action: Some("Use-quickly") }
[host] slot live8jsp9y_0: d_loop_us=29441 d_raster_us=0 d_observe_us=873614 max_observe_us=654823 d_paints=0 d_skips=50 d_ticks=14 window_ms=9137
[host] hitch live8jsp9y_0: observe_us=26873 paints=0 skips=113 ticks=16
[host] hitch live8jsp9y_0: observe_us=21167 paints=0 skips=143 ticks=17
[host] slot live8jsp9y_0: d_loop_us=1451 d_raster_us=0 d_observe_us=125263 max_observe_us=26873 d_paints=0 d_skips=50 d_ticks=2 window_ms=1018
[host] hitch live8jsp9y_0: observe_us=27546 paints=0 skips=172 ticks=18
[script live8jsp9y_0] interact Close
[shim-close] sent
[host] slot live8jsp9y_0: d_loop_us=3057 d_raster_us=0 d_observe_us=97861 max_observe_us=27546 d_paints=0 d_skips=50 d_ticks=1 window_ms=1021
[host] hitch live8jsp9y_0: observe_us=26927 paints=0 skips=202 ticks=19
[script live8jsp9y_0] interact Held { name: "Staff of fire", action: "Wield" }
[shim-held] Staff of fire Wield slot=0 -> sent
[host] hitch live8jsp9y_0: observe_us=27949 paints=0 skips=233 ticks=20
[host] slot live8jsp9y_0: d_loop_us=1649 d_raster_us=0 d_observe_us=162206 max_observe_us=27949 d_paints=0 d_skips=50 d_ticks=2 window_ms=1022
[host] hitch live8jsp9y_0: observe_us=19819 paints=0 skips=260 ticks=21
[script live8jsp9y_0] wore Staff of fire — casts need only Nature runes now
[script live8jsp9y_0] interact OpenBooth { x: 3186, z: 3440, level: 0, id: 2213, name: Some("Bank booth"), action: Some("Use-quickly") }
[host] hitch live8jsp9y_0: observe_us=27077 paints=0 skips=290 ticks=22
[host] slot live8jsp9y_0: d_loop_us=1443 d_raster_us=0 d_observe_us=121580 max_observe_us=27077 d_paints=0 d_skips=50 d_ticks=2 window_ms=1018
[host] hitch live8jsp9y_0: observe_us=20694 paints=0 skips=319 ticks=23
[host] hitch live8jsp9y_0: observe_us=19383 paints=0 skips=349 ticks=24
[host] slot live8jsp9y_0: d_loop_us=1406 d_raster_us=0 d_observe_us=111369 max_observe_us=20694 d_paints=0 d_skips=50 d_ticks=2 window_ms=1028
[script live8jsp9y_0] interact SetNoteMode { on: true }
[shim-note] on=true sent
[host] hitch live8jsp9y_0: observe_us=20153 paints=0 skips=379 ticks=25
[host] slot live8jsp9y_0: d_loop_us=1488 d_raster_us=0 d_observe_us=98660 max_observe_us=20153 d_paints=0 d_skips=50 d_ticks=1 window_ms=989
[host] hitch live8jsp9y_0: observe_us=21728 paints=0 skips=408 ticks=26
[host] hitch live8jsp9y_0: observe_us=28129 paints=0 skips=438 ticks=27
[script live8jsp9y_0] withdrew 27 Rune chainbody (noted, 30000gp each)
[host] slot live8jsp9y_0: d_loop_us=1506 d_raster_us=0 d_observe_us=133363 max_observe_us=28129 d_paints=0 d_skips=50 d_ticks=2 window_ms=1019
[host] hitch live8jsp9y_0: observe_us=19684 paints=0 skips=467 ticks=28
[host] hitch live8jsp9y_0: observe_us=28188 paints=0 skips=497 ticks=29
[script live8jsp9y_0] withdrew 27 Nature runes
[script live8jsp9y_0] interact Close
[shim-close] sent
[host] slot live8jsp9y_0: d_loop_us=1988 d_raster_us=0 d_observe_us=128625 max_observe_us=28188 d_paints=0 d_skips=50 d_ticks=2 window_ms=1015
[host] hitch live8jsp9y_0: observe_us=27905 paints=0 skips=526 ticks=30
[script live8jsp9y_0] restocked: 27 Rune chainbody notes + 27 Nature runes
[host] slot live8jsp9y_0: d_loop_us=1306 d_raster_us=0 d_observe_us=95258 max_observe_us=27905 d_paints=0 d_skips=50 d_ticks=1 window_ms=1018
[host] hitch live8jsp9y_0: observe_us=19359 paints=0 skips=556 ticks=31
[script live8jsp9y_0] interact SideTab { tab: 6 }
[host] hitch live8jsp9y_0: observe_us=19706 paints=0 skips=586 ticks=32
[script live8jsp9y_0] interact UseWidgetOn { component_id: 1178, kind: "held", target_name: Some("Rune chainbody"), x: 0, z: 0, level: 0, index: None }
[host] slot live8jsp9y_0: d_loop_us=1443 d_raster_us=0 d_observe_us=107900 max_observe_us=19706 d_paints=0 d_skips=50 d_ticks=2 window_ms=1007
[host] hitch live8jsp9y_0: observe_us=41124 paints=0 skips=615 ticks=33
[host] hitch live8jsp9y_0: observe_us=19596 paints=0 skips=644 ticks=34
[host] slot live8jsp9y_0: d_loop_us=1492 d_raster_us=0 d_observe_us=132097 max_observe_us=41124 d_paints=0 d_skips=50 d_ticks=2 window_ms=1029
[host] hitch live8jsp9y_0: observe_us=19370 paints=0 skips=674 ticks=35
[host] slot live8jsp9y_0: d_loop_us=1531 d_raster_us=0 d_observe_us=80980 max_observe_us=19370 d_paints=0 d_skips=50 d_ticks=1 window_ms=1006
[host] hitch live8jsp9y_0: observe_us=19804 paints=0 skips=704 ticks=36
[host] hitch live8jsp9y_0: observe_us=21526 paints=0 skips=733 ticks=37
[script live8jsp9y_0] interact UseWidgetOn { component_id: 1178, kind: "held", target_name: Some("Rune chainbody"), x: 0, z: 0, level: 0, index: None }
[host] slot live8jsp9y_0: d_loop_us=2145 d_raster_us=0 d_observe_us=112855 max_observe_us=21526 d_paints=0 d_skips=50 d_ticks=2 window_ms=1013
[host] hitch live8jsp9y_0: observe_us=26867 paints=0 skips=763 ticks=38
[host] hitch live8jsp9y_0: observe_us=20763 paints=0 skips=792 ticks=39
[host] slot live8jsp9y_0: d_loop_us=1703 d_raster_us=0 d_observe_us=118254 max_observe_us=26867 d_paints=0 d_skips=50 d_ticks=2 window_ms=1014
[host] hitch live8jsp9y_0: observe_us=19363 paints=0 skips=822 ticks=40
[host] slot live8jsp9y_0: d_loop_us=1419 d_raster_us=0 d_observe_us=77839 max_observe_us=19363 d_paints=0 d_skips=50 d_ticks=1 window_ms=1006
[host] hitch live8jsp9y_0: observe_us=19861 paints=0 skips=852 ticks=41
[host] hitch live8jsp9y_0: observe_us=19564 paints=0 skips=882 ticks=42
[script live8jsp9y_0] interact UseWidgetOn { component_id: 1178, kind: "held", target_name: Some("Rune chainbody"), x: 0, z: 0, level: 0, index: None }
[host] slot live8jsp9y_0: d_loop_us=1452 d_raster_us=0 d_observe_us=97289 max_observe_us=19861 d_paints=0 d_skips=50 d_ticks=2 window_ms=1008
[host] hitch live8jsp9y_0: observe_us=26702 paints=0 skips=911 ticks=43
[host] hitch live8jsp9y_0: observe_us=19023 paints=0 skips=941 ticks=44
[host] slot live8jsp9y_0: d_loop_us=1462 d_raster_us=0 d_observe_us=111362 max_observe_us=26702 d_paints=0 d_skips=50 d_ticks=2 window_ms=1013
[host] hitch live8jsp9y_0: observe_us=20126 paints=0 skips=971 ticks=45
[host] slot live8jsp9y_0: d_loop_us=1554 d_raster_us=0 d_observe_us=83041 max_observe_us=20126 d_paints=0 d_skips=50 d_ticks=2 window_ms=1008
[host] hitch live8jsp9y_0: observe_us=19366 paints=0 skips=1000 ticks=46
[host] hitch live8jsp9y_0: observe_us=18807 paints=0 skips=1030 ticks=47
[script live8jsp9y_0] interact UseWidgetOn { component_id: 1178, kind: "held", target_name: Some("Rune chainbody"), x: 0, z: 0, level: 0, index: None }
[host] slot live8jsp9y_0: d_loop_us=1268 d_raster_us=0 d_observe_us=93482 max_observe_us=19366 d_paints=0 d_skips=50 d_ticks=1 window_ms=1006
[host] hitch live8jsp9y_0: observe_us=25878 paints=0 skips=1060 ticks=48
[host] slot live8jsp9y_0: d_loop_us=3394 d_raster_us=0 d_observe_us=104638 max_observe_us=25878 d_paints=0 d_skips=50 d_ticks=30 window_ms=17595
[host] slot live8jsp9y_0: d_loop_us=6723 d_raster_us=0 d_observe_us=70792 max_observe_us=2380 d_paints=0 d_skips=50 d_ticks=43 window_ms=25788
[host] slot live8jsp9y_0: d_loop_us=4546 d_raster_us=0 d_observe_us=74303 max_observe_us=7364 d_paints=0 d_skips=50 d_ticks=45 window_ms=26995
[host] slot live8jsp9y_0: d_loop_us=4783 d_raster_us=0 d_observe_us=71443 max_observe_us=2963 d_paints=0 d_skips=50 d_ticks=48 window_ms=28791
[host] slot live8jsp9y_0: d_loop_us=4777 d_raster_us=0 d_observe_us=73248 max_observe_us=3396 d_paints=0 d_skips=50 d_ticks=48 window_ms=28848
[script live8jsp9y_0] start load
[host] hitch live8jsp9y_0: observe_us=155347 paints=0 skips=1320 ticks=279
[host] hitch live8jsp9y_0: observe_us=21245 paints=0 skips=1321 ticks=280
[script live8jsp9y_0] Alcher — High Level Alchemy on 1 item(s), richest first: Rune chainbody
[script live8jsp9y_0] banking at Bank booth (Bank booth / Use-quickly)
[script live8jsp9y_0] interact UseWidgetOn { component_id: 1178, kind: "held", target_name: Some("Rune chainbody"), x: 0, z: 0, level: 0, index: None }
[host] hitch live8jsp9y_0: observe_us=26789 paints=0 skips=1344 ticks=281
[host] slot live8jsp9y_0: d_loop_us=5399 d_raster_us=0 d_observe_us=282771 max_observe_us=155347 d_paints=0 d_skips=50 d_ticks=20 window_ms=12081
[host] hitch live8jsp9y_0: observe_us=19840 paints=0 skips=1374 ticks=282
[host] slot live8jsp9y_0: d_loop_us=1845 d_raster_us=0 d_observe_us=92355 max_observe_us=19840 d_paints=0 d_skips=50 d_ticks=1 window_ms=1006
[host] hitch live8jsp9y_0: observe_us=20474 paints=0 skips=1403 ticks=283
[host] hitch live8jsp9y_0: observe_us=19971 paints=0 skips=1433 ticks=284
