commit=6ce32af4195e1d44dbbf6eac8862ad45234c4c25
client_gitlink=52c37f9ce50d1f184656d5b4469c007ec8a5791a
export=.superpowers/review-exports/t_c6765b1f-r1
target=target-t_c6765b1f-exact

== rustfmt ==
rustfmt: passed

== paired catalog tests ==
   Compiling proc-macro2 v1.0.107
   Compiling unicode-ident v1.0.24
   Compiling quote v1.0.47
   Compiling libc v0.2.189
   Compiling cfg-if v1.0.4
   Compiling version_check v0.9.5
   Compiling serde v1.0.219
   Compiling bitflags v2.13.1
   Compiling smallvec v1.15.2
   Compiling once_cell v1.21.4
   Compiling hashbrown v0.17.1
   Compiling zerocopy v0.8.56
   Compiling equivalent v1.0.2
   Compiling memchr v2.8.3
   Compiling itoa v1.0.18
   Compiling autocfg v1.5.1
   Compiling stable_deref_trait v1.2.1
   Compiling ryu v1.0.23
   Compiling libm v0.2.16
   Compiling typenum v1.20.1
   Compiling serde_json v1.0.140
   Compiling litemap v0.8.3
   Compiling writeable v0.6.4
   Compiling subtle v2.6.1
   Compiling generic-array v0.14.7
   Compiling utf8_iter v1.0.4
   Compiling icu_normalizer_data v2.3.0
   Compiling icu_properties_data v2.3.0
   Compiling pin-project-lite v0.2.17
   Compiling percent-encoding v2.3.2
   Compiling num-traits v0.2.19
   Compiling either v1.18.0
   Compiling form_urlencoded v1.2.2
   Compiling rustc-hash v2.1.3
   Compiling shlex v2.0.1
   Compiling indexmap v2.14.0
   Compiling find-msvc-tools v0.1.11
   Compiling const-oid v0.9.6
   Compiling parking_lot_core v0.9.12
   Compiling scopeguard v1.2.0
   Compiling data-encoding v2.11.1
   Compiling getrandom v0.3.4
   Compiling lock_api v0.4.14
   Compiling thiserror v2.0.20
   Compiling radium v0.7.0
   Compiling tap v1.0.1
   Compiling anyhow v1.0.104
   Compiling wyz v0.5.1
   Compiling heck v0.5.0
   Compiling vsimd v0.8.0
   Compiling static_assertions v1.1.0
   Compiling getrandom v0.2.17
   Compiling jobserver v0.1.35
   Compiling syn v2.0.119
   Compiling syn v3.0.3
   Compiling rand_core v0.6.4
   Compiling errno v0.3.14
   Compiling outref v0.5.2
   Compiling cc v1.4.4
   Compiling funty v2.0.0
   Compiling base64-simd v0.8.0
   Compiling unicode-id-start v1.4.0
   Compiling if_chain v1.0.3
   Compiling ahash v0.8.12
   Compiling bytes v1.12.1
   Compiling cpufeatures v0.2.17
   Compiling allocator-api2 v0.2.21
   Compiling regex-syntax v0.8.11
   Compiling arrayvec v0.7.8
   Compiling crc32fast v1.5.0
   Compiling parking_lot v0.12.5
   Compiling new_debug_unreachable v1.0.6
   Compiling bitvec v1.1.1
   Compiling base64ct v1.8.3
   Compiling siphasher v1.0.3
   Compiling adler2 v2.0.1
   Compiling aho-corasick v1.1.5
   Compiling cfg_aliases v0.2.2
   Compiling phf_shared v0.11.3
   Compiling bumpalo v3.20.3
   Compiling signal-hook-registry v1.4.8
   Compiling mio v1.2.2
   Compiling socket2 v0.6.5
   Compiling rand v0.8.5
   Compiling tracing-core v0.1.36
   Compiling glob v0.3.4
   Compiling scoped-tls v1.0.1
   Compiling object v0.39.1
   Compiling better_scoped_tls v1.0.1
   Compiling swc_visit v2.0.0
   Compiling siphasher v0.3.11
   Compiling prettyplease v0.2.37
   Compiling num-integer v0.1.47
   Compiling log v0.4.34
   Compiling unicode-width v0.1.14
   Compiling objc2 v0.6.4
   Compiling clang-sys v1.9.1
   Compiling phf_generator v0.11.3
   Compiling futures-core v0.3.34
   Compiling futures-sink v0.3.34
   Compiling rustix v0.38.44
   Compiling objc2-encode v4.1.0
   Compiling pkg-config v0.3.34
   Compiling minimal-lexical v0.2.1
   Compiling pem-rfc7468 v0.7.0
   Compiling libloading v0.8.9
   Compiling bindgen v0.71.1
   Compiling futures-channel v0.3.34
   Compiling itertools v0.13.0
   Compiling futures-io v0.3.34
   Compiling nom v7.1.3
   Compiling unicode-width v0.2.2
   Compiling futures-task v0.3.34
   Compiling shlex v1.3.0
   Compiling home v0.5.12
   Compiling slab v0.4.12
   Compiling stacker v0.1.25
   Compiling gzip-header v1.1.0
   Compiling miniz_oxide v0.8.9
   Compiling fslock v0.2.1
   Compiling smartstring v1.0.1
   Compiling paste v1.0.15
   Compiling naga v29.0.4
   Compiling foldhash v0.2.0
   Compiling bit-vec v0.9.1
   Compiling hashbrown v0.16.1
   Compiling bit-set v0.9.1
   Compiling codespan-reporting v0.13.1
   Compiling regex-automata v0.4.18
   Compiling typed-arena v2.0.2
   Compiling base16ct v0.2.0
   Compiling hexf-parse v0.2.1
   Compiling semver v1.0.28
   Compiling raw-window-handle v0.6.2
   Compiling rustc-hash v1.1.0
   Compiling which v6.0.3
   Compiling rustc_version v0.4.1
   Compiling wgpu-hal v29.0.4
   Compiling ff v0.13.1
   Compiling par-core v1.0.4
   Compiling getrandom v0.4.3
   Compiling core-foundation-sys v0.8.7
   Compiling stringcase v0.4.0
   Compiling bit-vec v0.8.0
   Compiling simd-adler32 v0.3.10
   Compiling rustix v1.1.4
   Compiling objc2-core-foundation v0.3.2
   Compiling block2 v0.6.2
   Compiling group v0.13.0
   Compiling bit-set v0.8.0
   Compiling par-iter v1.0.2
   Compiling num_cpus v1.17.0
   Compiling ryu-js v1.0.3
   Compiling deno_core_icudata v0.74.0
   Compiling cooked-waker v5.0.0
   Compiling unicode-id v0.3.6
   Compiling profiling v1.0.18
   Compiling az v1.3.0
   Compiling core-foundation v0.10.1
   Compiling security-framework-sys v2.17.0
   Compiling bzip2-sys v0.1.13+1.0.8
   Compiling cmake v0.1.58
   Compiling wgpu-core v29.0.4
   Compiling cexpr v0.6.0
   Compiling flate2 v1.1.9
   Compiling thiserror v1.0.69
   Compiling litrs v1.0.0
   Compiling synstructure v0.13.2
   Compiling swc_macros_common v1.0.0
   Compiling opaque-debug v0.3.1
   Compiling objc2-foundation v0.3.2
   Compiling fastrand v2.5.0
   Compiling native-tls v0.2.18
   Compiling rustversion v1.0.23
   Compiling dunce v1.0.5
   Compiling httparse v1.10.1
   Compiling fs_extra v1.3.0
   Compiling document-features v0.2.12
   Compiling aws-lc-sys v0.44.0
   Compiling tempfile v3.27.0
   Compiling regex v1.13.1
   Compiling security-framework v3.7.0
   Compiling wgpu v29.0.4
   Compiling ar_archive_writer v0.5.3
   Compiling zune-core v0.5.3
   Compiling termcolor v1.4.1
   Compiling pxfm v0.1.30
   Compiling zerovec-derive v0.11.6
   Compiling displaydoc v0.2.7
   Compiling thiserror-impl v2.0.20
   Compiling tokio-macros v2.7.2
   Compiling futures-macro v0.3.34
   Compiling serde_derive v1.0.219
   Compiling zeroize_derive v1.5.0
   Compiling zerocopy-derive v0.8.56
   Compiling zerofrom-derive v0.1.7
   Compiling yoke-derive v0.8.2
   Compiling tracing-attributes v0.1.31
   Compiling zeroize v1.9.0
   Compiling tokio v1.53.1
   Compiling from_variant v2.0.0
   Compiling swc_eq_ignore_macros v1.0.0
   Compiling ast_node v3.0.0
   Compiling crypto-common v0.1.7
   Compiling block-buffer v0.10.4
   Compiling phf_macros v0.11.3
   Compiling digest v0.10.7
   Compiling deno_error_macro v0.7.0
   Compiling is-macro v0.3.8
   Compiling zerofrom v0.1.8
   Compiling tracing v0.1.44
   Compiling yoke v0.8.3
   Compiling string_enum v1.0.0
   Compiling hmac v0.12.1
   Compiling der v0.7.10
   Compiling zerovec v0.11.8
   Compiling zerotrie v0.2.5
   Compiling psm v0.1.32
   Compiling futures-util v0.3.34
   Compiling bytemuck_derive v1.12.0
   Compiling phf v0.11.3
   Compiling sha2 v0.10.9
   Compiling block-padding v0.3.3
   Compiling sys_traits_macros v0.1.0
   Compiling capacity_builder_macros v0.3.0
   Compiling inout v0.1.4
   Compiling sha1 v0.10.7
   Compiling sys_traits v0.1.17
   Compiling objc2-metal v0.3.2
   Compiling capacity_builder v0.5.0
   Compiling proc-macro-rules-macros v0.4.0
   Compiling strum_macros v0.27.2
   Compiling cipher v0.4.4
   Compiling tinystr v0.8.4
   Compiling potential_utf v0.1.6
   Compiling icu_collections v2.3.0
   Compiling pin-project-internal v1.1.13
   Compiling icu_locale_core v2.3.0
   Compiling hkdf v0.12.4
   Compiling spki v0.7.3
   Compiling proc-macro-rules v0.4.0
   Compiling pkcs8 v0.10.2
   Compiling bytemuck v1.25.2
   Compiling crypto-bigint v0.5.5
   Compiling boxed_error v0.2.3
   Compiling wgpu-types v29.0.4
   Compiling signature v2.2.0
   Compiling universal-hash v0.5.1
   Compiling aes v0.8.3
   Compiling rfc6979 v0.4.0
   Compiling polyval v0.6.2
   Compiling thiserror-impl v1.0.69
   Compiling pin-project v1.1.13
   Compiling ghash v0.5.1
   Compiling ctr v0.9.2
   Compiling icu_provider v2.3.1
   Compiling moxcms v0.8.1
   Compiling icu_normalizer v2.3.0
   Compiling icu_properties v2.3.0
   Compiling strum v0.27.2
   Compiling aead v0.5.2
   Compiling deno_ops v0.231.0
   Compiling swc_ecma_transforms_macros v1.0.0
   Compiling swc_config_macro v1.0.0
   Compiling futures-executor v0.3.34
   Compiling deno_terminal v0.2.2
   Compiling futures v0.3.34
   Compiling zune-jpeg v0.5.15
   Compiling curve25519-dalek v4.1.3
   Compiling http v1.5.0
   Compiling byteorder-lite v0.1.0
   Compiling spin v0.9.9
   Compiling num-bigint-dig v0.8.6
   Compiling idna_adapter v1.2.2
   Compiling utf-8 v0.7.6
   Compiling idna v1.1.0
   Compiling base64 v0.22.1
   Compiling byteorder v1.5.0
   Compiling unic-char-range v0.9.0
   Compiling unic-common v0.9.0
   Compiling unic-char-property v0.9.0
   Compiling ppv-lite86 v0.2.21
   Compiling half v2.7.1
   Compiling deno_unsync v0.4.4
   Compiling hashbrown v0.14.5
   Compiling unic-ucd-version v0.9.0
   Compiling castaway v0.2.4
   Compiling rand_chacha v0.3.1
   Compiling lazy_static v1.5.0
   Compiling bzip2 v0.4.4
   Compiling objc2-quartz-core v0.3.2
   Compiling url v2.5.8
   Compiling uuid v1.18.1
   Compiling triomphe v0.1.16
   Compiling serdect v0.2.0
   Compiling bincode v1.3.3
   Compiling v8 v137.2.1
   Compiling swc_allocator v4.0.1
   Compiling raw-window-metal v1.1.0
   Compiling sec1 v0.7.3
   Compiling debugid v0.8.0
   Compiling hstr v1.1.6
   Compiling dashmap v5.5.3
   Compiling num-bigint v0.4.8
   Compiling tungstenite v0.24.0
   Compiling ipnetwork v0.20.0
   Compiling swc_atoms v5.0.0
   Compiling aes-gcm v0.10.3
   Compiling num-iter v0.1.46
   Compiling nix v0.27.1
   Compiling fqdn v0.3.12
   Compiling pollster v0.4.0
   Compiling aws-lc-rs v1.18.0
   Compiling sourcemap v9.3.2
   Compiling deno_error v0.7.0
   Compiling elliptic-curve v0.13.8
   Compiling swc_config v3.0.0
   Compiling deno_path_util v0.6.1
   Compiling wasm_dep_analyzer v0.4.0
   Compiling which v8.0.5
   Compiling primeorder v0.13.6
   Compiling ecdsa v0.16.9
   Compiling image v0.25.10
   Compiling Inflector v0.11.4
   Compiling deno_features v0.10.0
   Compiling deno_permissions v0.72.0
   Compiling text_lines v0.6.0
   Compiling swc_common v9.2.0
   Compiling compact_str v0.7.1
   Compiling unic-ucd-ident v0.9.0
   Compiling pkcs1 v0.7.5
   Compiling swc_ecma_codegen_macros v2.0.0
   Compiling async-trait v0.1.92
   Compiling swc_macros_common v0.3.14
   Compiling password-hash v0.5.0
   Compiling encoding_rs v0.8.35
   Compiling data-url v0.3.2
   Compiling untrusted v0.7.1
   Compiling fiat-crypto v0.1.20
   Compiling pathdiff v0.2.3
   Compiling hex v0.4.3
   Compiling ascii v1.1.0
   Compiling deno_media_type v0.2.9
   Compiling swc_visit_macros v0.5.13
   Compiling rsa v0.9.10
   Compiling pbkdf2 v0.12.2
   Compiling swc_ecma_ast v9.0.0
   Compiling swc_ecma_loader v9.0.0
   Compiling x25519-dalek v2.0.1
   Compiling urlpattern v0.3.0
   Compiling p521 v0.13.3
   Compiling p256 v0.13.2
   Compiling p384 v0.13.1
   Compiling serde_bytes v0.11.17
   Compiling aes-kw v0.2.1
   Compiling cbc v0.1.2
   Compiling flatbuffers v25.12.19
   Compiling vault v0.1.0 (/Users/acfrazier/experiments/274bot/.worktrees/rs2b0t-multirevision/.superpowers/review-exports/t_c6765b1f-r1/crates/vault)
   Compiling maybe_path v0.1.3
   Compiling tokio-util v0.7.19
   Compiling wgpu-naga-bridge v29.0.4
   Compiling serde_v8 v0.264.0
   Compiling ed448-goldilocks v0.8.3
   Compiling deno_core v0.355.0
   Compiling wgpu-core-deps-apple v29.0.4
   Compiling swc_ecma_lexer v12.0.0
   Compiling swc_ecma_visit v9.0.0
   Compiling swc_ecma_codegen v11.0.0
   Compiling swc_ecma_parser v12.0.0
   Compiling deno_web v0.244.0
   Compiling deno_url v0.213.0
   Compiling deno_console v0.213.0
   Compiling deno_webidl v0.213.0
   Compiling swc_ecma_utils v13.1.0
   Compiling client v0.1.0 (/Users/acfrazier/experiments/274bot/.worktrees/rs2b0t-multirevision/.superpowers/review-exports/t_c6765b1f-r1/vendor/fr-client-rust/crates/client)
   Compiling swc_ecma_transforms_base v13.0.0
   Compiling dprint-swc-ext v0.24.0
   Compiling deno_crypto v0.227.0
   Compiling swc_ecma_transforms_react v15.0.0
   Compiling swc_ecma_transforms_classes v13.0.0
   Compiling swc_ecma_transforms_proposal v13.0.0
   Compiling swc_ecma_transforms_typescript v15.0.0
   Compiling deno_ast v0.49.0
   Compiling rustyscript v0.12.3
   Compiling api v0.1.0 (/Users/acfrazier/experiments/274bot/.worktrees/rs2b0t-multirevision/.superpowers/review-exports/t_c6765b1f-r1/crates/api)
   Compiling host v0.1.0 (/Users/acfrazier/experiments/274bot/.worktrees/rs2b0t-multirevision/.superpowers/review-exports/t_c6765b1f-r1/crates/host)
   Compiling script v0.1.0 (/Users/acfrazier/experiments/274bot/.worktrees/rs2b0t-multirevision/.superpowers/review-exports/t_c6765b1f-r1/crates/script)
   Compiling nav v0.1.0 (/Users/acfrazier/experiments/274bot/.worktrees/rs2b0t-multirevision/.superpowers/review-exports/t_c6765b1f-r1/crates/nav)
   Compiling host-play v0.1.0 (/Users/acfrazier/experiments/274bot/.worktrees/rs2b0t-multirevision/.superpowers/review-exports/t_c6765b1f-r1/crates/host-play)
    Finished `test` profile [unoptimized + debuginfo] target(s) in 2m 23s
     Running tests/paired_catalog_live.rs (target-t_c6765b1f-exact/debug/deps/paired_catalog_live-a24a53ad9cc32cea)

running 52 tests
test paired_catalog_air_live ... ignored, requires LIVE=1, PAIRED_CATALOG_REVISION/NAV_PACK/ROOT/COMMIT, and local engine
test paired_catalog_duel_live ... ignored, requires LIVE=1, PAIRED_CATALOG_REVISION/NAV_PACK/ROOT/COMMIT, and local engine
test paired_catalog_mule_live ... ignored, requires LIVE=1, PAIRED_CATALOG_REVISION/NAV_PACK/ROOT/COMMIT, and local engine
test tests::bank_seed_is_not_acknowledgement_without_open_loaded_count_at_falador ... ok
test tests::air_prepared_current_rejects_master_essence_and_runner_short_load ... ok
test tests::duel_accepts_first_combat ... ok
test tests::duel_rejects_full_cycle_without_reset ... ok
test tests::duel_rejects_one_sided_confirmation ... ok
test tests::duel_rejects_queued_challenge_without_combat ... ok
test tests::duel_rejects_seeded_modal ... ok
test tests::duel_rejects_seed_only_xp ... ok
test tests::duel_rejects_wrong_partner ... ok
test tests::air_accepts_first_transfer_craft ... ok
test tests::air_rejects_stale_trade ... ok
test tests::air_rejects_seed_only_inventory ... ok
test tests::air_rejects_missing_conservation ... ok
test tests::air_rejects_one_sided_confirmation ... ok
test tests::air_rejects_full_cycle_without_second_transfer ... ok
test tests::air_rejects_full_cycle_without_bank_restock ... ok
test tests::mismatched_readiness_does_not_start ... ok
test tests::air_rejects_wrong_partner ... ok
test tests::missing_booth_at_ruins_reports_target_absence ... ok
test tests::mule_accepts_first_exchange_craft ... ok
test tests::mule_accepts_full_cycle_after_second_transfer_and_fresh_craft ... ok
test tests::mule_observe_crafter_bank_deposit_keeps_first_exchange_craft ... ok
test tests::mule_observe_deposit_keeps_held_air_for_full_cycle_gate ... ok
test tests::mule_prepared_current_requires_exact_raw_loads_and_crafter_talisman ... ok
test tests::mule_rejects_bank_cycle_observed_after_second_transfer ... ok
test tests::mule_rejects_both_crafter ... ok
test tests::mule_rejects_empty_partner ... ok
test tests::mule_rejects_essence_only_exchange_without_rune_transfer ... ok
test tests::mule_rejects_exchange_without_fresh_post_exchange_craft ... ok
test tests::mule_rejects_full_cycle_without_mule_bank_deposit ... ok
test tests::mule_rejects_full_cycle_without_post_second_exchange_craft ... ok
test tests::mule_rejects_full_cycle_without_restock ... ok
test tests::mule_rejects_full_cycle_without_second_cycle ... ok
test tests::mule_rejects_missing_conservation ... ok
test tests::mule_rejects_one_sided_confirmation ... ok
test tests::mule_rejects_second_transfer_without_second_counterpart_handshake ... ok
test tests::mule_rejects_seed_craft_and_empty_exchange ... ok
test tests::mule_rejects_seed_only_inventory ... ok
test tests::mule_rejects_seeded_rune_products ... ok
test tests::mule_rejects_stale_trade ... ok
test tests::mule_rejects_trade_without_published_counterpart ... ok
test tests::mule_rejects_wrong_partner ... ok
test tests::mule_rejects_transfer_not_adjacent_to_confirmed_trade ... ok
test tests::one_barrier_starts_both_only_when_prepared ... ok
test tests::operation_gates_name_foreign_owners_and_do_not_claim_shop_named_bank ... ok
test tests::stale_pre_logout_scene2_is_not_relog_admission ... ok
test tests::serializes_complete_pair_witnesses ... ok
test tests::generated_duel_controls_match_both_caches ... ok
test tests::frozen_catalog_hashes_match_both_revisions ... ok

test result: ok. 49 passed; 0 failed; 3 ignored; 0 measured; 0 filtered out; finished in 0.64s


== strict clippy ==
   Compiling unicode-ident v1.0.24
    Checking cfg-if v1.0.4
    Checking smallvec v1.15.2
    Checking equivalent v1.0.2
    Checking hashbrown v0.17.1
    Checking memchr v2.8.3
    Checking stable_deref_trait v1.2.1
    Checking bitflags v2.13.1
    Checking itoa v1.0.18
    Checking libc v0.2.189
    Checking typenum v1.20.1
    Checking once_cell v1.21.4
    Checking libm v0.2.16
    Checking ryu v1.0.23
    Checking writeable v0.6.4
    Checking litemap v0.8.3
    Checking subtle v2.6.1
   Compiling proc-macro2 v1.0.107
    Checking utf8_iter v1.0.4
    Checking icu_normalizer_data v2.3.0
    Checking icu_properties_data v2.3.0
    Checking pin-project-lite v0.2.17
    Checking percent-encoding v2.3.2
    Checking const-oid v0.9.6
    Checking scopeguard v1.2.0
    Checking data-encoding v2.11.1
    Checking lock_api v0.4.14
    Checking rustc-hash v2.1.3
    Checking form_urlencoded v1.2.2
    Checking tap v1.0.1
    Checking radium v0.7.0
    Checking funty v2.0.0
    Checking outref v0.5.2
    Checking vsimd v0.8.0
    Checking static_assertions v1.1.0
    Checking wyz v0.5.1
    Checking anyhow v1.0.104
    Checking unicode-id-start v1.4.0
    Checking if_chain v1.0.3
    Checking bytes v1.12.1
    Checking allocator-api2 v0.2.21
    Checking arrayvec v0.7.8
    Checking base64ct v1.8.3
    Checking new_debug_unreachable v1.0.6
   Compiling aho-corasick v1.1.5
   Compiling siphasher v1.0.3
   Compiling regex-syntax v0.8.11
    Checking either v1.18.0
    Checking tracing-core v0.1.36
   Compiling phf_shared v0.11.3
   Compiling quote v1.0.47
    Checking base64-simd v0.8.0
    Checking scoped-tls v1.0.1
   Compiling phf_generator v0.11.3
    Checking better_scoped_tls v1.0.1
    Checking swc_visit v2.0.0
    Checking bitvec v1.1.1
    Checking indexmap v2.14.0
    Checking bumpalo v3.20.3
    Checking unicode-width v0.1.14
    Checking log v0.4.34
   Compiling syn v2.0.119
   Compiling syn v3.0.3
    Checking siphasher v0.3.11
    Checking futures-sink v0.3.34
    Checking objc2-encode v4.1.0
    Checking futures-core v0.3.34
   Compiling libloading v0.8.9
    Checking pem-rfc7468 v0.7.0
    Checking futures-channel v0.3.34
   Compiling crc32fast v1.5.0
    Checking unicode-width v0.2.2
    Checking futures-io v0.3.34
    Checking futures-task v0.3.34
    Checking slab v0.4.12
   Compiling adler2 v2.0.1
   Compiling miniz_oxide v0.8.9
   Compiling gzip-header v1.1.0
   Compiling itertools v0.13.0
    Checking getrandom v0.2.17
    Checking parking_lot_core v0.9.12
    Checking getrandom v0.3.4
    Checking errno v0.3.14
    Checking cpufeatures v0.2.17
    Checking signal-hook-registry v1.4.8
    Checking num-traits v0.2.19
    Checking rand_core v0.6.4
    Checking socket2 v0.6.5
    Checking mio v1.2.2
    Checking objc2 v0.6.4
   Compiling jobserver v0.1.35
    Checking parking_lot v0.12.5
   Compiling clang-sys v1.9.1
   Compiling rustix v0.38.44
   Compiling fslock v0.2.1
   Compiling cc v1.4.4
    Checking bit-vec v0.9.1
    Checking foldhash v0.2.0
    Checking hashbrown v0.16.1
    Checking codespan-reporting v0.13.1
    Checking smartstring v1.0.1
    Checking bit-set v0.9.1
    Checking base16ct v0.2.0
    Checking raw-window-handle v0.6.2
    Checking hexf-parse v0.2.1
    Checking typed-arena v2.0.2
    Checking rustc-hash v1.1.0
    Checking ff v0.13.1
    Checking par-core v1.0.4
    Checking simd-adler32 v0.3.10
    Checking bit-vec v0.8.0
    Checking core-foundation-sys v0.8.7
    Checking par-iter v1.0.2
    Checking num-integer v0.1.47
    Checking bit-set v0.8.0
    Checking group v0.13.0
    Checking num_cpus v1.17.0
    Checking profiling v1.0.18
    Checking unicode-id v0.3.6
    Checking cooked-waker v5.0.0
    Checking az v1.3.0
    Checking deno_core_icudata v0.74.0
    Checking ryu-js v1.0.3
    Checking core-foundation v0.10.1
    Checking security-framework-sys v2.17.0
    Checking rustix v1.1.4
    Checking getrandom v0.4.3
    Checking flate2 v1.1.9
    Checking fastrand v2.5.0
    Checking objc2-core-foundation v0.3.2
    Checking block2 v0.6.2
    Checking opaque-debug v0.3.1
    Checking security-framework v3.7.0
   Compiling cmake v0.1.58
   Compiling regex-automata v0.4.18
   Compiling which v6.0.3
   Compiling psm v0.1.32
   Compiling stacker v0.1.25
   Compiling bzip2-sys v0.1.13+1.0.8
   Compiling aws-lc-sys v0.44.0
    Checking termcolor v1.4.1
    Checking zune-core v0.5.3
    Checking pxfm v0.1.30
    Checking tempfile v3.27.0
    Checking httparse v1.10.1
    Checking deno_terminal v0.2.2
    Checking http v1.5.0
    Checking zune-jpeg v0.5.15
    Checking base64 v0.22.1
    Checking native-tls v0.2.18
    Checking byteorder-lite v0.1.0
    Checking utf-8 v0.7.6
    Checking objc2-foundation v0.3.2
    Checking unic-char-range v0.9.0
    Checking spin v0.9.9
    Checking unic-common v0.9.0
    Checking byteorder v1.5.0
    Checking unic-ucd-version v0.9.0
    Checking lazy_static v1.5.0
    Checking unic-char-property v0.9.0
    Checking castaway v0.2.4
    Checking num-iter v0.1.46
    Checking nix v0.27.1
    Checking fqdn v0.3.12
    Checking which v8.0.5
    Checking pollster v0.4.0
    Checking compact_str v0.7.1
    Checking bzip2 v0.4.4
    Checking unic-ucd-ident v0.9.0
    Checking password-hash v0.5.0
    Checking encoding_rs v0.8.35
    Checking fiat-crypto v0.1.20
    Checking hex v0.4.3
    Checking pathdiff v0.2.3
    Checking data-url v0.3.2
    Checking untrusted v0.7.1
    Checking ascii v1.1.0
    Checking flatbuffers v25.12.19
   Compiling synstructure v0.13.2
   Compiling swc_macros_common v1.0.0
   Compiling prettyplease v0.2.37
   Compiling swc_macros_common v0.3.14
   Compiling zerovec-derive v0.11.6
   Compiling displaydoc v0.2.7
   Compiling thiserror-impl v2.0.20
   Compiling tokio-macros v2.7.2
   Compiling regex v1.13.1
   Compiling futures-macro v0.3.34
   Compiling bytemuck_derive v1.12.0
    Checking moxcms v0.8.1
   Compiling async-trait v0.1.92
    Checking objc2-metal v0.3.2
   Compiling bindgen v0.71.1
    Checking tokio v1.53.1
   Compiling Inflector v0.11.4
    Checking futures-util v0.3.34
    Checking thiserror v2.0.20
   Compiling serde_derive v1.0.219
   Compiling zeroize_derive v1.5.0
   Compiling zerocopy-derive v0.8.56
   Compiling zerofrom-derive v0.1.7
   Compiling yoke-derive v0.8.2
   Compiling tracing-attributes v0.1.31
   Compiling from_variant v2.0.0
   Compiling swc_eq_ignore_macros v1.0.0
   Compiling ast_node v3.0.0
   Compiling phf_macros v0.11.3
    Checking zeroize v1.9.0
   Compiling string_enum v1.0.0
    Checking generic-array v0.14.7
   Compiling is-macro v0.3.8
    Checking phf v0.11.3
   Compiling deno_error_macro v0.7.0
    Checking der v0.7.10
    Checking bytemuck v1.25.2
    Checking crypto-common v0.1.7
    Checking zerofrom v0.1.8
    Checking block-buffer v0.10.4
    Checking block-padding v0.3.3
   Compiling sys_traits_macros v0.1.0
    Checking tracing v0.1.44
    Checking digest v0.10.7
    Checking yoke v0.8.3
   Compiling capacity_builder_macros v0.3.0
    Checking sys_traits v0.1.17
    Checking zerocopy v0.8.56
    Checking hmac v0.12.1
    Checking sha2 v0.10.9
    Checking capacity_builder v0.5.0
    Checking sha1 v0.10.7
    Checking zerovec v0.11.8
    Checking zerotrie v0.2.5
    Checking inout v0.1.4
   Compiling strum_macros v0.27.2
   Compiling proc-macro-rules-macros v0.4.0
    Checking cipher v0.4.4
    Checking wgpu-types v29.0.4
   Compiling pin-project-internal v1.1.13
    Checking spki v0.7.3
    Checking hkdf v0.12.4
    Checking crypto-bigint v0.5.5
    Checking pkcs8 v0.10.2
   Compiling boxed_error v0.2.3
    Checking signature v2.2.0
    Checking universal-hash v0.5.1
   Compiling proc-macro-rules v0.4.0
    Checking polyval v0.6.2
    Checking aes v0.8.3
    Checking rfc6979 v0.4.0
   Compiling thiserror-impl v1.0.69
    Checking ghash v0.5.1
    Checking ctr v0.9.2
    Checking aead v0.5.2
    Checking tinystr v0.8.4
    Checking potential_utf v0.1.6
   Compiling swc_ecma_transforms_macros v1.0.0
    Checking icu_collections v2.3.0
    Checking icu_locale_core v2.3.0
    Checking futures-executor v0.3.34
   Compiling swc_config_macro v1.0.0
    Checking serde v1.0.219
    Checking futures v0.3.34
    Checking aes-gcm v0.10.3
    Checking pin-project v1.1.13
    Checking pkcs1 v0.7.5
    Checking curve25519-dalek v4.1.3
   Compiling swc_ecma_codegen_macros v2.0.0
    Checking image v0.25.10
    Checking aes-kw v0.2.1
    Checking ed448-goldilocks v0.8.3
    Checking thiserror v1.0.69
    Checking cbc v0.1.2
    Checking pbkdf2 v0.12.2
    Checking icu_provider v2.3.1
   Compiling swc_visit_macros v0.5.13
    Checking icu_properties v2.3.0
    Checking icu_normalizer v2.3.0
    Checking x25519-dalek v2.0.1
    Checking objc2-quartz-core v0.3.2
   Compiling strum v0.27.2
   Compiling deno_ops v0.231.0
    Checking raw-window-metal v1.1.0
    Checking deno_unsync v0.4.4
    Checking tokio-util v0.7.19
    Checking idna_adapter v1.2.2
    Checking idna v1.1.0
   Compiling v8 v137.2.1
    Checking serde_json v1.0.140
    Checking url v2.5.8
    Checking uuid v1.18.1
    Checking triomphe v0.1.16
    Checking serdect v0.2.0
    Checking bincode v1.3.3
    Checking ipnetwork v0.20.0
    Checking text_lines v0.6.0
    Checking serde_bytes v0.11.17
    Checking maybe_path v0.1.3
    Checking sec1 v0.7.3
    Checking debugid v0.8.0
    Checking deno_media_type v0.2.9
    Checking urlpattern v0.3.0
    Checking ppv-lite86 v0.2.21
    Checking ahash v0.8.12
    Checking half v2.7.1
    Checking sourcemap v9.3.2
    Checking deno_error v0.7.0
    Checking hashbrown v0.14.5
    Checking elliptic-curve v0.13.8
    Checking rand_chacha v0.3.1
    Checking swc_config v3.0.0
    Checking vault v0.1.0 (/Users/acfrazier/experiments/274bot/.worktrees/rs2b0t-multirevision/.superpowers/review-exports/t_c6765b1f-r1/crates/vault)
    Checking deno_path_util v0.6.1
    Checking naga v29.0.4
    Checking rand v0.8.5
    Checking wasm_dep_analyzer v0.4.0
    Checking deno_permissions v0.72.0
    Checking primeorder v0.13.6
    Checking ecdsa v0.16.9
    Checking hstr v1.1.6
    Checking swc_allocator v4.0.1
    Checking dashmap v5.5.3
    Checking swc_atoms v5.0.0
    Checking p384 v0.13.1
   Compiling deno_features v0.10.0
    Checking p256 v0.13.2
    Checking num-bigint v0.4.8
    Checking tungstenite v0.24.0
    Checking num-bigint-dig v0.8.6
    Checking p521 v0.13.3
    Checking rsa v0.9.10
    Checking swc_common v9.2.0
    Checking serde_v8 v0.264.0
    Checking swc_ecma_ast v9.0.0
    Checking swc_ecma_loader v9.0.0
    Checking deno_core v0.355.0
   Compiling aws-lc-rs v1.18.0
    Checking wgpu-naga-bridge v29.0.4
    Checking wgpu-hal v29.0.4
    Checking wgpu-core-deps-apple v29.0.4
    Checking wgpu-core v29.0.4
    Checking deno_web v0.244.0
    Checking deno_webidl v0.213.0
    Checking deno_console v0.213.0
    Checking deno_url v0.213.0
    Checking deno_crypto v0.227.0
    Checking swc_ecma_lexer v12.0.0
    Checking swc_ecma_visit v9.0.0
    Checking swc_ecma_codegen v11.0.0
    Checking wgpu v29.0.4
    Checking swc_ecma_parser v12.0.0
    Checking client v0.1.0 (/Users/acfrazier/experiments/274bot/.worktrees/rs2b0t-multirevision/.superpowers/review-exports/t_c6765b1f-r1/vendor/fr-client-rust/crates/client)
    Checking swc_ecma_utils v13.1.0
    Checking swc_ecma_transforms_base v13.0.0
    Checking dprint-swc-ext v0.24.0
    Checking swc_ecma_transforms_react v15.0.0
    Checking swc_ecma_transforms_classes v13.0.0
    Checking swc_ecma_transforms_proposal v13.0.0
    Checking swc_ecma_transforms_typescript v15.0.0
    Checking deno_ast v0.49.0
    Checking rustyscript v0.12.3
    Checking api v0.1.0 (/Users/acfrazier/experiments/274bot/.worktrees/rs2b0t-multirevision/.superpowers/review-exports/t_c6765b1f-r1/crates/api)
    Checking host v0.1.0 (/Users/acfrazier/experiments/274bot/.worktrees/rs2b0t-multirevision/.superpowers/review-exports/t_c6765b1f-r1/crates/host)
    Checking script v0.1.0 (/Users/acfrazier/experiments/274bot/.worktrees/rs2b0t-multirevision/.superpowers/review-exports/t_c6765b1f-r1/crates/script)
    Checking nav v0.1.0 (/Users/acfrazier/experiments/274bot/.worktrees/rs2b0t-multirevision/.superpowers/review-exports/t_c6765b1f-r1/crates/nav)
    Checking host-play v0.1.0 (/Users/acfrazier/experiments/274bot/.worktrees/rs2b0t-multirevision/.superpowers/review-exports/t_c6765b1f-r1/crates/host-play)
error: all variants have the same prefix: `Await`
    --> crates/host-play/tests/support/paired_catalog.rs:1115:1
     |
1115 | / pub enum MuleExchangeStage {
1116 | |     AwaitOffer,
1117 | |     AwaitConfirm,
1118 | |     AwaitTransfer,
1119 | | }
     | |_^
     |
     = help: remove the prefixes and use full paths to the variants instead of glob imports
     = help: for further information visit https://rust-lang.github.io/rust-clippy/rust-1.98.0/index.html#enum_variant_names
     = note: `-D clippy::enum-variant-names` implied by `-D warnings`
     = help: to override `-D warnings` add `#[allow(clippy::enum_variant_names)]`

error: could not compile `host-play` (test "paired_catalog_live") due to 1 previous error
