test_argv_inconsistent_with_spec_rejected (docs.memory.test_run_managed_cell.ManagedCellTests.test_argv_inconsistent_with_spec_rejected) ... ok
test_cache_changed_during_observation_fails_receipt (docs.memory.test_run_managed_cell.ManagedCellTests.test_cache_changed_during_observation_fails_receipt) ... ok
test_cleanup_rechecks_parent_while_launcher_alive (docs.memory.test_run_managed_cell.ManagedCellTests.test_cleanup_rechecks_parent_while_launcher_alive) ... ok
test_complete_cache_proof_pre_and_post (docs.memory.test_run_managed_cell.ManagedCellTests.test_complete_cache_proof_pre_and_post) ... ok
test_conpty_discovery_empty_fails_closed (docs.memory.test_run_managed_cell.ManagedCellTests.test_conpty_discovery_empty_fails_closed) ... ok
test_conpty_helper_handoff_identity_and_parent_are_bound (docs.memory.test_run_managed_cell.ManagedCellTests.test_conpty_helper_handoff_identity_and_parent_are_bound) ... ok
test_conpty_helper_handoff_missing_fails_closed (docs.memory.test_run_managed_cell.ManagedCellTests.test_conpty_helper_handoff_missing_fails_closed) ... ok
test_conpty_helper_handoff_rejects_pid_reuse (docs.memory.test_run_managed_cell.ManagedCellTests.test_conpty_helper_handoff_rejects_pid_reuse) ... ok
test_deadline_cleanup_owned_children_only (docs.memory.test_run_managed_cell.ManagedCellTests.test_deadline_cleanup_owned_children_only) ... ok
test_default_collector_stops_after_pad_before_generated_stop_and_c (docs.memory.test_run_managed_cell.ManagedCellTests.test_default_collector_stops_after_pad_before_generated_stop_and_c) ... ok
test_default_no_cache_stays_compatible (docs.memory.test_run_managed_cell.ManagedCellTests.test_default_no_cache_stays_compatible) ... ok
test_direct_contract_and_argv_paths_are_exact_and_mode_only (docs.memory.test_run_managed_cell.ManagedCellTests.test_direct_contract_and_argv_paths_are_exact_and_mode_only) ... ok
test_direct_preflight_boundaries_counter_drift_and_receipt_mutation (docs.memory.test_run_managed_cell.ManagedCellTests.test_direct_preflight_boundaries_counter_drift_and_receipt_mutation) ... ok
test_direct_preflight_rejects_missing_raw_swap_counters (docs.memory.test_run_managed_cell.ManagedCellTests.test_direct_preflight_rejects_missing_raw_swap_counters) ... ok
test_early_frontend_fail_stops_collector_no_retry (docs.memory.test_run_managed_cell.ManagedCellTests.test_early_frontend_fail_stops_collector_no_retry) ... ok
test_exclusive_cell_create_no_overwrite (docs.memory.test_run_managed_cell.ManagedCellTests.test_exclusive_cell_create_no_overwrite) ... ok
test_guard_rejects_large_overshoot_skipped_grid_and_identity_failures (docs.memory.test_run_managed_cell.ManagedCellTests.test_guard_rejects_large_overshoot_skipped_grid_and_identity_failures) ... ok
test_guard_thresholds_accept_equal_and_fail_over_without_imputation (docs.memory.test_run_managed_cell.ManagedCellTests.test_guard_thresholds_accept_equal_and_fail_over_without_imputation) ... ok
test_handoff_identity_deadline_and_exit_proof_are_fail_closed (docs.memory.test_run_managed_cell.ManagedCellTests.test_handoff_identity_deadline_and_exit_proof_are_fail_closed) ... ok
test_identity_mismatch_cleanup_never_signals_foreign_process (docs.memory.test_run_managed_cell.ManagedCellTests.test_identity_mismatch_cleanup_never_signals_foreign_process) ... ok
test_invalid_specs_and_actual_launcher_mismatch_precede_launch (docs.memory.test_run_managed_cell.ManagedCellTests.test_invalid_specs_and_actual_launcher_mismatch_precede_launch) ... ok
test_launcher_exit_does_not_leave_term_ignoring_frontend (docs.memory.test_run_managed_cell.ManagedCellTests.test_launcher_exit_does_not_leave_term_ignoring_frontend) ... ok
test_libproc_modules_include_native_and_identity_backend (docs.memory.test_run_managed_cell.ManagedCellTests.test_libproc_modules_include_native_and_identity_backend) ... skipped 'native macOS backend'
test_linux_direct_lifecycle_keeps_collector_through_stop_c_and_exit (docs.memory.test_run_managed_cell.ManagedCellTests.test_linux_direct_lifecycle_keeps_collector_through_stop_c_and_exit) ... ok
test_missing_metadata_no_retry_preserves_cell (docs.memory.test_run_managed_cell.ManagedCellTests.test_missing_metadata_no_retry_preserves_cell) ... ok
test_missing_or_duplicate_boundary_fails_durable_receipt (docs.memory.test_run_managed_cell.ManagedCellTests.test_missing_or_duplicate_boundary_fails_durable_receipt) ... ok
test_module_mutation_before_completion_fails_runner (docs.memory.test_run_managed_cell.ManagedCellTests.test_module_mutation_before_completion_fails_runner) ... ok
test_native_backend_preflight_matches_native_collector_identity (docs.memory.test_run_managed_cell.ManagedCellTests.test_native_backend_preflight_matches_native_collector_identity) ... skipped 'native macOS backend'
test_nonobject_server_identity_is_durable_preflight_failure (docs.memory.test_run_managed_cell.ManagedCellTests.test_nonobject_server_identity_is_durable_preflight_failure) ... ok
test_owned_output_scanner_deduplicates_hardlinks_and_rejects_symlinks (docs.memory.test_run_managed_cell.ManagedCellTests.test_owned_output_scanner_deduplicates_hardlinks_and_rejects_symlinks) ... ok
test_owned_output_scanner_fails_in_scan_disappearance_and_replayed_replacement (docs.memory.test_run_managed_cell.ManagedCellTests.test_owned_output_scanner_fails_in_scan_disappearance_and_replayed_replacement) ... ok
test_owned_output_scanner_rejects_disappearance_but_allows_handoff_replacement (docs.memory.test_run_managed_cell.ManagedCellTests.test_owned_output_scanner_rejects_disappearance_but_allows_handoff_replacement) ... ok
test_paired_cache_fields_required_together (docs.memory.test_run_managed_cell.ManagedCellTests.test_paired_cache_fields_required_together) ... ok
test_parent_pid_rejects_foreign_and_accepts_owned_child (docs.memory.test_run_managed_cell.ManagedCellTests.test_parent_pid_rejects_foreign_and_accepts_owned_child) ... ok
test_pid_alive_rejects_invalid_and_detects_live_child (docs.memory.test_run_managed_cell.ManagedCellTests.test_pid_alive_rejects_invalid_and_detects_live_child) ... ok
test_portable_cleanup_signal_labels_no_undefined_sigkill (docs.memory.test_run_managed_cell.ManagedCellTests.test_portable_cleanup_signal_labels_no_undefined_sigkill) ... ok
test_preflight_rejects_changed_binary_without_launch (docs.memory.test_run_managed_cell.ManagedCellTests.test_preflight_rejects_changed_binary_without_launch) ... ok
test_preflight_rejects_dead_server_identity (docs.memory.test_run_managed_cell.ManagedCellTests.test_preflight_rejects_dead_server_identity) ... ok
test_real_delayed_qualification_controls_stop (docs.memory.test_run_managed_cell.ManagedCellTests.test_real_delayed_qualification_controls_stop) ... ok
test_receipt_hashes_and_frontend_launcher_distinction (docs.memory.test_run_managed_cell.ManagedCellTests.test_receipt_hashes_and_frontend_launcher_distinction) ... ok
test_relative_cell_root_and_accounting_path_reach_same_output (docs.memory.test_run_managed_cell.ManagedCellTests.test_relative_cell_root_and_accounting_path_reach_same_output) ... ok
test_requested_backend_spec_matches_diagnostic_argv (docs.memory.test_run_managed_cell.ManagedCellTests.test_requested_backend_spec_matches_diagnostic_argv)
spec.requested_backend must agree with diagnostic --cpu-fallback. ... ok
test_role_identities_agree_with_collector_and_server_sidecar (docs.memory.test_run_managed_cell.ManagedCellTests.test_role_identities_agree_with_collector_and_server_sidecar) ... ok
test_sampler_fail_recorded_not_replaced (docs.memory.test_run_managed_cell.ManagedCellTests.test_sampler_fail_recorded_not_replaced) ... ok
test_sampler_modules_bound_and_backend_identity_consistent (docs.memory.test_run_managed_cell.ManagedCellTests.test_sampler_modules_bound_and_backend_identity_consistent) ... ok
test_short_teardown_before_pad_fails_honestly (docs.memory.test_run_managed_cell.ManagedCellTests.test_short_teardown_before_pad_fails_honestly) ... ok
test_successful_cell_uses_stop_file_not_only_sigterm (docs.memory.test_run_managed_cell.ManagedCellTests.test_successful_cell_uses_stop_file_not_only_sigterm) ... ok
test_successful_observation_then_delayed_teardown (docs.memory.test_run_managed_cell.ManagedCellTests.test_successful_observation_then_delayed_teardown) ... ok
test_unix_collector_starts_once_before_metadata_processing (docs.memory.test_run_managed_cell.ManagedCellTests.test_unix_collector_starts_once_before_metadata_processing) ... ok
test_windows_conpty_starts_once_after_helpers_are_bound (docs.memory.test_run_managed_cell.ManagedCellTests.test_windows_conpty_starts_once_after_helpers_are_bound)
The delayed Windows start includes the handed-off helper role. ... ok
test_windows_non_conpty_handoff_does_not_require_helpers (docs.memory.test_run_managed_cell.ManagedCellTests.test_windows_non_conpty_handoff_does_not_require_helpers) ... ok
test_windows_sampler_module_bound_when_producer_is_win32 (docs.memory.test_run_managed_cell.ManagedCellTests.test_windows_sampler_module_bound_when_producer_is_win32)
Launch pin includes windows_process_sample.py only for win32 system producer. ... ok

----------------------------------------------------------------------
Ran 52 tests in 38.048s

OK (skipped=2)
