label: gpt
label-id: 3F0C2215-0A7E-46D9-9073-1A6F21B6A8A2
device: /dev/sda
unit: sectors
first-lba: 34
last-lba: 134217694
sector-size: 512

/dev/sda1 : start=     2099200, size=   132118495, type=0FC63DAF-8483-4772-8E79-3D69D8477DE4, uuid=44FFF224-356C-4DB9-BEA9-689763BBC5C9
/dev/sda14 : start=        2048, size=        8192, type=21686148-6449-6E6F-744E-656564454649, uuid=3256192F-06C5-45A7-AB2D-1528102B1945
/dev/sda15 : start=       10240, size=      217088, type=C12A7328-F81F-11D2-BA4B-00A0C93EC93B, uuid=19588033-F04B-4B97-913D-A2D8DED073CD
/dev/sda16 : start=      227328, size=     1869825, type=BC13C2FF-59E6-4262-A352-B275FD6F7172, uuid=39FD8555-A1E2-4749-A4B6-C73C8E4C0D5C
CHANGED: partition=1 start=2099200 old: size=132118495 end=134217694 new: size=266336223 end=268435422
Filesystem at /dev/sda1 is mounted on /; on-line resizing required
old_desc_blocks = 8, new_desc_blocks = 16
The filesystem on /dev/sda1 is now 33292027 (4k) blocks long.

NAME            SIZE FSTYPE MOUNTPOINTS
sda     137438953472        
├─sda1  136364146176 ext4   /
├─sda14      4194304        
├─sda15    111149056 vfat   /boot/efi
└─sda16    957350400 ext4   /boot
sr0       1073741312        
Filesystem        1B-blocks        Used   Available Use% Mounted on
/dev/sda1      132011507712 45695897600 86298832896  35% /
8e400e2d622af2c00280bfb91c741753e0da3df1736bb7d6fe7d0f8251394194  /home/builder/274bot-campaign/direct-owner-a7e112e-1738/root-release-build-01/tui-play
392dbecc7a86f2fcd7e3f6b515aedceb3f3de3b1d4e140b95463bf20438c0c95  /home/builder/274bot-campaign/direct-owner-a7e112e-1738/root-clean-build-01/tui-play
