   Compiling client v0.1.0 (/Users/acfrazier/experiments/274bot/.worktrees/rs2b0t-multirevision/vendor/fr-client-rust/crates/client)
error[E0061]: this function takes 9 arguments but 5 arguments were supplied
    --> vendor/fr-client-rust/crates/client/src/client/client.rs:1363:26
     |
1363 |            let mut client = Self::construct(
     |  ___________________________^^^^^^^^^^^^^^^-
1364 | |              config,
1365 | |              Arc::new(cache),
1366 | |              Arc::new(ifaces),
1367 | |              ifaces_mut,
1368 | |/             ClientConstruction {
1369 | ||                 error_loading,
1370 | ||                 jag_checksum,
1371 | ||                 revision,
1372 | ||                 session_profile: None,
1373 | ||                 on_demand,
1374 | ||             },
     | ||_____________- expected `bool`, found `ClientConstruction`
1375 | |          );
     | |__________- multiple arguments are missing
     |
note: associated function defined here
    --> vendor/fr-client-rust/crates/client/src/client/client.rs:1533:8
     |
1533 |     fn construct(
     |        ^^^^^^^^^
...
1538 |         error_loading: bool,
     |         -------------------
1539 |         jag_checksum: [i32; 9],
     |         ----------------------
1540 |         revision: ClientRevision,
     |         ------------------------
1541 |         session_profile: Option<Arc<ClientSessionProfile>>,
     |         --------------------------------------------------
1542 |         on_demand: Option<OnDemand>,
     |         ---------------------------
help: provide the arguments
     |
1363 ~         let mut client = Self::construct(
1364 +             config,
1365 +             Arc::new(cache),
1366 +             Arc::new(ifaces),
1367 +             ifaces_mut,
1368 +             /* bool */,
1369 +             /* [i32; 9] */,
1370 +             /* ClientRevision */,
1371 +             /* Option<Arc<ClientSessionProfile>> */,
1372 +             /* Option<OnDemand> */,
1373 ~         );
     |

error[E0061]: this function takes 9 arguments but 5 arguments were supplied
    --> vendor/fr-client-rust/crates/client/src/client/client.rs:1405:26
     |
1405 |            let mut client = Self::construct(
     |  ___________________________^^^^^^^^^^^^^^^-
1406 | |              config,
1407 | |              cache,
1408 | |              ifaces,
1409 | |              ifaces_mut.into(),
1410 | |/             ClientConstruction {
1411 | ||                 error_loading: false,
1412 | ||                 jag_checksum,
1413 | ||                 revision,
1414 | ||                 session_profile: None,
1415 | ||                 on_demand,
1416 | ||             },
     | ||_____________- expected `bool`, found `ClientConstruction`
1417 | |          );
     | |__________- multiple arguments are missing
     |
note: associated function defined here
    --> vendor/fr-client-rust/crates/client/src/client/client.rs:1533:8
     |
1533 |     fn construct(
     |        ^^^^^^^^^
...
1538 |         error_loading: bool,
     |         -------------------
1539 |         jag_checksum: [i32; 9],
     |         ----------------------
1540 |         revision: ClientRevision,
     |         ------------------------
1541 |         session_profile: Option<Arc<ClientSessionProfile>>,
     |         --------------------------------------------------
1542 |         on_demand: Option<OnDemand>,
     |         ---------------------------
help: provide the arguments
     |
1405 ~         let mut client = Self::construct(
1406 +             config,
1407 +             cache,
1408 +             ifaces,
1409 +             ifaces_mut.into(),
1410 +             /* bool */,
1411 +             /* [i32; 9] */,
1412 +             /* ClientRevision */,
1413 +             /* Option<Arc<ClientSessionProfile>> */,
1414 +             /* Option<OnDemand> */,
1415 ~         );
     |

error[E0061]: this function takes 9 arguments but 5 arguments were supplied
    --> vendor/fr-client-rust/crates/client/src/client/client.rs:1452:26
     |
1452 |            let mut client = Self::construct(
     |  ___________________________^^^^^^^^^^^^^^^-
1453 | |              config,
1454 | |              cache,
1455 | |              ifaces,
1456 | |              ifaces_mut.into(),
1457 | |/             ClientConstruction {
1458 | ||                 error_loading: false,
1459 | ||                 jag_checksum,
1460 | ||                 revision,
1461 | ||                 session_profile: Some(profile),
1462 | ||                 on_demand,
1463 | ||             },
     | ||_____________- expected `bool`, found `ClientConstruction`
1464 | |          );
     | |__________- multiple arguments are missing
     |
note: associated function defined here
    --> vendor/fr-client-rust/crates/client/src/client/client.rs:1533:8
     |
1533 |     fn construct(
     |        ^^^^^^^^^
...
1538 |         error_loading: bool,
     |         -------------------
1539 |         jag_checksum: [i32; 9],
     |         ----------------------
1540 |         revision: ClientRevision,
     |         ------------------------
1541 |         session_profile: Option<Arc<ClientSessionProfile>>,
     |         --------------------------------------------------
1542 |         on_demand: Option<OnDemand>,
     |         ---------------------------
help: provide the arguments
     |
1452 ~         let mut client = Self::construct(
1453 +             config,
1454 +             cache,
1455 +             ifaces,
1456 +             ifaces_mut.into(),
1457 +             /* bool */,
1458 +             /* [i32; 9] */,
1459 +             /* ClientRevision */,
1460 +             /* Option<Arc<ClientSessionProfile>> */,
1461 +             /* Option<OnDemand> */,
1462 ~         );
     |

For more information about this error, try `rustc --explain E0061`.
error: could not compile `client` (lib) due to 3 previous errors
