   Compiling client v0.1.0 (/Users/acfrazier/experiments/274bot/.worktrees/rs2b0t-multirevision/vendor/fr-client-rust/crates/client)
   Compiling api v0.1.0 (/Users/acfrazier/experiments/274bot/.worktrees/rs2b0t-multirevision/crates/api)
   Compiling nav v0.1.0 (/Users/acfrazier/experiments/274bot/.worktrees/rs2b0t-multirevision/crates/nav)
   Compiling host v0.1.0 (/Users/acfrazier/experiments/274bot/.worktrees/rs2b0t-multirevision/crates/host)
   Compiling script v0.1.0 (/Users/acfrazier/experiments/274bot/.worktrees/rs2b0t-multirevision/crates/script)
   Compiling host-play v0.1.0 (/Users/acfrazier/experiments/274bot/.worktrees/rs2b0t-multirevision/crates/host-play)
warning: unused import: `AtomicUsize`
  --> crates/host-play/src/lib.rs:12:48
   |
12 | use std::sync::atomic::{AtomicBool, AtomicI32, AtomicUsize, Ordering};
   |                                                ^^^^^^^^^^^
   |
   = note: `#[warn(unused_imports)]` (part of `#[warn(unused)]`) on by default

warning: `host-play` (lib) generated 1 warning (run `cargo fix --lib -p host-play` to apply 1 suggestion)
    Finished `test` profile [unoptimized + debuginfo] target(s) in 6.97s
     Running tests/session_profile.rs (/Users/acfrazier/experiments/274bot/target/debug/deps/session_profile-94866a94ccb2e024)

running 7 tests
test invalid_revision_public_pairing_and_conflicts_fail_before_vault_access ... ok
test flags_are_order_independent_and_override_saved_or_environment_revision ... ok
test cache_and_nav_mismatch_are_rejected_before_creating_resources ... ok
test catalog_identity_and_cache_revision_are_frozen_at_bind ... ok
test invalid_explicit_rsa_fails_without_fallback_and_binding_detects_resource_changes ... ok
test both_revisions_reach_real_shared_client_constructor_and_keep_the_binding ... FAILED
test revision_289_refuses_slots_and_scripts_before_arms_or_queue_mutation ... FAILED

failures:

---- both_revisions_reach_real_shared_client_constructor_and_keep_the_binding stdout ----

thread 'both_revisions_reach_real_shared_client_constructor_and_keep_the_binding' (2602844) panicked at crates/host-play/tests/session_profile.rs:136:9:
assertion `left == right` failed
  left: "127.0.0.1"
 right: "localhost"
note: run with `RUST_BACKTRACE=1` environment variable to display a backtrace

---- revision_289_refuses_slots_and_scripts_before_arms_or_queue_mutation stdout ----

thread 'revision_289_refuses_slots_and_scripts_before_arms_or_queue_mutation' (2602850) panicked at crates/host-play/tests/session_profile.rs:144:35:
called `Result::unwrap()` on an `Err` value: PoisonError { .. }


failures:
    both_revisions_reach_real_shared_client_constructor_and_keep_the_binding
    revision_289_refuses_slots_and_scripts_before_arms_or_queue_mutation

test result: FAILED. 5 passed; 2 failed; 0 ignored; 0 measured; 0 filtered out; finished in 0.03s

error: test failed, to rerun pass `-p host-play --test session_profile`
