    Checking once_cell v1.21.4
    Checking log v0.4.34
   Compiling proc-macro2 v1.0.107
    Checking libc v0.2.189
    Checking generic-array v0.14.7
    Checking indexmap v2.14.0
    Checking smallvec v1.15.2
    Checking arrayvec v0.7.8
    Checking bzip2-sys v0.1.13+1.0.8
    Checking num-bigint v0.4.8
   Compiling quote v1.0.47
    Checking parking_lot_core v0.9.12
    Checking errno v0.3.14
    Checking getrandom v0.2.17
    Checking getrandom v0.4.3
    Checking core-foundation v0.10.1
    Checking security-framework-sys v2.17.0
    Checking cpufeatures v0.2.17
    Checking bzip2 v0.4.4
    Checking crypto-common v0.1.7
    Checking block-buffer v0.10.4
   Compiling syn v2.0.119
   Compiling syn v3.0.3
    Checking rustix v1.1.4
    Checking rand_core v0.6.4
    Checking digest v0.10.7
    Checking parking_lot v0.12.5
    Checking security-framework v3.7.0
    Checking sha1 v0.10.7
    Checking sha2 v0.10.9
    Checking tempfile v3.27.0
    Checking native-tls v0.2.18
   Compiling bytemuck_derive v1.12.0
   Compiling thiserror-impl v2.0.20
   Compiling zerocopy-derive v0.8.56
   Compiling thiserror-impl v1.0.69
   Compiling serde_derive v1.0.219
    Checking bytemuck v1.25.2
    Checking thiserror v2.0.20
    Checking thiserror v1.0.69
    Checking zerocopy v0.8.56
    Checking wgpu-types v29.0.4
    Checking image v0.25.10
    Checking serde v1.0.219
    Checking half v2.7.1
    Checking ppv-lite86 v0.2.21
    Checking rand_chacha v0.3.1
    Checking naga v29.0.4
    Checking rand v0.8.5
    Checking tungstenite v0.24.0
    Checking wgpu-naga-bridge v29.0.4
    Checking wgpu-hal v29.0.4
    Checking wgpu-core-deps-apple v29.0.4
    Checking wgpu-core v29.0.4
    Checking wgpu v29.0.4
    Checking client v0.1.0 (/Users/acfrazier/experiments/274bot/.worktrees/rs2b0t-multirevision/vendor/fr-client-rust/crates/client)
    Checking api v0.1.0 (/Users/acfrazier/experiments/274bot/.worktrees/rs2b0t-multirevision/crates/api)
    Finished `dev` profile [unoptimized + debuginfo] target(s) in 9.87s
