   Compiling proc-macro2 v1.0.107
   Compiling libc v0.2.189
   Compiling once_cell v1.21.4
   Compiling log v0.4.34
   Compiling thiserror v2.0.20
   Compiling quote v1.0.47
   Compiling generic-array v0.14.7
   Compiling indexmap v2.14.0
   Compiling arrayvec v0.7.8
   Compiling smallvec v1.15.2
   Compiling cc v1.4.4
   Compiling serde v1.0.219
   Compiling num-bigint v0.4.8
   Compiling syn v2.0.119
   Compiling syn v3.0.3
   Compiling bzip2-sys v0.1.13+1.0.8
   Compiling block-buffer v0.10.4
   Compiling crypto-common v0.1.7
   Compiling digest v0.10.7
   Compiling parking_lot_core v0.9.12
   Compiling getrandom v0.2.17
   Compiling errno v0.3.14
   Compiling security-framework-sys v2.17.0
   Compiling core-foundation v0.10.1
   Compiling getrandom v0.4.3
   Compiling cpufeatures v0.2.17
   Compiling sha1 v0.10.7
   Compiling sha2 v0.10.9
   Compiling rustix v1.1.4
   Compiling rand_core v0.6.4
   Compiling parking_lot v0.12.5
   Compiling security-framework v3.7.0
   Compiling bytemuck_derive v1.12.0
   Compiling thiserror-impl v2.0.20
   Compiling bzip2 v0.4.4
   Compiling tempfile v3.27.0
   Compiling zerocopy-derive v0.8.56
   Compiling thiserror-impl v1.0.69
   Compiling serde_derive v1.0.219
   Compiling bytemuck v1.25.2
   Compiling native-tls v0.2.18
   Compiling wgpu-types v29.0.4
   Compiling image v0.25.10
   Compiling thiserror v1.0.69
   Compiling zerocopy v0.8.56
   Compiling half v2.7.1
   Compiling ppv-lite86 v0.2.21
   Compiling rand_chacha v0.3.1
   Compiling naga v29.0.4
   Compiling rand v0.8.5
   Compiling tungstenite v0.24.0
   Compiling wgpu-naga-bridge v29.0.4
   Compiling wgpu-hal v29.0.4
   Compiling wgpu-core-deps-apple v29.0.4
   Compiling wgpu-core v29.0.4
   Compiling wgpu v29.0.4
   Compiling client v0.1.0 (/Users/acfrazier/experiments/274bot/.worktrees/rs2b0t-multirevision/vendor/fr-client-rust/crates/client)
   Compiling api v0.1.0 (/Users/acfrazier/experiments/274bot/.worktrees/rs2b0t-multirevision/crates/api)
    Finished `test` profile [unoptimized + debuginfo] target(s) in 15.38s
     Running tests/interact.rs (/Users/acfrazier/experiments/274bot/target/debug/deps/interact-f2fa6f9749d1a9ff)

running 1 test

thread 'revision_289_direct_host_writers_match_primary_bytes' (3021291) panicked at crates/api/tests/interact.rs:443:5:
assertion `left == right` failed
  left: [51]
 right: [93]
note: run with `RUST_BACKTRACE=1` environment variable to display a backtrace
test revision_289_direct_host_writers_match_primary_bytes ... FAILED

failures:

failures:
    revision_289_direct_host_writers_match_primary_bytes

test result: FAILED. 0 passed; 1 failed; 0 ignored; 0 measured; 58 filtered out; finished in 0.17s

error: test failed, to rerun pass `-p api --test interact`
