warning: methods `generation` and `slot_id` are never used
   --> crates/host/src/cadence.rs:384:12
    |
360 | impl Local {
    | ---------- methods in this implementation
...
384 |     pub fn generation(&self) -> u64 {
    |            ^^^^^^^^^^
...
388 |     pub fn slot_id(&self) -> u64 {
    |            ^^^^^^^
    |
    = note: `#[warn(dead_code)]` (part of `#[warn(unused)]`) on by default

warning: `host` (lib) generated 1 warning
   Compiling host-play v0.1.0 (/Users/acfrazier/experiments/274bot/.worktrees/t_a1f4796f/crates/host-play)
    Finished `test` profile [unoptimized + debuginfo] target(s) in 0.61s
     Running tests/direct_owner_capture.rs (target/debug/deps/direct_owner_capture-9f5630940ba480d3)

running 1 test
test cross_index_template_alias_is_shared_without_retaining_arcs ... FAILED

failures:

---- cross_index_template_alias_is_shared_without_retaining_arcs stdout ----

thread 'cross_index_template_alias_is_shared_without_retaining_arcs' (4692283) panicked at crates/host-play/tests/direct_owner_capture.rs:74:5:
divergence must not hide the still-live template outer payload
note: run with `RUST_BACKTRACE=1` environment variable to display a backtrace


failures:
    cross_index_template_alias_is_shared_without_retaining_arcs

test result: FAILED. 0 passed; 1 failed; 0 ignored; 0 measured; 1 filtered out; finished in 0.00s

error: test failed, to rerun pass `-p host-play --test direct_owner_capture`
