{"cwd": "/Users/acfrazier/experiments/274bot/.worktrees/t_a1f4796f", "command": ["cargo", "test", "--offline", "-p", "tui", "--features", "memory-profile-no-alloc,memory-owner-capture", "--", "--test-threads=1"]}
   Compiling client v0.1.0 (/Users/acfrazier/experiments/274bot/.worktrees/t_a1f4796f/vendor/fr-client-rust/crates/client)
   Compiling api v0.1.0 (/Users/acfrazier/experiments/274bot/.worktrees/t_a1f4796f/crates/api)
   Compiling nav v0.1.0 (/Users/acfrazier/experiments/274bot/.worktrees/t_a1f4796f/crates/nav)
   Compiling host v0.1.0 (/Users/acfrazier/experiments/274bot/.worktrees/t_a1f4796f/crates/host)
   Compiling script v0.1.0 (/Users/acfrazier/experiments/274bot/.worktrees/t_a1f4796f/crates/script)
warning: methods `generation` and `slot_id` are never used
   --> crates/host/src/cadence.rs:384:12
    |
360 | impl Local {
    | ---------- methods in this implementation
...
384 |     pub fn generation(&self) -> u64 {
    |            ^^^^^^^^^^
...
388 |     pub fn slot_id(&self) -> u64 {
    |            ^^^^^^^
    |
    = note: `#[warn(dead_code)]` (part of `#[warn(unused)]`) on by default

   Compiling scenario v0.1.0 (/Users/acfrazier/experiments/274bot/.worktrees/t_a1f4796f/crates/scenario)
   Compiling host-play v0.1.0 (/Users/acfrazier/experiments/274bot/.worktrees/t_a1f4796f/crates/host-play)
error[E0433]: cannot find module or crate `serde` in this scope
 --> crates/host-play/src/owner_capture_output.rs:6:10
  |
6 | #[derive(serde::Serialize)]
  |          ^^^^^ use of unresolved module or unlinked crate `serde`

error[E0433]: cannot find module or crate `serde` in this scope
  --> crates/host-play/src/owner_capture_output.rs:80:22
   |
80 |         value: &impl serde::Serialize,
   |                      ^^^^^ use of unresolved module or unlinked crate `serde`
   |
   = help: if you wanted to use a crate named `serde`, use `cargo add serde` to add it to your `Cargo.toml`

For more information about this error, try `rustc --explain E0433`.
error: could not compile `host-play` (lib) due to 2 previous errors
warning: build failed, waiting for other jobs to finish...
warning: `host` (lib) generated 1 warning
