   Compiling proc-macro2 v1.0.107
   Compiling libc v0.2.189
   Compiling once_cell v1.21.4
   Compiling thiserror v2.0.20
   Compiling log v0.4.34
   Compiling quote v1.0.47
   Compiling generic-array v0.14.7
   Compiling indexmap v2.14.0
   Compiling smallvec v1.15.2
   Compiling arrayvec v0.7.8
   Compiling cc v1.4.4
   Compiling serde v1.0.219
   Compiling num-bigint v0.4.8
   Compiling memchr v2.8.3
   Compiling serde_json v1.0.140
   Compiling syn v2.0.119
   Compiling syn v3.0.3
   Compiling block-buffer v0.10.4
   Compiling crypto-common v0.1.7
   Compiling parking_lot_core v0.9.12
   Compiling getrandom v0.2.17
   Compiling errno v0.3.14
   Compiling security-framework-sys v2.17.0
   Compiling getrandom v0.4.3
   Compiling core-foundation v0.10.1
   Compiling cpufeatures v0.2.17
   Compiling digest v0.10.7
   Compiling rustix v1.1.4
   Compiling rand_core v0.6.4
   Compiling bzip2-sys v0.1.13+1.0.8
   Compiling parking_lot v0.12.5
   Compiling sha1 v0.10.7
   Compiling sha2 v0.10.9
   Compiling security-framework v3.7.0
   Compiling tempfile v3.27.0
   Compiling native-tls v0.2.18
   Compiling bzip2 v0.4.4
   Compiling bytemuck_derive v1.12.0
   Compiling thiserror-impl v2.0.20
   Compiling bytemuck v1.25.2
   Compiling zerocopy-derive v0.8.56
   Compiling thiserror-impl v1.0.69
   Compiling serde_derive v1.0.219
   Compiling wgpu-types v29.0.4
   Compiling image v0.25.10
   Compiling thiserror v1.0.69
   Compiling zerocopy v0.8.56
   Compiling half v2.7.1
   Compiling ppv-lite86 v0.2.21
   Compiling rand_chacha v0.3.1
   Compiling naga v29.0.4
   Compiling rand v0.8.5
   Compiling tungstenite v0.24.0
   Compiling wgpu-naga-bridge v29.0.4
   Compiling wgpu-hal v29.0.4
   Compiling wgpu-core-deps-apple v29.0.4
   Compiling wgpu-core v29.0.4
   Compiling wgpu v29.0.4
   Compiling client v0.1.0 (/Users/acfrazier/experiments/274bot/.worktrees/rs2b0t-multirevision/.superpowers/catalog-headed/source-8fd0f138-56d8027/vendor/fr-client-rust/crates/client)
   Compiling api v0.1.0 (/Users/acfrazier/experiments/274bot/.worktrees/rs2b0t-multirevision/.superpowers/catalog-headed/source-8fd0f138-56d8027/crates/api)
   Compiling nav v0.1.0 (/Users/acfrazier/experiments/274bot/.worktrees/rs2b0t-multirevision/.superpowers/catalog-headed/source-8fd0f138-56d8027/crates/nav)
   Compiling scenario v0.1.0 (/Users/acfrazier/experiments/274bot/.worktrees/rs2b0t-multirevision/.superpowers/catalog-headed/source-8fd0f138-56d8027/crates/scenario)
    Finished `test` profile [unoptimized + debuginfo] target(s) in 18.67s
     Running unittests src/lib.rs (/Users/acfrazier/experiments/274bot/.worktrees/rs2b0t-multirevision/.superpowers/catalog-headed/target-isolated-8fd0f138/debug/deps/scenario-db2ff6a0fd8001f2)

running 1 test
test tests::chicken_killer_bank_registers_loot_count_feather_trip ... ok

test result: ok. 1 passed; 0 failed; 0 ignored; 0 measured; 88 filtered out; finished in 0.00s

