[host-play] slot liverj5xhb_0: thread up
274bot: snapshot load skipped: read /Users/acfrazier/experiments/274bot/.worktrees/rs2b0t-multirevision/.superpowers/platform-preparation/platform-isolated-caf6b809/live/r274-alcher-controls-r2/unpack/2faf336eeb0462ed/models.bin: No such file or directory (os error 2)
[host-play] slot liverj5xhb_0: handshake begin reconnect=false
[host-play] slot liverj5xhb_0: handshake ok
[host-play] slot liverj5xhb_0: queued mainland tele+setvar (scene 2)
[host] slot liverj5xhb_0: d_loop_us=17602 d_raster_us=0 d_observe_us=48426 max_observe_us=7909 d_paints=0 d_skips=50 d_ticks=5 window_ms=0
[host-play] slot liverj5xhb_0: handshake begin reconnect=true
[host-play] slot liverj5xhb_0: handshake ok
[host] slot liverj5xhb_0: d_loop_us=642 d_raster_us=0 d_observe_us=33788 max_observe_us=4592 d_paints=0 d_skips=50 d_ticks=1 window_ms=0
[host-play] slot liverj5xhb_0: queued mainland tele+setvar (scene 2)
[script liverj5xhb_0] start load
[host] hitch liverj5xhb_0: observe_us=105046 paints=0 skips=88 ticks=17
[script liverj5xhb_0] Alcher — High Level Alchemy on 1 item(s), richest first: Rune chainbody
[script liverj5xhb_0] banking at Bank booth (Bank booth / Use-quickly)
[script liverj5xhb_0] interact OpenBooth { x: 3186, z: 3440, level: 0, id: 2213, name: Some("Bank booth"), action: Some("Use-quickly") }
[host] slot liverj5xhb_0: d_loop_us=18943 d_raster_us=0 d_observe_us=175554 max_observe_us=105046 d_paints=0 d_skips=50 d_ticks=17 window_ms=10481
[host] hitch liverj5xhb_0: observe_us=18014 paints=0 skips=111 ticks=19
[host] slot liverj5xhb_0: d_loop_us=1065 d_raster_us=0 d_observe_us=80156 max_observe_us=18014 d_paints=0 d_skips=50 d_ticks=2 window_ms=1195
[host] hitch liverj5xhb_0: observe_us=19513 paints=0 skips=162 ticks=21
[script liverj5xhb_0] interact Close
[shim-close] sent
[host] hitch liverj5xhb_0: observe_us=17786 paints=0 skips=187 ticks=22
[script liverj5xhb_0] interact Held { name: "Staff of fire", action: "Wield" }
[shim-held] Staff of fire Wield slot=0 -> sent
[host] slot liverj5xhb_0: d_loop_us=1053 d_raster_us=0 d_observe_us=84185 max_observe_us=19513 d_paints=0 d_skips=50 d_ticks=2 window_ms=1198
[script liverj5xhb_0] wore Staff of fire — casts need only Nature runes now
[script liverj5xhb_0] interact OpenBooth { x: 3186, z: 3440, level: 0, id: 2213, name: Some("Bank booth"), action: Some("Use-quickly") }
[host] slot liverj5xhb_0: d_loop_us=992 d_raster_us=0 d_observe_us=75720 max_observe_us=15245 d_paints=0 d_skips=50 d_ticks=2 window_ms=1199
[host] hitch liverj5xhb_0: observe_us=16864 paints=0 skips=287 ticks=26
[host] slot liverj5xhb_0: d_loop_us=1049 d_raster_us=0 d_observe_us=81023 max_observe_us=16864 d_paints=0 d_skips=50 d_ticks=2 window_ms=1194
[host] hitch liverj5xhb_0: observe_us=17056 paints=0 skips=312 ticks=27
[script liverj5xhb_0] interact SetNoteMode { on: true }
[shim-note] on=true sent
[host] slot liverj5xhb_0: d_loop_us=911 d_raster_us=0 d_observe_us=64420 max_observe_us=17056 d_paints=0 d_skips=50 d_ticks=2 window_ms=1175
[host] hitch liverj5xhb_0: observe_us=20168 paints=0 skips=388 ticks=30
[script liverj5xhb_0] withdrew 27 Rune chainbody (noted, 30000gp each)
[host] slot liverj5xhb_0: d_loop_us=1245 d_raster_us=0 d_observe_us=91570 max_observe_us=20168 d_paints=0 d_skips=50 d_ticks=2 window_ms=1186
[host] hitch liverj5xhb_0: observe_us=19769 paints=0 skips=413 ticks=31
[host] hitch liverj5xhb_0: observe_us=17130 paints=0 skips=439 ticks=32
[script liverj5xhb_0] withdrew 27 Nature runes
[script liverj5xhb_0] interact Close
[shim-close] sent
[host] slot liverj5xhb_0: d_loop_us=1158 d_raster_us=0 d_observe_us=85691 max_observe_us=19769 d_paints=0 d_skips=50 d_ticks=2 window_ms=1191
[host] hitch liverj5xhb_0: observe_us=18213 paints=0 skips=464 ticks=33
[script liverj5xhb_0] restocked: 27 Rune chainbody notes + 27 Nature runes
[script liverj5xhb_0] interact SideTab { tab: 6 }
[host] slot liverj5xhb_0: d_loop_us=1284 d_raster_us=0 d_observe_us=82095 max_observe_us=18213 d_paints=0 d_skips=50 d_ticks=2 window_ms=1180
[script liverj5xhb_0] interact UseWidgetOn { component_id: 1178, kind: "held", target_name: Some("Rune chainbody"), x: 0, z: 0, level: 0, index: None }
[host] hitch liverj5xhb_0: observe_us=21166 paints=0 skips=539 ticks=36
[host] slot liverj5xhb_0: d_loop_us=1141 d_raster_us=0 d_observe_us=84208 max_observe_us=21166 d_paints=0 d_skips=50 d_ticks=2 window_ms=1203
[host] slot liverj5xhb_0: d_loop_us=1296 d_raster_us=0 d_observe_us=55155 max_observe_us=15854 d_paints=0 d_skips=50 d_ticks=2 window_ms=1178
[host] hitch liverj5xhb_0: observe_us=16588 paints=0 skips=640 ticks=40
[script liverj5xhb_0] interact UseWidgetOn { component_id: 1178, kind: "held", target_name: Some("Rune chainbody"), x: 0, z: 0, level: 0, index: None }
[host] slot liverj5xhb_0: d_loop_us=1099 d_raster_us=0 d_observe_us=53348 max_observe_us=16588 d_paints=0 d_skips=50 d_ticks=2 window_ms=1199
[host] hitch liverj5xhb_0: observe_us=16636 paints=0 skips=665 ticks=41
[host] hitch liverj5xhb_0: observe_us=16638 paints=0 skips=690 ticks=42
[host] slot liverj5xhb_0: d_loop_us=1153 d_raster_us=0 d_observe_us=77442 max_observe_us=16638 d_paints=0 d_skips=50 d_ticks=2 window_ms=1183
[host] hitch liverj5xhb_0: observe_us=16728 paints=0 skips=716 ticks=43
[host] hitch liverj5xhb_0: observe_us=16198 paints=0 skips=741 ticks=44
[host] slot liverj5xhb_0: d_loop_us=1364 d_raster_us=0 d_observe_us=75072 max_observe_us=16728 d_paints=0 d_skips=50 d_ticks=2 window_ms=1189
[host] hitch liverj5xhb_0: observe_us=17075 paints=0 skips=767 ticks=45
[script liverj5xhb_0] interact UseWidgetOn { component_id: 1178, kind: "held", target_name: Some("Rune chainbody"), x: 0, z: 0, level: 0, index: None }
[host] slot liverj5xhb_0: d_loop_us=1232 d_raster_us=0 d_observe_us=75773 max_observe_us=17075 d_paints=0 d_skips=50 d_ticks=2 window_ms=1184
[host] slot liverj5xhb_0: d_loop_us=1062 d_raster_us=0 d_observe_us=55021 max_observe_us=14219 d_paints=0 d_skips=50 d_ticks=2 window_ms=1200
[script liverj5xhb_0] interact UseWidgetOn { component_id: 1178, kind: "held", target_name: Some("Rune chainbody"), x: 0, z: 0, level: 0, index: None }
[host] slot liverj5xhb_0: d_loop_us=1050 d_raster_us=0 d_observe_us=65328 max_observe_us=12376 d_paints=0 d_skips=50 d_ticks=2 window_ms=1159
[host] slot liverj5xhb_0: d_loop_us=1084 d_raster_us=0 d_observe_us=66771 max_observe_us=15994 d_paints=0 d_skips=50 d_ticks=2 window_ms=1182
[host] hitch liverj5xhb_0: observe_us=16996 paints=0 skips=969 ticks=53
[host] slot liverj5xhb_0: d_loop_us=1283 d_raster_us=0 d_observe_us=72677 max_observe_us=16996 d_paints=0 d_skips=50 d_ticks=2 window_ms=1196
[host] hitch liverj5xhb_0: observe_us=16707 paints=0 skips=1019 ticks=55
[script liverj5xhb_0] interact UseWidgetOn { component_id: 1178, kind: "held", target_name: Some("Rune chainbody"), x: 0, z: 0, level: 0, index: None }
[host] hitch liverj5xhb_0: observe_us=17905 paints=0 skips=1045 ticks=56
[host] slot liverj5xhb_0: d_loop_us=1084 d_raster_us=0 d_observe_us=76979 max_observe_us=17905 d_paints=0 d_skips=50 d_ticks=2 window_ms=1187
[host] hitch liverj5xhb_0: observe_us=16112 paints=0 skips=1096 ticks=58
[host] slot liverj5xhb_0: d_loop_us=1143 d_raster_us=0 d_observe_us=71382 max_observe_us=16112 d_paints=0 d_skips=50 d_ticks=2 window_ms=1182
[host] hitch liverj5xhb_0: observe_us=16703 paints=0 skips=1121 ticks=59
[host] hitch liverj5xhb_0: observe_us=17468 paints=0 skips=1145 ticks=60
[script liverj5xhb_0] interact UseWidgetOn { component_id: 1178, kind: "held", target_name: Some("Rune chainbody"), x: 0, z: 0, level: 0, index: None }
[host] slot liverj5xhb_0: d_loop_us=1137 d_raster_us=0 d_observe_us=78080 max_observe_us=17468 d_paints=0 d_skips=50 d_ticks=2 window_ms=1210
[host] hitch liverj5xhb_0: observe_us=17239 paints=0 skips=1171 ticks=61
[host] hitch liverj5xhb_0: observe_us=16917 paints=0 skips=1196 ticks=62
[host] slot liverj5xhb_0: d_loop_us=1262 d_raster_us=0 d_observe_us=84910 max_observe_us=17239 d_paints=0 d_skips=50 d_ticks=2 window_ms=1181
[host] hitch liverj5xhb_0: observe_us=16983 paints=0 skips=1247 ticks=64
[host] slot liverj5xhb_0: d_loop_us=1158 d_raster_us=0 d_observe_us=78925 max_observe_us=16983 d_paints=0 d_skips=50 d_ticks=2 window_ms=1174
[script liverj5xhb_0] interact UseWidgetOn { component_id: 1178, kind: "held", target_name: Some("Rune chainbody"), x: 0, z: 0, level: 0, index: None }
[host] hitch liverj5xhb_0: observe_us=17361 paints=0 skips=1298 ticks=66
[host] slot liverj5xhb_0: d_loop_us=1216 d_raster_us=0 d_observe_us=83468 max_observe_us=17361 d_paints=0 d_skips=50 d_ticks=2 window_ms=1186
[host] hitch liverj5xhb_0: observe_us=16570 paints=0 skips=1322 ticks=67
[host] slot liverj5xhb_0: d_loop_us=1217 d_raster_us=0 d_observe_us=71838 max_observe_us=16570 d_paints=0 d_skips=50 d_ticks=2 window_ms=1193
[host] hitch liverj5xhb_0: observe_us=17255 paints=0 skips=1399 ticks=70
[host] slot liverj5xhb_0: d_loop_us=1243 d_raster_us=0 d_observe_us=75591 max_observe_us=17255 d_paints=0 d_skips=50 d_ticks=2 window_ms=1209
[script liverj5xhb_0] interact UseWidgetOn { component_id: 1178, kind: "held", target_name: Some("Rune chainbody"), x: 0, z: 0, level: 0, index: None }
[host] hitch liverj5xhb_0: observe_us=18204 paints=0 skips=1424 ticks=71
[host] slot liverj5xhb_0: d_loop_us=1231 d_raster_us=0 d_observe_us=81450 max_observe_us=18204 d_paints=0 d_skips=50 d_ticks=2 window_ms=1182
[host] slot liverj5xhb_0: d_loop_us=1075 d_raster_us=0 d_observe_us=66952 max_observe_us=15100 d_paints=0 d_skips=50 d_ticks=2 window_ms=1196
[script liverj5xhb_0] interact UseWidgetOn { component_id: 1178, kind: "held", target_name: Some("Rune chainbody"), x: 0, z: 0, level: 0, index: None }
[host] slot liverj5xhb_0: d_loop_us=1555 d_raster_us=0 d_observe_us=53418 max_observe_us=8785 d_paints=0 d_skips=50 d_ticks=14 window_ms=8944
[host] slot liverj5xhb_0: d_loop_us=2385 d_raster_us=0 d_observe_us=36520 max_observe_us=4262 d_paints=0 d_skips=50 d_ticks=39 window_ms=22807
[script liverj5xhb_0] interact UseWidgetOn { component_id: 1178, kind: "held", target_name: Some("Rune chainbody"), x: 0, z: 0, level: 0, index: None }
[host] slot liverj5xhb_0: d_loop_us=1442 d_raster_us=0 d_observe_us=62461 max_observe_us=15851 d_paints=0 d_skips=50 d_ticks=9 window_ms=5760
[host] hitch liverj5xhb_0: observe_us=18071 paints=0 skips=1661 ticks=137
[host] slot liverj5xhb_0: d_loop_us=1198 d_raster_us=0 d_observe_us=78658 max_observe_us=18071 d_paints=0 d_skips=50 d_ticks=2 window_ms=1166
[host] hitch liverj5xhb_0: observe_us=17325 paints=0 skips=1738 ticks=140
[host] slot liverj5xhb_0: d_loop_us=1138 d_raster_us=0 d_observe_us=73421 max_observe_us=17325 d_paints=0 d_skips=50 d_ticks=2 window_ms=1167
[host] hitch liverj5xhb_0: observe_us=16258 paints=0 skips=1763 ticks=141
[script liverj5xhb_0] interact UseWidgetOn { component_id: 1178, kind: "held", target_name: Some("Rune chainbody"), x: 0, z: 0, level: 0, index: None }
[host] hitch liverj5xhb_0: observe_us=18351 paints=0 skips=1789 ticks=142
[host] slot liverj5xhb_0: d_loop_us=1188 d_raster_us=0 d_observe_us=80653 max_observe_us=18351 d_paints=0 d_skips=50 d_ticks=2 window_ms=1188
[host] hitch liverj5xhb_0: observe_us=16029 paints=0 skips=1839 ticks=144
[host] slot liverj5xhb_0: d_loop_us=1168 d_raster_us=0 d_observe_us=71496 max_observe_us=16029 d_paints=0 d_skips=50 d_ticks=2 window_ms=1181
[script liverj5xhb_0] interact UseWidgetOn { component_id: 1178, kind: "held", target_name: Some("Rune chainbody"), x: 0, z: 0, level: 0, index: None }
[host] slot liverj5xhb_0: d_loop_us=1143 d_raster_us=0 d_observe_us=68217 max_observe_us=15205 d_paints=0 d_skips=50 d_ticks=2 window_ms=1193
[host] slot liverj5xhb_0: d_loop_us=1183 d_raster_us=0 d_observe_us=61469 max_observe_us=15922 d_paints=0 d_skips=50 d_ticks=2 window_ms=1184
[host] hitch liverj5xhb_0: observe_us=20027 paints=0 skips=1990 ticks=150
[host] slot liverj5xhb_0: d_loop_us=1092 d_raster_us=0 d_observe_us=67904 max_observe_us=20027 d_paints=0 d_skips=50 d_ticks=2 window_ms=1205
[script liverj5xhb_0] interact UseWidgetOn { component_id: 1178, kind: "held", target_name: Some("Rune chainbody"), x: 0, z: 0, level: 0, index: None }
[host] hitch liverj5xhb_0: observe_us=16821 paints=0 skips=2040 ticks=152
[host] slot liverj5xhb_0: d_loop_us=1344 d_raster_us=0 d_observe_us=84920 max_observe_us=16821 d_paints=0 d_skips=50 d_ticks=2 window_ms=1191
[host] slot liverj5xhb_0: d_loop_us=1005 d_raster_us=0 d_observe_us=53740 max_observe_us=10540 d_paints=0 d_skips=50 d_ticks=2 window_ms=1170
[host] hitch liverj5xhb_0: observe_us=16269 paints=0 skips=2117 ticks=155
[host] hitch liverj5xhb_0: observe_us=17448 paints=0 skips=2142 ticks=156
[script liverj5xhb_0] interact UseWidgetOn { component_id: 1178, kind: "held", target_name: Some("Rune chainbody"), x: 0, z: 0, level: 0, index: None }
[host] slot liverj5xhb_0: d_loop_us=1188 d_raster_us=0 d_observe_us=79225 max_observe_us=17448 d_paints=0 d_skips=50 d_ticks=2 window_ms=1181
[host] hitch liverj5xhb_0: observe_us=17361 paints=0 skips=2167 ticks=157
[host] hitch liverj5xhb_0: observe_us=17033 paints=0 skips=2193 ticks=158
[host] slot liverj5xhb_0: d_loop_us=1216 d_raster_us=0 d_observe_us=80810 max_observe_us=17361 d_paints=0 d_skips=50 d_ticks=2 window_ms=1192
[host] hitch liverj5xhb_0: observe_us=16527 paints=0 skips=2218 ticks=159
[host] slot liverj5xhb_0: d_loop_us=1024 d_raster_us=0 d_observe_us=62085 max_observe_us=16527 d_paints=0 d_skips=50 d_ticks=2 window_ms=1189
[script liverj5xhb_0] interact UseWidgetOn { component_id: 1178, kind: "held", target_name: Some("Rune chainbody"), x: 0, z: 0, level: 0, index: None }
[host] slot liverj5xhb_0: d_loop_us=979 d_raster_us=0 d_observe_us=60821 max_observe_us=15762 d_paints=0 d_skips=50 d_ticks=2 window_ms=1194
[host] slot liverj5xhb_0: d_loop_us=943 d_raster_us=0 d_observe_us=62490 max_observe_us=7929 d_paints=0 d_skips=50 d_ticks=2 window_ms=1203
[host] slot liverj5xhb_0: d_loop_us=1186 d_raster_us=0 d_observe_us=43791 max_observe_us=8010 d_paints=0 d_skips=50 d_ticks=9 window_ms=5821
[host] slot liverj5xhb_0: d_loop_us=2540 d_raster_us=0 d_observe_us=32201 max_observe_us=3063 d_paints=0 d_skips=50 d_ticks=38 window_ms=22200
[host] slot liverj5xhb_0: d_loop_us=2583 d_raster_us=0 d_observe_us=43711 max_observe_us=2421 d_paints=0 d_skips=50 d_ticks=44 window_ms=26396
