   Compiling client v0.1.0 (/Users/acfrazier/experiments/274bot/.worktrees/rs2b0t-multirevision/.superpowers/combat-json-fix/source/vendor/fr-client-rust/crates/client)
   Compiling vault v0.1.0 (/Users/acfrazier/experiments/274bot/.worktrees/rs2b0t-multirevision/.superpowers/combat-json-fix/source/crates/vault)
   Compiling api v0.1.0 (/Users/acfrazier/experiments/274bot/.worktrees/rs2b0t-multirevision/.superpowers/combat-json-fix/source/crates/api)
   Compiling nav v0.1.0 (/Users/acfrazier/experiments/274bot/.worktrees/rs2b0t-multirevision/.superpowers/combat-json-fix/source/crates/nav)
   Compiling host v0.1.0 (/Users/acfrazier/experiments/274bot/.worktrees/rs2b0t-multirevision/.superpowers/combat-json-fix/source/crates/host)
   Compiling script v0.1.0 (/Users/acfrazier/experiments/274bot/.worktrees/rs2b0t-multirevision/.superpowers/combat-json-fix/source/crates/script)
   Compiling scenario v0.1.0 (/Users/acfrazier/experiments/274bot/.worktrees/rs2b0t-multirevision/.superpowers/combat-json-fix/source/crates/scenario)
   Compiling host-play v0.1.0 (/Users/acfrazier/experiments/274bot/.worktrees/rs2b0t-multirevision/.superpowers/combat-json-fix/source/crates/host-play)
    Finished `test` profile [unoptimized + debuginfo] target(s) in 9.55s
     Running tests/catalog_boundary_live.rs (.superpowers/review-exports/t_a74e9684-combat-target/debug/deps/catalog_boundary_live-cf42836446c7a751)

running 1 test

thread 'tests::combat_success_receipt_preserves_nonempty_ground_counts' (10909628) panicked at crates/host-play/tests/catalog_boundary_live.rs:4943:12:
called `Result::unwrap()` on an `Err` value: Error("key must be a string", line: 0, column: 0)
note: run with `RUST_BACKTRACE=1` environment variable to display a backtrace
test tests::combat_success_receipt_preserves_nonempty_ground_counts ... FAILED

failures:

failures:
    tests::combat_success_receipt_preserves_nonempty_ground_counts

test result: FAILED. 0 passed; 1 failed; 0 ignored; 0 measured; 48 filtered out; finished in 0.00s

error: test failed, to rerun pass `-p host-play --test catalog_boundary_live`
