   Compiling tracing-core v0.1.36
   Compiling log v0.4.34
   Compiling regex-automata v0.4.18
   Compiling windows-core v0.62.2
   Compiling tracing v0.1.44
   Compiling windows-future v0.3.2
   Compiling swc_common v9.2.0
   Compiling windows-collections v0.3.2
   Compiling windows-numerics v0.3.1
   Compiling naga v29.0.4
   Compiling windows v0.62.2
   Compiling regex v1.13.1
   Compiling swc_ecma_ast v9.0.0
   Compiling bindgen v0.71.1
   Compiling v8 v137.2.1
   Compiling wgpu-types v29.0.4
   Compiling wgpu-naga-bridge v29.0.4
   Compiling swc_ecma_lexer v12.0.0
   Compiling swc_ecma_parser v12.0.0
   Compiling serde_v8 v0.264.0
   Compiling swc_ecma_visit v9.0.0
   Compiling deno_core v0.355.0
   Compiling gpu-allocator v0.28.0
   Compiling wgpu-hal v29.0.4
   Compiling swc_ecma_utils v13.1.0
   Compiling wgpu-core-deps-windows-linux-android v29.0.4
   Compiling wgpu-core v29.0.4
   Compiling cpal v0.18.2
   Compiling swc_ecma_transforms_base v13.0.0
   Compiling wgpu v29.0.4
   Compiling dasp_sample v0.11.0
   Compiling tungstenite v0.24.0
   Compiling rustysynth v1.3.6
   Compiling dear-imgui-build-support v0.15.1
   Compiling client v0.1.0 (C:\Users\Austen\274bot-campaign\multirevision-20260910\platform-isolated-b1cff8a7\source\vendor\fr-client-rust\crates\client)
   Compiling deno_permissions v0.72.0
   Compiling Inflector v0.11.4
   Compiling dear-imgui-sys v0.15.1
   Compiling swc_ecma_transforms_react v15.0.0
   Compiling swc_ecma_transforms_classes v13.0.0
   Compiling swc_ecma_codegen v11.0.0
   Compiling swc_ecma_loader v9.0.0
   Compiling deno_web v0.244.0
   Compiling swc_visit_macros v0.5.13
   Compiling api v0.1.0 (C:\Users\Austen\274bot-campaign\multirevision-20260910\platform-isolated-b1cff8a7\source\crates\api)
   Compiling dprint-swc-ext v0.24.0
   Compiling swc_ecma_transforms_proposal v13.0.0
   Compiling urlpattern v0.3.0
   Compiling swc_ecma_transforms_typescript v15.0.0
   Compiling sharded-slab v0.1.7
   Compiling matchers v0.2.0
   Compiling tracing-log v0.2.0
   Compiling nu-ansi-term v0.50.3
   Compiling thread_local v1.1.10
   Compiling mint v0.5.9
   Compiling tracing-subscriber v0.3.23
   Compiling deno_crypto v0.227.0
   Compiling deno_ast v0.49.0
   Compiling deno_features v0.10.0
   Compiling deno_url v0.213.0
   Compiling deno_console v0.213.0
   Compiling deno_webidl v0.213.0
   Compiling winit v0.30.13
   Compiling rustyscript v0.12.3
   Compiling dear-imgui-rs v0.15.1
   Compiling nav v0.1.0 (C:\Users\Austen\274bot-campaign\multirevision-20260910\platform-isolated-b1cff8a7\source\crates\nav)
   Compiling windows-sys v0.52.0
   Compiling dpi v0.1.2
   Compiling smol_str v0.2.2
   Compiling cursor-icon v1.2.0
   Compiling unicode-segmentation v1.13.3
   Compiling script v0.1.0 (C:\Users\Austen\274bot-campaign\multirevision-20260910\platform-isolated-b1cff8a7\source\crates\script)
   Compiling host v0.1.0 (C:\Users\Austen\274bot-campaign\multirevision-20260910\platform-isolated-b1cff8a7\source\crates\host)
   Compiling panel v0.1.0 (C:\Users\Austen\274bot-campaign\multirevision-20260910\platform-isolated-b1cff8a7\source\crates\panel)
   Compiling host-play v0.1.0 (C:\Users\Austen\274bot-campaign\multirevision-20260910\platform-isolated-b1cff8a7\source\crates\host-play)
   Compiling dear-imgui-winit v0.15.1
   Compiling scenario v0.1.0 (C:\Users\Austen\274bot-campaign\multirevision-20260910\platform-isolated-b1cff8a7\source\crates\scenario)
   Compiling dear-imgui-wgpu v0.15.1
    Finished `dev` profile [unoptimized + debuginfo] target(s) in 1m 15s
