   Compiling client v0.1.0 (/Users/acfrazier/experiments/274bot/.worktrees/rs2b0t-multirevision/.superpowers/review-exports/stage1-baseline/vendor/fr-client-rust/crates/client)
   Compiling vault v0.1.0 (/Users/acfrazier/experiments/274bot/.worktrees/rs2b0t-multirevision/.superpowers/review-exports/stage1-baseline/crates/vault)
   Compiling api v0.1.0 (/Users/acfrazier/experiments/274bot/.worktrees/rs2b0t-multirevision/.superpowers/review-exports/stage1-baseline/crates/api)
   Compiling script v0.1.0 (/Users/acfrazier/experiments/274bot/.worktrees/rs2b0t-multirevision/.superpowers/review-exports/stage1-baseline/crates/script)
    Finished `test` profile [unoptimized + debuginfo] target(s) in 7.98s
     Running tests/catalog_start.rs (/Users/acfrazier/experiments/274bot/.worktrees/rs2b0t-multirevision/.superpowers/review-exports/t_a74e9684-combat-target/debug/deps/catalog_start-3d9e79f3432cbfcb)

running 1 test
test bright_catalog_cards_start_without_not_impl ... FAILED

failures:

---- bright_catalog_cards_start_without_not_impl stdout ----

thread 'bright_catalog_cards_start_without_not_impl' (9734352) panicked at crates/script/tests/catalog_start.rs:181:5:
bright catalog Start threw (46 cards, 3 hits):
Alcher: load load: Uncaught SyntaxError: The requested module '../../data/spelldb.js' does not provide an export named 'STAFF_RUNES'
    at file:///rs2b0t/bot/scripts/bot/AlcherLogic.js:2:10
ClimbingBoots: load load: Uncaught SyntaxError: The requested module '../../data/spelldb.js' does not provide an export named 'STAFF_RUNES'
    at file:///rs2b0t/bot/scripts/bot/ClimbingBootsLogic.js:1:10
Superheater: load load: Uncaught SyntaxError: The requested module '/rs2b0t/bot/data/spelldb.js' does not provide an export named 'STAFF_RUNES'
    at file:///rs2b0t/bot/scripts/bot/SuperheaterLogic.js:2:10
note: run with `RUST_BACKTRACE=1` environment variable to display a backtrace


failures:
    bright_catalog_cards_start_without_not_impl

test result: FAILED. 0 passed; 1 failed; 0 ignored; 0 measured; 0 filtered out; finished in 3.55s

error: test failed, to rerun pass `-p script --test catalog_start`
