
running 1 test
{"phase":"identity","revision":289,"profile":"local-289 · 127.0.0.1:44594 · revision 289","cache_id":"c4d8ab36bcfd2a7907535b4f619e28623b0a22e98d496fd2a9620d544c5b5b09","nav_pack":"/home/builder/274bot-campaign/multirevision-20260910/platform-isolated-6c7075ce/nav/289/274bot.navpack","nav_sha256":"131db92e32eddcb08148909d477589544320fe7e34a422e8004e97e888032924","catalog_commit":"100adccc037d9f6898080e1cad58fcfc43364775","catalog_identity":"pre-289 frozen catalog","catalog_read_only_path":".superpowers/inputs/rs2b0t-100adccc037d9f6898080e1cad58fcfc43364775","catalog_root":"/home/builder/274bot-campaign/multirevision-20260910/platform-isolated-6c7075ce/inputs/rs2b0t-100adccc037d9f6898080e1cad58fcfc43364775","registry_path":"/home/builder/274bot-campaign/multirevision-20260910/platform-isolated-6c7075ce/inputs/rs2b0t-100adccc037d9f6898080e1cad58fcfc43364775/src/bot/scripts/index.ts","registry_sha256":"b614aedb3d5adfdfbac3760f082273f3cf5c33fffe4ced0f2b01490ae02d1bc2","card":{"card":"Alcher","source_path":"/home/builder/274bot-campaign/multirevision-20260910/platform-isolated-6c7075ce/inputs/rs2b0t-100adccc037d9f6898080e1cad58fcfc43364775/src/bot/scripts/Alcher/Alcher.ts","source_sha256":"1a09baa1117544a2bb80da145829e69c9ced029ad5af533616afa8e7a36f2032","compiled_sha256":"b135fe3d8a67fa4856830370523147832ce791f08c2e08290c2cf7cf82afab1e","siblings":[{"module":"/rs2b0t/bot/scripts/bot/AlcherLogic.js","compiled_sha256":"d531c3378e4510631386b4406dccc335ca1535ff38212f26bf9212fe19d8b61c"}],"settings":{"customItem":"","alchs":27.0,"items":["rune_chainbody"]}},"account":"liveq7lfft_0","engine_speed_ms":null}
[host-play] slot liveq7lfft_0: thread up
274bot: snapshot load skipped: read /home/builder/.274bot/unpack-289/37214163f1e6ceca/models.bin: No such file or directory (os error 2)
[host-play] slot liveq7lfft_0: handshake begin reconnect=false
[host-play] slot liveq7lfft_0: handshake ok
[host] slot liveq7lfft_0: d_loop_us=2884 d_raster_us=0 d_observe_us=19400 max_observe_us=1391 d_paints=0 d_skips=50 d_ticks=1 window_ms=0
[host-play] slot liveq7lfft_0: queued mainland tele+setvar (scene 2)
[host-play] slot liveq7lfft_0: handshake begin reconnect=true
[host-play] slot liveq7lfft_0: handshake ok
[host] slot liveq7lfft_0: d_loop_us=454 d_raster_us=0 d_observe_us=22747 max_observe_us=1522 d_paints=0 d_skips=50 d_ticks=1 window_ms=0
[host-play] slot liveq7lfft_0: queued mainland tele+setvar (scene 2)
{"phase":"baseline-after-preparation","scenario":"alcher","account":"liveq7lfft_0","observation":{"ingame":true,"scene_state":2,"player":"Liveq7lfft 0","tile":[3185,3440,0],"tick":19,"items":{},"item_ids":{},"bank":{},"bank_ids":{},"bank_open":false,"bank_loaded":false,"bank_generation":0,"levels":{"-unused-":0,"agility":1,"attack":1,"cooking":1,"crafting":1,"defence":1,"firemaking":1,"fishing":1,"fletching":1,"herblore":1,"hitpoints":10,"magic":55,"mining":1,"prayer":1,"ranged":1,"runecraft":1,"slayer":1,"smithing":1,"strength":1,"thieving":1,"woodcutting":1},"xp":{"-unused-":0,"agility":0,"attack":0,"cooking":0,"crafting":0,"defence":0,"firemaking":0,"fishing":0,"fletching":0,"herblore":0,"hitpoints":1154,"magic":166636,"mining":0,"prayer":0,"ranged":0,"runecraft":0,"slayer":0,"smithing":0,"strength":0,"thieving":0,"woodcutting":0},"chat":[[6,"set tutorial: to 1000"],[5,"Welcome to RuneScape."]],"loc_facts":[{"id":1533,"x":3183,"z":3434,"level":0,"name":"Door","open":true}],"equipment_ids":{}}}
[script liveq7lfft_0] start load
{"phase":"start","account":"liveq7lfft_0","count":1}
[host] hitch liveq7lfft_0: observe_us=94997 paints=0 skips=88 ticks=19
[script liveq7lfft_0] Alcher — High Level Alchemy on 1 item(s), richest first: Rune chainbody
[script liveq7lfft_0] banking at Bank booth (Bank booth / Use-quickly)
[script liveq7lfft_0] interact OpenBooth { x: 3186, z: 3440, level: 0, id: 2213, name: Some("Bank booth"), action: Some("Use-quickly") }
[host] slot liveq7lfft_0: d_loop_us=15911 d_raster_us=0 d_observe_us=154297 max_observe_us=94997 d_paints=0 d_skips=50 d_ticks=19 window_ms=11641
[host] slot liveq7lfft_0: d_loop_us=628 d_raster_us=0 d_observe_us=38401 max_observe_us=6835 d_paints=0 d_skips=50 d_ticks=2 window_ms=1005
[script liveq7lfft_0] interact Close
[shim-close] sent
[host] slot liveq7lfft_0: d_loop_us=637 d_raster_us=0 d_observe_us=32832 max_observe_us=7720 d_paints=0 d_skips=50 d_ticks=1 window_ms=1005
[script liveq7lfft_0] interact Held { name: "Staff of fire", action: "Wield" }
[shim-held] Staff of fire Wield slot=0 -> sent
[host] slot liveq7lfft_0: d_loop_us=596 d_raster_us=0 d_observe_us=47720 max_observe_us=9087 d_paints=0 d_skips=50 d_ticks=2 window_ms=1006
[script liveq7lfft_0] wore Staff of fire — casts need only Nature runes now
[script liveq7lfft_0] interact OpenBooth { x: 3186, z: 3440, level: 0, id: 2213, name: Some("Bank booth"), action: Some("Use-quickly") }
[host] slot liveq7lfft_0: d_loop_us=609 d_raster_us=0 d_observe_us=39088 max_observe_us=7332 d_paints=0 d_skips=50 d_ticks=2 window_ms=1005
[host] slot liveq7lfft_0: d_loop_us=438 d_raster_us=0 d_observe_us=29393 max_observe_us=5073 d_paints=0 d_skips=50 d_ticks=1 window_ms=1004
[script liveq7lfft_0] interact SetNoteMode { on: true }
[shim-note] on=true sent
[host] slot liveq7lfft_0: d_loop_us=434 d_raster_us=0 d_observe_us=31055 max_observe_us=5285 d_paints=0 d_skips=50 d_ticks=2 window_ms=1006
[script liveq7lfft_0] withdrew 27 Rune chainbody (noted, 30000gp each)
[host] slot liveq7lfft_0: d_loop_us=610 d_raster_us=0 d_observe_us=41320 max_observe_us=7888 d_paints=0 d_skips=50 d_ticks=2 window_ms=1006
[host] slot liveq7lfft_0: d_loop_us=739 d_raster_us=0 d_observe_us=37903 max_observe_us=7495 d_paints=0 d_skips=50 d_ticks=1 window_ms=1008
[script liveq7lfft_0] withdrew 27 Nature runes
[script liveq7lfft_0] interact Close
[shim-close] sent
[script liveq7lfft_0] restocked: 27 Rune chainbody notes + 27 Nature runes
[host] slot liveq7lfft_0: d_loop_us=555 d_raster_us=0 d_observe_us=40610 max_observe_us=7958 d_paints=0 d_skips=50 d_ticks=2 window_ms=1005
[script liveq7lfft_0] interact SideTab { tab: 6 }
[script liveq7lfft_0] interact UseWidgetOn { component_id: 1178, kind: "held", target_name: Some("Rune chainbody"), x: 0, z: 0, level: 0, index: None }
[host] slot liveq7lfft_0: d_loop_us=475 d_raster_us=0 d_observe_us=31791 max_observe_us=5182 d_paints=0 d_skips=50 d_ticks=2 window_ms=1006
PASS: catalog_boundary_live: {"scenario":"alcher","runner":"Some(Evidence { scenario: \"alcher\", outcome: \"PASS\", predicate: \"stat_xp_gain(6)>=1\", ticks: 43, elapsed_ms: 33827, message: None, tile: Some([3185, 3440, 0]), inv: [InvRow { id: 1114, name: Some(\"Rune chainbody\"), count: 26 }, InvRow { id: 561, name: Some(\"Nature rune\"), count: 26 }, InvRow { id: 995, name: Some(\"Coins\"), count: 30000 }], stat: Some(StatRow { runenergy: 100 }), chat: [ChatRow { text: \"This item can not be withdrawn as a note.\", username: None }, ChatRow { text: \"set tutorial: to 1000\", username: None }, ChatRow { text: \"Welcome to RuneScape.\", username: None }], scene: 2 })","core":{"case":"alcher","baseline":{"ingame":true,"scene_state":2,"player":"Liveq7lfft 0","tile":[3185,3440,0],"tick":19,"items":{},"item_ids":{},"bank":{},"bank_ids":{},"bank_open":false,"bank_loaded":false,"bank_generation":0,"levels":{"-unused-":0,"agility":1,"attack":1,"cooking":1,"crafting":1,"defence":1,"firemaking":1,"fishing":1,"fletching":1,"herblore":1,"hitpoints":10,"magic":55,"mining":1,"prayer":1,"ranged":1,"runecraft":1,"slayer":1,"smithing":1,"strength":1,"thieving":1,"woodcutting":1},"xp":{"-unused-":0,"agility":0,"attack":0,"cooking":0,"crafting":0,"defence":0,"firemaking":0,"fishing":0,"fletching":0,"herblore":0,"hitpoints":1154,"magic":166636,"mining":0,"prayer":0,"ranged":0,"runecraft":0,"slayer":0,"smithing":0,"strength":0,"thieving":0,"woodcutting":0},"chat":[[6,"set tutorial: to 1000"],[5,"Welcome to RuneScape."]],"loc_facts":[{"id":1533,"x":3183,"z":3434,"level":0,"name":"Door","open":true}],"equipment_ids":{}},"latest":{"ingame":true,"scene_state":2,"player":"Liveq7lfft 0","tile":[3185,3440,0],"tick":38,"items":{"Coins":30000,"Nature rune":26,"Rune chainbody":26},"item_ids":{"561":26,"995":30000,"1114":26},"bank":{},"bank_ids":{},"bank_open":false,"bank_loaded":false,"bank_generation":4,"levels":{"-unused-":0,"agility":1,"attack":1,"cooking":1,"crafting":1,"defence":1,"firemaking":1,"fishing":1,"fletching":1,"herblore":1,"hitpoints":10,"magic":55,"mining":1,"prayer":1,"ranged":1,"runecraft":1,"slayer":1,"smithing":1,"strength":1,"thieving":1,"woodcutting":1},"xp":{"-unused-":0,"agility":0,"attack":0,"cooking":0,"crafting":0,"defence":0,"firemaking":0,"fishing":0,"fletching":0,"herblore":0,"hitpoints":1154,"magic":166701,"mining":0,"prayer":0,"ranged":0,"runecraft":0,"slayer":0,"smithing":0,"strength":0,"thieving":0,"woodcutting":0},"chat":[[7,"This item can not be withdrawn as a note."],[6,"set tutorial: to 1000"],[5,"Welcome to RuneScape."]],"loc_facts":[{"id":1533,"x":3183,"z":3434,"level":0,"name":"Door","open":true}],"equipment_ids":{"1387":1}},"max_items":{"Coins":30000,"Nature rune":27,"Rune chainbody":27,"Staff of fire":1},"max_xp":{"-unused-":0,"agility":0,"attack":0,"cooking":0,"crafting":0,"defence":0,"firemaking":0,"fishing":0,"fletching":0,"herblore":0,"hitpoints":1154,"magic":166701,"mining":0,"prayer":0,"ranged":0,"runecraft":0,"slayer":0,"smithing":0,"strength":0,"thieving":0,"woodcutting":0},"saw_bury_chat":false,"post_start_observations":535,"bone_bank_cycle":{"first_batch_buried":false,"opened":null,"withdrawn":null,"buried_after_withdrawal":false},"bank_fletcher_cycle":{"first_pack_created":false,"deposited":null,"withdrawn":null,"crafted_after_withdrawal":false},"bank_fletcher_string_cycle":{"initial_pairs_strung":false,"deposited":null,"withdrawn":null,"strung_after_withdrawal":false},"bank_fletcher_cut_string_cycle":{"cut_pair_created":false,"deposited":null,"withdrawn":null,"string_pair_created":false},"alcher_generated_custom_cycle":{"withdrawn":null,"consumed":false},"dart_fletcher_cycle":{"first":null,"further":false,"wrong_tier":false},"herb_cleaner_cycle":{"first_pack":false,"deposited":null,"withdrawn":null,"cleaned_after_withdrawal":false,"filter_violated":false},"gem_cutter_cycle":{"first_pack":false,"deposited":null,"withdrawn":null,"cut_after_withdrawal":false,"filter_violated":false},"door_opener_cycle":{"selected":null,"opened":false},"gnome_course_cycle":{"log":null,"ground_return":null,"pipe":null,"second_lap":false},"flax_picker_cycle":{"first_pack":false,"deposited":null,"returned":false,"further":false},"superheater_cycle":{"first_bars":false,"deposited":null,"withdrawn":null,"produced_after_withdrawal":false,"wrong_product":false,"wrong_staff":false},"chicken_killer_bank_cycle":{"combat_loot":false,"deposited":null,"returned":false,"further":false},"ordered_first_exhausted":false}}
test catalog_boundary_live ... ok

test result: ok. 1 passed; 0 failed; 0 ignored; 0 measured; 21 filtered out; finished in 35.17s

