test_argv_inconsistent_with_spec_rejected (__main__.ManagedCellTests) ... ok
test_cache_changed_during_observation_fails_receipt (__main__.ManagedCellTests) ... ok
test_cleanup_rechecks_parent_while_launcher_alive (__main__.ManagedCellTests) ... ok
test_complete_cache_proof_pre_and_post (__main__.ManagedCellTests) ... FAIL
test_conpty_discovery_empty_fails_closed (__main__.ManagedCellTests) ... ok
test_conpty_helper_handoff_identity_and_parent_are_bound (__main__.ManagedCellTests) ... ok
test_conpty_helper_handoff_missing_fails_closed (__main__.ManagedCellTests) ... ok
test_conpty_helper_handoff_rejects_pid_reuse (__main__.ManagedCellTests) ... ok
test_deadline_cleanup_owned_children_only (__main__.ManagedCellTests) ... ok
test_default_collector_stops_after_pad_before_generated_stop_and_c (__main__.ManagedCellTests) ... FAIL
test_default_no_cache_stays_compatible (__main__.ManagedCellTests) ... FAIL
test_direct_binding_toctou_after_preflight_stops_before_popen (__main__.ManagedCellTests) ... ok
test_direct_contract_and_argv_paths_are_exact_and_mode_only (__main__.ManagedCellTests) ... ok
test_direct_lifecycle_fixture_binds_live_identities_and_release (__main__.ManagedCellTests) ... ok
test_direct_preflight_boundaries_counter_drift_and_receipt_mutation (__main__.ManagedCellTests) ... ok
test_direct_preflight_rejects_missing_raw_swap_counters (__main__.ManagedCellTests) ... ok
test_direct_preflight_rejects_the_root_reproduced_semantic_gap (__main__.ManagedCellTests) ... ok
test_direct_receipt_and_release_schema_mutations_fail_closed (__main__.ManagedCellTests) ... ok
test_early_frontend_fail_stops_collector_no_retry (__main__.ManagedCellTests) ... ok
test_exclusive_cell_create_no_overwrite (__main__.ManagedCellTests) ... ok
test_guard_rejects_large_overshoot_skipped_grid_and_identity_failures (__main__.ManagedCellTests) ... ok
test_guard_thresholds_accept_equal_and_fail_over_without_imputation (__main__.ManagedCellTests) ... ok
test_handoff_identity_deadline_and_exit_proof_are_fail_closed (__main__.ManagedCellTests) ... ok
test_identity_mismatch_cleanup_never_signals_foreign_process (__main__.ManagedCellTests) ... ok
test_invalid_specs_and_actual_launcher_mismatch_precede_launch (__main__.ManagedCellTests) ... ok
test_launcher_exit_does_not_leave_term_ignoring_frontend (__main__.ManagedCellTests) ... ok
test_libproc_modules_include_native_and_identity_backend (__main__.ManagedCellTests) ... FAIL
test_linux_direct_lifecycle_keeps_collector_through_stop_c_and_exit (__main__.ManagedCellTests) ... skipped 'direct lifecycle qualification is Linux-only'
test_missing_metadata_no_retry_preserves_cell (__main__.ManagedCellTests) ... ok
test_missing_or_duplicate_boundary_fails_durable_receipt (__main__.ManagedCellTests) ... ok
test_module_mutation_before_completion_fails_runner (__main__.ManagedCellTests) ... ok
test_native_backend_preflight_matches_native_collector_identity (__main__.ManagedCellTests) ... FAIL
test_nonobject_server_identity_is_durable_preflight_failure (__main__.ManagedCellTests) ... ok
test_owned_output_scanner_deduplicates_hardlinks_and_rejects_symlinks (__main__.ManagedCellTests) ... ok
test_owned_output_scanner_fails_in_scan_disappearance_and_replayed_replacement (__main__.ManagedCellTests) ... ok
test_owned_output_scanner_rejects_disappearance_but_allows_handoff_replacement (__main__.ManagedCellTests) ... ok
test_paired_cache_fields_required_together (__main__.ManagedCellTests) ... ok
test_parent_pid_rejects_foreign_and_accepts_owned_child (__main__.ManagedCellTests) ... ps: process id too large: 2000000001
ok
test_pid_alive_rejects_invalid_and_detects_live_child (__main__.ManagedCellTests) ... ok
test_portable_cleanup_signal_labels_no_undefined_sigkill (__main__.ManagedCellTests) ... ok
test_preflight_rejects_changed_binary_without_launch (__main__.ManagedCellTests) ... ok
test_preflight_rejects_dead_server_identity (__main__.ManagedCellTests) ... ok
test_real_delayed_qualification_controls_stop (__main__.ManagedCellTests) ... FAIL
test_receipt_hashes_and_frontend_launcher_distinction (__main__.ManagedCellTests) ... ok
test_relative_cell_root_and_accounting_path_reach_same_output (__main__.ManagedCellTests) ... FAIL
test_requested_backend_spec_matches_diagnostic_argv (__main__.ManagedCellTests)
spec.requested_backend must agree with diagnostic --cpu-fallback. ... ok
test_role_identities_agree_with_collector_and_server_sidecar (__main__.ManagedCellTests) ... FAIL
test_sampler_fail_recorded_not_replaced (__main__.ManagedCellTests) ... ok
test_sampler_modules_bound_and_backend_identity_consistent (__main__.ManagedCellTests) ... FAIL
test_short_teardown_before_pad_fails_honestly (__main__.ManagedCellTests) ... ok
test_successful_cell_uses_stop_file_not_only_sigterm (__main__.ManagedCellTests) ... FAIL
test_successful_observation_then_delayed_teardown (__main__.ManagedCellTests) ... FAIL
test_unix_collector_starts_once_before_metadata_processing (__main__.ManagedCellTests) ... FAIL
test_windows_conpty_starts_once_after_helpers_are_bound (__main__.ManagedCellTests)
The delayed Windows start includes the handed-off helper role. ... FAIL
test_windows_non_conpty_handoff_does_not_require_helpers (__main__.ManagedCellTests) ... ok
test_windows_sampler_module_bound_when_producer_is_win32 (__main__.ManagedCellTests)
Launch pin includes windows_process_sample.py only for win32 system producer. ... ok

======================================================================
FAIL: test_complete_cache_proof_pre_and_post (__main__.ManagedCellTests)
----------------------------------------------------------------------
Traceback (most recent call last):
  File "/Users/acfrazier/experiments/274bot/.worktrees/t_a1f4796f/docs/memory/test_run_managed_cell.py", line 1725, in test_complete_cache_proof_pre_and_post
    self.assertEqual(report["status"], "completed", report)
AssertionError: 'failed_or_unavailable' != 'completed'
- failed_or_unavailable
+ completed
 : {'schema': 1, 'attempts': 1, 'launched': True, 'performance_acceptance': False, 'started_utc': '2026-09-10T00:21:56.252106Z', 'cell_dir': '/private/var/folders/hr/3wvmv8g57073j_51vlbmc8sh0000gn/T/tmprlzz1fn0/cells/cache_ok', 'launch_started_utc': '2026-09-10T00:21:56.267132Z', 'launcher_pid': 37391, 'sampler_argv': ['/Applications/Xcode.app/Contents/Developer/usr/bin/python3', '/Users/acfrazier/experiments/274bot/.worktrees/t_a1f4796f/docs/memory/process_accounting.py', 'ambient_helper=37385', 'controller=37337', 'game_server=37386', 'launcher=37391', '/private/var/folders/hr/3wvmv8g57073j_51vlbmc8sh0000gn/T/tmprlzz1fn0/cells/cache_ok/process_accounting.jsonl', '--interval', '0.2', '--process-backend', 'system', '--stop-file', '/private/var/folders/hr/3wvmv8g57073j_51vlbmc8sh0000gn/T/tmprlzz1fn0/cells/cache_ok/collector.stop'], 'sampler_roles': {'game_server': 37386, 'controller': 37337, 'ambient_helper': 37385, 'launcher': 37391}, 'collector_stop_path': '/private/var/folders/hr/3wvmv8g57073j_51vlbmc8sh0000gn/T/tmprlzz1fn0/cells/cache_ok/collector.stop', 'collector_pid': 37393, 'frontend_pid': 37395, 'frontend_start_identity': 'macos_lstart:Wed Sep 9 20:21:56 2026', 'run_dir': '/var/folders/hr/3wvmv8g57073j_51vlbmc8sh0000gn/T/tmprlzz1fn0/frontend_runs/run_37391', 'sampler_premature_exit': 1, 'collector_stop_requested_utc': '2026-09-10T00:21:57.416470Z', 'cleanup': {'collector': {'label': 'collector', 'signaled': False, 'exit_code': 1, 'pid': 37393}, 'launcher': {'label': 'launcher', 'signaled': False, 'exit_code': 0, 'pid': 37391}, 'frontend': {'pid': 37395, 'signals': [], 'orphan_risk': False}}, 'startup': {'launcher_start_gap_s': 0.0009114580000000316, 'collector_start_gap_s': 0.0009391249999999296, 'roles': {'game_server': 37386, 'controller': 37337, 'ambient_helper': 37385, 'launcher': 37391}}, 'qualification_line_count': 2, 'launcher_exit_code': 0, 'collector_exit_code': 1, 'collector_stop_requested': True, 'collector_stop_after_observe_s': 0.45798216699999994, 'sampler_result': {'exit_code': 1, 'output': '/private/var/folders/hr/3wvmv8g57073j_51vlbmc8sh0000gn/T/tmprlzz1fn0/cells/cache_ok/process_accounting.jsonl', 'completion': 'failed_or_incomplete', 'status': 'fail', 'duration_mode': 'stop_controlled', 'duration_s_requested': None, 'role_identities': {'game_server': {'pid': 37386, 'start_identity': 'macos_lstart:Wed Sep 9 20:21:56 2026'}, 'controller': {'pid': 37337, 'start_identity': 'macos_lstart:Wed Sep 9 20:21:54 2026'}, 'ambient_helper': {'pid': 37385, 'start_identity': 'macos_lstart:Wed Sep 9 20:21:56 2026'}, 'launcher': {'pid': 37391, 'start_identity': 'macos_lstart:Wed Sep 9 20:21:56 2026'}, 'collector': {'pid': 37393, 'start_identity': 'macos_lstart:Wed Sep 9 20:21:56 2026'}}, 'conpty_helpers': {}, 'launcher_pid': 37391, 'collector_pid': 37393}, 'role_identities': {'game_server': {'pid': 37386, 'start_identity': 'macos_lstart:Wed Sep 9 20:21:56 2026'}, 'controller': {'pid': 37337, 'start_identity': 'macos_lstart:Wed Sep 9 20:21:54 2026'}, 'ambient_helper': {'pid': 37385, 'start_identity': 'macos_lstart:Wed Sep 9 20:21:56 2026'}, 'launcher': {'pid': 37391, 'start_identity': 'macos_lstart:Wed Sep 9 20:21:56 2026'}, 'collector': {'pid': 37393, 'start_identity': 'macos_lstart:Wed Sep 9 20:21:56 2026'}}, 'receipt_status': 'failed_or_unavailable', 'binding_errors': ['sampler_failed_or_incomplete'], 'status': 'failed_or_unavailable', 'ended_utc': '2026-09-10T00:21:57.826981Z'}

======================================================================
FAIL: test_default_collector_stops_after_pad_before_generated_stop_and_c (__main__.ManagedCellTests)
----------------------------------------------------------------------
Traceback (most recent call last):
  File "/Users/acfrazier/experiments/274bot/.worktrees/t_a1f4796f/docs/memory/test_run_managed_cell.py", line 1439, in test_default_collector_stops_after_pad_before_generated_stop_and_c
    self.assertEqual(report['status'], 'completed', report)
AssertionError: 'failed_or_unavailable' != 'completed'
- failed_or_unavailable
+ completed
 : {'schema': 1, 'attempts': 1, 'launched': True, 'performance_acceptance': False, 'started_utc': '2026-09-10T00:21:59.720367Z', 'cell_dir': '/private/var/folders/hr/3wvmv8g57073j_51vlbmc8sh0000gn/T/tmpc46z9jct/cells/default_lifecycle', 'launch_started_utc': '2026-09-10T00:21:59.735774Z', 'launcher_pid': 37445, 'sampler_argv': ['/Applications/Xcode.app/Contents/Developer/usr/bin/python3', '/Users/acfrazier/experiments/274bot/.worktrees/t_a1f4796f/docs/memory/process_accounting.py', 'ambient_helper=37439', 'controller=37337', 'game_server=37440', 'launcher=37445', '/private/var/folders/hr/3wvmv8g57073j_51vlbmc8sh0000gn/T/tmpc46z9jct/cells/default_lifecycle/process_accounting.jsonl', '--interval', '0.1', '--process-backend', 'system', '--stop-file', '/private/var/folders/hr/3wvmv8g57073j_51vlbmc8sh0000gn/T/tmpc46z9jct/cells/default_lifecycle/collector.stop'], 'sampler_roles': {'game_server': 37440, 'controller': 37337, 'ambient_helper': 37439, 'launcher': 37445}, 'collector_stop_path': '/private/var/folders/hr/3wvmv8g57073j_51vlbmc8sh0000gn/T/tmpc46z9jct/cells/default_lifecycle/collector.stop', 'collector_pid': 37447, 'frontend_pid': 37449, 'frontend_start_identity': 'macos_lstart:Wed Sep 9 20:21:59 2026', 'run_dir': '/var/folders/hr/3wvmv8g57073j_51vlbmc8sh0000gn/T/tmpc46z9jct/frontend_runs/run_37445', 'sampler_premature_exit': 1, 'collector_stop_requested_utc': '2026-09-10T00:22:00.315781Z', 'cleanup': {'collector': {'label': 'collector', 'signaled': False, 'exit_code': 1, 'pid': 37447}, 'launcher': {'label': 'launcher', 'signaled': False, 'exit_code': 0, 'pid': 37445}, 'frontend': {'pid': 37449, 'signals': [], 'orphan_risk': False}}, 'startup': {'launcher_start_gap_s': 0.0012537500000000534, 'collector_start_gap_s': 0.0010578749999998749, 'roles': {'game_server': 37440, 'controller': 37337, 'ambient_helper': 37439, 'launcher': 37445}}, 'qualification_line_count': 2, 'launcher_exit_code': 0, 'collector_exit_code': 1, 'collector_stop_requested': True, 'collector_stop_after_observe_s': 0.24224091700000017, 'sampler_result': {'exit_code': 1, 'output': '/private/var/folders/hr/3wvmv8g57073j_51vlbmc8sh0000gn/T/tmpc46z9jct/cells/default_lifecycle/process_accounting.jsonl', 'completion': 'failed_or_incomplete', 'status': 'fail', 'duration_mode': 'stop_controlled', 'duration_s_requested': None, 'role_identities': {'game_server': {'pid': 37440, 'start_identity': 'macos_lstart:Wed Sep 9 20:21:59 2026'}, 'controller': {'pid': 37337, 'start_identity': 'macos_lstart:Wed Sep 9 20:21:54 2026'}, 'ambient_helper': {'pid': 37439, 'start_identity': 'macos_lstart:Wed Sep 9 20:21:59 2026'}, 'launcher': {'pid': 37445, 'start_identity': 'macos_lstart:Wed Sep 9 20:21:59 2026'}, 'collector': {'pid': 37447, 'start_identity': 'macos_lstart:Wed Sep 9 20:21:59 2026'}}, 'conpty_helpers': {}, 'launcher_pid': 37445, 'collector_pid': 37447}, 'role_identities': {'game_server': {'pid': 37440, 'start_identity': 'macos_lstart:Wed Sep 9 20:21:59 2026'}, 'controller': {'pid': 37337, 'start_identity': 'macos_lstart:Wed Sep 9 20:21:54 2026'}, 'ambient_helper': {'pid': 37439, 'start_identity': 'macos_lstart:Wed Sep 9 20:21:59 2026'}, 'launcher': {'pid': 37445, 'start_identity': 'macos_lstart:Wed Sep 9 20:21:59 2026'}, 'collector': {'pid': 37447, 'start_identity': 'macos_lstart:Wed Sep 9 20:21:59 2026'}}, 'receipt_status': 'failed_or_unavailable', 'binding_errors': ['sampler_failed_or_incomplete'], 'status': 'failed_or_unavailable', 'ended_utc': '2026-09-10T00:22:01.588737Z'}

======================================================================
FAIL: test_default_no_cache_stays_compatible (__main__.ManagedCellTests)
----------------------------------------------------------------------
Traceback (most recent call last):
  File "/Users/acfrazier/experiments/274bot/.worktrees/t_a1f4796f/docs/memory/test_run_managed_cell.py", line 1700, in test_default_no_cache_stays_compatible
    self.assertEqual(report["status"], "completed", report)
AssertionError: 'failed_or_unavailable' != 'completed'
- failed_or_unavailable
+ completed
 : {'schema': 1, 'attempts': 1, 'launched': True, 'performance_acceptance': False, 'started_utc': '2026-09-10T00:22:01.625637Z', 'cell_dir': '/private/var/folders/hr/3wvmv8g57073j_51vlbmc8sh0000gn/T/tmpugo4kbr6/cells/nocache', 'launch_started_utc': '2026-09-10T00:22:01.645031Z', 'launcher_pid': 37476, 'sampler_argv': ['/Applications/Xcode.app/Contents/Developer/usr/bin/python3', '/Users/acfrazier/experiments/274bot/.worktrees/t_a1f4796f/docs/memory/process_accounting.py', 'ambient_helper=37470', 'controller=37337', 'game_server=37471', 'launcher=37476', '/private/var/folders/hr/3wvmv8g57073j_51vlbmc8sh0000gn/T/tmpugo4kbr6/cells/nocache/process_accounting.jsonl', '--interval', '0.2', '--process-backend', 'system', '--stop-file', '/private/var/folders/hr/3wvmv8g57073j_51vlbmc8sh0000gn/T/tmpugo4kbr6/cells/nocache/collector.stop'], 'sampler_roles': {'game_server': 37471, 'controller': 37337, 'ambient_helper': 37470, 'launcher': 37476}, 'collector_stop_path': '/private/var/folders/hr/3wvmv8g57073j_51vlbmc8sh0000gn/T/tmpugo4kbr6/cells/nocache/collector.stop', 'collector_pid': 37478, 'frontend_pid': 37480, 'frontend_start_identity': 'macos_lstart:Wed Sep 9 20:22:01 2026', 'run_dir': '/var/folders/hr/3wvmv8g57073j_51vlbmc8sh0000gn/T/tmpugo4kbr6/frontend_runs/run_37476', 'sampler_premature_exit': 1, 'collector_stop_requested_utc': '2026-09-10T00:22:02.765018Z', 'cleanup': {'collector': {'label': 'collector', 'signaled': False, 'exit_code': 1, 'pid': 37478}, 'launcher': {'label': 'launcher', 'signaled': False, 'exit_code': 0, 'pid': 37476}, 'frontend': {'pid': 37480, 'signals': [], 'orphan_risk': False}}, 'startup': {'launcher_start_gap_s': 0.0015075839999996177, 'collector_start_gap_s': 0.0012102500000006344, 'roles': {'game_server': 37471, 'controller': 37337, 'ambient_helper': 37470, 'launcher': 37476}}, 'qualification_line_count': 2, 'launcher_exit_code': 0, 'collector_exit_code': 1, 'collector_stop_requested': True, 'collector_stop_after_observe_s': 0.4733340420000003, 'sampler_result': {'exit_code': 1, 'output': '/private/var/folders/hr/3wvmv8g57073j_51vlbmc8sh0000gn/T/tmpugo4kbr6/cells/nocache/process_accounting.jsonl', 'completion': 'failed_or_incomplete', 'status': 'fail', 'duration_mode': 'stop_controlled', 'duration_s_requested': None, 'role_identities': {'game_server': {'pid': 37471, 'start_identity': 'macos_lstart:Wed Sep 9 20:22:01 2026'}, 'controller': {'pid': 37337, 'start_identity': 'macos_lstart:Wed Sep 9 20:21:54 2026'}, 'ambient_helper': {'pid': 37470, 'start_identity': 'macos_lstart:Wed Sep 9 20:22:01 2026'}, 'launcher': {'pid': 37476, 'start_identity': 'macos_lstart:Wed Sep 9 20:22:01 2026'}, 'collector': {'pid': 37478, 'start_identity': 'macos_lstart:Wed Sep 9 20:22:01 2026'}}, 'conpty_helpers': {}, 'launcher_pid': 37476, 'collector_pid': 37478}, 'role_identities': {'game_server': {'pid': 37471, 'start_identity': 'macos_lstart:Wed Sep 9 20:22:01 2026'}, 'controller': {'pid': 37337, 'start_identity': 'macos_lstart:Wed Sep 9 20:21:54 2026'}, 'ambient_helper': {'pid': 37470, 'start_identity': 'macos_lstart:Wed Sep 9 20:22:01 2026'}, 'launcher': {'pid': 37476, 'start_identity': 'macos_lstart:Wed Sep 9 20:22:01 2026'}, 'collector': {'pid': 37478, 'start_identity': 'macos_lstart:Wed Sep 9 20:22:01 2026'}}, 'receipt_status': 'failed_or_unavailable', 'binding_errors': ['sampler_failed_or_incomplete'], 'status': 'failed_or_unavailable', 'ended_utc': '2026-09-10T00:22:03.148077Z'}

======================================================================
FAIL: test_libproc_modules_include_native_and_identity_backend (__main__.ManagedCellTests)
----------------------------------------------------------------------
Traceback (most recent call last):
  File "/Users/acfrazier/experiments/274bot/.worktrees/t_a1f4796f/docs/memory/test_run_managed_cell.py", line 1875, in test_libproc_modules_include_native_and_identity_backend
    self.assertEqual(report["status"], "completed", report)
AssertionError: 'failed_or_unavailable' != 'completed'
- failed_or_unavailable
+ completed
 : {'schema': 1, 'attempts': 1, 'launched': True, 'performance_acceptance': False, 'started_utc': '2026-09-10T00:22:06.979749Z', 'cell_dir': '/private/var/folders/hr/3wvmv8g57073j_51vlbmc8sh0000gn/T/tmpmoj3re72/cells/libproc_mods', 'launch_started_utc': '2026-09-10T00:22:06.983846Z', 'launcher_pid': 37601, 'sampler_argv': ['/Applications/Xcode.app/Contents/Developer/usr/bin/python3', '/Users/acfrazier/experiments/274bot/.worktrees/t_a1f4796f/docs/memory/process_accounting.py', 'ambient_helper=37598', 'controller=37337', 'game_server=37599', 'launcher=37601', '/private/var/folders/hr/3wvmv8g57073j_51vlbmc8sh0000gn/T/tmpmoj3re72/cells/libproc_mods/process_accounting.jsonl', '--interval', '0.15', '--process-backend', 'libproc', '--stop-file', '/private/var/folders/hr/3wvmv8g57073j_51vlbmc8sh0000gn/T/tmpmoj3re72/cells/libproc_mods/collector.stop'], 'sampler_roles': {'game_server': 37599, 'controller': 37337, 'ambient_helper': 37598, 'launcher': 37601}, 'collector_stop_path': '/private/var/folders/hr/3wvmv8g57073j_51vlbmc8sh0000gn/T/tmpmoj3re72/cells/libproc_mods/collector.stop', 'collector_pid': 37602, 'frontend_pid': 37603, 'frontend_start_identity': 'darwin_proc_start_abstime:179927003495', 'run_dir': '/var/folders/hr/3wvmv8g57073j_51vlbmc8sh0000gn/T/tmpmoj3re72/frontend_runs/run_37601', 'sampler_premature_exit': 1, 'collector_stop_requested_utc': '2026-09-10T00:22:08.094790Z', 'cleanup': {'collector': {'label': 'collector', 'signaled': False, 'exit_code': 1, 'pid': 37602}, 'launcher': {'label': 'launcher', 'signaled': False, 'exit_code': 0, 'pid': 37601}, 'frontend': {'pid': 37603, 'signals': [], 'orphan_risk': False}}, 'startup': {'launcher_start_gap_s': 0.0015792080000007758, 'collector_start_gap_s': 0.0014725839999982782, 'roles': {'game_server': 37599, 'controller': 37337, 'ambient_helper': 37598, 'launcher': 37601}}, 'qualification_line_count': 2, 'launcher_exit_code': 0, 'collector_exit_code': 1, 'collector_stop_requested': True, 'collector_stop_after_observe_s': 0.3771477919999988, 'sampler_result': {'exit_code': 1, 'output': '/private/var/folders/hr/3wvmv8g57073j_51vlbmc8sh0000gn/T/tmpmoj3re72/cells/libproc_mods/process_accounting.jsonl', 'completion': 'failed_or_incomplete', 'status': 'fail', 'duration_mode': 'stop_controlled', 'duration_s_requested': None, 'role_identities': {'game_server': {'pid': 37599, 'start_identity': 'darwin_proc_start_abstime:179925971298'}, 'controller': {'pid': 37337, 'start_identity': 'darwin_proc_start_abstime:179623549438'}, 'ambient_helper': {'pid': 37598, 'start_identity': 'darwin_proc_start_abstime:179925896161'}, 'launcher': {'pid': 37601, 'start_identity': 'darwin_proc_start_abstime:179926325665'}, 'collector': {'pid': 37602, 'start_identity': 'darwin_proc_start_abstime:179926371502'}}, 'conpty_helpers': {}, 'launcher_pid': 37601, 'collector_pid': 37602}, 'role_identities': {'game_server': {'pid': 37599, 'start_identity': 'darwin_proc_start_abstime:179925971298'}, 'controller': {'pid': 37337, 'start_identity': 'darwin_proc_start_abstime:179623549438'}, 'ambient_helper': {'pid': 37598, 'start_identity': 'darwin_proc_start_abstime:179925896161'}, 'launcher': {'pid': 37601, 'start_identity': 'darwin_proc_start_abstime:179926325665'}, 'collector': {'pid': 37602, 'start_identity': 'darwin_proc_start_abstime:179926371502'}}, 'receipt_status': 'failed_or_unavailable', 'binding_errors': ['sampler_failed_or_incomplete'], 'status': 'failed_or_unavailable', 'ended_utc': '2026-09-10T00:22:09.035472Z'}

======================================================================
FAIL: test_native_backend_preflight_matches_native_collector_identity (__main__.ManagedCellTests)
----------------------------------------------------------------------
Traceback (most recent call last):
  File "/Users/acfrazier/experiments/274bot/.worktrees/t_a1f4796f/docs/memory/test_run_managed_cell.py", line 1544, in test_native_backend_preflight_matches_native_collector_identity
    self.assertEqual(report['status'], 'completed', report)
AssertionError: 'failed_or_unavailable' != 'completed'
- failed_or_unavailable
+ completed
 : {'schema': 1, 'attempts': 1, 'launched': True, 'performance_acceptance': False, 'started_utc': '2026-09-10T00:22:15.626235Z', 'cell_dir': '/private/var/folders/hr/3wvmv8g57073j_51vlbmc8sh0000gn/T/tmpc1j7xufj/cells/cell_ok', 'launch_started_utc': '2026-09-10T00:22:15.630322Z', 'launcher_pid': 37758, 'sampler_argv': ['/Applications/Xcode.app/Contents/Developer/usr/bin/python3', '/Users/acfrazier/experiments/274bot/.worktrees/t_a1f4796f/docs/memory/process_accounting.py', 'ambient_helper=37755', 'controller=37337', 'game_server=37756', 'launcher=37758', '/private/var/folders/hr/3wvmv8g57073j_51vlbmc8sh0000gn/T/tmpc1j7xufj/cells/cell_ok/process_accounting.jsonl', '--interval', '0.15', '--process-backend', 'libproc', '--stop-file', '/private/var/folders/hr/3wvmv8g57073j_51vlbmc8sh0000gn/T/tmpc1j7xufj/cells/cell_ok/collector.stop'], 'sampler_roles': {'game_server': 37756, 'controller': 37337, 'ambient_helper': 37755, 'launcher': 37758}, 'collector_stop_path': '/private/var/folders/hr/3wvmv8g57073j_51vlbmc8sh0000gn/T/tmpc1j7xufj/cells/cell_ok/collector.stop', 'collector_pid': 37759, 'frontend_pid': 37760, 'frontend_start_identity': 'darwin_proc_start_abstime:180134560135', 'run_dir': '/var/folders/hr/3wvmv8g57073j_51vlbmc8sh0000gn/T/tmpc1j7xufj/frontend_runs/run_37758', 'sampler_premature_exit': 1, 'collector_stop_requested_utc': '2026-09-10T00:22:16.668582Z', 'cleanup': {'collector': {'label': 'collector', 'signaled': False, 'exit_code': 1, 'pid': 37759}, 'launcher': {'label': 'launcher', 'signaled': False, 'exit_code': 0, 'pid': 37758}, 'frontend': {'pid': 37760, 'signals': [], 'orphan_risk': False}}, 'startup': {'launcher_start_gap_s': 0.0018409999999988713, 'collector_start_gap_s': 0.0014718340000001717, 'roles': {'game_server': 37756, 'controller': 37337, 'ambient_helper': 37755, 'launcher': 37758}}, 'qualification_line_count': 2, 'launcher_exit_code': 0, 'collector_exit_code': 1, 'collector_stop_requested': True, 'collector_stop_after_observe_s': 0.35989512499999776, 'sampler_result': {'exit_code': 1, 'output': '/private/var/folders/hr/3wvmv8g57073j_51vlbmc8sh0000gn/T/tmpc1j7xufj/cells/cell_ok/process_accounting.jsonl', 'completion': 'failed_or_incomplete', 'status': 'fail', 'duration_mode': 'stop_controlled', 'duration_s_requested': None, 'role_identities': {'game_server': {'pid': 37756, 'start_identity': 'darwin_proc_start_abstime:180133462721'}, 'controller': {'pid': 37337, 'start_identity': 'darwin_proc_start_abstime:179623549438'}, 'ambient_helper': {'pid': 37755, 'start_identity': 'darwin_proc_start_abstime:180133351377'}, 'launcher': {'pid': 37758, 'start_identity': 'darwin_proc_start_abstime:180133841689'}, 'collector': {'pid': 37759, 'start_identity': 'darwin_proc_start_abstime:180133892383'}}, 'conpty_helpers': {}, 'launcher_pid': 37758, 'collector_pid': 37759}, 'role_identities': {'game_server': {'pid': 37756, 'start_identity': 'darwin_proc_start_abstime:180133462721'}, 'controller': {'pid': 37337, 'start_identity': 'darwin_proc_start_abstime:179623549438'}, 'ambient_helper': {'pid': 37755, 'start_identity': 'darwin_proc_start_abstime:180133351377'}, 'launcher': {'pid': 37758, 'start_identity': 'darwin_proc_start_abstime:180133841689'}, 'collector': {'pid': 37759, 'start_identity': 'darwin_proc_start_abstime:180133892383'}}, 'receipt_status': 'failed_or_unavailable', 'binding_errors': ['sampler_failed_or_incomplete'], 'status': 'failed_or_unavailable', 'ended_utc': '2026-09-10T00:22:17.653296Z'}

======================================================================
FAIL: test_real_delayed_qualification_controls_stop (__main__.ManagedCellTests)
----------------------------------------------------------------------
Traceback (most recent call last):
  File "/Users/acfrazier/experiments/274bot/.worktrees/t_a1f4796f/docs/memory/test_run_managed_cell.py", line 1414, in test_real_delayed_qualification_controls_stop
    self.assertEqual(report['status'], 'completed', report)
AssertionError: 'failed_or_unavailable' != 'completed'
- failed_or_unavailable
+ completed
 : {'schema': 1, 'attempts': 1, 'launched': True, 'performance_acceptance': False, 'started_utc': '2026-09-10T00:22:18.166588Z', 'cell_dir': '/private/var/folders/hr/3wvmv8g57073j_51vlbmc8sh0000gn/T/tmpo0fkdui_/cells/cell_ok', 'launch_started_utc': '2026-09-10T00:22:18.176173Z', 'launcher_pid': 37807, 'sampler_argv': ['/Applications/Xcode.app/Contents/Developer/usr/bin/python3', '/Users/acfrazier/experiments/274bot/.worktrees/t_a1f4796f/docs/memory/process_accounting.py', 'ambient_helper=37801', 'controller=37337', 'game_server=37802', 'launcher=37807', '/private/var/folders/hr/3wvmv8g57073j_51vlbmc8sh0000gn/T/tmpo0fkdui_/cells/cell_ok/process_accounting.jsonl', '--interval', '0.15', '--process-backend', 'system', '--stop-file', '/private/var/folders/hr/3wvmv8g57073j_51vlbmc8sh0000gn/T/tmpo0fkdui_/cells/cell_ok/collector.stop'], 'sampler_roles': {'game_server': 37802, 'controller': 37337, 'ambient_helper': 37801, 'launcher': 37807}, 'collector_stop_path': '/private/var/folders/hr/3wvmv8g57073j_51vlbmc8sh0000gn/T/tmpo0fkdui_/cells/cell_ok/collector.stop', 'collector_pid': 37809, 'frontend_pid': 37811, 'frontend_start_identity': 'macos_lstart:Wed Sep 9 20:22:18 2026', 'run_dir': '/var/folders/hr/3wvmv8g57073j_51vlbmc8sh0000gn/T/tmpo0fkdui_/frontend_runs/run_37807', 'sampler_premature_exit': 1, 'collector_stop_requested_utc': '2026-09-10T00:22:20.316072Z', 'cleanup': {'collector': {'label': 'collector', 'signaled': False, 'exit_code': 1, 'pid': 37809}, 'launcher': {'label': 'launcher', 'signaled': False, 'exit_code': 0, 'pid': 37807}, 'frontend': {'pid': 37811, 'signals': [], 'orphan_risk': False}}, 'startup': {'launcher_start_gap_s': 0.0009199579999972229, 'collector_start_gap_s': 0.0008109159999989402, 'roles': {'game_server': 37802, 'controller': 37337, 'ambient_helper': 37801, 'launcher': 37807}}, 'qualification_line_count': 2, 'launcher_exit_code': 0, 'collector_exit_code': 1, 'collector_stop_requested': True, 'collector_stop_after_observe_s': 0.3439495000000008, 'sampler_result': {'exit_code': 1, 'output': '/private/var/folders/hr/3wvmv8g57073j_51vlbmc8sh0000gn/T/tmpo0fkdui_/cells/cell_ok/process_accounting.jsonl', 'completion': 'failed_or_incomplete', 'status': 'fail', 'duration_mode': 'stop_controlled', 'duration_s_requested': None, 'role_identities': {'game_server': {'pid': 37802, 'start_identity': 'macos_lstart:Wed Sep 9 20:22:18 2026'}, 'controller': {'pid': 37337, 'start_identity': 'macos_lstart:Wed Sep 9 20:21:54 2026'}, 'ambient_helper': {'pid': 37801, 'start_identity': 'macos_lstart:Wed Sep 9 20:22:18 2026'}, 'launcher': {'pid': 37807, 'start_identity': 'macos_lstart:Wed Sep 9 20:22:18 2026'}, 'collector': {'pid': 37809, 'start_identity': 'macos_lstart:Wed Sep 9 20:22:18 2026'}}, 'conpty_helpers': {}, 'launcher_pid': 37807, 'collector_pid': 37809}, 'role_identities': {'game_server': {'pid': 37802, 'start_identity': 'macos_lstart:Wed Sep 9 20:22:18 2026'}, 'controller': {'pid': 37337, 'start_identity': 'macos_lstart:Wed Sep 9 20:21:54 2026'}, 'ambient_helper': {'pid': 37801, 'start_identity': 'macos_lstart:Wed Sep 9 20:22:18 2026'}, 'launcher': {'pid': 37807, 'start_identity': 'macos_lstart:Wed Sep 9 20:22:18 2026'}, 'collector': {'pid': 37809, 'start_identity': 'macos_lstart:Wed Sep 9 20:22:18 2026'}}, 'receipt_status': 'failed_or_unavailable', 'binding_errors': ['sampler_failed_or_incomplete'], 'status': 'failed_or_unavailable', 'ended_utc': '2026-09-10T00:22:20.974360Z'}

======================================================================
FAIL: test_relative_cell_root_and_accounting_path_reach_same_output (__main__.ManagedCellTests)
----------------------------------------------------------------------
Traceback (most recent call last):
  File "/Users/acfrazier/experiments/274bot/.worktrees/t_a1f4796f/docs/memory/test_run_managed_cell.py", line 1404, in test_relative_cell_root_and_accounting_path_reach_same_output
    self.assertEqual(result['status'],'completed',result)
AssertionError: 'failed_or_unavailable' != 'completed'
- failed_or_unavailable
+ completed
 : {'schema': 1, 'attempts': 1, 'launched': True, 'performance_acceptance': False, 'started_utc': '2026-09-10T00:22:22.542534Z', 'cell_dir': '/private/var/folders/hr/3wvmv8g57073j_51vlbmc8sh0000gn/T/tmpgrb3z5ny/cells/cell_ok', 'launch_started_utc': '2026-09-10T00:22:22.557440Z', 'launcher_pid': 38223, 'sampler_argv': ['/Applications/Xcode.app/Contents/Developer/usr/bin/python3', '/Users/acfrazier/experiments/274bot/.worktrees/t_a1f4796f/docs/memory/process_accounting.py', 'ambient_helper=38214', 'controller=37337', 'game_server=38215', 'launcher=38223', '/private/var/folders/hr/3wvmv8g57073j_51vlbmc8sh0000gn/T/tmpgrb3z5ny/cells/cell_ok/process_accounting.jsonl', '--interval', '0.15', '--process-backend', 'system', '--stop-file', '/private/var/folders/hr/3wvmv8g57073j_51vlbmc8sh0000gn/T/tmpgrb3z5ny/cells/cell_ok/collector.stop'], 'sampler_roles': {'game_server': 38215, 'controller': 37337, 'ambient_helper': 38214, 'launcher': 38223}, 'collector_stop_path': '/private/var/folders/hr/3wvmv8g57073j_51vlbmc8sh0000gn/T/tmpgrb3z5ny/cells/cell_ok/collector.stop', 'collector_pid': 38226, 'frontend_pid': 38230, 'frontend_start_identity': 'macos_lstart:Wed Sep 9 20:22:22 2026', 'run_dir': '/var/folders/hr/3wvmv8g57073j_51vlbmc8sh0000gn/T/tmpgrb3z5ny/frontend_runs/run_38223', 'sampler_premature_exit': 1, 'collector_stop_requested_utc': '2026-09-10T00:22:23.304816Z', 'cleanup': {'collector': {'label': 'collector', 'signaled': False, 'exit_code': 1, 'pid': 38226}, 'launcher': {'label': 'launcher', 'signaled': False, 'exit_code': 0, 'pid': 38223}, 'frontend': {'pid': 38230, 'signals': [], 'orphan_risk': False}}, 'startup': {'launcher_start_gap_s': 0.000950582999998062, 'collector_start_gap_s': 0.0008392910000019072, 'roles': {'game_server': 38215, 'controller': 37337, 'ambient_helper': 38214, 'launcher': 38223}}, 'qualification_line_count': 2, 'launcher_exit_code': 0, 'collector_exit_code': 1, 'collector_stop_requested': True, 'collector_stop_after_observe_s': 0.35527074999999897, 'sampler_result': {'exit_code': 1, 'output': '/private/var/folders/hr/3wvmv8g57073j_51vlbmc8sh0000gn/T/tmpgrb3z5ny/cells/cell_ok/process_accounting.jsonl', 'completion': 'failed_or_incomplete', 'status': 'fail', 'duration_mode': 'stop_controlled', 'duration_s_requested': None, 'role_identities': {'game_server': {'pid': 38215, 'start_identity': 'macos_lstart:Wed Sep 9 20:22:22 2026'}, 'controller': {'pid': 37337, 'start_identity': 'macos_lstart:Wed Sep 9 20:21:54 2026'}, 'ambient_helper': {'pid': 38214, 'start_identity': 'macos_lstart:Wed Sep 9 20:22:22 2026'}, 'launcher': {'pid': 38223, 'start_identity': 'macos_lstart:Wed Sep 9 20:22:22 2026'}, 'collector': {'pid': 38226, 'start_identity': 'macos_lstart:Wed Sep 9 20:22:22 2026'}}, 'conpty_helpers': {}, 'launcher_pid': 38223, 'collector_pid': 38226}, 'role_identities': {'game_server': {'pid': 38215, 'start_identity': 'macos_lstart:Wed Sep 9 20:22:22 2026'}, 'controller': {'pid': 37337, 'start_identity': 'macos_lstart:Wed Sep 9 20:21:54 2026'}, 'ambient_helper': {'pid': 38214, 'start_identity': 'macos_lstart:Wed Sep 9 20:22:22 2026'}, 'launcher': {'pid': 38223, 'start_identity': 'macos_lstart:Wed Sep 9 20:22:22 2026'}, 'collector': {'pid': 38226, 'start_identity': 'macos_lstart:Wed Sep 9 20:22:22 2026'}}, 'receipt_status': 'failed_or_unavailable', 'binding_errors': ['sampler_failed_or_incomplete'], 'status': 'failed_or_unavailable', 'ended_utc': '2026-09-10T00:22:24.067412Z'}

======================================================================
FAIL: test_role_identities_agree_with_collector_and_server_sidecar (__main__.ManagedCellTests)
----------------------------------------------------------------------
Traceback (most recent call last):
  File "/Users/acfrazier/experiments/274bot/.worktrees/t_a1f4796f/docs/memory/test_run_managed_cell.py", line 1765, in test_role_identities_agree_with_collector_and_server_sidecar
    self.assertEqual(report["status"], "completed", report)
AssertionError: 'failed_or_unavailable' != 'completed'
- failed_or_unavailable
+ completed
 : {'schema': 1, 'attempts': 1, 'launched': True, 'performance_acceptance': False, 'started_utc': '2026-09-10T00:22:24.109392Z', 'cell_dir': '/private/var/folders/hr/3wvmv8g57073j_51vlbmc8sh0000gn/T/tmpf5b0lm6_/cells/roles', 'launch_started_utc': '2026-09-10T00:22:24.118362Z', 'launcher_pid': 38488, 'sampler_argv': ['/Applications/Xcode.app/Contents/Developer/usr/bin/python3', '/Users/acfrazier/experiments/274bot/.worktrees/t_a1f4796f/docs/memory/process_accounting.py', 'ambient_helper=38480', 'controller=37337', 'game_server=38481', 'launcher=38488', '/private/var/folders/hr/3wvmv8g57073j_51vlbmc8sh0000gn/T/tmpf5b0lm6_/cells/roles/process_accounting.jsonl', '--interval', '0.15', '--process-backend', 'system', '--stop-file', '/private/var/folders/hr/3wvmv8g57073j_51vlbmc8sh0000gn/T/tmpf5b0lm6_/cells/roles/collector.stop'], 'sampler_roles': {'game_server': 38481, 'controller': 37337, 'ambient_helper': 38480, 'launcher': 38488}, 'collector_stop_path': '/private/var/folders/hr/3wvmv8g57073j_51vlbmc8sh0000gn/T/tmpf5b0lm6_/cells/roles/collector.stop', 'collector_pid': 38490, 'frontend_pid': 38495, 'frontend_start_identity': 'macos_lstart:Wed Sep 9 20:22:24 2026', 'run_dir': '/var/folders/hr/3wvmv8g57073j_51vlbmc8sh0000gn/T/tmpf5b0lm6_/frontend_runs/run_38488', 'sampler_premature_exit': 1, 'collector_stop_requested_utc': '2026-09-10T00:22:25.001880Z', 'cleanup': {'collector': {'label': 'collector', 'signaled': False, 'exit_code': 1, 'pid': 38490}, 'launcher': {'label': 'launcher', 'signaled': False, 'exit_code': 0, 'pid': 38488}, 'frontend': {'pid': 38495, 'signals': [], 'orphan_risk': False}}, 'startup': {'launcher_start_gap_s': 0.0009297500000009506, 'collector_start_gap_s': 0.0016707079999989105, 'roles': {'game_server': 38481, 'controller': 37337, 'ambient_helper': 38480, 'launcher': 38488}}, 'qualification_line_count': 2, 'launcher_exit_code': 0, 'collector_exit_code': 1, 'collector_stop_requested': True, 'collector_stop_after_observe_s': 0.3209570829999997, 'sampler_result': {'exit_code': 1, 'output': '/private/var/folders/hr/3wvmv8g57073j_51vlbmc8sh0000gn/T/tmpf5b0lm6_/cells/roles/process_accounting.jsonl', 'completion': 'failed_or_incomplete', 'status': 'fail', 'duration_mode': 'stop_controlled', 'duration_s_requested': None, 'role_identities': {'game_server': {'pid': 38481, 'start_identity': 'macos_lstart:Wed Sep 9 20:22:24 2026'}, 'controller': {'pid': 37337, 'start_identity': 'macos_lstart:Wed Sep 9 20:21:54 2026'}, 'ambient_helper': {'pid': 38480, 'start_identity': 'macos_lstart:Wed Sep 9 20:22:24 2026'}, 'launcher': {'pid': 38488, 'start_identity': 'macos_lstart:Wed Sep 9 20:22:24 2026'}, 'collector': {'pid': 38490, 'start_identity': 'macos_lstart:Wed Sep 9 20:22:24 2026'}}, 'conpty_helpers': {}, 'launcher_pid': 38488, 'collector_pid': 38490}, 'role_identities': {'game_server': {'pid': 38481, 'start_identity': 'macos_lstart:Wed Sep 9 20:22:24 2026'}, 'controller': {'pid': 37337, 'start_identity': 'macos_lstart:Wed Sep 9 20:21:54 2026'}, 'ambient_helper': {'pid': 38480, 'start_identity': 'macos_lstart:Wed Sep 9 20:22:24 2026'}, 'launcher': {'pid': 38488, 'start_identity': 'macos_lstart:Wed Sep 9 20:22:24 2026'}, 'collector': {'pid': 38490, 'start_identity': 'macos_lstart:Wed Sep 9 20:22:24 2026'}}, 'receipt_status': 'failed_or_unavailable', 'binding_errors': ['sampler_failed_or_incomplete'], 'status': 'failed_or_unavailable', 'ended_utc': '2026-09-10T00:22:25.560490Z'}

======================================================================
FAIL: test_sampler_modules_bound_and_backend_identity_consistent (__main__.ManagedCellTests)
----------------------------------------------------------------------
Traceback (most recent call last):
  File "/Users/acfrazier/experiments/274bot/.worktrees/t_a1f4796f/docs/memory/test_run_managed_cell.py", line 1805, in test_sampler_modules_bound_and_backend_identity_consistent
    self.assertEqual(report["status"], "completed", report)
AssertionError: 'failed_or_unavailable' != 'completed'
- failed_or_unavailable
+ completed
 : {'schema': 1, 'attempts': 1, 'launched': True, 'performance_acceptance': False, 'started_utc': '2026-09-10T00:22:26.670937Z', 'cell_dir': '/private/var/folders/hr/3wvmv8g57073j_51vlbmc8sh0000gn/T/tmpd7vdfd64/cells/mods', 'launch_started_utc': '2026-09-10T00:22:26.685351Z', 'launcher_pid': 38824, 'sampler_argv': ['/Applications/Xcode.app/Contents/Developer/usr/bin/python3', '/Users/acfrazier/experiments/274bot/.worktrees/t_a1f4796f/docs/memory/process_accounting.py', 'ambient_helper=38818', 'controller=37337', 'game_server=38819', 'launcher=38824', '/private/var/folders/hr/3wvmv8g57073j_51vlbmc8sh0000gn/T/tmpd7vdfd64/cells/mods/process_accounting.jsonl', '--interval', '0.2', '--process-backend', 'system', '--stop-file', '/private/var/folders/hr/3wvmv8g57073j_51vlbmc8sh0000gn/T/tmpd7vdfd64/cells/mods/collector.stop'], 'sampler_roles': {'game_server': 38819, 'controller': 37337, 'ambient_helper': 38818, 'launcher': 38824}, 'collector_stop_path': '/private/var/folders/hr/3wvmv8g57073j_51vlbmc8sh0000gn/T/tmpd7vdfd64/cells/mods/collector.stop', 'collector_pid': 38826, 'frontend_pid': 38828, 'frontend_start_identity': 'macos_lstart:Wed Sep 9 20:22:26 2026', 'run_dir': '/var/folders/hr/3wvmv8g57073j_51vlbmc8sh0000gn/T/tmpd7vdfd64/frontend_runs/run_38824', 'sampler_premature_exit': 1, 'collector_stop_requested_utc': '2026-09-10T00:22:27.850219Z', 'cleanup': {'collector': {'label': 'collector', 'signaled': False, 'exit_code': 1, 'pid': 38826}, 'launcher': {'label': 'launcher', 'signaled': False, 'exit_code': 0, 'pid': 38824}, 'frontend': {'pid': 38828, 'signals': [], 'orphan_risk': False}}, 'startup': {'launcher_start_gap_s': 0.0013829580000006558, 'collector_start_gap_s': 0.0010619170000012446, 'roles': {'game_server': 38819, 'controller': 37337, 'ambient_helper': 38818, 'launcher': 38824}}, 'qualification_line_count': 2, 'launcher_exit_code': 0, 'collector_exit_code': 1, 'collector_stop_requested': True, 'collector_stop_after_observe_s': 0.48075987500000394, 'sampler_result': {'exit_code': 1, 'output': '/private/var/folders/hr/3wvmv8g57073j_51vlbmc8sh0000gn/T/tmpd7vdfd64/cells/mods/process_accounting.jsonl', 'completion': 'failed_or_incomplete', 'status': 'fail', 'duration_mode': 'stop_controlled', 'duration_s_requested': None, 'role_identities': {'game_server': {'pid': 38819, 'start_identity': 'macos_lstart:Wed Sep 9 20:22:26 2026'}, 'controller': {'pid': 37337, 'start_identity': 'macos_lstart:Wed Sep 9 20:21:54 2026'}, 'ambient_helper': {'pid': 38818, 'start_identity': 'macos_lstart:Wed Sep 9 20:22:26 2026'}, 'launcher': {'pid': 38824, 'start_identity': 'macos_lstart:Wed Sep 9 20:22:26 2026'}, 'collector': {'pid': 38826, 'start_identity': 'macos_lstart:Wed Sep 9 20:22:26 2026'}}, 'conpty_helpers': {}, 'launcher_pid': 38824, 'collector_pid': 38826}, 'role_identities': {'game_server': {'pid': 38819, 'start_identity': 'macos_lstart:Wed Sep 9 20:22:26 2026'}, 'controller': {'pid': 37337, 'start_identity': 'macos_lstart:Wed Sep 9 20:21:54 2026'}, 'ambient_helper': {'pid': 38818, 'start_identity': 'macos_lstart:Wed Sep 9 20:22:26 2026'}, 'launcher': {'pid': 38824, 'start_identity': 'macos_lstart:Wed Sep 9 20:22:26 2026'}, 'collector': {'pid': 38826, 'start_identity': 'macos_lstart:Wed Sep 9 20:22:26 2026'}}, 'receipt_status': 'failed_or_unavailable', 'binding_errors': ['sampler_failed_or_incomplete'], 'status': 'failed_or_unavailable', 'ended_utc': '2026-09-10T00:22:28.293166Z'}

======================================================================
FAIL: test_successful_cell_uses_stop_file_not_only_sigterm (__main__.ManagedCellTests)
----------------------------------------------------------------------
Traceback (most recent call last):
  File "/Users/acfrazier/experiments/274bot/.worktrees/t_a1f4796f/docs/memory/test_run_managed_cell.py", line 1961, in test_successful_cell_uses_stop_file_not_only_sigterm
    self.assertEqual(report["status"], "completed", report)
AssertionError: 'failed_or_unavailable' != 'completed'
- failed_or_unavailable
+ completed
 : {'schema': 1, 'attempts': 1, 'launched': True, 'performance_acceptance': False, 'started_utc': '2026-09-10T00:22:29.739026Z', 'cell_dir': '/private/var/folders/hr/3wvmv8g57073j_51vlbmc8sh0000gn/T/tmp87elg8q_/cells/cell_ok', 'launch_started_utc': '2026-09-10T00:22:29.753137Z', 'launcher_pid': 38863, 'sampler_argv': ['/Applications/Xcode.app/Contents/Developer/usr/bin/python3', '/Users/acfrazier/experiments/274bot/.worktrees/t_a1f4796f/docs/memory/process_accounting.py', 'ambient_helper=38856', 'controller=37337', 'game_server=38857', 'launcher=38863', '/private/var/folders/hr/3wvmv8g57073j_51vlbmc8sh0000gn/T/tmp87elg8q_/cells/cell_ok/process_accounting.jsonl', '--interval', '0.15', '--process-backend', 'system', '--stop-file', '/private/var/folders/hr/3wvmv8g57073j_51vlbmc8sh0000gn/T/tmp87elg8q_/cells/cell_ok/collector.stop'], 'sampler_roles': {'game_server': 38857, 'controller': 37337, 'ambient_helper': 38856, 'launcher': 38863}, 'collector_stop_path': '/private/var/folders/hr/3wvmv8g57073j_51vlbmc8sh0000gn/T/tmp87elg8q_/cells/cell_ok/collector.stop', 'collector_pid': 38865, 'frontend_pid': 38868, 'frontend_start_identity': 'macos_lstart:Wed Sep 9 20:22:29 2026', 'run_dir': '/var/folders/hr/3wvmv8g57073j_51vlbmc8sh0000gn/T/tmp87elg8q_/frontend_runs/run_38863', 'sampler_premature_exit': 1, 'collector_stop_requested_utc': '2026-09-10T00:22:31.035410Z', 'cleanup': {'collector': {'label': 'collector', 'signaled': False, 'exit_code': 1, 'pid': 38865}, 'launcher': {'label': 'launcher', 'signaled': False, 'exit_code': 0, 'pid': 38863}, 'frontend': {'pid': 38868, 'signals': [], 'orphan_risk': False}}, 'startup': {'launcher_start_gap_s': 0.0011671660000018846, 'collector_start_gap_s': 0.0010756670000020563, 'roles': {'game_server': 38857, 'controller': 37337, 'ambient_helper': 38856, 'launcher': 38863}}, 'qualification_line_count': 2, 'launcher_exit_code': 0, 'collector_exit_code': 1, 'collector_stop_requested': True, 'collector_stop_after_observe_s': 0.38335750000000246, 'sampler_result': {'exit_code': 1, 'output': '/private/var/folders/hr/3wvmv8g57073j_51vlbmc8sh0000gn/T/tmp87elg8q_/cells/cell_ok/process_accounting.jsonl', 'completion': 'failed_or_incomplete', 'status': 'fail', 'duration_mode': 'stop_controlled', 'duration_s_requested': None, 'role_identities': {'game_server': {'pid': 38857, 'start_identity': 'macos_lstart:Wed Sep 9 20:22:29 2026'}, 'controller': {'pid': 37337, 'start_identity': 'macos_lstart:Wed Sep 9 20:21:54 2026'}, 'ambient_helper': {'pid': 38856, 'start_identity': 'macos_lstart:Wed Sep 9 20:22:29 2026'}, 'launcher': {'pid': 38863, 'start_identity': 'macos_lstart:Wed Sep 9 20:22:29 2026'}, 'collector': {'pid': 38865, 'start_identity': 'macos_lstart:Wed Sep 9 20:22:29 2026'}}, 'conpty_helpers': {}, 'launcher_pid': 38863, 'collector_pid': 38865}, 'role_identities': {'game_server': {'pid': 38857, 'start_identity': 'macos_lstart:Wed Sep 9 20:22:29 2026'}, 'controller': {'pid': 37337, 'start_identity': 'macos_lstart:Wed Sep 9 20:21:54 2026'}, 'ambient_helper': {'pid': 38856, 'start_identity': 'macos_lstart:Wed Sep 9 20:22:29 2026'}, 'launcher': {'pid': 38863, 'start_identity': 'macos_lstart:Wed Sep 9 20:22:29 2026'}, 'collector': {'pid': 38865, 'start_identity': 'macos_lstart:Wed Sep 9 20:22:29 2026'}}, 'receipt_status': 'failed_or_unavailable', 'binding_errors': ['sampler_failed_or_incomplete'], 'status': 'failed_or_unavailable', 'ended_utc': '2026-09-10T00:22:31.237543Z'}

======================================================================
FAIL: test_successful_observation_then_delayed_teardown (__main__.ManagedCellTests)
----------------------------------------------------------------------
Traceback (most recent call last):
  File "/Users/acfrazier/experiments/274bot/.worktrees/t_a1f4796f/docs/memory/test_run_managed_cell.py", line 1374, in test_successful_observation_then_delayed_teardown
    self.assertEqual(report["status"], "completed", report)
AssertionError: 'failed_or_unavailable' != 'completed'
- failed_or_unavailable
+ completed
 : {'schema': 1, 'attempts': 1, 'launched': True, 'performance_acceptance': False, 'started_utc': '2026-09-10T00:22:31.277996Z', 'cell_dir': '/private/var/folders/hr/3wvmv8g57073j_51vlbmc8sh0000gn/T/tmpve8m5xft/cells/cell_ok', 'launch_started_utc': '2026-09-10T00:22:31.303449Z', 'launcher_pid': 38906, 'sampler_argv': ['/Applications/Xcode.app/Contents/Developer/usr/bin/python3', '/Users/acfrazier/experiments/274bot/.worktrees/t_a1f4796f/docs/memory/process_accounting.py', 'ambient_helper=38900', 'controller=37337', 'game_server=38901', 'launcher=38906', '/private/var/folders/hr/3wvmv8g57073j_51vlbmc8sh0000gn/T/tmpve8m5xft/cells/cell_ok/process_accounting.jsonl', '--interval', '0.15', '--process-backend', 'system', '--stop-file', '/private/var/folders/hr/3wvmv8g57073j_51vlbmc8sh0000gn/T/tmpve8m5xft/cells/cell_ok/collector.stop'], 'sampler_roles': {'game_server': 38901, 'controller': 37337, 'ambient_helper': 38900, 'launcher': 38906}, 'collector_stop_path': '/private/var/folders/hr/3wvmv8g57073j_51vlbmc8sh0000gn/T/tmpve8m5xft/cells/cell_ok/collector.stop', 'collector_pid': 38908, 'frontend_pid': 38911, 'frontend_start_identity': 'macos_lstart:Wed Sep 9 20:22:31 2026', 'run_dir': '/var/folders/hr/3wvmv8g57073j_51vlbmc8sh0000gn/T/tmpve8m5xft/frontend_runs/run_38906', 'sampler_premature_exit': 1, 'collector_stop_requested_utc': '2026-09-10T00:22:32.618001Z', 'cleanup': {'collector': {'label': 'collector', 'signaled': False, 'exit_code': 1, 'pid': 38908}, 'launcher': {'label': 'launcher', 'signaled': False, 'exit_code': 0, 'pid': 38906}, 'frontend': {'pid': 38911, 'signals': [], 'orphan_risk': False}}, 'startup': {'launcher_start_gap_s': 0.0015147499999983438, 'collector_start_gap_s': 0.0013325420000001031, 'roles': {'game_server': 38901, 'controller': 37337, 'ambient_helper': 38900, 'launcher': 38906}}, 'qualification_line_count': 2, 'launcher_exit_code': 0, 'collector_exit_code': 1, 'collector_stop_requested': True, 'collector_stop_after_observe_s': 0.3850647910000049, 'sampler_result': {'exit_code': 1, 'output': '/private/var/folders/hr/3wvmv8g57073j_51vlbmc8sh0000gn/T/tmpve8m5xft/cells/cell_ok/process_accounting.jsonl', 'completion': 'failed_or_incomplete', 'status': 'fail', 'duration_mode': 'stop_controlled', 'duration_s_requested': None, 'role_identities': {'game_server': {'pid': 38901, 'start_identity': 'macos_lstart:Wed Sep 9 20:22:31 2026'}, 'controller': {'pid': 37337, 'start_identity': 'macos_lstart:Wed Sep 9 20:21:54 2026'}, 'ambient_helper': {'pid': 38900, 'start_identity': 'macos_lstart:Wed Sep 9 20:22:31 2026'}, 'launcher': {'pid': 38906, 'start_identity': 'macos_lstart:Wed Sep 9 20:22:31 2026'}, 'collector': {'pid': 38908, 'start_identity': 'macos_lstart:Wed Sep 9 20:22:31 2026'}}, 'conpty_helpers': {}, 'launcher_pid': 38906, 'collector_pid': 38908}, 'role_identities': {'game_server': {'pid': 38901, 'start_identity': 'macos_lstart:Wed Sep 9 20:22:31 2026'}, 'controller': {'pid': 37337, 'start_identity': 'macos_lstart:Wed Sep 9 20:21:54 2026'}, 'ambient_helper': {'pid': 38900, 'start_identity': 'macos_lstart:Wed Sep 9 20:22:31 2026'}, 'launcher': {'pid': 38906, 'start_identity': 'macos_lstart:Wed Sep 9 20:22:31 2026'}, 'collector': {'pid': 38908, 'start_identity': 'macos_lstart:Wed Sep 9 20:22:31 2026'}}, 'receipt_status': 'failed_or_unavailable', 'binding_errors': ['sampler_failed_or_incomplete'], 'status': 'failed_or_unavailable', 'ended_utc': '2026-09-10T00:22:33.296778Z'}

======================================================================
FAIL: test_unix_collector_starts_once_before_metadata_processing (__main__.ManagedCellTests)
----------------------------------------------------------------------
Traceback (most recent call last):
  File "/Users/acfrazier/experiments/274bot/.worktrees/t_a1f4796f/docs/memory/test_run_managed_cell.py", line 1266, in test_unix_collector_starts_once_before_metadata_processing
    self.assertEqual(report["status"], "completed", report)
AssertionError: 'failed_or_unavailable' != 'completed'
- failed_or_unavailable
+ completed
 : {'schema': 1, 'attempts': 1, 'launched': True, 'performance_acceptance': False, 'started_utc': '2026-09-10T00:22:33.349501Z', 'cell_dir': '/private/var/folders/hr/3wvmv8g57073j_51vlbmc8sh0000gn/T/tmpy1a_vjdr/cells/cell_ok', 'launch_started_utc': '2026-09-10T00:22:33.364474Z', 'launcher_pid': 38937, 'sampler_argv': ['/Applications/Xcode.app/Contents/Developer/usr/bin/python3', '/Users/acfrazier/experiments/274bot/.worktrees/t_a1f4796f/docs/memory/process_accounting.py', 'ambient_helper=38931', 'controller=37337', 'game_server=38932', 'launcher=38937', '/private/var/folders/hr/3wvmv8g57073j_51vlbmc8sh0000gn/T/tmpy1a_vjdr/cells/cell_ok/process_accounting.jsonl', '--interval', '0.15', '--process-backend', 'system', '--stop-file', '/private/var/folders/hr/3wvmv8g57073j_51vlbmc8sh0000gn/T/tmpy1a_vjdr/cells/cell_ok/collector.stop'], 'sampler_roles': {'game_server': 38932, 'controller': 37337, 'ambient_helper': 38931, 'launcher': 38937}, 'collector_stop_path': '/private/var/folders/hr/3wvmv8g57073j_51vlbmc8sh0000gn/T/tmpy1a_vjdr/cells/cell_ok/collector.stop', 'collector_pid': 38939, 'frontend_pid': 38941, 'frontend_start_identity': 'macos_lstart:Wed Sep 9 20:22:33 2026', 'run_dir': '/var/folders/hr/3wvmv8g57073j_51vlbmc8sh0000gn/T/tmpy1a_vjdr/frontend_runs/run_38937', 'sampler_premature_exit': 1, 'collector_stop_requested_utc': '2026-09-10T00:22:34.357858Z', 'cleanup': {'collector': {'label': 'collector', 'signaled': False, 'exit_code': 1, 'pid': 38939}, 'launcher': {'label': 'launcher', 'signaled': False, 'exit_code': 0, 'pid': 38937}, 'frontend': {'pid': 38941, 'signals': [], 'orphan_risk': False}}, 'startup': {'launcher_start_gap_s': 0.0014419170000010695, 'collector_start_gap_s': 0.0012676250000041023, 'roles': {'game_server': 38932, 'controller': 37337, 'ambient_helper': 38931, 'launcher': 38937}}, 'qualification_line_count': 2, 'launcher_exit_code': 0, 'collector_exit_code': 1, 'collector_stop_requested': True, 'collector_stop_after_observe_s': 0.36714929200000057, 'sampler_result': {'exit_code': 1, 'output': '/private/var/folders/hr/3wvmv8g57073j_51vlbmc8sh0000gn/T/tmpy1a_vjdr/cells/cell_ok/process_accounting.jsonl', 'completion': 'failed_or_incomplete', 'status': 'fail', 'duration_mode': 'stop_controlled', 'duration_s_requested': None, 'role_identities': {'game_server': {'pid': 38932, 'start_identity': 'macos_lstart:Wed Sep 9 20:22:33 2026'}, 'controller': {'pid': 37337, 'start_identity': 'macos_lstart:Wed Sep 9 20:21:54 2026'}, 'ambient_helper': {'pid': 38931, 'start_identity': 'macos_lstart:Wed Sep 9 20:22:33 2026'}, 'launcher': {'pid': 38937, 'start_identity': 'macos_lstart:Wed Sep 9 20:22:33 2026'}, 'collector': {'pid': 38939, 'start_identity': 'macos_lstart:Wed Sep 9 20:22:33 2026'}}, 'conpty_helpers': {}, 'launcher_pid': 38937, 'collector_pid': 38939}, 'role_identities': {'game_server': {'pid': 38932, 'start_identity': 'macos_lstart:Wed Sep 9 20:22:33 2026'}, 'controller': {'pid': 37337, 'start_identity': 'macos_lstart:Wed Sep 9 20:21:54 2026'}, 'ambient_helper': {'pid': 38931, 'start_identity': 'macos_lstart:Wed Sep 9 20:22:33 2026'}, 'launcher': {'pid': 38937, 'start_identity': 'macos_lstart:Wed Sep 9 20:22:33 2026'}, 'collector': {'pid': 38939, 'start_identity': 'macos_lstart:Wed Sep 9 20:22:33 2026'}}, 'receipt_status': 'failed_or_unavailable', 'binding_errors': ['sampler_failed_or_incomplete'], 'status': 'failed_or_unavailable', 'ended_utc': '2026-09-10T00:22:34.566827Z'}

======================================================================
FAIL: test_windows_conpty_starts_once_after_helpers_are_bound (__main__.ManagedCellTests)
The delayed Windows start includes the handed-off helper role.
----------------------------------------------------------------------
Traceback (most recent call last):
  File "/Users/acfrazier/experiments/274bot/.worktrees/t_a1f4796f/docs/memory/test_run_managed_cell.py", line 1331, in test_windows_conpty_starts_once_after_helpers_are_bound
    self.assertEqual(report["sampler_result"]["exit_code"], 0, report)
AssertionError: 1 != 0 : {'schema': 1, 'attempts': 1, 'launched': True, 'performance_acceptance': False, 'started_utc': '2026-09-10T00:22:34.620135Z', 'cell_dir': '/private/var/folders/hr/3wvmv8g57073j_51vlbmc8sh0000gn/T/tmpri_woz0a/cells/conpty_once', 'launch_started_utc': '2026-09-10T00:22:34.638154Z', 'launcher_pid': 38961, 'sampler_argv': ['/Applications/Xcode.app/Contents/Developer/usr/bin/python3', '/Users/acfrazier/experiments/274bot/.worktrees/t_a1f4796f/docs/memory/process_accounting.py', 'ambient_helper=38955', 'conpty_helper_0=38964', 'controller=37337', 'game_server=38956', 'launcher=38961', '/private/var/folders/hr/3wvmv8g57073j_51vlbmc8sh0000gn/T/tmpri_woz0a/cells/conpty_once/process_accounting.jsonl', '--interval', '0.15', '--process-backend', 'system', '--stop-file', '/private/var/folders/hr/3wvmv8g57073j_51vlbmc8sh0000gn/T/tmpri_woz0a/cells/conpty_once/collector.stop'], 'sampler_roles': {'game_server': 38956, 'controller': 37337, 'ambient_helper': 38955, 'launcher': 38961, 'conpty_helper_0': 38964}, 'collector_stop_path': '/private/var/folders/hr/3wvmv8g57073j_51vlbmc8sh0000gn/T/tmpri_woz0a/cells/conpty_once/collector.stop', 'collector_pid': 38968, 'frontend_pid': 38963, 'frontend_start_identity': 'macos_lstart:Wed Sep 9 20:22:34 2026', 'run_dir': '/var/folders/hr/3wvmv8g57073j_51vlbmc8sh0000gn/T/tmpri_woz0a/frontend_runs/run_38961', 'sampler_premature_exit': 1, 'collector_stop_requested_utc': '2026-09-10T00:22:35.651992Z', 'cleanup': {'collector': {'label': 'collector', 'signaled': False, 'exit_code': 1, 'pid': 38968}, 'launcher': {'label': 'launcher', 'signaled': False, 'exit_code': 0, 'pid': 38961}, 'frontend': {'pid': 38963, 'signals': [], 'orphan_risk': True, 'reason': 'frontend parent unavailable; no signal'}}, 'startup': {'launcher_start_gap_s': 0.0013529169999983992, 'collector_start_gap_s': 0.001388792000000194, 'roles': {'game_server': 38956, 'controller': 37337, 'ambient_helper': 38955, 'launcher': 38961, 'conpty_helper_0': 38964}}, 'qualification_line_count': 2, 'launcher_exit_code': 0, 'collector_exit_code': 1, 'collector_stop_requested': True, 'collector_stop_after_observe_s': 0.3528894170000001, 'sampler_result': {'exit_code': 1, 'output': '/private/var/folders/hr/3wvmv8g57073j_51vlbmc8sh0000gn/T/tmpri_woz0a/cells/conpty_once/process_accounting.jsonl', 'completion': 'failed_or_incomplete', 'status': 'fail', 'duration_mode': 'stop_controlled', 'duration_s_requested': None, 'role_identities': {'game_server': {'pid': 38956, 'start_identity': 'macos_lstart:Wed Sep 9 20:22:34 2026'}, 'controller': {'pid': 37337, 'start_identity': 'macos_lstart:Wed Sep 9 20:21:54 2026'}, 'ambient_helper': {'pid': 38955, 'start_identity': 'macos_lstart:Wed Sep 9 20:22:34 2026'}, 'launcher': {'pid': 38961, 'start_identity': 'macos_lstart:Wed Sep 9 20:22:34 2026'}, 'conpty_helper_0': {'pid': 38964, 'start_identity': 'macos_lstart:Wed Sep 9 20:22:34 2026'}, 'collector': {'pid': 38968, 'start_identity': 'macos_lstart:Wed Sep 9 20:22:34 2026'}}, 'conpty_helpers': {'conpty_helper_0': {'pid': 38964, 'start_identity': 'macos_lstart:Wed Sep 9 20:22:34 2026'}}, 'launcher_pid': 38961, 'collector_pid': 38968}, 'role_identities': {'game_server': {'pid': 38956, 'start_identity': 'macos_lstart:Wed Sep 9 20:22:34 2026'}, 'controller': {'pid': 37337, 'start_identity': 'macos_lstart:Wed Sep 9 20:21:54 2026'}, 'ambient_helper': {'pid': 38955, 'start_identity': 'macos_lstart:Wed Sep 9 20:22:34 2026'}, 'launcher': {'pid': 38961, 'start_identity': 'macos_lstart:Wed Sep 9 20:22:34 2026'}, 'conpty_helper_0': {'pid': 38964, 'start_identity': 'macos_lstart:Wed Sep 9 20:22:34 2026'}, 'collector': {'pid': 38968, 'start_identity': 'macos_lstart:Wed Sep 9 20:22:34 2026'}}, 'receipt_status': 'failed_or_unavailable', 'binding_errors': ['runner:owned child cleanup unresolved', 'sampler_failed_or_incomplete'], 'status': 'failed_or_unavailable', 'ended_utc': '2026-09-10T00:22:36.170375Z'}

----------------------------------------------------------------------
Ran 56 tests in 41.837s

FAILED (failures=13, skipped=1)
