   Compiling proc-macro2 v1.0.107
   Compiling unicode-ident v1.0.24
   Compiling quote v1.0.47
   Compiling libc v0.2.189
   Compiling cfg-if v1.0.4
   Compiling version_check v0.9.5
   Compiling serde v1.0.219
   Compiling bitflags v2.13.1
   Compiling once_cell v1.21.4
   Compiling smallvec v1.15.2
   Compiling equivalent v1.0.2
   Compiling zerocopy v0.8.56
   Compiling hashbrown v0.17.1
   Compiling itoa v1.0.18
   Compiling memchr v2.8.3
   Compiling autocfg v1.5.1
   Compiling stable_deref_trait v1.2.1
   Compiling libm v0.2.16
   Compiling ryu v1.0.23
   Compiling typenum v1.20.1
   Compiling serde_json v1.0.140
   Compiling subtle v2.6.1
   Compiling litemap v0.8.3
   Compiling generic-array v0.14.7
   Compiling writeable v0.6.4
   Compiling icu_properties_data v2.3.0
   Compiling icu_normalizer_data v2.3.0
   Compiling utf8_iter v1.0.4
   Compiling num-traits v0.2.19
   Compiling pin-project-lite v0.2.17
   Compiling find-msvc-tools v0.1.11
   Compiling percent-encoding v2.3.2
   Compiling shlex v2.0.1
   Compiling const-oid v0.9.6
   Compiling rustc-hash v2.1.3
   Compiling parking_lot_core v0.9.12
   Compiling either v1.18.0
   Compiling form_urlencoded v1.2.2
   Compiling scopeguard v1.2.0
   Compiling data-encoding v2.11.1
   Compiling thiserror v2.0.20
   Compiling getrandom v0.3.4
   Compiling radium v0.7.0
   Compiling anyhow v1.0.104
   Compiling tap v1.0.1
   Compiling lock_api v0.4.14
   Compiling indexmap v2.14.0
   Compiling static_assertions v1.1.0
   Compiling wyz v0.5.1
   Compiling vsimd v0.8.0
   Compiling funty v2.0.0
   Compiling outref v0.5.2
   Compiling heck v0.5.0
   Compiling if_chain v1.0.3
   Compiling unicode-id-start v1.4.0
   Compiling bytes v1.12.1
   Compiling ahash v0.8.12
   Compiling syn v2.0.119
   Compiling syn v3.0.3
   Compiling crc32fast v1.5.0
   Compiling allocator-api2 v0.2.21
   Compiling regex-syntax v0.8.11
   Compiling adler2 v2.0.1
   Compiling base64-simd v0.8.0
   Compiling arrayvec v0.7.8
   Compiling bitvec v1.1.1
   Compiling getrandom v0.2.17
   Compiling jobserver v0.1.35
   Compiling rand_core v0.6.4
   Compiling errno v0.3.14
   Compiling cpufeatures v0.2.17
   Compiling cc v1.4.4
   Compiling parking_lot v0.12.5
   Compiling siphasher v1.0.3
   Compiling cfg_aliases v0.2.2
   Compiling new_debug_unreachable v1.0.6
   Compiling base64ct v1.8.3
   Compiling aho-corasick v1.1.5
   Compiling signal-hook-registry v1.4.8
   Compiling bumpalo v3.20.3
   Compiling socket2 v0.6.5
   Compiling phf_shared v0.11.3
   Compiling mio v1.2.2
   Compiling rand v0.8.5
   Compiling num-integer v0.1.47
   Compiling tracing-core v0.1.36
   Compiling objc2 v0.6.4
   Compiling glob v0.3.4
   Compiling log v0.4.34
   Compiling scoped-tls v1.0.1
   Compiling object v0.39.1
   Compiling better_scoped_tls v1.0.1
   Compiling swc_visit v2.0.0
   Compiling pkg-config v0.3.34
   Compiling siphasher v0.3.11
   Compiling prettyplease v0.2.37
   Compiling objc2-encode v4.1.0
   Compiling unicode-width v0.1.14
   Compiling clang-sys v1.9.1
   Compiling phf_generator v0.11.3
   Compiling rustix v0.38.44
   Compiling futures-core v0.3.34
   Compiling minimal-lexical v0.2.1
   Compiling futures-sink v0.3.34
   Compiling regex-automata v0.4.18
   Compiling pem-rfc7468 v0.7.0
   Compiling libloading v0.8.9
   Compiling unicode-width v0.2.2
   Compiling bindgen v0.71.1
   Compiling futures-channel v0.3.34
   Compiling nom v7.1.3
   Compiling itertools v0.13.0
   Compiling slab v0.4.12
   Compiling futures-task v0.3.34
   Compiling shlex v1.3.0
   Compiling futures-io v0.3.34
   Compiling home v0.5.12
   Compiling simd-adler32 v0.3.10
   Compiling stacker v0.1.25
   Compiling gzip-header v1.1.0
   Compiling naga v29.0.4
   Compiling fslock v0.2.1
   Compiling miniz_oxide v0.8.9
   Compiling smartstring v1.0.1
   Compiling foldhash v0.2.0
   Compiling paste v1.0.15
   Compiling which v6.0.3
   Compiling bit-vec v0.9.1
   Compiling objc2-core-foundation v0.3.2
   Compiling block2 v0.6.2
   Compiling bit-set v0.9.1
   Compiling hashbrown v0.16.1
   Compiling codespan-reporting v0.13.1
   Compiling raw-window-handle v0.6.2
   Compiling hexf-parse v0.2.1
   Compiling rustc-hash v1.1.0
   Compiling wgpu-hal v29.0.4
   Compiling cexpr v0.6.0
   Compiling typed-arena v2.0.2
   Compiling getrandom v0.4.3
   Compiling semver v1.0.28
   Compiling core-foundation-sys v0.8.7
   Compiling flate2 v1.1.9
   Compiling rustix v1.1.4
   Compiling base16ct v0.2.0
   Compiling ff v0.13.1
   Compiling rustc_version v0.4.1
   Compiling par-core v1.0.4
   Compiling bit-vec v0.8.0
   Compiling stringcase v0.4.0
   Compiling profiling v1.0.18
   Compiling par-iter v1.0.2
   Compiling group v0.13.0
   Compiling core-foundation v0.10.1
   Compiling regex v1.13.1
   Compiling bit-set v0.8.0
   Compiling security-framework-sys v2.17.0
   Compiling bzip2-sys v0.1.13+1.0.8
   Compiling wgpu-core v29.0.4
   Compiling num_cpus v1.17.0
   Compiling litrs v1.0.0
   Compiling native-tls v0.2.18
   Compiling httparse v1.10.1
   Compiling ryu-js v1.0.3
   Compiling deno_core_icudata v0.74.0
   Compiling az v1.3.0
   Compiling synstructure v0.13.2
   Compiling swc_macros_common v1.0.0
   Compiling objc2-foundation v0.3.2
   Compiling unicode-id v0.3.6
   Compiling fastrand v2.5.0
   Compiling cooked-waker v5.0.0
   Compiling thiserror v1.0.69
   Compiling document-features v0.2.12
   Compiling security-framework v3.7.0
   Compiling fdeflate v0.3.7
   Compiling cmake v0.1.58
   Compiling wgpu v29.0.4
   Compiling zerovec-derive v0.11.6
   Compiling displaydoc v0.2.7
   Compiling thiserror-impl v2.0.20
   Compiling tokio-macros v2.7.2
   Compiling ar_archive_writer v0.5.3
   Compiling bytemuck_derive v1.12.0
   Compiling futures-macro v0.3.34
   Compiling tempfile v3.27.0
   Compiling rustversion v1.0.23
   Compiling serde_derive v1.0.219
   Compiling zeroize_derive v1.5.0
   Compiling zerocopy-derive v0.8.56
   Compiling zerofrom-derive v0.1.7
   Compiling yoke-derive v0.8.2
   Compiling tracing-attributes v0.1.31
   Compiling tokio v1.53.1
   Compiling from_variant v2.0.0
   Compiling ast_node v3.0.0
   Compiling swc_eq_ignore_macros v1.0.0
   Compiling phf_macros v0.11.3
   Compiling zeroize v1.9.0
   Compiling deno_error_macro v0.7.0
   Compiling string_enum v1.0.0
   Compiling is-macro v0.3.8
   Compiling der v0.7.10
   Compiling phf v0.11.3
   Compiling psm v0.1.32
   Compiling bytemuck v1.25.2
   Compiling futures-util v0.3.34
   Compiling objc2-metal v0.3.2
   Compiling sys_traits_macros v0.1.0
   Compiling capacity_builder_macros v0.3.0
   Compiling proc-macro-rules-macros v0.4.0
   Compiling zerofrom v0.1.8
   Compiling tracing v0.1.44
   Compiling yoke v0.8.3
   Compiling crypto-common v0.1.7
   Compiling block-buffer v0.10.4
   Compiling block-padding v0.3.3
   Compiling capacity_builder v0.5.0
   Compiling zerovec v0.11.8
   Compiling zerotrie v0.2.5
   Compiling inout v0.1.4
   Compiling digest v0.10.7
   Compiling sys_traits v0.1.17
   Compiling wgpu-types v29.0.4
   Compiling strum_macros v0.27.2
   Compiling cipher v0.4.4
   Compiling hmac v0.12.1
   Compiling sha2 v0.10.9
   Compiling sha1 v0.10.7
   Compiling pin-project-internal v1.1.13
   Compiling hkdf v0.12.4
   Compiling tinystr v0.8.4
   Compiling potential_utf v0.1.6
   Compiling spki v0.7.3
   Compiling crypto-bigint v0.5.5
   Compiling icu_collections v2.3.0
   Compiling icu_locale_core v2.3.0
   Compiling pkcs8 v0.10.2
   Compiling boxed_error v0.2.3
   Compiling proc-macro-rules v0.4.0
   Compiling signature v2.2.0
   Compiling universal-hash v0.5.1
   Compiling thiserror-impl v1.0.69
   Compiling fs_extra v1.3.0
   Compiling pxfm v0.1.30
   Compiling zune-core v0.5.3
   Compiling opaque-debug v0.3.1
   Compiling dunce v1.0.5
   Compiling polyval v0.6.2
   Compiling aws-lc-sys v0.44.0
   Compiling pin-project v1.1.13
   Compiling zune-jpeg v0.5.15
   Compiling icu_provider v2.3.1
   Compiling aes v0.8.3
   Compiling icu_properties v2.3.0
   Compiling icu_normalizer v2.3.0
   Compiling rfc6979 v0.4.0
   Compiling strum v0.27.2
   Compiling futures-executor v0.3.34
   Compiling deno_ops v0.231.0
   Compiling futures v0.3.34
   Compiling png v0.18.1
   Compiling http v1.5.0
   Compiling byteorder-lite v0.1.0
   Compiling byteorder v1.5.0
   Compiling utf-8 v0.7.6
   Compiling termcolor v1.4.1
   Compiling idna_adapter v1.2.2
   Compiling idna v1.1.0
   Compiling objc2-quartz-core v0.3.2
   Compiling deno_unsync v0.4.4
   Compiling moxcms v0.8.1
   Compiling raw-window-metal v1.1.0
   Compiling deno_terminal v0.2.2
   Compiling v8 v137.2.1
   Compiling bzip2 v0.4.4
   Compiling ppv-lite86 v0.2.21
   Compiling half v2.7.1
   Compiling ghash v0.5.1
   Compiling ctr v0.9.2
   Compiling hashbrown v0.14.5
   Compiling rand_chacha v0.3.1
   Compiling aead v0.5.2
   Compiling swc_config_macro v1.0.0
   Compiling swc_ecma_transforms_macros v1.0.0
   Compiling url v2.5.8
   Compiling uuid v1.18.1
   Compiling triomphe v0.1.16
   Compiling swc_allocator v4.0.1
   Compiling serdect v0.2.0
   Compiling bincode v1.3.3
   Compiling sec1 v0.7.3
   Compiling hstr v1.1.6
   Compiling debugid v0.8.0
   Compiling swc_atoms v5.0.0
   Compiling curve25519-dalek v4.1.3
   Compiling num-bigint v0.4.8
   Compiling tungstenite v0.24.0
   Compiling spin v0.9.9
   Compiling unic-char-range v0.9.0
   Compiling pollster v0.4.0
   Compiling num-bigint-dig v0.8.6
   Compiling unic-common v0.9.0
   Compiling base64 v0.22.1
   Compiling unic-ucd-version v0.9.0
   Compiling unic-char-property v0.9.0
   Compiling lazy_static v1.5.0
   Compiling sourcemap v9.3.2
   Compiling deno_error v0.7.0
   Compiling elliptic-curve v0.13.8
   Compiling swc_config v3.0.0
   Compiling dashmap v5.5.3
   Compiling deno_path_util v0.6.1
   Compiling wasm_dep_analyzer v0.4.0
   Compiling ecdsa v0.16.9
   Compiling primeorder v0.13.6
   Compiling ipnetwork v0.20.0
   Compiling aes-gcm v0.10.3
   Compiling castaway v0.2.4
   Compiling num-iter v0.1.46
   Compiling nix v0.27.1
   Compiling which v8.0.5
   Compiling swc_common v9.2.0
   Compiling fqdn v0.3.12
   Compiling aws-lc-rs v1.18.0
   Compiling Inflector v0.11.4
   Compiling compact_str v0.7.1
   Compiling unic-ucd-ident v0.9.0
   Compiling deno_features v0.10.0
   Compiling text_lines v0.6.0
   Compiling pkcs1 v0.7.5
   Compiling swc_ecma_codegen_macros v2.0.0
   Compiling async-trait v0.1.92
   Compiling swc_macros_common v0.3.14
   Compiling deno_permissions v0.72.0
   Compiling password-hash v0.5.0
   Compiling encoding_rs v0.8.35
   Compiling image v0.25.10
   Compiling fiat-crypto v0.1.20
   Compiling hex v0.4.3
   Compiling data-url v0.3.2
   Compiling pathdiff v0.2.3
   Compiling ascii v1.1.0
   Compiling untrusted v0.7.1
   Compiling deno_media_type v0.2.9
   Compiling swc_ecma_ast v9.0.0
   Compiling swc_ecma_loader v9.0.0
   Compiling rsa v0.9.10
   Compiling swc_visit_macros v0.5.13
   Compiling pbkdf2 v0.12.2
   Compiling x25519-dalek v2.0.1
   Compiling urlpattern v0.3.0
   Compiling p521 v0.13.3
   Compiling p384 v0.13.1
   Compiling p256 v0.13.2
   Compiling serde_bytes v0.11.17
   Compiling aes-kw v0.2.1
   Compiling cbc v0.1.2
   Compiling flatbuffers v25.12.19
   Compiling vault v0.1.0 (/Users/acfrazier/experiments/274bot/.worktrees/rs2b0t-multirevision/.superpowers/review-exports/catalog-root-2f1bd9cf/crates/vault)
   Compiling maybe_path v0.1.3
   Compiling tokio-util v0.7.19
   Compiling wgpu-naga-bridge v29.0.4
   Compiling ed448-goldilocks v0.8.3
   Compiling serde_v8 v0.264.0
   Compiling deno_core v0.355.0
   Compiling wgpu-core-deps-apple v29.0.4
   Compiling swc_ecma_lexer v12.0.0
   Compiling swc_ecma_visit v9.0.0
   Compiling swc_ecma_codegen v11.0.0
   Compiling swc_ecma_parser v12.0.0
   Compiling deno_web v0.244.0
   Compiling deno_webidl v0.213.0
   Compiling deno_console v0.213.0
   Compiling deno_url v0.213.0
   Compiling swc_ecma_utils v13.1.0
   Compiling swc_ecma_transforms_base v13.0.0
   Compiling dprint-swc-ext v0.24.0
   Compiling client v0.1.0 (/Users/acfrazier/experiments/274bot/.worktrees/rs2b0t-multirevision/.superpowers/review-exports/catalog-root-2f1bd9cf/vendor/fr-client-rust/crates/client)
   Compiling swc_ecma_transforms_classes v13.0.0
   Compiling swc_ecma_transforms_react v15.0.0
   Compiling swc_ecma_transforms_proposal v13.0.0
   Compiling swc_ecma_transforms_typescript v15.0.0
   Compiling deno_ast v0.49.0
   Compiling deno_crypto v0.227.0
   Compiling api v0.1.0 (/Users/acfrazier/experiments/274bot/.worktrees/rs2b0t-multirevision/.superpowers/review-exports/catalog-root-2f1bd9cf/crates/api)
   Compiling rustyscript v0.12.3
   Compiling nav v0.1.0 (/Users/acfrazier/experiments/274bot/.worktrees/rs2b0t-multirevision/.superpowers/review-exports/catalog-root-2f1bd9cf/crates/nav)
   Compiling host v0.1.0 (/Users/acfrazier/experiments/274bot/.worktrees/rs2b0t-multirevision/.superpowers/review-exports/catalog-root-2f1bd9cf/crates/host)
   Compiling script v0.1.0 (/Users/acfrazier/experiments/274bot/.worktrees/rs2b0t-multirevision/.superpowers/review-exports/catalog-root-2f1bd9cf/crates/script)
   Compiling scenario v0.1.0 (/Users/acfrazier/experiments/274bot/.worktrees/rs2b0t-multirevision/.superpowers/review-exports/catalog-root-2f1bd9cf/crates/scenario)
   Compiling host-play v0.1.0 (/Users/acfrazier/experiments/274bot/.worktrees/rs2b0t-multirevision/.superpowers/review-exports/catalog-root-2f1bd9cf/crates/host-play)
    Finished `test` profile [unoptimized + debuginfo] target(s) in 28.46s
