   Compiling script v0.1.0 (/Users/acfrazier/experiments/274bot/.worktrees/rs2b0t-multirevision/.superpowers/review-exports/catalog-root-04d7b1f4/crates/script)
    Finished `test` profile [unoptimized + debuginfo] target(s) in 0.66s
     Running tests/tick_subscriber.rs (/Users/acfrazier/experiments/274bot/.worktrees/rs2b0t-multirevision/.superpowers/review-exports/t_a74e9684-combat-target/debug/deps/tick_subscriber-08b2726f6c2b1443)

running 10 tests
[rs2b0t] listener error Error: listener boom
    at file:///rs2b0t/bot/scripts/bot/bot.js:6:47
    at globalThis.__rs2b0t_fire_tick_listeners (file:///rs2b0t/bot/runtime/BotHost.js:14:13)
    at globalThis.__rs2b0t_tick_async (file:///rs2b0t/bot/scripts/bot/main.js:15:37)
    at globalThis.__rs_tick (file:///rs2b0t/bot/scripts/bot/main.js:8:16)
test add_tick_listener_on_start_does_not_fail ... ok
test same_callback_added_twice_fires_once ... ok
test start_tick_does_not_fire_later_ticks_see_posted_snapshot ... ok
test pause_freezes_listeners_and_resume_continues ... ok
test hold_freezes_listeners_and_still_paints ... ok
test reset_session_work_skips_until_next_snapshot_tick ... ok
test unsubscribe_stops_fires ... ok
test parked_delay_until_still_fires_listeners ... ok
test throwing_listener_is_isolated_from_others_and_last_error ... ok
test isolates_do_not_share_tick_listeners ... ok

test result: ok. 10 passed; 0 failed; 0 ignored; 0 measured; 0 filtered out; finished in 0.13s

