   Compiling api v0.1.0 (/Users/acfrazier/experiments/274bot/.worktrees/rs2b0t-multirevision/crates/api)
    Finished `test` profile [unoptimized + debuginfo] target(s) in 1.79s
     Running tests/interact.rs (target/debug/deps/interact-f2fa6f9749d1a9ff)

running 65 tests
test cheat_allowed_only_on_local_target ... ok
test answer_count_writes_count_dialog ... ok
test cheat_writes_client_cheat_without_colon_prefix ... ok
test close_modal_writes_close_modal_opcode ... ok
test client_driver_close_button_clears_local_modal_state ... ok
test client_driver_click_side_tab_flips_active_icon ... ok
test close_modal_sends_while_count_dialog_open ... ok
test interact_dispatches_prepared_slot ... ok
test client_driver_walk_writes_move_gameclick ... ok
test client_driver_cheat_matches_java_client_cheat ... ok
test client_driver_set_run_writes_if_button_payload ... ok
test legal_send_covers_every_client_prot ... ok
test legal_send_rows_are_selected_for_revision_289 ... ok
test login_dispatches_driver_login ... ok
test interact_dispatches_ground_item_op_through_scene_coords ... ok
test logout_presses_cc_logout_iface_and_missing_is_false ... ok
test mainland_hop_queues_tele_and_tutorial_setvar ... ok
test offers_operation_guards_range_and_usable_slots ... ok
test click_side_tab_dispatches_driver_hook_and_refuses_unavailable_tab ... ok
test op_loc_sets_menu_oploc1_then_do_action ... ok
test op_loc_translates_absolute_loc_into_scene_coords ... ok
test op_loc_uses_scene_typecode_as_menu_param_a ... ok
test interact_dispatches_loc_op_through_scene_coords ... ok
test operation_of_matches_label_case_insensitively_skipping_hidden ... ok
test clear_local_modal_refuses_when_modal_not_open_and_closes_when_open ... ok
test answer_count_writes_resume_p_countdialog_and_refuses_bad_states ... ok
test bank_withdraw_sends_while_count_dialog_open ... ok
test press_dispatches_if_button_on_child ... ok
test public_target_cheat_refuses_without_bytes_on_both_revisions ... ok
test create_interactions_wires_snapshot_and_driver ... ok
test answer_choice_presses_the_chat_option_button_and_refuses_without_one ... ok
test interact_dispatches_npc_op_through_menu ... ok
test answer_count_closes_real_client_prompt_before_next_withdrawal ... FAILED
test seed_at_sends_tutorial_setvar_then_tele ... ok
test continue_dialog_sends_pause_button_and_refuses_without_chat_modal ... ok
test close_modal_dispatches_close_button_and_refuses_with_none_open ... ok
test interactions_walk_refuses_off_scene_and_sends_when_ok ... ok
test set_run_false_presses_run_off_orb ... ok
test set_run_presses_run_orb_via_if_button_do_action ... ok
test pending_door_packet_matches_client_one_tile_walk ... ok
test tele_args_splits_world_tile_into_mapsquare ... ok
test interact_refuses_invalid_action_stale_target_and_unsupported ... ok
test open_nearest_booth_walks_when_not_adjacent ... ok
test press_dispatches_button_and_refuses_target_client_side_only ... ok
test walk_calls_try_move_from_local_route ... ok
test walk_without_local_route_is_not_sent ... ok
test walk_translates_absolute_dest_into_scene_coords ... ok
test pending_door_step_is_one_cardinal_packet_with_normal_gates ... ok
test revision_289_direct_host_writers_match_primary_bytes ... ok
test wire_command_kinds_and_reasons_compile_and_match ... ok
test set_note_mode_presses_select_graphics_under_note_item_labels ... ok
test set_run_and_retaliate_press_the_toggle_components ... ok
test login_refuses_when_ingame_and_sends_when_logged_out ... ok
test open_nearest_booth_clicks_use_quickly_on_the_same_plane ... ok
test use_item_on_selects_held_item_then_aims_target ... ok
test use_widget_on_aims_target_after_target_button ... ok
test wear_dispatches_the_held_wear_op ... ok
test wear_refuses_non_wearable_and_missing_items ... ok
test wear_accepts_a_wield_weapon_menu ... ok
test revision_289_forged_typed_send_refuses_before_any_mutation ... ok
test set_note_mode_presses_bank_note_toggle_and_refuses_without_controls ... ok
test revision_289_pending_door_step_matches_primary_bytes ... ok
test still_present_matches_identity_per_kind ... ok
test interact_refuses_when_not_attached_not_ingame_or_count_dialog_open ... ok
test revision_289_named_host_interactions_match_primary_bytes ... ok

failures:

---- answer_count_closes_real_client_prompt_before_next_withdrawal stdout ----

thread 'answer_count_closes_real_client_prompt_before_next_withdrawal' (4049963) panicked at vendor/fr-client-rust/crates/client/src/client/client.rs:4682:9:
R289 publication requires an apply outcome
note: run with `RUST_BACKTRACE=1` environment variable to display a backtrace


failures:
    answer_count_closes_real_client_prompt_before_next_withdrawal

test result: FAILED. 64 passed; 1 failed; 0 ignored; 0 measured; 0 filtered out; finished in 0.63s

error: test failed, to rerun pass `-p api --test interact`
