[panel] adapter name=Apple M4 Max backend=Metal device_type=IntegratedGpu vendor=0x0 device=0x0
[host-play] slot live1gpyau_0: thread up
274bot: loaded snapshot (4556 models, 336 anim records)
[panel] scenario capture armed: Some("alcher terminal")
[panel] live1gpyau_0: live1gpyau_0: slot up
[host-play] slot live1gpyau_0: handshake begin reconnect=false
[host-play] slot live1gpyau_0: handshake ok
[host] hitch live1gpyau_0: frame_us=70275 paints=1 skips=0 ticks=0
[panel] live1gpyau_0: live1gpyau_0: scene 1
[host] hitch live1gpyau_0: frame_us=68853 paints=25 skips=0 ticks=1
[panel] live1gpyau_0: live1gpyau_0: mainland hop queued
[panel] live1gpyau_0: live1gpyau_0: ingame
[panel] live1gpyau_0: live1gpyau_0: scene 2
live script_paint_buttons_ui: running step 1/6
[host] slot live1gpyau_0: d_loop_us=10693 d_raster_us=277415 d_observe_us=44654 max_observe_us=2393 d_paints=50 d_skips=0 d_ticks=3 window_ms=0
[panel] live1gpyau_0: live1gpyau_0: scene 1
[panel] live1gpyau_0: live1gpyau_0: ingame
[panel] live1gpyau_0: live1gpyau_0: scene 2
[host] slot live1gpyau_0: d_loop_us=10702 d_raster_us=175878 d_observe_us=59451 max_observe_us=3443 d_paints=50 d_skips=0 d_ticks=1 window_ms=1143
live script_paint_buttons_ui: running step 2/6
[host] slot live1gpyau_0: d_loop_us=1064 d_raster_us=152345 d_observe_us=27713 max_observe_us=829 d_paints=50 d_skips=0 d_ticks=2 window_ms=1151
[host-play] slot live1gpyau_0: handshake begin reconnect=true
[panel] live1gpyau_0: live1gpyau_0: scene 0
[host-play] slot live1gpyau_0: handshake ok
[panel] live1gpyau_0: live1gpyau_0: scene 1
[panel] live1gpyau_0: live1gpyau_0: ingame
[panel] live1gpyau_0: live1gpyau_0: scene 2
[host] slot live1gpyau_0: d_loop_us=13919 d_raster_us=164694 d_observe_us=72104 max_observe_us=5659 d_paints=50 d_skips=0 d_ticks=1 window_ms=0
[host] slot live1gpyau_0: d_loop_us=1105 d_raster_us=156224 d_observe_us=34435 max_observe_us=3420 d_paints=50 d_skips=0 d_ticks=3 window_ms=1151
live script_paint_buttons_ui: running step 3/6
live script_paint_buttons_ui: running step 4/6
[host] slot live1gpyau_0: d_loop_us=1075 d_raster_us=150812 d_observe_us=29373 max_observe_us=909 d_paints=50 d_skips=0 d_ticks=2 window_ms=1152
[panel] live1gpyau_0: live1gpyau_0: scene 1
[panel] live1gpyau_0: live1gpyau_0: ingame
[panel] live1gpyau_0: live1gpyau_0: scene 2
[host] slot live1gpyau_0: d_loop_us=10307 d_raster_us=166458 d_observe_us=67214 max_observe_us=6957 d_paints=50 d_skips=0 d_ticks=2 window_ms=1153
live script_paint_buttons_ui: running step 5/6
[script live1gpyau_0] start load
live script_paint_buttons_ui: running step 6/6
[host] hitch live1gpyau_0: observe_us=79812 paints=249 skips=0 ticks=10
[host] slot live1gpyau_0: d_loop_us=953 d_raster_us=168096 d_observe_us=111080 max_observe_us=79812 d_paints=50 d_skips=0 d_ticks=2 window_ms=1243
[host] hitch live1gpyau_0: observe_us=21888 paints=256 skips=0 ticks=11
[script live1gpyau_0] NatureCrafter runner starting — ferrying essence for Air runes to [paintproof] straight from the bank (unnoted)
[script live1gpyau_0] interact WalkNear { x: 3013, z: 3355, level: 0, radius: 3, allow_teleports: false }
[panel] live1gpyau_0: script: NatureCrafter runner starting — ferrying essence for Air runes to [paintproof] straight from the bank (unnoted)
[host] slot live1gpyau_0: d_loop_us=825 d_raster_us=148560 d_observe_us=64531 max_observe_us=21888 d_paints=50 d_skips=0 d_ticks=2 window_ms=1136
[nav-follow] here=WorldTile { x: 3185, z: 3440, level: 0 } walk=true transport=false leg=0 hops=1 outcome=None
[nav-walk] here=WorldTile { x: 3184, z: 3439, level: 0 } aim=WorldTile { x: 3176, z: 3432, level: 0 } radius=2 ticks_waited=0 sent_tile=Some(WorldTile { x: 3185, z: 3440, level: 0 })
[nav-follow] here=WorldTile { x: 3184, z: 3439, level: 0 } walk=true transport=false leg=0 hops=1 outcome=None
[host] hitch live1gpyau_0: observe_us=23009 paints=335 skips=0 ticks=14
[host] slot live1gpyau_0: d_loop_us=912 d_raster_us=155937 d_observe_us=71295 max_observe_us=23009 d_paints=50 d_skips=0 d_ticks=2 window_ms=1155
[nav-walk] here=WorldTile { x: 3184, z: 3437, level: 0 } aim=WorldTile { x: 3176, z: 3432, level: 0 } radius=2 ticks_waited=1 sent_tile=Some(WorldTile { x: 3185, z: 3440, level: 0 })
[nav-follow] here=WorldTile { x: 3184, z: 3437, level: 0 } walk=true transport=false leg=0 hops=1 outcome=None
[host] hitch live1gpyau_0: observe_us=18542 paints=360 skips=0 ticks=15
[nav-walk] here=WorldTile { x: 3183, z: 3435, level: 0 } aim=WorldTile { x: 3176, z: 3432, level: 0 } radius=2 ticks_waited=2 sent_tile=Some(WorldTile { x: 3185, z: 3440, level: 0 })
[nav-follow] here=WorldTile { x: 3183, z: 3435, level: 0 } walk=true transport=false leg=0 hops=1 outcome=None
[host] hitch live1gpyau_0: observe_us=24700 paints=386 skips=0 ticks=16
[host] slot live1gpyau_0: d_loop_us=922 d_raster_us=149496 d_observe_us=78671 max_observe_us=24700 d_paints=50 d_skips=0 d_ticks=2 window_ms=1168
[nav-walk] here=WorldTile { x: 3182, z: 3433, level: 0 } aim=WorldTile { x: 3176, z: 3432, level: 0 } radius=2 ticks_waited=3 sent_tile=Some(WorldTile { x: 3185, z: 3440, level: 0 })
[nav-follow] here=WorldTile { x: 3182, z: 3433, level: 0 } walk=true transport=false leg=0 hops=1 outcome=None
[host] hitch live1gpyau_0: observe_us=21940 paints=412 skips=0 ticks=17
[nav-walk] here=WorldTile { x: 3181, z: 3432, level: 0 } aim=WorldTile { x: 3176, z: 3432, level: 0 } radius=2 ticks_waited=4 sent_tile=Some(WorldTile { x: 3185, z: 3440, level: 0 })
[nav-follow] here=WorldTile { x: 3181, z: 3432, level: 0 } walk=true transport=false leg=0 hops=1 outcome=None
[host] hitch live1gpyau_0: observe_us=17429 paints=438 skips=0 ticks=18
[host] slot live1gpyau_0: d_loop_us=950 d_raster_us=161935 d_observe_us=74019 max_observe_us=21940 d_paints=50 d_skips=0 d_ticks=2 window_ms=1135
[nav-walk] here=WorldTile { x: 3179, z: 3432, level: 0 } aim=WorldTile { x: 3176, z: 3432, level: 0 } radius=2 ticks_waited=5 sent_tile=Some(WorldTile { x: 3185, z: 3440, level: 0 })
[nav-follow] here=WorldTile { x: 3179, z: 3432, level: 0 } walk=true transport=false leg=0 hops=1 outcome=None
[host] hitch live1gpyau_0: observe_us=19897 paints=465 skips=0 ticks=19
[nav-walk] here=WorldTile { x: 3177, z: 3432, level: 0 } aim=WorldTile { x: 3176, z: 3432, level: 0 } radius=2 ticks_waited=6 sent_tile=Some(WorldTile { x: 3185, z: 3440, level: 0 })
[nav-follow] here=WorldTile { x: 3177, z: 3432, level: 0 } walk=true transport=false leg=0 hops=2 outcome=None
[host] hitch live1gpyau_0: observe_us=19303 paints=491 skips=0 ticks=20
[host] slot live1gpyau_0: d_loop_us=920 d_raster_us=152530 d_observe_us=69581 max_observe_us=19897 d_paints=50 d_skips=0 d_ticks=2 window_ms=1147
[nav-walk] here=WorldTile { x: 3175, z: 3431, level: 0 } aim=WorldTile { x: 3160, z: 3423, level: 0 } radius=2 ticks_waited=0 sent_tile=Some(WorldTile { x: 3177, z: 3432, level: 0 })
[nav-follow] here=WorldTile { x: 3175, z: 3431, level: 0 } walk=true transport=false leg=0 hops=2 outcome=None
[host] hitch live1gpyau_0: observe_us=22862 paints=517 skips=0 ticks=21
[nav-walk] here=WorldTile { x: 3173, z: 3431, level: 0 } aim=WorldTile { x: 3160, z: 3423, level: 0 } radius=2 ticks_waited=1 sent_tile=Some(WorldTile { x: 3177, z: 3432, level: 0 })
[nav-follow] here=WorldTile { x: 3173, z: 3431, level: 0 } walk=true transport=false leg=0 hops=2 outcome=None
[host] hitch live1gpyau_0: observe_us=21393 paints=543 skips=0 ticks=22
[host] slot live1gpyau_0: d_loop_us=968 d_raster_us=166547 d_observe_us=88256 max_observe_us=22862 d_paints=50 d_skips=0 d_ticks=2 window_ms=1158
[nav-walk] here=WorldTile { x: 3171, z: 3429, level: 0 } aim=WorldTile { x: 3160, z: 3423, level: 0 } radius=2 ticks_waited=2 sent_tile=Some(WorldTile { x: 3177, z: 3432, level: 0 })
[nav-follow] here=WorldTile { x: 3171, z: 3429, level: 0 } walk=true transport=false leg=0 hops=2 outcome=None
[host] hitch live1gpyau_0: observe_us=19842 paints=569 skips=0 ticks=23
[nav-walk] here=WorldTile { x: 3169, z: 3428, level: 0 } aim=WorldTile { x: 3160, z: 3423, level: 0 } radius=2 ticks_waited=3 sent_tile=Some(WorldTile { x: 3177, z: 3432, level: 0 })
[nav-follow] here=WorldTile { x: 3169, z: 3428, level: 0 } walk=true transport=false leg=0 hops=2 outcome=None
[host] hitch live1gpyau_0: observe_us=22216 paints=595 skips=0 ticks=24
[host] slot live1gpyau_0: d_loop_us=825 d_raster_us=153345 d_observe_us=75462 max_observe_us=22216 d_paints=50 d_skips=0 d_ticks=2 window_ms=1144
[nav-walk] here=WorldTile { x: 3167, z: 3426, level: 0 } aim=WorldTile { x: 3160, z: 3423, level: 0 } radius=2 ticks_waited=4 sent_tile=Some(WorldTile { x: 3177, z: 3432, level: 0 })
[nav-follow] here=WorldTile { x: 3167, z: 3426, level: 0 } walk=true transport=false leg=0 hops=2 outcome=None
[host] hitch live1gpyau_0: observe_us=25328 paints=621 skips=0 ticks=25
[nav-walk] here=WorldTile { x: 3165, z: 3424, level: 0 } aim=WorldTile { x: 3160, z: 3423, level: 0 } radius=2 ticks_waited=5 sent_tile=Some(WorldTile { x: 3177, z: 3432, level: 0 })
[nav-follow] here=WorldTile { x: 3165, z: 3424, level: 0 } walk=true transport=false leg=0 hops=2 outcome=None
[host] hitch live1gpyau_0: observe_us=21495 paints=647 skips=0 ticks=26
[host] slot live1gpyau_0: d_loop_us=866 d_raster_us=152421 d_observe_us=86743 max_observe_us=25328 d_paints=50 d_skips=0 d_ticks=2 window_ms=1160
[nav-walk] here=WorldTile { x: 3163, z: 3422, level: 0 } aim=WorldTile { x: 3160, z: 3423, level: 0 } radius=2 ticks_waited=6 sent_tile=Some(WorldTile { x: 3177, z: 3432, level: 0 })
[nav-follow] here=WorldTile { x: 3163, z: 3422, level: 0 } walk=true transport=false leg=0 hops=2 outcome=None
[host] hitch live1gpyau_0: observe_us=23546 paints=672 skips=0 ticks=27
[nav-walk] here=WorldTile { x: 3161, z: 3422, level: 0 } aim=WorldTile { x: 3160, z: 3423, level: 0 } radius=2 ticks_waited=7 sent_tile=Some(WorldTile { x: 3177, z: 3432, level: 0 })
[nav-follow] here=WorldTile { x: 3161, z: 3422, level: 0 } walk=true transport=false leg=0 hops=3 outcome=None
[host] hitch live1gpyau_0: observe_us=17613 paints=698 skips=0 ticks=28
[host] slot live1gpyau_0: d_loop_us=951 d_raster_us=140854 d_observe_us=78585 max_observe_us=23546 d_paints=50 d_skips=0 d_ticks=2 window_ms=1167
[nav-walk] here=WorldTile { x: 3159, z: 3422, level: 0 } aim=WorldTile { x: 3144, z: 3421, level: 0 } radius=2 ticks_waited=0 sent_tile=Some(WorldTile { x: 3161, z: 3422, level: 0 })
[nav-follow] here=WorldTile { x: 3159, z: 3422, level: 0 } walk=true transport=false leg=0 hops=3 outcome=None
[host] hitch live1gpyau_0: observe_us=22614 paints=724 skips=0 ticks=29
[host] slot live1gpyau_0: d_loop_us=970 d_raster_us=146484 d_observe_us=56899 max_observe_us=22614 d_paints=50 d_skips=0 d_ticks=2 window_ms=1160
[nav-walk] here=WorldTile { x: 3157, z: 3422, level: 0 } aim=WorldTile { x: 3144, z: 3421, level: 0 } radius=2 ticks_waited=1 sent_tile=Some(WorldTile { x: 3161, z: 3422, level: 0 })
[nav-follow] here=WorldTile { x: 3157, z: 3422, level: 0 } walk=true transport=false leg=0 hops=3 outcome=None
[host] hitch live1gpyau_0: observe_us=18175 paints=750 skips=0 ticks=30
[nav-walk] here=WorldTile { x: 3155, z: 3422, level: 0 } aim=WorldTile { x: 3144, z: 3421, level: 0 } radius=2 ticks_waited=2 sent_tile=Some(WorldTile { x: 3161, z: 3422, level: 0 })
[nav-follow] here=WorldTile { x: 3155, z: 3422, level: 0 } walk=true transport=false leg=0 hops=3 outcome=None
[host] hitch live1gpyau_0: observe_us=19562 paints=776 skips=0 ticks=31
[script live1gpyau_0] Go bank pressed — heading to the bank to park
[panel] live1gpyau_0: script: Go bank pressed — heading to the bank to park
[host] slot live1gpyau_0: d_loop_us=837 d_raster_us=133275 d_observe_us=68241 max_observe_us=19562 d_paints=50 d_skips=0 d_ticks=1 window_ms=1149
[nav-walk] here=WorldTile { x: 3153, z: 3420, level: 0 } aim=WorldTile { x: 3144, z: 3421, level: 0 } radius=2 ticks_waited=3 sent_tile=Some(WorldTile { x: 3161, z: 3422, level: 0 })
[nav-follow] here=WorldTile { x: 3153, z: 3420, level: 0 } walk=true transport=false leg=0 hops=3 outcome=None
[host] hitch live1gpyau_0: observe_us=18584 paints=802 skips=0 ticks=32
[panel] live1gpyau_0: live1gpyau_0: scene 1
[panel] live1gpyau_0: live1gpyau_0: ingame
[panel] live1gpyau_0: live1gpyau_0: scene 2
[host] slot live1gpyau_0: d_loop_us=9665 d_raster_us=145824 d_observe_us=89962 max_observe_us=18584 d_paints=50 d_skips=0 d_ticks=2 window_ms=1151
[nav-walk] here=WorldTile { x: 3149, z: 3419, level: 0 } aim=WorldTile { x: 3144, z: 3421, level: 0 } radius=2 ticks_waited=4 sent_tile=Some(WorldTile { x: 3161, z: 3422, level: 0 })
[nav-follow] here=WorldTile { x: 3149, z: 3419, level: 0 } walk=true transport=false leg=0 hops=3 outcome=None
[host] hitch live1gpyau_0: observe_us=18181 paints=854 skips=0 ticks=34
[nav-walk] here=WorldTile { x: 3147, z: 3419, level: 0 } aim=WorldTile { x: 3144, z: 3421, level: 0 } radius=2 ticks_waited=5 sent_tile=Some(WorldTile { x: 3161, z: 3422, level: 0 })
[nav-follow] here=WorldTile { x: 3147, z: 3419, level: 0 } walk=true transport=false leg=0 hops=3 outcome=None
[host] hitch live1gpyau_0: observe_us=19324 paints=880 skips=0 ticks=35
[host] slot live1gpyau_0: d_loop_us=815 d_raster_us=139817 d_observe_us=70165 max_observe_us=19324 d_paints=50 d_skips=0 d_ticks=2 window_ms=1148
[nav-walk] here=WorldTile { x: 3145, z: 3420, level: 0 } aim=WorldTile { x: 3144, z: 3421, level: 0 } radius=2 ticks_waited=6 sent_tile=Some(WorldTile { x: 3161, z: 3422, level: 0 })
[nav-follow] here=WorldTile { x: 3145, z: 3420, level: 0 } walk=true transport=false leg=0 hops=4 outcome=None
[nav-walk] here=WorldTile { x: 3143, z: 3422, level: 0 } aim=WorldTile { x: 3128, z: 3420, level: 0 } radius=2 ticks_waited=0 sent_tile=Some(WorldTile { x: 3145, z: 3420, level: 0 })
[nav-follow] here=WorldTile { x: 3143, z: 3422, level: 0 } walk=true transport=false leg=0 hops=4 outcome=None
[host] hitch live1gpyau_0: observe_us=19070 paints=933 skips=0 ticks=37
[host] slot live1gpyau_0: d_loop_us=861 d_raster_us=137833 d_observe_us=69954 max_observe_us=19070 d_paints=50 d_skips=0 d_ticks=2 window_ms=1150
[nav-walk] here=WorldTile { x: 3141, z: 3422, level: 0 } aim=WorldTile { x: 3128, z: 3420, level: 0 } radius=2 ticks_waited=1 sent_tile=Some(WorldTile { x: 3145, z: 3420, level: 0 })
[nav-follow] here=WorldTile { x: 3141, z: 3422, level: 0 } walk=true transport=false leg=0 hops=4 outcome=None
[nav-walk] here=WorldTile { x: 3139, z: 3422, level: 0 } aim=WorldTile { x: 3128, z: 3420, level: 0 } radius=2 ticks_waited=2 sent_tile=Some(WorldTile { x: 3145, z: 3420, level: 0 })
[nav-follow] here=WorldTile { x: 3139, z: 3422, level: 0 } walk=true transport=false leg=0 hops=4 outcome=None
[host] hitch live1gpyau_0: observe_us=16450 paints=985 skips=0 ticks=39
[host] slot live1gpyau_0: d_loop_us=867 d_raster_us=129283 d_observe_us=63852 max_observe_us=16450 d_paints=50 d_skips=0 d_ticks=2 window_ms=1151
[nav-walk] here=WorldTile { x: 3137, z: 3422, level: 0 } aim=WorldTile { x: 3128, z: 3420, level: 0 } radius=2 ticks_waited=3 sent_tile=Some(WorldTile { x: 3145, z: 3420, level: 0 })
[nav-follow] here=WorldTile { x: 3137, z: 3422, level: 0 } walk=true transport=false leg=0 hops=4 outcome=None
[script live1gpyau_0] Resume pressed — back to the loop
[panel] live1gpyau_0: script: Resume pressed — back to the loop
[nav-walk] here=WorldTile { x: 3135, z: 3422, level: 0 } aim=WorldTile { x: 3128, z: 3420, level: 0 } radius=2 ticks_waited=4 sent_tile=Some(WorldTile { x: 3145, z: 3420, level: 0 })
[nav-follow] here=WorldTile { x: 3135, z: 3422, level: 0 } walk=true transport=false leg=0 hops=4 outcome=None
[host] slot live1gpyau_0: d_loop_us=883 d_raster_us=120624 d_observe_us=52187 max_observe_us=14977 d_paints=50 d_skips=0 d_ticks=2 window_ms=1150
[nav-walk] here=WorldTile { x: 3133, z: 3422, level: 0 } aim=WorldTile { x: 3128, z: 3420, level: 0 } radius=2 ticks_waited=5 sent_tile=Some(WorldTile { x: 3145, z: 3420, level: 0 })
[nav-follow] here=WorldTile { x: 3133, z: 3422, level: 0 } walk=true transport=false leg=0 hops=4 outcome=None
[nav-walk] here=WorldTile { x: 3131, z: 3422, level: 0 } aim=WorldTile { x: 3128, z: 3420, level: 0 } radius=2 ticks_waited=6 sent_tile=Some(WorldTile { x: 3145, z: 3420, level: 0 })
[nav-follow] here=WorldTile { x: 3131, z: 3422, level: 0 } walk=true transport=false leg=0 hops=4 outcome=None
[host] slot live1gpyau_0: d_loop_us=890 d_raster_us=125792 d_observe_us=38736 max_observe_us=3296 d_paints=50 d_skips=0 d_ticks=2 window_ms=1151
[nav-walk] here=WorldTile { x: 3129, z: 3421, level: 0 } aim=WorldTile { x: 3128, z: 3420, level: 0 } radius=2 ticks_waited=7 sent_tile=Some(WorldTile { x: 3145, z: 3420, level: 0 })
[nav-follow] here=WorldTile { x: 3129, z: 3421, level: 0 } walk=true transport=false leg=0 hops=5 outcome=None
[nav-walk] here=WorldTile { x: 3127, z: 3419, level: 0 } aim=WorldTile { x: 3112, z: 3421, level: 0 } radius=2 ticks_waited=0 sent_tile=Some(WorldTile { x: 3129, z: 3421, level: 0 })
[nav-follow] here=WorldTile { x: 3127, z: 3419, level: 0 } walk=true transport=false leg=0 hops=5 outcome=None
[host] slot live1gpyau_0: d_loop_us=912 d_raster_us=130050 d_observe_us=44684 max_observe_us=3943 d_paints=50 d_skips=0 d_ticks=2 window_ms=1161
[nav-walk] here=WorldTile { x: 3125, z: 3419, level: 0 } aim=WorldTile { x: 3112, z: 3421, level: 0 } radius=2 ticks_waited=1 sent_tile=Some(WorldTile { x: 3129, z: 3421, level: 0 })
[nav-follow] here=WorldTile { x: 3125, z: 3419, level: 0 } walk=true transport=false leg=0 hops=5 outcome=None
[nav-walk] here=WorldTile { x: 3123, z: 3419, level: 0 } aim=WorldTile { x: 3112, z: 3421, level: 0 } radius=2 ticks_waited=2 sent_tile=Some(WorldTile { x: 3129, z: 3421, level: 0 })
[nav-follow] here=WorldTile { x: 3123, z: 3419, level: 0 } walk=true transport=false leg=0 hops=5 outcome=None
[host] slot live1gpyau_0: d_loop_us=838 d_raster_us=130827 d_observe_us=36829 max_observe_us=966 d_paints=50 d_skips=0 d_ticks=2 window_ms=1143
[nav-walk] here=WorldTile { x: 3121, z: 3418, level: 0 } aim=WorldTile { x: 3112, z: 3421, level: 0 } radius=2 ticks_waited=3 sent_tile=Some(WorldTile { x: 3129, z: 3421, level: 0 })
[nav-follow] here=WorldTile { x: 3121, z: 3418, level: 0 } walk=true transport=false leg=0 hops=5 outcome=None
[nav-walk] here=WorldTile { x: 3119, z: 3418, level: 0 } aim=WorldTile { x: 3112, z: 3421, level: 0 } radius=2 ticks_waited=4 sent_tile=Some(WorldTile { x: 3129, z: 3421, level: 0 })
[nav-follow] here=WorldTile { x: 3119, z: 3418, level: 0 } walk=true transport=false leg=0 hops=5 outcome=None
[host] slot live1gpyau_0: d_loop_us=824 d_raster_us=130105 d_observe_us=36794 max_observe_us=1010 d_paints=50 d_skips=0 d_ticks=2 window_ms=1141
[nav-walk] here=WorldTile { x: 3117, z: 3419, level: 0 } aim=WorldTile { x: 3112, z: 3421, level: 0 } radius=2 ticks_waited=5 sent_tile=Some(WorldTile { x: 3129, z: 3421, level: 0 })
[nav-follow] here=WorldTile { x: 3117, z: 3419, level: 0 } walk=true transport=false leg=0 hops=5 outcome=None
[nav-walk] here=WorldTile { x: 3115, z: 3419, level: 0 } aim=WorldTile { x: 3112, z: 3421, level: 0 } radius=2 ticks_waited=6 sent_tile=Some(WorldTile { x: 3129, z: 3421, level: 0 })
[nav-follow] here=WorldTile { x: 3115, z: 3419, level: 0 } walk=true transport=false leg=0 hops=5 outcome=None
[host] slot live1gpyau_0: d_loop_us=854 d_raster_us=143607 d_observe_us=38734 max_observe_us=1212 d_paints=50 d_skips=0 d_ticks=2 window_ms=1159
[nav-walk] here=WorldTile { x: 3113, z: 3420, level: 0 } aim=WorldTile { x: 3112, z: 3421, level: 0 } radius=2 ticks_waited=7 sent_tile=Some(WorldTile { x: 3129, z: 3421, level: 0 })
[nav-follow] here=WorldTile { x: 3113, z: 3420, level: 0 } walk=true transport=false leg=0 hops=6 outcome=None
[panel] live1gpyau_0: live1gpyau_0: scene 1
[host] slot live1gpyau_0: d_loop_us=940 d_raster_us=134636 d_observe_us=43879 max_observe_us=6765 d_paints=50 d_skips=0 d_ticks=2 window_ms=1170
[panel] live1gpyau_0: live1gpyau_0: ingame
[panel] live1gpyau_0: live1gpyau_0: scene 2
[nav-walk] here=WorldTile { x: 3109, z: 3420, level: 0 } aim=WorldTile { x: 3097, z: 3421, level: 0 } radius=2 ticks_waited=0 sent_tile=Some(WorldTile { x: 3113, z: 3420, level: 0 })
[nav-follow] here=WorldTile { x: 3109, z: 3420, level: 0 } walk=true transport=false leg=0 hops=6 outcome=None
[host] slot live1gpyau_0: d_loop_us=11071 d_raster_us=150553 d_observe_us=62978 max_observe_us=3824 d_paints=50 d_skips=0 d_ticks=1 window_ms=1149
[nav-walk] here=WorldTile { x: 3107, z: 3420, level: 0 } aim=WorldTile { x: 3097, z: 3421, level: 0 } radius=2 ticks_waited=1 sent_tile=Some(WorldTile { x: 3113, z: 3420, level: 0 })
[nav-follow] here=WorldTile { x: 3107, z: 3420, level: 0 } walk=true transport=false leg=0 hops=6 outcome=None
[nav-walk] here=WorldTile { x: 3105, z: 3420, level: 0 } aim=WorldTile { x: 3097, z: 3421, level: 0 } radius=2 ticks_waited=2 sent_tile=Some(WorldTile { x: 3113, z: 3420, level: 0 })
[nav-follow] here=WorldTile { x: 3105, z: 3420, level: 0 } walk=true transport=false leg=0 hops=6 outcome=None
[host] slot live1gpyau_0: d_loop_us=830 d_raster_us=132002 d_observe_us=32482 max_observe_us=988 d_paints=50 d_skips=0 d_ticks=2 window_ms=1161
[nav-walk] here=WorldTile { x: 3103, z: 3420, level: 0 } aim=WorldTile { x: 3097, z: 3421, level: 0 } radius=2 ticks_waited=3 sent_tile=Some(WorldTile { x: 3113, z: 3420, level: 0 })
[nav-follow] here=WorldTile { x: 3103, z: 3420, level: 0 } walk=true transport=false leg=0 hops=6 outcome=None
[nav-walk] here=WorldTile { x: 3101, z: 3420, level: 0 } aim=WorldTile { x: 3097, z: 3421, level: 0 } radius=2 ticks_waited=4 sent_tile=Some(WorldTile { x: 3113, z: 3420, level: 0 })
[nav-follow] here=WorldTile { x: 3101, z: 3420, level: 0 } walk=true transport=false leg=0 hops=6 outcome=None
[host] slot live1gpyau_0: d_loop_us=920 d_raster_us=139447 d_observe_us=43087 max_observe_us=4297 d_paints=50 d_skips=0 d_ticks=2 window_ms=1162
[nav-walk] here=WorldTile { x: 3099, z: 3420, level: 0 } aim=WorldTile { x: 3097, z: 3421, level: 0 } radius=2 ticks_waited=5 sent_tile=Some(WorldTile { x: 3113, z: 3420, level: 0 })
[nav-follow] here=WorldTile { x: 3099, z: 3420, level: 0 } walk=true transport=false leg=0 hops=7 outcome=None
[nav-walk] here=WorldTile { x: 3097, z: 3420, level: 0 } aim=WorldTile { x: 3081, z: 3425, level: 0 } radius=2 ticks_waited=0 sent_tile=Some(WorldTile { x: 3099, z: 3420, level: 0 })
[nav-follow] here=WorldTile { x: 3097, z: 3420, level: 0 } walk=true transport=false leg=0 hops=7 outcome=None
[host] slot live1gpyau_0: d_loop_us=885 d_raster_us=161390 d_observe_us=35667 max_observe_us=1005 d_paints=50 d_skips=0 d_ticks=2 window_ms=1157
[nav-walk] here=WorldTile { x: 3095, z: 3420, level: 0 } aim=WorldTile { x: 3081, z: 3425, level: 0 } radius=2 ticks_waited=1 sent_tile=Some(WorldTile { x: 3099, z: 3420, level: 0 })
[nav-follow] here=WorldTile { x: 3095, z: 3420, level: 0 } walk=true transport=false leg=0 hops=7 outcome=None
[nav-walk] here=WorldTile { x: 3093, z: 3420, level: 0 } aim=WorldTile { x: 3081, z: 3425, level: 0 } radius=2 ticks_waited=2 sent_tile=Some(WorldTile { x: 3099, z: 3420, level: 0 })
[nav-follow] here=WorldTile { x: 3093, z: 3420, level: 0 } walk=true transport=false leg=0 hops=7 outcome=None
[host] slot live1gpyau_0: d_loop_us=960 d_raster_us=161921 d_observe_us=39025 max_observe_us=3391 d_paints=50 d_skips=0 d_ticks=2 window_ms=1142
[nav-walk] here=WorldTile { x: 3091, z: 3420, level: 0 } aim=WorldTile { x: 3081, z: 3425, level: 0 } radius=2 ticks_waited=3 sent_tile=Some(WorldTile { x: 3099, z: 3420, level: 0 })
[nav-follow] here=WorldTile { x: 3091, z: 3420, level: 0 } walk=true transport=false leg=0 hops=7 outcome=None
[nav-walk] here=WorldTile { x: 3089, z: 3421, level: 0 } aim=WorldTile { x: 3081, z: 3425, level: 0 } radius=2 ticks_waited=4 sent_tile=Some(WorldTile { x: 3099, z: 3420, level: 0 })
[nav-follow] here=WorldTile { x: 3089, z: 3421, level: 0 } walk=true transport=false leg=0 hops=7 outcome=None
[host] slot live1gpyau_0: d_loop_us=1006 d_raster_us=185319 d_observe_us=34924 max_observe_us=1121 d_paints=50 d_skips=0 d_ticks=2 window_ms=1139
[nav-walk] here=WorldTile { x: 3087, z: 3421, level: 0 } aim=WorldTile { x: 3081, z: 3425, level: 0 } radius=2 ticks_waited=5 sent_tile=Some(WorldTile { x: 3099, z: 3420, level: 0 })
[nav-follow] here=WorldTile { x: 3087, z: 3421, level: 0 } walk=true transport=false leg=0 hops=7 outcome=None
[nav-walk] here=WorldTile { x: 3085, z: 3421, level: 0 } aim=WorldTile { x: 3081, z: 3425, level: 0 } radius=2 ticks_waited=6 sent_tile=Some(WorldTile { x: 3099, z: 3420, level: 0 })
[nav-follow] here=WorldTile { x: 3085, z: 3421, level: 0 } walk=true transport=false leg=0 hops=7 outcome=None
[host] slot live1gpyau_0: d_loop_us=1065 d_raster_us=220734 d_observe_us=40389 max_observe_us=3596 d_paints=50 d_skips=0 d_ticks=2 window_ms=1135
[nav-walk] here=WorldTile { x: 3083, z: 3423, level: 0 } aim=WorldTile { x: 3081, z: 3425, level: 0 } radius=2 ticks_waited=7 sent_tile=Some(WorldTile { x: 3099, z: 3420, level: 0 })
[nav-follow] here=WorldTile { x: 3083, z: 3423, level: 0 } walk=true transport=false leg=0 hops=8 outcome=None
[nav-walk] here=WorldTile { x: 3081, z: 3423, level: 0 } aim=WorldTile { x: 3067, z: 3413, level: 0 } radius=2 ticks_waited=0 sent_tile=Some(WorldTile { x: 3083, z: 3423, level: 0 })
[nav-follow] here=WorldTile { x: 3081, z: 3423, level: 0 } walk=true transport=false leg=0 hops=8 outcome=None
[host] slot live1gpyau_0: d_loop_us=1094 d_raster_us=210900 d_observe_us=35049 max_observe_us=923 d_paints=50 d_skips=0 d_ticks=2 window_ms=1142
[nav-walk] here=WorldTile { x: 3079, z: 3423, level: 0 } aim=WorldTile { x: 3067, z: 3413, level: 0 } radius=2 ticks_waited=1 sent_tile=Some(WorldTile { x: 3083, z: 3423, level: 0 })
[nav-follow] here=WorldTile { x: 3079, z: 3423, level: 0 } walk=true transport=false leg=0 hops=8 outcome=None
[nav-walk] here=WorldTile { x: 3077, z: 3421, level: 0 } aim=WorldTile { x: 3067, z: 3413, level: 0 } radius=2 ticks_waited=2 sent_tile=Some(WorldTile { x: 3083, z: 3423, level: 0 })
[nav-follow] here=WorldTile { x: 3077, z: 3421, level: 0 } walk=true transport=false leg=0 hops=8 outcome=None
[host] slot live1gpyau_0: d_loop_us=1010 d_raster_us=204871 d_observe_us=35191 max_observe_us=1015 d_paints=50 d_skips=0 d_ticks=2 window_ms=1159
[nav-walk] here=WorldTile { x: 3075, z: 3421, level: 0 } aim=WorldTile { x: 3067, z: 3413, level: 0 } radius=2 ticks_waited=3 sent_tile=Some(WorldTile { x: 3083, z: 3423, level: 0 })
[nav-follow] here=WorldTile { x: 3075, z: 3421, level: 0 } walk=true transport=false leg=0 hops=8 outcome=None
[nav-walk] here=WorldTile { x: 3073, z: 3419, level: 0 } aim=WorldTile { x: 3067, z: 3413, level: 0 } radius=2 ticks_waited=4 sent_tile=Some(WorldTile { x: 3083, z: 3423, level: 0 })
[nav-follow] here=WorldTile { x: 3073, z: 3419, level: 0 } walk=true transport=false leg=0 hops=8 outcome=None
[host] slot live1gpyau_0: d_loop_us=948 d_raster_us=192536 d_observe_us=34519 max_observe_us=1138 d_paints=50 d_skips=0 d_ticks=2 window_ms=1156
[panel] live1gpyau_0: live1gpyau_0: scene 1
[panel] live1gpyau_0: live1gpyau_0: ingame
[panel] live1gpyau_0: live1gpyau_0: scene 2
[nav-walk] here=WorldTile { x: 3069, z: 3417, level: 0 } aim=WorldTile { x: 3067, z: 3413, level: 0 } radius=2 ticks_waited=5 sent_tile=Some(WorldTile { x: 3083, z: 3423, level: 0 })
[nav-follow] here=WorldTile { x: 3069, z: 3417, level: 0 } walk=true transport=false leg=0 hops=8 outcome=None
[host] slot live1gpyau_0: d_loop_us=9229 d_raster_us=174329 d_observe_us=73260 max_observe_us=6886 d_paints=50 d_skips=0 d_ticks=2 window_ms=1146
[nav-walk] here=WorldTile { x: 3068, z: 3415, level: 0 } aim=WorldTile { x: 3067, z: 3413, level: 0 } radius=2 ticks_waited=6 sent_tile=Some(WorldTile { x: 3083, z: 3423, level: 0 })
[nav-follow] here=WorldTile { x: 3068, z: 3415, level: 0 } walk=true transport=false leg=0 hops=9 outcome=None
[nav-walk] here=WorldTile { x: 3067, z: 3413, level: 0 } aim=WorldTile { x: 3067, z: 3397, level: 0 } radius=2 ticks_waited=0 sent_tile=Some(WorldTile { x: 3068, z: 3415, level: 0 })
[nav-follow] here=WorldTile { x: 3067, z: 3413, level: 0 } walk=true transport=false leg=0 hops=9 outcome=None
[host] slot live1gpyau_0: d_loop_us=964 d_raster_us=139066 d_observe_us=48892 max_observe_us=14302 d_paints=50 d_skips=0 d_ticks=2 window_ms=1148
[nav-walk] here=WorldTile { x: 3067, z: 3411, level: 0 } aim=WorldTile { x: 3067, z: 3397, level: 0 } radius=2 ticks_waited=1 sent_tile=Some(WorldTile { x: 3068, z: 3415, level: 0 })
[nav-follow] here=WorldTile { x: 3067, z: 3411, level: 0 } walk=true transport=false leg=0 hops=9 outcome=None
[host] slot live1gpyau_0: d_loop_us=800 d_raster_us=123605 d_observe_us=43800 max_observe_us=13753 d_paints=50 d_skips=0 d_ticks=1 window_ms=1144
[nav-walk] here=WorldTile { x: 3067, z: 3409, level: 0 } aim=WorldTile { x: 3067, z: 3397, level: 0 } radius=2 ticks_waited=2 sent_tile=Some(WorldTile { x: 3068, z: 3415, level: 0 })
[nav-follow] here=WorldTile { x: 3067, z: 3409, level: 0 } walk=true transport=false leg=0 hops=9 outcome=None
[nav-walk] here=WorldTile { x: 3067, z: 3407, level: 0 } aim=WorldTile { x: 3067, z: 3397, level: 0 } radius=2 ticks_waited=3 sent_tile=Some(WorldTile { x: 3068, z: 3415, level: 0 })
[nav-follow] here=WorldTile { x: 3067, z: 3407, level: 0 } walk=true transport=false leg=0 hops=9 outcome=None
[host] hitch live1gpyau_0: observe_us=16101 paints=2027 skips=0 ticks=79
[host] slot live1gpyau_0: d_loop_us=784 d_raster_us=109756 d_observe_us=60525 max_observe_us=16101 d_paints=50 d_skips=0 d_ticks=2 window_ms=1152
[nav-walk] here=WorldTile { x: 3066, z: 3405, level: 0 } aim=WorldTile { x: 3067, z: 3397, level: 0 } radius=2 ticks_waited=4 sent_tile=Some(WorldTile { x: 3068, z: 3415, level: 0 })
[nav-follow] here=WorldTile { x: 3066, z: 3405, level: 0 } walk=true transport=false leg=0 hops=9 outcome=None
[nav-walk] here=WorldTile { x: 3066, z: 3403, level: 0 } aim=WorldTile { x: 3067, z: 3397, level: 0 } radius=2 ticks_waited=5 sent_tile=Some(WorldTile { x: 3068, z: 3415, level: 0 })
[nav-follow] here=WorldTile { x: 3066, z: 3403, level: 0 } walk=true transport=false leg=0 hops=9 outcome=None
[host] slot live1gpyau_0: d_loop_us=737 d_raster_us=107841 d_observe_us=56717 max_observe_us=14089 d_paints=50 d_skips=0 d_ticks=2 window_ms=1170
[nav-walk] here=WorldTile { x: 3066, z: 3401, level: 0 } aim=WorldTile { x: 3067, z: 3397, level: 0 } radius=2 ticks_waited=6 sent_tile=Some(WorldTile { x: 3068, z: 3415, level: 0 })
[nav-follow] here=WorldTile { x: 3066, z: 3401, level: 0 } walk=true transport=false leg=0 hops=9 outcome=None
[nav-walk] here=WorldTile { x: 3066, z: 3399, level: 0 } aim=WorldTile { x: 3067, z: 3397, level: 0 } radius=2 ticks_waited=7 sent_tile=Some(WorldTile { x: 3068, z: 3415, level: 0 })
[nav-follow] here=WorldTile { x: 3066, z: 3399, level: 0 } walk=true transport=false leg=0 hops=10 outcome=None
[host] slot live1gpyau_0: d_loop_us=718 d_raster_us=110706 d_observe_us=60158 max_observe_us=15487 d_paints=50 d_skips=0 d_ticks=2 window_ms=1153
[nav-walk] here=WorldTile { x: 3066, z: 3397, level: 0 } aim=WorldTile { x: 3069, z: 3381, level: 0 } radius=2 ticks_waited=0 sent_tile=Some(WorldTile { x: 3066, z: 3399, level: 0 })
[nav-follow] here=WorldTile { x: 3066, z: 3397, level: 0 } walk=true transport=false leg=0 hops=10 outcome=None
[nav-walk] here=WorldTile { x: 3066, z: 3395, level: 0 } aim=WorldTile { x: 3069, z: 3381, level: 0 } radius=2 ticks_waited=1 sent_tile=Some(WorldTile { x: 3066, z: 3399, level: 0 })
[nav-follow] here=WorldTile { x: 3066, z: 3395, level: 0 } walk=true transport=false leg=0 hops=10 outcome=None
[host] slot live1gpyau_0: d_loop_us=709 d_raster_us=103930 d_observe_us=42354 max_observe_us=13901 d_paints=50 d_skips=0 d_ticks=2 window_ms=1156
[nav-walk] here=WorldTile { x: 3066, z: 3393, level: 0 } aim=WorldTile { x: 3069, z: 3381, level: 0 } radius=2 ticks_waited=2 sent_tile=Some(WorldTile { x: 3066, z: 3399, level: 0 })
[nav-follow] here=WorldTile { x: 3066, z: 3393, level: 0 } walk=true transport=false leg=0 hops=10 outcome=None
[nav-walk] here=WorldTile { x: 3066, z: 3391, level: 0 } aim=WorldTile { x: 3069, z: 3381, level: 0 } radius=2 ticks_waited=3 sent_tile=Some(WorldTile { x: 3066, z: 3399, level: 0 })
[nav-follow] here=WorldTile { x: 3066, z: 3391, level: 0 } walk=true transport=false leg=0 hops=10 outcome=None
[host] slot live1gpyau_0: d_loop_us=676 d_raster_us=100188 d_observe_us=29942 max_observe_us=847 d_paints=50 d_skips=0 d_ticks=2 window_ms=1151
[nav-walk] here=WorldTile { x: 3066, z: 3389, level: 0 } aim=WorldTile { x: 3069, z: 3381, level: 0 } radius=2 ticks_waited=4 sent_tile=Some(WorldTile { x: 3066, z: 3399, level: 0 })
[nav-follow] here=WorldTile { x: 3066, z: 3389, level: 0 } walk=true transport=false leg=0 hops=10 outcome=None
[nav-walk] here=WorldTile { x: 3066, z: 3387, level: 0 } aim=WorldTile { x: 3069, z: 3381, level: 0 } radius=2 ticks_waited=5 sent_tile=Some(WorldTile { x: 3066, z: 3399, level: 0 })
[nav-follow] here=WorldTile { x: 3066, z: 3387, level: 0 } walk=true transport=false leg=0 hops=10 outcome=None
[host] slot live1gpyau_0: d_loop_us=655 d_raster_us=97198 d_observe_us=32667 max_observe_us=3466 d_paints=50 d_skips=0 d_ticks=2 window_ms=1158
[nav-walk] here=WorldTile { x: 3066, z: 3385, level: 0 } aim=WorldTile { x: 3069, z: 3381, level: 0 } radius=2 ticks_waited=6 sent_tile=Some(WorldTile { x: 3066, z: 3399, level: 0 })
[nav-follow] here=WorldTile { x: 3066, z: 3385, level: 0 } walk=true transport=false leg=0 hops=10 outcome=None
[panel] live1gpyau_0: live1gpyau_0: scene 1
[panel] live1gpyau_0: live1gpyau_0: ingame
[panel] live1gpyau_0: live1gpyau_0: scene 2
[host] slot live1gpyau_0: d_loop_us=7570 d_raster_us=107650 d_observe_us=63624 max_observe_us=6025 d_paints=50 d_skips=0 d_ticks=2 window_ms=1164
[nav-walk] here=WorldTile { x: 3069, z: 3381, level: 0 } aim=WorldTile { x: 3069, z: 3381, level: 0 } radius=2 ticks_waited=7 sent_tile=Some(WorldTile { x: 3066, z: 3399, level: 0 })
[nav-follow] here=WorldTile { x: 3069, z: 3381, level: 0 } walk=true transport=false leg=0 hops=11 outcome=None
[nav-walk] here=WorldTile { x: 3069, z: 3379, level: 0 } aim=WorldTile { x: 3067, z: 3365, level: 0 } radius=2 ticks_waited=0 sent_tile=Some(WorldTile { x: 3069, z: 3381, level: 0 })
[nav-follow] here=WorldTile { x: 3069, z: 3379, level: 0 } walk=true transport=false leg=0 hops=11 outcome=None
[host] slot live1gpyau_0: d_loop_us=650 d_raster_us=101246 d_observe_us=32629 max_observe_us=2894 d_paints=50 d_skips=0 d_ticks=2 window_ms=1156
[nav-walk] here=WorldTile { x: 3069, z: 3377, level: 0 } aim=WorldTile { x: 3067, z: 3365, level: 0 } radius=2 ticks_waited=1 sent_tile=Some(WorldTile { x: 3069, z: 3381, level: 0 })
[nav-follow] here=WorldTile { x: 3069, z: 3377, level: 0 } walk=true transport=false leg=0 hops=11 outcome=None
[nav-walk] here=WorldTile { x: 3069, z: 3375, level: 0 } aim=WorldTile { x: 3067, z: 3365, level: 0 } radius=2 ticks_waited=2 sent_tile=Some(WorldTile { x: 3069, z: 3381, level: 0 })
[nav-follow] here=WorldTile { x: 3069, z: 3375, level: 0 } walk=true transport=false leg=0 hops=11 outcome=None
[host] slot live1gpyau_0: d_loop_us=823 d_raster_us=118225 d_observe_us=41381 max_observe_us=4133 d_paints=50 d_skips=0 d_ticks=2 window_ms=1149
[nav-walk] here=WorldTile { x: 3069, z: 3373, level: 0 } aim=WorldTile { x: 3067, z: 3365, level: 0 } radius=2 ticks_waited=3 sent_tile=Some(WorldTile { x: 3069, z: 3381, level: 0 })
[nav-follow] here=WorldTile { x: 3069, z: 3373, level: 0 } walk=true transport=false leg=0 hops=11 outcome=None
[nav-walk] here=WorldTile { x: 3069, z: 3371, level: 0 } aim=WorldTile { x: 3067, z: 3365, level: 0 } radius=2 ticks_waited=4 sent_tile=Some(WorldTile { x: 3069, z: 3381, level: 0 })
[nav-follow] here=WorldTile { x: 3069, z: 3371, level: 0 } walk=true transport=false leg=0 hops=11 outcome=None
[host] slot live1gpyau_0: d_loop_us=835 d_raster_us=135860 d_observe_us=38458 max_observe_us=989 d_paints=50 d_skips=0 d_ticks=2 window_ms=1146
[nav-walk] here=WorldTile { x: 3069, z: 3369, level: 0 } aim=WorldTile { x: 3067, z: 3365, level: 0 } radius=2 ticks_waited=5 sent_tile=Some(WorldTile { x: 3069, z: 3381, level: 0 })
[nav-follow] here=WorldTile { x: 3069, z: 3369, level: 0 } walk=true transport=false leg=0 hops=11 outcome=None
[nav-walk] here=WorldTile { x: 3069, z: 3367, level: 0 } aim=WorldTile { x: 3067, z: 3365, level: 0 } radius=2 ticks_waited=6 sent_tile=Some(WorldTile { x: 3069, z: 3381, level: 0 })
[nav-follow] here=WorldTile { x: 3069, z: 3367, level: 0 } walk=true transport=false leg=0 hops=12 outcome=None
[host] slot live1gpyau_0: d_loop_us=842 d_raster_us=155407 d_observe_us=45056 max_observe_us=3968 d_paints=50 d_skips=0 d_ticks=2 window_ms=1159
[nav-walk] here=WorldTile { x: 3067, z: 3365, level: 0 } aim=WorldTile { x: 3060, z: 3358, level: 0 } radius=0 ticks_waited=0 sent_tile=Some(WorldTile { x: 3069, z: 3367, level: 0 })
[nav-follow] here=WorldTile { x: 3067, z: 3365, level: 0 } walk=true transport=false leg=0 hops=12 outcome=None
[nav-walk] here=WorldTile { x: 3065, z: 3363, level: 0 } aim=WorldTile { x: 3060, z: 3358, level: 0 } radius=0 ticks_waited=1 sent_tile=Some(WorldTile { x: 3069, z: 3367, level: 0 })
[nav-follow] here=WorldTile { x: 3065, z: 3363, level: 0 } walk=true transport=false leg=0 hops=12 outcome=None
[host] slot live1gpyau_0: d_loop_us=747 d_raster_us=152447 d_observe_us=34609 max_observe_us=958 d_paints=50 d_skips=0 d_ticks=2 window_ms=1149
[nav-walk] here=WorldTile { x: 3063, z: 3361, level: 0 } aim=WorldTile { x: 3060, z: 3358, level: 0 } radius=0 ticks_waited=2 sent_tile=Some(WorldTile { x: 3069, z: 3367, level: 0 })
[nav-follow] here=WorldTile { x: 3063, z: 3361, level: 0 } walk=true transport=false leg=0 hops=12 outcome=None
[host] slot live1gpyau_0: d_loop_us=867 d_raster_us=159247 d_observe_us=45895 max_observe_us=4853 d_paints=50 d_skips=0 d_ticks=2 window_ms=1155
[nav-walk] here=WorldTile { x: 3061, z: 3359, level: 0 } aim=WorldTile { x: 3060, z: 3358, level: 0 } radius=0 ticks_waited=3 sent_tile=Some(WorldTile { x: 3069, z: 3367, level: 0 })
[nav-follow] here=WorldTile { x: 3061, z: 3359, level: 0 } walk=true transport=false leg=0 hops=12 outcome=None
[nav-walk] here=WorldTile { x: 3060, z: 3358, level: 0 } aim=WorldTile { x: 3060, z: 3358, level: 0 } radius=0 ticks_waited=4 sent_tile=Some(WorldTile { x: 3069, z: 3367, level: 0 })
[nav-follow] here=WorldTile { x: 3060, z: 3358, level: 0 } walk=false transport=true leg=1 hops=12 outcome=None
[host] slot live1gpyau_0: d_loop_us=842 d_raster_us=151191 d_observe_us=45723 max_observe_us=4454 d_paints=50 d_skips=0 d_ticks=1 window_ms=1158
[nav-transport] here=WorldTile { x: 3060, z: 3358, level: 0 } to=WorldTile { x: 3059, z: 3357, level: 1 } troll=false ticks_waited=0 loc_id=1750 open=false
[nav-follow] here=WorldTile { x: 3060, z: 3358, level: 0 } walk=false transport=false leg=1 hops=12 outcome=Some(Refused { at: WorldTile { x: 3060, z: 3358, level: 0 }, reason: Unreachable })
[host] slot live1gpyau_0: d_loop_us=908 d_raster_us=146473 d_observe_us=34937 max_observe_us=1116 d_paints=50 d_skips=0 d_ticks=2 window_ms=1152
[host] slot live1gpyau_0: d_loop_us=741 d_raster_us=133327 d_observe_us=30124 max_observe_us=832 d_paints=50 d_skips=0 d_ticks=2 window_ms=1164
[host] slot live1gpyau_0: d_loop_us=766 d_raster_us=124140 d_observe_us=30377 max_observe_us=1028 d_paints=50 d_skips=0 d_ticks=2 window_ms=1144
[host] slot live1gpyau_0: d_loop_us=753 d_raster_us=142933 d_observe_us=33534 max_observe_us=950 d_paints=50 d_skips=0 d_ticks=2 window_ms=1162
[host] slot live1gpyau_0: d_loop_us=726 d_raster_us=130349 d_observe_us=30249 max_observe_us=829 d_paints=50 d_skips=0 d_ticks=2 window_ms=1165
[host] slot live1gpyau_0: d_loop_us=802 d_raster_us=146989 d_observe_us=35141 max_observe_us=966 d_paints=50 d_skips=0 d_ticks=2 window_ms=1153
[host] slot live1gpyau_0: d_loop_us=679 d_raster_us=128633 d_observe_us=29446 max_observe_us=1028 d_paints=50 d_skips=0 d_ticks=2 window_ms=1153
[host] slot live1gpyau_0: d_loop_us=671 d_raster_us=116439 d_observe_us=27739 max_observe_us=1129 d_paints=50 d_skips=0 d_ticks=2 window_ms=1153
[host] slot live1gpyau_0: d_loop_us=765 d_raster_us=127913 d_observe_us=29694 max_observe_us=854 d_paints=50 d_skips=0 d_ticks=2 window_ms=1165
[host] slot live1gpyau_0: d_loop_us=750 d_raster_us=138808 d_observe_us=32972 max_observe_us=869 d_paints=50 d_skips=0 d_ticks=2 window_ms=1160
[host] slot live1gpyau_0: d_loop_us=710 d_raster_us=139012 d_observe_us=32013 max_observe_us=1008 d_paints=50 d_skips=0 d_ticks=2 window_ms=1139
[host] slot live1gpyau_0: d_loop_us=682 d_raster_us=126973 d_observe_us=29987 max_observe_us=848 d_paints=50 d_skips=0 d_ticks=2 window_ms=1154
[host] slot live1gpyau_0: d_loop_us=724 d_raster_us=132547 d_observe_us=32140 max_observe_us=996 d_paints=50 d_skips=0 d_ticks=1 window_ms=1156
[host] slot live1gpyau_0: d_loop_us=721 d_raster_us=129435 d_observe_us=30118 max_observe_us=946 d_paints=50 d_skips=0 d_ticks=2 window_ms=1151
[host] slot live1gpyau_0: d_loop_us=622 d_raster_us=107660 d_observe_us=25466 max_observe_us=810 d_paints=50 d_skips=0 d_ticks=2 window_ms=1159
[host] slot live1gpyau_0: d_loop_us=626 d_raster_us=110347 d_observe_us=25958 max_observe_us=751 d_paints=50 d_skips=0 d_ticks=2 window_ms=1162
[host] slot live1gpyau_0: d_loop_us=608 d_raster_us=108736 d_observe_us=25583 max_observe_us=867 d_paints=50 d_skips=0 d_ticks=2 window_ms=1157
[host] slot live1gpyau_0: d_loop_us=615 d_raster_us=106974 d_observe_us=25764 max_observe_us=709 d_paints=50 d_skips=0 d_ticks=2 window_ms=1142
[host] slot live1gpyau_0: d_loop_us=623 d_raster_us=107007 d_observe_us=26763 max_observe_us=918 d_paints=50 d_skips=0 d_ticks=2 window_ms=1159
[host] slot live1gpyau_0: d_loop_us=692 d_raster_us=119272 d_observe_us=28005 max_observe_us=939 d_paints=50 d_skips=0 d_ticks=2 window_ms=1151
[host] slot live1gpyau_0: d_loop_us=735 d_raster_us=134859 d_observe_us=30637 max_observe_us=874 d_paints=50 d_skips=0 d_ticks=2 window_ms=1148
[host] slot live1gpyau_0: d_loop_us=732 d_raster_us=134294 d_observe_us=30676 max_observe_us=859 d_paints=50 d_skips=0 d_ticks=2 window_ms=1156
[host] slot live1gpyau_0: d_loop_us=694 d_raster_us=132625 d_observe_us=30776 max_observe_us=874 d_paints=50 d_skips=0 d_ticks=2 window_ms=1152
[panel] scenario capture requested: alcher terminal
[host] hitch live1gpyau_0: observe_us=73670 paints=3870 skips=0 ticks=150
[panel] capture readback requested: 1
[host] slot live1gpyau_0: d_loop_us=722 d_raster_us=124709 d_observe_us=99477 max_observe_us=73670 d_paints=50 d_skips=0 d_ticks=2 window_ms=1208
[panel] shot alcher terminal -> /Users/acfrazier/experiments/274bot/.worktrees/rs2b0t-multirevision/docs/compat/evidence/catalog-headed/r274-paint-buttons-ui-8e7d965b-paint025-controls/shots/2026-09-11T14-19-02_18321/2026-09-11T14-20-36_alcher_terminal.png
FAIL: live script_paint_buttons_ui {"scenario":"paint_buttons_ui","outcome":"FAIL","predicate":"stat_xp_gain(6)>=1","ticks":153,"elapsed_ms":94336,"message":"step 6 (watch the script alch noted stock): stat_xp_gain(6)>=1 not seen within 150 ticks","tile":[3060,3358,0],"stat":{"runenergy":43},"chat":[{"text":"I can't reach that!"},{"text":"Welcome to RuneScape."}],"scene":2}
FAIL: step 6 (watch the script alch noted stock): stat_xp_gain(6)>=1 not seen within 150 ticks
