[panel] adapter name=Apple M4 Max backend=Metal device_type=IntegratedGpu vendor=0x0 device=0x0
[host-play] slot live9bb9il_0: thread up
274bot: loaded snapshot (4556 models, 336 anim records)
[panel] scenario capture armed: Some("alcher terminal")
[panel] live9bb9il_0: live9bb9il_0: slot up
[host-play] slot live9bb9il_0: handshake begin reconnect=false
[host-play] slot live9bb9il_0: handshake ok
[host] hitch live9bb9il_0: frame_us=73390 paints=1 skips=0 ticks=0
[panel] live9bb9il_0: live9bb9il_0: scene 1
[host] hitch live9bb9il_0: frame_us=65072 paints=25 skips=0 ticks=1
[panel] live9bb9il_0: live9bb9il_0: mainland hop queued
[panel] live9bb9il_0: live9bb9il_0: ingame
[panel] live9bb9il_0: live9bb9il_0: scene 2
live script_paint_buttons_ui: running step 1/6
[panel] live9bb9il_0: live9bb9il_0: scene 1
[host] slot live9bb9il_0: d_loop_us=11015 d_raster_us=268407 d_observe_us=51172 max_observe_us=2948 d_paints=50 d_skips=0 d_ticks=3 window_ms=0
[panel] live9bb9il_0: live9bb9il_0: ingame
[panel] live9bb9il_0: live9bb9il_0: scene 2
[host] slot live9bb9il_0: d_loop_us=9405 d_raster_us=152701 d_observe_us=49441 max_observe_us=2792 d_paints=50 d_skips=0 d_ticks=2 window_ms=1158
live script_paint_buttons_ui: running step 2/6
[host] slot live9bb9il_0: d_loop_us=1570 d_raster_us=183235 d_observe_us=35932 max_observe_us=1023 d_paints=50 d_skips=0 d_ticks=1 window_ms=1165
[host-play] slot live9bb9il_0: handshake begin reconnect=true
[panel] live9bb9il_0: live9bb9il_0: scene 0
[host-play] slot live9bb9il_0: handshake ok
[panel] live9bb9il_0: live9bb9il_0: scene 1
[host] hitch live9bb9il_0: frame_us=50443 paints=37 skips=0 ticks=1
[panel] live9bb9il_0: live9bb9il_0: ingame
[panel] live9bb9il_0: live9bb9il_0: scene 2
[host] slot live9bb9il_0: d_loop_us=16424 d_raster_us=172075 d_observe_us=78689 max_observe_us=5300 d_paints=50 d_skips=0 d_ticks=1 window_ms=0
[host] slot live9bb9il_0: d_loop_us=1697 d_raster_us=186636 d_observe_us=41373 max_observe_us=3920 d_paints=50 d_skips=0 d_ticks=3 window_ms=1167
live script_paint_buttons_ui: running step 3/6
live script_paint_buttons_ui: running step 4/6
[host] slot live9bb9il_0: d_loop_us=1669 d_raster_us=189233 d_observe_us=37488 max_observe_us=1131 d_paints=50 d_skips=0 d_ticks=2 window_ms=1174
[panel] live9bb9il_0: live9bb9il_0: scene 1
[panel] live9bb9il_0: live9bb9il_0: ingame
[panel] live9bb9il_0: live9bb9il_0: scene 2
[host] slot live9bb9il_0: d_loop_us=11457 d_raster_us=186925 d_observe_us=71370 max_observe_us=6870 d_paints=50 d_skips=0 d_ticks=2 window_ms=1167
live script_paint_buttons_ui: running step 5/6
[script live9bb9il_0] start load
live script_paint_buttons_ui: running step 6/6
[host] hitch live9bb9il_0: observe_us=67201 paints=245 skips=0 ticks=10
[host] slot live9bb9il_0: d_loop_us=1309 d_raster_us=168605 d_observe_us=99874 max_observe_us=67201 d_paints=50 d_skips=0 d_ticks=2 window_ms=1220
[host] hitch live9bb9il_0: observe_us=21416 paints=253 skips=0 ticks=11
[script live9bb9il_0] NatureCrafter runner starting — ferrying essence for Air to [paintproof] via the bank + ship + Jiminua
[script live9bb9il_0] interact WalkNear { x: 2655, z: 3283, level: 0, radius: 3, allow_teleports: false }
[panel] live9bb9il_0: script: NatureCrafter runner starting — ferrying essence for Air to [paintproof] via the bank + ship + Jiminua
[host] slot live9bb9il_0: d_loop_us=965 d_raster_us=144673 d_observe_us=61695 max_observe_us=21416 d_paints=50 d_skips=0 d_ticks=2 window_ms=1169
[host] slot live9bb9il_0: d_loop_us=754 d_raster_us=122860 d_observe_us=39327 max_observe_us=7844 d_paints=50 d_skips=0 d_ticks=2 window_ms=1180
[host] slot live9bb9il_0: d_loop_us=788 d_raster_us=128573 d_observe_us=41007 max_observe_us=7892 d_paints=50 d_skips=0 d_ticks=2 window_ms=1176
[host] slot live9bb9il_0: d_loop_us=717 d_raster_us=117955 d_observe_us=36438 max_observe_us=7895 d_paints=50 d_skips=0 d_ticks=2 window_ms=1175
[host] slot live9bb9il_0: d_loop_us=709 d_raster_us=119359 d_observe_us=36229 max_observe_us=7753 d_paints=50 d_skips=0 d_ticks=2 window_ms=1184
[host] slot live9bb9il_0: d_loop_us=769 d_raster_us=123708 d_observe_us=37790 max_observe_us=7981 d_paints=50 d_skips=0 d_ticks=2 window_ms=1181
[host] slot live9bb9il_0: d_loop_us=741 d_raster_us=121317 d_observe_us=37682 max_observe_us=7928 d_paints=50 d_skips=0 d_ticks=2 window_ms=1177
[host] slot live9bb9il_0: d_loop_us=852 d_raster_us=126044 d_observe_us=40938 max_observe_us=8070 d_paints=50 d_skips=0 d_ticks=2 window_ms=1172
[host] slot live9bb9il_0: d_loop_us=828 d_raster_us=123147 d_observe_us=40511 max_observe_us=7903 d_paints=50 d_skips=0 d_ticks=2 window_ms=1183
[host] slot live9bb9il_0: d_loop_us=840 d_raster_us=126494 d_observe_us=39602 max_observe_us=7876 d_paints=50 d_skips=0 d_ticks=2 window_ms=1183
[host] slot live9bb9il_0: d_loop_us=798 d_raster_us=125343 d_observe_us=40034 max_observe_us=7969 d_paints=50 d_skips=0 d_ticks=2 window_ms=1169
[host] slot live9bb9il_0: d_loop_us=818 d_raster_us=128131 d_observe_us=41352 max_observe_us=8310 d_paints=50 d_skips=0 d_ticks=2 window_ms=1167
[host] slot live9bb9il_0: d_loop_us=779 d_raster_us=124109 d_observe_us=39518 max_observe_us=7898 d_paints=50 d_skips=0 d_ticks=2 window_ms=1182
[host] slot live9bb9il_0: d_loop_us=813 d_raster_us=127816 d_observe_us=40659 max_observe_us=7975 d_paints=50 d_skips=0 d_ticks=2 window_ms=1176
[host] slot live9bb9il_0: d_loop_us=845 d_raster_us=127783 d_observe_us=42529 max_observe_us=8173 d_paints=50 d_skips=0 d_ticks=2 window_ms=1170
[host] slot live9bb9il_0: d_loop_us=799 d_raster_us=121370 d_observe_us=38212 max_observe_us=8096 d_paints=50 d_skips=0 d_ticks=2 window_ms=1174
[host] slot live9bb9il_0: d_loop_us=760 d_raster_us=121288 d_observe_us=36899 max_observe_us=7805 d_paints=50 d_skips=0 d_ticks=2 window_ms=1170
[host] slot live9bb9il_0: d_loop_us=723 d_raster_us=120231 d_observe_us=37342 max_observe_us=8472 d_paints=50 d_skips=0 d_ticks=2 window_ms=1174
[host] slot live9bb9il_0: d_loop_us=734 d_raster_us=120518 d_observe_us=36920 max_observe_us=7819 d_paints=50 d_skips=0 d_ticks=2 window_ms=1189
[host] slot live9bb9il_0: d_loop_us=715 d_raster_us=121376 d_observe_us=37047 max_observe_us=7867 d_paints=50 d_skips=0 d_ticks=2 window_ms=1172
[host] slot live9bb9il_0: d_loop_us=749 d_raster_us=121321 d_observe_us=37325 max_observe_us=8053 d_paints=50 d_skips=0 d_ticks=2 window_ms=1180
[host] slot live9bb9il_0: d_loop_us=734 d_raster_us=123459 d_observe_us=38247 max_observe_us=8286 d_paints=50 d_skips=0 d_ticks=2 window_ms=1189
[host] slot live9bb9il_0: d_loop_us=717 d_raster_us=120002 d_observe_us=36639 max_observe_us=7818 d_paints=50 d_skips=0 d_ticks=2 window_ms=1180
[host] slot live9bb9il_0: d_loop_us=698 d_raster_us=120478 d_observe_us=29919 max_observe_us=7813 d_paints=50 d_skips=0 d_ticks=2 window_ms=1170
[host] slot live9bb9il_0: d_loop_us=806 d_raster_us=135075 d_observe_us=41033 max_observe_us=8113 d_paints=50 d_skips=0 d_ticks=1 window_ms=1171
[host] slot live9bb9il_0: d_loop_us=772 d_raster_us=124941 d_observe_us=40668 max_observe_us=7875 d_paints=50 d_skips=0 d_ticks=2 window_ms=1177
[host] slot live9bb9il_0: d_loop_us=1145 d_raster_us=161541 d_observe_us=52048 max_observe_us=10791 d_paints=50 d_skips=0 d_ticks=2 window_ms=1158
[host] slot live9bb9il_0: d_loop_us=1473 d_raster_us=185711 d_observe_us=60665 max_observe_us=11671 d_paints=50 d_skips=0 d_ticks=2 window_ms=1157
[host] slot live9bb9il_0: d_loop_us=1121 d_raster_us=170655 d_observe_us=60214 max_observe_us=11851 d_paints=50 d_skips=0 d_ticks=2 window_ms=1162
[host] slot live9bb9il_0: d_loop_us=1285 d_raster_us=176118 d_observe_us=60999 max_observe_us=12044 d_paints=50 d_skips=0 d_ticks=2 window_ms=1162
[host] slot live9bb9il_0: d_loop_us=1219 d_raster_us=166089 d_observe_us=55191 max_observe_us=11995 d_paints=50 d_skips=0 d_ticks=2 window_ms=1170
[host] slot live9bb9il_0: d_loop_us=1461 d_raster_us=195652 d_observe_us=64434 max_observe_us=13029 d_paints=50 d_skips=0 d_ticks=2 window_ms=1153
[host] slot live9bb9il_0: d_loop_us=1559 d_raster_us=195999 d_observe_us=61484 max_observe_us=12991 d_paints=50 d_skips=0 d_ticks=2 window_ms=1158
[host] slot live9bb9il_0: d_loop_us=1425 d_raster_us=193556 d_observe_us=60700 max_observe_us=12226 d_paints=50 d_skips=0 d_ticks=2 window_ms=1152
[host] slot live9bb9il_0: d_loop_us=1392 d_raster_us=194919 d_observe_us=61339 max_observe_us=12951 d_paints=50 d_skips=0 d_ticks=2 window_ms=1158
[host] slot live9bb9il_0: d_loop_us=1333 d_raster_us=171886 d_observe_us=66421 max_observe_us=13421 d_paints=50 d_skips=0 d_ticks=2 window_ms=1158
[host] slot live9bb9il_0: d_loop_us=1022 d_raster_us=152870 d_observe_us=64578 max_observe_us=12045 d_paints=50 d_skips=0 d_ticks=2 window_ms=1163
[host] slot live9bb9il_0: d_loop_us=977 d_raster_us=161349 d_observe_us=57830 max_observe_us=9670 d_paints=50 d_skips=0 d_ticks=2 window_ms=1169
[host] slot live9bb9il_0: d_loop_us=1042 d_raster_us=184530 d_observe_us=59775 max_observe_us=11610 d_paints=50 d_skips=0 d_ticks=2 window_ms=1175
[host] slot live9bb9il_0: d_loop_us=1049 d_raster_us=199658 d_observe_us=49252 max_observe_us=11680 d_paints=50 d_skips=0 d_ticks=1 window_ms=1143
[host] slot live9bb9il_0: d_loop_us=1037 d_raster_us=197525 d_observe_us=55383 max_observe_us=9966 d_paints=50 d_skips=0 d_ticks=2 window_ms=1164
[host] slot live9bb9il_0: d_loop_us=1127 d_raster_us=206667 d_observe_us=61006 max_observe_us=12822 d_paints=50 d_skips=0 d_ticks=2 window_ms=1160
[host] slot live9bb9il_0: d_loop_us=1082 d_raster_us=193693 d_observe_us=61521 max_observe_us=12669 d_paints=50 d_skips=0 d_ticks=2 window_ms=1166
[host] slot live9bb9il_0: d_loop_us=1111 d_raster_us=196207 d_observe_us=58177 max_observe_us=11717 d_paints=50 d_skips=0 d_ticks=2 window_ms=1162
[host] slot live9bb9il_0: d_loop_us=1044 d_raster_us=178596 d_observe_us=55322 max_observe_us=12898 d_paints=50 d_skips=0 d_ticks=2 window_ms=1171
[host] slot live9bb9il_0: d_loop_us=1292 d_raster_us=165274 d_observe_us=75245 max_observe_us=10581 d_paints=50 d_skips=0 d_ticks=2 window_ms=1173
[host] slot live9bb9il_0: d_loop_us=1685 d_raster_us=171818 d_observe_us=59837 max_observe_us=10378 d_paints=50 d_skips=0 d_ticks=2 window_ms=1167
[host] slot live9bb9il_0: d_loop_us=872 d_raster_us=144514 d_observe_us=48027 max_observe_us=9232 d_paints=50 d_skips=0 d_ticks=2 window_ms=1189
[host] slot live9bb9il_0: d_loop_us=939 d_raster_us=142594 d_observe_us=43499 max_observe_us=8141 d_paints=50 d_skips=0 d_ticks=2 window_ms=1173
[host] slot live9bb9il_0: d_loop_us=982 d_raster_us=148827 d_observe_us=45324 max_observe_us=8755 d_paints=50 d_skips=0 d_ticks=2 window_ms=1175
[host] slot live9bb9il_0: d_loop_us=1030 d_raster_us=146055 d_observe_us=53113 max_observe_us=7963 d_paints=50 d_skips=0 d_ticks=2 window_ms=1172
[host] slot live9bb9il_0: d_loop_us=976 d_raster_us=141717 d_observe_us=45571 max_observe_us=8343 d_paints=50 d_skips=0 d_ticks=2 window_ms=1177
[host] slot live9bb9il_0: d_loop_us=1070 d_raster_us=185792 d_observe_us=55232 max_observe_us=11238 d_paints=50 d_skips=0 d_ticks=2 window_ms=1160
[host] slot live9bb9il_0: d_loop_us=1114 d_raster_us=189311 d_observe_us=58429 max_observe_us=13071 d_paints=50 d_skips=0 d_ticks=2 window_ms=1172
[host] slot live9bb9il_0: d_loop_us=1043 d_raster_us=189142 d_observe_us=58061 max_observe_us=12512 d_paints=50 d_skips=0 d_ticks=2 window_ms=1162
[host] slot live9bb9il_0: d_loop_us=1060 d_raster_us=179215 d_observe_us=51006 max_observe_us=11421 d_paints=50 d_skips=0 d_ticks=2 window_ms=1170
[host] slot live9bb9il_0: d_loop_us=1145 d_raster_us=169091 d_observe_us=64730 max_observe_us=10451 d_paints=50 d_skips=0 d_ticks=2 window_ms=1166
[host] slot live9bb9il_0: d_loop_us=1186 d_raster_us=151590 d_observe_us=70343 max_observe_us=9888 d_paints=50 d_skips=0 d_ticks=2 window_ms=1173
[host] slot live9bb9il_0: d_loop_us=1368 d_raster_us=196598 d_observe_us=50191 max_observe_us=15266 d_paints=50 d_skips=0 d_ticks=2 window_ms=1161
[host] slot live9bb9il_0: d_loop_us=1177 d_raster_us=178727 d_observe_us=54182 max_observe_us=12968 d_paints=50 d_skips=0 d_ticks=1 window_ms=1165
[host] slot live9bb9il_0: d_loop_us=1103 d_raster_us=163083 d_observe_us=69319 max_observe_us=12613 d_paints=50 d_skips=0 d_ticks=2 window_ms=1162
[host] slot live9bb9il_0: d_loop_us=1020 d_raster_us=164251 d_observe_us=53372 max_observe_us=11661 d_paints=50 d_skips=0 d_ticks=2 window_ms=1180
[host] slot live9bb9il_0: d_loop_us=1192 d_raster_us=200431 d_observe_us=60289 max_observe_us=12337 d_paints=50 d_skips=0 d_ticks=2 window_ms=1168
[host] slot live9bb9il_0: d_loop_us=1067 d_raster_us=182843 d_observe_us=53570 max_observe_us=10455 d_paints=50 d_skips=0 d_ticks=2 window_ms=1174
[host] slot live9bb9il_0: d_loop_us=1119 d_raster_us=194520 d_observe_us=61419 max_observe_us=11966 d_paints=50 d_skips=0 d_ticks=2 window_ms=1159
[host] slot live9bb9il_0: d_loop_us=1147 d_raster_us=197929 d_observe_us=59704 max_observe_us=12485 d_paints=50 d_skips=0 d_ticks=2 window_ms=1160
[host] slot live9bb9il_0: d_loop_us=1060 d_raster_us=186403 d_observe_us=56608 max_observe_us=12939 d_paints=50 d_skips=0 d_ticks=2 window_ms=1155
[host] slot live9bb9il_0: d_loop_us=1051 d_raster_us=179375 d_observe_us=61446 max_observe_us=14298 d_paints=50 d_skips=0 d_ticks=2 window_ms=1168
[host] slot live9bb9il_0: d_loop_us=1206 d_raster_us=188516 d_observe_us=53173 max_observe_us=11553 d_paints=50 d_skips=0 d_ticks=2 window_ms=1175
[host] slot live9bb9il_0: d_loop_us=1104 d_raster_us=193121 d_observe_us=58157 max_observe_us=13229 d_paints=50 d_skips=0 d_ticks=2 window_ms=1165
[host] slot live9bb9il_0: d_loop_us=1147 d_raster_us=194310 d_observe_us=57559 max_observe_us=12135 d_paints=50 d_skips=0 d_ticks=2 window_ms=1167
[host] slot live9bb9il_0: d_loop_us=1046 d_raster_us=166542 d_observe_us=51480 max_observe_us=9611 d_paints=50 d_skips=0 d_ticks=2 window_ms=1184
[host] slot live9bb9il_0: d_loop_us=1016 d_raster_us=179950 d_observe_us=54189 max_observe_us=11552 d_paints=50 d_skips=0 d_ticks=2 window_ms=1167
[host] slot live9bb9il_0: d_loop_us=1015 d_raster_us=169535 d_observe_us=53203 max_observe_us=11690 d_paints=50 d_skips=0 d_ticks=2 window_ms=1178
[host] slot live9bb9il_0: d_loop_us=1046 d_raster_us=175333 d_observe_us=52848 max_observe_us=10723 d_paints=50 d_skips=0 d_ticks=2 window_ms=1170
[panel] scenario capture requested: alcher terminal
[host] hitch live9bb9il_0: observe_us=85036 paints=4021 skips=0 ticks=158
[panel] capture readback requested: 1
[host] slot live9bb9il_0: d_loop_us=966 d_raster_us=160604 d_observe_us=121225 max_observe_us=85036 d_paints=50 d_skips=0 d_ticks=2 window_ms=1237
[panel] shot alcher terminal -> /Users/acfrazier/experiments/274bot/.worktrees/rs2b0t-multirevision/docs/compat/evidence/catalog-headed/r274-paint-buttons-ui-8e7d965b-paintcd49-input-ready/shots/2026-09-11T13-50-12_72521/2026-09-11T13-51-52_alcher_terminal.png
FAIL: live script_paint_buttons_ui {"scenario":"paint_buttons_ui","outcome":"FAIL","predicate":"stat_xp_gain(6)>=1","ticks":153,"elapsed_ms":99352,"message":"step 6 (watch the script alch noted stock): stat_xp_gain(6)>=1 not seen within 150 ticks","tile":[3185,3440,0],"stat":{"runenergy":100},"chat":[{"text":"Welcome to RuneScape."}],"scene":2}
FAIL: step 6 (watch the script alch noted stock): stat_xp_gain(6)>=1 not seen within 150 ticks
