[panel] adapter name=Apple M4 Max backend=Metal device_type=IntegratedGpu vendor=0x0 device=0x0
[host-play] slot livelup7me_0: thread up
274bot: loaded snapshot (4556 models, 336 anim records)
[panel] scenario capture armed: Some("alcher terminal")
[panel] livelup7me_0: livelup7me_0: slot up
[host-play] slot livelup7me_0: handshake begin reconnect=false
[host-play] slot livelup7me_0: handshake ok
[host] hitch livelup7me_0: frame_us=75941 paints=1 skips=0 ticks=0
[panel] livelup7me_0: livelup7me_0: scene 1
[host] hitch livelup7me_0: frame_us=56557 paints=25 skips=0 ticks=1
[panel] livelup7me_0: livelup7me_0: mainland hop queued
[panel] livelup7me_0: livelup7me_0: ingame
[panel] livelup7me_0: livelup7me_0: scene 2
live script_alcher: running step 1/6
[host] slot livelup7me_0: d_loop_us=8537 d_raster_us=264083 d_observe_us=44898 max_observe_us=2374 d_paints=50 d_skips=0 d_ticks=3 window_ms=0
[panel] livelup7me_0: livelup7me_0: scene 1
[panel] livelup7me_0: livelup7me_0: ingame
[panel] livelup7me_0: livelup7me_0: scene 2
[host] slot livelup7me_0: d_loop_us=10218 d_raster_us=162128 d_observe_us=55465 max_observe_us=3528 d_paints=50 d_skips=0 d_ticks=1 window_ms=1144
live script_alcher: running step 2/6
[host] slot livelup7me_0: d_loop_us=1140 d_raster_us=157531 d_observe_us=29968 max_observe_us=895 d_paints=50 d_skips=0 d_ticks=2 window_ms=1149
[host-play] slot livelup7me_0: handshake begin reconnect=true
[panel] livelup7me_0: livelup7me_0: scene 0
[host-play] slot livelup7me_0: handshake ok
[panel] livelup7me_0: livelup7me_0: scene 1
[panel] livelup7me_0: livelup7me_0: ingame
[panel] livelup7me_0: livelup7me_0: scene 2
[host] slot livelup7me_0: d_loop_us=14162 d_raster_us=155067 d_observe_us=68323 max_observe_us=5053 d_paints=50 d_skips=0 d_ticks=1 window_ms=0
[host] slot livelup7me_0: d_loop_us=1099 d_raster_us=154231 d_observe_us=33117 max_observe_us=3730 d_paints=50 d_skips=0 d_ticks=3 window_ms=1140
live script_alcher: running step 3/6
live script_alcher: running step 4/6
[host] slot livelup7me_0: d_loop_us=1163 d_raster_us=159404 d_observe_us=31594 max_observe_us=1434 d_paints=50 d_skips=0 d_ticks=2 window_ms=1137
[panel] livelup7me_0: livelup7me_0: scene 1
[panel] livelup7me_0: livelup7me_0: ingame
[panel] livelup7me_0: livelup7me_0: scene 2
[host] slot livelup7me_0: d_loop_us=11173 d_raster_us=169733 d_observe_us=69909 max_observe_us=6848 d_paints=50 d_skips=0 d_ticks=2 window_ms=1148
[host] slot livelup7me_0: d_loop_us=960 d_raster_us=169996 d_observe_us=32515 max_observe_us=1054 d_paints=50 d_skips=0 d_ticks=2 window_ms=1151
live script_alcher: running step 5/6
[script livelup7me_0] start load
live script_alcher: running step 6/6
[host] hitch livelup7me_0: observe_us=91842 paints=250 skips=0 ticks=10
[host] hitch livelup7me_0: observe_us=23141 paints=258 skips=0 ticks=11
[script livelup7me_0] Alcher — High Level Alchemy on 1 item(s), richest first: Rune chainbody
[script livelup7me_0] banking at Bank booth (Bank booth / Use-quickly)
[script livelup7me_0] interact OpenBooth { x: 3186, z: 3440, level: 0, id: 2213, name: Some("Bank booth"), action: Some("Use-quickly") }
[panel] livelup7me_0: script: Alcher — High Level Alchemy on 1 item(s), richest first: Rune chainbody
[panel] livelup7me_0: script: banking at Bank booth (Bank booth / Use-quickly)
[host] slot livelup7me_0: d_loop_us=869 d_raster_us=152924 d_observe_us=157359 max_observe_us=91842 d_paints=50 d_skips=0 d_ticks=2 window_ms=1247
[host] slot livelup7me_0: d_loop_us=958 d_raster_us=203307 d_observe_us=58515 max_observe_us=12339 d_paints=50 d_skips=0 d_ticks=2 window_ms=1159
[script livelup7me_0] interact Close
[shim-close] sent
[script livelup7me_0] interact Held { name: "Staff of fire", action: "Wield" }
[shim-held] Staff of fire Wield slot=0 -> sent
[host] slot livelup7me_0: d_loop_us=935 d_raster_us=173874 d_observe_us=54182 max_observe_us=11877 d_paints=50 d_skips=0 d_ticks=2 window_ms=1152
[script livelup7me_0] wore Staff of fire — casts need only Nature runes now
[script livelup7me_0] interact OpenBooth { x: 3186, z: 3440, level: 0, id: 2213, name: Some("Bank booth"), action: Some("Use-quickly") }
[panel] livelup7me_0: script: wore Staff of fire — casts need only Nature runes now
[host] slot livelup7me_0: d_loop_us=1053 d_raster_us=169034 d_observe_us=70468 max_observe_us=11491 d_paints=50 d_skips=0 d_ticks=2 window_ms=1146
[host] slot livelup7me_0: d_loop_us=895 d_raster_us=179547 d_observe_us=53931 max_observe_us=10665 d_paints=50 d_skips=0 d_ticks=2 window_ms=1163
[script livelup7me_0] interact SetNoteMode { on: true }
[shim-note] on=true sent
[host] slot livelup7me_0: d_loop_us=1008 d_raster_us=205796 d_observe_us=55200 max_observe_us=9909 d_paints=50 d_skips=0 d_ticks=2 window_ms=1149
[script livelup7me_0] withdrew 27 Rune chainbody (noted, 30000gp each)
[panel] livelup7me_0: script: withdrew 27 Rune chainbody (noted, 30000gp each)
[host] slot livelup7me_0: d_loop_us=948 d_raster_us=207162 d_observe_us=60326 max_observe_us=11638 d_paints=50 d_skips=0 d_ticks=2 window_ms=1125
[script livelup7me_0] withdrew 27 Nature runes
[script livelup7me_0] interact Close
[shim-close] sent
[host] slot livelup7me_0: d_loop_us=924 d_raster_us=197026 d_observe_us=53249 max_observe_us=10875 d_paints=50 d_skips=0 d_ticks=2 window_ms=1150
[panel] livelup7me_0: script: withdrew 27 Nature runes
[script livelup7me_0] restocked: 27 Rune chainbody notes + 27 Nature runes
[panel] livelup7me_0: script: restocked: 27 Rune chainbody notes + 27 Nature runes
[host] slot livelup7me_0: d_loop_us=882 d_raster_us=133537 d_observe_us=40456 max_observe_us=11379 d_paints=50 d_skips=0 d_ticks=2 window_ms=1153
[script livelup7me_0] interact SideTab { tab: 6 }
[script livelup7me_0] interact UseWidgetOn { component_id: 1178, kind: "held", target_name: Some("Rune chainbody"), x: 0, z: 0, level: 0, index: None }
[host] slot livelup7me_0: d_loop_us=1021 d_raster_us=208768 d_observe_us=50505 max_observe_us=9952 d_paints=50 d_skips=0 d_ticks=1 window_ms=1182
[panel] scenario capture requested: alcher terminal
[host] hitch livelup7me_0: observe_us=93745 paints=751 skips=0 ticks=30
[panel] capture readback requested: 1
[panel] shot alcher terminal -> /Users/acfrazier/experiments/274bot/.worktrees/rs2b0t-multirevision/docs/compat/evidence/catalog-headed/r274-alcher-8e7d965b-9ccui-params/shots/2026-09-11T10-50-17_75028/2026-09-11T10-50-39_alcher_terminal.png
PASS: live script_alcher {"scenario":"alcher","outcome":"PASS","predicate":"stat_xp_gain(6)>=1","ticks":34,"elapsed_ms":22433,"tile":[3185,3440,0],"inv":[{"id":1114,"name":"Rune chainbody","count":26},{"id":561,"name":"Nature rune","count":26},{"id":995,"name":"Coins","count":30000}],"stat":{"runenergy":100},"chat":[{"text":"This item can not be withdrawn as a note."},{"text":"Welcome to RuneScape."}],"scene":2}
[params-proof] gold complete; script stopped and fixed fixture settings released
[host] slot livelup7me_0: d_loop_us=1100 d_raster_us=145549 d_observe_us=134080 max_observe_us=93745 d_paints=50 d_skips=0 d_ticks=3 window_ms=1228
[host] slot livelup7me_0: d_loop_us=937 d_raster_us=143530 d_observe_us=25175 max_observe_us=1020 d_paints=50 d_skips=0 d_ticks=1 window_ms=1166
[host] slot livelup7me_0: d_loop_us=991 d_raster_us=173071 d_observe_us=28648 max_observe_us=1081 d_paints=50 d_skips=0 d_ticks=2 window_ms=1159
[host] slot livelup7me_0: d_loop_us=989 d_raster_us=153850 d_observe_us=25780 max_observe_us=972 d_paints=50 d_skips=0 d_ticks=2 window_ms=1158
[host] slot livelup7me_0: d_loop_us=931 d_raster_us=156742 d_observe_us=25934 max_observe_us=987 d_paints=50 d_skips=0 d_ticks=2 window_ms=1163
[host] slot livelup7me_0: d_loop_us=960 d_raster_us=163477 d_observe_us=28218 max_observe_us=1032 d_paints=50 d_skips=0 d_ticks=2 window_ms=1162
[host] slot livelup7me_0: d_loop_us=981 d_raster_us=160056 d_observe_us=28322 max_observe_us=1078 d_paints=50 d_skips=0 d_ticks=2 window_ms=1165
[host] slot livelup7me_0: d_loop_us=999 d_raster_us=164896 d_observe_us=28024 max_observe_us=1089 d_paints=50 d_skips=0 d_ticks=2 window_ms=1168
[host] slot livelup7me_0: d_loop_us=931 d_raster_us=162042 d_observe_us=27568 max_observe_us=755 d_paints=50 d_skips=0 d_ticks=2 window_ms=1152
[host] slot livelup7me_0: d_loop_us=896 d_raster_us=161063 d_observe_us=28125 max_observe_us=898 d_paints=50 d_skips=0 d_ticks=2 window_ms=1154
[host] slot livelup7me_0: d_loop_us=970 d_raster_us=169714 d_observe_us=27700 max_observe_us=878 d_paints=50 d_skips=0 d_ticks=2 window_ms=1159
[host] slot livelup7me_0: d_loop_us=941 d_raster_us=166496 d_observe_us=27910 max_observe_us=945 d_paints=50 d_skips=0 d_ticks=2 window_ms=1160
[host] slot livelup7me_0: d_loop_us=948 d_raster_us=164845 d_observe_us=29040 max_observe_us=918 d_paints=50 d_skips=0 d_ticks=2 window_ms=1145
[host] slot livelup7me_0: d_loop_us=930 d_raster_us=168195 d_observe_us=27945 max_observe_us=779 d_paints=50 d_skips=0 d_ticks=2 window_ms=1164
[host] slot livelup7me_0: d_loop_us=972 d_raster_us=163405 d_observe_us=28015 max_observe_us=1282 d_paints=50 d_skips=0 d_ticks=2 window_ms=1181
[host] slot livelup7me_0: d_loop_us=1032 d_raster_us=174462 d_observe_us=28389 max_observe_us=889 d_paints=50 d_skips=0 d_ticks=2 window_ms=1141
[host] slot livelup7me_0: d_loop_us=939 d_raster_us=170014 d_observe_us=28766 max_observe_us=1158 d_paints=50 d_skips=0 d_ticks=1 window_ms=1152
[host] slot livelup7me_0: d_loop_us=968 d_raster_us=141022 d_observe_us=22957 max_observe_us=984 d_paints=50 d_skips=0 d_ticks=2 window_ms=1157
[host] slot livelup7me_0: d_loop_us=927 d_raster_us=141885 d_observe_us=24104 max_observe_us=1266 d_paints=50 d_skips=0 d_ticks=2 window_ms=1161
[host] slot livelup7me_0: d_loop_us=928 d_raster_us=145546 d_observe_us=24692 max_observe_us=986 d_paints=50 d_skips=0 d_ticks=2 window_ms=1150
[host] slot livelup7me_0: d_loop_us=946 d_raster_us=144948 d_observe_us=25757 max_observe_us=1041 d_paints=50 d_skips=0 d_ticks=2 window_ms=1159
[host] slot livelup7me_0: d_loop_us=899 d_raster_us=142305 d_observe_us=23079 max_observe_us=847 d_paints=50 d_skips=0 d_ticks=2 window_ms=1142
[host] slot livelup7me_0: d_loop_us=905 d_raster_us=149485 d_observe_us=25983 max_observe_us=1243 d_paints=50 d_skips=0 d_ticks=2 window_ms=1144
[host] slot livelup7me_0: d_loop_us=948 d_raster_us=170442 d_observe_us=28955 max_observe_us=950 d_paints=50 d_skips=0 d_ticks=2 window_ms=1161
[host] slot livelup7me_0: d_loop_us=1024 d_raster_us=167197 d_observe_us=27553 max_observe_us=810 d_paints=50 d_skips=0 d_ticks=2 window_ms=1168
[host] slot livelup7me_0: d_loop_us=1060 d_raster_us=160920 d_observe_us=28816 max_observe_us=1025 d_paints=50 d_skips=0 d_ticks=2 window_ms=1148
[host] slot livelup7me_0: d_loop_us=932 d_raster_us=162138 d_observe_us=27130 max_observe_us=857 d_paints=50 d_skips=0 d_ticks=2 window_ms=1150
[host] slot livelup7me_0: d_loop_us=935 d_raster_us=154271 d_observe_us=26621 max_observe_us=897 d_paints=50 d_skips=0 d_ticks=2 window_ms=1150
[host] slot livelup7me_0: d_loop_us=952 d_raster_us=161588 d_observe_us=26792 max_observe_us=788 d_paints=50 d_skips=0 d_ticks=2 window_ms=1159
[host] slot livelup7me_0: d_loop_us=924 d_raster_us=152821 d_observe_us=26196 max_observe_us=869 d_paints=50 d_skips=0 d_ticks=1 window_ms=1145
[host] slot livelup7me_0: d_loop_us=1047 d_raster_us=160072 d_observe_us=27687 max_observe_us=1042 d_paints=50 d_skips=0 d_ticks=2 window_ms=1164
[host] slot livelup7me_0: d_loop_us=1053 d_raster_us=160393 d_observe_us=28847 max_observe_us=994 d_paints=50 d_skips=0 d_ticks=2 window_ms=1158
[host] slot livelup7me_0: d_loop_us=893 d_raster_us=138420 d_observe_us=22845 max_observe_us=828 d_paints=50 d_skips=0 d_ticks=2 window_ms=1162
[host] slot livelup7me_0: d_loop_us=919 d_raster_us=160789 d_observe_us=25834 max_observe_us=687 d_paints=50 d_skips=0 d_ticks=2 window_ms=1174
[host] slot livelup7me_0: d_loop_us=902 d_raster_us=165337 d_observe_us=27060 max_observe_us=1274 d_paints=50 d_skips=0 d_ticks=2 window_ms=1161
[host] slot livelup7me_0: d_loop_us=921 d_raster_us=156696 d_observe_us=26570 max_observe_us=793 d_paints=50 d_skips=0 d_ticks=2 window_ms=1156
[host] slot livelup7me_0: d_loop_us=938 d_raster_us=162561 d_observe_us=29071 max_observe_us=1233 d_paints=50 d_skips=0 d_ticks=2 window_ms=1158
[host] slot livelup7me_0: d_loop_us=1038 d_raster_us=163697 d_observe_us=27893 max_observe_us=899 d_paints=50 d_skips=0 d_ticks=2 window_ms=1158
[host] slot livelup7me_0: d_loop_us=948 d_raster_us=161586 d_observe_us=28461 max_observe_us=1047 d_paints=50 d_skips=0 d_ticks=2 window_ms=1157
[host] slot livelup7me_0: d_loop_us=964 d_raster_us=142545 d_observe_us=23351 max_observe_us=754 d_paints=50 d_skips=0 d_ticks=2 window_ms=1158
[host] slot livelup7me_0: d_loop_us=896 d_raster_us=134413 d_observe_us=23245 max_observe_us=973 d_paints=50 d_skips=0 d_ticks=2 window_ms=1156
[host] slot livelup7me_0: d_loop_us=909 d_raster_us=137441 d_observe_us=22293 max_observe_us=752 d_paints=50 d_skips=0 d_ticks=2 window_ms=1163
[host] slot livelup7me_0: d_loop_us=924 d_raster_us=137515 d_observe_us=24246 max_observe_us=934 d_paints=50 d_skips=0 d_ticks=2 window_ms=1154
[host] slot livelup7me_0: d_loop_us=1139 d_raster_us=137868 d_observe_us=24217 max_observe_us=1456 d_paints=50 d_skips=0 d_ticks=2 window_ms=1151
[host] slot livelup7me_0: d_loop_us=932 d_raster_us=139020 d_observe_us=24624 max_observe_us=1028 d_paints=50 d_skips=0 d_ticks=1 window_ms=1163
[host] slot livelup7me_0: d_loop_us=1056 d_raster_us=144326 d_observe_us=24155 max_observe_us=948 d_paints=50 d_skips=0 d_ticks=2 window_ms=1152
[host] slot livelup7me_0: d_loop_us=1029 d_raster_us=159105 d_observe_us=26527 max_observe_us=742 d_paints=50 d_skips=0 d_ticks=2 window_ms=1164
[host] slot livelup7me_0: d_loop_us=1112 d_raster_us=176770 d_observe_us=28183 max_observe_us=971 d_paints=50 d_skips=0 d_ticks=2 window_ms=1166
[host] slot livelup7me_0: d_loop_us=982 d_raster_us=159863 d_observe_us=26829 max_observe_us=841 d_paints=50 d_skips=0 d_ticks=2 window_ms=1155
[host] slot livelup7me_0: d_loop_us=990 d_raster_us=160294 d_observe_us=29644 max_observe_us=2504 d_paints=50 d_skips=0 d_ticks=2 window_ms=1138
[host] slot livelup7me_0: d_loop_us=1013 d_raster_us=174305 d_observe_us=27839 max_observe_us=838 d_paints=50 d_skips=0 d_ticks=2 window_ms=1150
[host] slot livelup7me_0: d_loop_us=1047 d_raster_us=156140 d_observe_us=25906 max_observe_us=814 d_paints=50 d_skips=0 d_ticks=2 window_ms=1149
[host] slot livelup7me_0: d_loop_us=1029 d_raster_us=148898 d_observe_us=26295 max_observe_us=1500 d_paints=50 d_skips=0 d_ticks=2 window_ms=1161
[host] slot livelup7me_0: d_loop_us=970 d_raster_us=169173 d_observe_us=28476 max_observe_us=847 d_paints=50 d_skips=0 d_ticks=2 window_ms=1139
[host] slot livelup7me_0: d_loop_us=1071 d_raster_us=169122 d_observe_us=30199 max_observe_us=1090 d_paints=50 d_skips=0 d_ticks=2 window_ms=1144
[host] slot livelup7me_0: d_loop_us=1064 d_raster_us=170540 d_observe_us=27912 max_observe_us=847 d_paints=50 d_skips=0 d_ticks=2 window_ms=1146
[host] slot livelup7me_0: d_loop_us=1029 d_raster_us=172542 d_observe_us=26858 max_observe_us=757 d_paints=50 d_skips=0 d_ticks=1 window_ms=1150
[host] slot livelup7me_0: d_loop_us=1056 d_raster_us=170901 d_observe_us=28489 max_observe_us=950 d_paints=50 d_skips=0 d_ticks=2 window_ms=1147
[host] slot livelup7me_0: d_loop_us=942 d_raster_us=150788 d_observe_us=24894 max_observe_us=842 d_paints=50 d_skips=0 d_ticks=2 window_ms=1159
[host] slot livelup7me_0: d_loop_us=878 d_raster_us=142306 d_observe_us=23899 max_observe_us=1141 d_paints=50 d_skips=0 d_ticks=2 window_ms=1145
[host] slot livelup7me_0: d_loop_us=977 d_raster_us=139942 d_observe_us=25964 max_observe_us=1095 d_paints=50 d_skips=0 d_ticks=2 window_ms=1158
[host] slot livelup7me_0: d_loop_us=940 d_raster_us=140617 d_observe_us=25731 max_observe_us=1237 d_paints=50 d_skips=0 d_ticks=2 window_ms=1156
[host] slot livelup7me_0: d_loop_us=924 d_raster_us=142758 d_observe_us=23784 max_observe_us=1009 d_paints=50 d_skips=0 d_ticks=2 window_ms=1139
[host] slot livelup7me_0: d_loop_us=928 d_raster_us=143112 d_observe_us=23440 max_observe_us=884 d_paints=50 d_skips=0 d_ticks=2 window_ms=1165
[host] slot livelup7me_0: d_loop_us=947 d_raster_us=144986 d_observe_us=26529 max_observe_us=1084 d_paints=50 d_skips=0 d_ticks=2 window_ms=1159
[host] slot livelup7me_0: d_loop_us=850 d_raster_us=143268 d_observe_us=24226 max_observe_us=1105 d_paints=50 d_skips=0 d_ticks=2 window_ms=1158
[host] slot livelup7me_0: d_loop_us=921 d_raster_us=141935 d_observe_us=23757 max_observe_us=825 d_paints=50 d_skips=0 d_ticks=2 window_ms=1158
[host] slot livelup7me_0: d_loop_us=1041 d_raster_us=144026 d_observe_us=25557 max_observe_us=1025 d_paints=50 d_skips=0 d_ticks=2 window_ms=1152
[host] slot livelup7me_0: d_loop_us=925 d_raster_us=140837 d_observe_us=23736 max_observe_us=875 d_paints=50 d_skips=0 d_ticks=2 window_ms=1159
[host] slot livelup7me_0: d_loop_us=998 d_raster_us=145611 d_observe_us=26956 max_observe_us=1366 d_paints=50 d_skips=0 d_ticks=2 window_ms=1150
[host] slot livelup7me_0: d_loop_us=956 d_raster_us=146234 d_observe_us=24779 max_observe_us=1202 d_paints=50 d_skips=0 d_ticks=1 window_ms=1168
[host] slot livelup7me_0: d_loop_us=910 d_raster_us=139960 d_observe_us=23277 max_observe_us=842 d_paints=50 d_skips=0 d_ticks=2 window_ms=1150
[host] slot livelup7me_0: d_loop_us=1019 d_raster_us=141162 d_observe_us=24511 max_observe_us=964 d_paints=50 d_skips=0 d_ticks=2 window_ms=1160
[host] slot livelup7me_0: d_loop_us=880 d_raster_us=143202 d_observe_us=23543 max_observe_us=807 d_paints=50 d_skips=0 d_ticks=2 window_ms=1155
[host] slot livelup7me_0: d_loop_us=896 d_raster_us=142454 d_observe_us=22978 max_observe_us=684 d_paints=50 d_skips=0 d_ticks=2 window_ms=1159
[host] slot livelup7me_0: d_loop_us=908 d_raster_us=141677 d_observe_us=24528 max_observe_us=1024 d_paints=50 d_skips=0 d_ticks=2 window_ms=1154
[host] slot livelup7me_0: d_loop_us=898 d_raster_us=140572 d_observe_us=22923 max_observe_us=878 d_paints=50 d_skips=0 d_ticks=2 window_ms=1168
[host] slot livelup7me_0: d_loop_us=928 d_raster_us=142610 d_observe_us=25135 max_observe_us=963 d_paints=50 d_skips=0 d_ticks=2 window_ms=1127
[host] slot livelup7me_0: d_loop_us=1043 d_raster_us=144085 d_observe_us=24581 max_observe_us=962 d_paints=50 d_skips=0 d_ticks=2 window_ms=1157
[host] slot livelup7me_0: d_loop_us=936 d_raster_us=141433 d_observe_us=23974 max_observe_us=882 d_paints=50 d_skips=0 d_ticks=2 window_ms=1159
[host] slot livelup7me_0: d_loop_us=958 d_raster_us=144624 d_observe_us=25060 max_observe_us=1168 d_paints=50 d_skips=0 d_ticks=2 window_ms=1137
[host] slot livelup7me_0: d_loop_us=914 d_raster_us=140469 d_observe_us=23450 max_observe_us=908 d_paints=50 d_skips=0 d_ticks=2 window_ms=1142
[host] slot livelup7me_0: d_loop_us=948 d_raster_us=137867 d_observe_us=25626 max_observe_us=1142 d_paints=50 d_skips=0 d_ticks=1 window_ms=1149
[host] slot livelup7me_0: d_loop_us=860 d_raster_us=142047 d_observe_us=24136 max_observe_us=844 d_paints=50 d_skips=0 d_ticks=2 window_ms=1161
[host] slot livelup7me_0: d_loop_us=911 d_raster_us=142931 d_observe_us=25872 max_observe_us=1286 d_paints=50 d_skips=0 d_ticks=2 window_ms=1133
[host] slot livelup7me_0: d_loop_us=892 d_raster_us=141353 d_observe_us=23205 max_observe_us=630 d_paints=50 d_skips=0 d_ticks=2 window_ms=1152
[host] slot livelup7me_0: d_loop_us=948 d_raster_us=144338 d_observe_us=24893 max_observe_us=1117 d_paints=50 d_skips=0 d_ticks=2 window_ms=1137
[host] slot livelup7me_0: d_loop_us=880 d_raster_us=144709 d_observe_us=24716 max_observe_us=1392 d_paints=50 d_skips=0 d_ticks=2 window_ms=1157
[host] slot livelup7me_0: d_loop_us=990 d_raster_us=145844 d_observe_us=26889 max_observe_us=1325 d_paints=50 d_skips=0 d_ticks=2 window_ms=1151
[host] slot livelup7me_0: d_loop_us=1001 d_raster_us=144932 d_observe_us=24070 max_observe_us=912 d_paints=50 d_skips=0 d_ticks=2 window_ms=1159
[host] slot livelup7me_0: d_loop_us=917 d_raster_us=146023 d_observe_us=26167 max_observe_us=1835 d_paints=50 d_skips=0 d_ticks=2 window_ms=1156
[host] slot livelup7me_0: d_loop_us=1143 d_raster_us=144866 d_observe_us=26127 max_observe_us=1117 d_paints=50 d_skips=0 d_ticks=2 window_ms=1140
[host] slot livelup7me_0: d_loop_us=941 d_raster_us=147810 d_observe_us=24452 max_observe_us=1020 d_paints=50 d_skips=0 d_ticks=2 window_ms=1153
[host] slot livelup7me_0: d_loop_us=969 d_raster_us=145610 d_observe_us=24221 max_observe_us=866 d_paints=50 d_skips=0 d_ticks=2 window_ms=1148
[host] slot livelup7me_0: d_loop_us=900 d_raster_us=145348 d_observe_us=22556 max_observe_us=681 d_paints=50 d_skips=0 d_ticks=2 window_ms=1176
[host] slot livelup7me_0: d_loop_us=967 d_raster_us=144251 d_observe_us=24753 max_observe_us=895 d_paints=50 d_skips=0 d_ticks=1 window_ms=1132
[host] slot livelup7me_0: d_loop_us=912 d_raster_us=140990 d_observe_us=23418 max_observe_us=1110 d_paints=50 d_skips=0 d_ticks=2 window_ms=1144
[host] slot livelup7me_0: d_loop_us=942 d_raster_us=141568 d_observe_us=23749 max_observe_us=867 d_paints=50 d_skips=0 d_ticks=2 window_ms=1172
[host] slot livelup7me_0: d_loop_us=897 d_raster_us=138755 d_observe_us=24523 max_observe_us=936 d_paints=50 d_skips=0 d_ticks=2 window_ms=1141
[host] slot livelup7me_0: d_loop_us=979 d_raster_us=138972 d_observe_us=24010 max_observe_us=1101 d_paints=50 d_skips=0 d_ticks=2 window_ms=1149
[host] slot livelup7me_0: d_loop_us=973 d_raster_us=148400 d_observe_us=24796 max_observe_us=1002 d_paints=50 d_skips=0 d_ticks=2 window_ms=1164
[host] slot livelup7me_0: d_loop_us=1063 d_raster_us=144794 d_observe_us=24135 max_observe_us=851 d_paints=50 d_skips=0 d_ticks=2 window_ms=1151
[host] hitch livelup7me_0: frame_us=61329 paints=5855 skips=0 ticks=226
[host] slot livelup7me_0: d_loop_us=985 d_raster_us=247922 d_observe_us=34199 max_observe_us=2206 d_paints=50 d_skips=0 d_ticks=2 window_ms=1228
[host] slot livelup7me_0: d_loop_us=995 d_raster_us=195410 d_observe_us=41459 max_observe_us=3967 d_paints=50 d_skips=0 d_ticks=2 window_ms=1164
[host] slot livelup7me_0: d_loop_us=977 d_raster_us=144167 d_observe_us=23809 max_observe_us=987 d_paints=50 d_skips=0 d_ticks=2 window_ms=1191
[host] slot livelup7me_0: d_loop_us=952 d_raster_us=144999 d_observe_us=22912 max_observe_us=715 d_paints=50 d_skips=0 d_ticks=2 window_ms=1178
[host] slot livelup7me_0: d_loop_us=919 d_raster_us=161307 d_observe_us=25992 max_observe_us=1197 d_paints=50 d_skips=0 d_ticks=2 window_ms=1168
[host] slot livelup7me_0: d_loop_us=999 d_raster_us=146043 d_observe_us=27187 max_observe_us=2745 d_paints=50 d_skips=0 d_ticks=2 window_ms=1168
[host] slot livelup7me_0: d_loop_us=923 d_raster_us=139747 d_observe_us=23082 max_observe_us=612 d_paints=50 d_skips=0 d_ticks=2 window_ms=1176
[host] hitch livelup7me_0: observe_us=34578 paints=6207 skips=0 ticks=240
[host] slot livelup7me_0: d_loop_us=949 d_raster_us=156442 d_observe_us=59308 max_observe_us=34578 d_paints=50 d_skips=0 d_ticks=2 window_ms=1199
[host] slot livelup7me_0: d_loop_us=938 d_raster_us=143402 d_observe_us=23740 max_observe_us=1057 d_paints=50 d_skips=0 d_ticks=2 window_ms=1151
[host] slot livelup7me_0: d_loop_us=905 d_raster_us=142306 d_observe_us=23244 max_observe_us=886 d_paints=50 d_skips=0 d_ticks=2 window_ms=1181
[host] slot livelup7me_0: d_loop_us=1042 d_raster_us=138372 d_observe_us=25715 max_observe_us=1127 d_paints=50 d_skips=0 d_ticks=2 window_ms=1166
[host] slot livelup7me_0: d_loop_us=952 d_raster_us=145016 d_observe_us=23586 max_observe_us=1125 d_paints=50 d_skips=0 d_ticks=2 window_ms=1174
[host] slot livelup7me_0: d_loop_us=990 d_raster_us=150633 d_observe_us=24465 max_observe_us=1103 d_paints=50 d_skips=0 d_ticks=1 window_ms=1147
[host] slot livelup7me_0: d_loop_us=1077 d_raster_us=142926 d_observe_us=24678 max_observe_us=1139 d_paints=50 d_skips=0 d_ticks=2 window_ms=1150
[host] slot livelup7me_0: d_loop_us=928 d_raster_us=144415 d_observe_us=25443 max_observe_us=1041 d_paints=50 d_skips=0 d_ticks=2 window_ms=1137
[host] slot livelup7me_0: d_loop_us=954 d_raster_us=139598 d_observe_us=24369 max_observe_us=1293 d_paints=50 d_skips=0 d_ticks=2 window_ms=1158
[host] slot livelup7me_0: d_loop_us=946 d_raster_us=144813 d_observe_us=26701 max_observe_us=1687 d_paints=50 d_skips=0 d_ticks=2 window_ms=1139
[host] slot livelup7me_0: d_loop_us=1005 d_raster_us=144550 d_observe_us=24808 max_observe_us=1178 d_paints=50 d_skips=0 d_ticks=2 window_ms=1159
[host] slot livelup7me_0: d_loop_us=937 d_raster_us=145519 d_observe_us=24742 max_observe_us=1013 d_paints=50 d_skips=0 d_ticks=2 window_ms=1156
[host] slot livelup7me_0: d_loop_us=931 d_raster_us=144374 d_observe_us=24068 max_observe_us=1442 d_paints=50 d_skips=0 d_ticks=2 window_ms=1160
[host] slot livelup7me_0: d_loop_us=929 d_raster_us=148984 d_observe_us=26413 max_observe_us=1594 d_paints=50 d_skips=0 d_ticks=2 window_ms=1155
[host] slot livelup7me_0: d_loop_us=1571 d_raster_us=154632 d_observe_us=25367 max_observe_us=1262 d_paints=50 d_skips=0 d_ticks=2 window_ms=1158
[host] slot livelup7me_0: d_loop_us=985 d_raster_us=144865 d_observe_us=24749 max_observe_us=1103 d_paints=50 d_skips=0 d_ticks=2 window_ms=1144
[host] slot livelup7me_0: d_loop_us=1040 d_raster_us=144566 d_observe_us=25681 max_observe_us=1114 d_paints=50 d_skips=0 d_ticks=2 window_ms=1120
[host] slot livelup7me_0: d_loop_us=874 d_raster_us=143533 d_observe_us=23924 max_observe_us=1466 d_paints=50 d_skips=0 d_ticks=1 window_ms=1153
[host] slot livelup7me_0: d_loop_us=972 d_raster_us=146734 d_observe_us=24493 max_observe_us=879 d_paints=50 d_skips=0 d_ticks=2 window_ms=1162
[host] slot livelup7me_0: d_loop_us=939 d_raster_us=141645 d_observe_us=23345 max_observe_us=586 d_paints=50 d_skips=0 d_ticks=2 window_ms=1153
[host] slot livelup7me_0: d_loop_us=929 d_raster_us=145055 d_observe_us=24216 max_observe_us=950 d_paints=50 d_skips=0 d_ticks=2 window_ms=1171
[host] slot livelup7me_0: d_loop_us=916 d_raster_us=144716 d_observe_us=23930 max_observe_us=993 d_paints=50 d_skips=0 d_ticks=2 window_ms=1161
[host] slot livelup7me_0: d_loop_us=911 d_raster_us=145434 d_observe_us=24364 max_observe_us=1011 d_paints=50 d_skips=0 d_ticks=2 window_ms=1143
[host] slot livelup7me_0: d_loop_us=987 d_raster_us=138397 d_observe_us=23159 max_observe_us=744 d_paints=50 d_skips=0 d_ticks=2 window_ms=1151
[host] slot livelup7me_0: d_loop_us=923 d_raster_us=144405 d_observe_us=24127 max_observe_us=1303 d_paints=50 d_skips=0 d_ticks=2 window_ms=1134
[host] slot livelup7me_0: d_loop_us=886 d_raster_us=135829 d_observe_us=22180 max_observe_us=563 d_paints=50 d_skips=0 d_ticks=2 window_ms=1181
[host] slot livelup7me_0: d_loop_us=923 d_raster_us=144110 d_observe_us=24176 max_observe_us=1451 d_paints=50 d_skips=0 d_ticks=2 window_ms=1155
