[host-play] slot livesqc7gm_0: thread up
274bot: snapshot load skipped: read /Users/acfrazier/.274bot/unpack-289/37214163f1e6ceca/models.bin: No such file or directory (os error 2)
[panel] scenario capture armed: Some("alcher terminal")
[panel] livesqc7gm_0: livesqc7gm_0: slot up
[host-play] slot livesqc7gm_0: handshake begin reconnect=false
[host-play] slot livesqc7gm_0: handshake ok
[host] hitch livesqc7gm_0: frame_us=60684 paints=1 skips=0 ticks=0
[panel] livesqc7gm_0: livesqc7gm_0: scene 1
[host] hitch livesqc7gm_0: frame_us=63334 paints=43 skips=0 ticks=1
[panel] livesqc7gm_0: livesqc7gm_0: mainland hop queued
live script_alcher: running step 1/6
[panel] livesqc7gm_0: livesqc7gm_0: ingame
[panel] livesqc7gm_0: livesqc7gm_0: scene 2
[host] slot livesqc7gm_0: d_loop_us=10766 d_raster_us=203411 d_observe_us=49341 max_observe_us=2346 d_paints=50 d_skips=0 d_ticks=1 window_ms=0
[panel] livesqc7gm_0: livesqc7gm_0: scene 1
[panel] livesqc7gm_0: livesqc7gm_0: ingame
[panel] livesqc7gm_0: livesqc7gm_0: scene 2
[host] slot livesqc7gm_0: d_loop_us=10843 d_raster_us=201159 d_observe_us=58978 max_observe_us=4305 d_paints=50 d_skips=0 d_ticks=3 window_ms=1123
[host] slot livesqc7gm_0: d_loop_us=1126 d_raster_us=218607 d_observe_us=25298 max_observe_us=934 d_paints=50 d_skips=0 d_ticks=2 window_ms=1173
live script_alcher: running step 2/6
[host-play] slot livesqc7gm_0: handshake begin reconnect=true
[panel] livesqc7gm_0: livesqc7gm_0: scene 0
[host-play] slot livesqc7gm_0: handshake ok
[panel] livesqc7gm_0: livesqc7gm_0: scene 1
[host] hitch livesqc7gm_0: frame_us=59617 paints=39 skips=0 ticks=1
[panel] livesqc7gm_0: livesqc7gm_0: ingame
[panel] livesqc7gm_0: livesqc7gm_0: scene 2
[host] slot livesqc7gm_0: d_loop_us=17486 d_raster_us=177499 d_observe_us=77112 max_observe_us=3042 d_paints=50 d_skips=0 d_ticks=1 window_ms=0
[host] slot livesqc7gm_0: d_loop_us=1532 d_raster_us=191699 d_observe_us=39469 max_observe_us=5911 d_paints=50 d_skips=0 d_ticks=3 window_ms=1176
live script_alcher: running step 3/6
[host] slot livesqc7gm_0: d_loop_us=1447 d_raster_us=178774 d_observe_us=28996 max_observe_us=897 d_paints=50 d_skips=0 d_ticks=2 window_ms=1182
live script_alcher: running step 4/6
[panel] livesqc7gm_0: livesqc7gm_0: scene 1
[panel] livesqc7gm_0: livesqc7gm_0: ingame
[panel] livesqc7gm_0: livesqc7gm_0: scene 2
[host] slot livesqc7gm_0: d_loop_us=9657 d_raster_us=166854 d_observe_us=55073 max_observe_us=6997 d_paints=50 d_skips=0 d_ticks=2 window_ms=1148
[host] slot livesqc7gm_0: d_loop_us=1043 d_raster_us=181268 d_observe_us=30825 max_observe_us=3185 d_paints=50 d_skips=0 d_ticks=2 window_ms=1187
live script_alcher: running step 5/6
[script livesqc7gm_0] start load
live script_alcher: running step 6/6
[host] hitch livesqc7gm_0: observe_us=59133 paints=272 skips=0 ticks=11
[host] hitch livesqc7gm_0: observe_us=17772 paints=280 skips=0 ticks=12
[host] slot livesqc7gm_0: d_loop_us=901 d_raster_us=162172 d_observe_us=104711 max_observe_us=59133 d_paints=50 d_skips=0 d_ticks=2 window_ms=1230
[script livesqc7gm_0] Alcher — High Level Alchemy on 1 item(s), richest first: Rune chainbody
[script livesqc7gm_0] banking at Bank booth (Bank booth / Use-quickly)
[script livesqc7gm_0] interact OpenBooth { x: 3186, z: 3440, level: 0, id: 2213, name: Some("Bank booth"), action: Some("Use-quickly") }
[panel] livesqc7gm_0: script: Alcher — High Level Alchemy on 1 item(s), richest first: Rune chainbody
[panel] livesqc7gm_0: script: banking at Bank booth (Bank booth / Use-quickly)
[host] slot livesqc7gm_0: d_loop_us=1074 d_raster_us=193035 d_observe_us=47976 max_observe_us=8828 d_paints=50 d_skips=0 d_ticks=2 window_ms=1153
[script livesqc7gm_0] interact Close
[shim-close] sent
[host] slot livesqc7gm_0: d_loop_us=947 d_raster_us=196519 d_observe_us=42091 max_observe_us=6917 d_paints=50 d_skips=0 d_ticks=2 window_ms=1158
[script livesqc7gm_0] interact Held { name: "Staff of fire", action: "Wield" }
[shim-held] Staff of fire Wield slot=0 -> sent
[host] slot livesqc7gm_0: d_loop_us=1050 d_raster_us=166825 d_observe_us=58089 max_observe_us=7722 d_paints=50 d_skips=0 d_ticks=2 window_ms=1159
[script livesqc7gm_0] wore Staff of fire — casts need only Nature runes now
[script livesqc7gm_0] interact OpenBooth { x: 3186, z: 3440, level: 0, id: 2213, name: Some("Bank booth"), action: Some("Use-quickly") }
[panel] livesqc7gm_0: script: wore Staff of fire — casts need only Nature runes now
[host] slot livesqc7gm_0: d_loop_us=1018 d_raster_us=188298 d_observe_us=49762 max_observe_us=8942 d_paints=50 d_skips=0 d_ticks=2 window_ms=1174
[script livesqc7gm_0] interact SetNoteMode { on: true }
[shim-note] on=true sent
[host] slot livesqc7gm_0: d_loop_us=1009 d_raster_us=222520 d_observe_us=40525 max_observe_us=5035 d_paints=50 d_skips=0 d_ticks=2 window_ms=1167
[host] slot livesqc7gm_0: d_loop_us=1039 d_raster_us=222950 d_observe_us=45453 max_observe_us=5676 d_paints=50 d_skips=0 d_ticks=2 window_ms=1155
[script livesqc7gm_0] withdrew 27 Rune chainbody (noted, 30000gp each)
[panel] livesqc7gm_0: script: withdrew 27 Rune chainbody (noted, 30000gp each)
[host] slot livesqc7gm_0: d_loop_us=993 d_raster_us=213560 d_observe_us=48871 max_observe_us=7968 d_paints=50 d_skips=0 d_ticks=2 window_ms=1143
[script livesqc7gm_0] withdrew 27 Nature runes
[script livesqc7gm_0] interact Close
[shim-close] sent
[panel] livesqc7gm_0: script: withdrew 27 Nature runes
[script livesqc7gm_0] restocked: 27 Rune chainbody notes + 27 Nature runes
[panel] livesqc7gm_0: script: restocked: 27 Rune chainbody notes + 27 Nature runes
[host] slot livesqc7gm_0: d_loop_us=991 d_raster_us=179456 d_observe_us=49938 max_observe_us=10065 d_paints=50 d_skips=0 d_ticks=2 window_ms=1150
[script livesqc7gm_0] interact SideTab { tab: 6 }
[script livesqc7gm_0] interact UseWidgetOn { component_id: 1178, kind: "held", target_name: Some("Rune chainbody"), x: 0, z: 0, level: 0, index: None }
[host] slot livesqc7gm_0: d_loop_us=1011 d_raster_us=211681 d_observe_us=43501 max_observe_us=5891 d_paints=50 d_skips=0 d_ticks=2 window_ms=1189
[panel] scenario capture requested: alcher terminal
[host] hitch livesqc7gm_0: observe_us=89063 paints=770 skips=0 ticks=31
[host] slot livesqc7gm_0: d_loop_us=946 d_raster_us=167059 d_observe_us=126838 max_observe_us=89063 d_paints=50 d_skips=0 d_ticks=2 window_ms=1246
[host] slot livesqc7gm_0: d_loop_us=712 d_raster_us=122248 d_observe_us=29886 max_observe_us=4085 d_paints=50 d_skips=0 d_ticks=2 window_ms=1180
[script livesqc7gm_0] interact UseWidgetOn { component_id: 1178, kind: "held", target_name: Some("Rune chainbody"), x: 0, z: 0, level: 0, index: None }
[host] slot livesqc7gm_0: d_loop_us=1059 d_raster_us=183274 d_observe_us=45188 max_observe_us=6708 d_paints=50 d_skips=0 d_ticks=2 window_ms=1164
[host] slot livesqc7gm_0: d_loop_us=1043 d_raster_us=166656 d_observe_us=40410 max_observe_us=6189 d_paints=50 d_skips=0 d_ticks=2 window_ms=1166
[script livesqc7gm_0] interact UseWidgetOn { component_id: 1178, kind: "held", target_name: Some("Rune chainbody"), x: 0, z: 0, level: 0, index: None }
[host] slot livesqc7gm_0: d_loop_us=1227 d_raster_us=185196 d_observe_us=46722 max_observe_us=5390 d_paints=50 d_skips=0 d_ticks=2 window_ms=1152
[host] slot livesqc7gm_0: d_loop_us=1188 d_raster_us=191986 d_observe_us=42121 max_observe_us=7157 d_paints=50 d_skips=0 d_ticks=2 window_ms=1151
[host] slot livesqc7gm_0: d_loop_us=735 d_raster_us=127562 d_observe_us=32889 max_observe_us=5057 d_paints=50 d_skips=0 d_ticks=1 window_ms=1169
[script livesqc7gm_0] interact UseWidgetOn { component_id: 1178, kind: "held", target_name: Some("Rune chainbody"), x: 0, z: 0, level: 0, index: None }
[host] slot livesqc7gm_0: d_loop_us=928 d_raster_us=164163 d_observe_us=36839 max_observe_us=5061 d_paints=50 d_skips=0 d_ticks=2 window_ms=1163
[host] slot livesqc7gm_0: d_loop_us=1247 d_raster_us=184379 d_observe_us=48499 max_observe_us=6701 d_paints=50 d_skips=0 d_ticks=2 window_ms=1151
PASS: live script_alcher {"scenario":"alcher","outcome":"PASS","predicate":"stat_xp_gain(6)>=1","ticks":38,"elapsed_ms":25209,"tile":[3185,3440,0],"inv":[{"id":1114,"name":"Rune chainbody","count":26},{"id":561,"name":"Nature rune","count":26},{"id":995,"name":"Coins","count":30000}],"stat":{"runenergy":100},"chat":[{"text":"This item can not be withdrawn as a note."},{"text":"Welcome to RuneScape."}],"scene":2}
[host] slot livesqc7gm_0: d_loop_us=1037 d_raster_us=174619 d_observe_us=42822 max_observe_us=5403 d_paints=50 d_skips=0 d_ticks=2 window_ms=1151
[script livesqc7gm_0] interact UseWidgetOn { component_id: 1178, kind: "held", target_name: Some("Rune chainbody"), x: 0, z: 0, level: 0, index: None }
[host] slot livesqc7gm_0: d_loop_us=1147 d_raster_us=193103 d_observe_us=47773 max_observe_us=7433 d_paints=50 d_skips=0 d_ticks=2 window_ms=1145
[host] slot livesqc7gm_0: d_loop_us=1073 d_raster_us=168632 d_observe_us=40679 max_observe_us=5514 d_paints=50 d_skips=0 d_ticks=2 window_ms=1169
[script livesqc7gm_0] interact UseWidgetOn { component_id: 1178, kind: "held", target_name: Some("Rune chainbody"), x: 0, z: 0, level: 0, index: None }
[host] slot livesqc7gm_0: d_loop_us=1235 d_raster_us=193688 d_observe_us=42169 max_observe_us=5317 d_paints=50 d_skips=0 d_ticks=2 window_ms=1163
[host] slot livesqc7gm_0: d_loop_us=1182 d_raster_us=172091 d_observe_us=46480 max_observe_us=7784 d_paints=50 d_skips=0 d_ticks=2 window_ms=1172
[host] slot livesqc7gm_0: d_loop_us=1050 d_raster_us=175282 d_observe_us=42919 max_observe_us=5549 d_paints=50 d_skips=0 d_ticks=2 window_ms=1161
[script livesqc7gm_0] interact UseWidgetOn { component_id: 1178, kind: "held", target_name: Some("Rune chainbody"), x: 0, z: 0, level: 0, index: None }
[host] slot livesqc7gm_0: d_loop_us=1084 d_raster_us=184839 d_observe_us=48063 max_observe_us=7750 d_paints=50 d_skips=0 d_ticks=2 window_ms=1137
[host] slot livesqc7gm_0: d_loop_us=1114 d_raster_us=168872 d_observe_us=42730 max_observe_us=5403 d_paints=50 d_skips=0 d_ticks=2 window_ms=1167
[script livesqc7gm_0] interact UseWidgetOn { component_id: 1178, kind: "held", target_name: Some("Rune chainbody"), x: 0, z: 0, level: 0, index: None }
[host] slot livesqc7gm_0: d_loop_us=1239 d_raster_us=182733 d_observe_us=44201 max_observe_us=5606 d_paints=50 d_skips=0 d_ticks=2 window_ms=1164
[host] slot livesqc7gm_0: d_loop_us=1213 d_raster_us=185594 d_observe_us=48719 max_observe_us=7538 d_paints=50 d_skips=0 d_ticks=2 window_ms=1151
[host] slot livesqc7gm_0: d_loop_us=1129 d_raster_us=180233 d_observe_us=43123 max_observe_us=5774 d_paints=50 d_skips=0 d_ticks=2 window_ms=1169
[script livesqc7gm_0] interact UseWidgetOn { component_id: 1178, kind: "held", target_name: Some("Rune chainbody"), x: 0, z: 0, level: 0, index: None }
[host] slot livesqc7gm_0: d_loop_us=1113 d_raster_us=190701 d_observe_us=40040 max_observe_us=5270 d_paints=50 d_skips=0 d_ticks=1 window_ms=1152
[host] slot livesqc7gm_0: d_loop_us=1216 d_raster_us=176424 d_observe_us=43088 max_observe_us=7390 d_paints=50 d_skips=0 d_ticks=2 window_ms=1145
[host] slot livesqc7gm_0: d_loop_us=1130 d_raster_us=180771 d_observe_us=41317 max_observe_us=5074 d_paints=50 d_skips=0 d_ticks=2 window_ms=1150
[script livesqc7gm_0] interact UseWidgetOn { component_id: 1178, kind: "held", target_name: Some("Rune chainbody"), x: 0, z: 0, level: 0, index: None }
[host] slot livesqc7gm_0: d_loop_us=1018 d_raster_us=184836 d_observe_us=42460 max_observe_us=6100 d_paints=50 d_skips=0 d_ticks=2 window_ms=1173
[host] slot livesqc7gm_0: d_loop_us=999 d_raster_us=177167 d_observe_us=41808 max_observe_us=6103 d_paints=50 d_skips=0 d_ticks=2 window_ms=1144
[script livesqc7gm_0] interact UseWidgetOn { component_id: 1178, kind: "held", target_name: Some("Rune chainbody"), x: 0, z: 0, level: 0, index: None }
[host] slot livesqc7gm_0: d_loop_us=1051 d_raster_us=181304 d_observe_us=40744 max_observe_us=5291 d_paints=50 d_skips=0 d_ticks=2 window_ms=1157
[host] slot livesqc7gm_0: d_loop_us=1074 d_raster_us=176910 d_observe_us=48581 max_observe_us=7786 d_paints=50 d_skips=0 d_ticks=2 window_ms=1164
[host] slot livesqc7gm_0: d_loop_us=1130 d_raster_us=171689 d_observe_us=40087 max_observe_us=5105 d_paints=50 d_skips=0 d_ticks=2 window_ms=1141
[script livesqc7gm_0] interact UseWidgetOn { component_id: 1178, kind: "held", target_name: Some("Rune chainbody"), x: 0, z: 0, level: 0, index: None }
[host] slot livesqc7gm_0: d_loop_us=1095 d_raster_us=184524 d_observe_us=44284 max_observe_us=7282 d_paints=50 d_skips=0 d_ticks=2 window_ms=1146
[host] slot livesqc7gm_0: d_loop_us=970 d_raster_us=172628 d_observe_us=39856 max_observe_us=5947 d_paints=50 d_skips=0 d_ticks=2 window_ms=1158
[script livesqc7gm_0] interact UseWidgetOn { component_id: 1178, kind: "held", target_name: Some("Rune chainbody"), x: 0, z: 0, level: 0, index: None }
[host] slot livesqc7gm_0: d_loop_us=1107 d_raster_us=182553 d_observe_us=44360 max_observe_us=5779 d_paints=50 d_skips=0 d_ticks=2 window_ms=1154
[host] slot livesqc7gm_0: d_loop_us=1143 d_raster_us=182905 d_observe_us=46607 max_observe_us=7392 d_paints=50 d_skips=0 d_ticks=2 window_ms=1157
[host] slot livesqc7gm_0: d_loop_us=1039 d_raster_us=171280 d_observe_us=39684 max_observe_us=5647 d_paints=50 d_skips=0 d_ticks=2 window_ms=1157
[script livesqc7gm_0] interact UseWidgetOn { component_id: 1178, kind: "held", target_name: Some("Rune chainbody"), x: 0, z: 0, level: 0, index: None }
[host] slot livesqc7gm_0: d_loop_us=1056 d_raster_us=183384 d_observe_us=39642 max_observe_us=5158 d_paints=50 d_skips=0 d_ticks=2 window_ms=1166
[host] slot livesqc7gm_0: d_loop_us=840 d_raster_us=148503 d_observe_us=38915 max_observe_us=7879 d_paints=50 d_skips=0 d_ticks=1 window_ms=1175
[host] slot livesqc7gm_0: d_loop_us=1143 d_raster_us=177888 d_observe_us=40393 max_observe_us=5079 d_paints=50 d_skips=0 d_ticks=2 window_ms=1161
[script livesqc7gm_0] interact UseWidgetOn { component_id: 1178, kind: "held", target_name: Some("Rune chainbody"), x: 0, z: 0, level: 0, index: None }
[host] slot livesqc7gm_0: d_loop_us=984 d_raster_us=178695 d_observe_us=43780 max_observe_us=6443 d_paints=50 d_skips=0 d_ticks=2 window_ms=1152
[host] slot livesqc7gm_0: d_loop_us=1180 d_raster_us=179234 d_observe_us=42797 max_observe_us=5480 d_paints=50 d_skips=0 d_ticks=2 window_ms=1148
[script livesqc7gm_0] interact UseWidgetOn { component_id: 1178, kind: "held", target_name: Some("Rune chainbody"), x: 0, z: 0, level: 0, index: None }
[host] slot livesqc7gm_0: d_loop_us=1105 d_raster_us=194739 d_observe_us=44595 max_observe_us=5510 d_paints=50 d_skips=0 d_ticks=2 window_ms=1153
[host] slot livesqc7gm_0: d_loop_us=1171 d_raster_us=176635 d_observe_us=47298 max_observe_us=7750 d_paints=50 d_skips=0 d_ticks=2 window_ms=1153
[host] slot livesqc7gm_0: d_loop_us=1029 d_raster_us=171511 d_observe_us=40108 max_observe_us=5578 d_paints=50 d_skips=0 d_ticks=2 window_ms=1157
[script livesqc7gm_0] interact UseWidgetOn { component_id: 1178, kind: "held", target_name: Some("Rune chainbody"), x: 0, z: 0, level: 0, index: None }
[host] slot livesqc7gm_0: d_loop_us=1072 d_raster_us=182336 d_observe_us=44990 max_observe_us=7245 d_paints=50 d_skips=0 d_ticks=2 window_ms=1156
[host] slot livesqc7gm_0: d_loop_us=967 d_raster_us=163437 d_observe_us=37482 max_observe_us=5271 d_paints=50 d_skips=0 d_ticks=2 window_ms=1179
[script livesqc7gm_0] interact UseWidgetOn { component_id: 1178, kind: "held", target_name: Some("Rune chainbody"), x: 0, z: 0, level: 0, index: None }
[host] slot livesqc7gm_0: d_loop_us=1076 d_raster_us=177375 d_observe_us=42721 max_observe_us=5685 d_paints=50 d_skips=0 d_ticks=2 window_ms=1162
[host] slot livesqc7gm_0: d_loop_us=1107 d_raster_us=187278 d_observe_us=50305 max_observe_us=7535 d_paints=50 d_skips=0 d_ticks=2 window_ms=1154
[host] slot livesqc7gm_0: d_loop_us=1102 d_raster_us=179269 d_observe_us=42303 max_observe_us=5468 d_paints=50 d_skips=0 d_ticks=2 window_ms=1150
[script livesqc7gm_0] interact UseWidgetOn { component_id: 1178, kind: "held", target_name: Some("Rune chainbody"), x: 0, z: 0, level: 0, index: None }
[host] slot livesqc7gm_0: d_loop_us=1116 d_raster_us=184193 d_observe_us=46038 max_observe_us=7324 d_paints=50 d_skips=0 d_ticks=2 window_ms=1146
[host] slot livesqc7gm_0: d_loop_us=951 d_raster_us=166664 d_observe_us=39105 max_observe_us=6076 d_paints=50 d_skips=0 d_ticks=2 window_ms=1171
[host] slot livesqc7gm_0: d_loop_us=1052 d_raster_us=172161 d_observe_us=35652 max_observe_us=5315 d_paints=50 d_skips=0 d_ticks=2 window_ms=1160
[script livesqc7gm_0] interact UseWidgetOn { component_id: 1178, kind: "held", target_name: Some("Rune chainbody"), x: 0, z: 0, level: 0, index: None }
[host] slot livesqc7gm_0: d_loop_us=883 d_raster_us=179223 d_observe_us=43525 max_observe_us=7811 d_paints=50 d_skips=0 d_ticks=1 window_ms=1181
[host] slot livesqc7gm_0: d_loop_us=1199 d_raster_us=184291 d_observe_us=41227 max_observe_us=5800 d_paints=50 d_skips=0 d_ticks=2 window_ms=1166
[script livesqc7gm_0] interact UseWidgetOn { component_id: 1178, kind: "held", target_name: Some("Rune chainbody"), x: 0, z: 0, level: 0, index: None }
[host] slot livesqc7gm_0: d_loop_us=1022 d_raster_us=189649 d_observe_us=37803 max_observe_us=5525 d_paints=50 d_skips=0 d_ticks=2 window_ms=1145
[host] slot livesqc7gm_0: d_loop_us=953 d_raster_us=177228 d_observe_us=44121 max_observe_us=6980 d_paints=50 d_skips=0 d_ticks=2 window_ms=1169
[host] slot livesqc7gm_0: d_loop_us=1218 d_raster_us=185368 d_observe_us=40216 max_observe_us=5505 d_paints=50 d_skips=0 d_ticks=2 window_ms=1161
[script livesqc7gm_0] interact UseWidgetOn { component_id: 1178, kind: "held", target_name: Some("Rune chainbody"), x: 0, z: 0, level: 0, index: None }
[host] slot livesqc7gm_0: d_loop_us=1304 d_raster_us=191804 d_observe_us=48662 max_observe_us=8161 d_paints=50 d_skips=0 d_ticks=2 window_ms=1154
[host] slot livesqc7gm_0: d_loop_us=971 d_raster_us=183099 d_observe_us=43598 max_observe_us=6580 d_paints=50 d_skips=0 d_ticks=2 window_ms=1172
[script livesqc7gm_0] interact UseWidgetOn { component_id: 1178, kind: "held", target_name: Some("Rune chainbody"), x: 0, z: 0, level: 0, index: None }
[host] slot livesqc7gm_0: d_loop_us=1004 d_raster_us=188282 d_observe_us=40044 max_observe_us=5698 d_paints=50 d_skips=0 d_ticks=2 window_ms=1166
[host] slot livesqc7gm_0: d_loop_us=1282 d_raster_us=185679 d_observe_us=49669 max_observe_us=7491 d_paints=50 d_skips=0 d_ticks=2 window_ms=1154
[host] slot livesqc7gm_0: d_loop_us=1091 d_raster_us=178643 d_observe_us=40445 max_observe_us=6144 d_paints=50 d_skips=0 d_ticks=2 window_ms=1167
[script livesqc7gm_0] interact UseWidgetOn { component_id: 1178, kind: "held", target_name: Some("Rune chainbody"), x: 0, z: 0, level: 0, index: None }
[host] slot livesqc7gm_0: d_loop_us=1035 d_raster_us=184384 d_observe_us=44321 max_observe_us=7556 d_paints=50 d_skips=0 d_ticks=2 window_ms=1155
[host] slot livesqc7gm_0: d_loop_us=1269 d_raster_us=180526 d_observe_us=42583 max_observe_us=5431 d_paints=50 d_skips=0 d_ticks=2 window_ms=1165
[script livesqc7gm_0] interact UseWidgetOn { component_id: 1178, kind: "held", target_name: Some("Rune chainbody"), x: 0, z: 0, level: 0, index: None }
[host] slot livesqc7gm_0: d_loop_us=1240 d_raster_us=188625 d_observe_us=44409 max_observe_us=5756 d_paints=50 d_skips=0 d_ticks=2 window_ms=1155
[host] slot livesqc7gm_0: d_loop_us=1020 d_raster_us=187289 d_observe_us=45457 max_observe_us=8325 d_paints=50 d_skips=0 d_ticks=2 window_ms=1167
[host] slot livesqc7gm_0: d_loop_us=1189 d_raster_us=181881 d_observe_us=40555 max_observe_us=6044 d_paints=50 d_skips=0 d_ticks=2 window_ms=1165
[script livesqc7gm_0] interact UseWidgetOn { component_id: 1178, kind: "held", target_name: Some("Rune chainbody"), x: 0, z: 0, level: 0, index: None }
[host] slot livesqc7gm_0: d_loop_us=1121 d_raster_us=190239 d_observe_us=38411 max_observe_us=5575 d_paints=50 d_skips=0 d_ticks=2 window_ms=1175
[host] slot livesqc7gm_0: d_loop_us=1202 d_raster_us=192203 d_observe_us=46436 max_observe_us=8061 d_paints=50 d_skips=0 d_ticks=1 window_ms=1154
[host] slot livesqc7gm_0: d_loop_us=1257 d_raster_us=195679 d_observe_us=45900 max_observe_us=5610 d_paints=50 d_skips=0 d_ticks=2 window_ms=1149
[script livesqc7gm_0] interact UseWidgetOn { component_id: 1178, kind: "held", target_name: Some("Rune chainbody"), x: 0, z: 0, level: 0, index: None }
[host] slot livesqc7gm_0: d_loop_us=1127 d_raster_us=196811 d_observe_us=45278 max_observe_us=7529 d_paints=50 d_skips=0 d_ticks=2 window_ms=1151
[host] slot livesqc7gm_0: d_loop_us=1247 d_raster_us=185815 d_observe_us=42385 max_observe_us=6206 d_paints=50 d_skips=0 d_ticks=2 window_ms=1161
[script livesqc7gm_0] interact OpenBooth { x: 3186, z: 3440, level: 0, id: 2213, name: Some("Bank booth"), action: Some("Use-quickly") }
[host] slot livesqc7gm_0: d_loop_us=1245 d_raster_us=185806 d_observe_us=44557 max_observe_us=5092 d_paints=50 d_skips=0 d_ticks=2 window_ms=1165
[host] slot livesqc7gm_0: d_loop_us=1034 d_raster_us=214698 d_observe_us=43976 max_observe_us=7207 d_paints=50 d_skips=0 d_ticks=2 window_ms=1166
[host] slot livesqc7gm_0: d_loop_us=934 d_raster_us=216005 d_observe_us=41852 max_observe_us=6767 d_paints=50 d_skips=0 d_ticks=2 window_ms=1165
[host] slot livesqc7gm_0: d_loop_us=923 d_raster_us=228358 d_observe_us=38089 max_observe_us=4986 d_paints=50 d_skips=0 d_ticks=2 window_ms=1175
[script livesqc7gm_0] cleared 1 items from the pack
[script livesqc7gm_0] interact SetNoteMode { on: true }
[shim-note] on=true sent
[panel] livesqc7gm_0: script: cleared 1 items from the pack
[host] slot livesqc7gm_0: d_loop_us=976 d_raster_us=215009 d_observe_us=39136 max_observe_us=5248 d_paints=50 d_skips=0 d_ticks=2 window_ms=1155
[script livesqc7gm_0] withdrew 3 Rune chainbody (noted, 30000gp each)
[panel] livesqc7gm_0: script: withdrew 3 Rune chainbody (noted, 30000gp each)
[host] slot livesqc7gm_0: d_loop_us=1079 d_raster_us=228320 d_observe_us=44998 max_observe_us=7029 d_paints=50 d_skips=0 d_ticks=2 window_ms=1144
[script livesqc7gm_0] withdrew 3 Nature runes
[script livesqc7gm_0] interact Close
[shim-close] sent
[panel] livesqc7gm_0: script: withdrew 3 Nature runes
[host] slot livesqc7gm_0: d_loop_us=930 d_raster_us=211591 d_observe_us=41487 max_observe_us=6849 d_paints=50 d_skips=0 d_ticks=2 window_ms=1164
[script livesqc7gm_0] restocked: 3 Rune chainbody notes + 3 Nature runes
[panel] livesqc7gm_0: script: restocked: 3 Rune chainbody notes + 3 Nature runes
[script livesqc7gm_0] interact UseWidgetOn { component_id: 1178, kind: "held", target_name: Some("Rune chainbody"), x: 0, z: 0, level: 0, index: None }
[host] slot livesqc7gm_0: d_loop_us=953 d_raster_us=171546 d_observe_us=45602 max_observe_us=8542 d_paints=50 d_skips=0 d_ticks=2 window_ms=1166
[host] slot livesqc7gm_0: d_loop_us=1185 d_raster_us=187835 d_observe_us=46991 max_observe_us=7596 d_paints=50 d_skips=0 d_ticks=2 window_ms=1160
[host] slot livesqc7gm_0: d_loop_us=1023 d_raster_us=181035 d_observe_us=40339 max_observe_us=6252 d_paints=50 d_skips=0 d_ticks=2 window_ms=1159
[script livesqc7gm_0] interact UseWidgetOn { component_id: 1178, kind: "held", target_name: Some("Rune chainbody"), x: 0, z: 0, level: 0, index: None }
[host] slot livesqc7gm_0: d_loop_us=1069 d_raster_us=193756 d_observe_us=39120 max_observe_us=5940 d_paints=50 d_skips=0 d_ticks=2 window_ms=1146
[host] slot livesqc7gm_0: d_loop_us=1279 d_raster_us=189309 d_observe_us=44933 max_observe_us=6399 d_paints=50 d_skips=0 d_ticks=1 window_ms=1153
[host] slot livesqc7gm_0: d_loop_us=1151 d_raster_us=175145 d_observe_us=40908 max_observe_us=5320 d_paints=50 d_skips=0 d_ticks=2 window_ms=1154
[script livesqc7gm_0] interact UseWidgetOn { component_id: 1178, kind: "held", target_name: Some("Rune chainbody"), x: 0, z: 0, level: 0, index: None }
[host] slot livesqc7gm_0: d_loop_us=1081 d_raster_us=192584 d_observe_us=46195 max_observe_us=7050 d_paints=50 d_skips=0 d_ticks=2 window_ms=1170
[host] slot livesqc7gm_0: d_loop_us=1197 d_raster_us=182731 d_observe_us=40785 max_observe_us=6019 d_paints=50 d_skips=0 d_ticks=2 window_ms=1154
[script livesqc7gm_0] interact OpenBooth { x: 3186, z: 3440, level: 0, id: 2213, name: Some("Bank booth"), action: Some("Use-quickly") }
[host] slot livesqc7gm_0: d_loop_us=1007 d_raster_us=168991 d_observe_us=39883 max_observe_us=5729 d_paints=50 d_skips=0 d_ticks=2 window_ms=1169
[host] slot livesqc7gm_0: d_loop_us=921 d_raster_us=217040 d_observe_us=41620 max_observe_us=7589 d_paints=50 d_skips=0 d_ticks=2 window_ms=1171
[host] slot livesqc7gm_0: d_loop_us=866 d_raster_us=216202 d_observe_us=39603 max_observe_us=6879 d_paints=50 d_skips=0 d_ticks=2 window_ms=1164
[host] slot livesqc7gm_0: d_loop_us=913 d_raster_us=225797 d_observe_us=37191 max_observe_us=5212 d_paints=50 d_skips=0 d_ticks=2 window_ms=1149
[script livesqc7gm_0] cleared 1 items from the pack
[script livesqc7gm_0] interact SetNoteMode { on: true }
[shim-note] on=true sent
[panel] livesqc7gm_0: script: cleared 1 items from the pack
[script livesqc7gm_0] the bank is out of Rune chainbody — moving on
[script livesqc7gm_0] the bank is out of every selected item — stopping
[script livesqc7gm_0] script requested stop on tick 209; isolate stopping
[panel] livesqc7gm_0: script: the bank is out of Rune chainbody — moving on
[panel] livesqc7gm_0: script: the bank is out of every selected item — stopping
[panel] livesqc7gm_0: script: script requested stop on tick 209; isolate stopping
[host] slot livesqc7gm_0: d_loop_us=925 d_raster_us=216540 d_observe_us=37058 max_observe_us=5435 d_paints=50 d_skips=0 d_ticks=2 window_ms=1149
[host] slot livesqc7gm_0: d_loop_us=1024 d_raster_us=231749 d_observe_us=22658 max_observe_us=913 d_paints=50 d_skips=0 d_ticks=2 window_ms=1143
[host] slot livesqc7gm_0: d_loop_us=933 d_raster_us=231525 d_observe_us=22329 max_observe_us=840 d_paints=50 d_skips=0 d_ticks=2 window_ms=1167
[host] slot livesqc7gm_0: d_loop_us=1139 d_raster_us=237468 d_observe_us=26137 max_observe_us=826 d_paints=50 d_skips=0 d_ticks=2 window_ms=1151
[host] slot livesqc7gm_0: d_loop_us=777 d_raster_us=217608 d_observe_us=22178 max_observe_us=733 d_paints=50 d_skips=0 d_ticks=2 window_ms=1175
[host] slot livesqc7gm_0: d_loop_us=1178 d_raster_us=228858 d_observe_us=27382 max_observe_us=1181 d_paints=50 d_skips=0 d_ticks=2 window_ms=1158
[host] slot livesqc7gm_0: d_loop_us=1148 d_raster_us=232647 d_observe_us=26642 max_observe_us=933 d_paints=50 d_skips=0 d_ticks=2 window_ms=1163
[host] slot livesqc7gm_0: d_loop_us=882 d_raster_us=214096 d_observe_us=22474 max_observe_us=801 d_paints=50 d_skips=0 d_ticks=1 window_ms=1163
[host] slot livesqc7gm_0: d_loop_us=944 d_raster_us=229506 d_observe_us=23640 max_observe_us=878 d_paints=50 d_skips=0 d_ticks=2 window_ms=1174
[host] slot livesqc7gm_0: d_loop_us=1146 d_raster_us=245758 d_observe_us=25382 max_observe_us=812 d_paints=50 d_skips=0 d_ticks=2 window_ms=1136
[host] slot livesqc7gm_0: d_loop_us=1199 d_raster_us=240862 d_observe_us=27647 max_observe_us=1091 d_paints=50 d_skips=0 d_ticks=2 window_ms=1154
[host] slot livesqc7gm_0: d_loop_us=1089 d_raster_us=232605 d_observe_us=24702 max_observe_us=773 d_paints=50 d_skips=0 d_ticks=2 window_ms=1179
[host] slot livesqc7gm_0: d_loop_us=911 d_raster_us=196393 d_observe_us=30839 max_observe_us=1991 d_paints=50 d_skips=0 d_ticks=2 window_ms=1155
[host] slot livesqc7gm_0: d_loop_us=956 d_raster_us=210159 d_observe_us=30843 max_observe_us=4835 d_paints=50 d_skips=0 d_ticks=2 window_ms=1168
[host] slot livesqc7gm_0: d_loop_us=1099 d_raster_us=239780 d_observe_us=25027 max_observe_us=922 d_paints=50 d_skips=0 d_ticks=2 window_ms=1165
[host] slot livesqc7gm_0: d_loop_us=1309 d_raster_us=241091 d_observe_us=26859 max_observe_us=879 d_paints=50 d_skips=0 d_ticks=2 window_ms=1142
[host] slot livesqc7gm_0: d_loop_us=939 d_raster_us=228782 d_observe_us=23203 max_observe_us=834 d_paints=50 d_skips=0 d_ticks=2 window_ms=1165
[host] slot livesqc7gm_0: d_loop_us=1071 d_raster_us=239113 d_observe_us=23099 max_observe_us=793 d_paints=50 d_skips=0 d_ticks=2 window_ms=1174
[host] slot livesqc7gm_0: d_loop_us=1193 d_raster_us=238253 d_observe_us=24566 max_observe_us=784 d_paints=50 d_skips=0 d_ticks=2 window_ms=1165
[host] slot livesqc7gm_0: d_loop_us=1172 d_raster_us=242957 d_observe_us=25241 max_observe_us=874 d_paints=50 d_skips=0 d_ticks=2 window_ms=1175
[host] slot livesqc7gm_0: d_loop_us=1096 d_raster_us=232803 d_observe_us=24512 max_observe_us=949 d_paints=50 d_skips=0 d_ticks=2 window_ms=1166
[host] slot livesqc7gm_0: d_loop_us=1073 d_raster_us=236733 d_observe_us=24014 max_observe_us=760 d_paints=50 d_skips=0 d_ticks=2 window_ms=1172
[host] slot livesqc7gm_0: d_loop_us=1007 d_raster_us=224981 d_observe_us=22953 max_observe_us=744 d_paints=50 d_skips=0 d_ticks=2 window_ms=1167
[host] slot livesqc7gm_0: d_loop_us=1129 d_raster_us=237758 d_observe_us=28114 max_observe_us=1013 d_paints=50 d_skips=0 d_ticks=1 window_ms=1158
[host] slot livesqc7gm_0: d_loop_us=1229 d_raster_us=235620 d_observe_us=26643 max_observe_us=832 d_paints=50 d_skips=0 d_ticks=2 window_ms=1152
[host] slot livesqc7gm_0: d_loop_us=1114 d_raster_us=230457 d_observe_us=26444 max_observe_us=921 d_paints=50 d_skips=0 d_ticks=2 window_ms=1139
[host] slot livesqc7gm_0: d_loop_us=1200 d_raster_us=239504 d_observe_us=27342 max_observe_us=1043 d_paints=50 d_skips=0 d_ticks=2 window_ms=1146
[host] slot livesqc7gm_0: d_loop_us=1259 d_raster_us=246912 d_observe_us=28507 max_observe_us=1175 d_paints=50 d_skips=0 d_ticks=2 window_ms=1167
[host] slot livesqc7gm_0: d_loop_us=1285 d_raster_us=245925 d_observe_us=29842 max_observe_us=942 d_paints=50 d_skips=0 d_ticks=2 window_ms=1146
[host] slot livesqc7gm_0: d_loop_us=1244 d_raster_us=247136 d_observe_us=29063 max_observe_us=929 d_paints=50 d_skips=0 d_ticks=2 window_ms=1160
[host] slot livesqc7gm_0: d_loop_us=1267 d_raster_us=240533 d_observe_us=27316 max_observe_us=834 d_paints=50 d_skips=0 d_ticks=2 window_ms=1154
[host] slot livesqc7gm_0: d_loop_us=1198 d_raster_us=242102 d_observe_us=28882 max_observe_us=867 d_paints=50 d_skips=0 d_ticks=2 window_ms=1148
[host] slot livesqc7gm_0: d_loop_us=1179 d_raster_us=238779 d_observe_us=25260 max_observe_us=793 d_paints=50 d_skips=0 d_ticks=2 window_ms=1163
[host] slot livesqc7gm_0: d_loop_us=1138 d_raster_us=243814 d_observe_us=28136 max_observe_us=1171 d_paints=50 d_skips=0 d_ticks=2 window_ms=1159
[host] slot livesqc7gm_0: d_loop_us=1113 d_raster_us=238135 d_observe_us=22344 max_observe_us=765 d_paints=50 d_skips=0 d_ticks=2 window_ms=1158
[host] slot livesqc7gm_0: d_loop_us=1158 d_raster_us=240148 d_observe_us=25624 max_observe_us=971 d_paints=50 d_skips=0 d_ticks=2 window_ms=1156
[host] slot livesqc7gm_0: d_loop_us=1158 d_raster_us=242624 d_observe_us=24762 max_observe_us=763 d_paints=50 d_skips=0 d_ticks=1 window_ms=1152
[host] slot livesqc7gm_0: d_loop_us=1176 d_raster_us=238932 d_observe_us=24832 max_observe_us=888 d_paints=50 d_skips=0 d_ticks=2 window_ms=1153
[host] slot livesqc7gm_0: d_loop_us=1053 d_raster_us=237637 d_observe_us=23860 max_observe_us=787 d_paints=50 d_skips=0 d_ticks=2 window_ms=1161
[host] slot livesqc7gm_0: d_loop_us=1174 d_raster_us=234552 d_observe_us=25828 max_observe_us=836 d_paints=50 d_skips=0 d_ticks=2 window_ms=1160
[host] slot livesqc7gm_0: d_loop_us=1137 d_raster_us=234239 d_observe_us=23497 max_observe_us=899 d_paints=50 d_skips=0 d_ticks=2 window_ms=1168
[host] slot livesqc7gm_0: d_loop_us=1079 d_raster_us=244823 d_observe_us=24460 max_observe_us=974 d_paints=50 d_skips=0 d_ticks=2 window_ms=1168
[host] slot livesqc7gm_0: d_loop_us=1263 d_raster_us=243361 d_observe_us=28398 max_observe_us=981 d_paints=50 d_skips=0 d_ticks=2 window_ms=1149
[host] slot livesqc7gm_0: d_loop_us=1183 d_raster_us=237917 d_observe_us=25935 max_observe_us=887 d_paints=50 d_skips=0 d_ticks=2 window_ms=1163
[host] slot livesqc7gm_0: d_loop_us=1170 d_raster_us=238783 d_observe_us=25838 max_observe_us=1025 d_paints=50 d_skips=0 d_ticks=2 window_ms=1162
[host] slot livesqc7gm_0: d_loop_us=1206 d_raster_us=239322 d_observe_us=27658 max_observe_us=1089 d_paints=50 d_skips=0 d_ticks=2 window_ms=1154
