[host-play] slot livedz4g2u_0: thread up
274bot: snapshot load skipped: read /Users/acfrazier/.274bot/unpack-289/37214163f1e6ceca/models.bin: No such file or directory (os error 2)
[panel] livedz4g2u_0: livedz4g2u_0: slot up
[host-play] slot livedz4g2u_0: handshake begin reconnect=false
[host-play] slot livedz4g2u_0: handshake ok
[host] hitch livedz4g2u_0: frame_us=62547 paints=1 skips=0 ticks=0
[panel] livedz4g2u_0: livedz4g2u_0: scene 1
[host] hitch livedz4g2u_0: frame_us=56836 paints=43 skips=0 ticks=1
[panel] livedz4g2u_0: livedz4g2u_0: mainland hop queued
[panel] livedz4g2u_0: livedz4g2u_0: ingame
[panel] livedz4g2u_0: livedz4g2u_0: scene 2
live script_bank_fletcher: running step 1/6
[host] slot livedz4g2u_0: d_loop_us=11328 d_raster_us=196959 d_observe_us=53671 max_observe_us=2587 d_paints=50 d_skips=0 d_ticks=1 window_ms=0
[panel] livedz4g2u_0: livedz4g2u_0: scene 1
[panel] livedz4g2u_0: livedz4g2u_0: ingame
[panel] livedz4g2u_0: livedz4g2u_0: scene 2
[host] slot livedz4g2u_0: d_loop_us=9442 d_raster_us=171357 d_observe_us=57952 max_observe_us=3695 d_paints=50 d_skips=0 d_ticks=3 window_ms=1163
[host] slot livedz4g2u_0: d_loop_us=1005 d_raster_us=165600 d_observe_us=29385 max_observe_us=1930 d_paints=50 d_skips=0 d_ticks=2 window_ms=1164
live script_bank_fletcher: running step 2/6
[host-play] slot livedz4g2u_0: handshake begin reconnect=true
[panel] livedz4g2u_0: livedz4g2u_0: scene 0
[host-play] slot livedz4g2u_0: handshake ok
[panel] livedz4g2u_0: livedz4g2u_0: scene 1
[host] hitch livedz4g2u_0: frame_us=51218 paints=39 skips=0 ticks=1
[panel] livedz4g2u_0: livedz4g2u_0: ingame
[panel] livedz4g2u_0: livedz4g2u_0: scene 2
[host] slot livedz4g2u_0: d_loop_us=18331 d_raster_us=170298 d_observe_us=73154 max_observe_us=3167 d_paints=50 d_skips=0 d_ticks=1 window_ms=0
[host] slot livedz4g2u_0: d_loop_us=1365 d_raster_us=164745 d_observe_us=40866 max_observe_us=5459 d_paints=50 d_skips=0 d_ticks=3 window_ms=1171
live script_bank_fletcher: running step 3/6
[host] slot livedz4g2u_0: d_loop_us=1175 d_raster_us=144293 d_observe_us=31581 max_observe_us=2637 d_paints=50 d_skips=0 d_ticks=2 window_ms=1168
[panel] livedz4g2u_0: livedz4g2u_0: scene 1
[panel] livedz4g2u_0: livedz4g2u_0: ingame
[panel] livedz4g2u_0: livedz4g2u_0: scene 2
[host] slot livedz4g2u_0: d_loop_us=9691 d_raster_us=174566 d_observe_us=60565 max_observe_us=5934 d_paints=50 d_skips=0 d_ticks=2 window_ms=1166
live script_bank_fletcher: running step 4/6
[host] slot livedz4g2u_0: d_loop_us=1123 d_raster_us=202476 d_observe_us=28596 max_observe_us=944 d_paints=50 d_skips=0 d_ticks=2 window_ms=1151
live script_bank_fletcher: running step 5/6
[script livedz4g2u_0] start load
live script_bank_fletcher: running step 6/6
[host] hitch livedz4g2u_0: observe_us=35891 paints=284 skips=0 ticks=12
[host] slot livedz4g2u_0: d_loop_us=930 d_raster_us=165275 d_observe_us=73198 max_observe_us=35891 d_paints=50 d_skips=0 d_ticks=2 window_ms=1175
[script livedz4g2u_0] BankFletcher fletching 'Willow logs' → Short bow at (3185, 3440, 0) (booth 'Bank booth', r6)
[script livedz4g2u_0] interact UseOn { name: "Knife", kind: "inv", target_name: Some("Willow logs"), x: 0, z: 0, level: 0, index: None }
[panel] livedz4g2u_0: script: BankFletcher fletching 'Willow logs' → Short bow at (3185, 3440, 0) (booth 'Bank booth', r6)
[host] slot livedz4g2u_0: d_loop_us=882 d_raster_us=148087 d_observe_us=49348 max_observe_us=15275 d_paints=50 d_skips=0 d_ticks=2 window_ms=1158
[script livedz4g2u_0] interact IfButton { component_id: 8871 }
[host] slot livedz4g2u_0: d_loop_us=1201 d_raster_us=203883 d_observe_us=53795 max_observe_us=8552 d_paints=50 d_skips=0 d_ticks=2 window_ms=1165
[script livedz4g2u_0] interact AnswerCount { value: 27 }
[shim-count] 27 sent
[host] slot livedz4g2u_0: d_loop_us=1238 d_raster_us=201952 d_observe_us=52887 max_observe_us=8679 d_paints=50 d_skips=0 d_ticks=2 window_ms=1152
PASS: live script_bank_fletcher {"scenario":"bank_fletcher","outcome":"PASS","predicate":"stat_xp_gain(9)>=1","ticks":19,"elapsed_ms":18254,"tile":[3185,3440,0],"inv":[{"id":946,"name":"Knife","count":1},{"id":60,"name":"Willow shortbow","count":1},{"id":1519,"name":"Willow logs","count":1},{"id":1519,"name":"Willow logs","count":1},{"id":1519,"name":"Willow logs","count":1},{"id":1519,"name":"Willow logs","count":1},{"id":1519,"name":"Willow logs","count":1},{"id":1519,"name":"Willow logs","count":1},{"id":1519,"name":"Willow logs","count":1},{"id":1519,"name":"Willow logs","count":1},{"id":1519,"name":"Willow logs","count":1},{"id":1519,"name":"Willow logs","count":1},{"id":1519,"name":"Willow logs","count":1},{"id":1519,"name":"Willow logs","count":1},{"id":1519,"name":"Willow logs","count":1},{"id":1519,"name":"Willow logs","count":1},{"id":1519,"name":"Willow logs","count":1},{"id":1519,"name":"Willow logs","count":1},{"id":1519,"name":"Willow logs","count":1},{"id":1519,"name":"Willow logs","count":1},{"id":1519,"name":"Willow logs","count":1},{"id":1519,"name":"Willow logs","count":1},{"id":1519,"name":"Willow logs","count":1},{"id":1519,"name":"Willow logs","count":1},{"id":1519,"name":"Willow logs","count":1},{"id":1519,"name":"Willow logs","count":1},{"id":1519,"name":"Willow logs","count":1},{"id":1519,"name":"Willow logs","count":1}],"stat":{"runenergy":100},"chat":[{"text":"You carefully cut the wood into a shortbow."},{"text":"Congratulations, you just advanced a fletching level."},{"text":"Welcome to RuneScape."}],"scene":2}
[host] slot livedz4g2u_0: d_loop_us=1293 d_raster_us=174205 d_observe_us=51126 max_observe_us=8707 d_paints=50 d_skips=0 d_ticks=2 window_ms=1175
[host] slot livedz4g2u_0: d_loop_us=1249 d_raster_us=177109 d_observe_us=46334 max_observe_us=5691 d_paints=50 d_skips=0 d_ticks=2 window_ms=1137
[host] slot livedz4g2u_0: d_loop_us=1320 d_raster_us=176391 d_observe_us=47266 max_observe_us=7877 d_paints=50 d_skips=0 d_ticks=2 window_ms=1163
[host] slot livedz4g2u_0: d_loop_us=1399 d_raster_us=184925 d_observe_us=49272 max_observe_us=7868 d_paints=50 d_skips=0 d_ticks=2 window_ms=1159
[host] slot livedz4g2u_0: d_loop_us=1350 d_raster_us=176887 d_observe_us=49137 max_observe_us=5962 d_paints=50 d_skips=0 d_ticks=2 window_ms=1154
[host] slot livedz4g2u_0: d_loop_us=1079 d_raster_us=161229 d_observe_us=43901 max_observe_us=7818 d_paints=50 d_skips=0 d_ticks=2 window_ms=1156
[host] slot livedz4g2u_0: d_loop_us=879 d_raster_us=136443 d_observe_us=30813 max_observe_us=4215 d_paints=50 d_skips=0 d_ticks=2 window_ms=1160
[host] slot livedz4g2u_0: d_loop_us=1327 d_raster_us=175517 d_observe_us=51128 max_observe_us=8101 d_paints=50 d_skips=0 d_ticks=1 window_ms=1158
[host] slot livedz4g2u_0: d_loop_us=1216 d_raster_us=174217 d_observe_us=47410 max_observe_us=7583 d_paints=50 d_skips=0 d_ticks=2 window_ms=1158
[host] slot livedz4g2u_0: d_loop_us=1285 d_raster_us=174578 d_observe_us=47392 max_observe_us=5471 d_paints=50 d_skips=0 d_ticks=2 window_ms=1170
[host] slot livedz4g2u_0: d_loop_us=1123 d_raster_us=163989 d_observe_us=50321 max_observe_us=10982 d_paints=50 d_skips=0 d_ticks=2 window_ms=1168
[host] slot livedz4g2u_0: d_loop_us=987 d_raster_us=158854 d_observe_us=44401 max_observe_us=7411 d_paints=50 d_skips=0 d_ticks=2 window_ms=1151
[host] slot livedz4g2u_0: d_loop_us=1457 d_raster_us=195195 d_observe_us=47617 max_observe_us=6013 d_paints=50 d_skips=0 d_ticks=2 window_ms=1167
[host] slot livedz4g2u_0: d_loop_us=1316 d_raster_us=183578 d_observe_us=45755 max_observe_us=7459 d_paints=50 d_skips=0 d_ticks=2 window_ms=1148
[host] slot livedz4g2u_0: d_loop_us=1454 d_raster_us=195447 d_observe_us=50027 max_observe_us=8141 d_paints=50 d_skips=0 d_ticks=2 window_ms=1148
[host] slot livedz4g2u_0: d_loop_us=1352 d_raster_us=188069 d_observe_us=45302 max_observe_us=5806 d_paints=50 d_skips=0 d_ticks=2 window_ms=1171
[host] slot livedz4g2u_0: d_loop_us=1405 d_raster_us=193828 d_observe_us=48408 max_observe_us=8170 d_paints=50 d_skips=0 d_ticks=2 window_ms=1160
[host] slot livedz4g2u_0: d_loop_us=1479 d_raster_us=197301 d_observe_us=51162 max_observe_us=7935 d_paints=50 d_skips=0 d_ticks=2 window_ms=1166
[host] slot livedz4g2u_0: d_loop_us=1440 d_raster_us=192792 d_observe_us=47525 max_observe_us=6437 d_paints=50 d_skips=0 d_ticks=2 window_ms=1163
[host] slot livedz4g2u_0: d_loop_us=1457 d_raster_us=201249 d_observe_us=50212 max_observe_us=8578 d_paints=50 d_skips=0 d_ticks=2 window_ms=1156
[host] slot livedz4g2u_0: d_loop_us=1363 d_raster_us=177584 d_observe_us=45792 max_observe_us=7220 d_paints=50 d_skips=0 d_ticks=2 window_ms=1167
[host] slot livedz4g2u_0: d_loop_us=1499 d_raster_us=193687 d_observe_us=47723 max_observe_us=6171 d_paints=50 d_skips=0 d_ticks=2 window_ms=1176
[host] slot livedz4g2u_0: d_loop_us=1522 d_raster_us=199813 d_observe_us=43007 max_observe_us=8391 d_paints=50 d_skips=0 d_ticks=2 window_ms=1163
[host] slot livedz4g2u_0: d_loop_us=1340 d_raster_us=195331 d_observe_us=46096 max_observe_us=6173 d_paints=50 d_skips=0 d_ticks=1 window_ms=1169
[host] slot livedz4g2u_0: d_loop_us=1347 d_raster_us=190714 d_observe_us=47932 max_observe_us=7353 d_paints=50 d_skips=0 d_ticks=2 window_ms=1171
[host] slot livedz4g2u_0: d_loop_us=1476 d_raster_us=195502 d_observe_us=46557 max_observe_us=8053 d_paints=50 d_skips=0 d_ticks=2 window_ms=1156
[host] slot livedz4g2u_0: d_loop_us=1362 d_raster_us=189030 d_observe_us=45439 max_observe_us=5705 d_paints=50 d_skips=0 d_ticks=2 window_ms=1164
[host] slot livedz4g2u_0: d_loop_us=1316 d_raster_us=191526 d_observe_us=49647 max_observe_us=7042 d_paints=50 d_skips=0 d_ticks=2 window_ms=1171
[host] slot livedz4g2u_0: d_loop_us=1330 d_raster_us=189440 d_observe_us=50112 max_observe_us=8158 d_paints=50 d_skips=0 d_ticks=2 window_ms=1169
[host] slot livedz4g2u_0: d_loop_us=1351 d_raster_us=192122 d_observe_us=47350 max_observe_us=5760 d_paints=50 d_skips=0 d_ticks=2 window_ms=1173
[host] slot livedz4g2u_0: d_loop_us=1394 d_raster_us=197110 d_observe_us=49257 max_observe_us=8259 d_paints=50 d_skips=0 d_ticks=2 window_ms=1156
[host] slot livedz4g2u_0: d_loop_us=1309 d_raster_us=185691 d_observe_us=49663 max_observe_us=7882 d_paints=50 d_skips=0 d_ticks=2 window_ms=1153
[host] slot livedz4g2u_0: d_loop_us=1176 d_raster_us=184230 d_observe_us=43716 max_observe_us=6350 d_paints=50 d_skips=0 d_ticks=2 window_ms=1164
[host] slot livedz4g2u_0: d_loop_us=1486 d_raster_us=198122 d_observe_us=48737 max_observe_us=8413 d_paints=50 d_skips=0 d_ticks=2 window_ms=1173
[host] slot livedz4g2u_0: d_loop_us=1118 d_raster_us=170453 d_observe_us=48352 max_observe_us=7338 d_paints=50 d_skips=0 d_ticks=2 window_ms=1172
[host] slot livedz4g2u_0: d_loop_us=1224 d_raster_us=180530 d_observe_us=47045 max_observe_us=5922 d_paints=50 d_skips=0 d_ticks=2 window_ms=1158
[host] slot livedz4g2u_0: d_loop_us=1221 d_raster_us=188087 d_observe_us=47544 max_observe_us=9086 d_paints=50 d_skips=0 d_ticks=2 window_ms=1167
[host] slot livedz4g2u_0: d_loop_us=1307 d_raster_us=185493 d_observe_us=48480 max_observe_us=6729 d_paints=50 d_skips=0 d_ticks=2 window_ms=1160
[host] slot livedz4g2u_0: d_loop_us=1330 d_raster_us=188605 d_observe_us=48010 max_observe_us=6307 d_paints=50 d_skips=0 d_ticks=2 window_ms=1159
[host] slot livedz4g2u_0: d_loop_us=1259 d_raster_us=186080 d_observe_us=43332 max_observe_us=7663 d_paints=50 d_skips=0 d_ticks=2 window_ms=1163
[host] slot livedz4g2u_0: d_loop_us=1152 d_raster_us=177037 d_observe_us=43952 max_observe_us=6377 d_paints=50 d_skips=0 d_ticks=1 window_ms=1167
[script livedz4g2u_0] interact OpenBooth { x: 3186, z: 3440, level: 0, id: 2213, name: Some("Bank booth"), action: Some("Use-quickly") }
[host] slot livedz4g2u_0: d_loop_us=1451 d_raster_us=191846 d_observe_us=50701 max_observe_us=7686 d_paints=50 d_skips=0 d_ticks=2 window_ms=1134
[host] slot livedz4g2u_0: d_loop_us=1199 d_raster_us=232428 d_observe_us=46370 max_observe_us=7366 d_paints=50 d_skips=0 d_ticks=2 window_ms=1151
[script livedz4g2u_0] bank snapshot missed 'Willow logs' (1/3) — will retry
[script livedz4g2u_0] interact Close
[shim-close] sent
[panel] livedz4g2u_0: script: bank snapshot missed 'Willow logs' (1/3) — will retry
[host] slot livedz4g2u_0: d_loop_us=1199 d_raster_us=216260 d_observe_us=44965 max_observe_us=7741 d_paints=50 d_skips=0 d_ticks=2 window_ms=1151
[script livedz4g2u_0] interact OpenBooth { x: 3186, z: 3440, level: 0, id: 2213, name: Some("Bank booth"), action: Some("Use-quickly") }
[host] slot livedz4g2u_0: d_loop_us=1321 d_raster_us=186042 d_observe_us=50439 max_observe_us=7730 d_paints=50 d_skips=0 d_ticks=2 window_ms=1155
[host] slot livedz4g2u_0: d_loop_us=1292 d_raster_us=231745 d_observe_us=49834 max_observe_us=7397 d_paints=50 d_skips=0 d_ticks=2 window_ms=1148
[script livedz4g2u_0] bank snapshot missed 'Willow logs' (2/3) — will retry
[script livedz4g2u_0] interact Close
[shim-close] sent
[panel] livedz4g2u_0: script: bank snapshot missed 'Willow logs' (2/3) — will retry
[host] slot livedz4g2u_0: d_loop_us=1266 d_raster_us=198010 d_observe_us=47146 max_observe_us=8014 d_paints=50 d_skips=0 d_ticks=2 window_ms=1138
[script livedz4g2u_0] interact OpenBooth { x: 3186, z: 3440, level: 0, id: 2213, name: Some("Bank booth"), action: Some("Use-quickly") }
[host] slot livedz4g2u_0: d_loop_us=1312 d_raster_us=199549 d_observe_us=48465 max_observe_us=7531 d_paints=50 d_skips=0 d_ticks=2 window_ms=1178
[script livedz4g2u_0] script requested stop on tick 120; isolate stopping
[panel] livedz4g2u_0: script: script requested stop on tick 120; isolate stopping
[host] slot livedz4g2u_0: d_loop_us=1134 d_raster_us=232558 d_observe_us=44142 max_observe_us=5648 d_paints=50 d_skips=0 d_ticks=2 window_ms=1158
[host] slot livedz4g2u_0: d_loop_us=1183 d_raster_us=231844 d_observe_us=27827 max_observe_us=996 d_paints=50 d_skips=0 d_ticks=2 window_ms=1163
[host] slot livedz4g2u_0: d_loop_us=1181 d_raster_us=236863 d_observe_us=28651 max_observe_us=977 d_paints=50 d_skips=0 d_ticks=2 window_ms=1168
[host] slot livedz4g2u_0: d_loop_us=1267 d_raster_us=236087 d_observe_us=27959 max_observe_us=943 d_paints=50 d_skips=0 d_ticks=2 window_ms=1157
[host] slot livedz4g2u_0: d_loop_us=1217 d_raster_us=236475 d_observe_us=29578 max_observe_us=1355 d_paints=50 d_skips=0 d_ticks=2 window_ms=1158
[host] slot livedz4g2u_0: d_loop_us=1246 d_raster_us=236838 d_observe_us=28066 max_observe_us=1102 d_paints=50 d_skips=0 d_ticks=2 window_ms=1155
[host] slot livedz4g2u_0: d_loop_us=1045 d_raster_us=234719 d_observe_us=27697 max_observe_us=1095 d_paints=50 d_skips=0 d_ticks=1 window_ms=1172
[host] slot livedz4g2u_0: d_loop_us=1227 d_raster_us=225589 d_observe_us=30784 max_observe_us=1236 d_paints=50 d_skips=0 d_ticks=2 window_ms=1161
[host] slot livedz4g2u_0: d_loop_us=1233 d_raster_us=230963 d_observe_us=31803 max_observe_us=3562 d_paints=50 d_skips=0 d_ticks=2 window_ms=1168
[host] slot livedz4g2u_0: d_loop_us=1172 d_raster_us=236719 d_observe_us=29204 max_observe_us=1134 d_paints=50 d_skips=0 d_ticks=2 window_ms=1171
[host] slot livedz4g2u_0: d_loop_us=1284 d_raster_us=236965 d_observe_us=30162 max_observe_us=1081 d_paints=50 d_skips=0 d_ticks=2 window_ms=1161
[host] slot livedz4g2u_0: d_loop_us=1321 d_raster_us=234598 d_observe_us=30135 max_observe_us=953 d_paints=50 d_skips=0 d_ticks=2 window_ms=1145
[host] slot livedz4g2u_0: d_loop_us=1258 d_raster_us=235791 d_observe_us=29529 max_observe_us=999 d_paints=50 d_skips=0 d_ticks=2 window_ms=1165
[host] slot livedz4g2u_0: d_loop_us=1159 d_raster_us=237390 d_observe_us=28795 max_observe_us=1104 d_paints=50 d_skips=0 d_ticks=2 window_ms=1171
[host] slot livedz4g2u_0: d_loop_us=1169 d_raster_us=232973 d_observe_us=30387 max_observe_us=957 d_paints=50 d_skips=0 d_ticks=2 window_ms=1155
[host] slot livedz4g2u_0: d_loop_us=1259 d_raster_us=234944 d_observe_us=29190 max_observe_us=1113 d_paints=50 d_skips=0 d_ticks=2 window_ms=1157
[host] slot livedz4g2u_0: d_loop_us=1312 d_raster_us=239174 d_observe_us=29214 max_observe_us=989 d_paints=50 d_skips=0 d_ticks=2 window_ms=1164
[host] slot livedz4g2u_0: d_loop_us=1026 d_raster_us=213413 d_observe_us=25752 max_observe_us=1051 d_paints=50 d_skips=0 d_ticks=2 window_ms=1147
[host] slot livedz4g2u_0: d_loop_us=1015 d_raster_us=219566 d_observe_us=27959 max_observe_us=830 d_paints=50 d_skips=0 d_ticks=2 window_ms=1159
[host] slot livedz4g2u_0: d_loop_us=1271 d_raster_us=236963 d_observe_us=28557 max_observe_us=932 d_paints=50 d_skips=0 d_ticks=2 window_ms=1152
[host] slot livedz4g2u_0: d_loop_us=1114 d_raster_us=213052 d_observe_us=27704 max_observe_us=1304 d_paints=50 d_skips=0 d_ticks=2 window_ms=1164
[host] slot livedz4g2u_0: d_loop_us=924 d_raster_us=204413 d_observe_us=28819 max_observe_us=1243 d_paints=50 d_skips=0 d_ticks=2 window_ms=1171
[host] slot livedz4g2u_0: d_loop_us=1109 d_raster_us=234918 d_observe_us=28870 max_observe_us=1087 d_paints=50 d_skips=0 d_ticks=1 window_ms=1169
[host] slot livedz4g2u_0: d_loop_us=1225 d_raster_us=234387 d_observe_us=29992 max_observe_us=1065 d_paints=50 d_skips=0 d_ticks=2 window_ms=1136
[host] slot livedz4g2u_0: d_loop_us=1011 d_raster_us=229946 d_observe_us=27369 max_observe_us=1282 d_paints=50 d_skips=0 d_ticks=2 window_ms=1169
[host] slot livedz4g2u_0: d_loop_us=1277 d_raster_us=240518 d_observe_us=33014 max_observe_us=1107 d_paints=50 d_skips=0 d_ticks=2 window_ms=1145
[host] slot livedz4g2u_0: d_loop_us=1268 d_raster_us=238605 d_observe_us=29069 max_observe_us=1337 d_paints=50 d_skips=0 d_ticks=2 window_ms=1157
[host] slot livedz4g2u_0: d_loop_us=1145 d_raster_us=227024 d_observe_us=28900 max_observe_us=1169 d_paints=50 d_skips=0 d_ticks=2 window_ms=1161
[host] slot livedz4g2u_0: d_loop_us=1068 d_raster_us=229133 d_observe_us=27822 max_observe_us=1009 d_paints=50 d_skips=0 d_ticks=2 window_ms=1169
[host] slot livedz4g2u_0: d_loop_us=1134 d_raster_us=233088 d_observe_us=29887 max_observe_us=1061 d_paints=50 d_skips=0 d_ticks=2 window_ms=1171
[host] slot livedz4g2u_0: d_loop_us=1208 d_raster_us=241033 d_observe_us=28680 max_observe_us=1183 d_paints=50 d_skips=0 d_ticks=2 window_ms=1169
[host] slot livedz4g2u_0: d_loop_us=1381 d_raster_us=234339 d_observe_us=30117 max_observe_us=993 d_paints=50 d_skips=0 d_ticks=2 window_ms=1162
[host] slot livedz4g2u_0: d_loop_us=1135 d_raster_us=228700 d_observe_us=29678 max_observe_us=1281 d_paints=50 d_skips=0 d_ticks=2 window_ms=1163
[host] slot livedz4g2u_0: d_loop_us=1299 d_raster_us=240600 d_observe_us=30312 max_observe_us=1017 d_paints=50 d_skips=0 d_ticks=2 window_ms=1164
[host] slot livedz4g2u_0: d_loop_us=1075 d_raster_us=227211 d_observe_us=28806 max_observe_us=922 d_paints=50 d_skips=0 d_ticks=2 window_ms=1156
[host] slot livedz4g2u_0: d_loop_us=1219 d_raster_us=241116 d_observe_us=31507 max_observe_us=1228 d_paints=50 d_skips=0 d_ticks=2 window_ms=1166
[host] slot livedz4g2u_0: d_loop_us=1314 d_raster_us=239801 d_observe_us=31338 max_observe_us=1164 d_paints=50 d_skips=0 d_ticks=2 window_ms=1151
[host] slot livedz4g2u_0: d_loop_us=1213 d_raster_us=241312 d_observe_us=28229 max_observe_us=1019 d_paints=50 d_skips=0 d_ticks=1 window_ms=1163
[host] slot livedz4g2u_0: d_loop_us=1107 d_raster_us=225395 d_observe_us=26285 max_observe_us=1007 d_paints=50 d_skips=0 d_ticks=2 window_ms=1154
[host] slot livedz4g2u_0: d_loop_us=1109 d_raster_us=232429 d_observe_us=30363 max_observe_us=1201 d_paints=50 d_skips=0 d_ticks=2 window_ms=1164
[host] slot livedz4g2u_0: d_loop_us=1099 d_raster_us=214762 d_observe_us=26713 max_observe_us=885 d_paints=50 d_skips=0 d_ticks=2 window_ms=1156
[host] slot livedz4g2u_0: d_loop_us=768 d_raster_us=185616 d_observe_us=24214 max_observe_us=756 d_paints=50 d_skips=0 d_ticks=2 window_ms=1171
[host] slot livedz4g2u_0: d_loop_us=1228 d_raster_us=226439 d_observe_us=29677 max_observe_us=1345 d_paints=50 d_skips=0 d_ticks=2 window_ms=1162
[host] slot livedz4g2u_0: d_loop_us=1274 d_raster_us=239769 d_observe_us=28928 max_observe_us=1106 d_paints=50 d_skips=0 d_ticks=2 window_ms=1152
[host] slot livedz4g2u_0: d_loop_us=1185 d_raster_us=229753 d_observe_us=28543 max_observe_us=1068 d_paints=50 d_skips=0 d_ticks=2 window_ms=1165
[host] slot livedz4g2u_0: d_loop_us=1183 d_raster_us=233092 d_observe_us=30383 max_observe_us=1054 d_paints=50 d_skips=0 d_ticks=2 window_ms=1151
[host] slot livedz4g2u_0: d_loop_us=1160 d_raster_us=230949 d_observe_us=26669 max_observe_us=1188 d_paints=50 d_skips=0 d_ticks=2 window_ms=1138
[host] slot livedz4g2u_0: d_loop_us=1256 d_raster_us=237667 d_observe_us=29517 max_observe_us=943 d_paints=50 d_skips=0 d_ticks=2 window_ms=1154
[host] slot livedz4g2u_0: d_loop_us=1255 d_raster_us=239740 d_observe_us=30155 max_observe_us=1126 d_paints=50 d_skips=0 d_ticks=2 window_ms=1157
[host] slot livedz4g2u_0: d_loop_us=1181 d_raster_us=233360 d_observe_us=28986 max_observe_us=1127 d_paints=50 d_skips=0 d_ticks=2 window_ms=1156
[host] slot livedz4g2u_0: d_loop_us=1239 d_raster_us=228992 d_observe_us=30445 max_observe_us=1065 d_paints=50 d_skips=0 d_ticks=2 window_ms=1163
[host] slot livedz4g2u_0: d_loop_us=1096 d_raster_us=224647 d_observe_us=28360 max_observe_us=857 d_paints=50 d_skips=0 d_ticks=1 window_ms=1165
[host] slot livedz4g2u_0: d_loop_us=972 d_raster_us=207813 d_observe_us=27643 max_observe_us=849 d_paints=50 d_skips=0 d_ticks=2 window_ms=1153
[host] slot livedz4g2u_0: d_loop_us=1288 d_raster_us=229878 d_observe_us=30953 max_observe_us=2351 d_paints=50 d_skips=0 d_ticks=2 window_ms=1163
[host] slot livedz4g2u_0: d_loop_us=1153 d_raster_us=221158 d_observe_us=27770 max_observe_us=918 d_paints=50 d_skips=0 d_ticks=2 window_ms=1171
[host] slot livedz4g2u_0: d_loop_us=1238 d_raster_us=228331 d_observe_us=31646 max_observe_us=1399 d_paints=50 d_skips=0 d_ticks=2 window_ms=1169
[host] slot livedz4g2u_0: d_loop_us=1263 d_raster_us=234935 d_observe_us=30978 max_observe_us=1076 d_paints=50 d_skips=0 d_ticks=2 window_ms=1149
[host] slot livedz4g2u_0: d_loop_us=1218 d_raster_us=221619 d_observe_us=26823 max_observe_us=875 d_paints=50 d_skips=0 d_ticks=2 window_ms=1164
[host] slot livedz4g2u_0: d_loop_us=1295 d_raster_us=216257 d_observe_us=26754 max_observe_us=1090 d_paints=50 d_skips=0 d_ticks=2 window_ms=1170
[host] slot livedz4g2u_0: d_loop_us=1252 d_raster_us=222600 d_observe_us=28566 max_observe_us=1142 d_paints=50 d_skips=0 d_ticks=2 window_ms=1159
[host] slot livedz4g2u_0: d_loop_us=1075 d_raster_us=200507 d_observe_us=24741 max_observe_us=769 d_paints=50 d_skips=0 d_ticks=2 window_ms=1155
[host] slot livedz4g2u_0: d_loop_us=1164 d_raster_us=212639 d_observe_us=28233 max_observe_us=966 d_paints=50 d_skips=0 d_ticks=2 window_ms=1167
[host] slot livedz4g2u_0: d_loop_us=1408 d_raster_us=237348 d_observe_us=28254 max_observe_us=1105 d_paints=50 d_skips=0 d_ticks=2 window_ms=1173
[host] slot livedz4g2u_0: d_loop_us=1311 d_raster_us=236479 d_observe_us=27648 max_observe_us=1352 d_paints=50 d_skips=0 d_ticks=2 window_ms=1160
[host] slot livedz4g2u_0: d_loop_us=1188 d_raster_us=210890 d_observe_us=28694 max_observe_us=1113 d_paints=50 d_skips=0 d_ticks=2 window_ms=1161
[host] slot livedz4g2u_0: d_loop_us=1035 d_raster_us=214269 d_observe_us=28648 max_observe_us=915 d_paints=50 d_skips=0 d_ticks=2 window_ms=1166
[host] slot livedz4g2u_0: d_loop_us=1248 d_raster_us=223939 d_observe_us=28208 max_observe_us=1089 d_paints=50 d_skips=0 d_ticks=2 window_ms=1167
[host] slot livedz4g2u_0: d_loop_us=1262 d_raster_us=224419 d_observe_us=29227 max_observe_us=1159 d_paints=50 d_skips=0 d_ticks=2 window_ms=1172
[host] slot livedz4g2u_0: d_loop_us=1228 d_raster_us=234339 d_observe_us=29744 max_observe_us=1088 d_paints=50 d_skips=0 d_ticks=1 window_ms=1158
[host] slot livedz4g2u_0: d_loop_us=1374 d_raster_us=231320 d_observe_us=25428 max_observe_us=1006 d_paints=50 d_skips=0 d_ticks=2 window_ms=1158
[host] slot livedz4g2u_0: d_loop_us=1284 d_raster_us=238604 d_observe_us=24917 max_observe_us=1122 d_paints=50 d_skips=0 d_ticks=2 window_ms=1160
[host] slot livedz4g2u_0: d_loop_us=1351 d_raster_us=233493 d_observe_us=27638 max_observe_us=972 d_paints=50 d_skips=0 d_ticks=2 window_ms=1154
[host] slot livedz4g2u_0: d_loop_us=1263 d_raster_us=227377 d_observe_us=27267 max_observe_us=1021 d_paints=50 d_skips=0 d_ticks=2 window_ms=1149
[host] slot livedz4g2u_0: d_loop_us=1298 d_raster_us=238144 d_observe_us=27139 max_observe_us=977 d_paints=50 d_skips=0 d_ticks=2 window_ms=1158
[host] slot livedz4g2u_0: d_loop_us=1398 d_raster_us=234035 d_observe_us=26741 max_observe_us=1034 d_paints=50 d_skips=0 d_ticks=2 window_ms=1138
[host] slot livedz4g2u_0: d_loop_us=1102 d_raster_us=221939 d_observe_us=27457 max_observe_us=1647 d_paints=50 d_skips=0 d_ticks=2 window_ms=1168
[host] slot livedz4g2u_0: d_loop_us=1377 d_raster_us=231002 d_observe_us=26425 max_observe_us=879 d_paints=50 d_skips=0 d_ticks=2 window_ms=1145
[host] slot livedz4g2u_0: d_loop_us=1203 d_raster_us=230011 d_observe_us=26266 max_observe_us=1231 d_paints=50 d_skips=0 d_ticks=2 window_ms=1159
[host] slot livedz4g2u_0: d_loop_us=1280 d_raster_us=235437 d_observe_us=25003 max_observe_us=932 d_paints=50 d_skips=0 d_ticks=2 window_ms=1165
[host] slot livedz4g2u_0: d_loop_us=1297 d_raster_us=231189 d_observe_us=27257 max_observe_us=945 d_paints=50 d_skips=0 d_ticks=2 window_ms=1164
[host] slot livedz4g2u_0: d_loop_us=1368 d_raster_us=237133 d_observe_us=25437 max_observe_us=891 d_paints=50 d_skips=0 d_ticks=2 window_ms=1163
[host] slot livedz4g2u_0: d_loop_us=1192 d_raster_us=230483 d_observe_us=27248 max_observe_us=958 d_paints=50 d_skips=0 d_ticks=2 window_ms=1162
[host] slot livedz4g2u_0: d_loop_us=1084 d_raster_us=229204 d_observe_us=23727 max_observe_us=764 d_paints=50 d_skips=0 d_ticks=1 window_ms=1145
[host] slot livedz4g2u_0: d_loop_us=1386 d_raster_us=234539 d_observe_us=26264 max_observe_us=902 d_paints=50 d_skips=0 d_ticks=2 window_ms=1147
[host] slot livedz4g2u_0: d_loop_us=1338 d_raster_us=226564 d_observe_us=27905 max_observe_us=1061 d_paints=50 d_skips=0 d_ticks=2 window_ms=1150
[host] slot livedz4g2u_0: d_loop_us=1269 d_raster_us=230671 d_observe_us=29574 max_observe_us=932 d_paints=50 d_skips=0 d_ticks=2 window_ms=1154
[host] slot livedz4g2u_0: d_loop_us=1125 d_raster_us=205826 d_observe_us=29305 max_observe_us=1127 d_paints=50 d_skips=0 d_ticks=2 window_ms=1148
[host] slot livedz4g2u_0: d_loop_us=1076 d_raster_us=211450 d_observe_us=31624 max_observe_us=2611 d_paints=50 d_skips=0 d_ticks=2 window_ms=1160
[host] slot livedz4g2u_0: d_loop_us=1242 d_raster_us=231101 d_observe_us=29165 max_observe_us=924 d_paints=50 d_skips=0 d_ticks=2 window_ms=1175
[host] slot livedz4g2u_0: d_loop_us=1263 d_raster_us=219766 d_observe_us=28423 max_observe_us=1252 d_paints=50 d_skips=0 d_ticks=2 window_ms=1161
[host] slot livedz4g2u_0: d_loop_us=1123 d_raster_us=209956 d_observe_us=28267 max_observe_us=965 d_paints=50 d_skips=0 d_ticks=2 window_ms=1150
[host] slot livedz4g2u_0: d_loop_us=982 d_raster_us=209880 d_observe_us=25672 max_observe_us=948 d_paints=50 d_skips=0 d_ticks=2 window_ms=1151
