[panel] adapter name=Apple M4 Max backend=Metal device_type=IntegratedGpu vendor=0x0 device=0x0
[host-play] slot liveioxpv6_0: thread up
274bot: snapshot load skipped: read /Users/acfrazier/.274bot/unpack-289/37214163f1e6ceca/models.bin: No such file or directory (os error 2)
[panel] scenario capture armed: Some("vial_filler_east")
[panel] liveioxpv6_0: liveioxpv6_0: slot up
[host-play] slot liveioxpv6_0: handshake begin reconnect=false
[host-play] slot liveioxpv6_0: handshake ok
[host] hitch liveioxpv6_0: frame_us=82616 paints=1 skips=0 ticks=0
[panel] liveioxpv6_0: liveioxpv6_0: scene 1
[host] hitch liveioxpv6_0: frame_us=68429 paints=43 skips=0 ticks=1
[panel] liveioxpv6_0: liveioxpv6_0: mainland hop queued
[panel] liveioxpv6_0: liveioxpv6_0: ingame
[panel] liveioxpv6_0: liveioxpv6_0: scene 2
live script_vial_filler_east: running step 1/18
[host] slot liveioxpv6_0: d_loop_us=12391 d_raster_us=255426 d_observe_us=61912 max_observe_us=2569 d_paints=50 d_skips=0 d_ticks=1 window_ms=0
[panel] liveioxpv6_0: liveioxpv6_0: scene 1
[panel] liveioxpv6_0: liveioxpv6_0: ingame
[panel] liveioxpv6_0: liveioxpv6_0: scene 2
[host] slot liveioxpv6_0: d_loop_us=12222 d_raster_us=223463 d_observe_us=77074 max_observe_us=5268 d_paints=50 d_skips=0 d_ticks=3 window_ms=1146
[host] slot liveioxpv6_0: d_loop_us=1249 d_raster_us=228803 d_observe_us=33836 max_observe_us=1038 d_paints=50 d_skips=0 d_ticks=2 window_ms=1142
live script_vial_filler_east: running step 2/18
[host-play] slot liveioxpv6_0: handshake begin reconnect=true
[panel] liveioxpv6_0: liveioxpv6_0: scene 0
[host-play] slot liveioxpv6_0: handshake ok
[panel] liveioxpv6_0: liveioxpv6_0: scene 1
[panel] liveioxpv6_0: liveioxpv6_0: ingame
[panel] liveioxpv6_0: liveioxpv6_0: scene 2
[host] slot liveioxpv6_0: d_loop_us=16484 d_raster_us=183271 d_observe_us=78627 max_observe_us=3479 d_paints=50 d_skips=0 d_ticks=1 window_ms=0
[host] slot liveioxpv6_0: d_loop_us=1468 d_raster_us=182064 d_observe_us=45770 max_observe_us=5624 d_paints=50 d_skips=0 d_ticks=3 window_ms=1165
live script_vial_filler_east: running step 3/18
[host] slot liveioxpv6_0: d_loop_us=1324 d_raster_us=180426 d_observe_us=35525 max_observe_us=1344 d_paints=50 d_skips=0 d_ticks=2 window_ms=1152
[panel] liveioxpv6_0: liveioxpv6_0: scene 1
[panel] liveioxpv6_0: liveioxpv6_0: ingame
[panel] liveioxpv6_0: liveioxpv6_0: scene 2
[host] slot liveioxpv6_0: d_loop_us=11594 d_raster_us=180579 d_observe_us=72508 max_observe_us=7873 d_paints=50 d_skips=0 d_ticks=2 window_ms=1158
live script_vial_filler_east: running step 4/18
live script_vial_filler_east: running step 5/18
[host] slot liveioxpv6_0: d_loop_us=1058 d_raster_us=198561 d_observe_us=35492 max_observe_us=1257 d_paints=50 d_skips=0 d_ticks=2 window_ms=1151
live script_vial_filler_east: running step 6/18
live script_vial_filler_east: running step 7/18
live script_vial_filler_east: running step 8/18
live script_vial_filler_east: running step 9/18
[script liveioxpv6_0] start load
live script_vial_filler_east: running step 10/18
[host] hitch liveioxpv6_0: observe_us=80343 paints=286 skips=0 ticks=12
[host] slot liveioxpv6_0: d_loop_us=1045 d_raster_us=216531 d_observe_us=125451 max_observe_us=80343 d_paints=50 d_skips=0 d_ticks=2 window_ms=1202
[host] hitch liveioxpv6_0: observe_us=25250 paints=308 skips=0 ticks=13
[script liveioxpv6_0] VialFiller — Falador East bank -> Falador fountain
[script liveioxpv6_0] interact OpenBooth { x: 3012, z: 3354, level: 0, id: 2213, name: Some("Bank booth"), action: Some("Use-quickly") }
[panel] liveioxpv6_0: script: VialFiller — Falador East bank -> Falador fountain
[host] slot liveioxpv6_0: d_loop_us=1064 d_raster_us=183295 d_observe_us=74918 max_observe_us=25250 d_paints=50 d_skips=0 d_ticks=2 window_ms=1163
[host] hitch liveioxpv6_0: observe_us=21931 paints=360 skips=0 ticks=15
[host] slot liveioxpv6_0: d_loop_us=1139 d_raster_us=194660 d_observe_us=77728 max_observe_us=21931 d_paints=50 d_skips=0 d_ticks=2 window_ms=1146
[host] slot liveioxpv6_0: d_loop_us=1020 d_raster_us=233472 d_observe_us=62363 max_observe_us=11852 d_paints=50 d_skips=0 d_ticks=2 window_ms=1145
[host] slot liveioxpv6_0: d_loop_us=1049 d_raster_us=231481 d_observe_us=63815 max_observe_us=11157 d_paints=50 d_skips=0 d_ticks=2 window_ms=1142
[script liveioxpv6_0] interact Close
[shim-close] sent
[script liveioxpv6_0] interact WalkNear { x: 2949, z: 3381, level: 0, radius: 3, allow_teleports: false }
[host] slot liveioxpv6_0: d_loop_us=1106 d_raster_us=197527 d_observe_us=71009 max_observe_us=14547 d_paints=50 d_skips=0 d_ticks=2 window_ms=1142
[nav-follow] here=WorldTile { x: 3012, z: 3355, level: 0 } walk=true transport=false leg=0 hops=1 outcome=None
[nav-walk] here=WorldTile { x: 3012, z: 3357, level: 0 } aim=WorldTile { x: 3001, z: 3365, level: 0 } radius=2 ticks_waited=0 sent_tile=Some(WorldTile { x: 3012, z: 3355, level: 0 })
[nav-follow] here=WorldTile { x: 3012, z: 3357, level: 0 } walk=true transport=false leg=0 hops=1 outcome=None
[host] hitch liveioxpv6_0: observe_us=21535 paints=597 skips=0 ticks=24
[host] slot liveioxpv6_0: d_loop_us=1043 d_raster_us=176901 d_observe_us=71230 max_observe_us=21535 d_paints=50 d_skips=0 d_ticks=2 window_ms=1143
[nav-walk] here=WorldTile { x: 3012, z: 3359, level: 0 } aim=WorldTile { x: 3001, z: 3365, level: 0 } radius=2 ticks_waited=1 sent_tile=Some(WorldTile { x: 3012, z: 3355, level: 0 })
[nav-follow] here=WorldTile { x: 3012, z: 3359, level: 0 } walk=true transport=false leg=0 hops=1 outcome=None
[host] hitch liveioxpv6_0: observe_us=19462 paints=622 skips=0 ticks=25
[nav-walk] here=WorldTile { x: 3010, z: 3359, level: 0 } aim=WorldTile { x: 3001, z: 3365, level: 0 } radius=2 ticks_waited=2 sent_tile=Some(WorldTile { x: 3012, z: 3355, level: 0 })
[nav-follow] here=WorldTile { x: 3010, z: 3359, level: 0 } walk=true transport=false leg=0 hops=1 outcome=None
[host] hitch liveioxpv6_0: observe_us=23493 paints=648 skips=0 ticks=26
[host] slot liveioxpv6_0: d_loop_us=1017 d_raster_us=170878 d_observe_us=80301 max_observe_us=23493 d_paints=50 d_skips=0 d_ticks=2 window_ms=1159
[nav-walk] here=WorldTile { x: 3008, z: 3359, level: 0 } aim=WorldTile { x: 3001, z: 3365, level: 0 } radius=2 ticks_waited=3 sent_tile=Some(WorldTile { x: 3012, z: 3355, level: 0 })
[nav-follow] here=WorldTile { x: 3008, z: 3359, level: 0 } walk=true transport=false leg=0 hops=1 outcome=None
[host] hitch liveioxpv6_0: observe_us=23097 paints=674 skips=0 ticks=27
[host] slot liveioxpv6_0: d_loop_us=1073 d_raster_us=183564 d_observe_us=62398 max_observe_us=23097 d_paints=50 d_skips=0 d_ticks=2 window_ms=1166
[nav-walk] here=WorldTile { x: 3006, z: 3360, level: 0 } aim=WorldTile { x: 3001, z: 3365, level: 0 } radius=2 ticks_waited=4 sent_tile=Some(WorldTile { x: 3012, z: 3355, level: 0 })
[nav-follow] here=WorldTile { x: 3006, z: 3360, level: 0 } walk=true transport=false leg=0 hops=1 outcome=None
[host] hitch liveioxpv6_0: observe_us=24663 paints=700 skips=0 ticks=28
[nav-walk] here=WorldTile { x: 3004, z: 3362, level: 0 } aim=WorldTile { x: 3001, z: 3365, level: 0 } radius=2 ticks_waited=5 sent_tile=Some(WorldTile { x: 3012, z: 3355, level: 0 })
[nav-follow] here=WorldTile { x: 3004, z: 3362, level: 0 } walk=true transport=false leg=0 hops=1 outcome=None
[host] hitch liveioxpv6_0: observe_us=25063 paints=726 skips=0 ticks=29
[host] slot liveioxpv6_0: d_loop_us=994 d_raster_us=166236 d_observe_us=93296 max_observe_us=25063 d_paints=50 d_skips=0 d_ticks=1 window_ms=1150
[nav-walk] here=WorldTile { x: 3002, z: 3364, level: 0 } aim=WorldTile { x: 3001, z: 3365, level: 0 } radius=2 ticks_waited=6 sent_tile=Some(WorldTile { x: 3012, z: 3355, level: 0 })
[nav-follow] here=WorldTile { x: 3002, z: 3364, level: 0 } walk=true transport=false leg=0 hops=2 outcome=None
[host] hitch liveioxpv6_0: observe_us=22825 paints=752 skips=0 ticks=30
[nav-walk] here=WorldTile { x: 3000, z: 3364, level: 0 } aim=WorldTile { x: 2985, z: 3375, level: 0 } radius=2 ticks_waited=0 sent_tile=Some(WorldTile { x: 3002, z: 3364, level: 0 })
[nav-follow] here=WorldTile { x: 3000, z: 3364, level: 0 } walk=true transport=false leg=0 hops=2 outcome=None
[host] hitch liveioxpv6_0: observe_us=21695 paints=778 skips=0 ticks=31
[host] slot liveioxpv6_0: d_loop_us=997 d_raster_us=173312 d_observe_us=82069 max_observe_us=22825 d_paints=50 d_skips=0 d_ticks=2 window_ms=1165
[nav-walk] here=WorldTile { x: 2998, z: 3364, level: 0 } aim=WorldTile { x: 2985, z: 3375, level: 0 } radius=2 ticks_waited=1 sent_tile=Some(WorldTile { x: 3002, z: 3364, level: 0 })
[nav-follow] here=WorldTile { x: 2998, z: 3364, level: 0 } walk=true transport=false leg=0 hops=2 outcome=None
[host] hitch liveioxpv6_0: observe_us=24408 paints=803 skips=0 ticks=32
[nav-walk] here=WorldTile { x: 2996, z: 3365, level: 0 } aim=WorldTile { x: 2985, z: 3375, level: 0 } radius=2 ticks_waited=2 sent_tile=Some(WorldTile { x: 3002, z: 3364, level: 0 })
[nav-follow] here=WorldTile { x: 2996, z: 3365, level: 0 } walk=true transport=false leg=0 hops=2 outcome=None
[host] hitch liveioxpv6_0: observe_us=21145 paints=829 skips=0 ticks=33
[host] slot liveioxpv6_0: d_loop_us=930 d_raster_us=168975 d_observe_us=85874 max_observe_us=24408 d_paints=50 d_skips=0 d_ticks=2 window_ms=1164
[nav-walk] here=WorldTile { x: 2994, z: 3366, level: 0 } aim=WorldTile { x: 2985, z: 3375, level: 0 } radius=2 ticks_waited=3 sent_tile=Some(WorldTile { x: 3002, z: 3364, level: 0 })
[nav-follow] here=WorldTile { x: 2994, z: 3366, level: 0 } walk=true transport=false leg=0 hops=2 outcome=None
[host] hitch liveioxpv6_0: observe_us=21928 paints=855 skips=0 ticks=34
[nav-walk] here=WorldTile { x: 2992, z: 3368, level: 0 } aim=WorldTile { x: 2985, z: 3375, level: 0 } radius=2 ticks_waited=4 sent_tile=Some(WorldTile { x: 3002, z: 3364, level: 0 })
[nav-follow] here=WorldTile { x: 2992, z: 3368, level: 0 } walk=true transport=false leg=0 hops=2 outcome=None
[host] hitch liveioxpv6_0: observe_us=24051 paints=880 skips=0 ticks=35
[host] slot liveioxpv6_0: d_loop_us=935 d_raster_us=170058 d_observe_us=85297 max_observe_us=24051 d_paints=50 d_skips=0 d_ticks=2 window_ms=1165
[nav-walk] here=WorldTile { x: 2990, z: 3370, level: 0 } aim=WorldTile { x: 2985, z: 3375, level: 0 } radius=2 ticks_waited=5 sent_tile=Some(WorldTile { x: 3002, z: 3364, level: 0 })
[nav-follow] here=WorldTile { x: 2990, z: 3370, level: 0 } walk=true transport=false leg=0 hops=2 outcome=None
[host] hitch liveioxpv6_0: observe_us=24325 paints=906 skips=0 ticks=36
[nav-walk] here=WorldTile { x: 2988, z: 3372, level: 0 } aim=WorldTile { x: 2985, z: 3375, level: 0 } radius=2 ticks_waited=6 sent_tile=Some(WorldTile { x: 3002, z: 3364, level: 0 })
[nav-follow] here=WorldTile { x: 2988, z: 3372, level: 0 } walk=true transport=false leg=0 hops=2 outcome=None
[host] hitch liveioxpv6_0: observe_us=21948 paints=932 skips=0 ticks=37
[host] slot liveioxpv6_0: d_loop_us=940 d_raster_us=187810 d_observe_us=86047 max_observe_us=24325 d_paints=50 d_skips=0 d_ticks=2 window_ms=1145
[nav-walk] here=WorldTile { x: 2986, z: 3374, level: 0 } aim=WorldTile { x: 2985, z: 3375, level: 0 } radius=2 ticks_waited=7 sent_tile=Some(WorldTile { x: 3002, z: 3364, level: 0 })
[nav-follow] here=WorldTile { x: 2986, z: 3374, level: 0 } walk=true transport=false leg=0 hops=3 outcome=None
[host] hitch liveioxpv6_0: observe_us=21920 paints=958 skips=0 ticks=38
[nav-walk] here=WorldTile { x: 2984, z: 3374, level: 0 } aim=WorldTile { x: 2969, z: 3381, level: 0 } radius=2 ticks_waited=0 sent_tile=Some(WorldTile { x: 2986, z: 3374, level: 0 })
[nav-follow] here=WorldTile { x: 2984, z: 3374, level: 0 } walk=true transport=false leg=0 hops=3 outcome=None
[host] hitch liveioxpv6_0: observe_us=23169 paints=984 skips=0 ticks=39
[host] slot liveioxpv6_0: d_loop_us=980 d_raster_us=186488 d_observe_us=80824 max_observe_us=23169 d_paints=50 d_skips=0 d_ticks=2 window_ms=1166
[nav-walk] here=WorldTile { x: 2982, z: 3374, level: 0 } aim=WorldTile { x: 2969, z: 3381, level: 0 } radius=2 ticks_waited=1 sent_tile=Some(WorldTile { x: 2986, z: 3374, level: 0 })
[nav-follow] here=WorldTile { x: 2982, z: 3374, level: 0 } walk=true transport=false leg=0 hops=3 outcome=None
[host] hitch liveioxpv6_0: observe_us=22925 paints=1010 skips=0 ticks=40
[nav-walk] here=WorldTile { x: 2980, z: 3374, level: 0 } aim=WorldTile { x: 2969, z: 3381, level: 0 } radius=2 ticks_waited=2 sent_tile=Some(WorldTile { x: 2986, z: 3374, level: 0 })
[nav-follow] here=WorldTile { x: 2980, z: 3374, level: 0 } walk=true transport=false leg=0 hops=3 outcome=None
[host] hitch liveioxpv6_0: observe_us=22136 paints=1036 skips=0 ticks=41
[host] slot liveioxpv6_0: d_loop_us=911 d_raster_us=184333 d_observe_us=81657 max_observe_us=22925 d_paints=50 d_skips=0 d_ticks=2 window_ms=1170
[nav-walk] here=WorldTile { x: 2978, z: 3375, level: 0 } aim=WorldTile { x: 2969, z: 3381, level: 0 } radius=2 ticks_waited=3 sent_tile=Some(WorldTile { x: 2986, z: 3374, level: 0 })
[nav-follow] here=WorldTile { x: 2978, z: 3375, level: 0 } walk=true transport=false leg=0 hops=3 outcome=None
[host] hitch liveioxpv6_0: observe_us=21418 paints=1061 skips=0 ticks=42
[nav-walk] here=WorldTile { x: 2976, z: 3375, level: 0 } aim=WorldTile { x: 2969, z: 3381, level: 0 } radius=2 ticks_waited=4 sent_tile=Some(WorldTile { x: 2986, z: 3374, level: 0 })
[nav-follow] here=WorldTile { x: 2976, z: 3375, level: 0 } walk=true transport=false leg=0 hops=3 outcome=None
[host] hitch liveioxpv6_0: observe_us=22673 paints=1087 skips=0 ticks=43
[host] slot liveioxpv6_0: d_loop_us=1020 d_raster_us=176591 d_observe_us=80286 max_observe_us=22673 d_paints=50 d_skips=0 d_ticks=2 window_ms=1156
[panel] liveioxpv6_0: liveioxpv6_0: scene 1
[panel] liveioxpv6_0: liveioxpv6_0: ingame
[panel] liveioxpv6_0: liveioxpv6_0: scene 2
[nav-walk] here=WorldTile { x: 2972, z: 3378, level: 0 } aim=WorldTile { x: 2969, z: 3381, level: 0 } radius=2 ticks_waited=5 sent_tile=Some(WorldTile { x: 2986, z: 3374, level: 0 })
[nav-follow] here=WorldTile { x: 2972, z: 3378, level: 0 } walk=true transport=false leg=0 hops=3 outcome=None
[host] slot liveioxpv6_0: d_loop_us=9486 d_raster_us=178289 d_observe_us=77522 max_observe_us=15311 d_paints=50 d_skips=0 d_ticks=2 window_ms=1155
[nav-walk] here=WorldTile { x: 2970, z: 3380, level: 0 } aim=WorldTile { x: 2969, z: 3381, level: 0 } radius=2 ticks_waited=6 sent_tile=Some(WorldTile { x: 2986, z: 3374, level: 0 })
[nav-follow] here=WorldTile { x: 2970, z: 3380, level: 0 } walk=true transport=false leg=0 hops=4 outcome=None
[nav-walk] here=WorldTile { x: 2968, z: 3380, level: 0 } aim=WorldTile { x: 2952, z: 3378, level: 0 } radius=0 ticks_waited=0 sent_tile=Some(WorldTile { x: 2970, z: 3380, level: 0 })
[nav-follow] here=WorldTile { x: 2968, z: 3380, level: 0 } walk=true transport=false leg=0 hops=4 outcome=None
[host] hitch liveioxpv6_0: observe_us=18216 paints=1190 skips=0 ticks=47
[host] slot liveioxpv6_0: d_loop_us=1089 d_raster_us=184547 d_observe_us=63604 max_observe_us=18216 d_paints=50 d_skips=0 d_ticks=2 window_ms=1167
[nav-walk] here=WorldTile { x: 2966, z: 3380, level: 0 } aim=WorldTile { x: 2952, z: 3378, level: 0 } radius=0 ticks_waited=1 sent_tile=Some(WorldTile { x: 2970, z: 3380, level: 0 })
[nav-follow] here=WorldTile { x: 2966, z: 3380, level: 0 } walk=true transport=false leg=0 hops=4 outcome=None
[host] hitch liveioxpv6_0: observe_us=20611 paints=1216 skips=0 ticks=48
[nav-walk] here=WorldTile { x: 2964, z: 3380, level: 0 } aim=WorldTile { x: 2952, z: 3378, level: 0 } radius=0 ticks_waited=2 sent_tile=Some(WorldTile { x: 2970, z: 3380, level: 0 })
[nav-follow] here=WorldTile { x: 2964, z: 3380, level: 0 } walk=true transport=false leg=0 hops=4 outcome=None
[host] hitch liveioxpv6_0: observe_us=18334 paints=1242 skips=0 ticks=49
[host] slot liveioxpv6_0: d_loop_us=1202 d_raster_us=193703 d_observe_us=73607 max_observe_us=20611 d_paints=50 d_skips=0 d_ticks=2 window_ms=1173
[nav-walk] here=WorldTile { x: 2962, z: 3380, level: 0 } aim=WorldTile { x: 2952, z: 3378, level: 0 } radius=0 ticks_waited=3 sent_tile=Some(WorldTile { x: 2970, z: 3380, level: 0 })
[nav-follow] here=WorldTile { x: 2962, z: 3380, level: 0 } walk=true transport=false leg=0 hops=4 outcome=None
[host] hitch liveioxpv6_0: observe_us=18464 paints=1267 skips=0 ticks=50
[nav-walk] here=WorldTile { x: 2960, z: 3380, level: 0 } aim=WorldTile { x: 2952, z: 3378, level: 0 } radius=0 ticks_waited=4 sent_tile=Some(WorldTile { x: 2970, z: 3380, level: 0 })
[nav-follow] here=WorldTile { x: 2960, z: 3380, level: 0 } walk=true transport=false leg=0 hops=4 outcome=None
[host] hitch liveioxpv6_0: observe_us=18414 paints=1293 skips=0 ticks=51
[host] slot liveioxpv6_0: d_loop_us=1217 d_raster_us=199530 d_observe_us=70080 max_observe_us=18464 d_paints=50 d_skips=0 d_ticks=2 window_ms=1160
[nav-walk] here=WorldTile { x: 2958, z: 3380, level: 0 } aim=WorldTile { x: 2952, z: 3378, level: 0 } radius=0 ticks_waited=5 sent_tile=Some(WorldTile { x: 2970, z: 3380, level: 0 })
[nav-follow] here=WorldTile { x: 2958, z: 3380, level: 0 } walk=true transport=false leg=0 hops=4 outcome=None
[host] hitch liveioxpv6_0: observe_us=20506 paints=1319 skips=0 ticks=52
[nav-walk] here=WorldTile { x: 2956, z: 3380, level: 0 } aim=WorldTile { x: 2952, z: 3378, level: 0 } radius=0 ticks_waited=6 sent_tile=Some(WorldTile { x: 2970, z: 3380, level: 0 })
[nav-follow] here=WorldTile { x: 2956, z: 3380, level: 0 } walk=true transport=false leg=0 hops=4 outcome=None
[host] hitch liveioxpv6_0: observe_us=16908 paints=1345 skips=0 ticks=53
[host] slot liveioxpv6_0: d_loop_us=1320 d_raster_us=212546 d_observe_us=73709 max_observe_us=20506 d_paints=50 d_skips=0 d_ticks=2 window_ms=1158
[nav-walk] here=WorldTile { x: 2954, z: 3380, level: 0 } aim=WorldTile { x: 2952, z: 3378, level: 0 } radius=0 ticks_waited=7 sent_tile=Some(WorldTile { x: 2970, z: 3380, level: 0 })
[nav-follow] here=WorldTile { x: 2954, z: 3380, level: 0 } walk=true transport=false leg=0 hops=4 outcome=None
[host] hitch liveioxpv6_0: observe_us=18036 paints=1370 skips=0 ticks=54
[nav-walk] here=WorldTile { xlive script_vial_filler_east: running step 11/18
: 2952, z: 3378, level: 0 } aim=WorldTile { x: 2952, z: 3378, level: 0 } radius=0 ticks_waited=8 sent_tile=Some(WorldTile { x: 2970, z: 3380, level: 0 })
[nav-follow] here=WorldTile { x: 2952, z: 3378, level: 0 } walk=false transport=false leg=1 hops=4 outcome=Some(Arrived { at: WorldTile { x: 2952, z: 3378, level: 0 } })
[host] hitch liveioxpv6_0: observe_us=17356 paints=1397 skips=0 ticks=55
[script liveioxpv6_0] interact UseOn { name: "Vial", kind: "loc", target_name: Some("Fountain"), x: 2949, z: 3381, level: 0, index: None, source_item_id: Some(229), source_item_slot: Some(0), target_item_id: None, target_item_slot: None }
[host] slot liveioxpv6_0: d_loop_us=1301 d_raster_us=207841 d_observe_us=69134 max_observe_us=18036 d_paints=50 d_skips=0 d_ticks=2 window_ms=1166
[host] hitch liveioxpv6_0: observe_us=19212 paints=1422 skips=0 ticks=56
live script_vial_filler_east: running step 12/18
[host] slot liveioxpv6_0: d_loop_us=1300 d_raster_us=203613 d_observe_us=67646 max_observe_us=19212 d_paints=50 d_skips=0 d_ticks=2 window_ms=1166
[script liveioxpv6_0] interact UseOn { name: "Vial", kind: "loc", target_name: Some("Fountain"), x: 2949, z: 3381, level: 0, index: None, source_item_id: Some(229), source_item_slot: Some(1), target_item_id: None, target_item_slot: None }
[host] slot liveioxpv6_0: d_loop_us=1304 d_raster_us=216079 d_observe_us=57649 max_observe_us=13235 d_paints=50 d_skips=0 d_ticks=2 window_ms=1183
[script liveioxpv6_0] interact UseOn { name: "Vial", kind: "loc", target_name: Some("Fountain"), x: 2949, z: 3381, level: 0, index: None, source_item_id: Some(229), source_item_slot: Some(2), target_item_id: None, target_item_slot: None }
[host] slot liveioxpv6_0: d_loop_us=1239 d_raster_us=213800 d_observe_us=44941 max_observe_us=9766 d_paints=50 d_skips=0 d_ticks=1 window_ms=1136
[script liveioxpv6_0] interact UseOn { name: "Vial", kind: "loc", target_name: Some("Fountain"), x: 2949, z: 3381, level: 0, index: None, source_item_id: Some(229), source_item_slot: Some(3), target_item_id: None, target_item_slot: None }
[host] slot liveioxpv6_0: d_loop_us=1271 d_raster_us=214130 d_observe_us=59935 max_observe_us=15132 d_paints=50 d_skips=0 d_ticks=2 window_ms=1164
[script liveioxpv6_0] interact UseOn { name: "Vial", kind: "loc", target_name: Some("Fountain"), x: 2949, z: 3381, level: 0, index: None, source_item_id: Some(229), source_item_slot: Some(4), target_item_id: None, target_item_slot: None }
[host] slot liveioxpv6_0: d_loop_us=1262 d_raster_us=213230 d_observe_us=56270 max_observe_us=12559 d_paints=50 d_skips=0 d_ticks=2 window_ms=1169
[script liveioxpv6_0] interact UseOn { name: "Vial", kind: "loc", target_name: Some("Fountain"), x: 2949, z: 3381, level: 0, index: None, source_item_id: Some(229), source_item_slot: Some(5), target_item_id: None, target_item_slot: None }
[host] slot liveioxpv6_0: d_loop_us=1272 d_raster_us=212313 d_observe_us=58244 max_observe_us=12342 d_paints=50 d_skips=0 d_ticks=2 window_ms=1155
[script liveioxpv6_0] interact UseOn { name: "Vial", kind: "loc", target_name: Some("Fountain"), x: 2949, z: 3381, level: 0, index: None, source_item_id: Some(229), source_item_slot: Some(6), target_item_id: None, target_item_slot: None }
[host] slot liveioxpv6_0: d_loop_us=1198 d_raster_us=199828 d_observe_us=55273 max_observe_us=13039 d_paints=50 d_skips=0 d_ticks=2 window_ms=1145
[script liveioxpv6_0] interact UseOn { name: "Vial", kind: "loc", target_name: Some("Fountain"), x: 2949, z: 3381, level: 0, index: None, source_item_id: Some(229), source_item_slot: Some(7), target_item_id: None, target_item_slot: None }
[host] slot liveioxpv6_0: d_loop_us=1281 d_raster_us=205654 d_observe_us=54348 max_observe_us=11682 d_paints=50 d_skips=0 d_ticks=2 window_ms=1155
[script liveioxpv6_0] interact UseOn { name: "Vial", kind: "loc", target_name: Some("Fountain"), x: 2949, z: 3381, level: 0, index: None, source_item_id: Some(229), source_item_slot: Some(8), target_item_id: None, target_item_slot: None }
[host] slot liveioxpv6_0: d_loop_us=1270 d_raster_us=207235 d_observe_us=56039 max_observe_us=12836 d_paints=50 d_skips=0 d_ticks=2 window_ms=1157
[script liveioxpv6_0] interact UseOn { name: "Vial", kind: "loc", target_name: Some("Fountain"), x: 2949, z: 3381, level: 0, index: None, source_item_id: Some(229), source_item_slot: Some(9), target_item_id: None, target_item_slot: None }
[host] slot liveioxpv6_0: d_loop_us=1262 d_raster_us=201552 d_observe_us=57423 max_observe_us=13811 d_paints=50 d_skips=0 d_ticks=2 window_ms=1151
[script liveioxpv6_0] interact UseOn { name: "Vial", kind: "loc", target_name: Some("Fountain"), x: 2949, z: 3381, level: 0, index: None, source_item_id: Some(229), source_item_slot: Some(10), target_item_id: None, target_item_slot: None }
[host] slot liveioxpv6_0: d_loop_us=1220 d_raster_us=193875 d_observe_us=52446 max_observe_us=10899 d_paints=50 d_skips=0 d_ticks=2 window_ms=1149
[script liveioxpv6_0] interact UseOn { name: "Vial", kind: "loc", target_name: Some("Fountain"), x: 2949, z: 3381, level: 0, index: None, source_item_id: Some(229), source_item_slot: Some(11), target_item_id: None, target_item_slot: None }
[host] slot liveioxpv6_0: d_loop_us=1290 d_raster_us=215888 d_observe_us=56420 max_observe_us=12654 d_paints=50 d_skips=0 d_ticks=2 window_ms=1166
[script liveioxpv6_0] interact UseOn { name: "Vial", kind: "loc", target_name: Some("Fountain"), x: 2949, z: 3381, level: 0, index: None, source_item_id: Some(229), source_item_slot: Some(12), target_item_id: None, target_item_slot: None }
[host] slot liveioxpv6_0: d_loop_us=1210 d_raster_us=201844 d_observe_us=53047 max_observe_us=12379 d_paints=50 d_skips=0 d_ticks=2 window_ms=1137
[script liveioxpv6_0] interact UseOn { name: "Vial", kind: "loc", target_name: Some("Fountain"), x: 2949, z: 3381, level: 0, index: None, source_item_id: Some(229), source_item_slot: Some(13), target_item_id: None, target_item_slot: None }
[host] slot liveioxpv6_0: d_loop_us=1122 d_raster_us=185597 d_observe_us=48191 max_observe_us=10467 d_paints=50 d_skips=0 d_ticks=2 window_ms=1153
[script liveioxpv6_0] interact UseOn { name: "Vial", kind: "loc", target_name: Some("Fountain"), x: 2949, z: 3381, level: 0, index: None, source_item_id: Some(229), source_item_slot: Some(14), target_item_id: None, target_item_slot: None }
[host] slot liveioxpv6_0: d_loop_us=1325 d_raster_us=209834 d_observe_us=56278 max_observe_us=12988 d_paints=50 d_skips=0 d_ticks=2 window_ms=1163
[host] slot liveioxpv6_0: d_loop_us=1279 d_raster_us=218955 d_observe_us=58135 max_observe_us=12990 d_paints=50 d_skips=0 d_ticks=2 window_ms=1170
[script liveioxpv6_0] interact UseOn { name: "Vial", kind: "loc", target_name: Some("Fountain"), x: 2949, z: 3381, level: 0, index: None, source_item_id: Some(229), source_item_slot: Some(15), target_item_id: None, target_item_slot: None }
[host] slot liveioxpv6_0: d_loop_us=1277 d_raster_us=215450 d_observe_us=48091 max_observe_us=12245 d_paints=50 d_skips=0 d_ticks=1 window_ms=1149
[script liveioxpv6_0] interact UseOn { name: "Vial", kind: "loc", target_name: Some("Fountain"), x: 2949, z: 3381, level: 0, index: None, source_item_id: Some(229), source_item_slot: Some(16), target_item_id: None, target_item_slot: None }
[host] slot liveioxpv6_0: d_loop_us=1297 d_raster_us=223148 d_observe_us=57716 max_observe_us=12828 d_paints=50 d_skips=0 d_ticks=2 window_ms=1165
[script liveioxpv6_0] interact UseOn { name: "Vial", kind: "loc", target_name: Some("Fountain"), x: 2949, z: 3381, level: 0, index: None, source_item_id: Some(229), source_item_slot: Some(17), target_item_id: None, target_item_slot: None }
[host] slot liveioxpv6_0: d_loop_us=1307 d_raster_us=234402 d_observe_us=60169 max_observe_us=13211 d_paints=50 d_skips=0 d_ticks=2 window_ms=1150
[script liveioxpv6_0] interact UseOn { name: "Vial", kind: "loc", target_name: Some("Fountain"), x: 2949, z: 3381, level: 0, index: None, source_item_id: Some(229), source_item_slot: Some(18), target_item_id: None, target_item_slot: None }
[host] slot liveioxpv6_0: d_loop_us=1242 d_raster_us=210467 d_observe_us=57015 max_observe_us=12753 d_paints=50 d_skips=0 d_ticks=2 window_ms=1162
[script liveioxpv6_0] interact UseOn { name: "Vial", kind: "loc", target_name: Some("Fountain"), x: 2949, z: 3381, level: 0, index: None, source_item_id: Some(229), source_item_slot: Some(19), target_item_id: None, target_item_slot: None }
[host] slot liveioxpv6_0: d_loop_us=1279 d_raster_us=211740 d_observe_us=58058 max_observe_us=13136 d_paints=50 d_skips=0 d_ticks=2 window_ms=1159
[script liveioxpv6_0] interact UseOn { name: "Vial", kind: "loc", target_name: Some("Fountain"), x: 2949, z: 3381, level: 0, index: None, source_item_id: Some(229), source_item_slot: Some(20), target_item_id: None, target_item_slot: None }
[host] slot liveioxpv6_0: d_loop_us=1256 d_raster_us=209782 d_observe_us=58034 max_observe_us=12497 d_paints=50 d_skips=0 d_ticks=2 window_ms=1161
[script liveioxpv6_0] interact UseOn { name: "Vial", kind: "loc", target_name: Some("Fountain"), x: 2949, z: 3381, level: 0, index: None, source_item_id: Some(229), source_item_slot: Some(21), target_item_id: None, target_item_slot: None }
[host] slot liveioxpv6_0: d_loop_us=1261 d_raster_us=214685 d_observe_us=57865 max_observe_us=12922 d_paints=50 d_skips=0 d_ticks=2 window_ms=1144
[script liveioxpv6_0] interact UseOn { name: "Vial", kind: "loc", target_name: Some("Fountain"), x: 2949, z: 3381, level: 0, index: None, source_item_id: Some(229), source_item_slot: Some(22), target_item_id: None, target_item_slot: None }
[host] slot liveioxpv6_0: d_loop_us=1249 d_raster_us=206552 d_observe_us=55125 max_observe_us=12225 d_paints=50 d_skips=0 d_ticks=2 window_ms=1148
[script liveioxpv6_0] interact UseOn { name: "Vial", kind: "loc", target_name: Some("Fountain"), x: 2949, z: 3381, level: 0, index: None, source_item_id: Some(229), source_item_slot: Some(23), target_item_id: None, target_item_slot: None }
[host] slot liveioxpv6_0: d_loop_us=1118 d_raster_us=182378 d_observe_us=50356 max_observe_us=11350 d_paints=50 d_skips=0 d_ticks=2 window_ms=1146
[script liveioxpv6_0] interact UseOn { name: "Vial", kind: "loc", target_name: Some("Fountain"), x: 2949, z: 3381, level: 0, index: None, source_item_id: Some(229), source_item_slot: Some(24), target_item_id: None, target_item_slot: None }
[host] slot liveioxpv6_0: d_loop_us=1167 d_raster_us=198812 d_observe_us=57016 max_observe_us=12818 d_paints=50 d_skips=0 d_ticks=2 window_ms=1159
[script liveioxpv6_0] interact UseOn { name: "Vial", kind: "loc", target_name: Some("Fountain"), x: 2949, z: 3381, level: 0, index: None, source_item_id: Some(229), source_item_slot: Some(25), target_item_id: None, target_item_slot: None }
[host] slot liveioxpv6_0: d_loop_us=1217 d_raster_us=208730 d_observe_us=59372 max_observe_us=11999 d_paints=50 d_skips=0 d_ticks=2 window_ms=1145
[script liveioxpv6_0] interact UseOn { name: "Vial", kind: "loc", target_name: Some("Fountain"), x: 2949, z: 3381, level: 0, index: None, source_item_id: Some(229), source_item_slot: Some(26), target_item_id: None, target_item_slot: None }
[host] slot liveioxpv6_0: d_loop_us=1103 d_raster_us=195233 d_observe_us=51544 max_observe_us=10338 d_paints=50 d_skips=0 d_ticks=2 window_ms=1151
[script liveioxpv6_0] interact UseOn { name: "Vial", kind: "loc", target_name: Some("Fountain"), x: 2949, z: 3381, level: 0, index: None, source_item_id: Some(229), source_item_slot: Some(27), target_item_id: None, target_item_slot: None }
live script_vial_filler_east: running step 13/18
[host] slot liveioxpv6_0: d_loop_us=1168 d_raster_us=204414 d_observe_us=58799 max_observe_us=10676 d_paints=50 d_skips=0 d_ticks=2 window_ms=1147
[script liveioxpv6_0] filled 28 Vial of water
[panel] liveioxpv6_0: script: filled 28 Vial of water
[host] slot liveioxpv6_0: d_loop_us=1120 d_raster_us=193678 d_observe_us=43580 max_observe_us=8085 d_paints=50 d_skips=0 d_ticks=1 window_ms=1147
[script liveioxpv6_0] interact WalkNear { x: 3013, z: 3355, level: 0, radius: 3, allow_teleports: false }
[nav-follow] here=WorldTile { x: 2950, z: 3380, level: 0 } walk=true transport=false leg=0 hops=1 outcome=None
[host] slot liveioxpv6_0: d_loop_us=1105 d_raster_us=185657 d_observe_us=47560 max_observe_us=9321 d_paints=50 d_skips=0 d_ticks=2 window_ms=1172
[nav-walk] here=WorldTile { x: 2952, z: 3380, level: 0 } aim=WorldTile { x: 2965, z: 3385, level: 0 } radius=2 ticks_waited=0 sent_tile=Some(WorldTile { x: 2950, z: 3380, level: 0 })
[nav-follow] here=WorldTile { x: 2952, z: 3380, level: 0 } walk=true transport=false leg=0 hops=1 outcome=None
[host] hitch liveioxpv6_0: observe_us=18376 paints=2952 skips=0 ticks=115
[nav-walk] here=WorldTile { x: 2954, z: 3380, level: 0 } aim=WorldTile { x: 2965, z: 3385, level: 0 } radius=2 ticks_waited=1 sent_tile=Some(WorldTile { x: 2950, z: 3380, level: 0 })
[nav-follow] here=WorldTile { x: 2954, z: 3380, level: 0 } walk=true transport=false leg=0 hops=1 outcome=None
[host] hitch liveioxpv6_0: observe_us=18280 paints=2978 skips=0 ticks=116
[host] slot liveioxpv6_0: d_loop_us=1234 d_raster_us=197771 d_observe_us=72389 max_observe_us=18376 d_paints=50 d_skips=0 d_ticks=2 window_ms=1161
[nav-walk] here=WorldTile { x: 2956, z: 3380, level: 0 } aim=WorldTile { x: 2965, z: 3385, level: 0 } radius=2 ticks_waited=2 sent_tile=Some(WorldTile { x: 2950, z: 3380, level: 0 })
[nav-follow] here=WorldTile { x: 2956, z: 3380, level: 0 } walk=true transport=false leg=0 hops=1 outcome=None
[host] hitch liveioxpv6_0: observe_us=17867 paints=3003 skips=0 ticks=117
[nav-walk] here=WorldTile { x: 2958, z: 3380, level: 0 } aim=WorldTile { x: 2965, z: 3385, level: 0 } radius=2 ticks_waited=3 sent_tile=Some(WorldTile { x: 2950, z: 3380, level: 0 })
[nav-follow] here=WorldTile { x: 2958, z: 3380, level: 0 } walk=true transport=false leg=0 hops=1 outcome=None
[host] hitch liveioxpv6_0: observe_us=18630 paints=3029 skips=0 ticks=118
[host] slot liveioxpv6_0: d_loop_us=1252 d_raster_us=205650 d_observe_us=71139 max_observe_us=18630 d_paints=50 d_skips=0 d_ticks=2 window_ms=1161
[nav-walk] here=WorldTile { x: 2960, z: 3380, level: 0 } aim=WorldTile { x: 2965, z: 3385, level: 0 } radius=2 ticks_waited=4 sent_tile=Some(WorldTile { x: 2950, z: 3380, level: 0 })
[nav-follow] here=WorldTile { x: 2960, z: 3380, level: 0 } walk=true transport=false leg=0 hops=1 outcome=None
[host] hitch liveioxpv6_0: observe_us=18254 paints=3055 skips=0 ticks=119
[nav-walk] here=WorldTile { x: 2962, z: 3382, level: 0 } aim=WorldTile { x: 2965, z: 3385, level: 0 } radius=2 ticks_waited=5 sent_tile=Some(WorldTile { x: 2950, z: 3380, level: 0 })
[nav-follow] here=WorldTile { x: 2962, z: 3382, level: 0 } walk=true transport=false leg=0 hops=1 outcome=None
[host] hitch liveioxpv6_0: observe_us=17530 paints=3081 skips=0 ticks=120
[host] slot liveioxpv6_0: d_loop_us=1182 d_raster_us=193013 d_observe_us=71986 max_observe_us=18254 d_paints=50 d_skips=0 d_ticks=2 window_ms=1173
[nav-walk] here=WorldTile { x: 2964, z: 3384, level: 0 } aim=WorldTile { x: 2965, z: 3385, level: 0 } radius=2 ticks_waited=6 sent_tile=Some(WorldTile { x: 2950, z: 3380, level: 0 })
[nav-follow] here=WorldTile { x: 2964, z: 3384, level: 0 } walk=true transport=false leg=0 hops=2 outcome=None
[host] hitch liveioxpv6_0: observe_us=17742 paints=3106 skips=0 ticks=121
[nav-walk] here=WorldTile { x: 2966, z: 3384, level: 0 } aim=WorldTile { x: 2981, z: 3379, level: 0 } radius=2 ticks_waited=0 sent_tile=Some(WorldTile { x: 2964, z: 3384, level: 0 })
[nav-follow] here=WorldTile { x: 2966, z: 3384, level: 0 } walk=true transport=false leg=0 hops=2 outcome=None
[host] hitch liveioxpv6_0: observe_us=18417 paints=3132 skips=0 ticks=122
[host] slot liveioxpv6_0: d_loop_us=1334 d_raster_us=204421 d_observe_us=74881 max_observe_us=18417 d_paints=50 d_skips=0 d_ticks=2 window_ms=1161
[nav-walk] here=WorldTile { x: 2968, z: 3382, level: 0 } aim=WorldTile { x: 2981, z: 3379, level: 0 } radius=2 ticks_waited=1 sent_tile=Some(WorldTile { x: 2964, z: 3384, level: 0 })
[nav-follow] here=WorldTile { x: 2968, z: 3382, level: 0 } walk=true transport=false leg=0 hops=2 outcome=None
[host] hitch liveioxpv6_0: observe_us=19191 paints=3158 skips=0 ticks=123
[nav-walk] here=WorldTile { x: 2970, z: 3380, level: 0 } aim=WorldTile { x: 2981, z: 3379, level: 0 } radius=2 ticks_waited=2 sent_tile=Some(WorldTile { x: 2964, z: 3384, level: 0 })
[nav-follow] here=WorldTile { x: 2970, z: 3380, level: 0 } walk=true transport=false leg=0 hops=2 outcome=None
[host] hitch liveioxpv6_0: observe_us=18397 paints=3183 skips=0 ticks=124
[host] slot liveioxpv6_0: d_loop_us=1121 d_raster_us=178450 d_observe_us=73938 max_observe_us=19191 d_paints=50 d_skips=0 d_ticks=2 window_ms=1175
[nav-walk] here=WorldTile { x: 2972, z: 3380, level: 0 } aim=WorldTile { x: 2981, z: 3379, level: 0 } radius=2 ticks_waited=3 sent_tile=Some(WorldTile { x: 2964, z: 3384, level: 0 })
[nav-follow] here=WorldTile { x: 2972, z: 3380, level: 0 } walk=true transport=false leg=0 hops=2 outcome=None
[host] hitch liveioxpv6_0: observe_us=18030 paints=3209 skips=0 ticks=125
[nav-walk] here=WorldTile { x: 2974, z: 3380, level: 0 } aim=WorldTile { x: 2981, z: 3379, level: 0 } radius=2 ticks_waited=4 sent_tile=Some(WorldTile { x: 2964, z: 3384, level: 0 })
[nav-follow] here=WorldTile { x: 2974, z: 3380, level: 0 } walk=true transport=false leg=0 hops=2 outcome=None
[host] hitch liveioxpv6_0: observe_us=17838 paints=3234 skips=0 ticks=126
[host] slot liveioxpv6_0: d_loop_us=1072 d_raster_us=193843 d_observe_us=69491 max_observe_us=18030 d_paints=50 d_skips=0 d_ticks=2 window_ms=1175
[nav-walk] here=WorldTile { x: 2976, z: 3380, level: 0 } aim=WorldTile { x: 2981, z: 3379, level: 0 } radius=2 ticks_waited=5 sent_tile=Some(WorldTile { x: 2964, z: 3384, level: 0 })
[nav-follow] here=WorldTile { x: 2976, z: 3380, level: 0 } walk=true transport=false leg=0 hops=2 outcome=None
[host] hitch liveioxpv6_0: observe_us=19742 paints=3260 skips=0 ticks=127
[nav-walk] here=WorldTile { x: 2978, z: 3380, level: 0 } aim=WorldTile { x: 2981, z: 3379, level: 0 } radius=2 ticks_waited=6 sent_tile=Some(WorldTile { x: 2964, z: 3384, level: 0 })
[nav-follow] here=WorldTile { x: 2978, z: 3380, level: 0 } walk=true transport=false leg=0 hops=2 outcome=None
[host] hitch liveioxpv6_0: observe_us=19313 paints=3286 skips=0 ticks=128
[host] slot liveioxpv6_0: d_loop_us=1109 d_raster_us=207084 d_observe_us=75533 max_observe_us=19742 d_paints=50 d_skips=0 d_ticks=2 window_ms=1167
[nav-walk] here=WorldTile { x: 2980, z: 3380, level: 0 } aim=WorldTile { x: 2981, z: 3379, level: 0 } radius=2 ticks_waited=7 sent_tile=Some(WorldTile { x: 2964, z: 3384, level: 0 })
[nav-follow] here=WorldTile { x: 2980, z: 3380, level: 0 } walk=true transport=false leg=0 hops=3 outcome=None
[host] hitch liveioxpv6_0: observe_us=17888 paints=3311 skips=0 ticks=129
[nav-walk] here=WorldTile { x: 2982, z: 3378, level: 0 } aim=WorldTile { x: 2997, z: 3364, level: 0 } radius=2 ticks_waited=0 sent_tile=Some(WorldTile { x: 2980, z: 3380, level: 0 })
[nav-follow] here=WorldTile { x: 2982, z: 3378, level: 0 } walk=true transport=false leg=0 hops=3 outcome=None
[host] hitch liveioxpv6_0: observe_us=18881 paints=3337 skips=0 ticks=130
[host] slot liveioxpv6_0: d_loop_us=1011 d_raster_us=191251 d_observe_us=71127 max_observe_us=18881 d_paints=50 d_skips=0 d_ticks=2 window_ms=1170
[nav-walk] here=WorldTile { x: 2984, z: 3376, level: 0 } aim=WorldTile { x: 2997, z: 3364, level: 0 } radius=2 ticks_waited=1 sent_tile=Some(WorldTile { x: 2980, z: 3380, level: 0 })
[nav-follow] here=WorldTile { x: 2984, z: 3376, level: 0 } walk=true transport=false leg=0 hops=3 outcome=None
[host] hitch liveioxpv6_0: observe_us=20599 paints=3363 skips=0 ticks=131
[nav-walk] here=WorldTile { x: 2986, z: 3374, level: 0 } aim=WorldTile { x: 2997, z: 3364, level: 0 } radius=2 ticks_waited=2 sent_tile=Some(WorldTile { x: 2980, z: 3380, level: 0 })
[nav-follow] here=WorldTile { x: 2986, z: 3374, level: 0 } walk=true transport=false leg=0 hops=3 outcome=None
[host] hitch liveioxpv6_0: observe_us=16744 paints=3388 skips=0 ticks=132
[host] slot liveioxpv6_0: d_loop_us=978 d_raster_us=172243 d_observe_us=74050 max_observe_us=20599 d_paints=50 d_skips=0 d_ticks=2 window_ms=1168
[nav-walk] here=WorldTile { x: 2988, z: 3372, level: 0 } aim=WorldTile { x: 2997, z: 3364, level: 0 } radius=2 ticks_waited=3 sent_tile=Some(WorldTile { x: 2980, z: 3380, level: 0 })
[nav-follow] here=WorldTile { x: 2988, z: 3372, level: 0 } walk=true transport=false leg=0 hops=3 outcome=None
[nav-walk] here=WorldTile { x: 2990, z: 3371, level: 0 } aim=WorldTile { x: 2997, z: 3364, level: 0 } radius=2 ticks_waited=4 sent_tile=Some(WorldTile { x: 2980, z: 3380, level: 0 })
[nav-follow] here=WorldTile { x: 2990, z: 3371, level: 0 } walk=true transport=false leg=0 hops=3 outcome=None
[host] hitch liveioxpv6_0: observe_us=19967 paints=3439 skips=0 ticks=134
[host] slot liveioxpv6_0: d_loop_us=894 d_raster_us=167277 d_observe_us=65942 max_observe_us=19967 d_paints=50 d_skips=0 d_ticks=2 window_ms=1173
[nav-walk] here=WorldTile { x: 2992, z: 3369, level: 0 } aim=WorldTile { x: 2997, z: 3364, level: 0 } radius=2 ticks_waited=5 sent_tile=Some(WorldTile { x: 2980, z: 3380, level: 0 })
[nav-follow] here=WorldTile { x: 2992, z: 3369, level: 0 } walk=true transport=false leg=0 hops=3 outcome=None
[host] hitch liveioxpv6_0: observe_us=19865 paints=3465 skips=0 ticks=135
[nav-walk] here=WorldTile { x: 2994, z: 3367, level: 0 } aim=WorldTile { x: 2997, z: 3364, level: 0 } radius=2 ticks_waited=6 sent_tile=Some(WorldTile { x: 2980, z: 3380, level: 0 })
[nav-follow] here=WorldTile { x: 2994, z: 3367, level: 0 } walk=true transport=false leg=0 hops=3 outcome=None
[host] hitch liveioxpv6_0: observe_us=20732 paints=3490 skips=0 ticks=136
[host] slot liveioxpv6_0: d_loop_us=1003 d_raster_us=197444 d_observe_us=79607 max_observe_us=20732 d_paints=50 d_skips=0 d_ticks=2 window_ms=1178
[nav-walk] here=WorldTile { x: 2996, z: 3365, level: 0 } aim=WorldTile { x: 2997, z: 3364, level: 0 } radius=2 ticks_waited=7 sent_tile=Some(WorldTile { x: 2980, z: 3380, level: 0 })
[nav-follow] here=WorldTile { x: 2996, z: 3365, level: 0 } walk=true transport=false leg=0 hops=4 outcome=None
[host] hitch liveioxpv6_0: observe_us=17299 paints=3516 skips=0 ticks=137
[nav-walk] here=WorldTile { x: 2997, z: 3363, level: 0 } aim=WorldTile { x: 3010, z: 3352, level: 0 } radius=0 ticks_waited=0 sent_tile=Some(WorldTile { x: 2996, z: 3365, level: 0 })
[nav-follow] here=WorldTile { x: 2997, z: 3363, level: 0 } walk=true transport=false leg=0 hops=4 outcome=None
[host] hitch liveioxpv6_0: observe_us=17430 paints=3542 skips=0 ticks=138
[host] slot liveioxpv6_0: d_loop_us=929 d_raster_us=193634 d_observe_us=68271 max_observe_us=17430 d_paints=50 d_skips=0 d_ticks=2 window_ms=1167
[nav-walk] here=WorldTile { x: 2999, z: 3361, level: 0 } aim=WorldTile { x: 3010, z: 3352, level: 0 } radius=0 ticks_waited=1 sent_tile=Some(WorldTile { x: 2996, z: 3365, level: 0 })
[nav-follow] here=WorldTile { x: 2999, z: 3361, level: 0 } walk=true transport=false leg=0 hops=4 outcome=None
[host] hitch liveioxpv6_0: observe_us=18448 paints=3567 skips=0 ticks=139
[nav-walk] here=WorldTile { x: 3000, z: 3359, level: 0 } aim=WorldTile { x: 3010, z: 3352, level: 0 } radius=0 ticks_waited=2 sent_tile=Some(WorldTile { x: 2996, z: 3365, level: 0 })
[nav-follow] here=WorldTile { x: 3000, z: 3359, level: 0 } walk=true transport=false leg=0 hops=4 outcome=None
[host] hitch liveioxpv6_0: observe_us=19919 paints=3592 skips=0 ticks=140
[host] slot liveioxpv6_0: d_loop_us=994 d_raster_us=171323 d_observe_us=72959 max_observe_us=19919 d_paints=50 d_skips=0 d_ticks=2 window_ms=1182
[nav-walk] here=WorldTile { x: 3002, z: 3358, level: 0 } aim=WorldTile { x: 3010, z: 3352, level: 0 } radius=0 ticks_waited=3 sent_tile=Some(WorldTile { x: 2996, z: 3365, level: 0 })
[nav-follow] here=WorldTile { x: 3002, z: 3358, level: 0 } walk=true transport=false leg=0 hops=4 outcome=None
[host] hitch liveioxpv6_0: observe_us=18565 paints=3618 skips=0 ticks=141
[nav-walk] here=WorldTile { x: 3004, z: 3358, level: 0 } aim=WorldTile { x: 3010, z: 3352, level: 0 } radius=0 ticks_waited=4 sent_tile=Some(WorldTile { x: 2996, z: 3365, level: 0 })
[nav-follow] here=WorldTile { x: 3004, z: 3358, level: 0 } walk=true transport=false leg=0 hops=4 outcome=None
[host] hitch liveioxpv6_0: observe_us=17558 paints=3644 skips=0 ticks=142
[host] slot liveioxpv6_0: d_loop_us=1115 d_raster_us=172331 d_observe_us=71930 max_observe_us=18565 d_paints=50 d_skips=0 d_ticks=2 window_ms=1163
[nav-walk] here=WorldTile { x: 3004, z: 3356, level: 0 } aim=WorldTile { x: 3010, z: 3352, level: 0 } radius=0 ticks_waited=5 sent_tile=Some(WorldTile { x: 2996, z: 3365, level: 0 })
[nav-follow] here=WorldTile { x: 3004, z: 3356, level: 0 } walk=true transport=false leg=0 hops=4 outcome=None
[host] hitch liveioxpv6_0: observe_us=17906 paints=3670 skips=0 ticks=143
[nav-walk] here=WorldTile { x: 3006, z: 3354, level: 0 } aim=WorldTile { x: 3010, z: 3352, level: 0 } radius=0 ticks_waited=6 sent_tile=Some(WorldTile { x: 2996, z: 3365, level: 0 })
[nav-follow] here=WorldTile { x: 3006, z: 3354, level: 0 } walk=true transport=false leg=0 hops=4 outcome=None
[host] hitch liveioxpv6_0: observe_us=16019 paints=3695 skips=0 ticks=144
[host] slot liveioxpv6_0: d_loop_us=1066 d_raster_us=166370 d_observe_us=69144 max_observe_us=17906 d_paints=50 d_skips=0 d_ticks=2 window_ms=1164
[panel] liveioxpv6_0: liveioxpv6_0: scene 1
[panel] liveioxpv6_0: liveioxpv6_0: ingame
[panel] liveioxpv6_0: liveioxpv6_0: scene 2
[nav-walk] here=WorldTile { x: 3010, z: 3352, level: 0 } aim=WorldTile { x: 3010, z: 3352, level: 0 } radius=0 ticks_waited=7 sent_tile=Some(WorldTile { x: 2996, z: 3365, level: 0 })
[nav-follow] here=WorldTile { x: 3010, z: 3352, level: 0 } walk=false transport=false leg=1 hops=4 outcome=Some(Arrived { at: WorldTile { x: 3010, z: 3352, level: 0 } })
[host] hitch liveioxpv6_0: observe_us=19632 paints=3747 skips=0 ticks=146
[host] slot liveioxpv6_0: d_loop_us=11538 d_raster_us=163953 d_observe_us=92608 max_observe_us=19632 d_paints=50 d_skips=0 d_ticks=2 window_ms=1170
[script liveioxpv6_0] interact WalkNear { x: 3011, z: 3354, level: 0, radius: 1, allow_teleports: false }
[host] slot liveioxpv6_0: d_loop_us=1005 d_raster_us=133968 d_observe_us=45344 max_observe_us=9047 d_paints=50 d_skips=0 d_ticks=2 window_ms=1175
[nav-follow] here=WorldTile { x: 3010, z: 3352, level: 0 } walk=true transport=false leg=0 hops=1 outcome=None
[host] slot liveioxpv6_0: d_loop_us=995 d_raster_us=134623 d_observe_us=45631 max_observe_us=9472 d_paints=50 d_skips=0 d_ticks=2 window_ms=1182
[nav-walk] here=WorldTile { x: 3008, z: 3352, level: 0 } aim=WorldTile { x: 3010, z: 3355, level: 0 } radius=0 ticks_waited=0 sent_tile=Some(WorldTile { x: 3010, z: 3352, level: 0 })
[nav-follow] here=WorldTile { x: 3008, z: 3352, level: 0 } walk=true transport=false leg=0 hops=1 outcome=None
[host] hitch liveioxpv6_0: observe_us=17487 paints=3874 skips=0 ticks=151
[host] slot liveioxpv6_0: d_loop_us=1551 d_raster_us=162975 d_observe_us=51747 max_observe_us=17487 d_paints=50 d_skips=0 d_ticks=2 window_ms=1165
[nav-walk] here=WorldTile { x: 3008, z: 3354, level: 0 } aim=WorldTile { x: 3010, z: 3355, level: 0 } radius=0 ticks_waited=1 sent_tile=Some(WorldTile { x: 3010, z: 3352, level: 0 })
[nav-follow] here=WorldTile { x: 3008, z: 3354, level: 0 } walk=true transport=false leg=0 hops=1 outcome=None
[host] hitch liveioxpv6_0: observe_us=20814 paints=3900 skips=0 ticks=152
[nav-walk] here=WorldTile { x: 3008, z: 3356, level: 0 } aim=WorldTile { x: 3010, z: 3355, level: 0 } radius=0 ticks_waited=2 sent_tile=Some(WorldTile { x: 3010, z: 3352, level: 0 })
[nav-follow] here=WorldTile { x: 3008, z: 3356, level: 0 } walk=true transport=false leg=0 hops=1 outcome=None
[host] hitch liveioxpv6_0: observe_us=22516 paints=3926 skips=0 ticks=153
[host] slot liveioxpv6_0: d_loop_us=1014 d_raster_us=168930 d_observe_us=76221 max_observe_us=22516 d_paints=50 d_skips=0 d_ticks=1 window_ms=1172
[nav-walk] here=WorldTile { x: 3009, z: 3358, level: 0 } aim=WorldTile { x: 3010, z: 3355, level: 0 } radius=0 ticks_waited=3 sent_tile=Some(WorldTile { x: 3010, z: 3352, level: 0 })
[nav-follow] here=WorldTile { x: 3009, z: 3358, level: 0 } walk=true transport=false leg=0 hops=1 outcome=None
[host] hitch liveioxpv6_0: observe_us=22490 paints=3951 skips=0 ticks=154
[nav-walk] here=WorldTile { x: 3011, z: 3359, level: 0 } aim=WorldTile { x: 3010, z: 3355, level: 0 } radius=0 ticks_waited=4 sent_tile=Some(WorldTile { x: 3010, z: 3352, level: 0 })
[nav-follow] here=WorldTile { x: 3011, z: 3359, level: 0 } walk=true transport=false leg=0 hops=1 outcome=None
[host] hitch liveioxpv6_0: observe_us=21151 paints=3976 skips=0 ticks=155
[host] slot liveioxpv6_0: d_loop_us=995 d_raster_us=157507 d_observe_us=77196 max_observe_us=22490 d_paints=50 d_skips=0 d_ticks=2 window_ms=1180
[nav-walk] here=WorldTile { x: 3012, z: 3358, level: 0 } aim=WorldTile { x: 3010, z: 3355, level: 0 } radius=0 ticks_waited=5 sent_tile=Some(WorldTile { x: 3010, z: 3352, level: 0 })
[nav-follow] here=WorldTile { x: 3012, z: 3358, level: 0 } walk=true transport=false leg=0 hops=1 outcome=None
[host] hitch liveioxpv6_0: observe_us=22108 paints=4002 skips=0 ticks=156
[nav-walk] here=WorldTile { x: 3012, z: 3356, level: 0 } aim=WorldTile { x: 3010, z: 3355, level: 0 } radius=0 ticks_waited=6 sent_tile=Some(WorldTile { x: 3010, z: 3352, level: 0 })
[nav-follow] here=WorldTile { x: 3012, z: 3356, level: 0 } walk=true transport=false leg=0 hops=1 outcome=None
[host] hitch liveioxpv6_0: observe_us=23230 paints=4028 skips=0 ticks=157
[host] slot liveioxpv6_0: d_loop_us=1010 d_raster_us=167601 d_observe_us=77092 max_observe_us=23230 d_paints=50 d_skips=0 d_ticks=2 window_ms=1170
[nav-walk] here=WorldTile { x: 3010, z: 3355, level: 0 } aim=WorldTile { x: 3010, z: 3355, level: 0 } radius=0 ticks_waited=7 sent_tile=Some(WorldTile { x: 3010, z: 3352, level: 0 })
[nav-follow] here=WorldTile { x: 3010, z: 3355, level: 0 } walk=false transport=false leg=1 hops=1 outcome=Some(Arrived { at: WorldTile { x: 3010, z: 3355, level: 0 } })
[host] hitch liveioxpv6_0: observe_us=17698 paints=4053 skips=0 ticks=158
[script liveioxpv6_0] interact OpenBooth { x: 3011, z: 3354, level: 0, id: 2213, name: Some("Bank booth"), action: Some("Use-quickly") }
[host] hitch liveioxpv6_0: observe_us=20661 paints=4079 skips=0 ticks=159
[host] slot liveioxpv6_0: d_loop_us=1133 d_raster_us=181559 d_observe_us=71535 max_observe_us=20661 d_paints=50 d_skips=0 d_ticks=2 window_ms=1170
[host] slot liveioxpv6_0: d_loop_us=1117 d_raster_us=228732 d_observe_us=61617 max_observe_us=13845 d_paints=50 d_skips=0 d_ticks=2 window_ms=1163
live script_vial_filler_east: running step 14/18
live script_vial_filler_east: running step 15/18
[host] slot liveioxpv6_0: d_loop_us=1109 d_raster_us=223245 d_observe_us=59941 max_observe_us=13924 d_paints=50 d_skips=0 d_ticks=2 window_ms=1150
[host] slot liveioxpv6_0: d_loop_us=1085 d_raster_us=231339 d_observe_us=53466 max_observe_us=10023 d_paints=50 d_skips=0 d_ticks=2 window_ms=1159
live script_vial_filler_east: running step 16/18
[script liveioxpv6_0] interact Close
[shim-close] sent
[host] slot liveioxpv6_0: d_loop_us=1057 d_raster_us=204167 d_observe_us=61083 max_observe_us=13750 d_paints=50 d_skips=0 d_ticks=2 window_ms=1159
live script_vial_filler_east: running step 17/18
[script liveioxpv6_0] interact WalkNear { x: 2949, z: 3381, level: 0, radius: 3, allow_teleports: false }
[nav-follow] here=WorldTile { x: 3011, z: 3355, level: 0 } walk=true transport=false leg=0 hops=1 outcome=None
[host] slot liveioxpv6_0: d_loop_us=1081 d_raster_us=165988 d_observe_us=61885 max_observe_us=13587 d_paints=50 d_skips=0 d_ticks=2 window_ms=1151
[nav-walk] here=WorldTile { x: 3012, z: 3357, level: 0 } aim=WorldTile { x: 3001, z: 3365, level: 0 } radius=2 ticks_waited=0 sent_tile=Some(WorldTile { x: 3011, z: 3355, level: 0 })
[nav-follow] here=WorldTile { x: 3012, z: 3357, level: 0 } walk=true transport=false leg=0 hops=1 outcome=None
[host] hitch liveioxpv6_0: observe_us=19788 paints=4363 skips=0 ticks=170
[nav-walk] here=WorldTile { x: 3012, z: 3359, level: 0 } aim=WorldTile { x: 3001, z: 3365, level: 0 } radius=2 ticks_waited=1 sent_tile=Some(WorldTile { x: 3011, z: 3355, level: 0 })
[nav-follow] here=WorldTile { x: 3012, z: 3359, level: 0 } walk=true transport=false leg=0 hops=1 outcome=None
[host] hitch liveioxpv6_0: observe_us=21799 paints=4389 skips=0 ticks=171
[host] slot liveioxpv6_0: d_loop_us=1013 d_raster_us=170160 d_observe_us=77805 max_observe_us=21799 d_paints=50 d_skips=0 d_ticks=2 window_ms=1177
[nav-walk] here=WorldTile { x: 3010, z: 3359, level: 0 } aim=WorldTile { x: 3001, z: 3365, level: 0 } radius=2 ticks_waited=2 sent_tile=Some(WorldTile { x: 3011, z: 3355, level: 0 })
[nav-follow] here=WorldTile { x: 3010, z: 3359, level: 0 } walk=true transport=false leg=0 hops=1 outcome=None
[host] hitch liveioxpv6_0: observe_us=21420 paints=4415 skips=0 ticks=172
[nav-walk] here=WorldTile { x: 3008, z: 3359, level: 0 } aim=WorldTile { x: 3001, z: 3365, level: 0 } radius=2 ticks_waited=3 sent_tile=Some(WorldTile { x: 3011, z: 3355, level: 0 })
[nav-follow] here=WorldTile { x: 3008, z: 3359, level: 0 } walk=true transport=false leg=0 hops=1 outcome=None
[host] hitch liveioxpv6_0: observe_us=17334 paints=4441 skips=0 ticks=173
[host] slot liveioxpv6_0: d_loop_us=1021 d_raster_us=176424 d_observe_us=71015 max_observe_us=21420 d_paints=50 d_skips=0 d_ticks=2 window_ms=1161
[nav-walk] here=WorldTile { x: 3006, z: 3360, level: 0 } aim=WorldTile { x: 3001, z: 3365, level: 0 } radius=2 ticks_waited=4 sent_tile=Some(WorldTile { x: 3011, z: 3355, level: 0 })
[nav-follow] here=WorldTile { x: 3006, z: 3360, level: 0 } walk=true transport=false leg=0 hops=1 outcome=None
[host] hitch liveioxpv6_0: observe_us=25587 paints=4466 skips=0 ticks=174
[nav-walk] here=WorldTile { x: 3004, z: 3362, level: 0 } aim=WorldTile { x: 3001, z: 3365, level: 0 } radius=2 ticks_waited=5 sent_tile=Some(WorldTile { x: 3011, z: 3355, level: 0 })
[nav-follow] here=WorldTile { x: 3004, z: 3362, level: 0 } walk=true transport=false leg=0 hops=1 outcome=None
[host] hitch liveioxpv6_0: observe_us=25473 paints=4491 skips=0 ticks=175
[host] slot liveioxpv6_0: d_loop_us=1137 d_raster_us=175835 d_observe_us=93769 max_observe_us=25587 d_paints=50 d_skips=0 d_ticks=2 window_ms=1182
[nav-walk] here=WorldTile { x: 3002, z: 3364, level: 0 } aim=WorldTile { x: 3001, z: 3365, level: 0 } radius=2 ticks_waited=6 sent_tile=Some(WorldTile { x: 3011, z: 3355, level: 0 })
[nav-follow] here=WorldTile { x: 3002, z: 3364, level: 0 } walk=true transport=false leg=0 hops=2 outcome=None
[host] hitch liveioxpv6_0: observe_us=21395 paints=4517 skips=0 ticks=176
[nav-walk] here=WorldTile { x: 3000, z: 3364, level: 0 } aim=WorldTile { x: 2985, z: 3375, level: 0 } radius=2 ticks_waited=0 sent_tile=Some(WorldTile { x: 3002, z: 3364, level: 0 })
[nav-follow] here=WorldTile { x: 3000, z: 3364, level: 0 } walk=true transport=false leg=0 hops=2 outcome=None
[host] hitch liveioxpv6_0: observe_us=21089 paints=4543 skips=0 ticks=177
[host] slot liveioxpv6_0: d_loop_us=1037 d_raster_us=170016 d_observe_us=76628 max_observe_us=21395 d_paints=50 d_skips=0 d_ticks=2 window_ms=1167
[nav-walk] here=WorldTile { x: 2998, z: 3364, level: 0 } aim=WorldTile { x: 2985, z: 3375, level: 0 } radius=2 ticks_waited=1 sent_tile=Some(WorldTile { x: 3002, z: 3364, level: 0 })
[nav-follow] here=WorldTile { x: 2998, z: 3364, level: 0 } walk=true transport=false leg=0 hops=2 outcome=None
[host] hitch liveioxpv6_0: observe_us=24470 paints=4568 skips=0 ticks=178
[nav-walk] here=WorldTile { x: 2996, z: 3365, level: 0 } aim=WorldTile { x: 2985, z: 3375, level: 0 } radius=2 ticks_waited=2 sent_tile=Some(WorldTile { x: 3002, z: 3364, level: 0 })
[nav-follow] here=WorldTile { x: 2996, z: 3365, level: 0 } walk=true transport=false leg=0 hops=2 outcome=None
[host] hitch liveioxpv6_0: observe_us=20344 paints=4594 skips=0 ticks=179
[host] slot liveioxpv6_0: d_loop_us=1012 d_raster_us=179903 d_observe_us=81355 max_observe_us=24470 d_paints=50 d_skips=0 d_ticks=2 window_ms=1179
[nav-walk] here=WorldTile { x: 2994, z: 3366, level: 0 } aim=WorldTile { x: 2985, z: 3375, level: 0 } radius=2 ticks_waited=3 sent_tile=Some(WorldTile { x: 3002, z: 3364, level: 0 })
[nav-follow] here=WorldTile { x: 2994, z: 3366, level: 0 } walk=true transport=false leg=0 hops=2 outcome=None
[host] hitch liveioxpv6_0: observe_us=21223 paints=4619 skips=0 ticks=180
[nav-walk] here=WorldTile { x: 2992, z: 3368, level: 0 } aim=WorldTile { x: 2985, z: 3375, level: 0 } radius=2 ticks_waited=4 sent_tile=Some(WorldTile { x: 3002, z: 3364, level: 0 })
[nav-follow] here=WorldTile { x: 2992, z: 3368, level: 0 } walk=true transport=false leg=0 hops=2 outcome=None
[host] hitch liveioxpv6_0: observe_us=25168 paints=4645 skips=0 ticks=181
[host] slot liveioxpv6_0: d_loop_us=894 d_raster_us=165128 d_observe_us=82322 max_observe_us=25168 d_paints=50 d_skips=0 d_ticks=2 window_ms=1170
[nav-walk] here=WorldTile { x: 2990, z: 3370, level: 0 } aim=WorldTile { x: 2985, z: 3375, level: 0 } radius=2 ticks_waited=5 sent_tile=Some(WorldTile { x: 3002, z: 3364, level: 0 })
[nav-follow] here=WorldTile { x: 2990, z: 3370, level: 0 } walk=true transport=false leg=0 hops=2 outcome=None
[host] hitch liveioxpv6_0: observe_us=24166 paints=4671 skips=0 ticks=182
[nav-walk] here=WorldTile { x: 2988, z: 3372, level: 0 } aim=WorldTile { x: 2985, z: 3375, level: 0 } radius=2 ticks_waited=6 sent_tile=Some(WorldTile { x: 3002, z: 3364, level: 0 })
[nav-follow] here=WorldTile { x: 2988, z: 3372, level: 0 } walk=true transport=false leg=0 hops=2 outcome=None
[host] hitch liveioxpv6_0: observe_us=19643 paints=4696 skips=0 ticks=183
[host] slot liveioxpv6_0: d_loop_us=974 d_raster_us=184319 d_observe_us=80420 max_observe_us=24166 d_paints=50 d_skips=0 d_ticks=2 window_ms=1175
[nav-walk] here=WorldTile { x: 2986, z: 3374, level: 0 } aim=WorldTile { x: 2985, z: 3375, level: 0 } radius=2 ticks_waited=7 sent_tile=Some(WorldTile { x: 3002, z: 3364, level: 0 })
[nav-follow] here=WorldTile { x: 2986, z: 3374, level: 0 } walk=true transport=false leg=0 hops=3 outcome=None
[host] hitch liveioxpv6_0: observe_us=21699 paints=4722 skips=0 ticks=184
[nav-walk] here=WorldTile { x: 2984, z: 3374, level: 0 } aim=WorldTile { x: 2969, z: 3381, level: 0 } radius=2 ticks_waited=0 sent_tile=Some(WorldTile { x: 2986, z: 3374, level: 0 })
[nav-follow] here=WorldTile { x: 2984, z: 3374, level: 0 } walk=true transport=false leg=0 hops=3 outcome=None
[host] hitch liveioxpv6_0: observe_us=19952 paints=4747 skips=0 ticks=185
[host] slot liveioxpv6_0: d_loop_us=943 d_raster_us=187681 d_observe_us=74243 max_observe_us=21699 d_paints=50 d_skips=0 d_ticks=2 window_ms=1173
[nav-walk] here=WorldTile { x: 2982, z: 3374, level: 0 } aim=WorldTile { x: 2969, z: 3381, level: 0 } radius=2 ticks_waited=1 sent_tile=Some(WorldTile { x: 2986, z: 3374, level: 0 })
[nav-follow] here=WorldTile { x: 2982, z: 3374, level: 0 } walk=true transport=false leg=0 hops=3 outcome=None
[host] hitch liveioxpv6_0: observe_us=21586 paints=4773 skips=0 ticks=186
[nav-walk] here=WorldTile { x: 2980, z: 3374, level: 0 } aim=WorldTile { x: 2969, z: 3381, level: 0 } radius=2 ticks_waited=2 sent_tile=Some(WorldTile { x: 2986, z: 3374, level: 0 })
[nav-follow] here=WorldTile { x: 2980, z: 3374, level: 0 } walk=true transport=false leg=0 hops=3 outcome=None
[host] hitch liveioxpv6_0: observe_us=21036 paints=4798 skips=0 ticks=187
[host] slot liveioxpv6_0: d_loop_us=985 d_raster_us=183487 d_observe_us=76549 max_observe_us=21586 d_paints=50 d_skips=0 d_ticks=2 window_ms=1170
[nav-walk] here=WorldTile { x: 2978, z: 3375, level: 0 } aim=WorldTile { x: 2969, z: 3381, level: 0 } radius=2 ticks_waited=3 sent_tile=Some(WorldTile { x: 2986, z: 3374, level: 0 })
[nav-follow] here=WorldTile { x: 2978, z: 3375, level: 0 } walk=true transport=false leg=0 hops=3 outcome=None
[host] hitch liveioxpv6_0: observe_us=21535 paints=4824 skips=0 ticks=188
[nav-walk] here=WorldTile { x: 2976, z: 3375, level: 0 } aim=WorldTile { x: 2969, z: 3381, level: 0 } radius=2 ticks_waited=4 sent_tile=Some(WorldTile { x: 2986, z: 3374, level: 0 })
[nav-follow] here=WorldTile { x: 2976, z: 3375, level: 0 } walk=true transport=false leg=0 hops=3 outcome=None
[host] hitch liveioxpv6_0: observe_us=21182 paints=4849 skips=0 ticks=189
[host] slot liveioxpv6_0: d_loop_us=1029 d_raster_us=178468 d_observe_us=76934 max_observe_us=21535 d_paints=50 d_skips=0 d_ticks=2 window_ms=1202
[panel] liveioxpv6_0: liveioxpv6_0: scene 1
[panel] liveioxpv6_0: liveioxpv6_0: ingame
[panel] liveioxpv6_0: liveioxpv6_0: scene 2
[host] slot liveioxpv6_0: d_loop_us=11717 d_raster_us=191030 d_observe_us=69160 max_observe_us=8265 d_paints=50 d_skips=0 d_ticks=2 window_ms=1158
[nav-walk] here=WorldTile { x: 2972, z: 3378, level: 0 } aim=WorldTile { x: 2969, z: 3381, level: 0 } radius=2 ticks_waited=5 sent_tile=Some(WorldTile { x: 2986, z: 3374, level: 0 })
[nav-follow] here=WorldTile { x: 2972, z: 3378, level: 0 } walk=true transport=false leg=0 hops=3 outcome=None
[host] hitch liveioxpv6_0: observe_us=18764 paints=4900 skips=0 ticks=191
[nav-walk] here=WorldTile { x: 2970, z: 3380, level: 0 } aim=WorldTile { x: 2969, z: 3381, level: 0 } radius=2 ticks_waited=6 sent_tile=Some(WorldTile { x: 2986, z: 3374, level: 0 })
[nav-follow] here=WorldTile { x: 2970, z: 3380, level: 0 } walk=true transport=false leg=0 hops=4 outcome=None
[host] hitch liveioxpv6_0: observe_us=17831 paints=4926 skips=0 ticks=192
[host] slot liveioxpv6_0: d_loop_us=1176 d_raster_us=207424 d_observe_us=69036 max_observe_us=18764 d_paints=50 d_skips=0 d_ticks=1 window_ms=1159
[nav-walk] here=WorldTile { x: 2968, z: 3380, level: 0 } aim=WorldTile { x: 2952, z: 3378, level: 0 } radius=0 ticks_waited=0 sent_tile=Some(WorldTile { x: 2970, z: 3380, level: 0 })
[nav-follow] here=WorldTile { x: 2968, z: 3380, level: 0 } walk=true transport=false leg=0 hops=4 outcome=None
[host] hitch liveioxpv6_0: observe_us=16087 paints=4952 skips=0 ticks=193
[nav-walk] here=WorldTile { x: 2966, z: 3380, level: 0 } aim=WorldTile { x: 2952, z: 3378, level: 0 } radius=0 ticks_waited=1 sent_tile=Some(WorldTile { x: 2970, z: 3380, level: 0 })
[nav-follow] here=WorldTile { x: 2966, z: 3380, level: 0 } walk=true transport=false leg=0 hops=4 outcome=None
[host] hitch liveioxpv6_0: observe_us=18964 paints=4977 skips=0 ticks=194
[host] slot liveioxpv6_0: d_loop_us=1178 d_raster_us=190663 d_observe_us=66164 max_observe_us=18964 d_paints=50 d_skips=0 d_ticks=2 window_ms=1171
[nav-walk] here=WorldTile { x: 2964, z: 3380, level: 0 } aim=WorldTile { x: 2952, z: 3378, level: 0 } radius=0 ticks_waited=2 sent_tile=Some(WorldTile { x: 2970, z: 3380, level: 0 })
[nav-follow] here=WorldTile { x: 2964, z: 3380, level: 0 } walk=true transport=false leg=0 hops=4 outcome=None
[host] hitch liveioxpv6_0: observe_us=17462 paints=5003 skips=0 ticks=195
[nav-walk] here=WorldTile { x: 2962, z: 3380, level: 0 } aim=WorldTile { x: 2952, z: 3378, level: 0 } radius=0 ticks_waited=3 sent_tile=Some(WorldTile { x: 2970, z: 3380, level: 0 })
[nav-follow] here=WorldTile { x: 2962, z: 3380, level: 0 } walk=true transport=false leg=0 hops=4 outcome=None
[host] hitch liveioxpv6_0: observe_us=17943 paints=5029 skips=0 ticks=196
[host] slot liveioxpv6_0: d_loop_us=1304 d_raster_us=217634 d_observe_us=67444 max_observe_us=17943 d_paints=50 d_skips=0 d_ticks=2 window_ms=1157
[nav-walk] here=WorldTile { x: 2960, z: 3380, level: 0 } aim=WorldTile { x: 2952, z: 3378, level: 0 } radius=0 ticks_waited=4 sent_tile=Some(WorldTile { x: 2970, z: 3380, level: 0 })
[nav-follow] here=WorldTile { x: 2960, z: 3380, level: 0 } walk=true transport=false leg=0 hops=4 outcome=None
[host] hitch liveioxpv6_0: observe_us=18528 paints=5055 skips=0 ticks=197
[nav-walk] here=WorldTile { x: 2958, z: 3380, level: 0 } aim=WorldTile { x: 2952, z: 3378, level: 0 } radius=0 ticks_waited=5 sent_tile=Some(WorldTile { x: 2970, z: 3380, level: 0 })
[nav-follow] here=WorldTile { x: 2958, z: 3380, level: 0 } walk=true transport=false leg=0 hops=4 outcome=None
[host] hitch liveioxpv6_0: observe_us=19984 paints=5080 skips=0 ticks=198
[host] slot liveioxpv6_0: d_loop_us=1408 d_raster_us=215666 d_observe_us=72790 max_observe_us=19984 d_paints=50 d_skips=0 d_ticks=2 window_ms=1172
[nav-walk] here=WorldTile { x: 2956, z: 3380, level: 0 } aim=WorldTile { x: 2952, z: 3378, level: 0 } radius=0 ticks_waited=6 sent_tile=Some(WorldTile { x: 2970, z: 3380, level: 0 })
[nav-follow] here=WorldTile { x: 2956, z: 3380, level: 0 } walk=true transport=false leg=0 hops=4 outcome=None
[host] hitch liveioxpv6_0: observe_us=18193 paints=5106 skips=0 ticks=199
[nav-walk] here=WorldTile { x: 2954, z: 3380, level: 0 } aim=WorldTile { x: 2952, z: 3378, level: 0 } radius=0 ticks_waited=7 sent_tile=Some(WorldTile { x: 2970, z: 3380, level: 0 })
[nav-follow] here=WorldTile { x: 2954, z: 3380, level: 0 } walk=true transport=false leg=0 hops=4 outcome=None
[host] hitch liveioxpv6_0: observe_us=17325 paints=5132 skips=0 ticks=200
[host] slot liveioxpv6_0: d_loop_us=1310 d_raster_us=205421 d_observe_us=65103 max_observe_us=18193 d_paints=50 d_skips=0 d_ticks=2 window_ms=1165
[nav-walk] here=WorldTile { x: 2952, z: 3378live script_vial_filler_east: running step 18/18
, level: 0 } aim=WorldTile { x: 2952, z: 3378, level: 0 } radius=0 ticks_waited=8 sent_tile=Some(WorldTile { x: 2970, z: 3380, level: 0 })
[nav-follow] here=WorldTile { x: 2952, z: 3378, level: 0 } walk=false transport=false leg=1 hops=4 outcome=Some(Arrived { at: WorldTile { x: 2952, z: 3378, level: 0 } })
[host] hitch liveioxpv6_0: observe_us=18058 paints=5157 skips=0 ticks=201
[script liveioxpv6_0] interact UseOn { name: "Vial", kind: "loc", target_name: Some("Fountain"), x: 2949, z: 3381, level: 0, index: None, source_item_id: Some(229), source_item_slot: Some(0), target_item_id: None, target_item_slot: None }
[host] hitch liveioxpv6_0: observe_us=20474 paints=5183 skips=0 ticks=202
[host] slot liveioxpv6_0: d_loop_us=1350 d_raster_us=224169 d_observe_us=72048 max_observe_us=20474 d_paints=50 d_skips=0 d_ticks=2 window_ms=1180
[panel] scenario capture requested: vial_filler_east
[host] hitch liveioxpv6_0: observe_us=75715 paints=5209 skips=0 ticks=203
[panel] capture readback requested: 1
[script liveioxpv6_0] interact UseOn { name: "Vial", kind: "loc", target_name: Some("Fountain"), x: 2949, z: 3381, level: 0, index: None, source_item_id: Some(229), source_item_slot: Some(1), target_item_id: None, target_item_slot: None }
[panel] shot vial_filler_east -> /Users/acfrazier/experiments/274bot/.worktrees/rs2b0t-multirevision/docs/compat/evidence/catalog-headed/r289-vial-filler-east-8e7d965b-060e15a0-gpu/shots/2026-09-11T08-47-15_88683/2026-09-11T08-49-23_vial_filler_east.png
PASS: live script_vial_filler_east {"scenario":"vial_filler_east","outcome":"PASS","predicate":"has_item_id(227)>=1","ticks":239,"elapsed_ms":128023,"tile":[2950,3380,0],"inv":[{"id":227,"name":"Vial of water","count":1},{"id":229,"name":"Vial","count":1},{"id":229,"name":"Vial","count":1},{"id":229,"name":"Vial","count":1},{"id":229,"name":"Vial","count":1},{"id":229,"name":"Vial","count":1},{"id":229,"name":"Vial","count":1},{"id":229,"name":"Vial","count":1},{"id":229,"name":"Vial","count":1},{"id":229,"name":"Vial","count":1},{"id":229,"name":"Vial","count":1},{"id":229,"name":"Vial","count":1},{"id":229,"name":"Vial","count":1},{"id":229,"name":"Vial","count":1},{"id":229,"name":"Vial","count":1},{"id":229,"name":"Vial","count":1},{"id":229,"name":"Vial","count":1},{"id":229,"name":"Vial","count":1},{"id":229,"name":"Vial","count":1},{"id":229,"name":"Vial","count":1},{"id":229,"name":"Vial","count":1},{"id":229,"name":"Vial","count":1},{"id":229,"name":"Vial","count":1},{"id":229,"name":"Vial","count":1},{"id":229,"name":"Vial","count":1},{"id":229,"name":"Vial","count":1},{"id":229,"name":"Vial","count":1},{"id":229,"name":"Vial","count":1}],"stat":{"runenergy":32},"chat":[{"text":"You fill the vial from the fountain."},{"text":"You fill the vial from the fountain."},{"text":"You fill the vial from the fountain."},{"text":"You fill the vial from the fountain."},{"text":"You fill the vial from the fountain."},{"text":"You fill the vial from the fountain."},{"text":"You fill the vial from the fountain."},{"text":"You fill the vial from the fountain."},{"text":"You fill the vial from the fountain."},{"text":"You fill the vial from the fountain."},{"text":"You fill the vial from the fountain."},{"text":"You fill the vial from the fountain."},{"text":"You fill the vial from the fountain."},{"text":"You fill the vial from the fountain."},{"text":"You fill the vial from the fountain."},{"text":"You fill the vial from the fountain."},{"text":"You fill the vial from the fountain."},{"text":"You fill the vial from the fountain."},{"text":"You fill the vial from the fountain."},{"text":"You fill the vial from the fountain."},{"text":"You fill the vial from the fountain."},{"text":"You fill the vial from the fountain."},{"text":"You fill the vial from the fountain."},{"text":"You fill the vial from the fountain."},{"text":"You fill the vial from the fountain."},{"text":"You fill the vial from the fountain."},{"text":"You fill the vial from the fountain."},{"text":"You fill the vial from the fountain."},{"text":"You fill the vial from the fountain."},{"text":"Inventory wiped."},{"text":"Welcome to RuneScape."}],"scene":2}
[host] slot liveioxpv6_0: d_loop_us=1221 d_raster_us=191422 d_observe_us=108761 max_observe_us=75715 d_paints=50 d_skips=0 d_ticks=2 window_ms=1209
[script liveioxpv6_0] interact UseOn { name: "Vial", kind: "loc", target_name: Some("Fountain"), x: 2949, z: 3381, level: 0, index: None, source_item_id: Some(229), source_item_slot: Some(2), target_item_id: None, target_item_slot: None }
[host] slot liveioxpv6_0: d_loop_us=1249 d_raster_us=233136 d_observe_us=48947 max_observe_us=10920 d_paints=50 d_skips=0 d_ticks=2 window_ms=1167
[script liveioxpv6_0] interact UseOn { name: "Vial", kind: "loc", target_name: Some("Fountain"), x: 2949, z: 3381, level: 0, index: None, source_item_id: Some(229), source_item_slot: Some(3), target_item_id: None, target_item_slot: None }
[host] slot liveioxpv6_0: d_loop_us=1324 d_raster_us=219692 d_observe_us=51136 max_observe_us=12391 d_paints=50 d_skips=0 d_ticks=2 window_ms=1168
[script liveioxpv6_0] interact UseOn { name: "Vial", kind: "loc", target_name: Some("Fountain"), x: 2949, z: 3381, level: 0, index: None, source_item_id: Some(229), source_item_slot: Some(4), target_item_id: None, target_item_slot: None }
[host] slot liveioxpv6_0: d_loop_us=1253 d_raster_us=216762 d_observe_us=50847 max_observe_us=12391 d_paints=50 d_skips=0 d_ticks=2 window_ms=1167
[script liveioxpv6_0] interact UseOn { name: "Vial", kind: "loc", target_name: Some("Fountain"), x: 2949, z: 3381, level: 0, index: None, source_item_id: Some(229), source_item_slot: Some(5), target_item_id: None, target_item_slot: None }
[host] slot liveioxpv6_0: d_loop_us=1258 d_raster_us=208668 d_observe_us=48458 max_observe_us=11730 d_paints=50 d_skips=0 d_ticks=2 window_ms=1164
[script liveioxpv6_0] interact UseOn { name: "Vial", kind: "loc", target_name: Some("Fountain"), x: 2949, z: 3381, level: 0, index: None, source_item_id: Some(229), source_item_slot: Some(6), target_item_id: None, target_item_slot: None }
[host] slot liveioxpv6_0: d_loop_us=1267 d_raster_us=209572 d_observe_us=47157 max_observe_us=12244 d_paints=50 d_skips=0 d_ticks=2 window_ms=1148
[script liveioxpv6_0] interact UseOn { name: "Vial", kind: "loc", target_name: Some("Fountain"), x: 2949, z: 3381, level: 0, index: None, source_item_id: Some(229), source_item_slot: Some(7), target_item_id: None, target_item_slot: None }
[host] slot liveioxpv6_0: d_loop_us=1186 d_raster_us=192102 d_observe_us=47392 max_observe_us=11648 d_paints=50 d_skips=0 d_ticks=2 window_ms=1148
[script liveioxpv6_0] interact UseOn { name: "Vial", kind: "loc", target_name: Some("Fountain"), x: 2949, z: 3381, level: 0, index: None, source_item_id: Some(229), source_item_slot: Some(8), target_item_id: None, target_item_slot: None }
[host] slot liveioxpv6_0: d_loop_us=1248 d_raster_us=211883 d_observe_us=51411 max_observe_us=11362 d_paints=50 d_skips=0 d_ticks=2 window_ms=1148
[script liveioxpv6_0] interact UseOn { name: "Vial", kind: "loc", target_name: Some("Fountain"), x: 2949, z: 3381, level: 0, index: None, source_item_id: Some(229), source_item_slot: Some(9), target_item_id: None, target_item_slot: None }
[host] slot liveioxpv6_0: d_loop_us=1295 d_raster_us=221363 d_observe_us=55643 max_observe_us=12144 d_paints=50 d_skips=0 d_ticks=2 window_ms=1130
[host] slot liveioxpv6_0: d_loop_us=1260 d_raster_us=221304 d_observe_us=47363 max_observe_us=12713 d_paints=50 d_skips=0 d_ticks=2 window_ms=1136
[script liveioxpv6_0] interact UseOn { name: "Vial", kind: "loc", target_name: Some("Fountain"), x: 2949, z: 3381, level: 0, index: None, source_item_id: Some(229), source_item_slot: Some(10), target_item_id: None, target_item_slot: None }
[host] slot liveioxpv6_0: d_loop_us=1214 d_raster_us=218994 d_observe_us=56243 max_observe_us=12783 d_paints=50 d_skips=0 d_ticks=1 window_ms=1140
[script liveioxpv6_0] interact UseOn { name: "Vial", kind: "loc", target_name: Some("Fountain"), x: 2949, z: 3381, level: 0, index: None, source_item_id: Some(229), source_item_slot: Some(11), target_item_id: None, target_item_slot: None }
[host] slot liveioxpv6_0: d_loop_us=1252 d_raster_us=223818 d_observe_us=54535 max_observe_us=11947 d_paints=50 d_skips=0 d_ticks=2 window_ms=1151
[script liveioxpv6_0] interact UseOn { name: "Vial", kind: "loc", target_name: Some("Fountain"), x: 2949, z: 3381, level: 0, index: None, source_item_id: Some(229), source_item_slot: Some(12), target_item_id: None, target_item_slot: None }
[host] slot liveioxpv6_0: d_loop_us=1338 d_raster_us=222365 d_observe_us=56312 max_observe_us=12313 d_paints=50 d_skips=0 d_ticks=2 window_ms=1136
[script liveioxpv6_0] interact UseOn { name: "Vial", kind: "loc", target_name: Some("Fountain"), x: 2949, z: 3381, level: 0, index: None, source_item_id: Some(229), source_item_slot: Some(13), target_item_id: None, target_item_slot: None }
[host] slot liveioxpv6_0: d_loop_us=1278 d_raster_us=221787 d_observe_us=54531 max_observe_us=11744 d_paints=50 d_skips=0 d_ticks=2 window_ms=1144
[script liveioxpv6_0] interact UseOn { name: "Vial", kind: "loc", target_name: Some("Fountain"), x: 2949, z: 3381, level: 0, index: None, source_item_id: Some(229), source_item_slot: Some(14), target_item_id: None, target_item_slot: None }
[host] slot liveioxpv6_0: d_loop_us=1332 d_raster_us=224712 d_observe_us=55217 max_observe_us=12294 d_paints=50 d_skips=0 d_ticks=2 window_ms=1154
[script liveioxpv6_0] interact UseOn { name: "Vial", kind: "loc", target_name: Some("Fountain"), x: 2949, z: 3381, level: 0, index: None, source_item_id: Some(229), source_item_slot: Some(15), target_item_id: None, target_item_slot: None }
[host] slot liveioxpv6_0: d_loop_us=1275 d_raster_us=226394 d_observe_us=56238 max_observe_us=12544 d_paints=50 d_skips=0 d_ticks=2 window_ms=1130
[script liveioxpv6_0] interact UseOn { name: "Vial", kind: "loc", target_name: Some("Fountain"), x: 2949, z: 3381, level: 0, index: None, source_item_id: Some(229), source_item_slot: Some(16), target_item_id: None, target_item_slot: None }
[host] slot liveioxpv6_0: d_loop_us=1284 d_raster_us=222531 d_observe_us=56134 max_observe_us=12513 d_paints=50 d_skips=0 d_ticks=2 window_ms=1144
[script liveioxpv6_0] interact UseOn { name: "Vial", kind: "loc", target_name: Some("Fountain"), x: 2949, z: 3381, level: 0, index: None, source_item_id: Some(229), source_item_slot: Some(17), target_item_id: None, target_item_slot: None }
[host] slot liveioxpv6_0: d_loop_us=1247 d_raster_us=209185 d_observe_us=52359 max_observe_us=11983 d_paints=50 d_skips=0 d_ticks=2 window_ms=1156
[script liveioxpv6_0] interact UseOn { name: "Vial", kind: "loc", target_name: Some("Fountain"), x: 2949, z: 3381, level: 0, index: None, source_item_id: Some(229), source_item_slot: Some(18), target_item_id: None, target_item_slot: None }
[host] slot liveioxpv6_0: d_loop_us=1284 d_raster_us=206131 d_observe_us=47326 max_observe_us=11613 d_paints=50 d_skips=0 d_ticks=2 window_ms=1162
[script liveioxpv6_0] interact UseOn { name: "Vial", kind: "loc", target_name: Some("Fountain"), x: 2949, z: 3381, level: 0, index: None, source_item_id: Some(229), source_item_slot: Some(19), target_item_id: None, target_item_slot: None }
[host] slot liveioxpv6_0: d_loop_us=1239 d_raster_us=215486 d_observe_us=47179 max_observe_us=9935 d_paints=50 d_skips=0 d_ticks=2 window_ms=1171
[script liveioxpv6_0] interact UseOn { name: "Vial", kind: "loc", target_name: Some("Fountain"), x: 2949, z: 3381, level: 0, index: None, source_item_id: Some(229), source_item_slot: Some(20), target_item_id: None, target_item_slot: None }
[host] slot liveioxpv6_0: d_loop_us=1282 d_raster_us=219886 d_observe_us=49501 max_observe_us=12007 d_paints=50 d_skips=0 d_ticks=2 window_ms=1169
[script liveioxpv6_0] interact UseOn { name: "Vial", kind: "loc", target_name: Some("Fountain"), x: 2949, z: 3381, level: 0, index: None, source_item_id: Some(229), source_item_slot: Some(21), target_item_id: None, target_item_slot: None }
[host] slot liveioxpv6_0: d_loop_us=1337 d_raster_us=214308 d_observe_us=50216 max_observe_us=12268 d_paints=50 d_skips=0 d_ticks=2 window_ms=1178
[script liveioxpv6_0] interact UseOn { name: "Vial", kind: "loc", target_name: Some("Fountain"), x: 2949, z: 3381, level: 0, index: None, source_item_id: Some(229), source_item_slot: Some(22), target_item_id: None, target_item_slot: None }
[host] slot liveioxpv6_0: d_loop_us=1237 d_raster_us=207473 d_observe_us=36773 max_observe_us=9706 d_paints=50 d_skips=0 d_ticks=2 window_ms=1159
[script liveioxpv6_0] interact UseOn { name: "Vial", kind: "loc", target_name: Some("Fountain"), x: 2949, z: 3381, level: 0, index: None, source_item_id: Some(229), source_item_slot: Some(23), target_item_id: None, target_item_slot: None }
[host] slot liveioxpv6_0: d_loop_us=1260 d_raster_us=207683 d_observe_us=49449 max_observe_us=11654 d_paints=50 d_skips=0 d_ticks=1 window_ms=1149
[script liveioxpv6_0] interact UseOn { name: "Vial", kind: "loc", target_name: Some("Fountain"), x: 2949, z: 3381, level: 0, index: None, source_item_id: Some(229), source_item_slot: Some(24), target_item_id: None, target_item_slot: None }
[host] slot liveioxpv6_0: d_loop_us=1244 d_raster_us=194574 d_observe_us=47460 max_observe_us=13272 d_paints=50 d_skips=0 d_ticks=2 window_ms=1153
[script liveioxpv6_0] interact UseOn { name: "Vial", kind: "loc", target_name: Some("Fountain"), x: 2949, z: 3381, level: 0, index: None, source_item_id: Some(229), source_item_slot: Some(25), target_item_id: None, target_item_slot: None }
[host] slot liveioxpv6_0: d_loop_us=1200 d_raster_us=187131 d_observe_us=44508 max_observe_us=10408 d_paints=50 d_skips=0 d_ticks=2 window_ms=1161
[script liveioxpv6_0] interact UseOn { name: "Vial", kind: "loc", target_name: Some("Fountain"), x: 2949, z: 3381, level: 0, index: None, source_item_id: Some(229), source_item_slot: Some(26), target_item_id: None, target_item_slot: None }
[host] slot liveioxpv6_0: d_loop_us=1173 d_raster_us=181529 d_observe_us=42973 max_observe_us=9795 d_paints=50 d_skips=0 d_ticks=2 window_ms=1145
[script liveioxpv6_0] interact UseOn { name: "Vial", kind: "loc", target_name: Some("Fountain"), x: 2949, z: 3381, level: 0, index: None, source_item_id: Some(229), source_item_slot: Some(27), target_item_id: None, target_item_slot: None }
[host] slot liveioxpv6_0: d_loop_us=1219 d_raster_us=184511 d_observe_us=41843 max_observe_us=9412 d_paints=50 d_skips=0 d_ticks=2 window_ms=1142
[script liveioxpv6_0] filled 28 Vial of water
[panel] liveioxpv6_0: script: filled 28 Vial of water
[host] slot liveioxpv6_0: d_loop_us=1144 d_raster_us=180775 d_observe_us=41384 max_observe_us=9424 d_paints=50 d_skips=0 d_ticks=2 window_ms=1146
[script liveioxpv6_0] interact WalkNear { x: 3013, z: 3355, level: 0, radius: 3, allow_teleports: false }
[nav-follow] here=WorldTile { x: 2950, z: 3380, level: 0 } walk=true transport=false leg=0 hops=1 outcome=None
[host] slot liveioxpv6_0: d_loop_us=1180 d_raster_us=175804 d_observe_us=41128 max_observe_us=8173 d_paints=50 d_skips=0 d_ticks=2 window_ms=1139
[nav-walk] here=WorldTile { x: 2952, z: 3380, level: 0 } aim=WorldTile { x: 2965, z: 3385, level: 0 } radius=2 ticks_waited=0 sent_tile=Some(WorldTile { x: 2950, z: 3380, level: 0 })
[nav-follow] here=WorldTile { x: 2952, z: 3380, level: 0 } walk=true transport=false leg=0 hops=1 outcome=None
[nav-walk] here=WorldTile { x: 2954, z: 3380, level: 0 } aim=WorldTile { x: 2965, z: 3385, level: 0 } radius=2 ticks_waited=1 sent_tile=Some(WorldTile { x: 2950, z: 3380, level: 0 })
[nav-follow] here=WorldTile { x: 2954, z: 3380, level: 0 } walk=true transport=false leg=0 hops=1 outcome=None
[host] slot liveioxpv6_0: d_loop_us=1218 d_raster_us=185479 d_observe_us=59325 max_observe_us=15723 d_paints=50 d_skips=0 d_ticks=2 window_ms=1146
[nav-walk] here=WorldTile { x: 2956, z: 3380, level: 0 } aim=WorldTile { x: 2965, z: 3385, level: 0 } radius=2 ticks_waited=2 sent_tile=Some(WorldTile { x: 2950, z: 3380, level: 0 })
[nav-follow] here=WorldTile { x: 2956, z: 3380, level: 0 } walk=true transport=false leg=0 hops=1 outcome=None
[host] hitch liveioxpv6_0: observe_us=16541 paints=6768 skips=0 ticks=263
[nav-walk] here=WorldTile { x: 2958, z: 3380, level: 0 } aim=WorldTile { x: 2965, z: 3385, level: 0 } radius=2 ticks_waited=3 sent_tile=Some(WorldTile { x: 2950, z: 3380, level: 0 })
[nav-follow] here=WorldTile { x: 2958, z: 3380, level: 0 } walk=true transport=false leg=0 hops=1 outcome=None
[host] hitch liveioxpv6_0: observe_us=17919 paints=6793 skips=0 ticks=264
[host] slot liveioxpv6_0: d_loop_us=1368 d_raster_us=229749 d_observe_us=63150 max_observe_us=17919 d_paints=50 d_skips=0 d_ticks=2 window_ms=1169
[nav-walk] here=WorldTile { x: 2960, z: 3380, level: 0 } aim=WorldTile { x: 2965, z: 3385, level: 0 } radius=2 ticks_waited=4 sent_tile=Some(WorldTile { x: 2950, z: 3380, level: 0 })
[nav-follow] here=WorldTile { x: 2960, z: 3380, level: 0 } walk=true transport=false leg=0 hops=1 outcome=None
[host] hitch liveioxpv6_0: observe_us=19509 paints=6819 skips=0 ticks=265
[nav-walk] here=WorldTile { x: 2962, z: 3382, level: 0 } aim=WorldTile { x: 2965, z: 3385, level: 0 } radius=2 ticks_waited=5 sent_tile=Some(WorldTile { x: 2950, z: 3380, level: 0 })
[nav-follow] here=WorldTile { x: 2962, z: 3382, level: 0 } walk=true transport=false leg=0 hops=1 outcome=None
[host] hitch liveioxpv6_0: observe_us=18270 paints=6845 skips=0 ticks=266
[host] slot liveioxpv6_0: d_loop_us=1391 d_raster_us=221546 d_observe_us=69667 max_observe_us=19509 d_paints=50 d_skips=0 d_ticks=2 window_ms=1169
[nav-walk] here=WorldTile { x: 2964, z: 3384, level: 0 } aim=WorldTile { x: 2965, z: 3385, level: 0 } radius=2 ticks_waited=6 sent_tile=Some(WorldTile { x: 2950, z: 3380, level: 0 })
[nav-follow] here=WorldTile { x: 2964, z: 3384, level: 0 } walk=true transport=false leg=0 hops=2 outcome=None
[host] hitch liveioxpv6_0: observe_us=19037 paints=6870 skips=0 ticks=267
[nav-walk] here=WorldTile { x: 2966, z: 3384, level: 0 } aim=WorldTile { x: 2981, z: 3379, level: 0 } radius=2 ticks_waited=0 sent_tile=Some(WorldTile { x: 2964, z: 3384, level: 0 })
[nav-follow] here=WorldTile { x: 2966, z: 3384, level: 0 } walk=true transport=false leg=0 hops=2 outcome=None
[host] hitch liveioxpv6_0: observe_us=18202 paints=6896 skips=0 ticks=268
[host] slot liveioxpv6_0: d_loop_us=1315 d_raster_us=210803 d_observe_us=67430 max_observe_us=19037 d_paints=50 d_skips=0 d_ticks=2 window_ms=1157
[nav-walk] here=WorldTile { x: 2968, z: 3382, level: 0 } aim=WorldTile { x: 2981, z: 3379, level: 0 } radius=2 ticks_waited=1 sent_tile=Some(WorldTile { x: 2964, z: 3384, level: 0 })
[nav-follow] here=WorldTile { x: 2968, z: 3382, level: 0 } walk=true transport=false leg=0 hops=2 outcome=None
[host] hitch liveioxpv6_0: observe_us=17920 paints=6922 skips=0 ticks=269
[nav-walk] here=WorldTile { x: 2970, z: 3380, level: 0 } aim=WorldTile { x: 2981, z: 3379, level: 0 } radius=2 ticks_waited=2 sent_tile=Some(WorldTile { x: 2964, z: 3384, level: 0 })
[nav-follow] here=WorldTile { x: 2970, z: 3380, level: 0 } walk=true transport=false leg=0 hops=2 outcome=None
[host] hitch liveioxpv6_0: observe_us=17742 paints=6948 skips=0 ticks=270
[host] slot liveioxpv6_0: d_loop_us=1257 d_raster_us=200462 d_observe_us=66275 max_observe_us=17920 d_paints=50 d_skips=0 d_ticks=2 window_ms=1157
[nav-walk] here=WorldTile { x: 2972, z: 3380, level: 0 } aim=WorldTile { x: 2981, z: 3379, level: 0 } radius=2 ticks_waited=3 sent_tile=Some(WorldTile { x: 2964, z: 3384, level: 0 })
[nav-follow] here=WorldTile { x: 2972, z: 3380, level: 0 } walk=true transport=false leg=0 hops=2 outcome=None
[host] hitch liveioxpv6_0: observe_us=18574 paints=6974 skips=0 ticks=271
[nav-walk] here=WorldTile { x: 2974, z: 3380, level: 0 } aim=WorldTile { x: 2981, z: 3379, level: 0 } radius=2 ticks_waited=4 sent_tile=Some(WorldTile { x: 2964, z: 3384, level: 0 })
[nav-follow] here=WorldTile { x: 2974, z: 3380, level: 0 } walk=true transport=false leg=0 hops=2 outcome=None
[host] hitch liveioxpv6_0: observe_us=18698 paints=6999 skips=0 ticks=272
[host] slot liveioxpv6_0: d_loop_us=1169 d_raster_us=199769 d_observe_us=66043 max_observe_us=18698 d_paints=50 d_skips=0 d_ticks=2 window_ms=1191
[nav-walk] here=WorldTile { x: 2976, z: 3380, level: 0 } aim=WorldTile { x: 2981, z: 3379, level: 0 } radius=2 ticks_waited=5 sent_tile=Some(WorldTile { x: 2964, z: 3384, level: 0 })
[nav-follow] here=WorldTile { x: 2976, z: 3380, level: 0 } walk=true transport=false leg=0 hops=2 outcome=None
[host] hitch liveioxpv6_0: observe_us=19524 paints=7025 skips=0 ticks=273
[host] slot liveioxpv6_0: d_loop_us=1135 d_raster_us=203133 d_observe_us=50068 max_observe_us=19524 d_paints=50 d_skips=0 d_ticks=1 window_ms=1152
[nav-walk] here=WorldTile { x: 2978, z: 3380, level: 0 } aim=WorldTile { x: 2981, z: 3379, level: 0 } radius=2 ticks_waited=6 sent_tile=Some(WorldTile { x: 2964, z: 3384, level: 0 })
[nav-follow] here=WorldTile { x: 2978, z: 3380, level: 0 } walk=true transport=false leg=0 hops=2 outcome=None
[host] hitch liveioxpv6_0: observe_us=18025 paints=7051 skips=0 ticks=274
[nav-walk] here=WorldTile { x: 2980, z: 3380, level: 0 } aim=WorldTile { x: 2981, z: 3379, level: 0 } radius=2 ticks_waited=7 sent_tile=Some(WorldTile { x: 2964, z: 3384, level: 0 })
[nav-follow] here=WorldTile { x: 2980, z: 3380, level: 0 } walk=true transport=false leg=0 hops=3 outcome=None
[host] hitch liveioxpv6_0: observe_us=18520 paints=7076 skips=0 ticks=275
[host] slot liveioxpv6_0: d_loop_us=1071 d_raster_us=189911 d_observe_us=63834 max_observe_us=18520 d_paints=50 d_skips=0 d_ticks=2 window_ms=1172
[nav-walk] here=WorldTile { x: 2982, z: 3378, level: 0 } aim=WorldTile { x: 2997, z: 3364, level: 0 } radius=2 ticks_waited=0 sent_tile=Some(WorldTile { x: 2980, z: 3380, level: 0 })
[nav-follow] here=WorldTile { x: 2982, z: 3378, level: 0 } walk=true transport=false leg=0 hops=3 outcome=None
[host] hitch liveioxpv6_0: observe_us=22007 paints=7102 skips=0 ticks=276
[nav-walk] here=WorldTile { x: 2984, z: 3376, level: 0 } aim=WorldTile { x: 2997, z: 3364, level: 0 } radius=2 ticks_waited=1 sent_tile=Some(WorldTile { x: 2980, z: 3380, level: 0 })
[nav-follow] here=WorldTile { x: 2984, z: 3376, level: 0 } walk=true transport=false leg=0 hops=3 outcome=None
[host] hitch liveioxpv6_0: observe_us=20555 paints=7127 skips=0 ticks=277
[host] slot liveioxpv6_0: d_loop_us=945 d_raster_us=187518 d_observe_us=72360 max_observe_us=22007 d_paints=50 d_skips=0 d_ticks=2 window_ms=1167
[nav-walk] here=WorldTile { x: 2986, z: 3374, level: 0 } aim=WorldTile { x: 2997, z: 3364, level: 0 } radius=2 ticks_waited=2 sent_tile=Some(WorldTile { x: 2980, z: 3380, level: 0 })
[nav-follow] here=WorldTile { x: 2986, z: 3374, level: 0 } walk=true transport=false leg=0 hops=3 outcome=None
[host] hitch liveioxpv6_0: observe_us=20598 paints=7153 skips=0 ticks=278
[nav-walk] here=WorldTile { x: 2988, z: 3372, level: 0 } aim=WorldTile { x: 2997, z: 3364, level: 0 } radius=2 ticks_waited=3 sent_tile=Some(WorldTile { x: 2980, z: 3380, level: 0 })
[nav-follow] here=WorldTile { x: 2988, z: 3372, level: 0 } walk=true transport=false leg=0 hops=3 outcome=None
[host] hitch liveioxpv6_0: observe_us=18062 paints=7179 skips=0 ticks=279
[host] slot liveioxpv6_0: d_loop_us=952 d_raster_us=176108 d_observe_us=68320 max_observe_us=20598 d_paints=50 d_skips=0 d_ticks=2 window_ms=1166
[nav-walk] here=WorldTile { x: 2990, z: 3371, level: 0 } aim=WorldTile { x: 2997, z: 3364, level: 0 } radius=2 ticks_waited=4 sent_tile=Some(WorldTile { x: 2980, z: 3380, level: 0 })
[nav-follow] here=WorldTile { x: 2990, z: 3371, level: 0 } walk=true transport=false leg=0 hops=3 outcome=None
[host] hitch liveioxpv6_0: observe_us=18545 paints=7204 skips=0 ticks=280
[nav-walk] here=WorldTile { x: 2992, z: 3369, level: 0 } aim=WorldTile { x: 2997, z: 3364, level: 0 } radius=2 ticks_waited=5 sent_tile=Some(WorldTile { x: 2980, z: 3380, level: 0 })
[nav-follow] here=WorldTile { x: 2992, z: 3369, level: 0 } walk=true transport=false leg=0 hops=3 outcome=None
[host] hitch liveioxpv6_0: observe_us=19940 paints=7230 skips=0 ticks=281
[host] slot liveioxpv6_0: d_loop_us=895 d_raster_us=180858 d_observe_us=68699 max_observe_us=19940 d_paints=50 d_skips=0 d_ticks=2 window_ms=1167
[nav-walk] here=WorldTile { x: 2994, z: 3367, level: 0 } aim=WorldTile { x: 2997, z: 3364, level: 0 } radius=2 ticks_waited=6 sent_tile=Some(WorldTile { x: 2980, z: 3380, level: 0 })
[nav-follow] here=WorldTile { x: 2994, z: 3367, level: 0 } walk=true transport=false leg=0 hops=3 outcome=None
[host] hitch liveioxpv6_0: observe_us=16852 paints=7256 skips=0 ticks=282
[nav-walk] here=WorldTile { x: 2996, z: 3365, level: 0 } aim=WorldTile { x: 2997, z: 3364, level: 0 } radius=2 ticks_waited=7 sent_tile=Some(WorldTile { x: 2980, z: 3380, level: 0 })
[nav-follow] here=WorldTile { x: 2996, z: 3365, level: 0 } walk=true transport=false leg=0 hops=4 outcome=None
[host] slot liveioxpv6_0: d_loop_us=901 d_raster_us=181957 d_observe_us=61295 max_observe_us=16852 d_paints=50 d_skips=0 d_ticks=2 window_ms=1158
[nav-walk] here=WorldTile { x: 2997, z: 3363, level: 0 } aim=WorldTile { x: 3010, z: 3352, level: 0 } radius=0 ticks_waited=0 sent_tile=Some(WorldTile { x: 2996, z: 3365, level: 0 })
[nav-follow] here=WorldTile { x: 2997, z: 3363, level: 0 } walk=true transport=false leg=0 hops=4 outcome=None
[nav-walk] here=WorldTile { x: 2999, z: 3361, level: 0 } aim=WorldTile { x: 3010, z: 3352, level: 0 } radius=0 ticks_waited=1 sent_tile=Some(WorldTile { x: 2996, z: 3365, level: 0 })
[nav-follow] here=WorldTile { x: 2999, z: 3361, level: 0 } walk=true transport=false leg=0 hops=4 outcome=None
[host] hitch liveioxpv6_0: observe_us=19079 paints=7333 skips=0 ticks=285
[host] slot liveioxpv6_0: d_loop_us=933 d_raster_us=175145 d_observe_us=65303 max_observe_us=19079 d_paints=50 d_skips=0 d_ticks=2 window_ms=1174
[nav-walk] here=WorldTile { x: 3000, z: 3359, level: 0 } aim=WorldTile { x: 3010, z: 3352, level: 0 } radius=0 ticks_waited=2 sent_tile=Some(WorldTile { x: 2996, z: 3365, level: 0 })
[nav-follow] here=WorldTile { x: 3000, z: 3359, level: 0 } walk=true transport=false leg=0 hops=4 outcome=None
[host] hitch liveioxpv6_0: observe_us=21591 paints=7359 skips=0 ticks=286
[nav-walk] here=WorldTile { x: 3002, z: 3358, level: 0 } aim=WorldTile { x: 3010, z: 3352, level: 0 } radius=0 ticks_waited=3 sent_tile=Some(WorldTile { x: 2996, z: 3365, level: 0 })
[nav-follow] here=WorldTile { x: 3002, z: 3358, level: 0 } walk=true transport=false leg=0 hops=4 outcome=None
[host] hitch liveioxpv6_0: observe_us=18884 paints=7384 skips=0 ticks=287
[host] slot liveioxpv6_0: d_loop_us=1020 d_raster_us=177691 d_observe_us=70837 max_observe_us=21591 d_paints=50 d_skips=0 d_ticks=2 window_ms=1172
[nav-walk] here=WorldTile { x: 3004, z: 3358, level: 0 } aim=WorldTile { x: 3010, z: 3352, level: 0 } radius=0 ticks_waited=4 sent_tile=Some(WorldTile { x: 2996, z: 3365, level: 0 })
[nav-follow] here=WorldTile { x: 3004, z: 3358, level: 0 } walk=true transport=false leg=0 hops=4 outcome=None
[nav-walk] here=WorldTile { x: 3004, z: 3356, level: 0 } aim=WorldTile { x: 3010, z: 3352, level: 0 } radius=0 ticks_waited=5 sent_tile=Some(WorldTile { x: 2996, z: 3365, level: 0 })
[nav-follow] here=WorldTile { x: 3004, z: 3356, level: 0 } walk=true transport=false leg=0 hops=4 outcome=None
[host] hitch liveioxpv6_0: observe_us=19440 paints=7436 skips=0 ticks=289
[host] slot liveioxpv6_0: d_loop_us=989 d_raster_us=160501 d_observe_us=64064 max_observe_us=19440 d_paints=50 d_skips=0 d_ticks=2 window_ms=1157
[nav-walk] here=WorldTile { x: 3006, z: 3354, level: 0 } aim=WorldTile { x: 3010, z: 3352, level: 0 } radius=0 ticks_waited=6 sent_tile=Some(WorldTile { x: 2996, z: 3365, level: 0 })
[nav-follow] here=WorldTile { x: 3006, z: 3354, level: 0 } walk=true transport=false leg=0 hops=4 outcome=None
[host] hitch liveioxpv6_0: observe_us=18233 paints=7462 skips=0 ticks=290
