[host-play] slot liveqo6lne_0: thread up
274bot: snapshot load skipped: read /Users/acfrazier/.274bot/unpack-289/37214163f1e6ceca/models.bin: No such file or directory (os error 2)
[panel] liveqo6lne_0: liveqo6lne_0: slot up
[host-play] slot liveqo6lne_0: handshake begin reconnect=false
[host-play] slot liveqo6lne_0: handshake ok
[host] hitch liveqo6lne_0: frame_us=79805 paints=1 skips=0 ticks=0
[panel] liveqo6lne_0: liveqo6lne_0: scene 1
[host] hitch liveqo6lne_0: frame_us=64301 paints=43 skips=0 ticks=1
[panel] liveqo6lne_0: liveqo6lne_0: mainland hop queued
[panel] liveqo6lne_0: liveqo6lne_0: ingame
[panel] liveqo6lne_0: liveqo6lne_0: scene 2
live script_thiever: running step 1/6
[host] slot liveqo6lne_0: d_loop_us=14096 d_raster_us=244500 d_observe_us=63512 max_observe_us=2578 d_paints=50 d_skips=0 d_ticks=1 window_ms=0
[panel] liveqo6lne_0: liveqo6lne_0: scene 1
[panel] liveqo6lne_0: liveqo6lne_0: ingame
[panel] liveqo6lne_0: liveqo6lne_0: scene 2
[host] slot liveqo6lne_0: d_loop_us=13421 d_raster_us=219409 d_observe_us=75577 max_observe_us=5059 d_paints=50 d_skips=0 d_ticks=3 window_ms=1146
[host] slot liveqo6lne_0: d_loop_us=1263 d_raster_us=192041 d_observe_us=31189 max_observe_us=825 d_paints=50 d_skips=0 d_ticks=2 window_ms=1156
live script_thiever: running step 2/6
[host-play] slot liveqo6lne_0: handshake begin reconnect=true
[panel] liveqo6lne_0: liveqo6lne_0: scene 0
[host-play] slot liveqo6lne_0: handshake ok
[panel] liveqo6lne_0: liveqo6lne_0: scene 1
[host] hitch liveqo6lne_0: frame_us=52818 paints=39 skips=0 ticks=1
[panel] liveqo6lne_0: liveqo6lne_0: ingame
[panel] liveqo6lne_0: liveqo6lne_0: scene 2
[host] slot liveqo6lne_0: d_loop_us=19164 d_raster_us=182489 d_observe_us=84480 max_observe_us=4066 d_paints=50 d_skips=0 d_ticks=1 window_ms=0
[host] slot liveqo6lne_0: d_loop_us=1841 d_raster_us=183023 d_observe_us=47879 max_observe_us=5591 d_paints=50 d_skips=0 d_ticks=3 window_ms=1150
live script_thiever: running step 3/6
[host] slot liveqo6lne_0: d_loop_us=1607 d_raster_us=163228 d_observe_us=35657 max_observe_us=1249 d_paints=50 d_skips=0 d_ticks=2 window_ms=1155
[panel] liveqo6lne_0: liveqo6lne_0: scene 1
[panel] liveqo6lne_0: liveqo6lne_0: ingame
[panel] liveqo6lne_0: liveqo6lne_0: scene 2
[host] slot liveqo6lne_0: d_loop_us=15254 d_raster_us=262912 d_observe_us=76156 max_observe_us=7003 d_paints=50 d_skips=0 d_ticks=2 window_ms=1150
live script_thiever: running step 4/6
[host] slot liveqo6lne_0: d_loop_us=1493 d_raster_us=299458 d_observe_us=32672 max_observe_us=1718 d_paints=50 d_skips=0 d_ticks=2 window_ms=1135
[host] slot liveqo6lne_0: d_loop_us=1716 d_raster_us=304026 d_observe_us=43990 max_observe_us=4577 d_paints=50 d_skips=0 d_ticks=2 window_ms=1139
live script_thiever: running step 5/6
[script liveqo6lne_0] start load
live script_thiever: running step 6/6
[host] hitch liveqo6lne_0: observe_us=47963 paints=314 skips=0 ticks=13
[host] hitch liveqo6lne_0: observe_us=19250 paints=338 skips=0 ticks=14
[host] slot liveqo6lne_0: d_loop_us=1617 d_raster_us=262728 d_observe_us=103210 max_observe_us=47963 d_paints=50 d_skips=0 d_ticks=2 window_ms=1164
[script liveqo6lne_0] thieving 'Guard' (Pickpocket) within 19 of (2661, 3306, 0), banking off
[script liveqo6lne_0] interact Npc { name: "Guard", action: "Pickpocket", index: Some(3563) }
[panel] liveqo6lne_0: script: thieving 'Guard' (Pickpocket) within 19 of (2661, 3306, 0), banking off
[host] slot liveqo6lne_0: d_loop_us=1681 d_raster_us=259890 d_observe_us=49279 max_observe_us=6788 d_paints=50 d_skips=0 d_ticks=2 window_ms=1142
[host] slot liveqo6lne_0: d_loop_us=1853 d_raster_us=278882 d_observe_us=47561 max_observe_us=5883 d_paints=50 d_skips=0 d_ticks=2 window_ms=1143
[host] slot liveqo6lne_0: d_loop_us=1900 d_raster_us=269652 d_observe_us=46701 max_observe_us=6142 d_paints=50 d_skips=0 d_ticks=2 window_ms=1135
[host] slot liveqo6lne_0: d_loop_us=1656 d_raster_us=239937 d_observe_us=45900 max_observe_us=5906 d_paints=50 d_skips=0 d_ticks=2 window_ms=1142
[host] slot liveqo6lne_0: d_loop_us=1949 d_raster_us=266152 d_observe_us=44969 max_observe_us=5942 d_paints=50 d_skips=0 d_ticks=1 window_ms=1136
[host] slot liveqo6lne_0: d_loop_us=1811 d_raster_us=266959 d_observe_us=46692 max_observe_us=6147 d_paints=50 d_skips=0 d_ticks=2 window_ms=1127
[host] slot liveqo6lne_0: d_loop_us=1303 d_raster_us=224635 d_observe_us=44322 max_observe_us=5567 d_paints=50 d_skips=0 d_ticks=2 window_ms=1156
[host] slot liveqo6lne_0: d_loop_us=1501 d_raster_us=253473 d_observe_us=49164 max_observe_us=5881 d_paints=50 d_skips=0 d_ticks=2 window_ms=1133
[host] slot liveqo6lne_0: d_loop_us=1599 d_raster_us=249754 d_observe_us=50413 max_observe_us=6685 d_paints=50 d_skips=0 d_ticks=2 window_ms=1127
[script liveqo6lne_0] interact Npc { name: "Guard", action: "Pickpocket", index: Some(3563) }
[host] slot liveqo6lne_0: d_loop_us=1189 d_raster_us=209235 d_observe_us=40632 max_observe_us=4269 d_paints=50 d_skips=0 d_ticks=2 window_ms=1128
[host] hitch liveqo6lne_0: observe_us=85441 paints=865 skips=0 ticks=34
[script liveqo6lne_0] interact Npc { name: "Guard", action: "Pickpocket", index: Some(3563) }
[host] slot liveqo6lne_0: d_loop_us=1438 d_raster_us=225068 d_observe_us=121517 max_observe_us=85441 d_paints=50 d_skips=0 d_ticks=2 window_ms=1191
[host] slot liveqo6lne_0: d_loop_us=1436 d_raster_us=249555 d_observe_us=43246 max_observe_us=5982 d_paints=50 d_skips=0 d_ticks=2 window_ms=1133
[host] slot liveqo6lne_0: d_loop_us=1474 d_raster_us=251095 d_observe_us=46093 max_observe_us=5619 d_paints=50 d_skips=0 d_ticks=2 window_ms=1121
[host] slot liveqo6lne_0: d_loop_us=1415 d_raster_us=246288 d_observe_us=44619 max_observe_us=5980 d_paints=50 d_skips=0 d_ticks=2 window_ms=1120
[host] slot liveqo6lne_0: d_loop_us=1335 d_raster_us=239985 d_observe_us=37168 max_observe_us=3969 d_paints=50 d_skips=0 d_ticks=1 window_ms=1135
[host] slot liveqo6lne_0: d_loop_us=1336 d_raster_us=245917 d_observe_us=43258 max_observe_us=5544 d_paints=50 d_skips=0 d_ticks=2 window_ms=1134
[host] slot liveqo6lne_0: d_loop_us=1318 d_raster_us=240131 d_observe_us=42491 max_observe_us=6168 d_paints=50 d_skips=0 d_ticks=2 window_ms=1148
[host] slot liveqo6lne_0: d_loop_us=1298 d_raster_us=237117 d_observe_us=42060 max_observe_us=5844 d_paints=50 d_skips=0 d_ticks=2 window_ms=1166
[host] slot liveqo6lne_0: d_loop_us=1349 d_raster_us=260311 d_observe_us=43339 max_observe_us=5307 d_paints=50 d_skips=0 d_ticks=2 window_ms=1153
PASS: live script_thiever {"scenario":"thiever","outcome":"PASS","predicate":"stat_xp_gain(17)>=1","ticks":31,"elapsed_ms":26720,"tile":[2662,3307,0],"inv":[{"id":379,"name":"Lobster","count":1},{"id":379,"name":"Lobster","count":1},{"id":379,"name":"Lobster","count":1},{"id":379,"name":"Lobster","count":1},{"id":379,"name":"Lobster","count":1},{"id":379,"name":"Lobster","count":1},{"id":379,"name":"Lobster","count":1},{"id":379,"name":"Lobster","count":1},{"id":379,"name":"Lobster","count":1},{"id":379,"name":"Lobster","count":1},{"id":995,"name":"Coins","count":30}],"stat":{"runenergy":100},"chat":[{"text":"You pick the guard's pocket."},{"text":"You attempt to pick the guard's pocket."},{"text":"You've been stunned!"},{"text":"You fail to pick the guard's pocket."},{"text":"You attempt to pick the guard's pocket."},{"text":"Congratulations, you just advanced a hitpoints level."},{"text":"Congratulations, you just advanced a thieving level."},{"text":"Welcome to RuneScape."}],"scene":2}
[script liveqo6lne_0] interact Npc { name: "Guard", action: "Pickpocket", index: Some(3564) }
[host] slot liveqo6lne_0: d_loop_us=1428 d_raster_us=254507 d_observe_us=45707 max_observe_us=6237 d_paints=50 d_skips=0 d_ticks=2 window_ms=1144
[host] slot liveqo6lne_0: d_loop_us=1428 d_raster_us=256298 d_observe_us=44427 max_observe_us=6036 d_paints=50 d_skips=0 d_ticks=2 window_ms=1153
[host] slot liveqo6lne_0: d_loop_us=1514 d_raster_us=276603 d_observe_us=44833 max_observe_us=5975 d_paints=50 d_skips=0 d_ticks=2 window_ms=1139
[script liveqo6lne_0] interact Npc { name: "Guard", action: "Pickpocket", index: Some(3564) }
[host] slot liveqo6lne_0: d_loop_us=1438 d_raster_us=241491 d_observe_us=41372 max_observe_us=6053 d_paints=50 d_skips=0 d_ticks=2 window_ms=1145
[host] slot liveqo6lne_0: d_loop_us=1589 d_raster_us=260659 d_observe_us=43292 max_observe_us=5997 d_paints=50 d_skips=0 d_ticks=2 window_ms=1147
[host] slot liveqo6lne_0: d_loop_us=1612 d_raster_us=261630 d_observe_us=45803 max_observe_us=6252 d_paints=50 d_skips=0 d_ticks=2 window_ms=1154
[host] slot liveqo6lne_0: d_loop_us=1619 d_raster_us=249003 d_observe_us=42580 max_observe_us=6407 d_paints=50 d_skips=0 d_ticks=2 window_ms=1154
[script liveqo6lne_0] interact Npc { name: "Guard", action: "Pickpocket", index: Some(3564) }
[host] slot liveqo6lne_0: d_loop_us=1163 d_raster_us=198549 d_observe_us=36235 max_observe_us=5227 d_paints=50 d_skips=0 d_ticks=1 window_ms=1144
[script liveqo6lne_0] interact Npc { name: "Guard", action: "Pickpocket", index: Some(3564) }
[host] slot liveqo6lne_0: d_loop_us=1428 d_raster_us=246499 d_observe_us=45463 max_observe_us=7288 d_paints=50 d_skips=0 d_ticks=2 window_ms=1154
[host] slot liveqo6lne_0: d_loop_us=1419 d_raster_us=244135 d_observe_us=45519 max_observe_us=5507 d_paints=50 d_skips=0 d_ticks=2 window_ms=1132
[host] slot liveqo6lne_0: d_loop_us=1633 d_raster_us=254527 d_observe_us=46826 max_observe_us=6319 d_paints=50 d_skips=0 d_ticks=2 window_ms=1139
[host] slot liveqo6lne_0: d_loop_us=1785 d_raster_us=259401 d_observe_us=47446 max_observe_us=6145 d_paints=50 d_skips=0 d_ticks=2 window_ms=1142
[host] slot liveqo6lne_0: d_loop_us=1608 d_raster_us=257550 d_observe_us=48090 max_observe_us=6299 d_paints=50 d_skips=0 d_ticks=2 window_ms=1139
[host] slot liveqo6lne_0: d_loop_us=1455 d_raster_us=229261 d_observe_us=42861 max_observe_us=5987 d_paints=50 d_skips=0 d_ticks=2 window_ms=1155
[host] slot liveqo6lne_0: d_loop_us=1803 d_raster_us=265217 d_observe_us=48599 max_observe_us=6365 d_paints=50 d_skips=0 d_ticks=2 window_ms=1125
[host] slot liveqo6lne_0: d_loop_us=1617 d_raster_us=257511 d_observe_us=49697 max_observe_us=6214 d_paints=50 d_skips=0 d_ticks=2 window_ms=1146
[host] slot liveqo6lne_0: d_loop_us=1640 d_raster_us=248096 d_observe_us=48475 max_observe_us=6269 d_paints=50 d_skips=0 d_ticks=2 window_ms=1146
[script liveqo6lne_0] interact Npc { name: "Guard", action: "Pickpocket", index: Some(3565) }
[host] slot liveqo6lne_0: d_loop_us=1486 d_raster_us=253145 d_observe_us=37679 max_observe_us=6123 d_paints=50 d_skips=0 d_ticks=1 window_ms=1143
[host] slot liveqo6lne_0: d_loop_us=1579 d_raster_us=255229 d_observe_us=44102 max_observe_us=8079 d_paints=50 d_skips=0 d_ticks=2 window_ms=1151
[script liveqo6lne_0] interact Npc { name: "Guard", action: "Pickpocket", index: Some(3565) }
[host] slot liveqo6lne_0: d_loop_us=1615 d_raster_us=256319 d_observe_us=40553 max_observe_us=6082 d_paints=50 d_skips=0 d_ticks=2 window_ms=1151
[script liveqo6lne_0] interact Npc { name: "Guard", action: "Pickpocket", index: Some(3565) }
[host] slot liveqo6lne_0: d_loop_us=1491 d_raster_us=246698 d_observe_us=44403 max_observe_us=8010 d_paints=50 d_skips=0 d_ticks=2 window_ms=1142
[host] slot liveqo6lne_0: d_loop_us=1326 d_raster_us=242415 d_observe_us=43474 max_observe_us=8296 d_paints=50 d_skips=0 d_ticks=2 window_ms=1145
[script liveqo6lne_0] interact Npc { name: "Guard", action: "Pickpocket", index: Some(3565) }
[host] slot liveqo6lne_0: d_loop_us=1671 d_raster_us=266753 d_observe_us=41525 max_observe_us=5838 d_paints=50 d_skips=0 d_ticks=2 window_ms=1131
[host] slot liveqo6lne_0: d_loop_us=1511 d_raster_us=265137 d_observe_us=39017 max_observe_us=6133 d_paints=50 d_skips=0 d_ticks=2 window_ms=1143
[host] slot liveqo6lne_0: d_loop_us=1439 d_raster_us=260029 d_observe_us=35643 max_observe_us=5803 d_paints=50 d_skips=0 d_ticks=2 window_ms=1141
[host] slot liveqo6lne_0: d_loop_us=1436 d_raster_us=245314 d_observe_us=40212 max_observe_us=5589 d_paints=50 d_skips=0 d_ticks=2 window_ms=1156
[host] slot liveqo6lne_0: d_loop_us=1251 d_raster_us=243618 d_observe_us=37509 max_observe_us=5525 d_paints=50 d_skips=0 d_ticks=2 window_ms=1143
[host] slot liveqo6lne_0: d_loop_us=1203 d_raster_us=227730 d_observe_us=37058 max_observe_us=5309 d_paints=50 d_skips=0 d_ticks=2 window_ms=1166
[host] slot liveqo6lne_0: d_loop_us=1400 d_raster_us=259755 d_observe_us=34640 max_observe_us=6120 d_paints=50 d_skips=0 d_ticks=1 window_ms=1134
[host] slot liveqo6lne_0: d_loop_us=1447 d_raster_us=254719 d_observe_us=38196 max_observe_us=6050 d_paints=50 d_skips=0 d_ticks=2 window_ms=1130
[host] slot liveqo6lne_0: d_loop_us=1297 d_raster_us=248440 d_observe_us=36436 max_observe_us=5966 d_paints=50 d_skips=0 d_ticks=2 window_ms=1146
[script liveqo6lne_0] interact Npc { name: "Guard", action: "Pickpocket", index: Some(3565) }
[host] slot liveqo6lne_0: d_loop_us=1346 d_raster_us=254586 d_observe_us=37884 max_observe_us=6047 d_paints=50 d_skips=0 d_ticks=2 window_ms=1155
[host] slot liveqo6lne_0: d_loop_us=1522 d_raster_us=247050 d_observe_us=41008 max_observe_us=5821 d_paints=50 d_skips=0 d_ticks=2 window_ms=1154
[script liveqo6lne_0] interact Npc { name: "Guard", action: "Pickpocket", index: Some(3565) }
[host] slot liveqo6lne_0: d_loop_us=1324 d_raster_us=238554 d_observe_us=37295 max_observe_us=5894 d_paints=50 d_skips=0 d_ticks=2 window_ms=1154
[host] slot liveqo6lne_0: d_loop_us=1192 d_raster_us=210628 d_observe_us=37491 max_observe_us=8188 d_paints=50 d_skips=0 d_ticks=2 window_ms=1162
[script liveqo6lne_0] interact Npc { name: "Guard", action: "Pickpocket", index: Some(3565) }
[host] slot liveqo6lne_0: d_loop_us=1568 d_raster_us=245883 d_observe_us=40158 max_observe_us=6102 d_paints=50 d_skips=0 d_ticks=2 window_ms=1153
[host] slot liveqo6lne_0: d_loop_us=1251 d_raster_us=252945 d_observe_us=37438 max_observe_us=5751 d_paints=50 d_skips=0 d_ticks=2 window_ms=1157
[host] slot liveqo6lne_0: d_loop_us=1456 d_raster_us=265331 d_observe_us=38398 max_observe_us=6095 d_paints=50 d_skips=0 d_ticks=2 window_ms=1139
[host] slot liveqo6lne_0: d_loop_us=1493 d_raster_us=259466 d_observe_us=39188 max_observe_us=6158 d_paints=50 d_skips=0 d_ticks=2 window_ms=1142
[host] slot liveqo6lne_0: d_loop_us=1393 d_raster_us=262395 d_observe_us=32582 max_observe_us=5828 d_paints=50 d_skips=0 d_ticks=2 window_ms=1140
[host] slot liveqo6lne_0: d_loop_us=1455 d_raster_us=250721 d_observe_us=39670 max_observe_us=6222 d_paints=50 d_skips=0 d_ticks=1 window_ms=1153
[host] slot liveqo6lne_0: d_loop_us=1556 d_raster_us=257740 d_observe_us=42148 max_observe_us=5940 d_paints=50 d_skips=0 d_ticks=2 window_ms=1143
[host] slot liveqo6lne_0: d_loop_us=1443 d_raster_us=251374 d_observe_us=41470 max_observe_us=6283 d_paints=50 d_skips=0 d_ticks=2 window_ms=1153
[host] slot liveqo6lne_0: d_loop_us=1522 d_raster_us=251390 d_observe_us=40635 max_observe_us=5661 d_paints=50 d_skips=0 d_ticks=2 window_ms=1144
[script liveqo6lne_0] interact Npc { name: "Guard", action: "Pickpocket", index: Some(3566) }
[host] slot liveqo6lne_0: d_loop_us=1506 d_raster_us=257738 d_observe_us=40047 max_observe_us=5723 d_paints=50 d_skips=0 d_ticks=2 window_ms=1157
[host] slot liveqo6lne_0: d_loop_us=1307 d_raster_us=266959 d_observe_us=38458 max_observe_us=6049 d_paints=50 d_skips=0 d_ticks=2 window_ms=1139
[host] slot liveqo6lne_0: d_loop_us=1388 d_raster_us=260452 d_observe_us=40404 max_observe_us=6435 d_paints=50 d_skips=0 d_ticks=2 window_ms=1135
[script liveqo6lne_0] interact Npc { name: "Guard", action: "Pickpocket", index: Some(3566) }
[host] slot liveqo6lne_0: d_loop_us=1346 d_raster_us=234274 d_observe_us=38476 max_observe_us=6128 d_paints=50 d_skips=0 d_ticks=2 window_ms=1157
[host] slot liveqo6lne_0: d_loop_us=1577 d_raster_us=254074 d_observe_us=41661 max_observe_us=6041 d_paints=50 d_skips=0 d_ticks=2 window_ms=1142
[host] slot liveqo6lne_0: d_loop_us=1468 d_raster_us=251044 d_observe_us=41185 max_observe_us=6603 d_paints=50 d_skips=0 d_ticks=2 window_ms=1149
[script liveqo6lne_0] interact Npc { name: "Guard", action: "Pickpocket", index: Some(3566) }
[host] slot liveqo6lne_0: d_loop_us=1309 d_raster_us=239550 d_observe_us=41385 max_observe_us=6826 d_paints=50 d_skips=0 d_ticks=2 window_ms=1169
[host] slot liveqo6lne_0: d_loop_us=1307 d_raster_us=221893 d_observe_us=37531 max_observe_us=5922 d_paints=50 d_skips=0 d_ticks=2 window_ms=1153
[host] slot liveqo6lne_0: d_loop_us=1388 d_raster_us=256439 d_observe_us=31338 max_observe_us=6324 d_paints=50 d_skips=0 d_ticks=1 window_ms=1160
[host] slot liveqo6lne_0: d_loop_us=1412 d_raster_us=261169 d_observe_us=39888 max_observe_us=6531 d_paints=50 d_skips=0 d_ticks=2 window_ms=1156
[host] slot liveqo6lne_0: d_loop_us=1453 d_raster_us=249084 d_observe_us=40868 max_observe_us=6580 d_paints=50 d_skips=0 d_ticks=2 window_ms=1156
[host] slot liveqo6lne_0: d_loop_us=1485 d_raster_us=244514 d_observe_us=40776 max_observe_us=5941 d_paints=50 d_skips=0 d_ticks=2 window_ms=1161
[host] slot liveqo6lne_0: d_loop_us=1466 d_raster_us=251493 d_observe_us=40214 max_observe_us=6459 d_paints=50 d_skips=0 d_ticks=2 window_ms=1150
[host] slot liveqo6lne_0: d_loop_us=1265 d_raster_us=219991 d_observe_us=36445 max_observe_us=6885 d_paints=50 d_skips=0 d_ticks=2 window_ms=1172
[host] slot liveqo6lne_0: d_loop_us=1566 d_raster_us=253575 d_observe_us=41113 max_observe_us=6437 d_paints=50 d_skips=0 d_ticks=2 window_ms=1151
[script liveqo6lne_0] interact Npc { name: "Guard", action: "Pickpocket", index: Some(3566) }
[host] slot liveqo6lne_0: d_loop_us=1416 d_raster_us=257004 d_observe_us=42042 max_observe_us=7334 d_paints=50 d_skips=0 d_ticks=2 window_ms=1157
[host] slot liveqo6lne_0: d_loop_us=1442 d_raster_us=269475 d_observe_us=39815 max_observe_us=6451 d_paints=50 d_skips=0 d_ticks=2 window_ms=1158
[host] slot liveqo6lne_0: d_loop_us=1269 d_raster_us=277233 d_observe_us=38304 max_observe_us=6607 d_paints=50 d_skips=0 d_ticks=2 window_ms=1150
[script liveqo6lne_0] interact Npc { name: "Guard", action: "Pickpocket", index: Some(3566) }
[host] slot liveqo6lne_0: d_loop_us=1433 d_raster_us=269956 d_observe_us=39338 max_observe_us=6635 d_paints=50 d_skips=0 d_ticks=2 window_ms=1149
[host] slot liveqo6lne_0: d_loop_us=1492 d_raster_us=271600 d_observe_us=41159 max_observe_us=6765 d_paints=50 d_skips=0 d_ticks=2 window_ms=1151
[host] slot liveqo6lne_0: d_loop_us=1311 d_raster_us=251867 d_observe_us=39518 max_observe_us=6701 d_paints=50 d_skips=0 d_ticks=2 window_ms=1154
[script liveqo6lne_0] interact Npc { name: "Guard", action: "Pickpocket", index: Some(3568) }
[host] slot liveqo6lne_0: d_loop_us=1589 d_raster_us=264983 d_observe_us=35167 max_observe_us=6301 d_paints=50 d_skips=0 d_ticks=2 window_ms=1164
[host] hitch liveqo6lne_0: observe_us=19365 paints=4600 skips=0 ticks=177
[host] slot liveqo6lne_0: d_loop_us=1398 d_raster_us=275807 d_observe_us=57082 max_observe_us=19365 d_paints=50 d_skips=0 d_ticks=1 window_ms=1149
[script liveqo6lne_0] interact Npc { name: "Guard", action: "Pickpocket", index: Some(3568) }
[host] slot liveqo6lne_0: d_loop_us=1767 d_raster_us=247140 d_observe_us=44764 max_observe_us=5768 d_paints=50 d_skips=0 d_ticks=2 window_ms=1126
[script liveqo6lne_0] interact Npc { name: "Guard", action: "Pickpocket", index: Some(3568) }
[host] slot liveqo6lne_0: d_loop_us=1755 d_raster_us=254912 d_observe_us=50191 max_observe_us=8149 d_paints=50 d_skips=0 d_ticks=2 window_ms=1153
[host] slot liveqo6lne_0: d_loop_us=1700 d_raster_us=268108 d_observe_us=43894 max_observe_us=8376 d_paints=50 d_skips=0 d_ticks=2 window_ms=1146
[script liveqo6lne_0] interact Npc { name: "Guard", action: "Pickpocket", index: Some(3568) }
[host] slot liveqo6lne_0: d_loop_us=1394 d_raster_us=258703 d_observe_us=39842 max_observe_us=5975 d_paints=50 d_skips=0 d_ticks=2 window_ms=1149
[script liveqo6lne_0] interact Npc { name: "Guard", action: "Pickpocket", index: Some(3568) }
[host] slot liveqo6lne_0: d_loop_us=1565 d_raster_us=241836 d_observe_us=41255 max_observe_us=7753 d_paints=50 d_skips=0 d_ticks=2 window_ms=1155
[host] slot liveqo6lne_0: d_loop_us=1506 d_raster_us=241598 d_observe_us=42698 max_observe_us=8154 d_paints=50 d_skips=0 d_ticks=2 window_ms=1157
[script liveqo6lne_0] interact Npc { name: "Guard", action: "Pickpocket", index: Some(3568) }
[host] hitch liveqo6lne_0: observe_us=19930 paints=4991 skips=0 ticks=192
[host] slot liveqo6lne_0: d_loop_us=1345 d_raster_us=241285 d_observe_us=56995 max_observe_us=19930 d_paints=50 d_skips=0 d_ticks=2 window_ms=1161
[script liveqo6lne_0] interact Npc { name: "Guard", action: "Pickpocket", index: Some(3568) }
[host] slot liveqo6lne_0: d_loop_us=1514 d_raster_us=258136 d_observe_us=44766 max_observe_us=9056 d_paints=50 d_skips=0 d_ticks=2 window_ms=1155
[host] slot liveqo6lne_0: d_loop_us=1356 d_raster_us=263628 d_observe_us=42136 max_observe_us=8496 d_paints=50 d_skips=0 d_ticks=2 window_ms=1155
[script liveqo6lne_0] interact Npc { name: "Guard", action: "Pickpocket", index: Some(3568) }
[host] slot liveqo6lne_0: d_loop_us=1579 d_raster_us=259810 d_observe_us=42635 max_observe_us=6616 d_paints=50 d_skips=0 d_ticks=2 window_ms=1146
[host] slot liveqo6lne_0: d_loop_us=1713 d_raster_us=260933 d_observe_us=47706 max_observe_us=8173 d_paints=50 d_skips=0 d_ticks=2 window_ms=1157
[script liveqo6lne_0] interact Npc { name: "Guard", action: "Pickpocket", index: Some(3568) }
[host] hitch liveqo6lne_0: frame_us=401870 paints=5215 skips=0 ticks=200
[host] slot liveqo6lne_0: d_loop_us=1355 d_raster_us=645335 d_observe_us=45933 max_observe_us=8209 d_paints=50 d_skips=0 d_ticks=2 window_ms=1529
[script liveqo6lne_0] interact Npc { name: "Guard", action: "Pickpocket", index: Some(3568) }
[host] slot liveqo6lne_0: d_loop_us=1471 d_raster_us=275066 d_observe_us=40130 max_observe_us=6946 d_paints=50 d_skips=0 d_ticks=2 window_ms=1131
[script liveqo6lne_0] interact Npc { name: "Guard", action: "Pickpocket", index: Some(3568) }
[host] slot liveqo6lne_0: d_loop_us=1398 d_raster_us=240819 d_observe_us=40627 max_observe_us=7415 d_paints=50 d_skips=0 d_ticks=2 window_ms=1159
[host] slot liveqo6lne_0: d_loop_us=1695 d_raster_us=267837 d_observe_us=42707 max_observe_us=8653 d_paints=50 d_skips=0 d_ticks=2 window_ms=1148
[script liveqo6lne_0] interact Npc { name: "Guard", action: "Pickpocket", index: Some(3568) }
[host] slot liveqo6lne_0: d_loop_us=1716 d_raster_us=258180 d_observe_us=44073 max_observe_us=5884 d_paints=50 d_skips=0 d_ticks=2 window_ms=1156
[host] slot liveqo6lne_0: d_loop_us=1898 d_raster_us=272648 d_observe_us=44597 max_observe_us=6807 d_paints=50 d_skips=0 d_ticks=2 window_ms=1149
[host] slot liveqo6lne_0: d_loop_us=1745 d_raster_us=275034 d_observe_us=41637 max_observe_us=6696 d_paints=50 d_skips=0 d_ticks=2 window_ms=1155
[host] slot liveqo6lne_0: d_loop_us=1727 d_raster_us=261295 d_observe_us=37888 max_observe_us=4917 d_paints=50 d_skips=0 d_ticks=2 window_ms=1149
[host] slot liveqo6lne_0: d_loop_us=1704 d_raster_us=255494 d_observe_us=44157 max_observe_us=6143 d_paints=50 d_skips=0 d_ticks=1 window_ms=1159
[host] slot liveqo6lne_0: d_loop_us=1790 d_raster_us=267650 d_observe_us=44140 max_observe_us=6221 d_paints=50 d_skips=0 d_ticks=2 window_ms=1152
[host] slot liveqo6lne_0: d_loop_us=1734 d_raster_us=265795 d_observe_us=46024 max_observe_us=6473 d_paints=50 d_skips=0 d_ticks=2 window_ms=1143
[host] slot liveqo6lne_0: d_loop_us=1511 d_raster_us=259632 d_observe_us=42084 max_observe_us=6144 d_paints=50 d_skips=0 d_ticks=2 window_ms=1155
[host] slot liveqo6lne_0: d_loop_us=1361 d_raster_us=255004 d_observe_us=40875 max_observe_us=6523 d_paints=50 d_skips=0 d_ticks=2 window_ms=1165
[script liveqo6lne_0] interact Npc { name: "Guard", action: "Pickpocket", index: Some(3568) }
[host] slot liveqo6lne_0: d_loop_us=1695 d_raster_us=262025 d_observe_us=43116 max_observe_us=6196 d_paints=50 d_skips=0 d_ticks=2 window_ms=1152
[host] slot liveqo6lne_0: d_loop_us=1806 d_raster_us=247721 d_observe_us=47042 max_observe_us=8196 d_paints=50 d_skips=0 d_ticks=2 window_ms=1143
[script liveqo6lne_0] interact Npc { name: "Guard", action: "Pickpocket", index: Some(3568) }
[host] slot liveqo6lne_0: d_loop_us=1832 d_raster_us=256302 d_observe_us=46215 max_observe_us=6278 d_paints=50 d_skips=0 d_ticks=2 window_ms=1149
[script liveqo6lne_0] interact Npc { name: "Guard", action: "Pickpocket", index: Some(3568) }
[host] slot liveqo6lne_0: d_loop_us=1890 d_raster_us=260871 d_observe_us=49533 max_observe_us=8023 d_paints=50 d_skips=0 d_ticks=2 window_ms=1140
[host] slot liveqo6lne_0: d_loop_us=1860 d_raster_us=269526 d_observe_us=47605 max_observe_us=8007 d_paints=50 d_skips=0 d_ticks=2 window_ms=1144
[script liveqo6lne_0] interact Npc { name: "Guard", action: "Pickpocket", index: Some(3568) }
[host] slot liveqo6lne_0: d_loop_us=1924 d_raster_us=265395 d_observe_us=48263 max_observe_us=6238 d_paints=50 d_skips=0 d_ticks=2 window_ms=1139
[host] slot liveqo6lne_0: d_loop_us=1869 d_raster_us=247630 d_observe_us=41249 max_observe_us=7412 d_paints=50 d_skips=0 d_ticks=2 window_ms=1159
[script liveqo6lne_0] interact Npc { name: "Guard", action: "Pickpocket", index: Some(3568) }
[host] slot liveqo6lne_0: d_loop_us=1805 d_raster_us=265843 d_observe_us=47846 max_observe_us=6384 d_paints=50 d_skips=0 d_ticks=1 window_ms=1146
[script liveqo6lne_0] interact Npc { name: "Guard", action: "Pickpocket", index: Some(3568) }
[host] slot liveqo6lne_0: d_loop_us=1569 d_raster_us=238753 d_observe_us=46383 max_observe_us=7893 d_paints=50 d_skips=0 d_ticks=2 window_ms=1151
[host] slot liveqo6lne_0: d_loop_us=1422 d_raster_us=222999 d_observe_us=39756 max_observe_us=8232 d_paints=50 d_skips=0 d_ticks=2 window_ms=1166
[script liveqo6lne_0] interact Npc { name: "Guard", action: "Pickpocket", index: Some(3568) }
[host] slot liveqo6lne_0: d_loop_us=1949 d_raster_us=256034 d_observe_us=46799 max_observe_us=5905 d_paints=50 d_skips=0 d_ticks=2 window_ms=1141
[script liveqo6lne_0] interact Npc { name: "Guard", action: "Pickpocket", index: Some(3568) }
[host] slot liveqo6lne_0: d_loop_us=1835 d_raster_us=255224 d_observe_us=48710 max_observe_us=8161 d_paints=50 d_skips=0 d_ticks=2 window_ms=1143
[host] slot liveqo6lne_0: d_loop_us=1895 d_raster_us=255227 d_observe_us=48206 max_observe_us=6241 d_paints=50 d_skips=0 d_ticks=2 window_ms=1147
[host] slot liveqo6lne_0: d_loop_us=1731 d_raster_us=268063 d_observe_us=47078 max_observe_us=6462 d_paints=50 d_skips=0 d_ticks=2 window_ms=1148
[host] slot liveqo6lne_0: d_loop_us=1489 d_raster_us=261987 d_observe_us=40559 max_observe_us=6832 d_paints=50 d_skips=0 d_ticks=2 window_ms=1152
[host] slot liveqo6lne_0: d_loop_us=1262 d_raster_us=254341 d_observe_us=40156 max_observe_us=7049 d_paints=50 d_skips=0 d_ticks=2 window_ms=1159
[host] slot liveqo6lne_0: d_loop_us=1245 d_raster_us=251970 d_observe_us=40774 max_observe_us=7459 d_paints=50 d_skips=0 d_ticks=2 window_ms=1145
[host] slot liveqo6lne_0: d_loop_us=1264 d_raster_us=236656 d_observe_us=41361 max_observe_us=7036 d_paints=50 d_skips=0 d_ticks=2 window_ms=1161
[host] slot liveqo6lne_0: d_loop_us=2581 d_raster_us=221222 d_observe_us=44258 max_observe_us=7759 d_paints=50 d_skips=0 d_ticks=2 window_ms=1164
[host] slot liveqo6lne_0: d_loop_us=1120 d_raster_us=249231 d_observe_us=38533 max_observe_us=8212 d_paints=50 d_skips=0 d_ticks=2 window_ms=1164
[script liveqo6lne_0] interact Npc { name: "Guard", action: "Pickpocket", index: Some(3568) }
[host] slot liveqo6lne_0: d_loop_us=1293 d_raster_us=234941 d_observe_us=40388 max_observe_us=7376 d_paints=50 d_skips=0 d_ticks=1 window_ms=1152
[host] slot liveqo6lne_0: d_loop_us=1078 d_raster_us=179207 d_observe_us=33947 max_observe_us=5863 d_paints=50 d_skips=0 d_ticks=2 window_ms=1174
[script liveqo6lne_0] interact Npc { name: "Guard", action: "Pickpocket", index: Some(3568) }
[host] slot liveqo6lne_0: d_loop_us=909 d_raster_us=176298 d_observe_us=32772 max_observe_us=4302 d_paints=50 d_skips=0 d_ticks=2 window_ms=1183
[host] slot liveqo6lne_0: d_loop_us=1189 d_raster_us=231951 d_observe_us=37079 max_observe_us=5970 d_paints=50 d_skips=0 d_ticks=2 window_ms=1164
[host] slot liveqo6lne_0: d_loop_us=1297 d_raster_us=229269 d_observe_us=34821 max_observe_us=5715 d_paints=50 d_skips=0 d_ticks=2 window_ms=1148
[host] slot liveqo6lne_0: d_loop_us=1387 d_raster_us=251057 d_observe_us=37569 max_observe_us=5631 d_paints=50 d_skips=0 d_ticks=2 window_ms=1152
[host] slot liveqo6lne_0: d_loop_us=1276 d_raster_us=214796 d_observe_us=43471 max_observe_us=5605 d_paints=50 d_skips=0 d_ticks=2 window_ms=1156
[host] slot liveqo6lne_0: d_loop_us=1367 d_raster_us=227063 d_observe_us=47921 max_observe_us=6460 d_paints=50 d_skips=0 d_ticks=2 window_ms=1160
[host] slot liveqo6lne_0: d_loop_us=1193 d_raster_us=244551 d_observe_us=38975 max_observe_us=6229 d_paints=50 d_skips=0 d_ticks=2 window_ms=1160
[host] slot liveqo6lne_0: d_loop_us=1169 d_raster_us=223046 d_observe_us=37618 max_observe_us=6120 d_paints=50 d_skips=0 d_ticks=2 window_ms=1146
[script liveqo6lne_0] interact Npc { name: "Guard", action: "Pickpocket", index: Some(3568) }
[host] slot liveqo6lne_0: d_loop_us=1457 d_raster_us=238934 d_observe_us=41472 max_observe_us=5748 d_paints=50 d_skips=0 d_ticks=2 window_ms=1161
[host] slot liveqo6lne_0: d_loop_us=1337 d_raster_us=248673 d_observe_us=40538 max_observe_us=7918 d_paints=50 d_skips=0 d_ticks=2 window_ms=1150
[script liveqo6lne_0] interact Npc { name: "Guard", action: "Pickpocket", index: Some(3568) }
[host] slot liveqo6lne_0: d_loop_us=1565 d_raster_us=265790 d_observe_us=43141 max_observe_us=6294 d_paints=50 d_skips=0 d_ticks=2 window_ms=1147
[panel] shot thiever paint -> /Users/acfrazier/experiments/274bot/.worktrees/rs2b0t-multirevision/docs/compat/evidence/catalog-headed/r289-thiever-100adccc-f2b04198/shots/2026-09-10T21-57-44_91441/2026-09-10T22-00-44_thiever_paint.png
