[host-play] slot live62jawd_0: thread up
274bot: snapshot load skipped: read /Users/acfrazier/.274bot/unpack-289/37214163f1e6ceca/models.bin: No such file or directory (os error 2)
[panel] live62jawd_0: live62jawd_0: slot up
[host-play] slot live62jawd_0: handshake begin reconnect=false
[host-play] slot live62jawd_0: handshake ok
[host] hitch live62jawd_0: frame_us=64745 paints=1 skips=0 ticks=0
[panel] live62jawd_0: live62jawd_0: scene 1
[host] hitch live62jawd_0: frame_us=58429 paints=43 skips=0 ticks=1
[panel] live62jawd_0: live62jawd_0: mainland hop queued
[panel] live62jawd_0: live62jawd_0: ingame
[panel] live62jawd_0: live62jawd_0: scene 2
live script_alcher: running step 1/6
[host] slot live62jawd_0: d_loop_us=9238 d_raster_us=203926 d_observe_us=46303 max_observe_us=2136 d_paints=50 d_skips=0 d_ticks=1 window_ms=0
[panel] live62jawd_0: live62jawd_0: scene 1
[panel] live62jawd_0: live62jawd_0: ingame
[panel] live62jawd_0: live62jawd_0: scene 2
[host] slot live62jawd_0: d_loop_us=11182 d_raster_us=193625 d_observe_us=61311 max_observe_us=4372 d_paints=50 d_skips=0 d_ticks=3 window_ms=1150
[host] slot live62jawd_0: d_loop_us=973 d_raster_us=183430 d_observe_us=22907 max_observe_us=785 d_paints=50 d_skips=0 d_ticks=2 window_ms=1157
live script_alcher: running step 2/6
[host-play] slot live62jawd_0: handshake begin reconnect=true
[panel] live62jawd_0: live62jawd_0: scene 0
[host-play] slot live62jawd_0: handshake ok
[panel] live62jawd_0: live62jawd_0: scene 1
[panel] live62jawd_0: live62jawd_0: ingame
[panel] live62jawd_0: live62jawd_0: scene 2
[host] slot live62jawd_0: d_loop_us=13130 d_raster_us=145580 d_observe_us=62963 max_observe_us=2974 d_paints=50 d_skips=0 d_ticks=1 window_ms=0
[host] slot live62jawd_0: d_loop_us=1226 d_raster_us=156388 d_observe_us=36981 max_observe_us=4987 d_paints=50 d_skips=0 d_ticks=3 window_ms=1145
live script_alcher: running step 3/6
[host] slot live62jawd_0: d_loop_us=1111 d_raster_us=153453 d_observe_us=27483 max_observe_us=742 d_paints=50 d_skips=0 d_ticks=2 window_ms=1159
live script_alcher: running step 4/6
[panel] live62jawd_0: live62jawd_0: scene 1
[panel] live62jawd_0: live62jawd_0: ingame
[panel] live62jawd_0: live62jawd_0: scene 2
[host] slot live62jawd_0: d_loop_us=9508 d_raster_us=148889 d_observe_us=55712 max_observe_us=5292 d_paints=50 d_skips=0 d_ticks=2 window_ms=1156
[host] slot live62jawd_0: d_loop_us=866 d_raster_us=140709 d_observe_us=28969 max_observe_us=3165 d_paints=50 d_skips=0 d_ticks=2 window_ms=1168
live script_alcher: running step 5/6
[script live62jawd_0] start load
live script_alcher: running step 6/6
[host] hitch live62jawd_0: observe_us=50468 paints=273 skips=0 ticks=11
[host] slot live62jawd_0: d_loop_us=850 d_raster_us=143882 d_observe_us=93554 max_observe_us=50468 d_paints=50 d_skips=0 d_ticks=2 window_ms=1181
[script live62jawd_0] Alcher — High Level Alchemy on 1 item(s), richest first: Rune chainbody
[script live62jawd_0] banking at Bank booth (Bank booth / Use-quickly)
[script live62jawd_0] interact OpenBooth { x: 3186, z: 3440, level: 0, id: 2213, name: Some("Bank booth"), action: Some("Use-quickly") }
[panel] live62jawd_0: script: Alcher — High Level Alchemy on 1 item(s), richest first: Rune chainbody
[panel] live62jawd_0: script: banking at Bank booth (Bank booth / Use-quickly)
[host] slot live62jawd_0: d_loop_us=867 d_raster_us=168975 d_observe_us=46444 max_observe_us=7200 d_paints=50 d_skips=0 d_ticks=2 window_ms=1158
[script live62jawd_0] interact Close
[shim-close] sent
[host] slot live62jawd_0: d_loop_us=800 d_raster_us=181759 d_observe_us=42396 max_observe_us=7450 d_paints=50 d_skips=0 d_ticks=2 window_ms=1152
[script live62jawd_0] interact Held { name: "Staff of fire", action: "Wield" }
[shim-held] Staff of fire Wield slot=0 -> sent
[host] slot live62jawd_0: d_loop_us=876 d_raster_us=156271 d_observe_us=55232 max_observe_us=7385 d_paints=50 d_skips=0 d_ticks=2 window_ms=1142
[script live62jawd_0] wore Staff of fire — casts need only Nature runes now
[script live62jawd_0] interact OpenBooth { x: 3186, z: 3440, level: 0, id: 2213, name: Some("Bank booth"), action: Some("Use-quickly") }
[panel] live62jawd_0: script: wore Staff of fire — casts need only Nature runes now
[host] slot live62jawd_0: d_loop_us=824 d_raster_us=155598 d_observe_us=44958 max_observe_us=7477 d_paints=50 d_skips=0 d_ticks=2 window_ms=1163
[script live62jawd_0] interact SetNoteMode { on: true }
[shim-note] on=true sent
[host] slot live62jawd_0: d_loop_us=805 d_raster_us=192607 d_observe_us=39608 max_observe_us=4682 d_paints=50 d_skips=0 d_ticks=2 window_ms=1150
[host] slot live62jawd_0: d_loop_us=856 d_raster_us=191078 d_observe_us=44208 max_observe_us=4544 d_paints=50 d_skips=0 d_ticks=2 window_ms=1162
[script live62jawd_0] withdrew 27 Rune chainbody (noted, 30000gp each)
[panel] live62jawd_0: script: withdrew 27 Rune chainbody (noted, 30000gp each)
[host] slot live62jawd_0: d_loop_us=824 d_raster_us=189719 d_observe_us=45373 max_observe_us=7407 d_paints=50 d_skips=0 d_ticks=2 window_ms=1152
[script live62jawd_0] withdrew 27 Nature runes
[script live62jawd_0] interact Close
[shim-close] sent
[panel] live62jawd_0: script: withdrew 27 Nature runes
[host] slot live62jawd_0: d_loop_us=846 d_raster_us=164214 d_observe_us=45227 max_observe_us=7642 d_paints=50 d_skips=0 d_ticks=2 window_ms=1157
[script live62jawd_0] restocked: 27 Rune chainbody notes + 27 Nature runes
[panel] live62jawd_0: script: restocked: 27 Rune chainbody notes + 27 Nature runes
[script live62jawd_0] interact SideTab { tab: 6 }
[host] slot live62jawd_0: d_loop_us=859 d_raster_us=187122 d_observe_us=36294 max_observe_us=4837 d_paints=50 d_skips=0 d_ticks=2 window_ms=1170
[script live62jawd_0] interact UseWidgetOn { component_id: 1178, kind: "held", target_name: Some("Rune chainbody"), x: 0, z: 0, level: 0, index: None }
PASS: live script_alcher {"scenario":"alcher","outcome":"PASS","predicate":"stat_xp_gain(6)>=1","ticks":38,"elapsed_ms":24624,"tile":[3185,3440,0],"inv":[{"id":1114,"name":"Rune chainbody","count":26},{"id":561,"name":"Nature rune","count":26},{"id":995,"name":"Coins","count":30000}],"stat":{"runenergy":100},"chat":[{"text":"This item can not be withdrawn as a note."},{"text":"Welcome to RuneScape."}],"scene":2}
[host] slot live62jawd_0: d_loop_us=903 d_raster_us=159077 d_observe_us=45966 max_observe_us=8114 d_paints=50 d_skips=0 d_ticks=1 window_ms=1157
[host] slot live62jawd_0: d_loop_us=858 d_raster_us=144478 d_observe_us=36877 max_observe_us=4606 d_paints=50 d_skips=0 d_ticks=2 window_ms=1142
[script live62jawd_0] interact UseWidgetOn { component_id: 1178, kind: "held", target_name: Some("Rune chainbody"), x: 0, z: 0, level: 0, index: None }
[host] slot live62jawd_0: d_loop_us=845 d_raster_us=157447 d_observe_us=36563 max_observe_us=4528 d_paints=50 d_skips=0 d_ticks=2 window_ms=1157
[host] slot live62jawd_0: d_loop_us=826 d_raster_us=148015 d_observe_us=41147 max_observe_us=6528 d_paints=50 d_skips=0 d_ticks=2 window_ms=1158
[host] slot live62jawd_0: d_loop_us=860 d_raster_us=150153 d_observe_us=36538 max_observe_us=4625 d_paints=50 d_skips=0 d_ticks=2 window_ms=1165
[script live62jawd_0] interact UseWidgetOn { component_id: 1178, kind: "held", target_name: Some("Rune chainbody"), x: 0, z: 0, level: 0, index: None }
[host] slot live62jawd_0: d_loop_us=847 d_raster_us=163457 d_observe_us=41997 max_observe_us=7235 d_paints=50 d_skips=0 d_ticks=2 window_ms=1145
[host] slot live62jawd_0: d_loop_us=834 d_raster_us=148276 d_observe_us=36950 max_observe_us=4561 d_paints=50 d_skips=0 d_ticks=2 window_ms=1172
[script live62jawd_0] interact UseWidgetOn { component_id: 1178, kind: "held", target_name: Some("Rune chainbody"), x: 0, z: 0, level: 0, index: None }
[host] slot live62jawd_0: d_loop_us=833 d_raster_us=147634 d_observe_us=34560 max_observe_us=4575 d_paints=50 d_skips=0 d_ticks=2 window_ms=1171
[host] slot live62jawd_0: d_loop_us=817 d_raster_us=144627 d_observe_us=36185 max_observe_us=6778 d_paints=50 d_skips=0 d_ticks=2 window_ms=1160
[host] slot live62jawd_0: d_loop_us=858 d_raster_us=147479 d_observe_us=37165 max_observe_us=4656 d_paints=50 d_skips=0 d_ticks=2 window_ms=1159
[script live62jawd_0] interact UseWidgetOn { component_id: 1178, kind: "held", target_name: Some("Rune chainbody"), x: 0, z: 0, level: 0, index: None }
[host] slot live62jawd_0: d_loop_us=862 d_raster_us=160149 d_observe_us=41666 max_observe_us=6327 d_paints=50 d_skips=0 d_ticks=2 window_ms=1150
[host] slot live62jawd_0: d_loop_us=828 d_raster_us=140772 d_observe_us=35596 max_observe_us=4557 d_paints=50 d_skips=0 d_ticks=2 window_ms=1173
[script live62jawd_0] interact UseWidgetOn { component_id: 1178, kind: "held", target_name: Some("Rune chainbody"), x: 0, z: 0, level: 0, index: None }
[host] slot live62jawd_0: d_loop_us=865 d_raster_us=149729 d_observe_us=36297 max_observe_us=4566 d_paints=50 d_skips=0 d_ticks=2 window_ms=1157
[host] slot live62jawd_0: d_loop_us=877 d_raster_us=158458 d_observe_us=41787 max_observe_us=6508 d_paints=50 d_skips=0 d_ticks=2 window_ms=1156
[host] slot live62jawd_0: d_loop_us=843 d_raster_us=145746 d_observe_us=32291 max_observe_us=4423 d_paints=50 d_skips=0 d_ticks=2 window_ms=1170
[script live62jawd_0] interact UseWidgetOn { component_id: 1178, kind: "held", target_name: Some("Rune chainbody"), x: 0, z: 0, level: 0, index: None }
[host] slot live62jawd_0: d_loop_us=849 d_raster_us=159400 d_observe_us=36390 max_observe_us=4606 d_paints=50 d_skips=0 d_ticks=1 window_ms=1171
[host] slot live62jawd_0: d_loop_us=866 d_raster_us=143463 d_observe_us=39572 max_observe_us=6356 d_paints=50 d_skips=0 d_ticks=2 window_ms=1156
[host] slot live62jawd_0: d_loop_us=860 d_raster_us=144901 d_observe_us=35909 max_observe_us=4737 d_paints=50 d_skips=0 d_ticks=2 window_ms=1153
[script live62jawd_0] interact UseWidgetOn { component_id: 1178, kind: "held", target_name: Some("Rune chainbody"), x: 0, z: 0, level: 0, index: None }
[host] slot live62jawd_0: d_loop_us=836 d_raster_us=160753 d_observe_us=40957 max_observe_us=6605 d_paints=50 d_skips=0 d_ticks=2 window_ms=1158
[host] slot live62jawd_0: d_loop_us=885 d_raster_us=151626 d_observe_us=36804 max_observe_us=5012 d_paints=50 d_skips=0 d_ticks=2 window_ms=1151
[script live62jawd_0] interact UseWidgetOn { component_id: 1178, kind: "held", target_name: Some("Rune chainbody"), x: 0, z: 0, level: 0, index: None }
[host] slot live62jawd_0: d_loop_us=835 d_raster_us=157225 d_observe_us=36132 max_observe_us=4669 d_paints=50 d_skips=0 d_ticks=2 window_ms=1159
[host] slot live62jawd_0: d_loop_us=846 d_raster_us=146940 d_observe_us=40767 max_observe_us=6566 d_paints=50 d_skips=0 d_ticks=2 window_ms=1157
[host] slot live62jawd_0: d_loop_us=1227 d_raster_us=168962 d_observe_us=39782 max_observe_us=5416 d_paints=50 d_skips=0 d_ticks=2 window_ms=1162
[script live62jawd_0] interact UseWidgetOn { component_id: 1178, kind: "held", target_name: Some("Rune chainbody"), x: 0, z: 0, level: 0, index: None }
[host] slot live62jawd_0: d_loop_us=1345 d_raster_us=194749 d_observe_us=47696 max_observe_us=7882 d_paints=50 d_skips=0 d_ticks=2 window_ms=1169
[host] slot live62jawd_0: d_loop_us=1442 d_raster_us=187040 d_observe_us=44526 max_observe_us=5547 d_paints=50 d_skips=0 d_ticks=2 window_ms=1169
[script live62jawd_0] interact UseWidgetOn { component_id: 1178, kind: "held", target_name: Some("Rune chainbody"), x: 0, z: 0, level: 0, index: None }
[host] slot live62jawd_0: d_loop_us=1331 d_raster_us=188214 d_observe_us=43824 max_observe_us=5821 d_paints=50 d_skips=0 d_ticks=2 window_ms=1164
[host] slot live62jawd_0: d_loop_us=1414 d_raster_us=193093 d_observe_us=50069 max_observe_us=8651 d_paints=50 d_skips=0 d_ticks=2 window_ms=1173
[host] slot live62jawd_0: d_loop_us=1487 d_raster_us=185259 d_observe_us=44371 max_observe_us=5595 d_paints=50 d_skips=0 d_ticks=2 window_ms=1165
[script live62jawd_0] interact UseWidgetOn { component_id: 1178, kind: "held", target_name: Some("Rune chainbody"), x: 0, z: 0, level: 0, index: None }
[host] slot live62jawd_0: d_loop_us=1336 d_raster_us=189970 d_observe_us=47648 max_observe_us=8412 d_paints=50 d_skips=0 d_ticks=2 window_ms=1167
[host] slot live62jawd_0: d_loop_us=1429 d_raster_us=185917 d_observe_us=43728 max_observe_us=5564 d_paints=50 d_skips=0 d_ticks=2 window_ms=1168
[host] slot live62jawd_0: d_loop_us=1448 d_raster_us=187046 d_observe_us=38422 max_observe_us=5384 d_paints=50 d_skips=0 d_ticks=2 window_ms=1158
[script live62jawd_0] interact UseWidgetOn { component_id: 1178, kind: "held", target_name: Some("Rune chainbody"), x: 0, z: 0, level: 0, index: None }
[host] slot live62jawd_0: d_loop_us=1326 d_raster_us=194120 d_observe_us=47860 max_observe_us=7644 d_paints=50 d_skips=0 d_ticks=1 window_ms=1144
[host] slot live62jawd_0: d_loop_us=1286 d_raster_us=179981 d_observe_us=40884 max_observe_us=5564 d_paints=50 d_skips=0 d_ticks=2 window_ms=1152
[script live62jawd_0] interact UseWidgetOn { component_id: 1178, kind: "held", target_name: Some("Rune chainbody"), x: 0, z: 0, level: 0, index: None }
[host] slot live62jawd_0: d_loop_us=1500 d_raster_us=204161 d_observe_us=45196 max_observe_us=6033 d_paints=50 d_skips=0 d_ticks=2 window_ms=1167
[host] slot live62jawd_0: d_loop_us=1551 d_raster_us=182452 d_observe_us=49062 max_observe_us=7777 d_paints=50 d_skips=0 d_ticks=2 window_ms=1147
[host] slot live62jawd_0: d_loop_us=1525 d_raster_us=186445 d_observe_us=44547 max_observe_us=5666 d_paints=50 d_skips=0 d_ticks=2 window_ms=1152
[script live62jawd_0] interact UseWidgetOn { component_id: 1178, kind: "held", target_name: Some("Rune chainbody"), x: 0, z: 0, level: 0, index: None }
[host] slot live62jawd_0: d_loop_us=1402 d_raster_us=189907 d_observe_us=47215 max_observe_us=7525 d_paints=50 d_skips=0 d_ticks=2 window_ms=1155
[host] slot live62jawd_0: d_loop_us=1573 d_raster_us=187452 d_observe_us=43836 max_observe_us=5735 d_paints=50 d_skips=0 d_ticks=2 window_ms=1147
[script live62jawd_0] interact UseWidgetOn { component_id: 1178, kind: "held", target_name: Some("Rune chainbody"), x: 0, z: 0, level: 0, index: None }
[host] slot live62jawd_0: d_loop_us=1495 d_raster_us=193069 d_observe_us=45330 max_observe_us=5538 d_paints=50 d_skips=0 d_ticks=2 window_ms=1163
[host] slot live62jawd_0: d_loop_us=1374 d_raster_us=188213 d_observe_us=49598 max_observe_us=8355 d_paints=50 d_skips=0 d_ticks=2 window_ms=1147
[host] slot live62jawd_0: d_loop_us=1486 d_raster_us=182758 d_observe_us=44767 max_observe_us=5311 d_paints=50 d_skips=0 d_ticks=2 window_ms=1163
[script live62jawd_0] interact UseWidgetOn { component_id: 1178, kind: "held", target_name: Some("Rune chainbody"), x: 0, z: 0, level: 0, index: None }
[host] slot live62jawd_0: d_loop_us=1280 d_raster_us=191899 d_observe_us=47730 max_observe_us=8672 d_paints=50 d_skips=0 d_ticks=2 window_ms=1149
[host] slot live62jawd_0: d_loop_us=1025 d_raster_us=143504 d_observe_us=34675 max_observe_us=4201 d_paints=50 d_skips=0 d_ticks=2 window_ms=1179
[script live62jawd_0] interact UseWidgetOn { component_id: 1178, kind: "held", target_name: Some("Rune chainbody"), x: 0, z: 0, level: 0, index: None }
[host] slot live62jawd_0: d_loop_us=891 d_raster_us=136020 d_observe_us=31961 max_observe_us=4224 d_paints=50 d_skips=0 d_ticks=2 window_ms=1182
[host] slot live62jawd_0: d_loop_us=974 d_raster_us=152190 d_observe_us=36901 max_observe_us=6283 d_paints=50 d_skips=0 d_ticks=2 window_ms=1184
[host] slot live62jawd_0: d_loop_us=936 d_raster_us=143663 d_observe_us=33897 max_observe_us=4239 d_paints=50 d_skips=0 d_ticks=2 window_ms=1185
[script live62jawd_0] interact UseWidgetOn { component_id: 1178, kind: "held", target_name: Some("Rune chainbody"), x: 0, z: 0, level: 0, index: None }
[host] slot live62jawd_0: d_loop_us=1132 d_raster_us=175336 d_observe_us=38779 max_observe_us=4948 d_paints=50 d_skips=0 d_ticks=2 window_ms=1179
[host] slot live62jawd_0: d_loop_us=1494 d_raster_us=186610 d_observe_us=46636 max_observe_us=7404 d_paints=50 d_skips=0 d_ticks=1 window_ms=1159
[host] slot live62jawd_0: d_loop_us=1645 d_raster_us=193614 d_observe_us=47418 max_observe_us=5656 d_paints=50 d_skips=0 d_ticks=2 window_ms=1149
[script live62jawd_0] interact UseWidgetOn { component_id: 1178, kind: "held", target_name: Some("Rune chainbody"), x: 0, z: 0, level: 0, index: None }
[host] slot live62jawd_0: d_loop_us=1536 d_raster_us=200518 d_observe_us=52030 max_observe_us=7768 d_paints=50 d_skips=0 d_ticks=2 window_ms=1145
[host] slot live62jawd_0: d_loop_us=1624 d_raster_us=190113 d_observe_us=45189 max_observe_us=5336 d_paints=50 d_skips=0 d_ticks=2 window_ms=1158
[script live62jawd_0] interact UseWidgetOn { component_id: 1178, kind: "held", target_name: Some("Rune chainbody"), x: 0, z: 0, level: 0, index: None }
[host] slot live62jawd_0: d_loop_us=1438 d_raster_us=197190 d_observe_us=45941 max_observe_us=5774 d_paints=50 d_skips=0 d_ticks=2 window_ms=1160
[host] slot live62jawd_0: d_loop_us=1615 d_raster_us=189114 d_observe_us=53251 max_observe_us=7708 d_paints=50 d_skips=0 d_ticks=2 window_ms=1164
[host] slot live62jawd_0: d_loop_us=1524 d_raster_us=191222 d_observe_us=45502 max_observe_us=5338 d_paints=50 d_skips=0 d_ticks=2 window_ms=1151
[script live62jawd_0] interact UseWidgetOn { component_id: 1178, kind: "held", target_name: Some("Rune chainbody"), x: 0, z: 0, level: 0, index: None }
[host] slot live62jawd_0: d_loop_us=1492 d_raster_us=200544 d_observe_us=49510 max_observe_us=7927 d_paints=50 d_skips=0 d_ticks=2 window_ms=1138
[host] slot live62jawd_0: d_loop_us=1479 d_raster_us=189755 d_observe_us=46493 max_observe_us=5702 d_paints=50 d_skips=0 d_ticks=2 window_ms=1155
[script live62jawd_0] interact UseWidgetOn { component_id: 1178, kind: "held", target_name: Some("Rune chainbody"), x: 0, z: 0, level: 0, index: None }
[host] slot live62jawd_0: d_loop_us=1409 d_raster_us=188472 d_observe_us=46424 max_observe_us=5663 d_paints=50 d_skips=0 d_ticks=2 window_ms=1167
[host] slot live62jawd_0: d_loop_us=1395 d_raster_us=189441 d_observe_us=49629 max_observe_us=7543 d_paints=50 d_skips=0 d_ticks=2 window_ms=1161
[host] slot live62jawd_0: d_loop_us=1617 d_raster_us=183899 d_observe_us=46619 max_observe_us=6307 d_paints=50 d_skips=0 d_ticks=2 window_ms=1160
[script live62jawd_0] interact UseWidgetOn { component_id: 1178, kind: "held", target_name: Some("Rune chainbody"), x: 0, z: 0, level: 0, index: None }
[host] slot live62jawd_0: d_loop_us=1397 d_raster_us=197699 d_observe_us=50914 max_observe_us=7477 d_paints=50 d_skips=0 d_ticks=2 window_ms=1156
[host] slot live62jawd_0: d_loop_us=1442 d_raster_us=187531 d_observe_us=41000 max_observe_us=6018 d_paints=50 d_skips=0 d_ticks=2 window_ms=1168
[host] slot live62jawd_0: d_loop_us=1451 d_raster_us=183374 d_observe_us=45217 max_observe_us=5185 d_paints=50 d_skips=0 d_ticks=1 window_ms=1157
[script live62jawd_0] interact UseWidgetOn { component_id: 1178, kind: "held", target_name: Some("Rune chainbody"), x: 0, z: 0, level: 0, index: None }
[host] slot live62jawd_0: d_loop_us=1577 d_raster_us=203766 d_observe_us=52410 max_observe_us=7583 d_paints=50 d_skips=0 d_ticks=2 window_ms=1165
[host] slot live62jawd_0: d_loop_us=1454 d_raster_us=187067 d_observe_us=46193 max_observe_us=5464 d_paints=50 d_skips=0 d_ticks=2 window_ms=1156
[script live62jawd_0] interact UseWidgetOn { component_id: 1178, kind: "held", target_name: Some("Rune chainbody"), x: 0, z: 0, level: 0, index: None }
[host] slot live62jawd_0: d_loop_us=1496 d_raster_us=197367 d_observe_us=45084 max_observe_us=5354 d_paints=50 d_skips=0 d_ticks=2 window_ms=1159
[host] slot live62jawd_0: d_loop_us=1528 d_raster_us=184707 d_observe_us=51626 max_observe_us=7641 d_paints=50 d_skips=0 d_ticks=2 window_ms=1156
[host] slot live62jawd_0: d_loop_us=1355 d_raster_us=177505 d_observe_us=45893 max_observe_us=5457 d_paints=50 d_skips=0 d_ticks=2 window_ms=1158
[script live62jawd_0] interact UseWidgetOn { component_id: 1178, kind: "held", target_name: Some("Rune chainbody"), x: 0, z: 0, level: 0, index: None }
[host] slot live62jawd_0: d_loop_us=1417 d_raster_us=201765 d_observe_us=48690 max_observe_us=7098 d_paints=50 d_skips=0 d_ticks=2 window_ms=1155
[host] slot live62jawd_0: d_loop_us=1450 d_raster_us=185832 d_observe_us=45446 max_observe_us=5498 d_paints=50 d_skips=0 d_ticks=2 window_ms=1154
[script live62jawd_0] interact OpenBooth { x: 3186, z: 3440, level: 0, id: 2213, name: Some("Bank booth"), action: Some("Use-quickly") }
[host] slot live62jawd_0: d_loop_us=1334 d_raster_us=177967 d_observe_us=46028 max_observe_us=5816 d_paints=50 d_skips=0 d_ticks=2 window_ms=1165
[script live62jawd_0] interact Deposit { name: "Coins" }
[host] slot live62jawd_0: d_loop_us=1273 d_raster_us=217824 d_observe_us=49997 max_observe_us=8845 d_paints=50 d_skips=0 d_ticks=2 window_ms=1160
[script live62jawd_0] cleared 1 items from the pack
[script live62jawd_0] interact SetNoteMode { on: true }
[shim-note] on=true sent
[panel] live62jawd_0: script: cleared 1 items from the pack
[host] slot live62jawd_0: d_loop_us=1281 d_raster_us=233779 d_observe_us=45684 max_observe_us=7794 d_paints=50 d_skips=0 d_ticks=2 window_ms=1155
[script live62jawd_0] withdrew 3 Rune chainbody (noted, 30000gp each)
[panel] live62jawd_0: script: withdrew 3 Rune chainbody (noted, 30000gp each)
[host] slot live62jawd_0: d_loop_us=1245 d_raster_us=236957 d_observe_us=48210 max_observe_us=7347 d_paints=50 d_skips=0 d_ticks=2 window_ms=1147
[script live62jawd_0] withdrew 3 Nature runes
[script live62jawd_0] interact Close
[shim-close] sent
[host] slot live62jawd_0: d_loop_us=1216 d_raster_us=230062 d_observe_us=47760 max_observe_us=7332 d_paints=50 d_skips=0 d_ticks=2 window_ms=1149
[panel] live62jawd_0: script: withdrew 3 Nature runes
[script live62jawd_0] restocked: 3 Rune chainbody notes + 3 Nature runes
[panel] live62jawd_0: script: restocked: 3 Rune chainbody notes + 3 Nature runes
[host] slot live62jawd_0: d_loop_us=1432 d_raster_us=178825 d_observe_us=48181 max_observe_us=8194 d_paints=50 d_skips=0 d_ticks=2 window_ms=1173
[script live62jawd_0] interact UseWidgetOn { component_id: 1178, kind: "held", target_name: Some("Rune chainbody"), x: 0, z: 0, level: 0, index: None }
[host] slot live62jawd_0: d_loop_us=1212 d_raster_us=187193 d_observe_us=41714 max_observe_us=7223 d_paints=50 d_skips=0 d_ticks=1 window_ms=1158
[host] slot live62jawd_0: d_loop_us=1182 d_raster_us=167672 d_observe_us=41238 max_observe_us=5324 d_paints=50 d_skips=0 d_ticks=2 window_ms=1172
[script live62jawd_0] interact UseWidgetOn { component_id: 1178, kind: "held", target_name: Some("Rune chainbody"), x: 0, z: 0, level: 0, index: None }
[host] slot live62jawd_0: d_loop_us=1623 d_raster_us=219088 d_observe_us=45505 max_observe_us=6400 d_paints=50 d_skips=0 d_ticks=2 window_ms=1165
[host] slot live62jawd_0: d_loop_us=1476 d_raster_us=202274 d_observe_us=50074 max_observe_us=8208 d_paints=50 d_skips=0 d_ticks=2 window_ms=1161
[host] slot live62jawd_0: d_loop_us=1190 d_raster_us=163783 d_observe_us=38349 max_observe_us=6107 d_paints=50 d_skips=0 d_ticks=2 window_ms=1169
[script live62jawd_0] interact UseWidgetOn { component_id: 1178, kind: "held", target_name: Some("Rune chainbody"), x: 0, z: 0, level: 0, index: None }
[host] slot live62jawd_0: d_loop_us=975 d_raster_us=154582 d_observe_us=36984 max_observe_us=6248 d_paints=50 d_skips=0 d_ticks=2 window_ms=1176
[host] slot live62jawd_0: d_loop_us=949 d_raster_us=142139 d_observe_us=32611 max_observe_us=4195 d_paints=50 d_skips=0 d_ticks=2 window_ms=1177
[script live62jawd_0] interact OpenBooth { x: 3186, z: 3440, level: 0, id: 2213, name: Some("Bank booth"), action: Some("Use-quickly") }
[host] slot live62jawd_0: d_loop_us=948 d_raster_us=143030 d_observe_us=33374 max_observe_us=4145 d_paints=50 d_skips=0 d_ticks=2 window_ms=1169
[script live62jawd_0] interact Deposit { name: "Coins" }
[host] slot live62jawd_0: d_loop_us=1214 d_raster_us=208978 d_observe_us=44113 max_observe_us=7230 d_paints=50 d_skips=0 d_ticks=2 window_ms=1165
[script live62jawd_0] cleared 1 items from the pack
[script live62jawd_0] interact SetNoteMode { on: true }
[shim-note] on=true sent
[panel] live62jawd_0: script: cleared 1 items from the pack
[script live62jawd_0] the bank is out of Rune chainbody — moving on
[script live62jawd_0] the bank is out of every selected item — stopping
[script live62jawd_0] script requested stop on tick 201; isolate stopping
[panel] live62jawd_0: script: the bank is out of Rune chainbody — moving on
[panel] live62jawd_0: script: the bank is out of every selected item — stopping
[panel] live62jawd_0: script: script requested stop on tick 201; isolate stopping
[host] slot live62jawd_0: d_loop_us=1417 d_raster_us=242261 d_observe_us=43495 max_observe_us=6997 d_paints=50 d_skips=0 d_ticks=2 window_ms=1148
[host] slot live62jawd_0: d_loop_us=1656 d_raster_us=259020 d_observe_us=30740 max_observe_us=1112 d_paints=50 d_skips=0 d_ticks=2 window_ms=1150
[host] slot live62jawd_0: d_loop_us=1404 d_raster_us=247551 d_observe_us=29757 max_observe_us=1044 d_paints=50 d_skips=0 d_ticks=2 window_ms=1139
[host] slot live62jawd_0: d_loop_us=1600 d_raster_us=256051 d_observe_us=29988 max_observe_us=923 d_paints=50 d_skips=0 d_ticks=2 window_ms=1165
[host] slot live62jawd_0: d_loop_us=1535 d_raster_us=248934 d_observe_us=28605 max_observe_us=892 d_paints=50 d_skips=0 d_ticks=2 window_ms=1157
[host] slot live62jawd_0: d_loop_us=1641 d_raster_us=256864 d_observe_us=29431 max_observe_us=848 d_paints=50 d_skips=0 d_ticks=2 window_ms=1153
[host] slot live62jawd_0: d_loop_us=1594 d_raster_us=260550 d_observe_us=31008 max_observe_us=1208 d_paints=50 d_skips=0 d_ticks=2 window_ms=1152
[host] slot live62jawd_0: d_loop_us=1537 d_raster_us=247935 d_observe_us=29080 max_observe_us=1829 d_paints=50 d_skips=0 d_ticks=1 window_ms=1155
[host] slot live62jawd_0: d_loop_us=1627 d_raster_us=257639 d_observe_us=29232 max_observe_us=1161 d_paints=50 d_skips=0 d_ticks=2 window_ms=1155
[host] slot live62jawd_0: d_loop_us=1200 d_raster_us=231780 d_observe_us=28171 max_observe_us=952 d_paints=50 d_skips=0 d_ticks=2 window_ms=1147
[host] slot live62jawd_0: d_loop_us=1087 d_raster_us=215711 d_observe_us=28222 max_observe_us=902 d_paints=50 d_skips=0 d_ticks=2 window_ms=1144
[host] slot live62jawd_0: d_loop_us=1245 d_raster_us=227916 d_observe_us=28950 max_observe_us=1111 d_paints=50 d_skips=0 d_ticks=2 window_ms=1151
[host] slot live62jawd_0: d_loop_us=1294 d_raster_us=231027 d_observe_us=27788 max_observe_us=841 d_paints=50 d_skips=0 d_ticks=2 window_ms=1141
[host] slot live62jawd_0: d_loop_us=1193 d_raster_us=234257 d_observe_us=28633 max_observe_us=948 d_paints=50 d_skips=0 d_ticks=2 window_ms=1151
[host] slot live62jawd_0: d_loop_us=1245 d_raster_us=237141 d_observe_us=28991 max_observe_us=876 d_paints=50 d_skips=0 d_ticks=2 window_ms=1150
[host] slot live62jawd_0: d_loop_us=1438 d_raster_us=243726 d_observe_us=28666 max_observe_us=861 d_paints=50 d_skips=0 d_ticks=2 window_ms=1145
[host] slot live62jawd_0: d_loop_us=1142 d_raster_us=214029 d_observe_us=27171 max_observe_us=821 d_paints=50 d_skips=0 d_ticks=2 window_ms=1149
[host] slot live62jawd_0: d_loop_us=1281 d_raster_us=236210 d_observe_us=29078 max_observe_us=887 d_paints=50 d_skips=0 d_ticks=2 window_ms=1150
[host] slot live62jawd_0: d_loop_us=1459 d_raster_us=243900 d_observe_us=29878 max_observe_us=1054 d_paints=50 d_skips=0 d_ticks=2 window_ms=1156
[host] slot live62jawd_0: d_loop_us=1343 d_raster_us=234882 d_observe_us=29930 max_observe_us=977 d_paints=50 d_skips=0 d_ticks=1 window_ms=1149
[host] slot live62jawd_0: d_loop_us=1346 d_raster_us=233782 d_observe_us=29421 max_observe_us=1028 d_paints=50 d_skips=0 d_ticks=2 window_ms=1149
[host] slot live62jawd_0: d_loop_us=1373 d_raster_us=240085 d_observe_us=29015 max_observe_us=1022 d_paints=50 d_skips=0 d_ticks=2 window_ms=1150
[host] slot live62jawd_0: d_loop_us=1315 d_raster_us=242154 d_observe_us=30729 max_observe_us=1111 d_paints=50 d_skips=0 d_ticks=2 window_ms=1138
[host] slot live62jawd_0: d_loop_us=1444 d_raster_us=241255 d_observe_us=31528 max_observe_us=1112 d_paints=50 d_skips=0 d_ticks=2 window_ms=1152
[host] slot live62jawd_0: d_loop_us=1171 d_raster_us=216137 d_observe_us=28782 max_observe_us=756 d_paints=50 d_skips=0 d_ticks=2 window_ms=1149
[host] slot live62jawd_0: d_loop_us=1354 d_raster_us=230818 d_observe_us=29119 max_observe_us=2748 d_paints=50 d_skips=0 d_ticks=2 window_ms=1151
[host] slot live62jawd_0: d_loop_us=1261 d_raster_us=238478 d_observe_us=29302 max_observe_us=935 d_paints=50 d_skips=0 d_ticks=2 window_ms=1151
[host] slot live62jawd_0: d_loop_us=1245 d_raster_us=236312 d_observe_us=29006 max_observe_us=941 d_paints=50 d_skips=0 d_ticks=2 window_ms=1158
[host] slot live62jawd_0: d_loop_us=1296 d_raster_us=238316 d_observe_us=28384 max_observe_us=1075 d_paints=50 d_skips=0 d_ticks=2 window_ms=1144
[host] slot live62jawd_0: d_loop_us=919 d_raster_us=193239 d_observe_us=24144 max_observe_us=759 d_paints=50 d_skips=0 d_ticks=2 window_ms=1155
[host] slot live62jawd_0: d_loop_us=1184 d_raster_us=219401 d_observe_us=26637 max_observe_us=1066 d_paints=50 d_skips=0 d_ticks=2 window_ms=1162
[host] slot live62jawd_0: d_loop_us=1347 d_raster_us=239174 d_observe_us=28991 max_observe_us=1103 d_paints=50 d_skips=0 d_ticks=1 window_ms=1150
[host] slot live62jawd_0: d_loop_us=1200 d_raster_us=225250 d_observe_us=28132 max_observe_us=992 d_paints=50 d_skips=0 d_ticks=2 window_ms=1157
[host] slot live62jawd_0: d_loop_us=1365 d_raster_us=237314 d_observe_us=27694 max_observe_us=984 d_paints=50 d_skips=0 d_ticks=2 window_ms=1158
[host] slot live62jawd_0: d_loop_us=1512 d_raster_us=247850 d_observe_us=28880 max_observe_us=1103 d_paints=50 d_skips=0 d_ticks=2 window_ms=1146
[host] slot live62jawd_0: d_loop_us=1532 d_raster_us=249577 d_observe_us=29276 max_observe_us=1081 d_paints=50 d_skips=0 d_ticks=2 window_ms=1143
[host] slot live62jawd_0: d_loop_us=1304 d_raster_us=232862 d_observe_us=31214 max_observe_us=3065 d_paints=50 d_skips=0 d_ticks=2 window_ms=1153
[host] slot live62jawd_0: d_loop_us=1284 d_raster_us=243620 d_observe_us=26845 max_observe_us=864 d_paints=50 d_skips=0 d_ticks=2 window_ms=1157
[host] slot live62jawd_0: d_loop_us=1617 d_raster_us=255526 d_observe_us=30339 max_observe_us=1031 d_paints=50 d_skips=0 d_ticks=2 window_ms=1142
[host] slot live62jawd_0: d_loop_us=1380 d_raster_us=245511 d_observe_us=29002 max_observe_us=1023 d_paints=50 d_skips=0 d_ticks=2 window_ms=1150
[host] slot live62jawd_0: d_loop_us=1340 d_raster_us=228967 d_observe_us=29151 max_observe_us=1050 d_paints=50 d_skips=0 d_ticks=2 window_ms=1169
[host] slot live62jawd_0: d_loop_us=1293 d_raster_us=237569 d_observe_us=24668 max_observe_us=869 d_paints=50 d_skips=0 d_ticks=2 window_ms=1154
[host] slot live62jawd_0: d_loop_us=1415 d_raster_us=257868 d_observe_us=23903 max_observe_us=1110 d_paints=50 d_skips=0 d_ticks=2 window_ms=1151
[host] slot live62jawd_0: d_loop_us=1396 d_raster_us=251923 d_observe_us=24717 max_observe_us=994 d_paints=50 d_skips=0 d_ticks=2 window_ms=1154
[host] slot live62jawd_0: d_loop_us=1261 d_raster_us=236643 d_observe_us=25405 max_observe_us=1156 d_paints=50 d_skips=0 d_ticks=1 window_ms=1149
[host] slot live62jawd_0: d_loop_us=1414 d_raster_us=249007 d_observe_us=30996 max_observe_us=1052 d_paints=50 d_skips=0 d_ticks=2 window_ms=1154
[host] slot live62jawd_0: d_loop_us=842 d_raster_us=228118 d_observe_us=25089 max_observe_us=1201 d_paints=50 d_skips=0 d_ticks=2 window_ms=1166
[host] slot live62jawd_0: d_loop_us=1418 d_raster_us=262145 d_observe_us=24305 max_observe_us=891 d_paints=50 d_skips=0 d_ticks=2 window_ms=1150
[host] slot live62jawd_0: d_loop_us=1363 d_raster_us=251159 d_observe_us=25101 max_observe_us=1225 d_paints=50 d_skips=0 d_ticks=2 window_ms=1154
[host] slot live62jawd_0: d_loop_us=1437 d_raster_us=252862 d_observe_us=26969 max_observe_us=974 d_paints=50 d_skips=0 d_ticks=2 window_ms=1148
